Copyright 1986-2022 Xilinx, Inc. All Rights Reserved. Copyright 2022-2025 Advanced Micro Devices, Inc. All Rights Reserved.
--------------------------------------------------------------------------------------------------------------------------------------------------------------------------------------------------------------------
| Tool Version : Vivado v.2025.1 (lin64) Build 6140274 Wed May 21 22:58:25 MDT 2025
| Date         : Sat Mar 14 17:34:52 2026
| Host         : gondor running 64-bit Ubuntu 24.04.3 LTS
| Command      : report_methodology -file prometheus_pynq_z1_wrapper_methodology_drc_routed.rpt -pb prometheus_pynq_z1_wrapper_methodology_drc_routed.pb -rpx prometheus_pynq_z1_wrapper_methodology_drc_routed.rpx
| Design       : prometheus_pynq_z1_wrapper
| Device       : xc7z020clg400-1
| Speed File   : -1
| Design State : Fully Routed
--------------------------------------------------------------------------------------------------------------------------------------------------------------------------------------------------------------------

Report Methodology

Table of Contents
-----------------
1. REPORT SUMMARY
2. REPORT DETAILS

1. REPORT SUMMARY
-----------------
            Netlist: netlist
          Floorplan: design_1
      Design limits: <entire design considered>
             Max checks: <unlimited>
             Checks found: 1
+----------+----------+---------------------------------------------+--------+
| Rule     | Severity | Description                                 | Checks |
+----------+----------+---------------------------------------------+--------+
| ULMTCS-1 | Warning  | Control Sets use limits recommend reduction | 1      |
+----------+----------+---------------------------------------------+--------+

2. REPORT DETAILS
-----------------
ULMTCS-1#1 Warning
Control Sets use limits recommend reduction  
This design uses 1552 control sets (vs. available limit of 13300, determined by 1 control set per CLB). This exceeds the control set use guideline of 7.5 percent. This is at a level where reduction is RECOMMENDED (see UG949). Use report_control_sets to get more details.
Related violations: <none>


