Copyright 1986-2022 Xilinx, Inc. All Rights Reserved. Copyright 2022-2025 Advanced Micro Devices, Inc. All Rights Reserved.
---------------------------------------------------------------------------------------------------------------------------------------------------------------------
| Tool Version : Vivado v.2025.1 (lin64) Build 6140274 Wed May 21 22:58:25 MDT 2025
| Date         : Sat Mar 14 17:32:53 2026
| Host         : gondor running 64-bit Ubuntu 24.04.3 LTS
| Command      : report_drc -file prometheus_pynq_z1_wrapper_drc_opted.rpt -pb prometheus_pynq_z1_wrapper_drc_opted.pb -rpx prometheus_pynq_z1_wrapper_drc_opted.rpx
| Design       : prometheus_pynq_z1_wrapper
| Device       : xc7z020clg400-1
| Speed File   : -1
| Design State : Synthesized
---------------------------------------------------------------------------------------------------------------------------------------------------------------------

Report DRC

Table of Contents
-----------------
1. REPORT SUMMARY
2. REPORT DETAILS

1. REPORT SUMMARY
-----------------
            Netlist: netlist
          Floorplan: design_1
      Design limits: <entire design considered>
           Ruledeck: default
             Max checks: <unlimited>
             Checks found: 56
+--------+----------+------------------------+--------+
| Rule   | Severity | Description            | Checks |
+--------+----------+------------------------+--------+
| DPIP-1 | Warning  | Input pipelining       | 11     |
| DPOP-1 | Warning  | PREG Output pipelining | 13     |
| DPOP-2 | Warning  | MREG Output pipelining | 32     |
+--------+----------+------------------------+--------+

2. REPORT DETAILS
-----------------
DPIP-1#1 Warning
Input pipelining  
DSP prometheus_pynq_z1_i/prometheus_soc_0/inst/u_prometheus_soc/grp_prometheus_soc_Pipeline_PROGRAM_LOOP_fu_62/grp_generate_exp_buffer_fu_3181/emit_exp_stream_U0/grp_emit_exp_stream_Pipeline_exp_emit_loop_fu_2106/mul_12ns_18s_30_1_1_U531/tmp_product input prometheus_pynq_z1_i/prometheus_soc_0/inst/u_prometheus_soc/grp_prometheus_soc_Pipeline_PROGRAM_LOOP_fu_62/grp_generate_exp_buffer_fu_3181/emit_exp_stream_U0/grp_emit_exp_stream_Pipeline_exp_emit_loop_fu_2106/mul_12ns_18s_30_1_1_U531/tmp_product/A[29:0] is not pipelined. Pipelining DSP48 input will improve performance.
Related violations: <none>

DPIP-1#2 Warning
Input pipelining  
DSP prometheus_pynq_z1_i/prometheus_soc_0/inst/u_prometheus_soc/grp_prometheus_soc_Pipeline_PROGRAM_LOOP_fu_62/grp_generate_exp_buffer_fu_3181/emit_exp_stream_U0/grp_emit_exp_stream_Pipeline_exp_emit_loop_fu_2106/mul_12ns_18s_30_1_1_U533/tmp_product input prometheus_pynq_z1_i/prometheus_soc_0/inst/u_prometheus_soc/grp_prometheus_soc_Pipeline_PROGRAM_LOOP_fu_62/grp_generate_exp_buffer_fu_3181/emit_exp_stream_U0/grp_emit_exp_stream_Pipeline_exp_emit_loop_fu_2106/mul_12ns_18s_30_1_1_U533/tmp_product/A[29:0] is not pipelined. Pipelining DSP48 input will improve performance.
Related violations: <none>

DPIP-1#3 Warning
Input pipelining  
DSP prometheus_pynq_z1_i/prometheus_soc_0/inst/u_prometheus_soc/grp_prometheus_soc_Pipeline_PROGRAM_LOOP_fu_62/grp_generate_exp_buffer_fu_3181/emit_exp_stream_U0/grp_emit_exp_stream_Pipeline_exp_emit_loop_fu_2106/mul_12ns_18s_30_1_1_U535/tmp_product input prometheus_pynq_z1_i/prometheus_soc_0/inst/u_prometheus_soc/grp_prometheus_soc_Pipeline_PROGRAM_LOOP_fu_62/grp_generate_exp_buffer_fu_3181/emit_exp_stream_U0/grp_emit_exp_stream_Pipeline_exp_emit_loop_fu_2106/mul_12ns_18s_30_1_1_U535/tmp_product/A[29:0] is not pipelined. Pipelining DSP48 input will improve performance.
Related violations: <none>

DPIP-1#4 Warning
Input pipelining  
DSP prometheus_pynq_z1_i/prometheus_soc_0/inst/u_prometheus_soc/grp_prometheus_soc_Pipeline_PROGRAM_LOOP_fu_62/grp_generate_exp_buffer_fu_3181/emit_exp_stream_U0/grp_emit_exp_stream_Pipeline_exp_emit_loop_fu_2106/mul_12ns_18s_30_1_1_U537/tmp_product input prometheus_pynq_z1_i/prometheus_soc_0/inst/u_prometheus_soc/grp_prometheus_soc_Pipeline_PROGRAM_LOOP_fu_62/grp_generate_exp_buffer_fu_3181/emit_exp_stream_U0/grp_emit_exp_stream_Pipeline_exp_emit_loop_fu_2106/mul_12ns_18s_30_1_1_U537/tmp_product/A[29:0] is not pipelined. Pipelining DSP48 input will improve performance.
Related violations: <none>

DPIP-1#5 Warning
Input pipelining  
DSP prometheus_pynq_z1_i/prometheus_soc_0/inst/u_prometheus_soc/grp_prometheus_soc_Pipeline_PROGRAM_LOOP_fu_62/mul_31s_16ns_47_1_1_U2898/tmp_product input prometheus_pynq_z1_i/prometheus_soc_0/inst/u_prometheus_soc/grp_prometheus_soc_Pipeline_PROGRAM_LOOP_fu_62/mul_31s_16ns_47_1_1_U2898/tmp_product/B[17:0] is not pipelined. Pipelining DSP48 input will improve performance.
Related violations: <none>

DPIP-1#6 Warning
Input pipelining  
DSP prometheus_pynq_z1_i/prometheus_soc_0/inst/u_prometheus_soc/grp_prometheus_soc_Pipeline_PROGRAM_LOOP_fu_62/mul_31s_16ns_47_1_1_U2898/tmp_product__0 input prometheus_pynq_z1_i/prometheus_soc_0/inst/u_prometheus_soc/grp_prometheus_soc_Pipeline_PROGRAM_LOOP_fu_62/mul_31s_16ns_47_1_1_U2898/tmp_product__0/A[29:0] is not pipelined. Pipelining DSP48 input will improve performance.
Related violations: <none>

DPIP-1#7 Warning
Input pipelining  
DSP prometheus_pynq_z1_i/prometheus_soc_0/inst/u_prometheus_soc/grp_prometheus_soc_Pipeline_PROGRAM_LOOP_fu_62/mul_31s_16ns_47_1_1_U2898/tmp_product__0 input prometheus_pynq_z1_i/prometheus_soc_0/inst/u_prometheus_soc/grp_prometheus_soc_Pipeline_PROGRAM_LOOP_fu_62/mul_31s_16ns_47_1_1_U2898/tmp_product__0/B[17:0] is not pipelined. Pipelining DSP48 input will improve performance.
Related violations: <none>

DPIP-1#8 Warning
Input pipelining  
DSP prometheus_pynq_z1_i/prometheus_soc_0/inst/u_prometheus_soc/grp_prometheus_soc_Pipeline_PROGRAM_LOOP_fu_62/res_38_reg_9503_reg input prometheus_pynq_z1_i/prometheus_soc_0/inst/u_prometheus_soc/grp_prometheus_soc_Pipeline_PROGRAM_LOOP_fu_62/res_38_reg_9503_reg/C[47:0] is not pipelined. Pipelining DSP48 input will improve performance.
Related violations: <none>

DPIP-1#9 Warning
Input pipelining  
DSP prometheus_pynq_z1_i/prometheus_soc_0/inst/u_prometheus_soc/grp_prometheus_soc_Pipeline_PROGRAM_LOOP_fu_62/res_38_reg_9503_reg__0 input prometheus_pynq_z1_i/prometheus_soc_0/inst/u_prometheus_soc/grp_prometheus_soc_Pipeline_PROGRAM_LOOP_fu_62/res_38_reg_9503_reg__0/C[47:0] is not pipelined. Pipelining DSP48 input will improve performance.
Related violations: <none>

DPIP-1#10 Warning
Input pipelining  
DSP prometheus_pynq_z1_i/prometheus_soc_0/inst/u_prometheus_soc/grp_prometheus_soc_Pipeline_PROGRAM_LOOP_fu_62/res_39_reg_9498_reg input prometheus_pynq_z1_i/prometheus_soc_0/inst/u_prometheus_soc/grp_prometheus_soc_Pipeline_PROGRAM_LOOP_fu_62/res_39_reg_9498_reg/C[47:0] is not pipelined. Pipelining DSP48 input will improve performance.
Related violations: <none>

DPIP-1#11 Warning
Input pipelining  
DSP prometheus_pynq_z1_i/prometheus_soc_0/inst/u_prometheus_soc/grp_prometheus_soc_Pipeline_PROGRAM_LOOP_fu_62/res_39_reg_9498_reg__0 input prometheus_pynq_z1_i/prometheus_soc_0/inst/u_prometheus_soc/grp_prometheus_soc_Pipeline_PROGRAM_LOOP_fu_62/res_39_reg_9498_reg__0/C[47:0] is not pipelined. Pipelining DSP48 input will improve performance.
Related violations: <none>

DPOP-1#1 Warning
PREG Output pipelining  
DSP prometheus_pynq_z1_i/prometheus_soc_0/inst/u_prometheus_soc/grp_prometheus_soc_Pipeline_PROGRAM_LOOP_fu_62/grp_normalize_and_store_fu_3700/emit_prob_stream_U0/grp_emit_prob_stream_Pipeline_prob_emit_loop_fu_2106/mul_32ns_31ns_62_1_1_U2101/tmp_product output prometheus_pynq_z1_i/prometheus_soc_0/inst/u_prometheus_soc/grp_prometheus_soc_Pipeline_PROGRAM_LOOP_fu_62/grp_normalize_and_store_fu_3700/emit_prob_stream_U0/grp_emit_prob_stream_Pipeline_prob_emit_loop_fu_2106/mul_32ns_31ns_62_1_1_U2101/tmp_product/P[47:0] is not pipelined (PREG=0). Pipelining the DSP48 output will improve performance and often saves power so it is suggested whenever possible to fully pipeline this function.  If this DSP48 function was inferred, it is suggested to describe an additional register stage after this function.  If the DSP48 was instantiated in the design, it is suggested to set the PREG attribute to 1.
Related violations: <none>

DPOP-1#2 Warning
PREG Output pipelining  
DSP prometheus_pynq_z1_i/prometheus_soc_0/inst/u_prometheus_soc/grp_prometheus_soc_Pipeline_PROGRAM_LOOP_fu_62/grp_normalize_and_store_fu_3700/emit_prob_stream_U0/grp_emit_prob_stream_Pipeline_prob_emit_loop_fu_2106/mul_32ns_31ns_62_1_1_U2101/tmp_product__0 output prometheus_pynq_z1_i/prometheus_soc_0/inst/u_prometheus_soc/grp_prometheus_soc_Pipeline_PROGRAM_LOOP_fu_62/grp_normalize_and_store_fu_3700/emit_prob_stream_U0/grp_emit_prob_stream_Pipeline_prob_emit_loop_fu_2106/mul_32ns_31ns_62_1_1_U2101/tmp_product__0/P[47:0] is not pipelined (PREG=0). Pipelining the DSP48 output will improve performance and often saves power so it is suggested whenever possible to fully pipeline this function.  If this DSP48 function was inferred, it is suggested to describe an additional register stage after this function.  If the DSP48 was instantiated in the design, it is suggested to set the PREG attribute to 1.
Related violations: <none>

DPOP-1#3 Warning
PREG Output pipelining  
DSP prometheus_pynq_z1_i/prometheus_soc_0/inst/u_prometheus_soc/grp_prometheus_soc_Pipeline_PROGRAM_LOOP_fu_62/grp_normalize_and_store_fu_3700/emit_prob_stream_U0/grp_emit_prob_stream_Pipeline_prob_emit_loop_fu_2106/mul_32ns_31ns_62_1_1_U2102/tmp_product output prometheus_pynq_z1_i/prometheus_soc_0/inst/u_prometheus_soc/grp_prometheus_soc_Pipeline_PROGRAM_LOOP_fu_62/grp_normalize_and_store_fu_3700/emit_prob_stream_U0/grp_emit_prob_stream_Pipeline_prob_emit_loop_fu_2106/mul_32ns_31ns_62_1_1_U2102/tmp_product/P[47:0] is not pipelined (PREG=0). Pipelining the DSP48 output will improve performance and often saves power so it is suggested whenever possible to fully pipeline this function.  If this DSP48 function was inferred, it is suggested to describe an additional register stage after this function.  If the DSP48 was instantiated in the design, it is suggested to set the PREG attribute to 1.
Related violations: <none>

DPOP-1#4 Warning
PREG Output pipelining  
DSP prometheus_pynq_z1_i/prometheus_soc_0/inst/u_prometheus_soc/grp_prometheus_soc_Pipeline_PROGRAM_LOOP_fu_62/grp_normalize_and_store_fu_3700/emit_prob_stream_U0/grp_emit_prob_stream_Pipeline_prob_emit_loop_fu_2106/mul_32ns_31ns_62_1_1_U2102/tmp_product__0 output prometheus_pynq_z1_i/prometheus_soc_0/inst/u_prometheus_soc/grp_prometheus_soc_Pipeline_PROGRAM_LOOP_fu_62/grp_normalize_and_store_fu_3700/emit_prob_stream_U0/grp_emit_prob_stream_Pipeline_prob_emit_loop_fu_2106/mul_32ns_31ns_62_1_1_U2102/tmp_product__0/P[47:0] is not pipelined (PREG=0). Pipelining the DSP48 output will improve performance and often saves power so it is suggested whenever possible to fully pipeline this function.  If this DSP48 function was inferred, it is suggested to describe an additional register stage after this function.  If the DSP48 was instantiated in the design, it is suggested to set the PREG attribute to 1.
Related violations: <none>

DPOP-1#5 Warning
PREG Output pipelining  
DSP prometheus_pynq_z1_i/prometheus_soc_0/inst/u_prometheus_soc/grp_prometheus_soc_Pipeline_PROGRAM_LOOP_fu_62/grp_normalize_and_store_fu_3700/emit_prob_stream_U0/grp_emit_prob_stream_Pipeline_prob_emit_loop_fu_2106/mul_32ns_31ns_62_1_1_U2103/tmp_product output prometheus_pynq_z1_i/prometheus_soc_0/inst/u_prometheus_soc/grp_prometheus_soc_Pipeline_PROGRAM_LOOP_fu_62/grp_normalize_and_store_fu_3700/emit_prob_stream_U0/grp_emit_prob_stream_Pipeline_prob_emit_loop_fu_2106/mul_32ns_31ns_62_1_1_U2103/tmp_product/P[47:0] is not pipelined (PREG=0). Pipelining the DSP48 output will improve performance and often saves power so it is suggested whenever possible to fully pipeline this function.  If this DSP48 function was inferred, it is suggested to describe an additional register stage after this function.  If the DSP48 was instantiated in the design, it is suggested to set the PREG attribute to 1.
Related violations: <none>

DPOP-1#6 Warning
PREG Output pipelining  
DSP prometheus_pynq_z1_i/prometheus_soc_0/inst/u_prometheus_soc/grp_prometheus_soc_Pipeline_PROGRAM_LOOP_fu_62/grp_normalize_and_store_fu_3700/emit_prob_stream_U0/grp_emit_prob_stream_Pipeline_prob_emit_loop_fu_2106/mul_32ns_31ns_62_1_1_U2103/tmp_product__0 output prometheus_pynq_z1_i/prometheus_soc_0/inst/u_prometheus_soc/grp_prometheus_soc_Pipeline_PROGRAM_LOOP_fu_62/grp_normalize_and_store_fu_3700/emit_prob_stream_U0/grp_emit_prob_stream_Pipeline_prob_emit_loop_fu_2106/mul_32ns_31ns_62_1_1_U2103/tmp_product__0/P[47:0] is not pipelined (PREG=0). Pipelining the DSP48 output will improve performance and often saves power so it is suggested whenever possible to fully pipeline this function.  If this DSP48 function was inferred, it is suggested to describe an additional register stage after this function.  If the DSP48 was instantiated in the design, it is suggested to set the PREG attribute to 1.
Related violations: <none>

DPOP-1#7 Warning
PREG Output pipelining  
DSP prometheus_pynq_z1_i/prometheus_soc_0/inst/u_prometheus_soc/grp_prometheus_soc_Pipeline_PROGRAM_LOOP_fu_62/grp_normalize_and_store_fu_3700/emit_prob_stream_U0/grp_emit_prob_stream_Pipeline_prob_emit_loop_fu_2106/mul_32ns_31ns_62_1_1_U2104/tmp_product output prometheus_pynq_z1_i/prometheus_soc_0/inst/u_prometheus_soc/grp_prometheus_soc_Pipeline_PROGRAM_LOOP_fu_62/grp_normalize_and_store_fu_3700/emit_prob_stream_U0/grp_emit_prob_stream_Pipeline_prob_emit_loop_fu_2106/mul_32ns_31ns_62_1_1_U2104/tmp_product/P[47:0] is not pipelined (PREG=0). Pipelining the DSP48 output will improve performance and often saves power so it is suggested whenever possible to fully pipeline this function.  If this DSP48 function was inferred, it is suggested to describe an additional register stage after this function.  If the DSP48 was instantiated in the design, it is suggested to set the PREG attribute to 1.
Related violations: <none>

DPOP-1#8 Warning
PREG Output pipelining  
DSP prometheus_pynq_z1_i/prometheus_soc_0/inst/u_prometheus_soc/grp_prometheus_soc_Pipeline_PROGRAM_LOOP_fu_62/grp_normalize_and_store_fu_3700/emit_prob_stream_U0/grp_emit_prob_stream_Pipeline_prob_emit_loop_fu_2106/mul_32ns_31ns_62_1_1_U2104/tmp_product__0 output prometheus_pynq_z1_i/prometheus_soc_0/inst/u_prometheus_soc/grp_prometheus_soc_Pipeline_PROGRAM_LOOP_fu_62/grp_normalize_and_store_fu_3700/emit_prob_stream_U0/grp_emit_prob_stream_Pipeline_prob_emit_loop_fu_2106/mul_32ns_31ns_62_1_1_U2104/tmp_product__0/P[47:0] is not pipelined (PREG=0). Pipelining the DSP48 output will improve performance and often saves power so it is suggested whenever possible to fully pipeline this function.  If this DSP48 function was inferred, it is suggested to describe an additional register stage after this function.  If the DSP48 was instantiated in the design, it is suggested to set the PREG attribute to 1.
Related violations: <none>

DPOP-1#9 Warning
PREG Output pipelining  
DSP prometheus_pynq_z1_i/prometheus_soc_0/inst/u_prometheus_soc/grp_prometheus_soc_Pipeline_PROGRAM_LOOP_fu_62/mul_31s_16ns_47_1_1_U2898/tmp_product output prometheus_pynq_z1_i/prometheus_soc_0/inst/u_prometheus_soc/grp_prometheus_soc_Pipeline_PROGRAM_LOOP_fu_62/mul_31s_16ns_47_1_1_U2898/tmp_product/P[47:0] is not pipelined (PREG=0). Pipelining the DSP48 output will improve performance and often saves power so it is suggested whenever possible to fully pipeline this function.  If this DSP48 function was inferred, it is suggested to describe an additional register stage after this function.  If the DSP48 was instantiated in the design, it is suggested to set the PREG attribute to 1.
Related violations: <none>

DPOP-1#10 Warning
PREG Output pipelining  
DSP prometheus_pynq_z1_i/prometheus_soc_0/inst/u_prometheus_soc/grp_prometheus_soc_Pipeline_PROGRAM_LOOP_fu_62/mul_32ns_32ns_64_1_1_U2899/tmp_product output prometheus_pynq_z1_i/prometheus_soc_0/inst/u_prometheus_soc/grp_prometheus_soc_Pipeline_PROGRAM_LOOP_fu_62/mul_32ns_32ns_64_1_1_U2899/tmp_product/P[47:0] is not pipelined (PREG=0). Pipelining the DSP48 output will improve performance and often saves power so it is suggested whenever possible to fully pipeline this function.  If this DSP48 function was inferred, it is suggested to describe an additional register stage after this function.  If the DSP48 was instantiated in the design, it is suggested to set the PREG attribute to 1.
Related violations: <none>

DPOP-1#11 Warning
PREG Output pipelining  
DSP prometheus_pynq_z1_i/prometheus_soc_0/inst/u_prometheus_soc/grp_prometheus_soc_Pipeline_PROGRAM_LOOP_fu_62/mul_32ns_32ns_64_1_1_U2899/tmp_product__0 output prometheus_pynq_z1_i/prometheus_soc_0/inst/u_prometheus_soc/grp_prometheus_soc_Pipeline_PROGRAM_LOOP_fu_62/mul_32ns_32ns_64_1_1_U2899/tmp_product__0/P[47:0] is not pipelined (PREG=0). Pipelining the DSP48 output will improve performance and often saves power so it is suggested whenever possible to fully pipeline this function.  If this DSP48 function was inferred, it is suggested to describe an additional register stage after this function.  If the DSP48 was instantiated in the design, it is suggested to set the PREG attribute to 1.
Related violations: <none>

DPOP-1#12 Warning
PREG Output pipelining  
DSP prometheus_pynq_z1_i/prometheus_soc_0/inst/u_prometheus_soc/grp_prometheus_soc_Pipeline_PROGRAM_LOOP_fu_62/mul_32s_32s_64_1_1_U2901/tmp_product output prometheus_pynq_z1_i/prometheus_soc_0/inst/u_prometheus_soc/grp_prometheus_soc_Pipeline_PROGRAM_LOOP_fu_62/mul_32s_32s_64_1_1_U2901/tmp_product/P[47:0] is not pipelined (PREG=0). Pipelining the DSP48 output will improve performance and often saves power so it is suggested whenever possible to fully pipeline this function.  If this DSP48 function was inferred, it is suggested to describe an additional register stage after this function.  If the DSP48 was instantiated in the design, it is suggested to set the PREG attribute to 1.
Related violations: <none>

DPOP-1#13 Warning
PREG Output pipelining  
DSP prometheus_pynq_z1_i/prometheus_soc_0/inst/u_prometheus_soc/grp_prometheus_soc_Pipeline_PROGRAM_LOOP_fu_62/mul_32s_32s_64_1_1_U2901/tmp_product__0 output prometheus_pynq_z1_i/prometheus_soc_0/inst/u_prometheus_soc/grp_prometheus_soc_Pipeline_PROGRAM_LOOP_fu_62/mul_32s_32s_64_1_1_U2901/tmp_product__0/P[47:0] is not pipelined (PREG=0). Pipelining the DSP48 output will improve performance and often saves power so it is suggested whenever possible to fully pipeline this function.  If this DSP48 function was inferred, it is suggested to describe an additional register stage after this function.  If the DSP48 was instantiated in the design, it is suggested to set the PREG attribute to 1.
Related violations: <none>

DPOP-2#1 Warning
MREG Output pipelining  
DSP prometheus_pynq_z1_i/prometheus_soc_0/inst/u_prometheus_soc/grp_prometheus_soc_Pipeline_PROGRAM_LOOP_fu_62/grp_generate_exp_buffer_fu_3181/emit_exp_stream_U0/grp_emit_exp_stream_Pipeline_exp_emit_loop_fu_2106/mul_12ns_18s_30_1_1_U531/tmp_product multiplier stage prometheus_pynq_z1_i/prometheus_soc_0/inst/u_prometheus_soc/grp_prometheus_soc_Pipeline_PROGRAM_LOOP_fu_62/grp_generate_exp_buffer_fu_3181/emit_exp_stream_U0/grp_emit_exp_stream_Pipeline_exp_emit_loop_fu_2106/mul_12ns_18s_30_1_1_U531/tmp_product/P[47:0] is not pipelined (MREG=0). Pipelining the multiplier function will improve performance and will save significant power so it is suggested whenever possible to fully pipeline this function.  If this multiplier was inferred, it is suggested to describe an additional register stage after this function.  If there is no registered adder/accumulator following the multiply function, two pipeline stages are suggested to allow both the MREG and PREG registers to be used.  If the DSP48 was instantiated in the design, it is suggested to set both the MREG and PREG attributes to 1 when performing multiply functions.
Related violations: <none>

DPOP-2#2 Warning
MREG Output pipelining  
DSP prometheus_pynq_z1_i/prometheus_soc_0/inst/u_prometheus_soc/grp_prometheus_soc_Pipeline_PROGRAM_LOOP_fu_62/grp_generate_exp_buffer_fu_3181/emit_exp_stream_U0/grp_emit_exp_stream_Pipeline_exp_emit_loop_fu_2106/mul_12ns_18s_30_1_1_U533/tmp_product multiplier stage prometheus_pynq_z1_i/prometheus_soc_0/inst/u_prometheus_soc/grp_prometheus_soc_Pipeline_PROGRAM_LOOP_fu_62/grp_generate_exp_buffer_fu_3181/emit_exp_stream_U0/grp_emit_exp_stream_Pipeline_exp_emit_loop_fu_2106/mul_12ns_18s_30_1_1_U533/tmp_product/P[47:0] is not pipelined (MREG=0). Pipelining the multiplier function will improve performance and will save significant power so it is suggested whenever possible to fully pipeline this function.  If this multiplier was inferred, it is suggested to describe an additional register stage after this function.  If there is no registered adder/accumulator following the multiply function, two pipeline stages are suggested to allow both the MREG and PREG registers to be used.  If the DSP48 was instantiated in the design, it is suggested to set both the MREG and PREG attributes to 1 when performing multiply functions.
Related violations: <none>

DPOP-2#3 Warning
MREG Output pipelining  
DSP prometheus_pynq_z1_i/prometheus_soc_0/inst/u_prometheus_soc/grp_prometheus_soc_Pipeline_PROGRAM_LOOP_fu_62/grp_generate_exp_buffer_fu_3181/emit_exp_stream_U0/grp_emit_exp_stream_Pipeline_exp_emit_loop_fu_2106/mul_12ns_18s_30_1_1_U535/tmp_product multiplier stage prometheus_pynq_z1_i/prometheus_soc_0/inst/u_prometheus_soc/grp_prometheus_soc_Pipeline_PROGRAM_LOOP_fu_62/grp_generate_exp_buffer_fu_3181/emit_exp_stream_U0/grp_emit_exp_stream_Pipeline_exp_emit_loop_fu_2106/mul_12ns_18s_30_1_1_U535/tmp_product/P[47:0] is not pipelined (MREG=0). Pipelining the multiplier function will improve performance and will save significant power so it is suggested whenever possible to fully pipeline this function.  If this multiplier was inferred, it is suggested to describe an additional register stage after this function.  If there is no registered adder/accumulator following the multiply function, two pipeline stages are suggested to allow both the MREG and PREG registers to be used.  If the DSP48 was instantiated in the design, it is suggested to set both the MREG and PREG attributes to 1 when performing multiply functions.
Related violations: <none>

DPOP-2#4 Warning
MREG Output pipelining  
DSP prometheus_pynq_z1_i/prometheus_soc_0/inst/u_prometheus_soc/grp_prometheus_soc_Pipeline_PROGRAM_LOOP_fu_62/grp_generate_exp_buffer_fu_3181/emit_exp_stream_U0/grp_emit_exp_stream_Pipeline_exp_emit_loop_fu_2106/mul_12ns_18s_30_1_1_U537/tmp_product multiplier stage prometheus_pynq_z1_i/prometheus_soc_0/inst/u_prometheus_soc/grp_prometheus_soc_Pipeline_PROGRAM_LOOP_fu_62/grp_generate_exp_buffer_fu_3181/emit_exp_stream_U0/grp_emit_exp_stream_Pipeline_exp_emit_loop_fu_2106/mul_12ns_18s_30_1_1_U537/tmp_product/P[47:0] is not pipelined (MREG=0). Pipelining the multiplier function will improve performance and will save significant power so it is suggested whenever possible to fully pipeline this function.  If this multiplier was inferred, it is suggested to describe an additional register stage after this function.  If there is no registered adder/accumulator following the multiply function, two pipeline stages are suggested to allow both the MREG and PREG registers to be used.  If the DSP48 was instantiated in the design, it is suggested to set both the MREG and PREG attributes to 1 when performing multiply functions.
Related violations: <none>

DPOP-2#5 Warning
MREG Output pipelining  
DSP prometheus_pynq_z1_i/prometheus_soc_0/inst/u_prometheus_soc/grp_prometheus_soc_Pipeline_PROGRAM_LOOP_fu_62/grp_normalize_and_store_fu_3700/emit_prob_stream_U0/grp_emit_prob_stream_Pipeline_prob_emit_loop_fu_2106/mul_32ns_31ns_62_1_1_U2101/tmp_product multiplier stage prometheus_pynq_z1_i/prometheus_soc_0/inst/u_prometheus_soc/grp_prometheus_soc_Pipeline_PROGRAM_LOOP_fu_62/grp_normalize_and_store_fu_3700/emit_prob_stream_U0/grp_emit_prob_stream_Pipeline_prob_emit_loop_fu_2106/mul_32ns_31ns_62_1_1_U2101/tmp_product/P[47:0] is not pipelined (MREG=0). Pipelining the multiplier function will improve performance and will save significant power so it is suggested whenever possible to fully pipeline this function.  If this multiplier was inferred, it is suggested to describe an additional register stage after this function.  If there is no registered adder/accumulator following the multiply function, two pipeline stages are suggested to allow both the MREG and PREG registers to be used.  If the DSP48 was instantiated in the design, it is suggested to set both the MREG and PREG attributes to 1 when performing multiply functions.
Related violations: <none>

DPOP-2#6 Warning
MREG Output pipelining  
DSP prometheus_pynq_z1_i/prometheus_soc_0/inst/u_prometheus_soc/grp_prometheus_soc_Pipeline_PROGRAM_LOOP_fu_62/grp_normalize_and_store_fu_3700/emit_prob_stream_U0/grp_emit_prob_stream_Pipeline_prob_emit_loop_fu_2106/mul_32ns_31ns_62_1_1_U2101/tmp_product__0 multiplier stage prometheus_pynq_z1_i/prometheus_soc_0/inst/u_prometheus_soc/grp_prometheus_soc_Pipeline_PROGRAM_LOOP_fu_62/grp_normalize_and_store_fu_3700/emit_prob_stream_U0/grp_emit_prob_stream_Pipeline_prob_emit_loop_fu_2106/mul_32ns_31ns_62_1_1_U2101/tmp_product__0/P[47:0] is not pipelined (MREG=0). Pipelining the multiplier function will improve performance and will save significant power so it is suggested whenever possible to fully pipeline this function.  If this multiplier was inferred, it is suggested to describe an additional register stage after this function.  If there is no registered adder/accumulator following the multiply function, two pipeline stages are suggested to allow both the MREG and PREG registers to be used.  If the DSP48 was instantiated in the design, it is suggested to set both the MREG and PREG attributes to 1 when performing multiply functions.
Related violations: <none>

DPOP-2#7 Warning
MREG Output pipelining  
DSP prometheus_pynq_z1_i/prometheus_soc_0/inst/u_prometheus_soc/grp_prometheus_soc_Pipeline_PROGRAM_LOOP_fu_62/grp_normalize_and_store_fu_3700/emit_prob_stream_U0/grp_emit_prob_stream_Pipeline_prob_emit_loop_fu_2106/mul_32ns_31ns_62_1_1_U2102/tmp_product multiplier stage prometheus_pynq_z1_i/prometheus_soc_0/inst/u_prometheus_soc/grp_prometheus_soc_Pipeline_PROGRAM_LOOP_fu_62/grp_normalize_and_store_fu_3700/emit_prob_stream_U0/grp_emit_prob_stream_Pipeline_prob_emit_loop_fu_2106/mul_32ns_31ns_62_1_1_U2102/tmp_product/P[47:0] is not pipelined (MREG=0). Pipelining the multiplier function will improve performance and will save significant power so it is suggested whenever possible to fully pipeline this function.  If this multiplier was inferred, it is suggested to describe an additional register stage after this function.  If there is no registered adder/accumulator following the multiply function, two pipeline stages are suggested to allow both the MREG and PREG registers to be used.  If the DSP48 was instantiated in the design, it is suggested to set both the MREG and PREG attributes to 1 when performing multiply functions.
Related violations: <none>

DPOP-2#8 Warning
MREG Output pipelining  
DSP prometheus_pynq_z1_i/prometheus_soc_0/inst/u_prometheus_soc/grp_prometheus_soc_Pipeline_PROGRAM_LOOP_fu_62/grp_normalize_and_store_fu_3700/emit_prob_stream_U0/grp_emit_prob_stream_Pipeline_prob_emit_loop_fu_2106/mul_32ns_31ns_62_1_1_U2102/tmp_product__0 multiplier stage prometheus_pynq_z1_i/prometheus_soc_0/inst/u_prometheus_soc/grp_prometheus_soc_Pipeline_PROGRAM_LOOP_fu_62/grp_normalize_and_store_fu_3700/emit_prob_stream_U0/grp_emit_prob_stream_Pipeline_prob_emit_loop_fu_2106/mul_32ns_31ns_62_1_1_U2102/tmp_product__0/P[47:0] is not pipelined (MREG=0). Pipelining the multiplier function will improve performance and will save significant power so it is suggested whenever possible to fully pipeline this function.  If this multiplier was inferred, it is suggested to describe an additional register stage after this function.  If there is no registered adder/accumulator following the multiply function, two pipeline stages are suggested to allow both the MREG and PREG registers to be used.  If the DSP48 was instantiated in the design, it is suggested to set both the MREG and PREG attributes to 1 when performing multiply functions.
Related violations: <none>

DPOP-2#9 Warning
MREG Output pipelining  
DSP prometheus_pynq_z1_i/prometheus_soc_0/inst/u_prometheus_soc/grp_prometheus_soc_Pipeline_PROGRAM_LOOP_fu_62/grp_normalize_and_store_fu_3700/emit_prob_stream_U0/grp_emit_prob_stream_Pipeline_prob_emit_loop_fu_2106/mul_32ns_31ns_62_1_1_U2103/tmp_product multiplier stage prometheus_pynq_z1_i/prometheus_soc_0/inst/u_prometheus_soc/grp_prometheus_soc_Pipeline_PROGRAM_LOOP_fu_62/grp_normalize_and_store_fu_3700/emit_prob_stream_U0/grp_emit_prob_stream_Pipeline_prob_emit_loop_fu_2106/mul_32ns_31ns_62_1_1_U2103/tmp_product/P[47:0] is not pipelined (MREG=0). Pipelining the multiplier function will improve performance and will save significant power so it is suggested whenever possible to fully pipeline this function.  If this multiplier was inferred, it is suggested to describe an additional register stage after this function.  If there is no registered adder/accumulator following the multiply function, two pipeline stages are suggested to allow both the MREG and PREG registers to be used.  If the DSP48 was instantiated in the design, it is suggested to set both the MREG and PREG attributes to 1 when performing multiply functions.
Related violations: <none>

DPOP-2#10 Warning
MREG Output pipelining  
DSP prometheus_pynq_z1_i/prometheus_soc_0/inst/u_prometheus_soc/grp_prometheus_soc_Pipeline_PROGRAM_LOOP_fu_62/grp_normalize_and_store_fu_3700/emit_prob_stream_U0/grp_emit_prob_stream_Pipeline_prob_emit_loop_fu_2106/mul_32ns_31ns_62_1_1_U2103/tmp_product__0 multiplier stage prometheus_pynq_z1_i/prometheus_soc_0/inst/u_prometheus_soc/grp_prometheus_soc_Pipeline_PROGRAM_LOOP_fu_62/grp_normalize_and_store_fu_3700/emit_prob_stream_U0/grp_emit_prob_stream_Pipeline_prob_emit_loop_fu_2106/mul_32ns_31ns_62_1_1_U2103/tmp_product__0/P[47:0] is not pipelined (MREG=0). Pipelining the multiplier function will improve performance and will save significant power so it is suggested whenever possible to fully pipeline this function.  If this multiplier was inferred, it is suggested to describe an additional register stage after this function.  If there is no registered adder/accumulator following the multiply function, two pipeline stages are suggested to allow both the MREG and PREG registers to be used.  If the DSP48 was instantiated in the design, it is suggested to set both the MREG and PREG attributes to 1 when performing multiply functions.
Related violations: <none>

DPOP-2#11 Warning
MREG Output pipelining  
DSP prometheus_pynq_z1_i/prometheus_soc_0/inst/u_prometheus_soc/grp_prometheus_soc_Pipeline_PROGRAM_LOOP_fu_62/grp_normalize_and_store_fu_3700/emit_prob_stream_U0/grp_emit_prob_stream_Pipeline_prob_emit_loop_fu_2106/mul_32ns_31ns_62_1_1_U2104/tmp_product multiplier stage prometheus_pynq_z1_i/prometheus_soc_0/inst/u_prometheus_soc/grp_prometheus_soc_Pipeline_PROGRAM_LOOP_fu_62/grp_normalize_and_store_fu_3700/emit_prob_stream_U0/grp_emit_prob_stream_Pipeline_prob_emit_loop_fu_2106/mul_32ns_31ns_62_1_1_U2104/tmp_product/P[47:0] is not pipelined (MREG=0). Pipelining the multiplier function will improve performance and will save significant power so it is suggested whenever possible to fully pipeline this function.  If this multiplier was inferred, it is suggested to describe an additional register stage after this function.  If there is no registered adder/accumulator following the multiply function, two pipeline stages are suggested to allow both the MREG and PREG registers to be used.  If the DSP48 was instantiated in the design, it is suggested to set both the MREG and PREG attributes to 1 when performing multiply functions.
Related violations: <none>

DPOP-2#12 Warning
MREG Output pipelining  
DSP prometheus_pynq_z1_i/prometheus_soc_0/inst/u_prometheus_soc/grp_prometheus_soc_Pipeline_PROGRAM_LOOP_fu_62/grp_normalize_and_store_fu_3700/emit_prob_stream_U0/grp_emit_prob_stream_Pipeline_prob_emit_loop_fu_2106/mul_32ns_31ns_62_1_1_U2104/tmp_product__0 multiplier stage prometheus_pynq_z1_i/prometheus_soc_0/inst/u_prometheus_soc/grp_prometheus_soc_Pipeline_PROGRAM_LOOP_fu_62/grp_normalize_and_store_fu_3700/emit_prob_stream_U0/grp_emit_prob_stream_Pipeline_prob_emit_loop_fu_2106/mul_32ns_31ns_62_1_1_U2104/tmp_product__0/P[47:0] is not pipelined (MREG=0). Pipelining the multiplier function will improve performance and will save significant power so it is suggested whenever possible to fully pipeline this function.  If this multiplier was inferred, it is suggested to describe an additional register stage after this function.  If there is no registered adder/accumulator following the multiply function, two pipeline stages are suggested to allow both the MREG and PREG registers to be used.  If the DSP48 was instantiated in the design, it is suggested to set both the MREG and PREG attributes to 1 when performing multiply functions.
Related violations: <none>

DPOP-2#13 Warning
MREG Output pipelining  
DSP prometheus_pynq_z1_i/prometheus_soc_0/inst/u_prometheus_soc/grp_prometheus_soc_Pipeline_PROGRAM_LOOP_fu_62/grp_normalize_and_store_fu_3700/emit_prob_stream_U0/grp_emit_prob_stream_Pipeline_prob_emit_loop_fu_2106/pkt_v0_reg_3682_reg multiplier stage prometheus_pynq_z1_i/prometheus_soc_0/inst/u_prometheus_soc/grp_prometheus_soc_Pipeline_PROGRAM_LOOP_fu_62/grp_normalize_and_store_fu_3700/emit_prob_stream_U0/grp_emit_prob_stream_Pipeline_prob_emit_loop_fu_2106/pkt_v0_reg_3682_reg/P[47:0] is not pipelined (MREG=0). Pipelining the multiplier function will improve performance and will save significant power so it is suggested whenever possible to fully pipeline this function.  If this multiplier was inferred, it is suggested to describe an additional register stage after this function.  If there is no registered adder/accumulator following the multiply function, two pipeline stages are suggested to allow both the MREG and PREG registers to be used.  If the DSP48 was instantiated in the design, it is suggested to set both the MREG and PREG attributes to 1 when performing multiply functions.
Related violations: <none>

DPOP-2#14 Warning
MREG Output pipelining  
DSP prometheus_pynq_z1_i/prometheus_soc_0/inst/u_prometheus_soc/grp_prometheus_soc_Pipeline_PROGRAM_LOOP_fu_62/grp_normalize_and_store_fu_3700/emit_prob_stream_U0/grp_emit_prob_stream_Pipeline_prob_emit_loop_fu_2106/pkt_v0_reg_3682_reg__0 multiplier stage prometheus_pynq_z1_i/prometheus_soc_0/inst/u_prometheus_soc/grp_prometheus_soc_Pipeline_PROGRAM_LOOP_fu_62/grp_normalize_and_store_fu_3700/emit_prob_stream_U0/grp_emit_prob_stream_Pipeline_prob_emit_loop_fu_2106/pkt_v0_reg_3682_reg__0/P[47:0] is not pipelined (MREG=0). Pipelining the multiplier function will improve performance and will save significant power so it is suggested whenever possible to fully pipeline this function.  If this multiplier was inferred, it is suggested to describe an additional register stage after this function.  If there is no registered adder/accumulator following the multiply function, two pipeline stages are suggested to allow both the MREG and PREG registers to be used.  If the DSP48 was instantiated in the design, it is suggested to set both the MREG and PREG attributes to 1 when performing multiply functions.
Related violations: <none>

DPOP-2#15 Warning
MREG Output pipelining  
DSP prometheus_pynq_z1_i/prometheus_soc_0/inst/u_prometheus_soc/grp_prometheus_soc_Pipeline_PROGRAM_LOOP_fu_62/grp_normalize_and_store_fu_3700/emit_prob_stream_U0/grp_emit_prob_stream_Pipeline_prob_emit_loop_fu_2106/pkt_v1_reg_3687_reg multiplier stage prometheus_pynq_z1_i/prometheus_soc_0/inst/u_prometheus_soc/grp_prometheus_soc_Pipeline_PROGRAM_LOOP_fu_62/grp_normalize_and_store_fu_3700/emit_prob_stream_U0/grp_emit_prob_stream_Pipeline_prob_emit_loop_fu_2106/pkt_v1_reg_3687_reg/P[47:0] is not pipelined (MREG=0). Pipelining the multiplier function will improve performance and will save significant power so it is suggested whenever possible to fully pipeline this function.  If this multiplier was inferred, it is suggested to describe an additional register stage after this function.  If there is no registered adder/accumulator following the multiply function, two pipeline stages are suggested to allow both the MREG and PREG registers to be used.  If the DSP48 was instantiated in the design, it is suggested to set both the MREG and PREG attributes to 1 when performing multiply functions.
Related violations: <none>

DPOP-2#16 Warning
MREG Output pipelining  
DSP prometheus_pynq_z1_i/prometheus_soc_0/inst/u_prometheus_soc/grp_prometheus_soc_Pipeline_PROGRAM_LOOP_fu_62/grp_normalize_and_store_fu_3700/emit_prob_stream_U0/grp_emit_prob_stream_Pipeline_prob_emit_loop_fu_2106/pkt_v1_reg_3687_reg__0 multiplier stage prometheus_pynq_z1_i/prometheus_soc_0/inst/u_prometheus_soc/grp_prometheus_soc_Pipeline_PROGRAM_LOOP_fu_62/grp_normalize_and_store_fu_3700/emit_prob_stream_U0/grp_emit_prob_stream_Pipeline_prob_emit_loop_fu_2106/pkt_v1_reg_3687_reg__0/P[47:0] is not pipelined (MREG=0). Pipelining the multiplier function will improve performance and will save significant power so it is suggested whenever possible to fully pipeline this function.  If this multiplier was inferred, it is suggested to describe an additional register stage after this function.  If there is no registered adder/accumulator following the multiply function, two pipeline stages are suggested to allow both the MREG and PREG registers to be used.  If the DSP48 was instantiated in the design, it is suggested to set both the MREG and PREG attributes to 1 when performing multiply functions.
Related violations: <none>

DPOP-2#17 Warning
MREG Output pipelining  
DSP prometheus_pynq_z1_i/prometheus_soc_0/inst/u_prometheus_soc/grp_prometheus_soc_Pipeline_PROGRAM_LOOP_fu_62/grp_normalize_and_store_fu_3700/emit_prob_stream_U0/grp_emit_prob_stream_Pipeline_prob_emit_loop_fu_2106/pkt_v2_reg_3692_reg multiplier stage prometheus_pynq_z1_i/prometheus_soc_0/inst/u_prometheus_soc/grp_prometheus_soc_Pipeline_PROGRAM_LOOP_fu_62/grp_normalize_and_store_fu_3700/emit_prob_stream_U0/grp_emit_prob_stream_Pipeline_prob_emit_loop_fu_2106/pkt_v2_reg_3692_reg/P[47:0] is not pipelined (MREG=0). Pipelining the multiplier function will improve performance and will save significant power so it is suggested whenever possible to fully pipeline this function.  If this multiplier was inferred, it is suggested to describe an additional register stage after this function.  If there is no registered adder/accumulator following the multiply function, two pipeline stages are suggested to allow both the MREG and PREG registers to be used.  If the DSP48 was instantiated in the design, it is suggested to set both the MREG and PREG attributes to 1 when performing multiply functions.
Related violations: <none>

DPOP-2#18 Warning
MREG Output pipelining  
DSP prometheus_pynq_z1_i/prometheus_soc_0/inst/u_prometheus_soc/grp_prometheus_soc_Pipeline_PROGRAM_LOOP_fu_62/grp_normalize_and_store_fu_3700/emit_prob_stream_U0/grp_emit_prob_stream_Pipeline_prob_emit_loop_fu_2106/pkt_v2_reg_3692_reg__0 multiplier stage prometheus_pynq_z1_i/prometheus_soc_0/inst/u_prometheus_soc/grp_prometheus_soc_Pipeline_PROGRAM_LOOP_fu_62/grp_normalize_and_store_fu_3700/emit_prob_stream_U0/grp_emit_prob_stream_Pipeline_prob_emit_loop_fu_2106/pkt_v2_reg_3692_reg__0/P[47:0] is not pipelined (MREG=0). Pipelining the multiplier function will improve performance and will save significant power so it is suggested whenever possible to fully pipeline this function.  If this multiplier was inferred, it is suggested to describe an additional register stage after this function.  If there is no registered adder/accumulator following the multiply function, two pipeline stages are suggested to allow both the MREG and PREG registers to be used.  If the DSP48 was instantiated in the design, it is suggested to set both the MREG and PREG attributes to 1 when performing multiply functions.
Related violations: <none>

DPOP-2#19 Warning
MREG Output pipelining  
DSP prometheus_pynq_z1_i/prometheus_soc_0/inst/u_prometheus_soc/grp_prometheus_soc_Pipeline_PROGRAM_LOOP_fu_62/grp_normalize_and_store_fu_3700/emit_prob_stream_U0/grp_emit_prob_stream_Pipeline_prob_emit_loop_fu_2106/pkt_v3_reg_3697_reg multiplier stage prometheus_pynq_z1_i/prometheus_soc_0/inst/u_prometheus_soc/grp_prometheus_soc_Pipeline_PROGRAM_LOOP_fu_62/grp_normalize_and_store_fu_3700/emit_prob_stream_U0/grp_emit_prob_stream_Pipeline_prob_emit_loop_fu_2106/pkt_v3_reg_3697_reg/P[47:0] is not pipelined (MREG=0). Pipelining the multiplier function will improve performance and will save significant power so it is suggested whenever possible to fully pipeline this function.  If this multiplier was inferred, it is suggested to describe an additional register stage after this function.  If there is no registered adder/accumulator following the multiply function, two pipeline stages are suggested to allow both the MREG and PREG registers to be used.  If the DSP48 was instantiated in the design, it is suggested to set both the MREG and PREG attributes to 1 when performing multiply functions.
Related violations: <none>

DPOP-2#20 Warning
MREG Output pipelining  
DSP prometheus_pynq_z1_i/prometheus_soc_0/inst/u_prometheus_soc/grp_prometheus_soc_Pipeline_PROGRAM_LOOP_fu_62/grp_normalize_and_store_fu_3700/emit_prob_stream_U0/grp_emit_prob_stream_Pipeline_prob_emit_loop_fu_2106/pkt_v3_reg_3697_reg__0 multiplier stage prometheus_pynq_z1_i/prometheus_soc_0/inst/u_prometheus_soc/grp_prometheus_soc_Pipeline_PROGRAM_LOOP_fu_62/grp_normalize_and_store_fu_3700/emit_prob_stream_U0/grp_emit_prob_stream_Pipeline_prob_emit_loop_fu_2106/pkt_v3_reg_3697_reg__0/P[47:0] is not pipelined (MREG=0). Pipelining the multiplier function will improve performance and will save significant power so it is suggested whenever possible to fully pipeline this function.  If this multiplier was inferred, it is suggested to describe an additional register stage after this function.  If there is no registered adder/accumulator following the multiply function, two pipeline stages are suggested to allow both the MREG and PREG registers to be used.  If the DSP48 was instantiated in the design, it is suggested to set both the MREG and PREG attributes to 1 when performing multiply functions.
Related violations: <none>

DPOP-2#21 Warning
MREG Output pipelining  
DSP prometheus_pynq_z1_i/prometheus_soc_0/inst/u_prometheus_soc/grp_prometheus_soc_Pipeline_PROGRAM_LOOP_fu_62/mul_31s_16ns_47_1_1_U2898/tmp_product multiplier stage prometheus_pynq_z1_i/prometheus_soc_0/inst/u_prometheus_soc/grp_prometheus_soc_Pipeline_PROGRAM_LOOP_fu_62/mul_31s_16ns_47_1_1_U2898/tmp_product/P[47:0] is not pipelined (MREG=0). Pipelining the multiplier function will improve performance and will save significant power so it is suggested whenever possible to fully pipeline this function.  If this multiplier was inferred, it is suggested to describe an additional register stage after this function.  If there is no registered adder/accumulator following the multiply function, two pipeline stages are suggested to allow both the MREG and PREG registers to be used.  If the DSP48 was instantiated in the design, it is suggested to set both the MREG and PREG attributes to 1 when performing multiply functions.
Related violations: <none>

DPOP-2#22 Warning
MREG Output pipelining  
DSP prometheus_pynq_z1_i/prometheus_soc_0/inst/u_prometheus_soc/grp_prometheus_soc_Pipeline_PROGRAM_LOOP_fu_62/mul_31s_16ns_47_1_1_U2898/tmp_product__0 multiplier stage prometheus_pynq_z1_i/prometheus_soc_0/inst/u_prometheus_soc/grp_prometheus_soc_Pipeline_PROGRAM_LOOP_fu_62/mul_31s_16ns_47_1_1_U2898/tmp_product__0/P[47:0] is not pipelined (MREG=0). Pipelining the multiplier function will improve performance and will save significant power so it is suggested whenever possible to fully pipeline this function.  If this multiplier was inferred, it is suggested to describe an additional register stage after this function.  If there is no registered adder/accumulator following the multiply function, two pipeline stages are suggested to allow both the MREG and PREG registers to be used.  If the DSP48 was instantiated in the design, it is suggested to set both the MREG and PREG attributes to 1 when performing multiply functions.
Related violations: <none>

DPOP-2#23 Warning
MREG Output pipelining  
DSP prometheus_pynq_z1_i/prometheus_soc_0/inst/u_prometheus_soc/grp_prometheus_soc_Pipeline_PROGRAM_LOOP_fu_62/mul_32ns_32ns_64_1_1_U2899/tmp_product multiplier stage prometheus_pynq_z1_i/prometheus_soc_0/inst/u_prometheus_soc/grp_prometheus_soc_Pipeline_PROGRAM_LOOP_fu_62/mul_32ns_32ns_64_1_1_U2899/tmp_product/P[47:0] is not pipelined (MREG=0). Pipelining the multiplier function will improve performance and will save significant power so it is suggested whenever possible to fully pipeline this function.  If this multiplier was inferred, it is suggested to describe an additional register stage after this function.  If there is no registered adder/accumulator following the multiply function, two pipeline stages are suggested to allow both the MREG and PREG registers to be used.  If the DSP48 was instantiated in the design, it is suggested to set both the MREG and PREG attributes to 1 when performing multiply functions.
Related violations: <none>

DPOP-2#24 Warning
MREG Output pipelining  
DSP prometheus_pynq_z1_i/prometheus_soc_0/inst/u_prometheus_soc/grp_prometheus_soc_Pipeline_PROGRAM_LOOP_fu_62/mul_32ns_32ns_64_1_1_U2899/tmp_product__0 multiplier stage prometheus_pynq_z1_i/prometheus_soc_0/inst/u_prometheus_soc/grp_prometheus_soc_Pipeline_PROGRAM_LOOP_fu_62/mul_32ns_32ns_64_1_1_U2899/tmp_product__0/P[47:0] is not pipelined (MREG=0). Pipelining the multiplier function will improve performance and will save significant power so it is suggested whenever possible to fully pipeline this function.  If this multiplier was inferred, it is suggested to describe an additional register stage after this function.  If there is no registered adder/accumulator following the multiply function, two pipeline stages are suggested to allow both the MREG and PREG registers to be used.  If the DSP48 was instantiated in the design, it is suggested to set both the MREG and PREG attributes to 1 when performing multiply functions.
Related violations: <none>

DPOP-2#25 Warning
MREG Output pipelining  
DSP prometheus_pynq_z1_i/prometheus_soc_0/inst/u_prometheus_soc/grp_prometheus_soc_Pipeline_PROGRAM_LOOP_fu_62/mul_32s_32s_64_1_1_U2901/tmp_product multiplier stage prometheus_pynq_z1_i/prometheus_soc_0/inst/u_prometheus_soc/grp_prometheus_soc_Pipeline_PROGRAM_LOOP_fu_62/mul_32s_32s_64_1_1_U2901/tmp_product/P[47:0] is not pipelined (MREG=0). Pipelining the multiplier function will improve performance and will save significant power so it is suggested whenever possible to fully pipeline this function.  If this multiplier was inferred, it is suggested to describe an additional register stage after this function.  If there is no registered adder/accumulator following the multiply function, two pipeline stages are suggested to allow both the MREG and PREG registers to be used.  If the DSP48 was instantiated in the design, it is suggested to set both the MREG and PREG attributes to 1 when performing multiply functions.
Related violations: <none>

DPOP-2#26 Warning
MREG Output pipelining  
DSP prometheus_pynq_z1_i/prometheus_soc_0/inst/u_prometheus_soc/grp_prometheus_soc_Pipeline_PROGRAM_LOOP_fu_62/mul_32s_32s_64_1_1_U2901/tmp_product__0 multiplier stage prometheus_pynq_z1_i/prometheus_soc_0/inst/u_prometheus_soc/grp_prometheus_soc_Pipeline_PROGRAM_LOOP_fu_62/mul_32s_32s_64_1_1_U2901/tmp_product__0/P[47:0] is not pipelined (MREG=0). Pipelining the multiplier function will improve performance and will save significant power so it is suggested whenever possible to fully pipeline this function.  If this multiplier was inferred, it is suggested to describe an additional register stage after this function.  If there is no registered adder/accumulator following the multiply function, two pipeline stages are suggested to allow both the MREG and PREG registers to be used.  If the DSP48 was instantiated in the design, it is suggested to set both the MREG and PREG attributes to 1 when performing multiply functions.
Related violations: <none>

DPOP-2#27 Warning
MREG Output pipelining  
DSP prometheus_pynq_z1_i/prometheus_soc_0/inst/u_prometheus_soc/grp_prometheus_soc_Pipeline_PROGRAM_LOOP_fu_62/prod_ss_reg_9492_reg multiplier stage prometheus_pynq_z1_i/prometheus_soc_0/inst/u_prometheus_soc/grp_prometheus_soc_Pipeline_PROGRAM_LOOP_fu_62/prod_ss_reg_9492_reg/P[47:0] is not pipelined (MREG=0). Pipelining the multiplier function will improve performance and will save significant power so it is suggested whenever possible to fully pipeline this function.  If this multiplier was inferred, it is suggested to describe an additional register stage after this function.  If there is no registered adder/accumulator following the multiply function, two pipeline stages are suggested to allow both the MREG and PREG registers to be used.  If the DSP48 was instantiated in the design, it is suggested to set both the MREG and PREG attributes to 1 when performing multiply functions.
Related violations: <none>

DPOP-2#28 Warning
MREG Output pipelining  
DSP prometheus_pynq_z1_i/prometheus_soc_0/inst/u_prometheus_soc/grp_prometheus_soc_Pipeline_PROGRAM_LOOP_fu_62/prod_ss_reg_9492_reg__0 multiplier stage prometheus_pynq_z1_i/prometheus_soc_0/inst/u_prometheus_soc/grp_prometheus_soc_Pipeline_PROGRAM_LOOP_fu_62/prod_ss_reg_9492_reg__0/P[47:0] is not pipelined (MREG=0). Pipelining the multiplier function will improve performance and will save significant power so it is suggested whenever possible to fully pipeline this function.  If this multiplier was inferred, it is suggested to describe an additional register stage after this function.  If there is no registered adder/accumulator following the multiply function, two pipeline stages are suggested to allow both the MREG and PREG registers to be used.  If the DSP48 was instantiated in the design, it is suggested to set both the MREG and PREG attributes to 1 when performing multiply functions.
Related violations: <none>

DPOP-2#29 Warning
MREG Output pipelining  
DSP prometheus_pynq_z1_i/prometheus_soc_0/inst/u_prometheus_soc/grp_prometheus_soc_Pipeline_PROGRAM_LOOP_fu_62/res_38_reg_9503_reg multiplier stage prometheus_pynq_z1_i/prometheus_soc_0/inst/u_prometheus_soc/grp_prometheus_soc_Pipeline_PROGRAM_LOOP_fu_62/res_38_reg_9503_reg/P[47:0] is not pipelined (MREG=0). Pipelining the multiplier function will improve performance and will save significant power so it is suggested whenever possible to fully pipeline this function.  If this multiplier was inferred, it is suggested to describe an additional register stage after this function.  If there is no registered adder/accumulator following the multiply function, two pipeline stages are suggested to allow both the MREG and PREG registers to be used.  If the DSP48 was instantiated in the design, it is suggested to set both the MREG and PREG attributes to 1 when performing multiply functions.
Related violations: <none>

DPOP-2#30 Warning
MREG Output pipelining  
DSP prometheus_pynq_z1_i/prometheus_soc_0/inst/u_prometheus_soc/grp_prometheus_soc_Pipeline_PROGRAM_LOOP_fu_62/res_38_reg_9503_reg__0 multiplier stage prometheus_pynq_z1_i/prometheus_soc_0/inst/u_prometheus_soc/grp_prometheus_soc_Pipeline_PROGRAM_LOOP_fu_62/res_38_reg_9503_reg__0/P[47:0] is not pipelined (MREG=0). Pipelining the multiplier function will improve performance and will save significant power so it is suggested whenever possible to fully pipeline this function.  If this multiplier was inferred, it is suggested to describe an additional register stage after this function.  If there is no registered adder/accumulator following the multiply function, two pipeline stages are suggested to allow both the MREG and PREG registers to be used.  If the DSP48 was instantiated in the design, it is suggested to set both the MREG and PREG attributes to 1 when performing multiply functions.
Related violations: <none>

DPOP-2#31 Warning
MREG Output pipelining  
DSP prometheus_pynq_z1_i/prometheus_soc_0/inst/u_prometheus_soc/grp_prometheus_soc_Pipeline_PROGRAM_LOOP_fu_62/res_39_reg_9498_reg multiplier stage prometheus_pynq_z1_i/prometheus_soc_0/inst/u_prometheus_soc/grp_prometheus_soc_Pipeline_PROGRAM_LOOP_fu_62/res_39_reg_9498_reg/P[47:0] is not pipelined (MREG=0). Pipelining the multiplier function will improve performance and will save significant power so it is suggested whenever possible to fully pipeline this function.  If this multiplier was inferred, it is suggested to describe an additional register stage after this function.  If there is no registered adder/accumulator following the multiply function, two pipeline stages are suggested to allow both the MREG and PREG registers to be used.  If the DSP48 was instantiated in the design, it is suggested to set both the MREG and PREG attributes to 1 when performing multiply functions.
Related violations: <none>

DPOP-2#32 Warning
MREG Output pipelining  
DSP prometheus_pynq_z1_i/prometheus_soc_0/inst/u_prometheus_soc/grp_prometheus_soc_Pipeline_PROGRAM_LOOP_fu_62/res_39_reg_9498_reg__0 multiplier stage prometheus_pynq_z1_i/prometheus_soc_0/inst/u_prometheus_soc/grp_prometheus_soc_Pipeline_PROGRAM_LOOP_fu_62/res_39_reg_9498_reg__0/P[47:0] is not pipelined (MREG=0). Pipelining the multiplier function will improve performance and will save significant power so it is suggested whenever possible to fully pipeline this function.  If this multiplier was inferred, it is suggested to describe an additional register stage after this function.  If there is no registered adder/accumulator following the multiply function, two pipeline stages are suggested to allow both the MREG and PREG registers to be used.  If the DSP48 was instantiated in the design, it is suggested to set both the MREG and PREG attributes to 1 when performing multiply functions.
Related violations: <none>


