

================================================================
== Vitis HLS Report for 'cache_exp_stream_Pipeline_cache_exp_loop'
================================================================
* Date:           Sat Mar 14 14:59:13 2026

* Version:        2025.1 (Build 6135595 on May 21 2025)
* Project:        Prometheus_streaming_w4
* Solution:       hls (Vivado IP Flow Target)
* Product family: zynq
* Target device:  xc7z020-clg400-1


================================================================
== Performance Estimates
================================================================
+ Timing: 
    * Summary: 
    +--------+----------+----------+------------+
    |  Clock |  Target  | Estimated| Uncertainty|
    +--------+----------+----------+------------+
    |ap_clk  |  11.80 ns|  7.058 ns|     3.19 ns|
    +--------+----------+----------+------------+

+ Latency: 
    * Summary: 
    +---------+---------+-----------+----------+-----+-----+------------------------------------------------+
    |  Latency (cycles) |  Latency (absolute)  |  Interval |                    Pipeline                    |
    |   min   |   max   |    min    |    max   | min | max |                      Type                      |
    +---------+---------+-----------+----------+-----+-----+------------------------------------------------+
    |        4|       67|  47.200 ns|  0.791 us|    2|   65|  loop auto-rewind stp (delay=0 clock cycles(s))|
    +---------+---------+-----------+----------+-----+-----+------------------------------------------------+

    + Detail: 
        * Instance: 
        N/A

        * Loop: 
        +------------------+---------+---------+----------+-----------+-----------+--------+----------+
        |                  |  Latency (cycles) | Iteration|  Initiation Interval  |  Trip  |          |
        |     Loop Name    |   min   |   max   |  Latency |  achieved |   target  |  Count | Pipelined|
        +------------------+---------+---------+----------+-----------+-----------+--------+----------+
        |- cache_exp_loop  |        2|       65|         3|          1|          1|  1 ~ 64|       yes|
        +------------------+---------+---------+----------+-----------+-----------+--------+----------+

============================================================
+ Verbose Summary: Synthesis Manager
============================================================
InlineROM: 1
ExposeGlobal: 0
============================================================
+ Verbose Summary: CDFG Model
============================================================
IsTopModel: 0
ResetActiveHigh: 1
IsCombinational: 0
IsDatapathOnly: 0
HasWiredReturn: 1
HasMFsm: 2
HasVarLatency: 1
IsPipeline: 0
IsRtlPipelined: 0
IsInstanceOverlapped: 0
IsDontTouch: 0
HasImplIP: 0
IsGatedGlobalClock: 0

+ Individual pipeline summary: 
  * Pipeline-0: initiation interval (II) = 1, depth = 3


============================================================
+ Verbose Summary: Schedule
============================================================
* Number of FSM states : 3
* Pipeline : 1
  Pipeline-0 : II = 1, D = 3, States = { 1 2 3 }
* Dataflow Pipeline: 0

* FSM state transitions: 
1 --> 2 
2 --> 3 
3 --> 

* FSM state operations: 

State 1 <SV = 0> <Delay = 5.04>
ST_1 : Operation 6 [1/1] (0.00ns)   --->   "%sum64 = alloca i32 1" [softmax_accel_hls.cc:295]   --->   Operation 6 'alloca' 'sum64' <Predicate = true> <Delay = 0.00>
ST_1 : Operation 7 [1/1] (0.00ns)   --->   "%blk = alloca i32 1" [softmax_accel_hls.cc:299]   --->   Operation 7 'alloca' 'blk' <Predicate = true> <Delay = 0.00>
ST_1 : Operation 8 [1/1] (0.00ns)   --->   "%specmemcore_ln0 = specmemcore void @_ssdm_op_SpecMemCore, i32 %exp_buf_0, i64 666, i64 22, i64 18446744073709551615"   --->   Operation 8 'specmemcore' 'specmemcore_ln0' <Predicate = true> <Delay = 0.00>
ST_1 : Operation 9 [1/1] (0.00ns)   --->   "%specmemcore_ln0 = specmemcore void @_ssdm_op_SpecMemCore, i32 %exp_buf_1, i64 666, i64 22, i64 18446744073709551615"   --->   Operation 9 'specmemcore' 'specmemcore_ln0' <Predicate = true> <Delay = 0.00>
ST_1 : Operation 10 [1/1] (0.00ns)   --->   "%specmemcore_ln0 = specmemcore void @_ssdm_op_SpecMemCore, i32 %exp_buf_2, i64 666, i64 22, i64 18446744073709551615"   --->   Operation 10 'specmemcore' 'specmemcore_ln0' <Predicate = true> <Delay = 0.00>
ST_1 : Operation 11 [1/1] (0.00ns)   --->   "%specmemcore_ln0 = specmemcore void @_ssdm_op_SpecMemCore, i32 %exp_buf_3, i64 666, i64 22, i64 18446744073709551615"   --->   Operation 11 'specmemcore' 'specmemcore_ln0' <Predicate = true> <Delay = 0.00>
ST_1 : Operation 12 [1/1] (0.00ns)   --->   "%specinterface_ln0 = specinterface void @_ssdm_op_SpecInterface, i132 %exp_stream, void @empty, i32 0, i32 0, void @empty_1, i32 0, i32 0, void @empty_1, void @empty_1, void @empty_1, i32 0, i32 0, i32 0, i32 0, void @empty_1, void @empty_1, i32 4294967295, i32 0, i32 0"   --->   Operation 12 'specinterface' 'specinterface_ln0' <Predicate = true> <Delay = 0.00>
ST_1 : Operation 13 [1/1] (0.00ns)   --->   "%trunc_ln_read = read i7 @_ssdm_op_Read.ap_auto.i7, i7 %trunc_ln" [softmax_accel_hls.cc:289]   --->   Operation 13 'read' 'trunc_ln_read' <Predicate = true> <Delay = 0.00>
ST_1 : Operation 14 [1/1] (1.58ns)   --->   "%store_ln299 = store i7 0, i7 %blk" [softmax_accel_hls.cc:299]   --->   Operation 14 'store' 'store_ln299' <Predicate = true> <Delay = 1.58>
ST_1 : Operation 15 [1/1] (1.58ns)   --->   "%store_ln295 = store i40 0, i40 %sum64" [softmax_accel_hls.cc:295]   --->   Operation 15 'store' 'store_ln295' <Predicate = true> <Delay = 1.58>
ST_1 : Operation 16 [1/1] (0.00ns)   --->   "%br_ln299 = br void %for.body" [softmax_accel_hls.cc:299]   --->   Operation 16 'br' 'br_ln299' <Predicate = true> <Delay = 0.00>
ST_1 : Operation 17 [1/1] (0.00ns)   --->   "%blk_5 = load i7 %blk" [softmax_accel_hls.cc:299]   --->   Operation 17 'load' 'blk_5' <Predicate = true> <Delay = 0.00>
ST_1 : Operation 18 [1/1] (1.87ns)   --->   "%icmp_ln299 = icmp_eq  i7 %blk_5, i7 %trunc_ln_read" [softmax_accel_hls.cc:299]   --->   Operation 18 'icmp' 'icmp_ln299' <Predicate = true> <Delay = 1.87> <CoreInst = "Cmp">   --->   Core 9 'Cmp' <Latency = 0> <II = 1> <Delay = 1.87> <FuncUnit> <Opcode : 'seteq' 'setne' 'setle' 'setge' 'setlt' 'setgt'> <InPorts = 2> <OutPorts = 1>
ST_1 : Operation 19 [1/1] (0.00ns)   --->   "%speclooptripcount_ln0 = speclooptripcount void @_ssdm_op_SpecLoopTripCount, i64 1, i64 64, i64 0"   --->   Operation 19 'speclooptripcount' 'speclooptripcount_ln0' <Predicate = true> <Delay = 0.00>
ST_1 : Operation 20 [1/1] (1.87ns)   --->   "%add_ln299 = add i7 %blk_5, i7 1" [softmax_accel_hls.cc:299]   --->   Operation 20 'add' 'add_ln299' <Predicate = true> <Delay = 1.87> <CoreInst = "Adder">   --->   Core 1 'Adder' <Latency = 0> <II = 1> <Delay = 1.87> <FuncUnit> <Opcode : 'add' 'sub'> <InPorts = 2> <OutPorts = 1>
ST_1 : Operation 21 [1/1] (0.00ns)   --->   "%br_ln299 = br i1 %icmp_ln299, void %for.body.split, void %for.end.exitStub" [softmax_accel_hls.cc:299]   --->   Operation 21 'br' 'br_ln299' <Predicate = true> <Delay = 0.00>
ST_1 : Operation 22 [1/1] (1.58ns)   --->   "%store_ln299 = store i7 %add_ln299, i7 %blk" [softmax_accel_hls.cc:299]   --->   Operation 22 'store' 'store_ln299' <Predicate = (!icmp_ln299)> <Delay = 1.58>

State 2 <SV = 1> <Delay = 6.96>
ST_2 : Operation 23 [1/1] (0.00ns)   --->   "%zext_ln299 = zext i7 %blk_5" [softmax_accel_hls.cc:299]   --->   Operation 23 'zext' 'zext_ln299' <Predicate = true> <Delay = 0.00>
ST_2 : Operation 24 [1/1] (0.00ns)   --->   "%specpipeline_ln300 = specpipeline void @_ssdm_op_SpecPipeline, i32 1, i32 0, i32 0, i32 0, void @empty_1" [softmax_accel_hls.cc:300]   --->   Operation 24 'specpipeline' 'specpipeline_ln300' <Predicate = true> <Delay = 0.00>
ST_2 : Operation 25 [1/1] (0.00ns)   --->   "%specloopname_ln299 = specloopname void @_ssdm_op_SpecLoopName, void @empty_16" [softmax_accel_hls.cc:299]   --->   Operation 25 'specloopname' 'specloopname_ln299' <Predicate = true> <Delay = 0.00>
ST_2 : Operation 26 [1/1] ( I:3.70ns O:3.70ns )   --->   "%exp_stream_read = read i132 @_ssdm_op_Read.ap_fifo.volatile.i132P0A, i132 %exp_stream" [softmax_accel_hls.cc:302]   --->   Operation 26 'read' 'exp_stream_read' <Predicate = true> <Delay = 3.70> <CoreInst = "FIFO">   --->   Core 77 'FIFO' <Latency = 0> <II = 1> <Delay = 3.70> <Storage> <Opcode : 'read' 'write' 'nbread' 'nbwrite'> <Ports = 0> <Width = 132> <Depth = 16> <FIFO>
ST_2 : Operation 27 [1/1] (0.00ns)   --->   "%x0 = trunc i132 %exp_stream_read" [softmax_accel_hls.cc:302]   --->   Operation 27 'trunc' 'x0' <Predicate = true> <Delay = 0.00>
ST_2 : Operation 28 [1/1] (0.00ns)   --->   "%x1 = partselect i32 @_ssdm_op_PartSelect.i32.i132.i32.i32, i132 %exp_stream_read, i32 32, i32 63" [softmax_accel_hls.cc:302]   --->   Operation 28 'partselect' 'x1' <Predicate = true> <Delay = 0.00>
ST_2 : Operation 29 [1/1] (0.00ns)   --->   "%x2 = partselect i32 @_ssdm_op_PartSelect.i32.i132.i32.i32, i132 %exp_stream_read, i32 64, i32 95" [softmax_accel_hls.cc:302]   --->   Operation 29 'partselect' 'x2' <Predicate = true> <Delay = 0.00>
ST_2 : Operation 30 [1/1] (0.00ns)   --->   "%x3 = partselect i32 @_ssdm_op_PartSelect.i32.i132.i32.i32, i132 %exp_stream_read, i32 96, i32 127" [softmax_accel_hls.cc:302]   --->   Operation 30 'partselect' 'x3' <Predicate = true> <Delay = 0.00>
ST_2 : Operation 31 [1/1] (0.00ns)   --->   "%tmp = bitselect i1 @_ssdm_op_BitSelect.i1.i132.i32, i132 %exp_stream_read, i32 128" [softmax_accel_hls.cc:304]   --->   Operation 31 'bitselect' 'tmp' <Predicate = true> <Delay = 0.00>
ST_2 : Operation 32 [1/1] (0.00ns)   --->   "%br_ln304 = br i1 %tmp, void %if.end, void %if.then" [softmax_accel_hls.cc:304]   --->   Operation 32 'br' 'br_ln304' <Predicate = true> <Delay = 0.00>
ST_2 : Operation 33 [1/1] (0.00ns)   --->   "%exp_buf_0_addr = getelementptr i32 %exp_buf_0, i64 0, i64 %zext_ln299" [softmax_accel_hls.cc:304]   --->   Operation 33 'getelementptr' 'exp_buf_0_addr' <Predicate = (tmp)> <Delay = 0.00>
ST_2 : Operation 34 [1/1] ( I:3.25ns O:3.25ns )   --->   "%store_ln304 = store i32 %x0, i6 %exp_buf_0_addr" [softmax_accel_hls.cc:304]   --->   Operation 34 'store' 'store_ln304' <Predicate = (tmp)> <Delay = 3.25> <CoreInst = "RAM_2P_BRAM">   --->   Core 90 'RAM_2P_BRAM' <Latency = 1> <II = 1> <Delay = 3.25> <Storage> <Opcode : 'load' 'store'> <Ports = 2> <Width = 32> <Depth = 64> <RAM>
ST_2 : Operation 35 [1/1] (0.00ns)   --->   "%br_ln304 = br void %if.end" [softmax_accel_hls.cc:304]   --->   Operation 35 'br' 'br_ln304' <Predicate = (tmp)> <Delay = 0.00>
ST_2 : Operation 36 [1/1] (0.00ns)   --->   "%tmp_114 = bitselect i1 @_ssdm_op_BitSelect.i1.i132.i32, i132 %exp_stream_read, i32 129" [softmax_accel_hls.cc:305]   --->   Operation 36 'bitselect' 'tmp_114' <Predicate = true> <Delay = 0.00>
ST_2 : Operation 37 [1/1] (0.00ns)   --->   "%br_ln305 = br i1 %tmp_114, void %if.end9, void %if.then5" [softmax_accel_hls.cc:305]   --->   Operation 37 'br' 'br_ln305' <Predicate = true> <Delay = 0.00>
ST_2 : Operation 38 [1/1] (0.00ns)   --->   "%exp_buf_1_addr = getelementptr i32 %exp_buf_1, i64 0, i64 %zext_ln299" [softmax_accel_hls.cc:305]   --->   Operation 38 'getelementptr' 'exp_buf_1_addr' <Predicate = (tmp_114)> <Delay = 0.00>
ST_2 : Operation 39 [1/1] ( I:3.25ns O:3.25ns )   --->   "%store_ln305 = store i32 %x1, i6 %exp_buf_1_addr" [softmax_accel_hls.cc:305]   --->   Operation 39 'store' 'store_ln305' <Predicate = (tmp_114)> <Delay = 3.25> <CoreInst = "RAM_2P_BRAM">   --->   Core 90 'RAM_2P_BRAM' <Latency = 1> <II = 1> <Delay = 3.25> <Storage> <Opcode : 'load' 'store'> <Ports = 2> <Width = 32> <Depth = 64> <RAM>
ST_2 : Operation 40 [1/1] (0.00ns)   --->   "%br_ln305 = br void %if.end9" [softmax_accel_hls.cc:305]   --->   Operation 40 'br' 'br_ln305' <Predicate = (tmp_114)> <Delay = 0.00>
ST_2 : Operation 41 [1/1] (0.00ns)   --->   "%tmp_115 = bitselect i1 @_ssdm_op_BitSelect.i1.i132.i32, i132 %exp_stream_read, i32 130" [softmax_accel_hls.cc:306]   --->   Operation 41 'bitselect' 'tmp_115' <Predicate = true> <Delay = 0.00>
ST_2 : Operation 42 [1/1] (0.00ns)   --->   "%br_ln306 = br i1 %tmp_115, void %if.end17, void %if.then13" [softmax_accel_hls.cc:306]   --->   Operation 42 'br' 'br_ln306' <Predicate = true> <Delay = 0.00>
ST_2 : Operation 43 [1/1] (0.00ns)   --->   "%exp_buf_2_addr = getelementptr i32 %exp_buf_2, i64 0, i64 %zext_ln299" [softmax_accel_hls.cc:306]   --->   Operation 43 'getelementptr' 'exp_buf_2_addr' <Predicate = (tmp_115)> <Delay = 0.00>
ST_2 : Operation 44 [1/1] ( I:3.25ns O:3.25ns )   --->   "%store_ln306 = store i32 %x2, i6 %exp_buf_2_addr" [softmax_accel_hls.cc:306]   --->   Operation 44 'store' 'store_ln306' <Predicate = (tmp_115)> <Delay = 3.25> <CoreInst = "RAM_2P_BRAM">   --->   Core 90 'RAM_2P_BRAM' <Latency = 1> <II = 1> <Delay = 3.25> <Storage> <Opcode : 'load' 'store'> <Ports = 2> <Width = 32> <Depth = 64> <RAM>
ST_2 : Operation 45 [1/1] (0.00ns)   --->   "%br_ln306 = br void %if.end17" [softmax_accel_hls.cc:306]   --->   Operation 45 'br' 'br_ln306' <Predicate = (tmp_115)> <Delay = 0.00>
ST_2 : Operation 46 [1/1] (0.00ns)   --->   "%tmp_116 = bitselect i1 @_ssdm_op_BitSelect.i1.i132.i32, i132 %exp_stream_read, i32 131" [softmax_accel_hls.cc:307]   --->   Operation 46 'bitselect' 'tmp_116' <Predicate = true> <Delay = 0.00>
ST_2 : Operation 47 [1/1] (0.00ns)   --->   "%br_ln307 = br i1 %tmp_116, void %if.end25, void %if.then21" [softmax_accel_hls.cc:307]   --->   Operation 47 'br' 'br_ln307' <Predicate = true> <Delay = 0.00>
ST_2 : Operation 48 [1/1] (0.00ns)   --->   "%exp_buf_3_addr = getelementptr i32 %exp_buf_3, i64 0, i64 %zext_ln299" [softmax_accel_hls.cc:307]   --->   Operation 48 'getelementptr' 'exp_buf_3_addr' <Predicate = (tmp_116)> <Delay = 0.00>
ST_2 : Operation 49 [1/1] ( I:3.25ns O:3.25ns )   --->   "%store_ln307 = store i32 %x3, i6 %exp_buf_3_addr" [softmax_accel_hls.cc:307]   --->   Operation 49 'store' 'store_ln307' <Predicate = (tmp_116)> <Delay = 3.25> <CoreInst = "RAM_2P_BRAM">   --->   Core 90 'RAM_2P_BRAM' <Latency = 1> <II = 1> <Delay = 3.25> <Storage> <Opcode : 'load' 'store'> <Ports = 2> <Width = 32> <Depth = 64> <RAM>
ST_2 : Operation 50 [1/1] (0.00ns)   --->   "%br_ln307 = br void %if.end25" [softmax_accel_hls.cc:307]   --->   Operation 50 'br' 'br_ln307' <Predicate = (tmp_116)> <Delay = 0.00>
ST_2 : Operation 51 [1/1] (0.00ns) (grouped into LUT with out node add_ln309)   --->   "%s0_1 = select i1 %tmp, i32 %x0, i32 0" [softmax_accel_hls.cc:157->softmax_accel_hls.cc:309]   --->   Operation 51 'select' 's0_1' <Predicate = true> <Delay = 0.00> <CoreInst = "Sel">   --->   Core 73 'Sel' <Latency = 0> <II = 1> <Delay = 0.69> <FuncUnit> <Opcode : 'select'> <InPorts = 3> <OutPorts = 1>
ST_2 : Operation 52 [1/1] (0.00ns) (grouped into LUT with out node add_ln309)   --->   "%zext_ln157 = zext i32 %s0_1" [softmax_accel_hls.cc:157->softmax_accel_hls.cc:309]   --->   Operation 52 'zext' 'zext_ln157' <Predicate = true> <Delay = 0.00>
ST_2 : Operation 53 [1/1] (0.00ns) (grouped into LUT with out node add_ln309)   --->   "%s1_1 = select i1 %tmp_114, i32 %x1, i32 0" [softmax_accel_hls.cc:158->softmax_accel_hls.cc:309]   --->   Operation 53 'select' 's1_1' <Predicate = true> <Delay = 0.00> <CoreInst = "Sel">   --->   Core 73 'Sel' <Latency = 0> <II = 1> <Delay = 0.69> <FuncUnit> <Opcode : 'select'> <InPorts = 3> <OutPorts = 1>
ST_2 : Operation 54 [1/1] (0.00ns) (grouped into LUT with out node add_ln309)   --->   "%zext_ln158 = zext i32 %s1_1" [softmax_accel_hls.cc:158->softmax_accel_hls.cc:309]   --->   Operation 54 'zext' 'zext_ln158' <Predicate = true> <Delay = 0.00>
ST_2 : Operation 55 [1/1] (0.00ns) (grouped into LUT with out node add_ln309_1)   --->   "%s2_1 = select i1 %tmp_115, i32 %x2, i32 0" [softmax_accel_hls.cc:159->softmax_accel_hls.cc:309]   --->   Operation 55 'select' 's2_1' <Predicate = true> <Delay = 0.00> <CoreInst = "Sel">   --->   Core 73 'Sel' <Latency = 0> <II = 1> <Delay = 0.69> <FuncUnit> <Opcode : 'select'> <InPorts = 3> <OutPorts = 1>
ST_2 : Operation 56 [1/1] (0.00ns) (grouped into LUT with out node add_ln309_1)   --->   "%zext_ln159 = zext i32 %s2_1" [softmax_accel_hls.cc:159->softmax_accel_hls.cc:309]   --->   Operation 56 'zext' 'zext_ln159' <Predicate = true> <Delay = 0.00>
ST_2 : Operation 57 [1/1] (0.00ns) (grouped into LUT with out node add_ln309_1)   --->   "%s3_1 = select i1 %tmp_116, i32 %x3, i32 0" [softmax_accel_hls.cc:160->softmax_accel_hls.cc:309]   --->   Operation 57 'select' 's3_1' <Predicate = true> <Delay = 0.00> <CoreInst = "Sel">   --->   Core 73 'Sel' <Latency = 0> <II = 1> <Delay = 0.69> <FuncUnit> <Opcode : 'select'> <InPorts = 3> <OutPorts = 1>
ST_2 : Operation 58 [1/1] (0.00ns) (grouped into LUT with out node add_ln309_1)   --->   "%zext_ln160 = zext i32 %s3_1" [softmax_accel_hls.cc:160->softmax_accel_hls.cc:309]   --->   Operation 58 'zext' 'zext_ln160' <Predicate = true> <Delay = 0.00>
ST_2 : Operation 59 [1/1] (2.55ns) (out node of the LUT)   --->   "%add_ln309 = add i33 %zext_ln157, i33 %zext_ln158" [softmax_accel_hls.cc:309]   --->   Operation 59 'add' 'add_ln309' <Predicate = true> <Delay = 2.55> <CoreInst = "Adder">   --->   Core 1 'Adder' <Latency = 0> <II = 1> <Delay = 2.55> <FuncUnit> <Opcode : 'add' 'sub'> <InPorts = 2> <OutPorts = 1>
ST_2 : Operation 60 [1/1] (2.55ns) (out node of the LUT)   --->   "%add_ln309_1 = add i33 %zext_ln159, i33 %zext_ln160" [softmax_accel_hls.cc:309]   --->   Operation 60 'add' 'add_ln309_1' <Predicate = true> <Delay = 2.55> <CoreInst = "Adder">   --->   Core 1 'Adder' <Latency = 0> <II = 1> <Delay = 2.55> <FuncUnit> <Opcode : 'add' 'sub'> <InPorts = 2> <OutPorts = 1>
ST_2 : Operation 69 [1/1] (0.00ns)   --->   "%sum64_load_1 = load i40 %sum64"   --->   Operation 69 'load' 'sum64_load_1' <Predicate = (icmp_ln299)> <Delay = 0.00>
ST_2 : Operation 70 [1/1] (0.00ns)   --->   "%write_ln0 = write void @_ssdm_op_Write.ap_auto.i40P0A, i40 %sum64_out, i40 %sum64_load_1"   --->   Operation 70 'write' 'write_ln0' <Predicate = (icmp_ln299)> <Delay = 0.00>
ST_2 : Operation 71 [1/1] (1.58ns)   --->   "%ret_ln0 = ret"   --->   Operation 71 'ret' 'ret_ln0' <Predicate = (icmp_ln299)> <Delay = 1.58>

State 3 <SV = 2> <Delay = 7.05>
ST_3 : Operation 61 [1/1] (0.00ns)   --->   "%sum64_load = load i40 %sum64" [softmax_accel_hls.cc:309]   --->   Operation 61 'load' 'sum64_load' <Predicate = true> <Delay = 0.00>
ST_3 : Operation 62 [1/1] (0.00ns)   --->   "%zext_ln309 = zext i33 %add_ln309" [softmax_accel_hls.cc:309]   --->   Operation 62 'zext' 'zext_ln309' <Predicate = true> <Delay = 0.00>
ST_3 : Operation 63 [1/1] (0.00ns)   --->   "%zext_ln309_1 = zext i33 %add_ln309_1" [softmax_accel_hls.cc:309]   --->   Operation 63 'zext' 'zext_ln309_1' <Predicate = true> <Delay = 0.00>
ST_3 : Operation 64 [1/1] (2.59ns)   --->   "%add_ln309_2 = add i34 %zext_ln309_1, i34 %zext_ln309" [softmax_accel_hls.cc:309]   --->   Operation 64 'add' 'add_ln309_2' <Predicate = true> <Delay = 2.59> <CoreInst = "Adder">   --->   Core 1 'Adder' <Latency = 0> <II = 1> <Delay = 2.59> <FuncUnit> <Opcode : 'add' 'sub'> <InPorts = 2> <OutPorts = 1>
ST_3 : Operation 65 [1/1] (0.00ns)   --->   "%zext_ln309_2 = zext i34 %add_ln309_2" [softmax_accel_hls.cc:309]   --->   Operation 65 'zext' 'zext_ln309_2' <Predicate = true> <Delay = 0.00>
ST_3 : Operation 66 [1/1] (2.87ns)   --->   "%sum64_1 = add i40 %sum64_load, i40 %zext_ln309_2" [softmax_accel_hls.cc:309]   --->   Operation 66 'add' 'sum64_1' <Predicate = true> <Delay = 2.87> <CoreInst = "Adder">   --->   Core 1 'Adder' <Latency = 0> <II = 1> <Delay = 2.87> <FuncUnit> <Opcode : 'add' 'sub'> <InPorts = 2> <OutPorts = 1>
ST_3 : Operation 67 [1/1] (1.58ns)   --->   "%store_ln295 = store i40 %sum64_1, i40 %sum64" [softmax_accel_hls.cc:295]   --->   Operation 67 'store' 'store_ln295' <Predicate = true> <Delay = 1.58>
ST_3 : Operation 68 [1/1] (0.00ns)   --->   "%br_ln299 = br void %for.body" [softmax_accel_hls.cc:299]   --->   Operation 68 'br' 'br_ln299' <Predicate = true> <Delay = 0.00>


============================================================
+ Verbose Summary: Binding
============================================================
STG Binding: 
---------------- STG Properties BEGIN ----------------
- Is combinational: 0
- Is one-state seq: 0
- Is datapath-only: 0
- Is pipelined: 0
- Is top level: 0
Port [ Return ] is wired: 1; IO mode=ap_ctrl_hs:ce=0
Port [ trunc_ln]:  wired=1; compound=0; hidden=0; nouse=0; global=0; static=0; extern=0; dir=0; type=0; pingpong=0; private_global=0; IO mode=ap_stable:ce=0
Port [ exp_buf_3]:  wired=1; compound=1; hidden=0; nouse=0; global=0; static=0; extern=0; dir=1; type=1; pingpong=0; private_global=0; MemPort=[30]; IO mode=ap_memory:ce=0
Port [ exp_buf_2]:  wired=1; compound=1; hidden=0; nouse=0; global=0; static=0; extern=0; dir=1; type=1; pingpong=0; private_global=0; MemPort=[30]; IO mode=ap_memory:ce=0
Port [ exp_buf_1]:  wired=1; compound=1; hidden=0; nouse=0; global=0; static=0; extern=0; dir=1; type=1; pingpong=0; private_global=0; MemPort=[30]; IO mode=ap_memory:ce=0
Port [ exp_buf_0]:  wired=1; compound=1; hidden=0; nouse=0; global=0; static=0; extern=0; dir=1; type=1; pingpong=0; private_global=0; MemPort=[30]; IO mode=ap_memory:ce=0
Port [ exp_stream]:  wired=1; compound=1; hidden=0; nouse=0; global=0; static=0; extern=0; dir=0; type=3; pingpong=0; private_global=0; IO mode=ap_fifo:ce=0
Port [ sum64_out]:  wired=1; compound=0; hidden=0; nouse=0; global=0; static=0; extern=0; dir=1; type=0; pingpong=0; private_global=0; IO mode=ap_vld:ce=0
---------------- STG Properties END ------------------

---------------- Datapath Model BEGIN ----------------

<LifeTime>
<method=bitvector/>
sum64                 (alloca           ) [ 0111]
blk                   (alloca           ) [ 0100]
specmemcore_ln0       (specmemcore      ) [ 0000]
specmemcore_ln0       (specmemcore      ) [ 0000]
specmemcore_ln0       (specmemcore      ) [ 0000]
specmemcore_ln0       (specmemcore      ) [ 0000]
specinterface_ln0     (specinterface    ) [ 0000]
trunc_ln_read         (read             ) [ 0000]
store_ln299           (store            ) [ 0000]
store_ln295           (store            ) [ 0000]
br_ln299              (br               ) [ 0000]
blk_5                 (load             ) [ 0110]
icmp_ln299            (icmp             ) [ 0110]
speclooptripcount_ln0 (speclooptripcount) [ 0000]
add_ln299             (add              ) [ 0000]
br_ln299              (br               ) [ 0000]
store_ln299           (store            ) [ 0000]
zext_ln299            (zext             ) [ 0000]
specpipeline_ln300    (specpipeline     ) [ 0000]
specloopname_ln299    (specloopname     ) [ 0000]
exp_stream_read       (read             ) [ 0000]
x0                    (trunc            ) [ 0000]
x1                    (partselect       ) [ 0000]
x2                    (partselect       ) [ 0000]
x3                    (partselect       ) [ 0000]
tmp                   (bitselect        ) [ 0110]
br_ln304              (br               ) [ 0000]
exp_buf_0_addr        (getelementptr    ) [ 0000]
store_ln304           (store            ) [ 0000]
br_ln304              (br               ) [ 0000]
tmp_114               (bitselect        ) [ 0110]
br_ln305              (br               ) [ 0000]
exp_buf_1_addr        (getelementptr    ) [ 0000]
store_ln305           (store            ) [ 0000]
br_ln305              (br               ) [ 0000]
tmp_115               (bitselect        ) [ 0110]
br_ln306              (br               ) [ 0000]
exp_buf_2_addr        (getelementptr    ) [ 0000]
store_ln306           (store            ) [ 0000]
br_ln306              (br               ) [ 0000]
tmp_116               (bitselect        ) [ 0110]
br_ln307              (br               ) [ 0000]
exp_buf_3_addr        (getelementptr    ) [ 0000]
store_ln307           (store            ) [ 0000]
br_ln307              (br               ) [ 0000]
s0_1                  (select           ) [ 0000]
zext_ln157            (zext             ) [ 0000]
s1_1                  (select           ) [ 0000]
zext_ln158            (zext             ) [ 0000]
s2_1                  (select           ) [ 0000]
zext_ln159            (zext             ) [ 0000]
s3_1                  (select           ) [ 0000]
zext_ln160            (zext             ) [ 0000]
add_ln309             (add              ) [ 0101]
add_ln309_1           (add              ) [ 0101]
sum64_load            (load             ) [ 0000]
zext_ln309            (zext             ) [ 0000]
zext_ln309_1          (zext             ) [ 0000]
add_ln309_2           (add              ) [ 0000]
zext_ln309_2          (zext             ) [ 0000]
sum64_1               (add              ) [ 0000]
store_ln295           (store            ) [ 0000]
br_ln299              (br               ) [ 0000]
sum64_load_1          (load             ) [ 0000]
write_ln0             (write            ) [ 0000]
ret_ln0               (ret              ) [ 0000]
</LifeTime>

<model>

<comp_list>
<comp id="0" class="1000" name="trunc_ln">
<pin_list>
<pin id="1" dir="1" index="0" bw="1" slack="0"/>
</pin_list>
<bind>
<StgValue><ssdm name="trunc_ln"/></StgValue>
</bind>
</comp>

<comp id="2" class="1000" name="exp_buf_3">
<pin_list>
<pin id="3" dir="1" index="0" bw="1" slack="0"/>
</pin_list>
<bind>
<StgValue><ssdm name="exp_buf_3"/><MemPortTyVec>3 0 </MemPortTyVec>
</StgValue>
</bind>
</comp>

<comp id="4" class="1000" name="exp_buf_2">
<pin_list>
<pin id="5" dir="1" index="0" bw="1" slack="0"/>
</pin_list>
<bind>
<StgValue><ssdm name="exp_buf_2"/><MemPortTyVec>3 0 </MemPortTyVec>
</StgValue>
</bind>
</comp>

<comp id="6" class="1000" name="exp_buf_1">
<pin_list>
<pin id="7" dir="1" index="0" bw="1" slack="0"/>
</pin_list>
<bind>
<StgValue><ssdm name="exp_buf_1"/><MemPortTyVec>3 0 </MemPortTyVec>
</StgValue>
</bind>
</comp>

<comp id="8" class="1000" name="exp_buf_0">
<pin_list>
<pin id="9" dir="1" index="0" bw="1" slack="0"/>
</pin_list>
<bind>
<StgValue><ssdm name="exp_buf_0"/><MemPortTyVec>3 0 </MemPortTyVec>
</StgValue>
</bind>
</comp>

<comp id="10" class="1000" name="exp_stream">
<pin_list>
<pin id="11" dir="1" index="0" bw="1" slack="0"/>
</pin_list>
<bind>
<StgValue><ssdm name="exp_stream"/></StgValue>
</bind>
</comp>

<comp id="12" class="1000" name="sum64_out">
<pin_list>
<pin id="13" dir="1" index="0" bw="1" slack="0"/>
</pin_list>
<bind>
<StgValue><ssdm name="sum64_out"/></StgValue>
</bind>
</comp>

<comp id="14" class="1001" name="const_14">
<pin_list>
<pin id="15" dir="1" index="0" bw="1" slack="0"/>
</pin_list>
<bind>
<StgValue><ssdm name=""/></StgValue>
</bind>
</comp>

<comp id="16" class="1001" name="const_16">
<pin_list>
<pin id="17" dir="1" index="0" bw="1" slack="2147483647"/>
</pin_list>
<bind>
<StgValue><ssdm name="_ssdm_op_SpecMemCore"/></StgValue>
</bind>
</comp>

<comp id="18" class="1001" name="const_18">
<pin_list>
<pin id="19" dir="1" index="0" bw="1" slack="2147483647"/>
</pin_list>
<bind>
<StgValue><ssdm name=""/></StgValue>
</bind>
</comp>

<comp id="20" class="1001" name="const_20">
<pin_list>
<pin id="21" dir="1" index="0" bw="1" slack="2147483647"/>
</pin_list>
<bind>
<StgValue><ssdm name=""/></StgValue>
</bind>
</comp>

<comp id="22" class="1001" name="const_22">
<pin_list>
<pin id="23" dir="1" index="0" bw="1" slack="2147483647"/>
</pin_list>
<bind>
<StgValue><ssdm name=""/></StgValue>
</bind>
</comp>

<comp id="24" class="1001" name="const_24">
<pin_list>
<pin id="25" dir="1" index="0" bw="1" slack="2147483647"/>
</pin_list>
<bind>
<StgValue><ssdm name="_ssdm_op_SpecInterface"/></StgValue>
</bind>
</comp>

<comp id="26" class="1001" name="const_26">
<pin_list>
<pin id="27" dir="1" index="0" bw="1" slack="2147483647"/>
</pin_list>
<bind>
<StgValue><ssdm name="empty"/></StgValue>
</bind>
</comp>

<comp id="28" class="1001" name="const_28">
<pin_list>
<pin id="29" dir="1" index="0" bw="1" slack="0"/>
</pin_list>
<bind>
<StgValue><ssdm name=""/></StgValue>
</bind>
</comp>

<comp id="30" class="1001" name="const_30">
<pin_list>
<pin id="31" dir="1" index="0" bw="1" slack="2147483647"/>
</pin_list>
<bind>
<StgValue><ssdm name="empty_1"/></StgValue>
</bind>
</comp>

<comp id="32" class="1001" name="const_32">
<pin_list>
<pin id="33" dir="1" index="0" bw="1" slack="2147483647"/>
</pin_list>
<bind>
<StgValue><ssdm name=""/></StgValue>
</bind>
</comp>

<comp id="34" class="1001" name="const_34">
<pin_list>
<pin id="35" dir="1" index="0" bw="1" slack="0"/>
</pin_list>
<bind>
<StgValue><ssdm name="_ssdm_op_Read.ap_auto.i7"/></StgValue>
</bind>
</comp>

<comp id="36" class="1001" name="const_36">
<pin_list>
<pin id="37" dir="1" index="0" bw="1" slack="0"/>
</pin_list>
<bind>
<StgValue><ssdm name=""/></StgValue>
</bind>
</comp>

<comp id="38" class="1001" name="const_38">
<pin_list>
<pin id="39" dir="1" index="0" bw="1" slack="0"/>
</pin_list>
<bind>
<StgValue><ssdm name=""/></StgValue>
</bind>
</comp>

<comp id="40" class="1001" name="const_40">
<pin_list>
<pin id="41" dir="1" index="0" bw="1" slack="2147483647"/>
</pin_list>
<bind>
<StgValue><ssdm name="_ssdm_op_SpecLoopTripCount"/></StgValue>
</bind>
</comp>

<comp id="42" class="1001" name="const_42">
<pin_list>
<pin id="43" dir="1" index="0" bw="1" slack="2147483647"/>
</pin_list>
<bind>
<StgValue><ssdm name=""/></StgValue>
</bind>
</comp>

<comp id="44" class="1001" name="const_44">
<pin_list>
<pin id="45" dir="1" index="0" bw="1" slack="2147483647"/>
</pin_list>
<bind>
<StgValue><ssdm name=""/></StgValue>
</bind>
</comp>

<comp id="46" class="1001" name="const_46">
<pin_list>
<pin id="47" dir="1" index="0" bw="1" slack="0"/>
</pin_list>
<bind>
<StgValue><ssdm name=""/></StgValue>
</bind>
</comp>

<comp id="48" class="1001" name="const_48">
<pin_list>
<pin id="49" dir="1" index="0" bw="1" slack="0"/>
</pin_list>
<bind>
<StgValue><ssdm name=""/></StgValue>
</bind>
</comp>

<comp id="50" class="1001" name="const_50">
<pin_list>
<pin id="51" dir="1" index="0" bw="1" slack="2147483647"/>
</pin_list>
<bind>
<StgValue><ssdm name="_ssdm_op_SpecPipeline"/></StgValue>
</bind>
</comp>

<comp id="52" class="1001" name="const_52">
<pin_list>
<pin id="53" dir="1" index="0" bw="1" slack="2147483647"/>
</pin_list>
<bind>
<StgValue><ssdm name="_ssdm_op_SpecLoopName"/></StgValue>
</bind>
</comp>

<comp id="54" class="1001" name="const_54">
<pin_list>
<pin id="55" dir="1" index="0" bw="1" slack="2147483647"/>
</pin_list>
<bind>
<StgValue><ssdm name="empty_16"/></StgValue>
</bind>
</comp>

<comp id="56" class="1001" name="const_56">
<pin_list>
<pin id="57" dir="1" index="0" bw="1" slack="0"/>
</pin_list>
<bind>
<StgValue><ssdm name="_ssdm_op_Read.ap_fifo.volatile.i132P0A"/></StgValue>
</bind>
</comp>

<comp id="58" class="1001" name="const_58">
<pin_list>
<pin id="59" dir="1" index="0" bw="1" slack="0"/>
</pin_list>
<bind>
<StgValue><ssdm name="_ssdm_op_PartSelect.i32.i132.i32.i32"/></StgValue>
</bind>
</comp>

<comp id="60" class="1001" name="const_60">
<pin_list>
<pin id="61" dir="1" index="0" bw="1" slack="0"/>
</pin_list>
<bind>
<StgValue><ssdm name=""/></StgValue>
</bind>
</comp>

<comp id="62" class="1001" name="const_62">
<pin_list>
<pin id="63" dir="1" index="0" bw="1" slack="0"/>
</pin_list>
<bind>
<StgValue><ssdm name=""/></StgValue>
</bind>
</comp>

<comp id="64" class="1001" name="const_64">
<pin_list>
<pin id="65" dir="1" index="0" bw="1" slack="0"/>
</pin_list>
<bind>
<StgValue><ssdm name=""/></StgValue>
</bind>
</comp>

<comp id="66" class="1001" name="const_66">
<pin_list>
<pin id="67" dir="1" index="0" bw="1" slack="0"/>
</pin_list>
<bind>
<StgValue><ssdm name=""/></StgValue>
</bind>
</comp>

<comp id="68" class="1001" name="const_68">
<pin_list>
<pin id="69" dir="1" index="0" bw="1" slack="0"/>
</pin_list>
<bind>
<StgValue><ssdm name=""/></StgValue>
</bind>
</comp>

<comp id="70" class="1001" name="const_70">
<pin_list>
<pin id="71" dir="1" index="0" bw="1" slack="0"/>
</pin_list>
<bind>
<StgValue><ssdm name=""/></StgValue>
</bind>
</comp>

<comp id="72" class="1001" name="const_72">
<pin_list>
<pin id="73" dir="1" index="0" bw="1" slack="0"/>
</pin_list>
<bind>
<StgValue><ssdm name="_ssdm_op_BitSelect.i1.i132.i32"/></StgValue>
</bind>
</comp>

<comp id="74" class="1001" name="const_74">
<pin_list>
<pin id="75" dir="1" index="0" bw="1" slack="0"/>
</pin_list>
<bind>
<StgValue><ssdm name=""/></StgValue>
</bind>
</comp>

<comp id="76" class="1001" name="const_76">
<pin_list>
<pin id="77" dir="1" index="0" bw="1" slack="0"/>
</pin_list>
<bind>
<StgValue><ssdm name=""/></StgValue>
</bind>
</comp>

<comp id="78" class="1001" name="const_78">
<pin_list>
<pin id="79" dir="1" index="0" bw="1" slack="0"/>
</pin_list>
<bind>
<StgValue><ssdm name=""/></StgValue>
</bind>
</comp>

<comp id="80" class="1001" name="const_80">
<pin_list>
<pin id="81" dir="1" index="0" bw="1" slack="0"/>
</pin_list>
<bind>
<StgValue><ssdm name=""/></StgValue>
</bind>
</comp>

<comp id="82" class="1001" name="const_82">
<pin_list>
<pin id="83" dir="1" index="0" bw="1" slack="0"/>
</pin_list>
<bind>
<StgValue><ssdm name="_ssdm_op_Write.ap_auto.i40P0A"/></StgValue>
</bind>
</comp>

<comp id="84" class="1004" name="sum64_fu_84">
<pin_list>
<pin id="85" dir="0" index="0" bw="1" slack="0"/>
<pin id="86" dir="1" index="1" bw="40" slack="0"/>
</pin_list>
<bind>
<opcode="alloca(26) " fcode="alloca"/>
<opset="sum64/1 "/>
</bind>
</comp>

<comp id="88" class="1004" name="blk_fu_88">
<pin_list>
<pin id="89" dir="0" index="0" bw="1" slack="0"/>
<pin id="90" dir="1" index="1" bw="7" slack="0"/>
</pin_list>
<bind>
<opcode="alloca(26) " fcode="alloca"/>
<opset="blk/1 "/>
</bind>
</comp>

<comp id="92" class="1004" name="trunc_ln_read_read_fu_92">
<pin_list>
<pin id="93" dir="0" index="0" bw="7" slack="0"/>
<pin id="94" dir="0" index="1" bw="7" slack="0"/>
<pin id="95" dir="1" index="2" bw="7" slack="0"/>
</pin_list>
<bind>
<opcode="read(1150) " fcode="read"/>
<opset="trunc_ln_read/1 "/>
</bind>
</comp>

<comp id="98" class="1004" name="exp_stream_read_read_fu_98">
<pin_list>
<pin id="99" dir="0" index="0" bw="132" slack="0"/>
<pin id="100" dir="0" index="1" bw="132" slack="0"/>
<pin id="101" dir="1" index="2" bw="132" slack="0"/>
</pin_list>
<bind>
<opcode="read(1150) " fcode="read"/>
<opset="exp_stream_read/2 "/>
</bind>
</comp>

<comp id="104" class="1004" name="write_ln0_write_fu_104">
<pin_list>
<pin id="105" dir="0" index="0" bw="0" slack="0"/>
<pin id="106" dir="0" index="1" bw="40" slack="0"/>
<pin id="107" dir="0" index="2" bw="40" slack="0"/>
<pin id="108" dir="1" index="3" bw="0" slack="2147483647"/>
</pin_list>
<bind>
<opcode="write(1151) " fcode="write"/>
<opset="write_ln0/2 "/>
</bind>
</comp>

<comp id="111" class="1004" name="exp_buf_0_addr_gep_fu_111">
<pin_list>
<pin id="112" dir="0" index="0" bw="32" slack="0"/>
<pin id="113" dir="0" index="1" bw="1" slack="0"/>
<pin id="114" dir="0" index="2" bw="7" slack="0"/>
<pin id="115" dir="1" index="3" bw="6" slack="0"/>
</pin_list>
<bind>
<opcode="getelementptr(29) " fcode="getelementptr"/>
<opset="exp_buf_0_addr/2 "/>
</bind>
</comp>

<comp id="118" class="1004" name="store_ln304_access_fu_118">
<pin_list>
<pin id="119" dir="0" index="0" bw="6" slack="2147483647"/>
<pin id="120" dir="0" index="1" bw="32" slack="2147483647"/>
<pin id="121" dir="0" index="2" bw="0" slack="0"/>
<pin id="123" dir="0" index="4" bw="6" slack="0"/>
<pin id="124" dir="0" index="5" bw="32" slack="2147483647"/>
<pin id="125" dir="0" index="6" bw="0" slack="2147483647"/>
<pin id="122" dir="1" index="3" bw="32" slack="2147483647"/>
<pin id="126" dir="1" index="7" bw="32" slack="2147483647"/>
</pin_list>
<bind>
<opcode="store(28) " fcode="store"/>
<opset="store_ln304/2 "/>
</bind>
</comp>

<comp id="128" class="1004" name="exp_buf_1_addr_gep_fu_128">
<pin_list>
<pin id="129" dir="0" index="0" bw="32" slack="0"/>
<pin id="130" dir="0" index="1" bw="1" slack="0"/>
<pin id="131" dir="0" index="2" bw="7" slack="0"/>
<pin id="132" dir="1" index="3" bw="6" slack="0"/>
</pin_list>
<bind>
<opcode="getelementptr(29) " fcode="getelementptr"/>
<opset="exp_buf_1_addr/2 "/>
</bind>
</comp>

<comp id="135" class="1004" name="store_ln305_access_fu_135">
<pin_list>
<pin id="136" dir="0" index="0" bw="6" slack="2147483647"/>
<pin id="137" dir="0" index="1" bw="32" slack="2147483647"/>
<pin id="138" dir="0" index="2" bw="0" slack="0"/>
<pin id="140" dir="0" index="4" bw="6" slack="0"/>
<pin id="141" dir="0" index="5" bw="32" slack="2147483647"/>
<pin id="142" dir="0" index="6" bw="0" slack="2147483647"/>
<pin id="139" dir="1" index="3" bw="32" slack="2147483647"/>
<pin id="143" dir="1" index="7" bw="32" slack="2147483647"/>
</pin_list>
<bind>
<opcode="store(28) " fcode="store"/>
<opset="store_ln305/2 "/>
</bind>
</comp>

<comp id="145" class="1004" name="exp_buf_2_addr_gep_fu_145">
<pin_list>
<pin id="146" dir="0" index="0" bw="32" slack="0"/>
<pin id="147" dir="0" index="1" bw="1" slack="0"/>
<pin id="148" dir="0" index="2" bw="7" slack="0"/>
<pin id="149" dir="1" index="3" bw="6" slack="0"/>
</pin_list>
<bind>
<opcode="getelementptr(29) " fcode="getelementptr"/>
<opset="exp_buf_2_addr/2 "/>
</bind>
</comp>

<comp id="152" class="1004" name="store_ln306_access_fu_152">
<pin_list>
<pin id="153" dir="0" index="0" bw="6" slack="2147483647"/>
<pin id="154" dir="0" index="1" bw="32" slack="2147483647"/>
<pin id="155" dir="0" index="2" bw="0" slack="0"/>
<pin id="157" dir="0" index="4" bw="6" slack="0"/>
<pin id="158" dir="0" index="5" bw="32" slack="2147483647"/>
<pin id="159" dir="0" index="6" bw="0" slack="2147483647"/>
<pin id="156" dir="1" index="3" bw="32" slack="2147483647"/>
<pin id="160" dir="1" index="7" bw="32" slack="2147483647"/>
</pin_list>
<bind>
<opcode="store(28) " fcode="store"/>
<opset="store_ln306/2 "/>
</bind>
</comp>

<comp id="162" class="1004" name="exp_buf_3_addr_gep_fu_162">
<pin_list>
<pin id="163" dir="0" index="0" bw="32" slack="0"/>
<pin id="164" dir="0" index="1" bw="1" slack="0"/>
<pin id="165" dir="0" index="2" bw="7" slack="0"/>
<pin id="166" dir="1" index="3" bw="6" slack="0"/>
</pin_list>
<bind>
<opcode="getelementptr(29) " fcode="getelementptr"/>
<opset="exp_buf_3_addr/2 "/>
</bind>
</comp>

<comp id="169" class="1004" name="store_ln307_access_fu_169">
<pin_list>
<pin id="170" dir="0" index="0" bw="6" slack="2147483647"/>
<pin id="171" dir="0" index="1" bw="32" slack="2147483647"/>
<pin id="172" dir="0" index="2" bw="0" slack="0"/>
<pin id="174" dir="0" index="4" bw="6" slack="0"/>
<pin id="175" dir="0" index="5" bw="32" slack="2147483647"/>
<pin id="176" dir="0" index="6" bw="0" slack="2147483647"/>
<pin id="173" dir="1" index="3" bw="32" slack="2147483647"/>
<pin id="177" dir="1" index="7" bw="32" slack="2147483647"/>
</pin_list>
<bind>
<opcode="store(28) " fcode="store"/>
<opset="store_ln307/2 "/>
</bind>
</comp>

<comp id="179" class="1004" name="store_ln299_store_fu_179">
<pin_list>
<pin id="180" dir="0" index="0" bw="1" slack="0"/>
<pin id="181" dir="0" index="1" bw="7" slack="0"/>
<pin id="182" dir="1" index="2" bw="0" slack="2147483647"/>
</pin_list>
<bind>
<opcode="store(28) " fcode="store"/>
<opset="store_ln299/1 "/>
</bind>
</comp>

<comp id="184" class="1004" name="store_ln295_store_fu_184">
<pin_list>
<pin id="185" dir="0" index="0" bw="1" slack="0"/>
<pin id="186" dir="0" index="1" bw="40" slack="0"/>
<pin id="187" dir="1" index="2" bw="0" slack="2147483647"/>
</pin_list>
<bind>
<opcode="store(28) " fcode="store"/>
<opset="store_ln295/1 "/>
</bind>
</comp>

<comp id="189" class="1004" name="blk_5_load_fu_189">
<pin_list>
<pin id="190" dir="0" index="0" bw="7" slack="0"/>
<pin id="191" dir="1" index="1" bw="7" slack="0"/>
</pin_list>
<bind>
<opcode="load(27) " fcode="load"/>
<opset="blk_5/1 "/>
</bind>
</comp>

<comp id="192" class="1004" name="icmp_ln299_fu_192">
<pin_list>
<pin id="193" dir="0" index="0" bw="7" slack="0"/>
<pin id="194" dir="0" index="1" bw="7" slack="0"/>
<pin id="195" dir="1" index="2" bw="1" slack="1"/>
</pin_list>
<bind>
<opcode="icmp(45) " fcode="icmp"/>
<opset="icmp_ln299/1 "/>
</bind>
</comp>

<comp id="198" class="1004" name="add_ln299_fu_198">
<pin_list>
<pin id="199" dir="0" index="0" bw="7" slack="0"/>
<pin id="200" dir="0" index="1" bw="1" slack="0"/>
<pin id="201" dir="1" index="2" bw="7" slack="0"/>
</pin_list>
<bind>
<opcode="add(8) " fcode="add"/>
<opset="add_ln299/1 "/>
</bind>
</comp>

<comp id="204" class="1004" name="store_ln299_store_fu_204">
<pin_list>
<pin id="205" dir="0" index="0" bw="7" slack="0"/>
<pin id="206" dir="0" index="1" bw="7" slack="0"/>
<pin id="207" dir="1" index="2" bw="0" slack="2147483647"/>
</pin_list>
<bind>
<opcode="store(28) " fcode="store"/>
<opset="store_ln299/1 "/>
</bind>
</comp>

<comp id="209" class="1004" name="zext_ln299_fu_209">
<pin_list>
<pin id="210" dir="0" index="0" bw="7" slack="1"/>
<pin id="211" dir="1" index="1" bw="64" slack="0"/>
</pin_list>
<bind>
<opcode="zext(34) " fcode="zext"/>
<opset="zext_ln299/2 "/>
</bind>
</comp>

<comp id="216" class="1004" name="x0_fu_216">
<pin_list>
<pin id="217" dir="0" index="0" bw="132" slack="0"/>
<pin id="218" dir="1" index="1" bw="32" slack="0"/>
</pin_list>
<bind>
<opcode="trunc(33) " fcode="trunc"/>
<opset="x0/2 "/>
</bind>
</comp>

<comp id="221" class="1004" name="x1_fu_221">
<pin_list>
<pin id="222" dir="0" index="0" bw="32" slack="0"/>
<pin id="223" dir="0" index="1" bw="132" slack="0"/>
<pin id="224" dir="0" index="2" bw="7" slack="0"/>
<pin id="225" dir="0" index="3" bw="7" slack="0"/>
<pin id="226" dir="1" index="4" bw="32" slack="0"/>
</pin_list>
<bind>
<opcode="partselect(1002) " fcode="partselect"/>
<opset="x1/2 "/>
</bind>
</comp>

<comp id="232" class="1004" name="x2_fu_232">
<pin_list>
<pin id="233" dir="0" index="0" bw="32" slack="0"/>
<pin id="234" dir="0" index="1" bw="132" slack="0"/>
<pin id="235" dir="0" index="2" bw="8" slack="0"/>
<pin id="236" dir="0" index="3" bw="8" slack="0"/>
<pin id="237" dir="1" index="4" bw="32" slack="0"/>
</pin_list>
<bind>
<opcode="partselect(1002) " fcode="partselect"/>
<opset="x2/2 "/>
</bind>
</comp>

<comp id="243" class="1004" name="x3_fu_243">
<pin_list>
<pin id="244" dir="0" index="0" bw="32" slack="0"/>
<pin id="245" dir="0" index="1" bw="132" slack="0"/>
<pin id="246" dir="0" index="2" bw="8" slack="0"/>
<pin id="247" dir="0" index="3" bw="8" slack="0"/>
<pin id="248" dir="1" index="4" bw="32" slack="0"/>
</pin_list>
<bind>
<opcode="partselect(1002) " fcode="partselect"/>
<opset="x3/2 "/>
</bind>
</comp>

<comp id="254" class="1004" name="tmp_fu_254">
<pin_list>
<pin id="255" dir="0" index="0" bw="1" slack="0"/>
<pin id="256" dir="0" index="1" bw="132" slack="0"/>
<pin id="257" dir="0" index="2" bw="9" slack="0"/>
<pin id="258" dir="1" index="3" bw="1" slack="0"/>
</pin_list>
<bind>
<opcode="bitselect(1000) " fcode="bitselect"/>
<opset="tmp/2 "/>
</bind>
</comp>

<comp id="262" class="1004" name="tmp_114_fu_262">
<pin_list>
<pin id="263" dir="0" index="0" bw="1" slack="0"/>
<pin id="264" dir="0" index="1" bw="132" slack="0"/>
<pin id="265" dir="0" index="2" bw="9" slack="0"/>
<pin id="266" dir="1" index="3" bw="1" slack="0"/>
</pin_list>
<bind>
<opcode="bitselect(1000) " fcode="bitselect"/>
<opset="tmp_114/2 "/>
</bind>
</comp>

<comp id="270" class="1004" name="tmp_115_fu_270">
<pin_list>
<pin id="271" dir="0" index="0" bw="1" slack="0"/>
<pin id="272" dir="0" index="1" bw="132" slack="0"/>
<pin id="273" dir="0" index="2" bw="9" slack="0"/>
<pin id="274" dir="1" index="3" bw="1" slack="0"/>
</pin_list>
<bind>
<opcode="bitselect(1000) " fcode="bitselect"/>
<opset="tmp_115/2 "/>
</bind>
</comp>

<comp id="278" class="1004" name="tmp_116_fu_278">
<pin_list>
<pin id="279" dir="0" index="0" bw="1" slack="0"/>
<pin id="280" dir="0" index="1" bw="132" slack="0"/>
<pin id="281" dir="0" index="2" bw="9" slack="0"/>
<pin id="282" dir="1" index="3" bw="1" slack="0"/>
</pin_list>
<bind>
<opcode="bitselect(1000) " fcode="bitselect"/>
<opset="tmp_116/2 "/>
</bind>
</comp>

<comp id="286" class="1004" name="s0_1_fu_286">
<pin_list>
<pin id="287" dir="0" index="0" bw="1" slack="0"/>
<pin id="288" dir="0" index="1" bw="32" slack="0"/>
<pin id="289" dir="0" index="2" bw="1" slack="0"/>
<pin id="290" dir="1" index="3" bw="32" slack="0"/>
</pin_list>
<bind>
<opcode="select(49) " fcode="select"/>
<opset="s0_1/2 "/>
</bind>
</comp>

<comp id="294" class="1004" name="zext_ln157_fu_294">
<pin_list>
<pin id="295" dir="0" index="0" bw="32" slack="0"/>
<pin id="296" dir="1" index="1" bw="33" slack="0"/>
</pin_list>
<bind>
<opcode="zext(34) " fcode="zext"/>
<opset="zext_ln157/2 "/>
</bind>
</comp>

<comp id="298" class="1004" name="s1_1_fu_298">
<pin_list>
<pin id="299" dir="0" index="0" bw="1" slack="0"/>
<pin id="300" dir="0" index="1" bw="32" slack="0"/>
<pin id="301" dir="0" index="2" bw="1" slack="0"/>
<pin id="302" dir="1" index="3" bw="32" slack="0"/>
</pin_list>
<bind>
<opcode="select(49) " fcode="select"/>
<opset="s1_1/2 "/>
</bind>
</comp>

<comp id="306" class="1004" name="zext_ln158_fu_306">
<pin_list>
<pin id="307" dir="0" index="0" bw="32" slack="0"/>
<pin id="308" dir="1" index="1" bw="33" slack="0"/>
</pin_list>
<bind>
<opcode="zext(34) " fcode="zext"/>
<opset="zext_ln158/2 "/>
</bind>
</comp>

<comp id="310" class="1004" name="s2_1_fu_310">
<pin_list>
<pin id="311" dir="0" index="0" bw="1" slack="0"/>
<pin id="312" dir="0" index="1" bw="32" slack="0"/>
<pin id="313" dir="0" index="2" bw="1" slack="0"/>
<pin id="314" dir="1" index="3" bw="32" slack="0"/>
</pin_list>
<bind>
<opcode="select(49) " fcode="select"/>
<opset="s2_1/2 "/>
</bind>
</comp>

<comp id="318" class="1004" name="zext_ln159_fu_318">
<pin_list>
<pin id="319" dir="0" index="0" bw="32" slack="0"/>
<pin id="320" dir="1" index="1" bw="33" slack="0"/>
</pin_list>
<bind>
<opcode="zext(34) " fcode="zext"/>
<opset="zext_ln159/2 "/>
</bind>
</comp>

<comp id="322" class="1004" name="s3_1_fu_322">
<pin_list>
<pin id="323" dir="0" index="0" bw="1" slack="0"/>
<pin id="324" dir="0" index="1" bw="32" slack="0"/>
<pin id="325" dir="0" index="2" bw="1" slack="0"/>
<pin id="326" dir="1" index="3" bw="32" slack="0"/>
</pin_list>
<bind>
<opcode="select(49) " fcode="select"/>
<opset="s3_1/2 "/>
</bind>
</comp>

<comp id="330" class="1004" name="zext_ln160_fu_330">
<pin_list>
<pin id="331" dir="0" index="0" bw="32" slack="0"/>
<pin id="332" dir="1" index="1" bw="33" slack="0"/>
</pin_list>
<bind>
<opcode="zext(34) " fcode="zext"/>
<opset="zext_ln160/2 "/>
</bind>
</comp>

<comp id="334" class="1004" name="add_ln309_fu_334">
<pin_list>
<pin id="335" dir="0" index="0" bw="32" slack="0"/>
<pin id="336" dir="0" index="1" bw="32" slack="0"/>
<pin id="337" dir="1" index="2" bw="33" slack="1"/>
</pin_list>
<bind>
<opcode="add(8) " fcode="add"/>
<opset="add_ln309/2 "/>
</bind>
</comp>

<comp id="340" class="1004" name="add_ln309_1_fu_340">
<pin_list>
<pin id="341" dir="0" index="0" bw="32" slack="0"/>
<pin id="342" dir="0" index="1" bw="32" slack="0"/>
<pin id="343" dir="1" index="2" bw="33" slack="1"/>
</pin_list>
<bind>
<opcode="add(8) " fcode="add"/>
<opset="add_ln309_1/2 "/>
</bind>
</comp>

<comp id="346" class="1004" name="sum64_load_load_fu_346">
<pin_list>
<pin id="347" dir="0" index="0" bw="40" slack="2"/>
<pin id="348" dir="1" index="1" bw="40" slack="0"/>
</pin_list>
<bind>
<opcode="load(27) " fcode="load"/>
<opset="sum64_load/3 "/>
</bind>
</comp>

<comp id="349" class="1004" name="zext_ln309_fu_349">
<pin_list>
<pin id="350" dir="0" index="0" bw="33" slack="1"/>
<pin id="351" dir="1" index="1" bw="34" slack="0"/>
</pin_list>
<bind>
<opcode="zext(34) " fcode="zext"/>
<opset="zext_ln309/3 "/>
</bind>
</comp>

<comp id="352" class="1004" name="zext_ln309_1_fu_352">
<pin_list>
<pin id="353" dir="0" index="0" bw="33" slack="1"/>
<pin id="354" dir="1" index="1" bw="34" slack="0"/>
</pin_list>
<bind>
<opcode="zext(34) " fcode="zext"/>
<opset="zext_ln309_1/3 "/>
</bind>
</comp>

<comp id="355" class="1004" name="add_ln309_2_fu_355">
<pin_list>
<pin id="356" dir="0" index="0" bw="33" slack="0"/>
<pin id="357" dir="0" index="1" bw="33" slack="0"/>
<pin id="358" dir="1" index="2" bw="34" slack="0"/>
</pin_list>
<bind>
<opcode="add(8) " fcode="add"/>
<opset="add_ln309_2/3 "/>
</bind>
</comp>

<comp id="361" class="1004" name="zext_ln309_2_fu_361">
<pin_list>
<pin id="362" dir="0" index="0" bw="34" slack="0"/>
<pin id="363" dir="1" index="1" bw="40" slack="0"/>
</pin_list>
<bind>
<opcode="zext(34) " fcode="zext"/>
<opset="zext_ln309_2/3 "/>
</bind>
</comp>

<comp id="365" class="1004" name="sum64_1_fu_365">
<pin_list>
<pin id="366" dir="0" index="0" bw="40" slack="0"/>
<pin id="367" dir="0" index="1" bw="34" slack="0"/>
<pin id="368" dir="1" index="2" bw="40" slack="0"/>
</pin_list>
<bind>
<opcode="add(8) " fcode="add"/>
<opset="sum64_1/3 "/>
</bind>
</comp>

<comp id="371" class="1004" name="store_ln295_store_fu_371">
<pin_list>
<pin id="372" dir="0" index="0" bw="40" slack="0"/>
<pin id="373" dir="0" index="1" bw="40" slack="2"/>
<pin id="374" dir="1" index="2" bw="0" slack="2147483647"/>
</pin_list>
<bind>
<opcode="store(28) " fcode="store"/>
<opset="store_ln295/3 "/>
</bind>
</comp>

<comp id="376" class="1004" name="sum64_load_1_load_fu_376">
<pin_list>
<pin id="377" dir="0" index="0" bw="40" slack="1"/>
<pin id="378" dir="1" index="1" bw="40" slack="0"/>
</pin_list>
<bind>
<opcode="load(27) " fcode="load"/>
<opset="sum64_load_1/2 "/>
</bind>
</comp>

<comp id="380" class="1005" name="sum64_reg_380">
<pin_list>
<pin id="381" dir="0" index="0" bw="40" slack="0"/>
<pin id="382" dir="1" index="1" bw="40" slack="0"/>
</pin_list>
<bind>
<opset="sum64 "/>
</bind>
</comp>

<comp id="388" class="1005" name="blk_reg_388">
<pin_list>
<pin id="389" dir="0" index="0" bw="7" slack="0"/>
<pin id="390" dir="1" index="1" bw="7" slack="0"/>
</pin_list>
<bind>
<opset="blk "/>
</bind>
</comp>

<comp id="395" class="1005" name="blk_5_reg_395">
<pin_list>
<pin id="396" dir="0" index="0" bw="7" slack="1"/>
<pin id="397" dir="1" index="1" bw="7" slack="1"/>
</pin_list>
<bind>
<opset="blk_5 "/>
</bind>
</comp>

<comp id="400" class="1005" name="icmp_ln299_reg_400">
<pin_list>
<pin id="401" dir="0" index="0" bw="1" slack="1"/>
<pin id="402" dir="1" index="1" bw="1" slack="2147483647"/>
</pin_list>
<bind>
<opset="icmp_ln299 "/>
</bind>
</comp>

<comp id="416" class="1005" name="add_ln309_reg_416">
<pin_list>
<pin id="417" dir="0" index="0" bw="33" slack="1"/>
<pin id="418" dir="1" index="1" bw="33" slack="1"/>
</pin_list>
<bind>
<opset="add_ln309 "/>
</bind>
</comp>

<comp id="421" class="1005" name="add_ln309_1_reg_421">
<pin_list>
<pin id="422" dir="0" index="0" bw="33" slack="1"/>
<pin id="423" dir="1" index="1" bw="33" slack="1"/>
</pin_list>
<bind>
<opset="add_ln309_1 "/>
</bind>
</comp>

</comp_list>

<net_list>
<net id="87"><net_src comp="14" pin="0"/><net_sink comp="84" pin=0"/></net>

<net id="91"><net_src comp="14" pin="0"/><net_sink comp="88" pin=0"/></net>

<net id="96"><net_src comp="34" pin="0"/><net_sink comp="92" pin=0"/></net>

<net id="97"><net_src comp="0" pin="0"/><net_sink comp="92" pin=1"/></net>

<net id="102"><net_src comp="56" pin="0"/><net_sink comp="98" pin=0"/></net>

<net id="103"><net_src comp="10" pin="0"/><net_sink comp="98" pin=1"/></net>

<net id="109"><net_src comp="82" pin="0"/><net_sink comp="104" pin=0"/></net>

<net id="110"><net_src comp="12" pin="0"/><net_sink comp="104" pin=1"/></net>

<net id="116"><net_src comp="8" pin="0"/><net_sink comp="111" pin=0"/></net>

<net id="117"><net_src comp="46" pin="0"/><net_sink comp="111" pin=1"/></net>

<net id="127"><net_src comp="111" pin="3"/><net_sink comp="118" pin=2"/></net>

<net id="133"><net_src comp="6" pin="0"/><net_sink comp="128" pin=0"/></net>

<net id="134"><net_src comp="46" pin="0"/><net_sink comp="128" pin=1"/></net>

<net id="144"><net_src comp="128" pin="3"/><net_sink comp="135" pin=2"/></net>

<net id="150"><net_src comp="4" pin="0"/><net_sink comp="145" pin=0"/></net>

<net id="151"><net_src comp="46" pin="0"/><net_sink comp="145" pin=1"/></net>

<net id="161"><net_src comp="145" pin="3"/><net_sink comp="152" pin=2"/></net>

<net id="167"><net_src comp="2" pin="0"/><net_sink comp="162" pin=0"/></net>

<net id="168"><net_src comp="46" pin="0"/><net_sink comp="162" pin=1"/></net>

<net id="178"><net_src comp="162" pin="3"/><net_sink comp="169" pin=2"/></net>

<net id="183"><net_src comp="36" pin="0"/><net_sink comp="179" pin=0"/></net>

<net id="188"><net_src comp="38" pin="0"/><net_sink comp="184" pin=0"/></net>

<net id="196"><net_src comp="189" pin="1"/><net_sink comp="192" pin=0"/></net>

<net id="197"><net_src comp="92" pin="2"/><net_sink comp="192" pin=1"/></net>

<net id="202"><net_src comp="189" pin="1"/><net_sink comp="198" pin=0"/></net>

<net id="203"><net_src comp="48" pin="0"/><net_sink comp="198" pin=1"/></net>

<net id="208"><net_src comp="198" pin="2"/><net_sink comp="204" pin=0"/></net>

<net id="212"><net_src comp="209" pin="1"/><net_sink comp="111" pin=2"/></net>

<net id="213"><net_src comp="209" pin="1"/><net_sink comp="128" pin=2"/></net>

<net id="214"><net_src comp="209" pin="1"/><net_sink comp="145" pin=2"/></net>

<net id="215"><net_src comp="209" pin="1"/><net_sink comp="162" pin=2"/></net>

<net id="219"><net_src comp="98" pin="2"/><net_sink comp="216" pin=0"/></net>

<net id="220"><net_src comp="216" pin="1"/><net_sink comp="118" pin=4"/></net>

<net id="227"><net_src comp="58" pin="0"/><net_sink comp="221" pin=0"/></net>

<net id="228"><net_src comp="98" pin="2"/><net_sink comp="221" pin=1"/></net>

<net id="229"><net_src comp="60" pin="0"/><net_sink comp="221" pin=2"/></net>

<net id="230"><net_src comp="62" pin="0"/><net_sink comp="221" pin=3"/></net>

<net id="231"><net_src comp="221" pin="4"/><net_sink comp="135" pin=4"/></net>

<net id="238"><net_src comp="58" pin="0"/><net_sink comp="232" pin=0"/></net>

<net id="239"><net_src comp="98" pin="2"/><net_sink comp="232" pin=1"/></net>

<net id="240"><net_src comp="64" pin="0"/><net_sink comp="232" pin=2"/></net>

<net id="241"><net_src comp="66" pin="0"/><net_sink comp="232" pin=3"/></net>

<net id="242"><net_src comp="232" pin="4"/><net_sink comp="152" pin=4"/></net>

<net id="249"><net_src comp="58" pin="0"/><net_sink comp="243" pin=0"/></net>

<net id="250"><net_src comp="98" pin="2"/><net_sink comp="243" pin=1"/></net>

<net id="251"><net_src comp="68" pin="0"/><net_sink comp="243" pin=2"/></net>

<net id="252"><net_src comp="70" pin="0"/><net_sink comp="243" pin=3"/></net>

<net id="253"><net_src comp="243" pin="4"/><net_sink comp="169" pin=4"/></net>

<net id="259"><net_src comp="72" pin="0"/><net_sink comp="254" pin=0"/></net>

<net id="260"><net_src comp="98" pin="2"/><net_sink comp="254" pin=1"/></net>

<net id="261"><net_src comp="74" pin="0"/><net_sink comp="254" pin=2"/></net>

<net id="267"><net_src comp="72" pin="0"/><net_sink comp="262" pin=0"/></net>

<net id="268"><net_src comp="98" pin="2"/><net_sink comp="262" pin=1"/></net>

<net id="269"><net_src comp="76" pin="0"/><net_sink comp="262" pin=2"/></net>

<net id="275"><net_src comp="72" pin="0"/><net_sink comp="270" pin=0"/></net>

<net id="276"><net_src comp="98" pin="2"/><net_sink comp="270" pin=1"/></net>

<net id="277"><net_src comp="78" pin="0"/><net_sink comp="270" pin=2"/></net>

<net id="283"><net_src comp="72" pin="0"/><net_sink comp="278" pin=0"/></net>

<net id="284"><net_src comp="98" pin="2"/><net_sink comp="278" pin=1"/></net>

<net id="285"><net_src comp="80" pin="0"/><net_sink comp="278" pin=2"/></net>

<net id="291"><net_src comp="254" pin="3"/><net_sink comp="286" pin=0"/></net>

<net id="292"><net_src comp="216" pin="1"/><net_sink comp="286" pin=1"/></net>

<net id="293"><net_src comp="28" pin="0"/><net_sink comp="286" pin=2"/></net>

<net id="297"><net_src comp="286" pin="3"/><net_sink comp="294" pin=0"/></net>

<net id="303"><net_src comp="262" pin="3"/><net_sink comp="298" pin=0"/></net>

<net id="304"><net_src comp="221" pin="4"/><net_sink comp="298" pin=1"/></net>

<net id="305"><net_src comp="28" pin="0"/><net_sink comp="298" pin=2"/></net>

<net id="309"><net_src comp="298" pin="3"/><net_sink comp="306" pin=0"/></net>

<net id="315"><net_src comp="270" pin="3"/><net_sink comp="310" pin=0"/></net>

<net id="316"><net_src comp="232" pin="4"/><net_sink comp="310" pin=1"/></net>

<net id="317"><net_src comp="28" pin="0"/><net_sink comp="310" pin=2"/></net>

<net id="321"><net_src comp="310" pin="3"/><net_sink comp="318" pin=0"/></net>

<net id="327"><net_src comp="278" pin="3"/><net_sink comp="322" pin=0"/></net>

<net id="328"><net_src comp="243" pin="4"/><net_sink comp="322" pin=1"/></net>

<net id="329"><net_src comp="28" pin="0"/><net_sink comp="322" pin=2"/></net>

<net id="333"><net_src comp="322" pin="3"/><net_sink comp="330" pin=0"/></net>

<net id="338"><net_src comp="294" pin="1"/><net_sink comp="334" pin=0"/></net>

<net id="339"><net_src comp="306" pin="1"/><net_sink comp="334" pin=1"/></net>

<net id="344"><net_src comp="318" pin="1"/><net_sink comp="340" pin=0"/></net>

<net id="345"><net_src comp="330" pin="1"/><net_sink comp="340" pin=1"/></net>

<net id="359"><net_src comp="352" pin="1"/><net_sink comp="355" pin=0"/></net>

<net id="360"><net_src comp="349" pin="1"/><net_sink comp="355" pin=1"/></net>

<net id="364"><net_src comp="355" pin="2"/><net_sink comp="361" pin=0"/></net>

<net id="369"><net_src comp="346" pin="1"/><net_sink comp="365" pin=0"/></net>

<net id="370"><net_src comp="361" pin="1"/><net_sink comp="365" pin=1"/></net>

<net id="375"><net_src comp="365" pin="2"/><net_sink comp="371" pin=0"/></net>

<net id="379"><net_src comp="376" pin="1"/><net_sink comp="104" pin=2"/></net>

<net id="383"><net_src comp="84" pin="1"/><net_sink comp="380" pin=0"/></net>

<net id="384"><net_src comp="380" pin="1"/><net_sink comp="184" pin=1"/></net>

<net id="385"><net_src comp="380" pin="1"/><net_sink comp="346" pin=0"/></net>

<net id="386"><net_src comp="380" pin="1"/><net_sink comp="371" pin=1"/></net>

<net id="387"><net_src comp="380" pin="1"/><net_sink comp="376" pin=0"/></net>

<net id="391"><net_src comp="88" pin="1"/><net_sink comp="388" pin=0"/></net>

<net id="392"><net_src comp="388" pin="1"/><net_sink comp="179" pin=1"/></net>

<net id="393"><net_src comp="388" pin="1"/><net_sink comp="189" pin=0"/></net>

<net id="394"><net_src comp="388" pin="1"/><net_sink comp="204" pin=1"/></net>

<net id="398"><net_src comp="189" pin="1"/><net_sink comp="395" pin=0"/></net>

<net id="399"><net_src comp="395" pin="1"/><net_sink comp="209" pin=0"/></net>

<net id="403"><net_src comp="192" pin="2"/><net_sink comp="400" pin=0"/></net>

<net id="419"><net_src comp="334" pin="2"/><net_sink comp="416" pin=0"/></net>

<net id="420"><net_src comp="416" pin="1"/><net_sink comp="349" pin=0"/></net>

<net id="424"><net_src comp="340" pin="2"/><net_sink comp="421" pin=0"/></net>

<net id="425"><net_src comp="421" pin="1"/><net_sink comp="352" pin=0"/></net>

</net_list>

</model> 
---------------- Datapath Model END ------------------

* FSMD analyzer results:
  - Output states:
	Port: exp_buf_3 | {2 }
	Port: exp_buf_2 | {2 }
	Port: exp_buf_1 | {2 }
	Port: exp_buf_0 | {2 }
	Port: sum64_out | {2 }
 - Input state : 
	Port: cache_exp_stream_Pipeline_cache_exp_loop : trunc_ln | {1 }
	Port: cache_exp_stream_Pipeline_cache_exp_loop : exp_stream | {2 }
  - Chain level:
	State 1
		store_ln299 : 1
		store_ln295 : 1
		blk_5 : 1
		icmp_ln299 : 2
		add_ln299 : 2
		br_ln299 : 3
		store_ln299 : 3
	State 2
		br_ln304 : 1
		exp_buf_0_addr : 1
		store_ln304 : 1
		br_ln305 : 1
		exp_buf_1_addr : 1
		store_ln305 : 1
		br_ln306 : 1
		exp_buf_2_addr : 1
		store_ln306 : 1
		br_ln307 : 1
		exp_buf_3_addr : 1
		store_ln307 : 1
		s0_1 : 1
		zext_ln157 : 2
		s1_1 : 1
		zext_ln158 : 2
		s2_1 : 1
		zext_ln159 : 2
		s3_1 : 1
		zext_ln160 : 2
		add_ln309 : 3
		add_ln309_1 : 3
		write_ln0 : 1
	State 3
		add_ln309_2 : 1
		zext_ln309_2 : 2
		sum64_1 : 3
		store_ln295 : 4


============================================================
+ Verbose Summary: Datapath Resource usage 
============================================================

* Functional unit list:
|----------|----------------------------|---------|---------|
| Operation|       Functional Unit      |    FF   |   LUT   |
|----------|----------------------------|---------|---------|
|          |      add_ln299_fu_198      |    0    |    14   |
|          |      add_ln309_fu_334      |    0    |    39   |
|    add   |     add_ln309_1_fu_340     |    0    |    39   |
|          |     add_ln309_2_fu_355     |    0    |    40   |
|          |       sum64_1_fu_365       |    0    |    47   |
|----------|----------------------------|---------|---------|
|          |         s0_1_fu_286        |    0    |    32   |
|  select  |         s1_1_fu_298        |    0    |    32   |
|          |         s2_1_fu_310        |    0    |    32   |
|          |         s3_1_fu_322        |    0    |    32   |
|----------|----------------------------|---------|---------|
|   icmp   |      icmp_ln299_fu_192     |    0    |    14   |
|----------|----------------------------|---------|---------|
|   read   |  trunc_ln_read_read_fu_92  |    0    |    0    |
|          | exp_stream_read_read_fu_98 |    0    |    0    |
|----------|----------------------------|---------|---------|
|   write  |   write_ln0_write_fu_104   |    0    |    0    |
|----------|----------------------------|---------|---------|
|          |      zext_ln299_fu_209     |    0    |    0    |
|          |      zext_ln157_fu_294     |    0    |    0    |
|          |      zext_ln158_fu_306     |    0    |    0    |
|   zext   |      zext_ln159_fu_318     |    0    |    0    |
|          |      zext_ln160_fu_330     |    0    |    0    |
|          |      zext_ln309_fu_349     |    0    |    0    |
|          |     zext_ln309_1_fu_352    |    0    |    0    |
|          |     zext_ln309_2_fu_361    |    0    |    0    |
|----------|----------------------------|---------|---------|
|   trunc  |          x0_fu_216         |    0    |    0    |
|----------|----------------------------|---------|---------|
|          |          x1_fu_221         |    0    |    0    |
|partselect|          x2_fu_232         |    0    |    0    |
|          |          x3_fu_243         |    0    |    0    |
|----------|----------------------------|---------|---------|
|          |         tmp_fu_254         |    0    |    0    |
| bitselect|       tmp_114_fu_262       |    0    |    0    |
|          |       tmp_115_fu_270       |    0    |    0    |
|          |       tmp_116_fu_278       |    0    |    0    |
|----------|----------------------------|---------|---------|
|   Total  |                            |    0    |   321   |
|----------|----------------------------|---------|---------|

Memories:
N/A

* Register list:
+-------------------+--------+
|                   |   FF   |
+-------------------+--------+
|add_ln309_1_reg_421|   33   |
| add_ln309_reg_416 |   33   |
|   blk_5_reg_395   |    7   |
|    blk_reg_388    |    7   |
| icmp_ln299_reg_400|    1   |
|   sum64_reg_380   |   40   |
+-------------------+--------+
|       Total       |   121  |
+-------------------+--------+

* Multiplexer (MUX) list: 
|--------|------|------|------|--------|
|  Comp  |  Pin | Size |  BW  | S x BW |
|--------|------|------|------|--------|
|  Total |      |      |      |    0   |
|--------|------|------|------|--------|



* Summary:
+-----------+--------+--------+
|           |   FF   |   LUT  |
+-----------+--------+--------+
|  Function |    0   |   321  |
|   Memory  |    -   |    -   |
|Multiplexer|    -   |    -   |
|  Register |   121  |    -   |
+-----------+--------+--------+
|   Total   |   121  |   321  |
+-----------+--------+--------+
