

================================================================
== Vitis HLS Report for 'cache_exp_stream_Pipeline_cache_exp_loop'
================================================================
* Date:           Sat Mar 14 14:59:13 2026

* Version:        2025.1 (Build 6135595 on May 21 2025)
* Project:        Prometheus_streaming_w4
* Solution:       hls (Vivado IP Flow Target)
* Product family: zynq
* Target device:  xc7z020-clg400-1


================================================================
== Performance Estimates
================================================================
+ Timing: 
    * Summary: 
    +--------+----------+----------+------------+
    |  Clock |  Target  | Estimated| Uncertainty|
    +--------+----------+----------+------------+
    |ap_clk  |  11.80 ns|  7.058 ns|     3.19 ns|
    +--------+----------+----------+------------+

+ Latency: 
    * Summary: 
    +---------+---------+-----------+----------+-----+-----+------------------------------------------------+
    |  Latency (cycles) |  Latency (absolute)  |  Interval |                    Pipeline                    |
    |   min   |   max   |    min    |    max   | min | max |                      Type                      |
    +---------+---------+-----------+----------+-----+-----+------------------------------------------------+
    |        4|       67|  47.200 ns|  0.791 us|    2|   65|  loop auto-rewind stp (delay=0 clock cycles(s))|
    +---------+---------+-----------+----------+-----+-----+------------------------------------------------+

    + Detail: 
        * Instance: 
        N/A

        * Loop: 
        +------------------+---------+---------+----------+-----------+-----------+--------+----------+
        |                  |  Latency (cycles) | Iteration|  Initiation Interval  |  Trip  |          |
        |     Loop Name    |   min   |   max   |  Latency |  achieved |   target  |  Count | Pipelined|
        +------------------+---------+---------+----------+-----------+-----------+--------+----------+
        |- cache_exp_loop  |        2|       65|         3|          1|          1|  1 ~ 64|       yes|
        +------------------+---------+---------+----------+-----------+-----------+--------+----------+

============================================================
+ Verbose Summary: Synthesis Manager
============================================================
InlineROM: 1
ExposeGlobal: 0
============================================================
+ Verbose Summary: CDFG Model
============================================================
IsTopModel: 0
ResetActiveHigh: 1
IsCombinational: 0
IsDatapathOnly: 0
HasWiredReturn: 1
HasMFsm: 2
HasVarLatency: 1
IsPipeline: 0
IsRtlPipelined: 0
IsInstanceOverlapped: 0
IsDontTouch: 0
HasImplIP: 0
IsGatedGlobalClock: 0

+ Individual pipeline summary: 
  * Pipeline-0: initiation interval (II) = 1, depth = 3


============================================================
+ Verbose Summary: Schedule
============================================================
* Number of FSM states : 3
* Pipeline : 1
  Pipeline-0 : II = 1, D = 3, States = { 1 2 3 }
* Dataflow Pipeline: 0

* FSM state transitions: 
1 --> 2 
2 --> 3 
3 --> 

* FSM state operations: 

State 1 <SV = 0> <Delay = 5.04>
ST_1 : Operation 6 [1/1] (0.00ns)   --->   "%sum64 = alloca i32 1" [softmax_accel_hls.cc:295]   --->   Operation 6 'alloca' 'sum64' <Predicate = true> <Delay = 0.00>
ST_1 : Operation 7 [1/1] (0.00ns)   --->   "%blk = alloca i32 1" [softmax_accel_hls.cc:299]   --->   Operation 7 'alloca' 'blk' <Predicate = true> <Delay = 0.00>
ST_1 : Operation 8 [1/1] (0.00ns)   --->   "%specmemcore_ln0 = specmemcore void @_ssdm_op_SpecMemCore, i32 %exp_buf_0, i64 666, i64 22, i64 18446744073709551615"   --->   Operation 8 'specmemcore' 'specmemcore_ln0' <Predicate = true> <Delay = 0.00>
ST_1 : Operation 9 [1/1] (0.00ns)   --->   "%specmemcore_ln0 = specmemcore void @_ssdm_op_SpecMemCore, i32 %exp_buf_1, i64 666, i64 22, i64 18446744073709551615"   --->   Operation 9 'specmemcore' 'specmemcore_ln0' <Predicate = true> <Delay = 0.00>
ST_1 : Operation 10 [1/1] (0.00ns)   --->   "%specmemcore_ln0 = specmemcore void @_ssdm_op_SpecMemCore, i32 %exp_buf_2, i64 666, i64 22, i64 18446744073709551615"   --->   Operation 10 'specmemcore' 'specmemcore_ln0' <Predicate = true> <Delay = 0.00>
ST_1 : Operation 11 [1/1] (0.00ns)   --->   "%specmemcore_ln0 = specmemcore void @_ssdm_op_SpecMemCore, i32 %exp_buf_3, i64 666, i64 22, i64 18446744073709551615"   --->   Operation 11 'specmemcore' 'specmemcore_ln0' <Predicate = true> <Delay = 0.00>
ST_1 : Operation 12 [1/1] (0.00ns)   --->   "%specinterface_ln0 = specinterface void @_ssdm_op_SpecInterface, i132 %exp_stream, void @empty, i32 0, i32 0, void @empty_1, i32 0, i32 0, void @empty_1, void @empty_1, void @empty_1, i32 0, i32 0, i32 0, i32 0, void @empty_1, void @empty_1, i32 4294967295, i32 0, i32 0"   --->   Operation 12 'specinterface' 'specinterface_ln0' <Predicate = true> <Delay = 0.00>
ST_1 : Operation 13 [1/1] (0.00ns)   --->   "%trunc_ln_read = read i7 @_ssdm_op_Read.ap_auto.i7, i7 %trunc_ln" [softmax_accel_hls.cc:289]   --->   Operation 13 'read' 'trunc_ln_read' <Predicate = true> <Delay = 0.00>
ST_1 : Operation 14 [1/1] (1.58ns)   --->   "%store_ln299 = store i7 0, i7 %blk" [softmax_accel_hls.cc:299]   --->   Operation 14 'store' 'store_ln299' <Predicate = true> <Delay = 1.58>
ST_1 : Operation 15 [1/1] (1.58ns)   --->   "%store_ln295 = store i40 0, i40 %sum64" [softmax_accel_hls.cc:295]   --->   Operation 15 'store' 'store_ln295' <Predicate = true> <Delay = 1.58>
ST_1 : Operation 16 [1/1] (0.00ns)   --->   "%br_ln299 = br void %for.body" [softmax_accel_hls.cc:299]   --->   Operation 16 'br' 'br_ln299' <Predicate = true> <Delay = 0.00>
ST_1 : Operation 17 [1/1] (0.00ns)   --->   "%blk_5 = load i7 %blk" [softmax_accel_hls.cc:299]   --->   Operation 17 'load' 'blk_5' <Predicate = true> <Delay = 0.00>
ST_1 : Operation 18 [1/1] (1.87ns)   --->   "%icmp_ln299 = icmp_eq  i7 %blk_5, i7 %trunc_ln_read" [softmax_accel_hls.cc:299]   --->   Operation 18 'icmp' 'icmp_ln299' <Predicate = true> <Delay = 1.87> <CoreInst = "Cmp">   --->   Core 9 'Cmp' <Latency = 0> <II = 1> <Delay = 1.87> <FuncUnit> <Opcode : 'seteq' 'setne' 'setle' 'setge' 'setlt' 'setgt'> <InPorts = 2> <OutPorts = 1>
ST_1 : Operation 19 [1/1] (0.00ns)   --->   "%speclooptripcount_ln0 = speclooptripcount void @_ssdm_op_SpecLoopTripCount, i64 1, i64 64, i64 0"   --->   Operation 19 'speclooptripcount' 'speclooptripcount_ln0' <Predicate = true> <Delay = 0.00>
ST_1 : Operation 20 [1/1] (1.87ns)   --->   "%add_ln299 = add i7 %blk_5, i7 1" [softmax_accel_hls.cc:299]   --->   Operation 20 'add' 'add_ln299' <Predicate = true> <Delay = 1.87> <CoreInst = "Adder">   --->   Core 1 'Adder' <Latency = 0> <II = 1> <Delay = 1.87> <FuncUnit> <Opcode : 'add' 'sub'> <InPorts = 2> <OutPorts = 1>
ST_1 : Operation 21 [1/1] (0.00ns)   --->   "%br_ln299 = br i1 %icmp_ln299, void %for.body.split, void %for.end.exitStub" [softmax_accel_hls.cc:299]   --->   Operation 21 'br' 'br_ln299' <Predicate = true> <Delay = 0.00>
ST_1 : Operation 22 [1/1] (1.58ns)   --->   "%store_ln299 = store i7 %add_ln299, i7 %blk" [softmax_accel_hls.cc:299]   --->   Operation 22 'store' 'store_ln299' <Predicate = (!icmp_ln299)> <Delay = 1.58>

State 2 <SV = 1> <Delay = 6.96>
ST_2 : Operation 23 [1/1] (0.00ns)   --->   "%zext_ln299 = zext i7 %blk_5" [softmax_accel_hls.cc:299]   --->   Operation 23 'zext' 'zext_ln299' <Predicate = true> <Delay = 0.00>
ST_2 : Operation 24 [1/1] (0.00ns)   --->   "%specpipeline_ln300 = specpipeline void @_ssdm_op_SpecPipeline, i32 1, i32 0, i32 0, i32 0, void @empty_1" [softmax_accel_hls.cc:300]   --->   Operation 24 'specpipeline' 'specpipeline_ln300' <Predicate = true> <Delay = 0.00>
ST_2 : Operation 25 [1/1] (0.00ns)   --->   "%specloopname_ln299 = specloopname void @_ssdm_op_SpecLoopName, void @empty_16" [softmax_accel_hls.cc:299]   --->   Operation 25 'specloopname' 'specloopname_ln299' <Predicate = true> <Delay = 0.00>
ST_2 : Operation 26 [1/1] ( I:3.70ns O:3.70ns )   --->   "%exp_stream_read = read i132 @_ssdm_op_Read.ap_fifo.volatile.i132P0A, i132 %exp_stream" [softmax_accel_hls.cc:302]   --->   Operation 26 'read' 'exp_stream_read' <Predicate = true> <Delay = 3.70> <CoreInst = "FIFO">   --->   Core 77 'FIFO' <Latency = 0> <II = 1> <Delay = 3.70> <Storage> <Opcode : 'read' 'write' 'nbread' 'nbwrite'> <Ports = 0> <Width = 132> <Depth = 16> <FIFO>
ST_2 : Operation 27 [1/1] (0.00ns)   --->   "%x0 = trunc i132 %exp_stream_read" [softmax_accel_hls.cc:302]   --->   Operation 27 'trunc' 'x0' <Predicate = true> <Delay = 0.00>
ST_2 : Operation 28 [1/1] (0.00ns)   --->   "%x1 = partselect i32 @_ssdm_op_PartSelect.i32.i132.i32.i32, i132 %exp_stream_read, i32 32, i32 63" [softmax_accel_hls.cc:302]   --->   Operation 28 'partselect' 'x1' <Predicate = true> <Delay = 0.00>
ST_2 : Operation 29 [1/1] (0.00ns)   --->   "%x2 = partselect i32 @_ssdm_op_PartSelect.i32.i132.i32.i32, i132 %exp_stream_read, i32 64, i32 95" [softmax_accel_hls.cc:302]   --->   Operation 29 'partselect' 'x2' <Predicate = true> <Delay = 0.00>
ST_2 : Operation 30 [1/1] (0.00ns)   --->   "%x3 = partselect i32 @_ssdm_op_PartSelect.i32.i132.i32.i32, i132 %exp_stream_read, i32 96, i32 127" [softmax_accel_hls.cc:302]   --->   Operation 30 'partselect' 'x3' <Predicate = true> <Delay = 0.00>
ST_2 : Operation 31 [1/1] (0.00ns)   --->   "%tmp = bitselect i1 @_ssdm_op_BitSelect.i1.i132.i32, i132 %exp_stream_read, i32 128" [softmax_accel_hls.cc:304]   --->   Operation 31 'bitselect' 'tmp' <Predicate = true> <Delay = 0.00>
ST_2 : Operation 32 [1/1] (0.00ns)   --->   "%br_ln304 = br i1 %tmp, void %if.end, void %if.then" [softmax_accel_hls.cc:304]   --->   Operation 32 'br' 'br_ln304' <Predicate = true> <Delay = 0.00>
ST_2 : Operation 33 [1/1] (0.00ns)   --->   "%exp_buf_0_addr = getelementptr i32 %exp_buf_0, i64 0, i64 %zext_ln299" [softmax_accel_hls.cc:304]   --->   Operation 33 'getelementptr' 'exp_buf_0_addr' <Predicate = (tmp)> <Delay = 0.00>
ST_2 : Operation 34 [1/1] ( I:3.25ns O:3.25ns )   --->   "%store_ln304 = store i32 %x0, i6 %exp_buf_0_addr" [softmax_accel_hls.cc:304]   --->   Operation 34 'store' 'store_ln304' <Predicate = (tmp)> <Delay = 3.25> <CoreInst = "RAM_2P_BRAM">   --->   Core 90 'RAM_2P_BRAM' <Latency = 1> <II = 1> <Delay = 3.25> <Storage> <Opcode : 'load' 'store'> <Ports = 2> <Width = 32> <Depth = 64> <RAM>
ST_2 : Operation 35 [1/1] (0.00ns)   --->   "%br_ln304 = br void %if.end" [softmax_accel_hls.cc:304]   --->   Operation 35 'br' 'br_ln304' <Predicate = (tmp)> <Delay = 0.00>
ST_2 : Operation 36 [1/1] (0.00ns)   --->   "%tmp_114 = bitselect i1 @_ssdm_op_BitSelect.i1.i132.i32, i132 %exp_stream_read, i32 129" [softmax_accel_hls.cc:305]   --->   Operation 36 'bitselect' 'tmp_114' <Predicate = true> <Delay = 0.00>
ST_2 : Operation 37 [1/1] (0.00ns)   --->   "%br_ln305 = br i1 %tmp_114, void %if.end9, void %if.then5" [softmax_accel_hls.cc:305]   --->   Operation 37 'br' 'br_ln305' <Predicate = true> <Delay = 0.00>
ST_2 : Operation 38 [1/1] (0.00ns)   --->   "%exp_buf_1_addr = getelementptr i32 %exp_buf_1, i64 0, i64 %zext_ln299" [softmax_accel_hls.cc:305]   --->   Operation 38 'getelementptr' 'exp_buf_1_addr' <Predicate = (tmp_114)> <Delay = 0.00>
ST_2 : Operation 39 [1/1] ( I:3.25ns O:3.25ns )   --->   "%store_ln305 = store i32 %x1, i6 %exp_buf_1_addr" [softmax_accel_hls.cc:305]   --->   Operation 39 'store' 'store_ln305' <Predicate = (tmp_114)> <Delay = 3.25> <CoreInst = "RAM_2P_BRAM">   --->   Core 90 'RAM_2P_BRAM' <Latency = 1> <II = 1> <Delay = 3.25> <Storage> <Opcode : 'load' 'store'> <Ports = 2> <Width = 32> <Depth = 64> <RAM>
ST_2 : Operation 40 [1/1] (0.00ns)   --->   "%br_ln305 = br void %if.end9" [softmax_accel_hls.cc:305]   --->   Operation 40 'br' 'br_ln305' <Predicate = (tmp_114)> <Delay = 0.00>
ST_2 : Operation 41 [1/1] (0.00ns)   --->   "%tmp_115 = bitselect i1 @_ssdm_op_BitSelect.i1.i132.i32, i132 %exp_stream_read, i32 130" [softmax_accel_hls.cc:306]   --->   Operation 41 'bitselect' 'tmp_115' <Predicate = true> <Delay = 0.00>
ST_2 : Operation 42 [1/1] (0.00ns)   --->   "%br_ln306 = br i1 %tmp_115, void %if.end17, void %if.then13" [softmax_accel_hls.cc:306]   --->   Operation 42 'br' 'br_ln306' <Predicate = true> <Delay = 0.00>
ST_2 : Operation 43 [1/1] (0.00ns)   --->   "%exp_buf_2_addr = getelementptr i32 %exp_buf_2, i64 0, i64 %zext_ln299" [softmax_accel_hls.cc:306]   --->   Operation 43 'getelementptr' 'exp_buf_2_addr' <Predicate = (tmp_115)> <Delay = 0.00>
ST_2 : Operation 44 [1/1] ( I:3.25ns O:3.25ns )   --->   "%store_ln306 = store i32 %x2, i6 %exp_buf_2_addr" [softmax_accel_hls.cc:306]   --->   Operation 44 'store' 'store_ln306' <Predicate = (tmp_115)> <Delay = 3.25> <CoreInst = "RAM_2P_BRAM">   --->   Core 90 'RAM_2P_BRAM' <Latency = 1> <II = 1> <Delay = 3.25> <Storage> <Opcode : 'load' 'store'> <Ports = 2> <Width = 32> <Depth = 64> <RAM>
ST_2 : Operation 45 [1/1] (0.00ns)   --->   "%br_ln306 = br void %if.end17" [softmax_accel_hls.cc:306]   --->   Operation 45 'br' 'br_ln306' <Predicate = (tmp_115)> <Delay = 0.00>
ST_2 : Operation 46 [1/1] (0.00ns)   --->   "%tmp_116 = bitselect i1 @_ssdm_op_BitSelect.i1.i132.i32, i132 %exp_stream_read, i32 131" [softmax_accel_hls.cc:307]   --->   Operation 46 'bitselect' 'tmp_116' <Predicate = true> <Delay = 0.00>
ST_2 : Operation 47 [1/1] (0.00ns)   --->   "%br_ln307 = br i1 %tmp_116, void %if.end25, void %if.then21" [softmax_accel_hls.cc:307]   --->   Operation 47 'br' 'br_ln307' <Predicate = true> <Delay = 0.00>
ST_2 : Operation 48 [1/1] (0.00ns)   --->   "%exp_buf_3_addr = getelementptr i32 %exp_buf_3, i64 0, i64 %zext_ln299" [softmax_accel_hls.cc:307]   --->   Operation 48 'getelementptr' 'exp_buf_3_addr' <Predicate = (tmp_116)> <Delay = 0.00>
ST_2 : Operation 49 [1/1] ( I:3.25ns O:3.25ns )   --->   "%store_ln307 = store i32 %x3, i6 %exp_buf_3_addr" [softmax_accel_hls.cc:307]   --->   Operation 49 'store' 'store_ln307' <Predicate = (tmp_116)> <Delay = 3.25> <CoreInst = "RAM_2P_BRAM">   --->   Core 90 'RAM_2P_BRAM' <Latency = 1> <II = 1> <Delay = 3.25> <Storage> <Opcode : 'load' 'store'> <Ports = 2> <Width = 32> <Depth = 64> <RAM>
ST_2 : Operation 50 [1/1] (0.00ns)   --->   "%br_ln307 = br void %if.end25" [softmax_accel_hls.cc:307]   --->   Operation 50 'br' 'br_ln307' <Predicate = (tmp_116)> <Delay = 0.00>
ST_2 : Operation 51 [1/1] (0.00ns) (grouped into LUT with out node add_ln309)   --->   "%s0_1 = select i1 %tmp, i32 %x0, i32 0" [softmax_accel_hls.cc:157->softmax_accel_hls.cc:309]   --->   Operation 51 'select' 's0_1' <Predicate = true> <Delay = 0.00> <CoreInst = "Sel">   --->   Core 73 'Sel' <Latency = 0> <II = 1> <Delay = 0.69> <FuncUnit> <Opcode : 'select'> <InPorts = 3> <OutPorts = 1>
ST_2 : Operation 52 [1/1] (0.00ns) (grouped into LUT with out node add_ln309)   --->   "%zext_ln157 = zext i32 %s0_1" [softmax_accel_hls.cc:157->softmax_accel_hls.cc:309]   --->   Operation 52 'zext' 'zext_ln157' <Predicate = true> <Delay = 0.00>
ST_2 : Operation 53 [1/1] (0.00ns) (grouped into LUT with out node add_ln309)   --->   "%s1_1 = select i1 %tmp_114, i32 %x1, i32 0" [softmax_accel_hls.cc:158->softmax_accel_hls.cc:309]   --->   Operation 53 'select' 's1_1' <Predicate = true> <Delay = 0.00> <CoreInst = "Sel">   --->   Core 73 'Sel' <Latency = 0> <II = 1> <Delay = 0.69> <FuncUnit> <Opcode : 'select'> <InPorts = 3> <OutPorts = 1>
ST_2 : Operation 54 [1/1] (0.00ns) (grouped into LUT with out node add_ln309)   --->   "%zext_ln158 = zext i32 %s1_1" [softmax_accel_hls.cc:158->softmax_accel_hls.cc:309]   --->   Operation 54 'zext' 'zext_ln158' <Predicate = true> <Delay = 0.00>
ST_2 : Operation 55 [1/1] (0.00ns) (grouped into LUT with out node add_ln309_1)   --->   "%s2_1 = select i1 %tmp_115, i32 %x2, i32 0" [softmax_accel_hls.cc:159->softmax_accel_hls.cc:309]   --->   Operation 55 'select' 's2_1' <Predicate = true> <Delay = 0.00> <CoreInst = "Sel">   --->   Core 73 'Sel' <Latency = 0> <II = 1> <Delay = 0.69> <FuncUnit> <Opcode : 'select'> <InPorts = 3> <OutPorts = 1>
ST_2 : Operation 56 [1/1] (0.00ns) (grouped into LUT with out node add_ln309_1)   --->   "%zext_ln159 = zext i32 %s2_1" [softmax_accel_hls.cc:159->softmax_accel_hls.cc:309]   --->   Operation 56 'zext' 'zext_ln159' <Predicate = true> <Delay = 0.00>
ST_2 : Operation 57 [1/1] (0.00ns) (grouped into LUT with out node add_ln309_1)   --->   "%s3_1 = select i1 %tmp_116, i32 %x3, i32 0" [softmax_accel_hls.cc:160->softmax_accel_hls.cc:309]   --->   Operation 57 'select' 's3_1' <Predicate = true> <Delay = 0.00> <CoreInst = "Sel">   --->   Core 73 'Sel' <Latency = 0> <II = 1> <Delay = 0.69> <FuncUnit> <Opcode : 'select'> <InPorts = 3> <OutPorts = 1>
ST_2 : Operation 58 [1/1] (0.00ns) (grouped into LUT with out node add_ln309_1)   --->   "%zext_ln160 = zext i32 %s3_1" [softmax_accel_hls.cc:160->softmax_accel_hls.cc:309]   --->   Operation 58 'zext' 'zext_ln160' <Predicate = true> <Delay = 0.00>
ST_2 : Operation 59 [1/1] (2.55ns) (out node of the LUT)   --->   "%add_ln309 = add i33 %zext_ln157, i33 %zext_ln158" [softmax_accel_hls.cc:309]   --->   Operation 59 'add' 'add_ln309' <Predicate = true> <Delay = 2.55> <CoreInst = "Adder">   --->   Core 1 'Adder' <Latency = 0> <II = 1> <Delay = 2.55> <FuncUnit> <Opcode : 'add' 'sub'> <InPorts = 2> <OutPorts = 1>
ST_2 : Operation 60 [1/1] (2.55ns) (out node of the LUT)   --->   "%add_ln309_1 = add i33 %zext_ln159, i33 %zext_ln160" [softmax_accel_hls.cc:309]   --->   Operation 60 'add' 'add_ln309_1' <Predicate = true> <Delay = 2.55> <CoreInst = "Adder">   --->   Core 1 'Adder' <Latency = 0> <II = 1> <Delay = 2.55> <FuncUnit> <Opcode : 'add' 'sub'> <InPorts = 2> <OutPorts = 1>
ST_2 : Operation 69 [1/1] (0.00ns)   --->   "%sum64_load_1 = load i40 %sum64"   --->   Operation 69 'load' 'sum64_load_1' <Predicate = (icmp_ln299)> <Delay = 0.00>
ST_2 : Operation 70 [1/1] (0.00ns)   --->   "%write_ln0 = write void @_ssdm_op_Write.ap_auto.i40P0A, i40 %sum64_out, i40 %sum64_load_1"   --->   Operation 70 'write' 'write_ln0' <Predicate = (icmp_ln299)> <Delay = 0.00>
ST_2 : Operation 71 [1/1] (1.58ns)   --->   "%ret_ln0 = ret"   --->   Operation 71 'ret' 'ret_ln0' <Predicate = (icmp_ln299)> <Delay = 1.58>

State 3 <SV = 2> <Delay = 7.05>
ST_3 : Operation 61 [1/1] (0.00ns)   --->   "%sum64_load = load i40 %sum64" [softmax_accel_hls.cc:309]   --->   Operation 61 'load' 'sum64_load' <Predicate = true> <Delay = 0.00>
ST_3 : Operation 62 [1/1] (0.00ns)   --->   "%zext_ln309 = zext i33 %add_ln309" [softmax_accel_hls.cc:309]   --->   Operation 62 'zext' 'zext_ln309' <Predicate = true> <Delay = 0.00>
ST_3 : Operation 63 [1/1] (0.00ns)   --->   "%zext_ln309_1 = zext i33 %add_ln309_1" [softmax_accel_hls.cc:309]   --->   Operation 63 'zext' 'zext_ln309_1' <Predicate = true> <Delay = 0.00>
ST_3 : Operation 64 [1/1] (2.59ns)   --->   "%add_ln309_2 = add i34 %zext_ln309_1, i34 %zext_ln309" [softmax_accel_hls.cc:309]   --->   Operation 64 'add' 'add_ln309_2' <Predicate = true> <Delay = 2.59> <CoreInst = "Adder">   --->   Core 1 'Adder' <Latency = 0> <II = 1> <Delay = 2.59> <FuncUnit> <Opcode : 'add' 'sub'> <InPorts = 2> <OutPorts = 1>
ST_3 : Operation 65 [1/1] (0.00ns)   --->   "%zext_ln309_2 = zext i34 %add_ln309_2" [softmax_accel_hls.cc:309]   --->   Operation 65 'zext' 'zext_ln309_2' <Predicate = true> <Delay = 0.00>
ST_3 : Operation 66 [1/1] (2.87ns)   --->   "%sum64_1 = add i40 %sum64_load, i40 %zext_ln309_2" [softmax_accel_hls.cc:309]   --->   Operation 66 'add' 'sum64_1' <Predicate = true> <Delay = 2.87> <CoreInst = "Adder">   --->   Core 1 'Adder' <Latency = 0> <II = 1> <Delay = 2.87> <FuncUnit> <Opcode : 'add' 'sub'> <InPorts = 2> <OutPorts = 1>
ST_3 : Operation 67 [1/1] (1.58ns)   --->   "%store_ln295 = store i40 %sum64_1, i40 %sum64" [softmax_accel_hls.cc:295]   --->   Operation 67 'store' 'store_ln295' <Predicate = true> <Delay = 1.58>
ST_3 : Operation 68 [1/1] (0.00ns)   --->   "%br_ln299 = br void %for.body" [softmax_accel_hls.cc:299]   --->   Operation 68 'br' 'br_ln299' <Predicate = true> <Delay = 0.00>


============================================================
+ Verbose Summary: Timing violations
============================================================
Target clock period: 11.800ns, clock uncertainty: 3.186ns.

 <State 1>: 5.046ns
The critical path consists of the following:
	'store' operation 0 bit ('store_ln299', softmax_accel_hls.cc:299) of constant 0 on local variable 'blk', softmax_accel_hls.cc:299 [16]  (1.588 ns)
	'load' operation 7 bit ('blk', softmax_accel_hls.cc:299) on local variable 'blk', softmax_accel_hls.cc:299 [20]  (0.000 ns)
	'add' operation 7 bit ('add_ln299', softmax_accel_hls.cc:299) [23]  (1.870 ns)
	'store' operation 0 bit ('store_ln299', softmax_accel_hls.cc:299) of variable 'add_ln299', softmax_accel_hls.cc:299 on local variable 'blk', softmax_accel_hls.cc:299 [78]  (1.588 ns)

 <State 2>: 6.961ns
The critical path consists of the following:
	fifo read operation ('exp_stream_read', softmax_accel_hls.cc:302) on port 'exp_stream' (softmax_accel_hls.cc:302) [29]  (3.707 ns)
	'store' operation 0 bit ('store_ln306', softmax_accel_hls.cc:306) of variable 'pkt.v2', softmax_accel_hls.cc:302 on array 'exp_buf_2' [52]  (3.254 ns)

 <State 3>: 7.058ns
The critical path consists of the following:
	'add' operation 34 bit ('add_ln309_2', softmax_accel_hls.cc:309) [75]  (2.593 ns)
	'add' operation 40 bit ('sum64', softmax_accel_hls.cc:309) [77]  (2.877 ns)
	'store' operation 0 bit ('store_ln295', softmax_accel_hls.cc:295) of variable 'sum64', softmax_accel_hls.cc:309 on local variable 'sum64', softmax_accel_hls.cc:295 [79]  (1.588 ns)


============================================================
+ Verbose Summary: Binding
============================================================
N/A
* FSMD analyzer results:
  - Output states:
 - Input state : 
  - Chain level:
	State 1
	State 2
	State 3


============================================================
+ Verbose Summary: Datapath Resource usage 
============================================================
N/A
