

================================================================
== Vitis HLS Report for 'emit_prob_stream_Pipeline_prob_emit_loop'
================================================================
* Date:           Sat Mar 14 14:59:14 2026

* Version:        2025.1 (Build 6135595 on May 21 2025)
* Project:        Prometheus_streaming_w4
* Solution:       hls (Vivado IP Flow Target)
* Product family: zynq
* Target device:  xc7z020-clg400-1


================================================================
== Performance Estimates
================================================================
+ Timing: 
    * Summary: 
    +--------+----------+----------+------------+
    |  Clock |  Target  | Estimated| Uncertainty|
    +--------+----------+----------+------------+
    |ap_clk  |  11.80 ns|  8.510 ns|     3.19 ns|
    +--------+----------+----------+------------+

+ Latency: 
    * Summary: 
    +---------+---------+-----------+----------+-----+-----+------------------------------------------------+
    |  Latency (cycles) |  Latency (absolute)  |  Interval |                    Pipeline                    |
    |   min   |   max   |    min    |    max   | min | max |                      Type                      |
    +---------+---------+-----------+----------+-----+-----+------------------------------------------------+
    |        5|       68|  59.000 ns|  0.802 us|    2|   65|  loop auto-rewind stp (delay=0 clock cycles(s))|
    +---------+---------+-----------+----------+-----+-----+------------------------------------------------+

    + Detail: 
        * Instance: 
        N/A

        * Loop: 
        +------------------+---------+---------+----------+-----------+-----------+--------+----------+
        |                  |  Latency (cycles) | Iteration|  Initiation Interval  |  Trip  |          |
        |     Loop Name    |   min   |   max   |  Latency |  achieved |   target  |  Count | Pipelined|
        +------------------+---------+---------+----------+-----------+-----------+--------+----------+
        |- prob_emit_loop  |        3|       66|         4|          1|          1|  1 ~ 64|       yes|
        +------------------+---------+---------+----------+-----------+-----------+--------+----------+



================================================================
== Utilization Estimates
================================================================
* Summary: 
+-----------------+---------+-----+--------+-------+-----+
|       Name      | BRAM_18K| DSP |   FF   |  LUT  | URAM|
+-----------------+---------+-----+--------+-------+-----+
|DSP              |        -|    -|       -|      -|    -|
|Expression       |        -|    -|       0|    225|    -|
|FIFO             |        -|    -|       -|      -|    -|
|Instance         |        -|   16|       0|     80|    -|
|Memory           |        -|    -|       -|      -|    -|
|Multiplexer      |        -|    -|       0|     45|    -|
|Register         |        -|    -|     561|    128|    -|
+-----------------+---------+-----+--------+-------+-----+
|Total            |        0|   16|     561|    478|    0|
+-----------------+---------+-----+--------+-------+-----+
|Available        |      280|  220|  106400|  53200|    0|
+-----------------+---------+-----+--------+-------+-----+
|Utilization (%)  |        0|    7|      ~0|     ~0|    0|
+-----------------+---------+-----+--------+-------+-----+

+ Detail: 
    * Instance: 
    +--------------------------+----------------------+---------+----+---+----+-----+
    |         Instance         |        Module        | BRAM_18K| DSP| FF| LUT| URAM|
    +--------------------------+----------------------+---------+----+---+----+-----+
    |mul_32ns_31ns_62_1_1_U80  |mul_32ns_31ns_62_1_1  |        0|   4|  0|  20|    0|
    |mul_32ns_31ns_62_1_1_U81  |mul_32ns_31ns_62_1_1  |        0|   4|  0|  20|    0|
    |mul_32ns_31ns_62_1_1_U82  |mul_32ns_31ns_62_1_1  |        0|   4|  0|  20|    0|
    |mul_32ns_31ns_62_1_1_U83  |mul_32ns_31ns_62_1_1  |        0|   4|  0|  20|    0|
    +--------------------------+----------------------+---------+----+---+----+-----+
    |Total                     |                      |        0|  16|  0|  80|    0|
    +--------------------------+----------------------+---------+----+---+----+-----+

    * DSP: 
    N/A

    * Memory: 
    N/A

    * FIFO: 
    N/A

    * Expression: 
    +--------------------------------+----------+----+---+----+------------+------------+
    |          Variable Name         | Operation| DSP| FF| LUT| Bitwidth P0| Bitwidth P1|
    +--------------------------------+----------+----+---+----+------------+------------+
    |add_ln342_fu_209_p2             |         +|   0|  0|  14|           7|           1|
    |ap_block_pp0_stage0_01001_grp1  |       and|   0|  0|   2|           1|           1|
    |icmp_ln342_fu_203_p2            |      icmp|   0|  0|  14|           7|           7|
    |icmp_ln357_fu_257_p2            |      icmp|   0|  0|  14|           9|           9|
    |icmp_ln362_fu_275_p2            |      icmp|   0|  0|  14|           9|           9|
    |icmp_ln367_fu_293_p2            |      icmp|   0|  0|  14|           9|           9|
    |pkt_keep_fu_239_p2              |      icmp|   0|  0|  14|           9|           9|
    |pkt_keep_2_fu_407_p3            |    select|   0|  0|   3|           1|           3|
    |pkt_keep_3_fu_434_p3            |    select|   0|  0|   4|           1|           4|
    |pkt_keep_4_fu_382_p3            |    select|   0|  0|   2|           1|           2|
    |pkt_v0_1_fu_360_p3              |    select|   0|  0|  32|           1|          32|
    |pkt_v1_1_fu_376_p3              |    select|   0|  0|  32|           1|          32|
    |pkt_v2_1_fu_401_p3              |    select|   0|  0|  32|           1|          32|
    |pkt_v3_1_fu_428_p3              |    select|   0|  0|  32|           1|          32|
    |ap_enable_pp0                   |       xor|   0|  0|   2|           1|           2|
    +--------------------------------+----------+----+---+----+------------+------------+
    |Total                           |          |   0|  0| 225|          59|         184|
    +--------------------------------+----------+----+---+----+------------+------------+

    * Multiplexer: 
    +-------------------------+----+-----------+-----+-----------+
    |           Name          | LUT| Input Size| Bits| Total Bits|
    +-------------------------+----+-----------+-----+-----------+
    |ap_done_int              |   9|          2|    1|          2|
    |ap_enable_reg_pp0_iter1  |   9|          2|    1|          2|
    |ap_sig_allocacmp_blk_3   |   9|          2|    7|         14|
    |blk_fu_94                |   9|          2|    7|         14|
    |prob_stream_blk_n        |   9|          2|    1|          2|
    +-------------------------+----+-----------+-----+-----------+
    |Total                    |  45|         10|   17|         34|
    +-------------------------+----+-----------+-----+-----------+

    * Register: 
    +----------------------------------+----+----+-----+-----------+
    |               Name               | FF | LUT| Bits| Const Bits|
    +----------------------------------+----+----+-----+-----------+
    |ap_CS_fsm                         |   1|   0|    1|          0|
    |ap_done_reg                       |   1|   0|    1|          0|
    |ap_enable_reg_pp0_iter1           |   1|   0|    1|          0|
    |ap_enable_reg_pp0_iter2           |   1|   0|    1|          0|
    |ap_enable_reg_pp0_iter3           |   1|   0|    1|          0|
    |ap_loop_exit_ready_pp0_iter1_reg  |   1|   0|    1|          0|
    |ap_loop_exit_ready_pp0_iter2_reg  |   1|   0|    1|          0|
    |blk_fu_94                         |   7|   0|    7|          0|
    |exp_buf_0_load_reg_520            |  32|   0|   32|          0|
    |exp_buf_1_load_reg_525            |  32|   0|   32|          0|
    |exp_buf_2_load_reg_530            |  32|   0|   32|          0|
    |exp_buf_3_load_reg_535            |  32|   0|   32|          0|
    |icmp_ln357_reg_487                |   1|   0|    1|          0|
    |icmp_ln362_reg_498                |   1|   0|    1|          0|
    |icmp_ln367_reg_509                |   1|   0|    1|          0|
    |pkt_keep_reg_475                  |   1|   0|    1|          0|
    |pkt_v0_reg_540                    |  32|   0|   32|          0|
    |pkt_v1_reg_545                    |  32|   0|   32|          0|
    |pkt_v2_reg_550                    |  32|   0|   32|          0|
    |pkt_v3_reg_555                    |  32|   0|   32|          0|
    |zext_ln342_cast_reg_463           |  31|   0|   62|         31|
    |icmp_ln357_reg_487                |  64|  32|    1|          0|
    |icmp_ln362_reg_498                |  64|  32|    1|          0|
    |icmp_ln367_reg_509                |  64|  32|    1|          0|
    |pkt_keep_reg_475                  |  64|  32|    1|          0|
    +----------------------------------+----+----+-----+-----------+
    |Total                             | 561| 128|  340|         31|
    +----------------------------------+----+----+-----+-----------+



================================================================
== Interface
================================================================
* Summary: 
+----------------------------+-----+-----+------------+------------------------------------------+--------------+
|          RTL Ports         | Dir | Bits|  Protocol  |               Source Object              |    C Type    |
+----------------------------+-----+-----+------------+------------------------------------------+--------------+
|ap_clk                      |   in|    1|  ap_ctrl_hs|  emit_prob_stream_Pipeline_prob_emit_loop|  return value|
|ap_rst                      |   in|    1|  ap_ctrl_hs|  emit_prob_stream_Pipeline_prob_emit_loop|  return value|
|ap_start                    |   in|    1|  ap_ctrl_hs|  emit_prob_stream_Pipeline_prob_emit_loop|  return value|
|ap_done                     |  out|    1|  ap_ctrl_hs|  emit_prob_stream_Pipeline_prob_emit_loop|  return value|
|ap_idle                     |  out|    1|  ap_ctrl_hs|  emit_prob_stream_Pipeline_prob_emit_loop|  return value|
|ap_ready                    |  out|    1|  ap_ctrl_hs|  emit_prob_stream_Pipeline_prob_emit_loop|  return value|
|prob_stream_din             |  out|  132|     ap_fifo|                               prob_stream|       pointer|
|prob_stream_full_n          |   in|    1|     ap_fifo|                               prob_stream|       pointer|
|prob_stream_write           |  out|    1|     ap_fifo|                               prob_stream|       pointer|
|prob_stream_num_data_valid  |   in|   32|     ap_fifo|                               prob_stream|       pointer|
|prob_stream_fifo_cap        |   in|   32|     ap_fifo|                               prob_stream|       pointer|
|trunc_ln                    |   in|    7|   ap_stable|                                  trunc_ln|        scalar|
|n                           |   in|    9|   ap_stable|                                         n|        scalar|
|exp_buf_0_address0          |  out|    6|   ap_stable|                                 exp_buf_0|         array|
|exp_buf_0_ce0               |  out|    1|   ap_stable|                                 exp_buf_0|         array|
|exp_buf_0_q0                |   in|   32|   ap_stable|                                 exp_buf_0|         array|
|zext_ln342                  |   in|   31|   ap_stable|                                zext_ln342|        scalar|
|exp_buf_1_address0          |  out|    6|   ap_stable|                                 exp_buf_1|         array|
|exp_buf_1_ce0               |  out|    1|   ap_stable|                                 exp_buf_1|         array|
|exp_buf_1_q0                |   in|   32|   ap_stable|                                 exp_buf_1|         array|
|exp_buf_2_address0          |  out|    6|   ap_stable|                                 exp_buf_2|         array|
|exp_buf_2_ce0               |  out|    1|   ap_stable|                                 exp_buf_2|         array|
|exp_buf_2_q0                |   in|   32|   ap_stable|                                 exp_buf_2|         array|
|exp_buf_3_address0          |  out|    6|   ap_stable|                                 exp_buf_3|         array|
|exp_buf_3_ce0               |  out|    1|   ap_stable|                                 exp_buf_3|         array|
|exp_buf_3_q0                |   in|   32|   ap_stable|                                 exp_buf_3|         array|
+----------------------------+-----+-----+------------+------------------------------------------+--------------+

============================================================
+ Verbose Summary: Synthesis Manager
============================================================
InlineROM: 1
ExposeGlobal: 0
============================================================
+ Verbose Summary: CDFG Model
============================================================
IsTopModel: 0
ResetActiveHigh: 1
IsCombinational: 2
IsDatapathOnly: 2
HasWiredReturn: 1
HasMFsm: 2
HasVarLatency: 1
IsPipeline: 0
IsRtlPipelined: 0
IsInstanceOverlapped: 0
IsDontTouch: 0
HasImplIP: 0
IsGatedGlobalClock: 0

+ Individual pipeline summary: 
  * Pipeline-0: initiation interval (II) = 1, depth = 4


============================================================
+ Verbose Summary: Schedule
============================================================
* Number of FSM states : 4
* Pipeline : 1
  Pipeline-0 : II = 1, D = 4, States = { 1 2 3 4 }
* Dataflow Pipeline: 0

* FSM state transitions: 
1 --> 2 
2 --> 3 
3 --> 4 
4 --> 

* FSM state operations: 

State 1 <SV = 0> <Delay = 5.04>
ST_1 : Operation 7 [1/1] (0.00ns)   --->   "%blk = alloca i32 1" [softmax_accel_hls.cc:342]   --->   Operation 7 'alloca' 'blk' <Predicate = true> <Delay = 0.00>
ST_1 : Operation 8 [1/1] (0.00ns)   --->   "%specstablecontent_ln0 = specstablecontent void @_ssdm_op_SpecStableContent, i31 %zext_ln342, i1 1, void @p_str"   --->   Operation 8 'specstablecontent' 'specstablecontent_ln0' <Predicate = true> <Delay = 0.00>
ST_1 : Operation 9 [1/1] (0.00ns)   --->   "%zext_ln342_read = read i31 @_ssdm_op_Read.ap_auto.i31, i31 %zext_ln342"   --->   Operation 9 'read' 'zext_ln342_read' <Predicate = true> <Delay = 0.00>
ST_1 : Operation 10 [1/1] (0.00ns)   --->   "%n_read = read i9 @_ssdm_op_Read.ap_auto.i9, i9 %n"   --->   Operation 10 'read' 'n_read' <Predicate = true> <Delay = 0.00>
ST_1 : Operation 11 [1/1] (0.00ns)   --->   "%trunc_ln_read = read i7 @_ssdm_op_Read.ap_auto.i7, i7 %trunc_ln"   --->   Operation 11 'read' 'trunc_ln_read' <Predicate = true> <Delay = 0.00>
ST_1 : Operation 12 [1/1] (0.00ns)   --->   "%zext_ln342_cast = zext i31 %zext_ln342_read"   --->   Operation 12 'zext' 'zext_ln342_cast' <Predicate = true> <Delay = 0.00>
ST_1 : Operation 13 [1/1] (0.00ns)   --->   "%specstablecontent_ln0 = specstablecontent void @_ssdm_op_SpecStableContent, i9 %n, i1 1, void @p_str"   --->   Operation 13 'specstablecontent' 'specstablecontent_ln0' <Predicate = true> <Delay = 0.00>
ST_1 : Operation 14 [1/1] (0.00ns)   --->   "%specstablecontent_ln0 = specstablecontent void @_ssdm_op_SpecStableContent, i32 %exp_buf_0, i1 1, void @p_str"   --->   Operation 14 'specstablecontent' 'specstablecontent_ln0' <Predicate = true> <Delay = 0.00>
ST_1 : Operation 15 [1/1] (0.00ns)   --->   "%specstablecontent_ln0 = specstablecontent void @_ssdm_op_SpecStableContent, i32 %exp_buf_1, i1 1, void @p_str"   --->   Operation 15 'specstablecontent' 'specstablecontent_ln0' <Predicate = true> <Delay = 0.00>
ST_1 : Operation 16 [1/1] (0.00ns)   --->   "%specstablecontent_ln0 = specstablecontent void @_ssdm_op_SpecStableContent, i32 %exp_buf_2, i1 1, void @p_str"   --->   Operation 16 'specstablecontent' 'specstablecontent_ln0' <Predicate = true> <Delay = 0.00>
ST_1 : Operation 17 [1/1] (0.00ns)   --->   "%specstablecontent_ln0 = specstablecontent void @_ssdm_op_SpecStableContent, i32 %exp_buf_3, i1 1, void @p_str"   --->   Operation 17 'specstablecontent' 'specstablecontent_ln0' <Predicate = true> <Delay = 0.00>
ST_1 : Operation 18 [1/1] (0.00ns)   --->   "%specmemcore_ln0 = specmemcore void @_ssdm_op_SpecMemCore, i32 %exp_buf_0, i64 666, i64 22, i64 18446744073709551615"   --->   Operation 18 'specmemcore' 'specmemcore_ln0' <Predicate = true> <Delay = 0.00>
ST_1 : Operation 19 [1/1] (0.00ns)   --->   "%specmemcore_ln0 = specmemcore void @_ssdm_op_SpecMemCore, i32 %exp_buf_1, i64 666, i64 22, i64 18446744073709551615"   --->   Operation 19 'specmemcore' 'specmemcore_ln0' <Predicate = true> <Delay = 0.00>
ST_1 : Operation 20 [1/1] (0.00ns)   --->   "%specmemcore_ln0 = specmemcore void @_ssdm_op_SpecMemCore, i32 %exp_buf_2, i64 666, i64 22, i64 18446744073709551615"   --->   Operation 20 'specmemcore' 'specmemcore_ln0' <Predicate = true> <Delay = 0.00>
ST_1 : Operation 21 [1/1] (0.00ns)   --->   "%specmemcore_ln0 = specmemcore void @_ssdm_op_SpecMemCore, i32 %exp_buf_3, i64 666, i64 22, i64 18446744073709551615"   --->   Operation 21 'specmemcore' 'specmemcore_ln0' <Predicate = true> <Delay = 0.00>
ST_1 : Operation 22 [1/1] (0.00ns)   --->   "%specinterface_ln0 = specinterface void @_ssdm_op_SpecInterface, i132 %prob_stream, void @empty, i32 0, i32 0, void @empty_1, i32 0, i32 0, void @empty_1, void @empty_1, void @empty_1, i32 0, i32 0, i32 0, i32 0, void @empty_1, void @empty_1, i32 4294967295, i32 0, i32 0"   --->   Operation 22 'specinterface' 'specinterface_ln0' <Predicate = true> <Delay = 0.00>
ST_1 : Operation 23 [1/1] (1.58ns)   --->   "%store_ln342 = store i7 0, i7 %blk" [softmax_accel_hls.cc:342]   --->   Operation 23 'store' 'store_ln342' <Predicate = true> <Delay = 1.58>
ST_1 : Operation 24 [1/1] (0.00ns)   --->   "%br_ln0 = br void %for.body"   --->   Operation 24 'br' 'br_ln0' <Predicate = true> <Delay = 0.00>
ST_1 : Operation 25 [1/1] (0.00ns)   --->   "%blk_3 = load i7 %blk" [softmax_accel_hls.cc:342]   --->   Operation 25 'load' 'blk_3' <Predicate = true> <Delay = 0.00>
ST_1 : Operation 26 [1/1] (1.87ns)   --->   "%icmp_ln342 = icmp_eq  i7 %blk_3, i7 %trunc_ln_read" [softmax_accel_hls.cc:342]   --->   Operation 26 'icmp' 'icmp_ln342' <Predicate = true> <Delay = 1.87> <CoreInst = "Cmp">   --->   Core 9 'Cmp' <Latency = 0> <II = 1> <Delay = 1.87> <FuncUnit> <Opcode : 'seteq' 'setne' 'setle' 'setge' 'setlt' 'setgt'> <InPorts = 2> <OutPorts = 1>
ST_1 : Operation 27 [1/1] (0.00ns)   --->   "%speclooptripcount_ln0 = speclooptripcount void @_ssdm_op_SpecLoopTripCount, i64 1, i64 64, i64 0"   --->   Operation 27 'speclooptripcount' 'speclooptripcount_ln0' <Predicate = true> <Delay = 0.00>
ST_1 : Operation 28 [1/1] (1.87ns)   --->   "%add_ln342 = add i7 %blk_3, i7 1" [softmax_accel_hls.cc:342]   --->   Operation 28 'add' 'add_ln342' <Predicate = true> <Delay = 1.87> <CoreInst = "Adder">   --->   Core 1 'Adder' <Latency = 0> <II = 1> <Delay = 1.87> <FuncUnit> <Opcode : 'add' 'sub'> <InPorts = 2> <OutPorts = 1>
ST_1 : Operation 29 [1/1] (0.00ns)   --->   "%br_ln342 = br i1 %icmp_ln342, void %for.body.split_ifconv, void %for.end.exitStub" [softmax_accel_hls.cc:342]   --->   Operation 29 'br' 'br_ln342' <Predicate = true> <Delay = 0.00>
ST_1 : Operation 30 [1/1] (0.00ns)   --->   "%zext_ln342_1 = zext i7 %blk_3" [softmax_accel_hls.cc:342]   --->   Operation 30 'zext' 'zext_ln342_1' <Predicate = (!icmp_ln342)> <Delay = 0.00>
ST_1 : Operation 31 [1/1] (0.00ns)   --->   "%trunc_ln344 = trunc i7 %blk_3" [softmax_accel_hls.cc:344]   --->   Operation 31 'trunc' 'trunc_ln344' <Predicate = (!icmp_ln342)> <Delay = 0.00>
ST_1 : Operation 32 [1/1] (0.00ns)   --->   "%shl_ln = bitconcatenate i8 @_ssdm_op_BitConcatenate.i8.i6.i2, i6 %trunc_ln344, i2 0" [softmax_accel_hls.cc:344]   --->   Operation 32 'bitconcatenate' 'shl_ln' <Predicate = (!icmp_ln342)> <Delay = 0.00>
ST_1 : Operation 33 [1/1] (0.00ns)   --->   "%zext_ln352 = zext i8 %shl_ln" [softmax_accel_hls.cc:352]   --->   Operation 33 'zext' 'zext_ln352' <Predicate = (!icmp_ln342)> <Delay = 0.00>
ST_1 : Operation 34 [1/1] (1.82ns)   --->   "%pkt_keep = icmp_ult  i9 %zext_ln352, i9 %n_read" [softmax_accel_hls.cc:352]   --->   Operation 34 'icmp' 'pkt_keep' <Predicate = (!icmp_ln342)> <Delay = 1.82> <CoreInst = "Cmp">   --->   Core 9 'Cmp' <Latency = 0> <II = 1> <Delay = 1.82> <FuncUnit> <Opcode : 'seteq' 'setne' 'setle' 'setge' 'setlt' 'setgt'> <InPorts = 2> <OutPorts = 1>
ST_1 : Operation 35 [1/1] (0.00ns)   --->   "%exp_buf_0_addr = getelementptr i32 %exp_buf_0, i64 0, i64 %zext_ln342_1" [softmax_accel_hls.cc:353]   --->   Operation 35 'getelementptr' 'exp_buf_0_addr' <Predicate = (!icmp_ln342)> <Delay = 0.00>
ST_1 : Operation 36 [2/2] (3.25ns)   --->   "%exp_buf_0_load = load i6 %exp_buf_0_addr" [softmax_accel_hls.cc:353]   --->   Operation 36 'load' 'exp_buf_0_load' <Predicate = (!icmp_ln342)> <Delay = 3.25> <CoreInst = "RAM_2P_BRAM">   --->   Core 90 'RAM_2P_BRAM' <Latency = 1> <II = 1> <Delay = 3.25> <Storage> <Opcode : 'load' 'store'> <Ports = 2> <Width = 32> <Depth = 64> <RAM>
ST_1 : Operation 37 [1/1] (0.00ns)   --->   "%or_ln = bitconcatenate i8 @_ssdm_op_BitConcatenate.i8.i6.i2, i6 %trunc_ln344, i2 1" [softmax_accel_hls.cc:357]   --->   Operation 37 'bitconcatenate' 'or_ln' <Predicate = (!icmp_ln342)> <Delay = 0.00>
ST_1 : Operation 38 [1/1] (0.00ns)   --->   "%zext_ln357 = zext i8 %or_ln" [softmax_accel_hls.cc:357]   --->   Operation 38 'zext' 'zext_ln357' <Predicate = (!icmp_ln342)> <Delay = 0.00>
ST_1 : Operation 39 [1/1] (1.82ns)   --->   "%icmp_ln357 = icmp_ult  i9 %zext_ln357, i9 %n_read" [softmax_accel_hls.cc:357]   --->   Operation 39 'icmp' 'icmp_ln357' <Predicate = (!icmp_ln342)> <Delay = 1.82> <CoreInst = "Cmp">   --->   Core 9 'Cmp' <Latency = 0> <II = 1> <Delay = 1.82> <FuncUnit> <Opcode : 'seteq' 'setne' 'setle' 'setge' 'setlt' 'setgt'> <InPorts = 2> <OutPorts = 1>
ST_1 : Operation 40 [1/1] (0.00ns)   --->   "%exp_buf_1_addr = getelementptr i32 %exp_buf_1, i64 0, i64 %zext_ln342_1" [softmax_accel_hls.cc:358]   --->   Operation 40 'getelementptr' 'exp_buf_1_addr' <Predicate = (!icmp_ln342)> <Delay = 0.00>
ST_1 : Operation 41 [2/2] (3.25ns)   --->   "%exp_buf_1_load = load i6 %exp_buf_1_addr" [softmax_accel_hls.cc:358]   --->   Operation 41 'load' 'exp_buf_1_load' <Predicate = (!icmp_ln342)> <Delay = 3.25> <CoreInst = "RAM_2P_BRAM">   --->   Core 90 'RAM_2P_BRAM' <Latency = 1> <II = 1> <Delay = 3.25> <Storage> <Opcode : 'load' 'store'> <Ports = 2> <Width = 32> <Depth = 64> <RAM>
ST_1 : Operation 42 [1/1] (0.00ns)   --->   "%or_ln3 = bitconcatenate i8 @_ssdm_op_BitConcatenate.i8.i6.i2, i6 %trunc_ln344, i2 2" [softmax_accel_hls.cc:362]   --->   Operation 42 'bitconcatenate' 'or_ln3' <Predicate = (!icmp_ln342)> <Delay = 0.00>
ST_1 : Operation 43 [1/1] (0.00ns)   --->   "%zext_ln362 = zext i8 %or_ln3" [softmax_accel_hls.cc:362]   --->   Operation 43 'zext' 'zext_ln362' <Predicate = (!icmp_ln342)> <Delay = 0.00>
ST_1 : Operation 44 [1/1] (1.82ns)   --->   "%icmp_ln362 = icmp_ult  i9 %zext_ln362, i9 %n_read" [softmax_accel_hls.cc:362]   --->   Operation 44 'icmp' 'icmp_ln362' <Predicate = (!icmp_ln342)> <Delay = 1.82> <CoreInst = "Cmp">   --->   Core 9 'Cmp' <Latency = 0> <II = 1> <Delay = 1.82> <FuncUnit> <Opcode : 'seteq' 'setne' 'setle' 'setge' 'setlt' 'setgt'> <InPorts = 2> <OutPorts = 1>
ST_1 : Operation 45 [1/1] (0.00ns)   --->   "%exp_buf_2_addr = getelementptr i32 %exp_buf_2, i64 0, i64 %zext_ln342_1" [softmax_accel_hls.cc:363]   --->   Operation 45 'getelementptr' 'exp_buf_2_addr' <Predicate = (!icmp_ln342)> <Delay = 0.00>
ST_1 : Operation 46 [2/2] (3.25ns)   --->   "%exp_buf_2_load = load i6 %exp_buf_2_addr" [softmax_accel_hls.cc:363]   --->   Operation 46 'load' 'exp_buf_2_load' <Predicate = (!icmp_ln342)> <Delay = 3.25> <CoreInst = "RAM_2P_BRAM">   --->   Core 90 'RAM_2P_BRAM' <Latency = 1> <II = 1> <Delay = 3.25> <Storage> <Opcode : 'load' 'store'> <Ports = 2> <Width = 32> <Depth = 64> <RAM>
ST_1 : Operation 47 [1/1] (0.00ns)   --->   "%or_ln4 = bitconcatenate i8 @_ssdm_op_BitConcatenate.i8.i6.i2, i6 %trunc_ln344, i2 3" [softmax_accel_hls.cc:367]   --->   Operation 47 'bitconcatenate' 'or_ln4' <Predicate = (!icmp_ln342)> <Delay = 0.00>
ST_1 : Operation 48 [1/1] (0.00ns)   --->   "%zext_ln367 = zext i8 %or_ln4" [softmax_accel_hls.cc:367]   --->   Operation 48 'zext' 'zext_ln367' <Predicate = (!icmp_ln342)> <Delay = 0.00>
ST_1 : Operation 49 [1/1] (1.82ns)   --->   "%icmp_ln367 = icmp_ult  i9 %zext_ln367, i9 %n_read" [softmax_accel_hls.cc:367]   --->   Operation 49 'icmp' 'icmp_ln367' <Predicate = (!icmp_ln342)> <Delay = 1.82> <CoreInst = "Cmp">   --->   Core 9 'Cmp' <Latency = 0> <II = 1> <Delay = 1.82> <FuncUnit> <Opcode : 'seteq' 'setne' 'setle' 'setge' 'setlt' 'setgt'> <InPorts = 2> <OutPorts = 1>
ST_1 : Operation 50 [1/1] (0.00ns)   --->   "%exp_buf_3_addr = getelementptr i32 %exp_buf_3, i64 0, i64 %zext_ln342_1" [softmax_accel_hls.cc:368]   --->   Operation 50 'getelementptr' 'exp_buf_3_addr' <Predicate = (!icmp_ln342)> <Delay = 0.00>
ST_1 : Operation 51 [2/2] (3.25ns)   --->   "%exp_buf_3_load = load i6 %exp_buf_3_addr" [softmax_accel_hls.cc:368]   --->   Operation 51 'load' 'exp_buf_3_load' <Predicate = (!icmp_ln342)> <Delay = 3.25> <CoreInst = "RAM_2P_BRAM">   --->   Core 90 'RAM_2P_BRAM' <Latency = 1> <II = 1> <Delay = 3.25> <Storage> <Opcode : 'load' 'store'> <Ports = 2> <Width = 32> <Depth = 64> <RAM>
ST_1 : Operation 52 [1/1] (1.58ns)   --->   "%store_ln342 = store i7 %add_ln342, i7 %blk" [softmax_accel_hls.cc:342]   --->   Operation 52 'store' 'store_ln342' <Predicate = (!icmp_ln342)> <Delay = 1.58>

State 2 <SV = 1> <Delay = 3.25>
ST_2 : Operation 53 [1/2] ( I:3.25ns O:3.25ns )   --->   "%exp_buf_0_load = load i6 %exp_buf_0_addr" [softmax_accel_hls.cc:353]   --->   Operation 53 'load' 'exp_buf_0_load' <Predicate = true> <Delay = 3.25> <CoreInst = "RAM_2P_BRAM">   --->   Core 90 'RAM_2P_BRAM' <Latency = 1> <II = 1> <Delay = 3.25> <Storage> <Opcode : 'load' 'store'> <Ports = 2> <Width = 32> <Depth = 64> <RAM>
ST_2 : Operation 54 [1/2] ( I:3.25ns O:3.25ns )   --->   "%exp_buf_1_load = load i6 %exp_buf_1_addr" [softmax_accel_hls.cc:358]   --->   Operation 54 'load' 'exp_buf_1_load' <Predicate = true> <Delay = 3.25> <CoreInst = "RAM_2P_BRAM">   --->   Core 90 'RAM_2P_BRAM' <Latency = 1> <II = 1> <Delay = 3.25> <Storage> <Opcode : 'load' 'store'> <Ports = 2> <Width = 32> <Depth = 64> <RAM>
ST_2 : Operation 55 [1/2] ( I:3.25ns O:3.25ns )   --->   "%exp_buf_2_load = load i6 %exp_buf_2_addr" [softmax_accel_hls.cc:363]   --->   Operation 55 'load' 'exp_buf_2_load' <Predicate = true> <Delay = 3.25> <CoreInst = "RAM_2P_BRAM">   --->   Core 90 'RAM_2P_BRAM' <Latency = 1> <II = 1> <Delay = 3.25> <Storage> <Opcode : 'load' 'store'> <Ports = 2> <Width = 32> <Depth = 64> <RAM>
ST_2 : Operation 56 [1/2] ( I:3.25ns O:3.25ns )   --->   "%exp_buf_3_load = load i6 %exp_buf_3_addr" [softmax_accel_hls.cc:368]   --->   Operation 56 'load' 'exp_buf_3_load' <Predicate = true> <Delay = 3.25> <CoreInst = "RAM_2P_BRAM">   --->   Core 90 'RAM_2P_BRAM' <Latency = 1> <II = 1> <Delay = 3.25> <Storage> <Opcode : 'load' 'store'> <Ports = 2> <Width = 32> <Depth = 64> <RAM>

State 3 <SV = 2> <Delay = 8.51>
ST_3 : Operation 57 [1/1] (0.00ns)   --->   "%zext_ln353 = zext i32 %exp_buf_0_load" [softmax_accel_hls.cc:353]   --->   Operation 57 'zext' 'zext_ln353' <Predicate = (pkt_keep)> <Delay = 0.00>
ST_3 : Operation 58 [1/1] (8.51ns)   --->   "%prod0 = mul i62 %zext_ln353, i62 %zext_ln342_cast" [softmax_accel_hls.cc:353]   --->   Operation 58 'mul' 'prod0' <Predicate = (pkt_keep)> <Delay = 8.51> <CoreInst = "Multiplier">   --->   Core 3 'Multiplier' <Latency = 0> <II = 1> <Delay = 8.51> <FuncUnit> <Opcode : 'mul'> <InPorts = 2> <OutPorts = 1>
ST_3 : Operation 59 [1/1] (0.00ns)   --->   "%pkt_v0 = partselect i32 @_ssdm_op_PartSelect.i32.i62.i32.i32, i62 %prod0, i32 30, i32 61" [softmax_accel_hls.cc:354]   --->   Operation 59 'partselect' 'pkt_v0' <Predicate = (pkt_keep)> <Delay = 0.00>
ST_3 : Operation 60 [1/1] (0.00ns)   --->   "%zext_ln358 = zext i32 %exp_buf_1_load" [softmax_accel_hls.cc:358]   --->   Operation 60 'zext' 'zext_ln358' <Predicate = (icmp_ln357)> <Delay = 0.00>
ST_3 : Operation 61 [1/1] (8.51ns)   --->   "%prod1 = mul i62 %zext_ln358, i62 %zext_ln342_cast" [softmax_accel_hls.cc:358]   --->   Operation 61 'mul' 'prod1' <Predicate = (icmp_ln357)> <Delay = 8.51> <CoreInst = "Multiplier">   --->   Core 3 'Multiplier' <Latency = 0> <II = 1> <Delay = 8.51> <FuncUnit> <Opcode : 'mul'> <InPorts = 2> <OutPorts = 1>
ST_3 : Operation 62 [1/1] (0.00ns)   --->   "%pkt_v1 = partselect i32 @_ssdm_op_PartSelect.i32.i62.i32.i32, i62 %prod1, i32 30, i32 61" [softmax_accel_hls.cc:359]   --->   Operation 62 'partselect' 'pkt_v1' <Predicate = (icmp_ln357)> <Delay = 0.00>
ST_3 : Operation 63 [1/1] (0.00ns)   --->   "%zext_ln363 = zext i32 %exp_buf_2_load" [softmax_accel_hls.cc:363]   --->   Operation 63 'zext' 'zext_ln363' <Predicate = (icmp_ln362)> <Delay = 0.00>
ST_3 : Operation 64 [1/1] (8.51ns)   --->   "%prod2 = mul i62 %zext_ln363, i62 %zext_ln342_cast" [softmax_accel_hls.cc:363]   --->   Operation 64 'mul' 'prod2' <Predicate = (icmp_ln362)> <Delay = 8.51> <CoreInst = "Multiplier">   --->   Core 3 'Multiplier' <Latency = 0> <II = 1> <Delay = 8.51> <FuncUnit> <Opcode : 'mul'> <InPorts = 2> <OutPorts = 1>
ST_3 : Operation 65 [1/1] (0.00ns)   --->   "%pkt_v2 = partselect i32 @_ssdm_op_PartSelect.i32.i62.i32.i32, i62 %prod2, i32 30, i32 61" [softmax_accel_hls.cc:364]   --->   Operation 65 'partselect' 'pkt_v2' <Predicate = (icmp_ln362)> <Delay = 0.00>
ST_3 : Operation 66 [1/1] (0.00ns)   --->   "%zext_ln368 = zext i32 %exp_buf_3_load" [softmax_accel_hls.cc:368]   --->   Operation 66 'zext' 'zext_ln368' <Predicate = (icmp_ln367)> <Delay = 0.00>
ST_3 : Operation 67 [1/1] (8.51ns)   --->   "%prod3 = mul i62 %zext_ln368, i62 %zext_ln342_cast" [softmax_accel_hls.cc:368]   --->   Operation 67 'mul' 'prod3' <Predicate = (icmp_ln367)> <Delay = 8.51> <CoreInst = "Multiplier">   --->   Core 3 'Multiplier' <Latency = 0> <II = 1> <Delay = 8.51> <FuncUnit> <Opcode : 'mul'> <InPorts = 2> <OutPorts = 1>
ST_3 : Operation 68 [1/1] (0.00ns)   --->   "%pkt_v3 = partselect i32 @_ssdm_op_PartSelect.i32.i62.i32.i32, i62 %prod3, i32 30, i32 61" [softmax_accel_hls.cc:369]   --->   Operation 68 'partselect' 'pkt_v3' <Predicate = (icmp_ln367)> <Delay = 0.00>
ST_3 : Operation 87 [1/1] (1.58ns)   --->   "%ret_ln0 = ret"   --->   Operation 87 'ret' 'ret_ln0' <Predicate = (icmp_ln342)> <Delay = 1.58>

State 4 <SV = 3> <Delay = 6.70>
ST_4 : Operation 69 [1/1] (0.00ns)   --->   "%specpipeline_ln343 = specpipeline void @_ssdm_op_SpecPipeline, i32 1, i32 0, i32 0, i32 0, void @empty_1" [softmax_accel_hls.cc:343]   --->   Operation 69 'specpipeline' 'specpipeline_ln343' <Predicate = true> <Delay = 0.00>
ST_4 : Operation 70 [1/1] (0.00ns)   --->   "%specloopname_ln342 = specloopname void @_ssdm_op_SpecLoopName, void @empty_17" [softmax_accel_hls.cc:342]   --->   Operation 70 'specloopname' 'specloopname_ln342' <Predicate = true> <Delay = 0.00>
ST_4 : Operation 71 [1/1] (0.69ns)   --->   "%pkt_v0_1 = select i1 %pkt_keep, i32 %pkt_v0, i32 0" [softmax_accel_hls.cc:352]   --->   Operation 71 'select' 'pkt_v0_1' <Predicate = true> <Delay = 0.69> <CoreInst = "Sel">   --->   Core 73 'Sel' <Latency = 0> <II = 1> <Delay = 0.69> <FuncUnit> <Opcode : 'select'> <InPorts = 3> <OutPorts = 1>
ST_4 : Operation 72 [1/1] (0.00ns)   --->   "%zext_ln345 = zext i1 %pkt_keep" [softmax_accel_hls.cc:345]   --->   Operation 72 'zext' 'zext_ln345' <Predicate = (!icmp_ln357)> <Delay = 0.00>
ST_4 : Operation 73 [1/1] (0.00ns)   --->   "%pkt_keep_1 = bitconcatenate i2 @_ssdm_op_BitConcatenate.i2.i1.i1, i1 1, i1 %pkt_keep" [softmax_accel_hls.cc:360]   --->   Operation 73 'bitconcatenate' 'pkt_keep_1' <Predicate = (icmp_ln357)> <Delay = 0.00>
ST_4 : Operation 74 [1/1] (0.69ns)   --->   "%pkt_v1_1 = select i1 %icmp_ln357, i32 %pkt_v1, i32 0" [softmax_accel_hls.cc:357]   --->   Operation 74 'select' 'pkt_v1_1' <Predicate = true> <Delay = 0.69> <CoreInst = "Sel">   --->   Core 73 'Sel' <Latency = 0> <II = 1> <Delay = 0.69> <FuncUnit> <Opcode : 'select'> <InPorts = 3> <OutPorts = 1>
ST_4 : Operation 75 [1/1] (0.99ns)   --->   "%pkt_keep_4 = select i1 %icmp_ln357, i2 %pkt_keep_1, i2 %zext_ln345" [softmax_accel_hls.cc:345]   --->   Operation 75 'select' 'pkt_keep_4' <Predicate = true> <Delay = 0.99> <CoreInst = "Sel">   --->   Core 73 'Sel' <Latency = 0> <II = 1> <Delay = 0.99> <FuncUnit> <Opcode : 'select'> <InPorts = 3> <OutPorts = 1>
ST_4 : Operation 76 [1/1] (0.00ns)   --->   "%zext_ln345_1 = zext i2 %pkt_keep_4" [softmax_accel_hls.cc:345]   --->   Operation 76 'zext' 'zext_ln345_1' <Predicate = (!icmp_ln362)> <Delay = 0.00>
ST_4 : Operation 77 [1/1] (0.00ns)   --->   "%pkt_keep_5 = bitconcatenate i3 @_ssdm_op_BitConcatenate.i3.i1.i2, i1 1, i2 %pkt_keep_4" [softmax_accel_hls.cc:365]   --->   Operation 77 'bitconcatenate' 'pkt_keep_5' <Predicate = (icmp_ln362)> <Delay = 0.00>
ST_4 : Operation 78 [1/1] (0.69ns)   --->   "%pkt_v2_1 = select i1 %icmp_ln362, i32 %pkt_v2, i32 0" [softmax_accel_hls.cc:362]   --->   Operation 78 'select' 'pkt_v2_1' <Predicate = true> <Delay = 0.69> <CoreInst = "Sel">   --->   Core 73 'Sel' <Latency = 0> <II = 1> <Delay = 0.69> <FuncUnit> <Opcode : 'select'> <InPorts = 3> <OutPorts = 1>
ST_4 : Operation 79 [1/1] (0.98ns)   --->   "%pkt_keep_2 = select i1 %icmp_ln362, i3 %pkt_keep_5, i3 %zext_ln345_1" [softmax_accel_hls.cc:362]   --->   Operation 79 'select' 'pkt_keep_2' <Predicate = true> <Delay = 0.98> <CoreInst = "Sel">   --->   Core 73 'Sel' <Latency = 0> <II = 1> <Delay = 0.98> <FuncUnit> <Opcode : 'select'> <InPorts = 3> <OutPorts = 1>
ST_4 : Operation 80 [1/1] (0.00ns)   --->   "%zext_ln345_2 = zext i3 %pkt_keep_2" [softmax_accel_hls.cc:345]   --->   Operation 80 'zext' 'zext_ln345_2' <Predicate = true> <Delay = 0.00>
ST_4 : Operation 81 [1/1] (0.00ns)   --->   "%pkt_keep_6 = bitset i4 @_ssdm_op_BitSet.i4.i4.i32.i1, i4 %zext_ln345_2, i32 3, i1 1" [softmax_accel_hls.cc:370]   --->   Operation 81 'bitset' 'pkt_keep_6' <Predicate = (icmp_ln367)> <Delay = 0.00>
ST_4 : Operation 82 [1/1] (0.69ns)   --->   "%pkt_v3_1 = select i1 %icmp_ln367, i32 %pkt_v3, i32 0" [softmax_accel_hls.cc:367]   --->   Operation 82 'select' 'pkt_v3_1' <Predicate = true> <Delay = 0.69> <CoreInst = "Sel">   --->   Core 73 'Sel' <Latency = 0> <II = 1> <Delay = 0.69> <FuncUnit> <Opcode : 'select'> <InPorts = 3> <OutPorts = 1>
ST_4 : Operation 83 [1/1] (1.02ns)   --->   "%pkt_keep_3 = select i1 %icmp_ln367, i4 %pkt_keep_6, i4 %zext_ln345_2" [softmax_accel_hls.cc:367]   --->   Operation 83 'select' 'pkt_keep_3' <Predicate = true> <Delay = 1.02> <CoreInst = "Sel">   --->   Core 73 'Sel' <Latency = 0> <II = 1> <Delay = 1.02> <FuncUnit> <Opcode : 'select'> <InPorts = 3> <OutPorts = 1>
ST_4 : Operation 84 [1/1] (0.00ns)   --->   "%p_0 = bitconcatenate i132 @_ssdm_op_BitConcatenate.i132.i4.i32.i32.i32.i32, i4 %pkt_keep_3, i32 %pkt_v3_1, i32 %pkt_v2_1, i32 %pkt_v1_1, i32 %pkt_v0_1" [softmax_accel_hls.cc:373]   --->   Operation 84 'bitconcatenate' 'p_0' <Predicate = true> <Delay = 0.00>
ST_4 : Operation 85 [1/1] ( I:3.70ns O:3.70ns )   --->   "%write_ln373 = write void @_ssdm_op_Write.ap_fifo.volatile.i132P0A, i132 %prob_stream, i132 %p_0" [softmax_accel_hls.cc:373]   --->   Operation 85 'write' 'write_ln373' <Predicate = true> <Delay = 3.70> <CoreInst = "FIFO">   --->   Core 77 'FIFO' <Latency = 0> <II = 1> <Delay = 3.70> <Storage> <Opcode : 'read' 'write' 'nbread' 'nbwrite'> <Ports = 0> <Width = 132> <Depth = 16> <FIFO>
ST_4 : Operation 86 [1/1] (0.00ns)   --->   "%br_ln342 = br void %for.body" [softmax_accel_hls.cc:342]   --->   Operation 86 'br' 'br_ln342' <Predicate = true> <Delay = 0.00>


============================================================
+ Verbose Summary: Binding
============================================================
STG Binding: 
---------------- STG Properties BEGIN ----------------
- Is combinational: 0
- Is one-state seq: 0
- Is datapath-only: 0
- Is pipelined: 0
- Is top level: 0
Port [ Return ] is wired: 1; IO mode=ap_ctrl_hs:ce=0
Port [ trunc_ln]:  wired=1; compound=0; hidden=0; nouse=0; global=0; static=0; extern=0; dir=0; type=0; pingpong=0; private_global=0; IO mode=ap_stable:ce=0
Port [ n]:  wired=1; compound=0; hidden=0; nouse=0; global=0; static=0; extern=0; dir=0; type=0; pingpong=0; private_global=0; IO mode=ap_stable:ce=0
Port [ exp_buf_0]:  wired=1; compound=1; hidden=0; nouse=0; global=0; static=0; extern=0; dir=0; type=1; pingpong=0; private_global=0; MemPort=[13]; IO mode=ap_stable:ce=0
Port [ zext_ln342]:  wired=1; compound=0; hidden=0; nouse=0; global=0; static=0; extern=0; dir=0; type=0; pingpong=0; private_global=0; IO mode=ap_stable:ce=0
Port [ exp_buf_1]:  wired=1; compound=1; hidden=0; nouse=0; global=0; static=0; extern=0; dir=0; type=1; pingpong=0; private_global=0; MemPort=[13]; IO mode=ap_stable:ce=0
Port [ exp_buf_2]:  wired=1; compound=1; hidden=0; nouse=0; global=0; static=0; extern=0; dir=0; type=1; pingpong=0; private_global=0; MemPort=[13]; IO mode=ap_stable:ce=0
Port [ exp_buf_3]:  wired=1; compound=1; hidden=0; nouse=0; global=0; static=0; extern=0; dir=0; type=1; pingpong=0; private_global=0; MemPort=[13]; IO mode=ap_stable:ce=0
Port [ prob_stream]:  wired=1; compound=1; hidden=0; nouse=0; global=0; static=0; extern=0; dir=1; type=3; pingpong=0; private_global=0; IO mode=ap_fifo:ce=0
---------------- STG Properties END ------------------

---------------- Datapath Model BEGIN ----------------

<LifeTime>
<method=bitvector/>
blk                   (alloca           ) [ 01000]
specstablecontent_ln0 (specstablecontent) [ 00000]
zext_ln342_read       (read             ) [ 00000]
n_read                (read             ) [ 00000]
trunc_ln_read         (read             ) [ 00000]
zext_ln342_cast       (zext             ) [ 01110]
specstablecontent_ln0 (specstablecontent) [ 00000]
specstablecontent_ln0 (specstablecontent) [ 00000]
specstablecontent_ln0 (specstablecontent) [ 00000]
specstablecontent_ln0 (specstablecontent) [ 00000]
specstablecontent_ln0 (specstablecontent) [ 00000]
specmemcore_ln0       (specmemcore      ) [ 00000]
specmemcore_ln0       (specmemcore      ) [ 00000]
specmemcore_ln0       (specmemcore      ) [ 00000]
specmemcore_ln0       (specmemcore      ) [ 00000]
specinterface_ln0     (specinterface    ) [ 00000]
store_ln342           (store            ) [ 00000]
br_ln0                (br               ) [ 00000]
blk_3                 (load             ) [ 00000]
icmp_ln342            (icmp             ) [ 01110]
speclooptripcount_ln0 (speclooptripcount) [ 00000]
add_ln342             (add              ) [ 00000]
br_ln342              (br               ) [ 00000]
zext_ln342_1          (zext             ) [ 00000]
trunc_ln344           (trunc            ) [ 00000]
shl_ln                (bitconcatenate   ) [ 00000]
zext_ln352            (zext             ) [ 00000]
pkt_keep              (icmp             ) [ 01111]
exp_buf_0_addr        (getelementptr    ) [ 01100]
or_ln                 (bitconcatenate   ) [ 00000]
zext_ln357            (zext             ) [ 00000]
icmp_ln357            (icmp             ) [ 01111]
exp_buf_1_addr        (getelementptr    ) [ 01100]
or_ln3                (bitconcatenate   ) [ 00000]
zext_ln362            (zext             ) [ 00000]
icmp_ln362            (icmp             ) [ 01111]
exp_buf_2_addr        (getelementptr    ) [ 01100]
or_ln4                (bitconcatenate   ) [ 00000]
zext_ln367            (zext             ) [ 00000]
icmp_ln367            (icmp             ) [ 01111]
exp_buf_3_addr        (getelementptr    ) [ 01100]
store_ln342           (store            ) [ 00000]
exp_buf_0_load        (load             ) [ 01010]
exp_buf_1_load        (load             ) [ 01010]
exp_buf_2_load        (load             ) [ 01010]
exp_buf_3_load        (load             ) [ 01010]
zext_ln353            (zext             ) [ 00000]
prod0                 (mul              ) [ 00000]
pkt_v0                (partselect       ) [ 01001]
zext_ln358            (zext             ) [ 00000]
prod1                 (mul              ) [ 00000]
pkt_v1                (partselect       ) [ 01001]
zext_ln363            (zext             ) [ 00000]
prod2                 (mul              ) [ 00000]
pkt_v2                (partselect       ) [ 01001]
zext_ln368            (zext             ) [ 00000]
prod3                 (mul              ) [ 00000]
pkt_v3                (partselect       ) [ 01001]
specpipeline_ln343    (specpipeline     ) [ 00000]
specloopname_ln342    (specloopname     ) [ 00000]
pkt_v0_1              (select           ) [ 00000]
zext_ln345            (zext             ) [ 00000]
pkt_keep_1            (bitconcatenate   ) [ 00000]
pkt_v1_1              (select           ) [ 00000]
pkt_keep_4            (select           ) [ 00000]
zext_ln345_1          (zext             ) [ 00000]
pkt_keep_5            (bitconcatenate   ) [ 00000]
pkt_v2_1              (select           ) [ 00000]
pkt_keep_2            (select           ) [ 00000]
zext_ln345_2          (zext             ) [ 00000]
pkt_keep_6            (bitset           ) [ 00000]
pkt_v3_1              (select           ) [ 00000]
pkt_keep_3            (select           ) [ 00000]
p_0                   (bitconcatenate   ) [ 00000]
write_ln373           (write            ) [ 00000]
br_ln342              (br               ) [ 00000]
ret_ln0               (ret              ) [ 00000]
</LifeTime>

<model>

<comp_list>
<comp id="0" class="1000" name="trunc_ln">
<pin_list>
<pin id="1" dir="1" index="0" bw="1" slack="0"/>
</pin_list>
<bind>
<StgValue><ssdm name="trunc_ln"/></StgValue>
</bind>
</comp>

<comp id="2" class="1000" name="n">
<pin_list>
<pin id="3" dir="1" index="0" bw="1" slack="0"/>
</pin_list>
<bind>
<StgValue><ssdm name="n"/></StgValue>
</bind>
</comp>

<comp id="4" class="1000" name="exp_buf_0">
<pin_list>
<pin id="5" dir="1" index="0" bw="1" slack="0"/>
</pin_list>
<bind>
<StgValue><ssdm name="exp_buf_0"/><MemPortTyVec>1 3 </MemPortTyVec>
</StgValue>
</bind>
</comp>

<comp id="6" class="1000" name="zext_ln342">
<pin_list>
<pin id="7" dir="1" index="0" bw="1" slack="0"/>
</pin_list>
<bind>
<StgValue><ssdm name="zext_ln342"/></StgValue>
</bind>
</comp>

<comp id="8" class="1000" name="exp_buf_1">
<pin_list>
<pin id="9" dir="1" index="0" bw="1" slack="0"/>
</pin_list>
<bind>
<StgValue><ssdm name="exp_buf_1"/><MemPortTyVec>1 3 </MemPortTyVec>
</StgValue>
</bind>
</comp>

<comp id="10" class="1000" name="exp_buf_2">
<pin_list>
<pin id="11" dir="1" index="0" bw="1" slack="0"/>
</pin_list>
<bind>
<StgValue><ssdm name="exp_buf_2"/><MemPortTyVec>1 3 </MemPortTyVec>
</StgValue>
</bind>
</comp>

<comp id="12" class="1000" name="exp_buf_3">
<pin_list>
<pin id="13" dir="1" index="0" bw="1" slack="0"/>
</pin_list>
<bind>
<StgValue><ssdm name="exp_buf_3"/><MemPortTyVec>1 3 </MemPortTyVec>
</StgValue>
</bind>
</comp>

<comp id="14" class="1000" name="prob_stream">
<pin_list>
<pin id="15" dir="1" index="0" bw="1" slack="0"/>
</pin_list>
<bind>
<StgValue><ssdm name="prob_stream"/></StgValue>
</bind>
</comp>

<comp id="16" class="1001" name="const_16">
<pin_list>
<pin id="17" dir="1" index="0" bw="1" slack="0"/>
</pin_list>
<bind>
<StgValue><ssdm name=""/></StgValue>
</bind>
</comp>

<comp id="18" class="1001" name="const_18">
<pin_list>
<pin id="19" dir="1" index="0" bw="1" slack="2147483647"/>
</pin_list>
<bind>
<StgValue><ssdm name="_ssdm_op_SpecStableContent"/></StgValue>
</bind>
</comp>

<comp id="20" class="1001" name="const_20">
<pin_list>
<pin id="21" dir="1" index="0" bw="1" slack="0"/>
</pin_list>
<bind>
<StgValue><ssdm name=""/></StgValue>
</bind>
</comp>

<comp id="22" class="1001" name="const_22">
<pin_list>
<pin id="23" dir="1" index="0" bw="1" slack="2147483647"/>
</pin_list>
<bind>
<StgValue><ssdm name="p_str"/></StgValue>
</bind>
</comp>

<comp id="24" class="1001" name="const_24">
<pin_list>
<pin id="25" dir="1" index="0" bw="1" slack="0"/>
</pin_list>
<bind>
<StgValue><ssdm name="_ssdm_op_Read.ap_auto.i31"/></StgValue>
</bind>
</comp>

<comp id="26" class="1001" name="const_26">
<pin_list>
<pin id="27" dir="1" index="0" bw="1" slack="0"/>
</pin_list>
<bind>
<StgValue><ssdm name="_ssdm_op_Read.ap_auto.i9"/></StgValue>
</bind>
</comp>

<comp id="28" class="1001" name="const_28">
<pin_list>
<pin id="29" dir="1" index="0" bw="1" slack="0"/>
</pin_list>
<bind>
<StgValue><ssdm name="_ssdm_op_Read.ap_auto.i7"/></StgValue>
</bind>
</comp>

<comp id="30" class="1001" name="const_30">
<pin_list>
<pin id="31" dir="1" index="0" bw="1" slack="2147483647"/>
</pin_list>
<bind>
<StgValue><ssdm name="_ssdm_op_SpecMemCore"/></StgValue>
</bind>
</comp>

<comp id="32" class="1001" name="const_32">
<pin_list>
<pin id="33" dir="1" index="0" bw="1" slack="2147483647"/>
</pin_list>
<bind>
<StgValue><ssdm name=""/></StgValue>
</bind>
</comp>

<comp id="34" class="1001" name="const_34">
<pin_list>
<pin id="35" dir="1" index="0" bw="1" slack="2147483647"/>
</pin_list>
<bind>
<StgValue><ssdm name=""/></StgValue>
</bind>
</comp>

<comp id="36" class="1001" name="const_36">
<pin_list>
<pin id="37" dir="1" index="0" bw="1" slack="2147483647"/>
</pin_list>
<bind>
<StgValue><ssdm name=""/></StgValue>
</bind>
</comp>

<comp id="38" class="1001" name="const_38">
<pin_list>
<pin id="39" dir="1" index="0" bw="1" slack="2147483647"/>
</pin_list>
<bind>
<StgValue><ssdm name="_ssdm_op_SpecInterface"/></StgValue>
</bind>
</comp>

<comp id="40" class="1001" name="const_40">
<pin_list>
<pin id="41" dir="1" index="0" bw="1" slack="2147483647"/>
</pin_list>
<bind>
<StgValue><ssdm name="empty"/></StgValue>
</bind>
</comp>

<comp id="42" class="1001" name="const_42">
<pin_list>
<pin id="43" dir="1" index="0" bw="1" slack="0"/>
</pin_list>
<bind>
<StgValue><ssdm name=""/></StgValue>
</bind>
</comp>

<comp id="44" class="1001" name="const_44">
<pin_list>
<pin id="45" dir="1" index="0" bw="1" slack="2147483647"/>
</pin_list>
<bind>
<StgValue><ssdm name="empty_1"/></StgValue>
</bind>
</comp>

<comp id="46" class="1001" name="const_46">
<pin_list>
<pin id="47" dir="1" index="0" bw="1" slack="2147483647"/>
</pin_list>
<bind>
<StgValue><ssdm name=""/></StgValue>
</bind>
</comp>

<comp id="48" class="1001" name="const_48">
<pin_list>
<pin id="49" dir="1" index="0" bw="1" slack="0"/>
</pin_list>
<bind>
<StgValue><ssdm name=""/></StgValue>
</bind>
</comp>

<comp id="50" class="1001" name="const_50">
<pin_list>
<pin id="51" dir="1" index="0" bw="1" slack="2147483647"/>
</pin_list>
<bind>
<StgValue><ssdm name="_ssdm_op_SpecLoopTripCount"/></StgValue>
</bind>
</comp>

<comp id="52" class="1001" name="const_52">
<pin_list>
<pin id="53" dir="1" index="0" bw="1" slack="2147483647"/>
</pin_list>
<bind>
<StgValue><ssdm name=""/></StgValue>
</bind>
</comp>

<comp id="54" class="1001" name="const_54">
<pin_list>
<pin id="55" dir="1" index="0" bw="1" slack="2147483647"/>
</pin_list>
<bind>
<StgValue><ssdm name=""/></StgValue>
</bind>
</comp>

<comp id="56" class="1001" name="const_56">
<pin_list>
<pin id="57" dir="1" index="0" bw="1" slack="0"/>
</pin_list>
<bind>
<StgValue><ssdm name=""/></StgValue>
</bind>
</comp>

<comp id="58" class="1001" name="const_58">
<pin_list>
<pin id="59" dir="1" index="0" bw="1" slack="0"/>
</pin_list>
<bind>
<StgValue><ssdm name=""/></StgValue>
</bind>
</comp>

<comp id="60" class="1001" name="const_60">
<pin_list>
<pin id="61" dir="1" index="0" bw="1" slack="0"/>
</pin_list>
<bind>
<StgValue><ssdm name="_ssdm_op_BitConcatenate.i8.i6.i2"/></StgValue>
</bind>
</comp>

<comp id="62" class="1001" name="const_62">
<pin_list>
<pin id="63" dir="1" index="0" bw="1" slack="0"/>
</pin_list>
<bind>
<StgValue><ssdm name=""/></StgValue>
</bind>
</comp>

<comp id="64" class="1001" name="const_64">
<pin_list>
<pin id="65" dir="1" index="0" bw="1" slack="0"/>
</pin_list>
<bind>
<StgValue><ssdm name=""/></StgValue>
</bind>
</comp>

<comp id="66" class="1001" name="const_66">
<pin_list>
<pin id="67" dir="1" index="0" bw="1" slack="0"/>
</pin_list>
<bind>
<StgValue><ssdm name=""/></StgValue>
</bind>
</comp>

<comp id="68" class="1001" name="const_68">
<pin_list>
<pin id="69" dir="1" index="0" bw="1" slack="0"/>
</pin_list>
<bind>
<StgValue><ssdm name=""/></StgValue>
</bind>
</comp>

<comp id="70" class="1001" name="const_70">
<pin_list>
<pin id="71" dir="1" index="0" bw="1" slack="0"/>
</pin_list>
<bind>
<StgValue><ssdm name="_ssdm_op_PartSelect.i32.i62.i32.i32"/></StgValue>
</bind>
</comp>

<comp id="72" class="1001" name="const_72">
<pin_list>
<pin id="73" dir="1" index="0" bw="1" slack="0"/>
</pin_list>
<bind>
<StgValue><ssdm name=""/></StgValue>
</bind>
</comp>

<comp id="74" class="1001" name="const_74">
<pin_list>
<pin id="75" dir="1" index="0" bw="1" slack="0"/>
</pin_list>
<bind>
<StgValue><ssdm name=""/></StgValue>
</bind>
</comp>

<comp id="76" class="1001" name="const_76">
<pin_list>
<pin id="77" dir="1" index="0" bw="1" slack="2147483647"/>
</pin_list>
<bind>
<StgValue><ssdm name="_ssdm_op_SpecPipeline"/></StgValue>
</bind>
</comp>

<comp id="78" class="1001" name="const_78">
<pin_list>
<pin id="79" dir="1" index="0" bw="1" slack="2147483647"/>
</pin_list>
<bind>
<StgValue><ssdm name="_ssdm_op_SpecLoopName"/></StgValue>
</bind>
</comp>

<comp id="80" class="1001" name="const_80">
<pin_list>
<pin id="81" dir="1" index="0" bw="1" slack="2147483647"/>
</pin_list>
<bind>
<StgValue><ssdm name="empty_17"/></StgValue>
</bind>
</comp>

<comp id="82" class="1001" name="const_82">
<pin_list>
<pin id="83" dir="1" index="0" bw="1" slack="0"/>
</pin_list>
<bind>
<StgValue><ssdm name="_ssdm_op_BitConcatenate.i2.i1.i1"/></StgValue>
</bind>
</comp>

<comp id="84" class="1001" name="const_84">
<pin_list>
<pin id="85" dir="1" index="0" bw="1" slack="0"/>
</pin_list>
<bind>
<StgValue><ssdm name="_ssdm_op_BitConcatenate.i3.i1.i2"/></StgValue>
</bind>
</comp>

<comp id="86" class="1001" name="const_86">
<pin_list>
<pin id="87" dir="1" index="0" bw="1" slack="0"/>
</pin_list>
<bind>
<StgValue><ssdm name="_ssdm_op_BitSet.i4.i4.i32.i1"/></StgValue>
</bind>
</comp>

<comp id="88" class="1001" name="const_88">
<pin_list>
<pin id="89" dir="1" index="0" bw="1" slack="0"/>
</pin_list>
<bind>
<StgValue><ssdm name=""/></StgValue>
</bind>
</comp>

<comp id="90" class="1001" name="const_90">
<pin_list>
<pin id="91" dir="1" index="0" bw="1" slack="0"/>
</pin_list>
<bind>
<StgValue><ssdm name="_ssdm_op_BitConcatenate.i132.i4.i32.i32.i32.i32"/></StgValue>
</bind>
</comp>

<comp id="92" class="1001" name="const_92">
<pin_list>
<pin id="93" dir="1" index="0" bw="1" slack="0"/>
</pin_list>
<bind>
<StgValue><ssdm name="_ssdm_op_Write.ap_fifo.volatile.i132P0A"/></StgValue>
</bind>
</comp>

<comp id="94" class="1004" name="blk_fu_94">
<pin_list>
<pin id="95" dir="0" index="0" bw="1" slack="0"/>
<pin id="96" dir="1" index="1" bw="7" slack="0"/>
</pin_list>
<bind>
<opcode="alloca(26) " fcode="alloca"/>
<opset="blk/1 "/>
</bind>
</comp>

<comp id="98" class="1004" name="zext_ln342_read_read_fu_98">
<pin_list>
<pin id="99" dir="0" index="0" bw="31" slack="0"/>
<pin id="100" dir="0" index="1" bw="31" slack="0"/>
<pin id="101" dir="1" index="2" bw="31" slack="0"/>
</pin_list>
<bind>
<opcode="read(1150) " fcode="read"/>
<opset="zext_ln342_read/1 "/>
</bind>
</comp>

<comp id="104" class="1004" name="n_read_read_fu_104">
<pin_list>
<pin id="105" dir="0" index="0" bw="9" slack="0"/>
<pin id="106" dir="0" index="1" bw="9" slack="0"/>
<pin id="107" dir="1" index="2" bw="9" slack="0"/>
</pin_list>
<bind>
<opcode="read(1150) " fcode="read"/>
<opset="n_read/1 "/>
</bind>
</comp>

<comp id="110" class="1004" name="trunc_ln_read_read_fu_110">
<pin_list>
<pin id="111" dir="0" index="0" bw="7" slack="0"/>
<pin id="112" dir="0" index="1" bw="7" slack="0"/>
<pin id="113" dir="1" index="2" bw="7" slack="0"/>
</pin_list>
<bind>
<opcode="read(1150) " fcode="read"/>
<opset="trunc_ln_read/1 "/>
</bind>
</comp>

<comp id="116" class="1004" name="write_ln373_write_fu_116">
<pin_list>
<pin id="117" dir="0" index="0" bw="0" slack="0"/>
<pin id="118" dir="0" index="1" bw="132" slack="0"/>
<pin id="119" dir="0" index="2" bw="132" slack="0"/>
<pin id="120" dir="1" index="3" bw="0" slack="2147483647"/>
</pin_list>
<bind>
<opcode="write(1151) " fcode="write"/>
<opset="write_ln373/4 "/>
</bind>
</comp>

<comp id="123" class="1004" name="exp_buf_0_addr_gep_fu_123">
<pin_list>
<pin id="124" dir="0" index="0" bw="32" slack="0"/>
<pin id="125" dir="0" index="1" bw="1" slack="0"/>
<pin id="126" dir="0" index="2" bw="7" slack="0"/>
<pin id="127" dir="1" index="3" bw="6" slack="0"/>
</pin_list>
<bind>
<opcode="getelementptr(29) " fcode="getelementptr"/>
<opset="exp_buf_0_addr/1 "/>
</bind>
</comp>

<comp id="130" class="1004" name="grp_access_fu_130">
<pin_list>
<pin id="131" dir="0" index="0" bw="6" slack="0"/>
<pin id="132" dir="0" index="1" bw="32" slack="2147483647"/>
<pin id="133" dir="0" index="2" bw="0" slack="2147483647"/>
<pin id="134" dir="1" index="3" bw="32" slack="1"/>
</pin_list>
<bind>
<opcode="load(27) " fcode="load"/>
<opset="exp_buf_0_load/1 "/>
</bind>
</comp>

<comp id="136" class="1004" name="exp_buf_1_addr_gep_fu_136">
<pin_list>
<pin id="137" dir="0" index="0" bw="32" slack="0"/>
<pin id="138" dir="0" index="1" bw="1" slack="0"/>
<pin id="139" dir="0" index="2" bw="7" slack="0"/>
<pin id="140" dir="1" index="3" bw="6" slack="0"/>
</pin_list>
<bind>
<opcode="getelementptr(29) " fcode="getelementptr"/>
<opset="exp_buf_1_addr/1 "/>
</bind>
</comp>

<comp id="143" class="1004" name="grp_access_fu_143">
<pin_list>
<pin id="144" dir="0" index="0" bw="6" slack="0"/>
<pin id="145" dir="0" index="1" bw="32" slack="2147483647"/>
<pin id="146" dir="0" index="2" bw="0" slack="2147483647"/>
<pin id="147" dir="1" index="3" bw="32" slack="1"/>
</pin_list>
<bind>
<opcode="load(27) " fcode="load"/>
<opset="exp_buf_1_load/1 "/>
</bind>
</comp>

<comp id="149" class="1004" name="exp_buf_2_addr_gep_fu_149">
<pin_list>
<pin id="150" dir="0" index="0" bw="32" slack="0"/>
<pin id="151" dir="0" index="1" bw="1" slack="0"/>
<pin id="152" dir="0" index="2" bw="7" slack="0"/>
<pin id="153" dir="1" index="3" bw="6" slack="0"/>
</pin_list>
<bind>
<opcode="getelementptr(29) " fcode="getelementptr"/>
<opset="exp_buf_2_addr/1 "/>
</bind>
</comp>

<comp id="156" class="1004" name="grp_access_fu_156">
<pin_list>
<pin id="157" dir="0" index="0" bw="6" slack="0"/>
<pin id="158" dir="0" index="1" bw="32" slack="2147483647"/>
<pin id="159" dir="0" index="2" bw="0" slack="2147483647"/>
<pin id="160" dir="1" index="3" bw="32" slack="1"/>
</pin_list>
<bind>
<opcode="load(27) " fcode="load"/>
<opset="exp_buf_2_load/1 "/>
</bind>
</comp>

<comp id="162" class="1004" name="exp_buf_3_addr_gep_fu_162">
<pin_list>
<pin id="163" dir="0" index="0" bw="32" slack="0"/>
<pin id="164" dir="0" index="1" bw="1" slack="0"/>
<pin id="165" dir="0" index="2" bw="7" slack="0"/>
<pin id="166" dir="1" index="3" bw="6" slack="0"/>
</pin_list>
<bind>
<opcode="getelementptr(29) " fcode="getelementptr"/>
<opset="exp_buf_3_addr/1 "/>
</bind>
</comp>

<comp id="169" class="1004" name="grp_access_fu_169">
<pin_list>
<pin id="170" dir="0" index="0" bw="6" slack="0"/>
<pin id="171" dir="0" index="1" bw="32" slack="2147483647"/>
<pin id="172" dir="0" index="2" bw="0" slack="2147483647"/>
<pin id="173" dir="1" index="3" bw="32" slack="1"/>
</pin_list>
<bind>
<opcode="load(27) " fcode="load"/>
<opset="exp_buf_3_load/1 "/>
</bind>
</comp>

<comp id="175" class="1004" name="prod0_fu_175">
<pin_list>
<pin id="176" dir="0" index="0" bw="32" slack="0"/>
<pin id="177" dir="0" index="1" bw="31" slack="2"/>
<pin id="178" dir="1" index="2" bw="62" slack="0"/>
</pin_list>
<bind>
<opcode="mul(12) " fcode="mul"/>
<opset="prod0/3 "/>
</bind>
</comp>

<comp id="179" class="1004" name="prod1_fu_179">
<pin_list>
<pin id="180" dir="0" index="0" bw="32" slack="0"/>
<pin id="181" dir="0" index="1" bw="31" slack="2"/>
<pin id="182" dir="1" index="2" bw="62" slack="0"/>
</pin_list>
<bind>
<opcode="mul(12) " fcode="mul"/>
<opset="prod1/3 "/>
</bind>
</comp>

<comp id="183" class="1004" name="prod2_fu_183">
<pin_list>
<pin id="184" dir="0" index="0" bw="32" slack="0"/>
<pin id="185" dir="0" index="1" bw="31" slack="2"/>
<pin id="186" dir="1" index="2" bw="62" slack="0"/>
</pin_list>
<bind>
<opcode="mul(12) " fcode="mul"/>
<opset="prod2/3 "/>
</bind>
</comp>

<comp id="187" class="1004" name="prod3_fu_187">
<pin_list>
<pin id="188" dir="0" index="0" bw="32" slack="0"/>
<pin id="189" dir="0" index="1" bw="31" slack="2"/>
<pin id="190" dir="1" index="2" bw="62" slack="0"/>
</pin_list>
<bind>
<opcode="mul(12) " fcode="mul"/>
<opset="prod3/3 "/>
</bind>
</comp>

<comp id="191" class="1004" name="zext_ln342_cast_fu_191">
<pin_list>
<pin id="192" dir="0" index="0" bw="31" slack="0"/>
<pin id="193" dir="1" index="1" bw="62" slack="2"/>
</pin_list>
<bind>
<opcode="zext(34) " fcode="zext"/>
<opset="zext_ln342_cast/1 "/>
</bind>
</comp>

<comp id="195" class="1004" name="store_ln342_store_fu_195">
<pin_list>
<pin id="196" dir="0" index="0" bw="1" slack="0"/>
<pin id="197" dir="0" index="1" bw="7" slack="0"/>
<pin id="198" dir="1" index="2" bw="0" slack="2147483647"/>
</pin_list>
<bind>
<opcode="store(28) " fcode="store"/>
<opset="store_ln342/1 "/>
</bind>
</comp>

<comp id="200" class="1004" name="blk_3_load_fu_200">
<pin_list>
<pin id="201" dir="0" index="0" bw="7" slack="0"/>
<pin id="202" dir="1" index="1" bw="7" slack="0"/>
</pin_list>
<bind>
<opcode="load(27) " fcode="load"/>
<opset="blk_3/1 "/>
</bind>
</comp>

<comp id="203" class="1004" name="icmp_ln342_fu_203">
<pin_list>
<pin id="204" dir="0" index="0" bw="7" slack="0"/>
<pin id="205" dir="0" index="1" bw="7" slack="0"/>
<pin id="206" dir="1" index="2" bw="1" slack="2"/>
</pin_list>
<bind>
<opcode="icmp(45) " fcode="icmp"/>
<opset="icmp_ln342/1 "/>
</bind>
</comp>

<comp id="209" class="1004" name="add_ln342_fu_209">
<pin_list>
<pin id="210" dir="0" index="0" bw="7" slack="0"/>
<pin id="211" dir="0" index="1" bw="1" slack="0"/>
<pin id="212" dir="1" index="2" bw="7" slack="0"/>
</pin_list>
<bind>
<opcode="add(8) " fcode="add"/>
<opset="add_ln342/1 "/>
</bind>
</comp>

<comp id="215" class="1004" name="zext_ln342_1_fu_215">
<pin_list>
<pin id="216" dir="0" index="0" bw="7" slack="0"/>
<pin id="217" dir="1" index="1" bw="64" slack="0"/>
</pin_list>
<bind>
<opcode="zext(34) " fcode="zext"/>
<opset="zext_ln342_1/1 "/>
</bind>
</comp>

<comp id="223" class="1004" name="trunc_ln344_fu_223">
<pin_list>
<pin id="224" dir="0" index="0" bw="7" slack="0"/>
<pin id="225" dir="1" index="1" bw="6" slack="0"/>
</pin_list>
<bind>
<opcode="trunc(33) " fcode="trunc"/>
<opset="trunc_ln344/1 "/>
</bind>
</comp>

<comp id="227" class="1004" name="shl_ln_fu_227">
<pin_list>
<pin id="228" dir="0" index="0" bw="8" slack="0"/>
<pin id="229" dir="0" index="1" bw="6" slack="0"/>
<pin id="230" dir="0" index="2" bw="1" slack="0"/>
<pin id="231" dir="1" index="3" bw="8" slack="0"/>
</pin_list>
<bind>
<opcode="bitconcatenate(1004) " fcode="bitconcatenate"/>
<opset="shl_ln/1 "/>
</bind>
</comp>

<comp id="235" class="1004" name="zext_ln352_fu_235">
<pin_list>
<pin id="236" dir="0" index="0" bw="8" slack="0"/>
<pin id="237" dir="1" index="1" bw="9" slack="0"/>
</pin_list>
<bind>
<opcode="zext(34) " fcode="zext"/>
<opset="zext_ln352/1 "/>
</bind>
</comp>

<comp id="239" class="1004" name="pkt_keep_fu_239">
<pin_list>
<pin id="240" dir="0" index="0" bw="9" slack="0"/>
<pin id="241" dir="0" index="1" bw="9" slack="0"/>
<pin id="242" dir="1" index="2" bw="1" slack="2"/>
</pin_list>
<bind>
<opcode="icmp(45) " fcode="icmp"/>
<opset="pkt_keep/1 "/>
</bind>
</comp>

<comp id="245" class="1004" name="or_ln_fu_245">
<pin_list>
<pin id="246" dir="0" index="0" bw="8" slack="0"/>
<pin id="247" dir="0" index="1" bw="6" slack="0"/>
<pin id="248" dir="0" index="2" bw="1" slack="0"/>
<pin id="249" dir="1" index="3" bw="8" slack="0"/>
</pin_list>
<bind>
<opcode="bitconcatenate(1004) " fcode="bitconcatenate"/>
<opset="or_ln/1 "/>
</bind>
</comp>

<comp id="253" class="1004" name="zext_ln357_fu_253">
<pin_list>
<pin id="254" dir="0" index="0" bw="8" slack="0"/>
<pin id="255" dir="1" index="1" bw="9" slack="0"/>
</pin_list>
<bind>
<opcode="zext(34) " fcode="zext"/>
<opset="zext_ln357/1 "/>
</bind>
</comp>

<comp id="257" class="1004" name="icmp_ln357_fu_257">
<pin_list>
<pin id="258" dir="0" index="0" bw="9" slack="0"/>
<pin id="259" dir="0" index="1" bw="9" slack="0"/>
<pin id="260" dir="1" index="2" bw="1" slack="2"/>
</pin_list>
<bind>
<opcode="icmp(45) " fcode="icmp"/>
<opset="icmp_ln357/1 "/>
</bind>
</comp>

<comp id="263" class="1004" name="or_ln3_fu_263">
<pin_list>
<pin id="264" dir="0" index="0" bw="8" slack="0"/>
<pin id="265" dir="0" index="1" bw="6" slack="0"/>
<pin id="266" dir="0" index="2" bw="2" slack="0"/>
<pin id="267" dir="1" index="3" bw="8" slack="0"/>
</pin_list>
<bind>
<opcode="bitconcatenate(1004) " fcode="bitconcatenate"/>
<opset="or_ln3/1 "/>
</bind>
</comp>

<comp id="271" class="1004" name="zext_ln362_fu_271">
<pin_list>
<pin id="272" dir="0" index="0" bw="8" slack="0"/>
<pin id="273" dir="1" index="1" bw="9" slack="0"/>
</pin_list>
<bind>
<opcode="zext(34) " fcode="zext"/>
<opset="zext_ln362/1 "/>
</bind>
</comp>

<comp id="275" class="1004" name="icmp_ln362_fu_275">
<pin_list>
<pin id="276" dir="0" index="0" bw="9" slack="0"/>
<pin id="277" dir="0" index="1" bw="9" slack="0"/>
<pin id="278" dir="1" index="2" bw="1" slack="2"/>
</pin_list>
<bind>
<opcode="icmp(45) " fcode="icmp"/>
<opset="icmp_ln362/1 "/>
</bind>
</comp>

<comp id="281" class="1004" name="or_ln4_fu_281">
<pin_list>
<pin id="282" dir="0" index="0" bw="8" slack="0"/>
<pin id="283" dir="0" index="1" bw="6" slack="0"/>
<pin id="284" dir="0" index="2" bw="1" slack="0"/>
<pin id="285" dir="1" index="3" bw="8" slack="0"/>
</pin_list>
<bind>
<opcode="bitconcatenate(1004) " fcode="bitconcatenate"/>
<opset="or_ln4/1 "/>
</bind>
</comp>

<comp id="289" class="1004" name="zext_ln367_fu_289">
<pin_list>
<pin id="290" dir="0" index="0" bw="8" slack="0"/>
<pin id="291" dir="1" index="1" bw="9" slack="0"/>
</pin_list>
<bind>
<opcode="zext(34) " fcode="zext"/>
<opset="zext_ln367/1 "/>
</bind>
</comp>

<comp id="293" class="1004" name="icmp_ln367_fu_293">
<pin_list>
<pin id="294" dir="0" index="0" bw="9" slack="0"/>
<pin id="295" dir="0" index="1" bw="9" slack="0"/>
<pin id="296" dir="1" index="2" bw="1" slack="2"/>
</pin_list>
<bind>
<opcode="icmp(45) " fcode="icmp"/>
<opset="icmp_ln367/1 "/>
</bind>
</comp>

<comp id="299" class="1004" name="store_ln342_store_fu_299">
<pin_list>
<pin id="300" dir="0" index="0" bw="7" slack="0"/>
<pin id="301" dir="0" index="1" bw="7" slack="0"/>
<pin id="302" dir="1" index="2" bw="0" slack="2147483647"/>
</pin_list>
<bind>
<opcode="store(28) " fcode="store"/>
<opset="store_ln342/1 "/>
</bind>
</comp>

<comp id="304" class="1004" name="zext_ln353_fu_304">
<pin_list>
<pin id="305" dir="0" index="0" bw="32" slack="1"/>
<pin id="306" dir="1" index="1" bw="62" slack="0"/>
</pin_list>
<bind>
<opcode="zext(34) " fcode="zext"/>
<opset="zext_ln353/3 "/>
</bind>
</comp>

<comp id="308" class="1004" name="pkt_v0_fu_308">
<pin_list>
<pin id="309" dir="0" index="0" bw="32" slack="0"/>
<pin id="310" dir="0" index="1" bw="62" slack="0"/>
<pin id="311" dir="0" index="2" bw="6" slack="0"/>
<pin id="312" dir="0" index="3" bw="7" slack="0"/>
<pin id="313" dir="1" index="4" bw="32" slack="1"/>
</pin_list>
<bind>
<opcode="partselect(1002) " fcode="partselect"/>
<opset="pkt_v0/3 "/>
</bind>
</comp>

<comp id="318" class="1004" name="zext_ln358_fu_318">
<pin_list>
<pin id="319" dir="0" index="0" bw="32" slack="1"/>
<pin id="320" dir="1" index="1" bw="62" slack="0"/>
</pin_list>
<bind>
<opcode="zext(34) " fcode="zext"/>
<opset="zext_ln358/3 "/>
</bind>
</comp>

<comp id="322" class="1004" name="pkt_v1_fu_322">
<pin_list>
<pin id="323" dir="0" index="0" bw="32" slack="0"/>
<pin id="324" dir="0" index="1" bw="62" slack="0"/>
<pin id="325" dir="0" index="2" bw="6" slack="0"/>
<pin id="326" dir="0" index="3" bw="7" slack="0"/>
<pin id="327" dir="1" index="4" bw="32" slack="1"/>
</pin_list>
<bind>
<opcode="partselect(1002) " fcode="partselect"/>
<opset="pkt_v1/3 "/>
</bind>
</comp>

<comp id="332" class="1004" name="zext_ln363_fu_332">
<pin_list>
<pin id="333" dir="0" index="0" bw="32" slack="1"/>
<pin id="334" dir="1" index="1" bw="62" slack="0"/>
</pin_list>
<bind>
<opcode="zext(34) " fcode="zext"/>
<opset="zext_ln363/3 "/>
</bind>
</comp>

<comp id="336" class="1004" name="pkt_v2_fu_336">
<pin_list>
<pin id="337" dir="0" index="0" bw="32" slack="0"/>
<pin id="338" dir="0" index="1" bw="62" slack="0"/>
<pin id="339" dir="0" index="2" bw="6" slack="0"/>
<pin id="340" dir="0" index="3" bw="7" slack="0"/>
<pin id="341" dir="1" index="4" bw="32" slack="1"/>
</pin_list>
<bind>
<opcode="partselect(1002) " fcode="partselect"/>
<opset="pkt_v2/3 "/>
</bind>
</comp>

<comp id="346" class="1004" name="zext_ln368_fu_346">
<pin_list>
<pin id="347" dir="0" index="0" bw="32" slack="1"/>
<pin id="348" dir="1" index="1" bw="62" slack="0"/>
</pin_list>
<bind>
<opcode="zext(34) " fcode="zext"/>
<opset="zext_ln368/3 "/>
</bind>
</comp>

<comp id="350" class="1004" name="pkt_v3_fu_350">
<pin_list>
<pin id="351" dir="0" index="0" bw="32" slack="0"/>
<pin id="352" dir="0" index="1" bw="62" slack="0"/>
<pin id="353" dir="0" index="2" bw="6" slack="0"/>
<pin id="354" dir="0" index="3" bw="7" slack="0"/>
<pin id="355" dir="1" index="4" bw="32" slack="1"/>
</pin_list>
<bind>
<opcode="partselect(1002) " fcode="partselect"/>
<opset="pkt_v3/3 "/>
</bind>
</comp>

<comp id="360" class="1004" name="pkt_v0_1_fu_360">
<pin_list>
<pin id="361" dir="0" index="0" bw="1" slack="3"/>
<pin id="362" dir="0" index="1" bw="32" slack="1"/>
<pin id="363" dir="0" index="2" bw="32" slack="0"/>
<pin id="364" dir="1" index="3" bw="32" slack="0"/>
</pin_list>
<bind>
<opcode="select(49) " fcode="select"/>
<opset="pkt_v0_1/4 "/>
</bind>
</comp>

<comp id="366" class="1004" name="zext_ln345_fu_366">
<pin_list>
<pin id="367" dir="0" index="0" bw="1" slack="3"/>
<pin id="368" dir="1" index="1" bw="2" slack="0"/>
</pin_list>
<bind>
<opcode="zext(34) " fcode="zext"/>
<opset="zext_ln345/4 "/>
</bind>
</comp>

<comp id="369" class="1004" name="pkt_keep_1_fu_369">
<pin_list>
<pin id="370" dir="0" index="0" bw="2" slack="0"/>
<pin id="371" dir="0" index="1" bw="1" slack="0"/>
<pin id="372" dir="0" index="2" bw="1" slack="3"/>
<pin id="373" dir="1" index="3" bw="2" slack="0"/>
</pin_list>
<bind>
<opcode="bitconcatenate(1004) " fcode="bitconcatenate"/>
<opset="pkt_keep_1/4 "/>
</bind>
</comp>

<comp id="376" class="1004" name="pkt_v1_1_fu_376">
<pin_list>
<pin id="377" dir="0" index="0" bw="1" slack="3"/>
<pin id="378" dir="0" index="1" bw="32" slack="1"/>
<pin id="379" dir="0" index="2" bw="32" slack="0"/>
<pin id="380" dir="1" index="3" bw="32" slack="0"/>
</pin_list>
<bind>
<opcode="select(49) " fcode="select"/>
<opset="pkt_v1_1/4 "/>
</bind>
</comp>

<comp id="382" class="1004" name="pkt_keep_4_fu_382">
<pin_list>
<pin id="383" dir="0" index="0" bw="1" slack="3"/>
<pin id="384" dir="0" index="1" bw="2" slack="0"/>
<pin id="385" dir="0" index="2" bw="2" slack="0"/>
<pin id="386" dir="1" index="3" bw="2" slack="0"/>
</pin_list>
<bind>
<opcode="select(49) " fcode="select"/>
<opset="pkt_keep_4/4 "/>
</bind>
</comp>

<comp id="389" class="1004" name="zext_ln345_1_fu_389">
<pin_list>
<pin id="390" dir="0" index="0" bw="2" slack="0"/>
<pin id="391" dir="1" index="1" bw="3" slack="0"/>
</pin_list>
<bind>
<opcode="zext(34) " fcode="zext"/>
<opset="zext_ln345_1/4 "/>
</bind>
</comp>

<comp id="393" class="1004" name="pkt_keep_5_fu_393">
<pin_list>
<pin id="394" dir="0" index="0" bw="3" slack="0"/>
<pin id="395" dir="0" index="1" bw="1" slack="0"/>
<pin id="396" dir="0" index="2" bw="2" slack="0"/>
<pin id="397" dir="1" index="3" bw="3" slack="0"/>
</pin_list>
<bind>
<opcode="bitconcatenate(1004) " fcode="bitconcatenate"/>
<opset="pkt_keep_5/4 "/>
</bind>
</comp>

<comp id="401" class="1004" name="pkt_v2_1_fu_401">
<pin_list>
<pin id="402" dir="0" index="0" bw="1" slack="3"/>
<pin id="403" dir="0" index="1" bw="32" slack="1"/>
<pin id="404" dir="0" index="2" bw="32" slack="0"/>
<pin id="405" dir="1" index="3" bw="32" slack="0"/>
</pin_list>
<bind>
<opcode="select(49) " fcode="select"/>
<opset="pkt_v2_1/4 "/>
</bind>
</comp>

<comp id="407" class="1004" name="pkt_keep_2_fu_407">
<pin_list>
<pin id="408" dir="0" index="0" bw="1" slack="3"/>
<pin id="409" dir="0" index="1" bw="3" slack="0"/>
<pin id="410" dir="0" index="2" bw="3" slack="0"/>
<pin id="411" dir="1" index="3" bw="3" slack="0"/>
</pin_list>
<bind>
<opcode="select(49) " fcode="select"/>
<opset="pkt_keep_2/4 "/>
</bind>
</comp>

<comp id="414" class="1004" name="zext_ln345_2_fu_414">
<pin_list>
<pin id="415" dir="0" index="0" bw="3" slack="0"/>
<pin id="416" dir="1" index="1" bw="4" slack="0"/>
</pin_list>
<bind>
<opcode="zext(34) " fcode="zext"/>
<opset="zext_ln345_2/4 "/>
</bind>
</comp>

<comp id="418" class="1004" name="pkt_keep_6_fu_418">
<pin_list>
<pin id="419" dir="0" index="0" bw="4" slack="0"/>
<pin id="420" dir="0" index="1" bw="3" slack="0"/>
<pin id="421" dir="0" index="2" bw="3" slack="0"/>
<pin id="422" dir="0" index="3" bw="1" slack="0"/>
<pin id="423" dir="1" index="4" bw="4" slack="0"/>
</pin_list>
<bind>
<opcode="bitset(1001) " fcode="bitset"/>
<opset="pkt_keep_6/4 "/>
</bind>
</comp>

<comp id="428" class="1004" name="pkt_v3_1_fu_428">
<pin_list>
<pin id="429" dir="0" index="0" bw="1" slack="3"/>
<pin id="430" dir="0" index="1" bw="32" slack="1"/>
<pin id="431" dir="0" index="2" bw="32" slack="0"/>
<pin id="432" dir="1" index="3" bw="32" slack="0"/>
</pin_list>
<bind>
<opcode="select(49) " fcode="select"/>
<opset="pkt_v3_1/4 "/>
</bind>
</comp>

<comp id="434" class="1004" name="pkt_keep_3_fu_434">
<pin_list>
<pin id="435" dir="0" index="0" bw="1" slack="3"/>
<pin id="436" dir="0" index="1" bw="4" slack="0"/>
<pin id="437" dir="0" index="2" bw="4" slack="0"/>
<pin id="438" dir="1" index="3" bw="4" slack="0"/>
</pin_list>
<bind>
<opcode="select(49) " fcode="select"/>
<opset="pkt_keep_3/4 "/>
</bind>
</comp>

<comp id="441" class="1004" name="p_0_fu_441">
<pin_list>
<pin id="442" dir="0" index="0" bw="132" slack="0"/>
<pin id="443" dir="0" index="1" bw="4" slack="0"/>
<pin id="444" dir="0" index="2" bw="32" slack="0"/>
<pin id="445" dir="0" index="3" bw="32" slack="0"/>
<pin id="446" dir="0" index="4" bw="32" slack="0"/>
<pin id="447" dir="0" index="5" bw="32" slack="0"/>
<pin id="448" dir="1" index="6" bw="132" slack="0"/>
</pin_list>
<bind>
<opcode="bitconcatenate(1004) " fcode="bitconcatenate"/>
<opset="p_0/4 "/>
</bind>
</comp>

<comp id="456" class="1005" name="blk_reg_456">
<pin_list>
<pin id="457" dir="0" index="0" bw="7" slack="0"/>
<pin id="458" dir="1" index="1" bw="7" slack="0"/>
</pin_list>
<bind>
<opset="blk "/>
</bind>
</comp>

<comp id="463" class="1005" name="zext_ln342_cast_reg_463">
<pin_list>
<pin id="464" dir="0" index="0" bw="62" slack="2"/>
<pin id="465" dir="1" index="1" bw="62" slack="2"/>
</pin_list>
<bind>
<opset="zext_ln342_cast "/>
</bind>
</comp>

<comp id="471" class="1005" name="icmp_ln342_reg_471">
<pin_list>
<pin id="472" dir="0" index="0" bw="1" slack="2"/>
<pin id="473" dir="1" index="1" bw="1" slack="2147483647"/>
</pin_list>
<bind>
<opset="icmp_ln342 "/>
</bind>
</comp>

<comp id="475" class="1005" name="pkt_keep_reg_475">
<pin_list>
<pin id="476" dir="0" index="0" bw="1" slack="2"/>
<pin id="477" dir="1" index="1" bw="1" slack="3"/>
</pin_list>
<bind>
<opset="pkt_keep "/>
</bind>
</comp>

<comp id="482" class="1005" name="exp_buf_0_addr_reg_482">
<pin_list>
<pin id="483" dir="0" index="0" bw="6" slack="1"/>
<pin id="484" dir="1" index="1" bw="6" slack="1"/>
</pin_list>
<bind>
<opset="exp_buf_0_addr "/>
</bind>
</comp>

<comp id="487" class="1005" name="icmp_ln357_reg_487">
<pin_list>
<pin id="488" dir="0" index="0" bw="1" slack="2"/>
<pin id="489" dir="1" index="1" bw="1" slack="3"/>
</pin_list>
<bind>
<opset="icmp_ln357 "/>
</bind>
</comp>

<comp id="493" class="1005" name="exp_buf_1_addr_reg_493">
<pin_list>
<pin id="494" dir="0" index="0" bw="6" slack="1"/>
<pin id="495" dir="1" index="1" bw="6" slack="1"/>
</pin_list>
<bind>
<opset="exp_buf_1_addr "/>
</bind>
</comp>

<comp id="498" class="1005" name="icmp_ln362_reg_498">
<pin_list>
<pin id="499" dir="0" index="0" bw="1" slack="2"/>
<pin id="500" dir="1" index="1" bw="1" slack="3"/>
</pin_list>
<bind>
<opset="icmp_ln362 "/>
</bind>
</comp>

<comp id="504" class="1005" name="exp_buf_2_addr_reg_504">
<pin_list>
<pin id="505" dir="0" index="0" bw="6" slack="1"/>
<pin id="506" dir="1" index="1" bw="6" slack="1"/>
</pin_list>
<bind>
<opset="exp_buf_2_addr "/>
</bind>
</comp>

<comp id="509" class="1005" name="icmp_ln367_reg_509">
<pin_list>
<pin id="510" dir="0" index="0" bw="1" slack="2"/>
<pin id="511" dir="1" index="1" bw="1" slack="3"/>
</pin_list>
<bind>
<opset="icmp_ln367 "/>
</bind>
</comp>

<comp id="515" class="1005" name="exp_buf_3_addr_reg_515">
<pin_list>
<pin id="516" dir="0" index="0" bw="6" slack="1"/>
<pin id="517" dir="1" index="1" bw="6" slack="1"/>
</pin_list>
<bind>
<opset="exp_buf_3_addr "/>
</bind>
</comp>

<comp id="520" class="1005" name="exp_buf_0_load_reg_520">
<pin_list>
<pin id="521" dir="0" index="0" bw="32" slack="1"/>
<pin id="522" dir="1" index="1" bw="32" slack="1"/>
</pin_list>
<bind>
<opset="exp_buf_0_load "/>
</bind>
</comp>

<comp id="525" class="1005" name="exp_buf_1_load_reg_525">
<pin_list>
<pin id="526" dir="0" index="0" bw="32" slack="1"/>
<pin id="527" dir="1" index="1" bw="32" slack="1"/>
</pin_list>
<bind>
<opset="exp_buf_1_load "/>
</bind>
</comp>

<comp id="530" class="1005" name="exp_buf_2_load_reg_530">
<pin_list>
<pin id="531" dir="0" index="0" bw="32" slack="1"/>
<pin id="532" dir="1" index="1" bw="32" slack="1"/>
</pin_list>
<bind>
<opset="exp_buf_2_load "/>
</bind>
</comp>

<comp id="535" class="1005" name="exp_buf_3_load_reg_535">
<pin_list>
<pin id="536" dir="0" index="0" bw="32" slack="1"/>
<pin id="537" dir="1" index="1" bw="32" slack="1"/>
</pin_list>
<bind>
<opset="exp_buf_3_load "/>
</bind>
</comp>

<comp id="540" class="1005" name="pkt_v0_reg_540">
<pin_list>
<pin id="541" dir="0" index="0" bw="32" slack="1"/>
<pin id="542" dir="1" index="1" bw="32" slack="1"/>
</pin_list>
<bind>
<opset="pkt_v0 "/>
</bind>
</comp>

<comp id="545" class="1005" name="pkt_v1_reg_545">
<pin_list>
<pin id="546" dir="0" index="0" bw="32" slack="1"/>
<pin id="547" dir="1" index="1" bw="32" slack="1"/>
</pin_list>
<bind>
<opset="pkt_v1 "/>
</bind>
</comp>

<comp id="550" class="1005" name="pkt_v2_reg_550">
<pin_list>
<pin id="551" dir="0" index="0" bw="32" slack="1"/>
<pin id="552" dir="1" index="1" bw="32" slack="1"/>
</pin_list>
<bind>
<opset="pkt_v2 "/>
</bind>
</comp>

<comp id="555" class="1005" name="pkt_v3_reg_555">
<pin_list>
<pin id="556" dir="0" index="0" bw="32" slack="1"/>
<pin id="557" dir="1" index="1" bw="32" slack="1"/>
</pin_list>
<bind>
<opset="pkt_v3 "/>
</bind>
</comp>

</comp_list>

<net_list>
<net id="97"><net_src comp="16" pin="0"/><net_sink comp="94" pin=0"/></net>

<net id="102"><net_src comp="24" pin="0"/><net_sink comp="98" pin=0"/></net>

<net id="103"><net_src comp="6" pin="0"/><net_sink comp="98" pin=1"/></net>

<net id="108"><net_src comp="26" pin="0"/><net_sink comp="104" pin=0"/></net>

<net id="109"><net_src comp="2" pin="0"/><net_sink comp="104" pin=1"/></net>

<net id="114"><net_src comp="28" pin="0"/><net_sink comp="110" pin=0"/></net>

<net id="115"><net_src comp="0" pin="0"/><net_sink comp="110" pin=1"/></net>

<net id="121"><net_src comp="92" pin="0"/><net_sink comp="116" pin=0"/></net>

<net id="122"><net_src comp="14" pin="0"/><net_sink comp="116" pin=1"/></net>

<net id="128"><net_src comp="4" pin="0"/><net_sink comp="123" pin=0"/></net>

<net id="129"><net_src comp="56" pin="0"/><net_sink comp="123" pin=1"/></net>

<net id="135"><net_src comp="123" pin="3"/><net_sink comp="130" pin=0"/></net>

<net id="141"><net_src comp="8" pin="0"/><net_sink comp="136" pin=0"/></net>

<net id="142"><net_src comp="56" pin="0"/><net_sink comp="136" pin=1"/></net>

<net id="148"><net_src comp="136" pin="3"/><net_sink comp="143" pin=0"/></net>

<net id="154"><net_src comp="10" pin="0"/><net_sink comp="149" pin=0"/></net>

<net id="155"><net_src comp="56" pin="0"/><net_sink comp="149" pin=1"/></net>

<net id="161"><net_src comp="149" pin="3"/><net_sink comp="156" pin=0"/></net>

<net id="167"><net_src comp="12" pin="0"/><net_sink comp="162" pin=0"/></net>

<net id="168"><net_src comp="56" pin="0"/><net_sink comp="162" pin=1"/></net>

<net id="174"><net_src comp="162" pin="3"/><net_sink comp="169" pin=0"/></net>

<net id="194"><net_src comp="98" pin="2"/><net_sink comp="191" pin=0"/></net>

<net id="199"><net_src comp="48" pin="0"/><net_sink comp="195" pin=0"/></net>

<net id="207"><net_src comp="200" pin="1"/><net_sink comp="203" pin=0"/></net>

<net id="208"><net_src comp="110" pin="2"/><net_sink comp="203" pin=1"/></net>

<net id="213"><net_src comp="200" pin="1"/><net_sink comp="209" pin=0"/></net>

<net id="214"><net_src comp="58" pin="0"/><net_sink comp="209" pin=1"/></net>

<net id="218"><net_src comp="200" pin="1"/><net_sink comp="215" pin=0"/></net>

<net id="219"><net_src comp="215" pin="1"/><net_sink comp="123" pin=2"/></net>

<net id="220"><net_src comp="215" pin="1"/><net_sink comp="136" pin=2"/></net>

<net id="221"><net_src comp="215" pin="1"/><net_sink comp="149" pin=2"/></net>

<net id="222"><net_src comp="215" pin="1"/><net_sink comp="162" pin=2"/></net>

<net id="226"><net_src comp="200" pin="1"/><net_sink comp="223" pin=0"/></net>

<net id="232"><net_src comp="60" pin="0"/><net_sink comp="227" pin=0"/></net>

<net id="233"><net_src comp="223" pin="1"/><net_sink comp="227" pin=1"/></net>

<net id="234"><net_src comp="62" pin="0"/><net_sink comp="227" pin=2"/></net>

<net id="238"><net_src comp="227" pin="3"/><net_sink comp="235" pin=0"/></net>

<net id="243"><net_src comp="235" pin="1"/><net_sink comp="239" pin=0"/></net>

<net id="244"><net_src comp="104" pin="2"/><net_sink comp="239" pin=1"/></net>

<net id="250"><net_src comp="60" pin="0"/><net_sink comp="245" pin=0"/></net>

<net id="251"><net_src comp="223" pin="1"/><net_sink comp="245" pin=1"/></net>

<net id="252"><net_src comp="64" pin="0"/><net_sink comp="245" pin=2"/></net>

<net id="256"><net_src comp="245" pin="3"/><net_sink comp="253" pin=0"/></net>

<net id="261"><net_src comp="253" pin="1"/><net_sink comp="257" pin=0"/></net>

<net id="262"><net_src comp="104" pin="2"/><net_sink comp="257" pin=1"/></net>

<net id="268"><net_src comp="60" pin="0"/><net_sink comp="263" pin=0"/></net>

<net id="269"><net_src comp="223" pin="1"/><net_sink comp="263" pin=1"/></net>

<net id="270"><net_src comp="66" pin="0"/><net_sink comp="263" pin=2"/></net>

<net id="274"><net_src comp="263" pin="3"/><net_sink comp="271" pin=0"/></net>

<net id="279"><net_src comp="271" pin="1"/><net_sink comp="275" pin=0"/></net>

<net id="280"><net_src comp="104" pin="2"/><net_sink comp="275" pin=1"/></net>

<net id="286"><net_src comp="60" pin="0"/><net_sink comp="281" pin=0"/></net>

<net id="287"><net_src comp="223" pin="1"/><net_sink comp="281" pin=1"/></net>

<net id="288"><net_src comp="68" pin="0"/><net_sink comp="281" pin=2"/></net>

<net id="292"><net_src comp="281" pin="3"/><net_sink comp="289" pin=0"/></net>

<net id="297"><net_src comp="289" pin="1"/><net_sink comp="293" pin=0"/></net>

<net id="298"><net_src comp="104" pin="2"/><net_sink comp="293" pin=1"/></net>

<net id="303"><net_src comp="209" pin="2"/><net_sink comp="299" pin=0"/></net>

<net id="307"><net_src comp="304" pin="1"/><net_sink comp="175" pin=0"/></net>

<net id="314"><net_src comp="70" pin="0"/><net_sink comp="308" pin=0"/></net>

<net id="315"><net_src comp="175" pin="2"/><net_sink comp="308" pin=1"/></net>

<net id="316"><net_src comp="72" pin="0"/><net_sink comp="308" pin=2"/></net>

<net id="317"><net_src comp="74" pin="0"/><net_sink comp="308" pin=3"/></net>

<net id="321"><net_src comp="318" pin="1"/><net_sink comp="179" pin=0"/></net>

<net id="328"><net_src comp="70" pin="0"/><net_sink comp="322" pin=0"/></net>

<net id="329"><net_src comp="179" pin="2"/><net_sink comp="322" pin=1"/></net>

<net id="330"><net_src comp="72" pin="0"/><net_sink comp="322" pin=2"/></net>

<net id="331"><net_src comp="74" pin="0"/><net_sink comp="322" pin=3"/></net>

<net id="335"><net_src comp="332" pin="1"/><net_sink comp="183" pin=0"/></net>

<net id="342"><net_src comp="70" pin="0"/><net_sink comp="336" pin=0"/></net>

<net id="343"><net_src comp="183" pin="2"/><net_sink comp="336" pin=1"/></net>

<net id="344"><net_src comp="72" pin="0"/><net_sink comp="336" pin=2"/></net>

<net id="345"><net_src comp="74" pin="0"/><net_sink comp="336" pin=3"/></net>

<net id="349"><net_src comp="346" pin="1"/><net_sink comp="187" pin=0"/></net>

<net id="356"><net_src comp="70" pin="0"/><net_sink comp="350" pin=0"/></net>

<net id="357"><net_src comp="187" pin="2"/><net_sink comp="350" pin=1"/></net>

<net id="358"><net_src comp="72" pin="0"/><net_sink comp="350" pin=2"/></net>

<net id="359"><net_src comp="74" pin="0"/><net_sink comp="350" pin=3"/></net>

<net id="365"><net_src comp="42" pin="0"/><net_sink comp="360" pin=2"/></net>

<net id="374"><net_src comp="82" pin="0"/><net_sink comp="369" pin=0"/></net>

<net id="375"><net_src comp="20" pin="0"/><net_sink comp="369" pin=1"/></net>

<net id="381"><net_src comp="42" pin="0"/><net_sink comp="376" pin=2"/></net>

<net id="387"><net_src comp="369" pin="3"/><net_sink comp="382" pin=1"/></net>

<net id="388"><net_src comp="366" pin="1"/><net_sink comp="382" pin=2"/></net>

<net id="392"><net_src comp="382" pin="3"/><net_sink comp="389" pin=0"/></net>

<net id="398"><net_src comp="84" pin="0"/><net_sink comp="393" pin=0"/></net>

<net id="399"><net_src comp="20" pin="0"/><net_sink comp="393" pin=1"/></net>

<net id="400"><net_src comp="382" pin="3"/><net_sink comp="393" pin=2"/></net>

<net id="406"><net_src comp="42" pin="0"/><net_sink comp="401" pin=2"/></net>

<net id="412"><net_src comp="393" pin="3"/><net_sink comp="407" pin=1"/></net>

<net id="413"><net_src comp="389" pin="1"/><net_sink comp="407" pin=2"/></net>

<net id="417"><net_src comp="407" pin="3"/><net_sink comp="414" pin=0"/></net>

<net id="424"><net_src comp="86" pin="0"/><net_sink comp="418" pin=0"/></net>

<net id="425"><net_src comp="414" pin="1"/><net_sink comp="418" pin=1"/></net>

<net id="426"><net_src comp="88" pin="0"/><net_sink comp="418" pin=2"/></net>

<net id="427"><net_src comp="20" pin="0"/><net_sink comp="418" pin=3"/></net>

<net id="433"><net_src comp="42" pin="0"/><net_sink comp="428" pin=2"/></net>

<net id="439"><net_src comp="418" pin="4"/><net_sink comp="434" pin=1"/></net>

<net id="440"><net_src comp="414" pin="1"/><net_sink comp="434" pin=2"/></net>

<net id="449"><net_src comp="90" pin="0"/><net_sink comp="441" pin=0"/></net>

<net id="450"><net_src comp="434" pin="3"/><net_sink comp="441" pin=1"/></net>

<net id="451"><net_src comp="428" pin="3"/><net_sink comp="441" pin=2"/></net>

<net id="452"><net_src comp="401" pin="3"/><net_sink comp="441" pin=3"/></net>

<net id="453"><net_src comp="376" pin="3"/><net_sink comp="441" pin=4"/></net>

<net id="454"><net_src comp="360" pin="3"/><net_sink comp="441" pin=5"/></net>

<net id="455"><net_src comp="441" pin="6"/><net_sink comp="116" pin=2"/></net>

<net id="459"><net_src comp="94" pin="1"/><net_sink comp="456" pin=0"/></net>

<net id="460"><net_src comp="456" pin="1"/><net_sink comp="195" pin=1"/></net>

<net id="461"><net_src comp="456" pin="1"/><net_sink comp="200" pin=0"/></net>

<net id="462"><net_src comp="456" pin="1"/><net_sink comp="299" pin=1"/></net>

<net id="466"><net_src comp="191" pin="1"/><net_sink comp="463" pin=0"/></net>

<net id="467"><net_src comp="463" pin="1"/><net_sink comp="175" pin=1"/></net>

<net id="468"><net_src comp="463" pin="1"/><net_sink comp="179" pin=1"/></net>

<net id="469"><net_src comp="463" pin="1"/><net_sink comp="183" pin=1"/></net>

<net id="470"><net_src comp="463" pin="1"/><net_sink comp="187" pin=1"/></net>

<net id="474"><net_src comp="203" pin="2"/><net_sink comp="471" pin=0"/></net>

<net id="478"><net_src comp="239" pin="2"/><net_sink comp="475" pin=0"/></net>

<net id="479"><net_src comp="475" pin="1"/><net_sink comp="360" pin=0"/></net>

<net id="480"><net_src comp="475" pin="1"/><net_sink comp="366" pin=0"/></net>

<net id="481"><net_src comp="475" pin="1"/><net_sink comp="369" pin=2"/></net>

<net id="485"><net_src comp="123" pin="3"/><net_sink comp="482" pin=0"/></net>

<net id="486"><net_src comp="482" pin="1"/><net_sink comp="130" pin=0"/></net>

<net id="490"><net_src comp="257" pin="2"/><net_sink comp="487" pin=0"/></net>

<net id="491"><net_src comp="487" pin="1"/><net_sink comp="376" pin=0"/></net>

<net id="492"><net_src comp="487" pin="1"/><net_sink comp="382" pin=0"/></net>

<net id="496"><net_src comp="136" pin="3"/><net_sink comp="493" pin=0"/></net>

<net id="497"><net_src comp="493" pin="1"/><net_sink comp="143" pin=0"/></net>

<net id="501"><net_src comp="275" pin="2"/><net_sink comp="498" pin=0"/></net>

<net id="502"><net_src comp="498" pin="1"/><net_sink comp="401" pin=0"/></net>

<net id="503"><net_src comp="498" pin="1"/><net_sink comp="407" pin=0"/></net>

<net id="507"><net_src comp="149" pin="3"/><net_sink comp="504" pin=0"/></net>

<net id="508"><net_src comp="504" pin="1"/><net_sink comp="156" pin=0"/></net>

<net id="512"><net_src comp="293" pin="2"/><net_sink comp="509" pin=0"/></net>

<net id="513"><net_src comp="509" pin="1"/><net_sink comp="428" pin=0"/></net>

<net id="514"><net_src comp="509" pin="1"/><net_sink comp="434" pin=0"/></net>

<net id="518"><net_src comp="162" pin="3"/><net_sink comp="515" pin=0"/></net>

<net id="519"><net_src comp="515" pin="1"/><net_sink comp="169" pin=0"/></net>

<net id="523"><net_src comp="130" pin="3"/><net_sink comp="520" pin=0"/></net>

<net id="524"><net_src comp="520" pin="1"/><net_sink comp="304" pin=0"/></net>

<net id="528"><net_src comp="143" pin="3"/><net_sink comp="525" pin=0"/></net>

<net id="529"><net_src comp="525" pin="1"/><net_sink comp="318" pin=0"/></net>

<net id="533"><net_src comp="156" pin="3"/><net_sink comp="530" pin=0"/></net>

<net id="534"><net_src comp="530" pin="1"/><net_sink comp="332" pin=0"/></net>

<net id="538"><net_src comp="169" pin="3"/><net_sink comp="535" pin=0"/></net>

<net id="539"><net_src comp="535" pin="1"/><net_sink comp="346" pin=0"/></net>

<net id="543"><net_src comp="308" pin="4"/><net_sink comp="540" pin=0"/></net>

<net id="544"><net_src comp="540" pin="1"/><net_sink comp="360" pin=1"/></net>

<net id="548"><net_src comp="322" pin="4"/><net_sink comp="545" pin=0"/></net>

<net id="549"><net_src comp="545" pin="1"/><net_sink comp="376" pin=1"/></net>

<net id="553"><net_src comp="336" pin="4"/><net_sink comp="550" pin=0"/></net>

<net id="554"><net_src comp="550" pin="1"/><net_sink comp="401" pin=1"/></net>

<net id="558"><net_src comp="350" pin="4"/><net_sink comp="555" pin=0"/></net>

<net id="559"><net_src comp="555" pin="1"/><net_sink comp="428" pin=1"/></net>

</net_list>

</model> 
---------------- Datapath Model END ------------------

* FSMD analyzer results:
  - Output states:
	Port: exp_buf_0 | {}
	Port: exp_buf_1 | {}
	Port: exp_buf_2 | {}
	Port: exp_buf_3 | {}
	Port: prob_stream | {4 }
 - Input state : 
	Port: emit_prob_stream_Pipeline_prob_emit_loop : trunc_ln | {1 }
	Port: emit_prob_stream_Pipeline_prob_emit_loop : n | {1 }
	Port: emit_prob_stream_Pipeline_prob_emit_loop : exp_buf_0 | {1 2 }
	Port: emit_prob_stream_Pipeline_prob_emit_loop : zext_ln342 | {1 }
	Port: emit_prob_stream_Pipeline_prob_emit_loop : exp_buf_1 | {1 2 }
	Port: emit_prob_stream_Pipeline_prob_emit_loop : exp_buf_2 | {1 2 }
	Port: emit_prob_stream_Pipeline_prob_emit_loop : exp_buf_3 | {1 2 }
	Port: emit_prob_stream_Pipeline_prob_emit_loop : prob_stream | {}
  - Chain level:
	State 1
		store_ln342 : 1
		blk_3 : 1
		icmp_ln342 : 2
		add_ln342 : 2
		br_ln342 : 3
		zext_ln342_1 : 2
		trunc_ln344 : 2
		shl_ln : 3
		zext_ln352 : 4
		pkt_keep : 5
		exp_buf_0_addr : 3
		exp_buf_0_load : 4
		or_ln : 3
		zext_ln357 : 4
		icmp_ln357 : 5
		exp_buf_1_addr : 3
		exp_buf_1_load : 4
		or_ln3 : 3
		zext_ln362 : 4
		icmp_ln362 : 5
		exp_buf_2_addr : 3
		exp_buf_2_load : 4
		or_ln4 : 3
		zext_ln367 : 4
		icmp_ln367 : 5
		exp_buf_3_addr : 3
		exp_buf_3_load : 4
		store_ln342 : 3
	State 2
	State 3
		prod0 : 1
		pkt_v0 : 2
		prod1 : 1
		pkt_v1 : 2
		prod2 : 1
		pkt_v2 : 2
		prod3 : 1
		pkt_v3 : 2
	State 4
		pkt_keep_4 : 1
		zext_ln345_1 : 2
		pkt_keep_5 : 2
		pkt_keep_2 : 3
		zext_ln345_2 : 4
		pkt_keep_6 : 5
		pkt_keep_3 : 6
		p_0 : 7
		write_ln373 : 8


============================================================
+ Verbose Summary: Datapath Resource usage 
============================================================

* Functional unit list:
|----------|----------------------------|---------|---------|---------|
| Operation|       Functional Unit      |   DSP   |    FF   |   LUT   |
|----------|----------------------------|---------|---------|---------|
|          |       pkt_v0_1_fu_360      |    0    |    0    |    32   |
|          |       pkt_v1_1_fu_376      |    0    |    0    |    32   |
|          |      pkt_keep_4_fu_382     |    0    |    0    |    2    |
|  select  |       pkt_v2_1_fu_401      |    0    |    0    |    32   |
|          |      pkt_keep_2_fu_407     |    0    |    0    |    3    |
|          |       pkt_v3_1_fu_428      |    0    |    0    |    32   |
|          |      pkt_keep_3_fu_434     |    0    |    0    |    4    |
|----------|----------------------------|---------|---------|---------|
|          |        prod0_fu_175        |    4    |    0    |    20   |
|    mul   |        prod1_fu_179        |    4    |    0    |    20   |
|          |        prod2_fu_183        |    4    |    0    |    20   |
|          |        prod3_fu_187        |    4    |    0    |    20   |
|----------|----------------------------|---------|---------|---------|
|          |      icmp_ln342_fu_203     |    0    |    0    |    14   |
|          |       pkt_keep_fu_239      |    0    |    0    |    14   |
|   icmp   |      icmp_ln357_fu_257     |    0    |    0    |    14   |
|          |      icmp_ln362_fu_275     |    0    |    0    |    14   |
|          |      icmp_ln367_fu_293     |    0    |    0    |    14   |
|----------|----------------------------|---------|---------|---------|
|    add   |      add_ln342_fu_209      |    0    |    0    |    14   |
|----------|----------------------------|---------|---------|---------|
|          | zext_ln342_read_read_fu_98 |    0    |    0    |    0    |
|   read   |     n_read_read_fu_104     |    0    |    0    |    0    |
|          |  trunc_ln_read_read_fu_110 |    0    |    0    |    0    |
|----------|----------------------------|---------|---------|---------|
|   write  |  write_ln373_write_fu_116  |    0    |    0    |    0    |
|----------|----------------------------|---------|---------|---------|
|          |   zext_ln342_cast_fu_191   |    0    |    0    |    0    |
|          |     zext_ln342_1_fu_215    |    0    |    0    |    0    |
|          |      zext_ln352_fu_235     |    0    |    0    |    0    |
|          |      zext_ln357_fu_253     |    0    |    0    |    0    |
|          |      zext_ln362_fu_271     |    0    |    0    |    0    |
|          |      zext_ln367_fu_289     |    0    |    0    |    0    |
|   zext   |      zext_ln353_fu_304     |    0    |    0    |    0    |
|          |      zext_ln358_fu_318     |    0    |    0    |    0    |
|          |      zext_ln363_fu_332     |    0    |    0    |    0    |
|          |      zext_ln368_fu_346     |    0    |    0    |    0    |
|          |      zext_ln345_fu_366     |    0    |    0    |    0    |
|          |     zext_ln345_1_fu_389    |    0    |    0    |    0    |
|          |     zext_ln345_2_fu_414    |    0    |    0    |    0    |
|----------|----------------------------|---------|---------|---------|
|   trunc  |     trunc_ln344_fu_223     |    0    |    0    |    0    |
|----------|----------------------------|---------|---------|---------|
|          |        shl_ln_fu_227       |    0    |    0    |    0    |
|          |        or_ln_fu_245        |    0    |    0    |    0    |
|          |        or_ln3_fu_263       |    0    |    0    |    0    |
|bitconcatenate|        or_ln4_fu_281       |    0    |    0    |    0    |
|          |      pkt_keep_1_fu_369     |    0    |    0    |    0    |
|          |      pkt_keep_5_fu_393     |    0    |    0    |    0    |
|          |         p_0_fu_441         |    0    |    0    |    0    |
|----------|----------------------------|---------|---------|---------|
|          |        pkt_v0_fu_308       |    0    |    0    |    0    |
|partselect|        pkt_v1_fu_322       |    0    |    0    |    0    |
|          |        pkt_v2_fu_336       |    0    |    0    |    0    |
|          |        pkt_v3_fu_350       |    0    |    0    |    0    |
|----------|----------------------------|---------|---------|---------|
|  bitset  |      pkt_keep_6_fu_418     |    0    |    0    |    0    |
|----------|----------------------------|---------|---------|---------|
|   Total  |                            |    16   |    0    |   301   |
|----------|----------------------------|---------|---------|---------|

Memories:
N/A

* Register list:
+-----------------------+--------+
|                       |   FF   |
+-----------------------+--------+
|      blk_reg_456      |    7   |
| exp_buf_0_addr_reg_482|    6   |
| exp_buf_0_load_reg_520|   32   |
| exp_buf_1_addr_reg_493|    6   |
| exp_buf_1_load_reg_525|   32   |
| exp_buf_2_addr_reg_504|    6   |
| exp_buf_2_load_reg_530|   32   |
| exp_buf_3_addr_reg_515|    6   |
| exp_buf_3_load_reg_535|   32   |
|   icmp_ln342_reg_471  |    1   |
|   icmp_ln357_reg_487  |    1   |
|   icmp_ln362_reg_498  |    1   |
|   icmp_ln367_reg_509  |    1   |
|    pkt_keep_reg_475   |    1   |
|     pkt_v0_reg_540    |   32   |
|     pkt_v1_reg_545    |   32   |
|     pkt_v2_reg_550    |   32   |
|     pkt_v3_reg_555    |   32   |
|zext_ln342_cast_reg_463|   62   |
+-----------------------+--------+
|         Total         |   354  |
+-----------------------+--------+

* Multiplexer (MUX) list: 
|-------------------|------|------|------|--------||---------||---------||---------|
|        Comp       |  Pin | Size |  BW  | S x BW ||  Delay  ||    FF   ||   LUT   |
|-------------------|------|------|------|--------||---------||---------||---------|
| grp_access_fu_130 |  p0  |   2  |   6  |   12   ||    0    ||    9    |
| grp_access_fu_143 |  p0  |   2  |   6  |   12   ||    0    ||    9    |
| grp_access_fu_156 |  p0  |   2  |   6  |   12   ||    0    ||    9    |
| grp_access_fu_169 |  p0  |   2  |   6  |   12   ||    0    ||    9    |
|-------------------|------|------|------|--------||---------||---------||---------|
|       Total       |      |      |      |   48   ||  6.352  ||    0    ||    36   |
|-------------------|------|------|------|--------||---------||---------||---------|



* Summary:
+-----------+--------+--------+--------+--------+
|           |   DSP  |  Delay |   FF   |   LUT  |
+-----------+--------+--------+--------+--------+
|  Function |   16   |    -   |    0   |   301  |
|   Memory  |    -   |    -   |    -   |    -   |
|Multiplexer|    -   |    6   |    0   |   36   |
|  Register |    -   |    -   |   354  |    -   |
+-----------+--------+--------+--------+--------+
|   Total   |   16   |    6   |   354  |   337  |
+-----------+--------+--------+--------+--------+
