

================================================================
== Vitis HLS Report for 'emit_exp_stream_Pipeline_exp_emit_loop'
================================================================
* Date:           Sat Mar 14 14:59:13 2026

* Version:        2025.1 (Build 6135595 on May 21 2025)
* Project:        Prometheus_streaming_w4
* Solution:       hls (Vivado IP Flow Target)
* Product family: zynq
* Target device:  xc7z020-clg400-1


================================================================
== Performance Estimates
================================================================
+ Timing: 
    * Summary: 
    +--------+----------+----------+------------+
    |  Clock |  Target  | Estimated| Uncertainty|
    +--------+----------+----------+------------+
    |ap_clk  |  11.80 ns|  8.206 ns|     3.19 ns|
    +--------+----------+----------+------------+

+ Latency: 
    * Summary: 
    +---------+---------+----------+----------+-----+-----+------------------------------------------------+
    |  Latency (cycles) |  Latency (absolute) |  Interval |                    Pipeline                    |
    |   min   |   max   |    min   |    max   | min | max |                      Type                      |
    +---------+---------+----------+----------+-----+-----+------------------------------------------------+
    |        9|       72|  0.106 us|  0.850 us|    2|   65|  loop auto-rewind stp (delay=0 clock cycles(s))|
    +---------+---------+----------+----------+-----+-----+------------------------------------------------+

    + Detail: 
        * Instance: 
        N/A

        * Loop: 
        +-----------------+---------+---------+----------+-----------+-----------+--------+----------+
        |                 |  Latency (cycles) | Iteration|  Initiation Interval  |  Trip  |          |
        |    Loop Name    |   min   |   max   |  Latency |  achieved |   target  |  Count | Pipelined|
        +-----------------+---------+---------+----------+-----------+-----------+--------+----------+
        |- exp_emit_loop  |        7|       70|         8|          1|          1|  1 ~ 64|       yes|
        +-----------------+---------+---------+----------+-----------+-----------+--------+----------+

============================================================
+ Verbose Summary: Synthesis Manager
============================================================
InlineROM: 1
ExposeGlobal: 0
============================================================
+ Verbose Summary: CDFG Model
============================================================
IsTopModel: 0
ResetActiveHigh: 1
IsCombinational: 0
IsDatapathOnly: 0
HasWiredReturn: 1
HasMFsm: 2
HasVarLatency: 1
IsPipeline: 0
IsRtlPipelined: 0
IsInstanceOverlapped: 0
IsDontTouch: 0
HasImplIP: 0
IsGatedGlobalClock: 0

+ Individual pipeline summary: 
  * Pipeline-0: initiation interval (II) = 1, depth = 8


============================================================
+ Verbose Summary: Schedule
============================================================
* Number of FSM states : 8
* Pipeline : 1
  Pipeline-0 : II = 1, D = 8, States = { 1 2 3 4 5 6 7 8 }
* Dataflow Pipeline: 0

* FSM state transitions: 
1 --> 2 
2 --> 3 
3 --> 4 
4 --> 5 
5 --> 6 
6 --> 7 
7 --> 8 
8 --> 

* FSM state operations: 

State 1 <SV = 0> <Delay = 5.04>
ST_1 : Operation 11 [1/1] (0.00ns)   --->   "%blk = alloca i32 1" [softmax_accel_hls.cc:256]   --->   Operation 11 'alloca' 'blk' <Predicate = true> <Delay = 0.00>
ST_1 : Operation 12 [1/1] (0.00ns)   --->   "%specstablecontent_ln0 = specstablecontent void @_ssdm_op_SpecStableContent, i32 %logits_buf_0, i1 1, void @p_str"   --->   Operation 12 'specstablecontent' 'specstablecontent_ln0' <Predicate = true> <Delay = 0.00>
ST_1 : Operation 13 [1/1] (0.00ns)   --->   "%specstablecontent_ln0 = specstablecontent void @_ssdm_op_SpecStableContent, i32 %logits_buf_1, i1 1, void @p_str"   --->   Operation 13 'specstablecontent' 'specstablecontent_ln0' <Predicate = true> <Delay = 0.00>
ST_1 : Operation 14 [1/1] (0.00ns)   --->   "%specstablecontent_ln0 = specstablecontent void @_ssdm_op_SpecStableContent, i32 %logits_buf_2, i1 1, void @p_str"   --->   Operation 14 'specstablecontent' 'specstablecontent_ln0' <Predicate = true> <Delay = 0.00>
ST_1 : Operation 15 [1/1] (0.00ns)   --->   "%specstablecontent_ln0 = specstablecontent void @_ssdm_op_SpecStableContent, i32 %logits_buf_3, i1 1, void @p_str"   --->   Operation 15 'specstablecontent' 'specstablecontent_ln0' <Predicate = true> <Delay = 0.00>
ST_1 : Operation 16 [1/1] (0.00ns)   --->   "%specstablecontent_ln0 = specstablecontent void @_ssdm_op_SpecStableContent, i9 %n, i1 1, void @p_str"   --->   Operation 16 'specstablecontent' 'specstablecontent_ln0' <Predicate = true> <Delay = 0.00>
ST_1 : Operation 17 [1/1] (0.00ns)   --->   "%specstablecontent_ln0 = specstablecontent void @_ssdm_op_SpecStableContent, i32 %max_x, i1 1, void @p_str"   --->   Operation 17 'specstablecontent' 'specstablecontent_ln0' <Predicate = true> <Delay = 0.00>
ST_1 : Operation 18 [1/1] (0.00ns)   --->   "%specmemcore_ln0 = specmemcore void @_ssdm_op_SpecMemCore, i32 %logits_buf_0, i64 666, i64 22, i64 18446744073709551615"   --->   Operation 18 'specmemcore' 'specmemcore_ln0' <Predicate = true> <Delay = 0.00>
ST_1 : Operation 19 [1/1] (0.00ns)   --->   "%specmemcore_ln0 = specmemcore void @_ssdm_op_SpecMemCore, i32 %logits_buf_1, i64 666, i64 22, i64 18446744073709551615"   --->   Operation 19 'specmemcore' 'specmemcore_ln0' <Predicate = true> <Delay = 0.00>
ST_1 : Operation 20 [1/1] (0.00ns)   --->   "%specmemcore_ln0 = specmemcore void @_ssdm_op_SpecMemCore, i32 %logits_buf_2, i64 666, i64 22, i64 18446744073709551615"   --->   Operation 20 'specmemcore' 'specmemcore_ln0' <Predicate = true> <Delay = 0.00>
ST_1 : Operation 21 [1/1] (0.00ns)   --->   "%specmemcore_ln0 = specmemcore void @_ssdm_op_SpecMemCore, i32 %logits_buf_3, i64 666, i64 22, i64 18446744073709551615"   --->   Operation 21 'specmemcore' 'specmemcore_ln0' <Predicate = true> <Delay = 0.00>
ST_1 : Operation 22 [1/1] (0.00ns)   --->   "%specinterface_ln0 = specinterface void @_ssdm_op_SpecInterface, i132 %exp_stream, void @empty, i32 0, i32 0, void @empty_1, i32 0, i32 0, void @empty_1, void @empty_1, void @empty_1, i32 0, i32 0, i32 0, i32 0, void @empty_1, void @empty_1, i32 4294967295, i32 0, i32 0"   --->   Operation 22 'specinterface' 'specinterface_ln0' <Predicate = true> <Delay = 0.00>
ST_1 : Operation 23 [1/1] (0.00ns)   --->   "%max_x_read = read i32 @_ssdm_op_Read.ap_auto.i32, i32 %max_x" [softmax_accel_hls.cc:248]   --->   Operation 23 'read' 'max_x_read' <Predicate = true> <Delay = 0.00>
ST_1 : Operation 24 [1/1] (0.00ns)   --->   "%n_read = read i9 @_ssdm_op_Read.ap_auto.i9, i9 %n" [softmax_accel_hls.cc:248]   --->   Operation 24 'read' 'n_read' <Predicate = true> <Delay = 0.00>
ST_1 : Operation 25 [1/1] (0.00ns)   --->   "%trunc_ln_read = read i7 @_ssdm_op_Read.ap_auto.i7, i7 %trunc_ln" [softmax_accel_hls.cc:248]   --->   Operation 25 'read' 'trunc_ln_read' <Predicate = true> <Delay = 0.00>
ST_1 : Operation 26 [1/1] (1.58ns)   --->   "%store_ln256 = store i7 0, i7 %blk" [softmax_accel_hls.cc:256]   --->   Operation 26 'store' 'store_ln256' <Predicate = true> <Delay = 1.58>
ST_1 : Operation 27 [1/1] (0.00ns)   --->   "%br_ln0 = br void %for.body"   --->   Operation 27 'br' 'br_ln0' <Predicate = true> <Delay = 0.00>
ST_1 : Operation 28 [1/1] (0.00ns)   --->   "%blk_4 = load i7 %blk" [softmax_accel_hls.cc:256]   --->   Operation 28 'load' 'blk_4' <Predicate = true> <Delay = 0.00>
ST_1 : Operation 29 [1/1] (1.87ns)   --->   "%icmp_ln256 = icmp_eq  i7 %blk_4, i7 %trunc_ln_read" [softmax_accel_hls.cc:256]   --->   Operation 29 'icmp' 'icmp_ln256' <Predicate = true> <Delay = 1.87> <CoreInst = "Cmp">   --->   Core 9 'Cmp' <Latency = 0> <II = 1> <Delay = 1.87> <FuncUnit> <Opcode : 'seteq' 'setne' 'setle' 'setge' 'setlt' 'setgt'> <InPorts = 2> <OutPorts = 1>
ST_1 : Operation 30 [1/1] (0.00ns)   --->   "%speclooptripcount_ln0 = speclooptripcount void @_ssdm_op_SpecLoopTripCount, i64 1, i64 64, i64 0"   --->   Operation 30 'speclooptripcount' 'speclooptripcount_ln0' <Predicate = true> <Delay = 0.00>
ST_1 : Operation 31 [1/1] (1.87ns)   --->   "%add_ln256 = add i7 %blk_4, i7 1" [softmax_accel_hls.cc:256]   --->   Operation 31 'add' 'add_ln256' <Predicate = true> <Delay = 1.87> <CoreInst = "Adder">   --->   Core 1 'Adder' <Latency = 0> <II = 1> <Delay = 1.87> <FuncUnit> <Opcode : 'add' 'sub'> <InPorts = 2> <OutPorts = 1>
ST_1 : Operation 32 [1/1] (0.00ns)   --->   "%br_ln256 = br i1 %icmp_ln256, void %for.body.split_ifconv, void %for.end.exitStub" [softmax_accel_hls.cc:256]   --->   Operation 32 'br' 'br_ln256' <Predicate = true> <Delay = 0.00>
ST_1 : Operation 33 [1/1] (0.00ns)   --->   "%zext_ln256 = zext i7 %blk_4" [softmax_accel_hls.cc:256]   --->   Operation 33 'zext' 'zext_ln256' <Predicate = (!icmp_ln256)> <Delay = 0.00>
ST_1 : Operation 34 [1/1] (0.00ns)   --->   "%trunc_ln258 = trunc i7 %blk_4" [softmax_accel_hls.cc:258]   --->   Operation 34 'trunc' 'trunc_ln258' <Predicate = (!icmp_ln256)> <Delay = 0.00>
ST_1 : Operation 35 [1/1] (0.00ns)   --->   "%shl_ln = bitconcatenate i8 @_ssdm_op_BitConcatenate.i8.i6.i2, i6 %trunc_ln258, i2 0" [softmax_accel_hls.cc:258]   --->   Operation 35 'bitconcatenate' 'shl_ln' <Predicate = (!icmp_ln256)> <Delay = 0.00>
ST_1 : Operation 36 [1/1] (0.00ns)   --->   "%zext_ln266 = zext i8 %shl_ln" [softmax_accel_hls.cc:266]   --->   Operation 36 'zext' 'zext_ln266' <Predicate = (!icmp_ln256)> <Delay = 0.00>
ST_1 : Operation 37 [1/1] (1.82ns)   --->   "%pkt_keep = icmp_ult  i9 %zext_ln266, i9 %n_read" [softmax_accel_hls.cc:266]   --->   Operation 37 'icmp' 'pkt_keep' <Predicate = (!icmp_ln256)> <Delay = 1.82> <CoreInst = "Cmp">   --->   Core 9 'Cmp' <Latency = 0> <II = 1> <Delay = 1.82> <FuncUnit> <Opcode : 'seteq' 'setne' 'setle' 'setge' 'setlt' 'setgt'> <InPorts = 2> <OutPorts = 1>
ST_1 : Operation 38 [1/1] (0.00ns)   --->   "%logits_buf_0_addr = getelementptr i32 %logits_buf_0, i64 0, i64 %zext_ln256" [softmax_accel_hls.cc:267]   --->   Operation 38 'getelementptr' 'logits_buf_0_addr' <Predicate = (!icmp_ln256)> <Delay = 0.00>
ST_1 : Operation 39 [2/2] (3.25ns)   --->   "%logits_buf_0_load = load i6 %logits_buf_0_addr" [softmax_accel_hls.cc:267]   --->   Operation 39 'load' 'logits_buf_0_load' <Predicate = (!icmp_ln256)> <Delay = 3.25> <CoreInst = "RAM_2P_BRAM">   --->   Core 90 'RAM_2P_BRAM' <Latency = 1> <II = 1> <Delay = 3.25> <Storage> <Opcode : 'load' 'store'> <Ports = 2> <Width = 32> <Depth = 64> <RAM>
ST_1 : Operation 40 [1/1] (0.00ns)   --->   "%or_ln = bitconcatenate i8 @_ssdm_op_BitConcatenate.i8.i6.i2, i6 %trunc_ln258, i2 1" [softmax_accel_hls.cc:270]   --->   Operation 40 'bitconcatenate' 'or_ln' <Predicate = (!icmp_ln256)> <Delay = 0.00>
ST_1 : Operation 41 [1/1] (0.00ns)   --->   "%zext_ln270 = zext i8 %or_ln" [softmax_accel_hls.cc:270]   --->   Operation 41 'zext' 'zext_ln270' <Predicate = (!icmp_ln256)> <Delay = 0.00>
ST_1 : Operation 42 [1/1] (1.82ns)   --->   "%icmp_ln270 = icmp_ult  i9 %zext_ln270, i9 %n_read" [softmax_accel_hls.cc:270]   --->   Operation 42 'icmp' 'icmp_ln270' <Predicate = (!icmp_ln256)> <Delay = 1.82> <CoreInst = "Cmp">   --->   Core 9 'Cmp' <Latency = 0> <II = 1> <Delay = 1.82> <FuncUnit> <Opcode : 'seteq' 'setne' 'setle' 'setge' 'setlt' 'setgt'> <InPorts = 2> <OutPorts = 1>
ST_1 : Operation 43 [1/1] (0.00ns)   --->   "%logits_buf_1_addr = getelementptr i32 %logits_buf_1, i64 0, i64 %zext_ln256" [softmax_accel_hls.cc:271]   --->   Operation 43 'getelementptr' 'logits_buf_1_addr' <Predicate = (!icmp_ln256)> <Delay = 0.00>
ST_1 : Operation 44 [2/2] (3.25ns)   --->   "%logits_buf_1_load = load i6 %logits_buf_1_addr" [softmax_accel_hls.cc:271]   --->   Operation 44 'load' 'logits_buf_1_load' <Predicate = (!icmp_ln256)> <Delay = 3.25> <CoreInst = "RAM_2P_BRAM">   --->   Core 90 'RAM_2P_BRAM' <Latency = 1> <II = 1> <Delay = 3.25> <Storage> <Opcode : 'load' 'store'> <Ports = 2> <Width = 32> <Depth = 64> <RAM>
ST_1 : Operation 45 [1/1] (0.00ns)   --->   "%or_ln5 = bitconcatenate i8 @_ssdm_op_BitConcatenate.i8.i6.i2, i6 %trunc_ln258, i2 2" [softmax_accel_hls.cc:274]   --->   Operation 45 'bitconcatenate' 'or_ln5' <Predicate = (!icmp_ln256)> <Delay = 0.00>
ST_1 : Operation 46 [1/1] (0.00ns)   --->   "%zext_ln274 = zext i8 %or_ln5" [softmax_accel_hls.cc:274]   --->   Operation 46 'zext' 'zext_ln274' <Predicate = (!icmp_ln256)> <Delay = 0.00>
ST_1 : Operation 47 [1/1] (1.82ns)   --->   "%icmp_ln274 = icmp_ult  i9 %zext_ln274, i9 %n_read" [softmax_accel_hls.cc:274]   --->   Operation 47 'icmp' 'icmp_ln274' <Predicate = (!icmp_ln256)> <Delay = 1.82> <CoreInst = "Cmp">   --->   Core 9 'Cmp' <Latency = 0> <II = 1> <Delay = 1.82> <FuncUnit> <Opcode : 'seteq' 'setne' 'setle' 'setge' 'setlt' 'setgt'> <InPorts = 2> <OutPorts = 1>
ST_1 : Operation 48 [1/1] (0.00ns)   --->   "%logits_buf_2_addr = getelementptr i32 %logits_buf_2, i64 0, i64 %zext_ln256" [softmax_accel_hls.cc:275]   --->   Operation 48 'getelementptr' 'logits_buf_2_addr' <Predicate = (!icmp_ln256)> <Delay = 0.00>
ST_1 : Operation 49 [2/2] (3.25ns)   --->   "%logits_buf_2_load = load i6 %logits_buf_2_addr" [softmax_accel_hls.cc:275]   --->   Operation 49 'load' 'logits_buf_2_load' <Predicate = (!icmp_ln256)> <Delay = 3.25> <CoreInst = "RAM_2P_BRAM">   --->   Core 90 'RAM_2P_BRAM' <Latency = 1> <II = 1> <Delay = 3.25> <Storage> <Opcode : 'load' 'store'> <Ports = 2> <Width = 32> <Depth = 64> <RAM>
ST_1 : Operation 50 [1/1] (0.00ns)   --->   "%or_ln6 = bitconcatenate i8 @_ssdm_op_BitConcatenate.i8.i6.i2, i6 %trunc_ln258, i2 3" [softmax_accel_hls.cc:278]   --->   Operation 50 'bitconcatenate' 'or_ln6' <Predicate = (!icmp_ln256)> <Delay = 0.00>
ST_1 : Operation 51 [1/1] (0.00ns)   --->   "%zext_ln278 = zext i8 %or_ln6" [softmax_accel_hls.cc:278]   --->   Operation 51 'zext' 'zext_ln278' <Predicate = (!icmp_ln256)> <Delay = 0.00>
ST_1 : Operation 52 [1/1] (1.82ns)   --->   "%icmp_ln278 = icmp_ult  i9 %zext_ln278, i9 %n_read" [softmax_accel_hls.cc:278]   --->   Operation 52 'icmp' 'icmp_ln278' <Predicate = (!icmp_ln256)> <Delay = 1.82> <CoreInst = "Cmp">   --->   Core 9 'Cmp' <Latency = 0> <II = 1> <Delay = 1.82> <FuncUnit> <Opcode : 'seteq' 'setne' 'setle' 'setge' 'setlt' 'setgt'> <InPorts = 2> <OutPorts = 1>
ST_1 : Operation 53 [1/1] (0.00ns)   --->   "%logits_buf_3_addr = getelementptr i32 %logits_buf_3, i64 0, i64 %zext_ln256" [softmax_accel_hls.cc:279]   --->   Operation 53 'getelementptr' 'logits_buf_3_addr' <Predicate = (!icmp_ln256)> <Delay = 0.00>
ST_1 : Operation 54 [2/2] (3.25ns)   --->   "%logits_buf_3_load = load i6 %logits_buf_3_addr" [softmax_accel_hls.cc:279]   --->   Operation 54 'load' 'logits_buf_3_load' <Predicate = (!icmp_ln256)> <Delay = 3.25> <CoreInst = "RAM_2P_BRAM">   --->   Core 90 'RAM_2P_BRAM' <Latency = 1> <II = 1> <Delay = 3.25> <Storage> <Opcode : 'load' 'store'> <Ports = 2> <Width = 32> <Depth = 64> <RAM>
ST_1 : Operation 55 [1/1] (1.58ns)   --->   "%store_ln256 = store i7 %add_ln256, i7 %blk" [softmax_accel_hls.cc:256]   --->   Operation 55 'store' 'store_ln256' <Predicate = (!icmp_ln256)> <Delay = 1.58>

State 2 <SV = 1> <Delay = 5.80>
ST_2 : Operation 56 [1/2] ( I:3.25ns O:3.25ns )   --->   "%logits_buf_0_load = load i6 %logits_buf_0_addr" [softmax_accel_hls.cc:267]   --->   Operation 56 'load' 'logits_buf_0_load' <Predicate = true> <Delay = 3.25> <CoreInst = "RAM_2P_BRAM">   --->   Core 90 'RAM_2P_BRAM' <Latency = 1> <II = 1> <Delay = 3.25> <Storage> <Opcode : 'load' 'store'> <Ports = 2> <Width = 32> <Depth = 64> <RAM>
ST_2 : Operation 57 [1/1] (2.55ns)   --->   "%x_q16 = sub i32 %logits_buf_0_load, i32 %max_x_read" [softmax_accel_hls.cc:267]   --->   Operation 57 'sub' 'x_q16' <Predicate = true> <Delay = 2.55> <CoreInst = "Adder">   --->   Core 1 'Adder' <Latency = 0> <II = 1> <Delay = 2.55> <FuncUnit> <Opcode : 'add' 'sub'> <InPorts = 2> <OutPorts = 1>
ST_2 : Operation 58 [1/2] ( I:3.25ns O:3.25ns )   --->   "%logits_buf_1_load = load i6 %logits_buf_1_addr" [softmax_accel_hls.cc:271]   --->   Operation 58 'load' 'logits_buf_1_load' <Predicate = true> <Delay = 3.25> <CoreInst = "RAM_2P_BRAM">   --->   Core 90 'RAM_2P_BRAM' <Latency = 1> <II = 1> <Delay = 3.25> <Storage> <Opcode : 'load' 'store'> <Ports = 2> <Width = 32> <Depth = 64> <RAM>
ST_2 : Operation 59 [1/1] (2.55ns)   --->   "%x_q16_2 = sub i32 %logits_buf_1_load, i32 %max_x_read" [softmax_accel_hls.cc:271]   --->   Operation 59 'sub' 'x_q16_2' <Predicate = (icmp_ln270)> <Delay = 2.55> <CoreInst = "Adder">   --->   Core 1 'Adder' <Latency = 0> <II = 1> <Delay = 2.55> <FuncUnit> <Opcode : 'add' 'sub'> <InPorts = 2> <OutPorts = 1>
ST_2 : Operation 60 [1/2] ( I:3.25ns O:3.25ns )   --->   "%logits_buf_2_load = load i6 %logits_buf_2_addr" [softmax_accel_hls.cc:275]   --->   Operation 60 'load' 'logits_buf_2_load' <Predicate = true> <Delay = 3.25> <CoreInst = "RAM_2P_BRAM">   --->   Core 90 'RAM_2P_BRAM' <Latency = 1> <II = 1> <Delay = 3.25> <Storage> <Opcode : 'load' 'store'> <Ports = 2> <Width = 32> <Depth = 64> <RAM>
ST_2 : Operation 61 [1/1] (2.55ns)   --->   "%x_q16_4 = sub i32 %logits_buf_2_load, i32 %max_x_read" [softmax_accel_hls.cc:275]   --->   Operation 61 'sub' 'x_q16_4' <Predicate = (icmp_ln274)> <Delay = 2.55> <CoreInst = "Adder">   --->   Core 1 'Adder' <Latency = 0> <II = 1> <Delay = 2.55> <FuncUnit> <Opcode : 'add' 'sub'> <InPorts = 2> <OutPorts = 1>
ST_2 : Operation 62 [1/2] ( I:3.25ns O:3.25ns )   --->   "%logits_buf_3_load = load i6 %logits_buf_3_addr" [softmax_accel_hls.cc:279]   --->   Operation 62 'load' 'logits_buf_3_load' <Predicate = true> <Delay = 3.25> <CoreInst = "RAM_2P_BRAM">   --->   Core 90 'RAM_2P_BRAM' <Latency = 1> <II = 1> <Delay = 3.25> <Storage> <Opcode : 'load' 'store'> <Ports = 2> <Width = 32> <Depth = 64> <RAM>
ST_2 : Operation 63 [1/1] (2.55ns)   --->   "%x_q16_6 = sub i32 %logits_buf_3_load, i32 %max_x_read" [softmax_accel_hls.cc:279]   --->   Operation 63 'sub' 'x_q16_6' <Predicate = (icmp_ln278)> <Delay = 2.55> <CoreInst = "Adder">   --->   Core 1 'Adder' <Latency = 0> <II = 1> <Delay = 2.55> <FuncUnit> <Opcode : 'add' 'sub'> <InPorts = 2> <OutPorts = 1>

State 3 <SV = 2> <Delay = 8.20>
ST_3 : Operation 64 [1/1] (2.55ns)   --->   "%icmp_ln62 = icmp_slt  i32 %x_q16, i32 4294443008" [softmax_accel_hls.cc:62->softmax_accel_hls.cc:267]   --->   Operation 64 'icmp' 'icmp_ln62' <Predicate = true> <Delay = 2.55> <CoreInst = "Cmp">   --->   Core 9 'Cmp' <Latency = 0> <II = 1> <Delay = 2.55> <FuncUnit> <Opcode : 'seteq' 'setne' 'setle' 'setge' 'setlt' 'setgt'> <InPorts = 2> <OutPorts = 1>
ST_3 : Operation 65 [1/1] (0.69ns)   --->   "%x_q16_1 = select i1 %icmp_ln62, i32 4294443008, i32 %x_q16" [softmax_accel_hls.cc:62->softmax_accel_hls.cc:267]   --->   Operation 65 'select' 'x_q16_1' <Predicate = true> <Delay = 0.69> <CoreInst = "Sel">   --->   Core 73 'Sel' <Latency = 0> <II = 1> <Delay = 0.69> <FuncUnit> <Opcode : 'select'> <InPorts = 3> <OutPorts = 1>
ST_3 : Operation 66 [1/1] (0.00ns)   --->   "%tmp = bitconcatenate i49 @_ssdm_op_BitConcatenate.i49.i32.i17, i32 %x_q16_1, i17 0" [softmax_accel_hls.cc:64->softmax_accel_hls.cc:267]   --->   Operation 66 'bitconcatenate' 'tmp' <Predicate = true> <Delay = 0.00>
ST_3 : Operation 67 [1/1] (0.00ns)   --->   "%sext_ln64 = sext i49 %tmp" [softmax_accel_hls.cc:64->softmax_accel_hls.cc:267]   --->   Operation 67 'sext' 'sext_ln64' <Predicate = true> <Delay = 0.00>
ST_3 : Operation 68 [1/1] (0.00ns)   --->   "%tmp_74 = bitconcatenate i47 @_ssdm_op_BitConcatenate.i47.i32.i15, i32 %x_q16_1, i15 0" [softmax_accel_hls.cc:64->softmax_accel_hls.cc:267]   --->   Operation 68 'bitconcatenate' 'tmp_74' <Predicate = true> <Delay = 0.00>
ST_3 : Operation 69 [1/1] (0.00ns)   --->   "%sext_ln64_1 = sext i47 %tmp_74" [softmax_accel_hls.cc:64->softmax_accel_hls.cc:267]   --->   Operation 69 'sext' 'sext_ln64_1' <Predicate = true> <Delay = 0.00>
ST_3 : Operation 70 [1/1] (0.00ns) (grouped into TernaryAdder)   --->   "%sub_ln64 = sub i50 %sext_ln64, i50 %sext_ln64_1" [softmax_accel_hls.cc:64->softmax_accel_hls.cc:267]   --->   Operation 70 'sub' 'sub_ln64' <Predicate = true> <Delay = 0.00> <CoreInst = "TAddSub">   --->   Core 10 'TAddSub' <Latency = 0> <II = 1> <Delay = 2.47> <IPBlock> <Opcode : 'add' 'sub'> <InPorts = 3> <OutPorts = 1> <Sync> <CReg>
ST_3 : Operation 71 [1/1] (0.00ns)   --->   "%tmp_75 = bitconcatenate i44 @_ssdm_op_BitConcatenate.i44.i32.i12, i32 %x_q16_1, i12 0" [softmax_accel_hls.cc:64->softmax_accel_hls.cc:267]   --->   Operation 71 'bitconcatenate' 'tmp_75' <Predicate = true> <Delay = 0.00>
ST_3 : Operation 72 [1/1] (0.00ns)   --->   "%sext_ln64_2 = sext i44 %tmp_75" [softmax_accel_hls.cc:64->softmax_accel_hls.cc:267]   --->   Operation 72 'sext' 'sext_ln64_2' <Predicate = true> <Delay = 0.00>
ST_3 : Operation 73 [1/1] (4.95ns) (root node of TernaryAdder)   --->   "%sub_ln64_1 = sub i50 %sub_ln64, i50 %sext_ln64_2" [softmax_accel_hls.cc:64->softmax_accel_hls.cc:267]   --->   Operation 73 'sub' 'sub_ln64_1' <Predicate = true> <Delay = 4.95> <CoreInst = "TAddSub">   --->   Core 10 'TAddSub' <Latency = 0> <II = 1> <Delay = 2.47> <IPBlock> <Opcode : 'add' 'sub'> <InPorts = 3> <OutPorts = 1> <Sync> <CReg>
ST_3 : Operation 74 [1/1] (2.55ns)   --->   "%icmp_ln62_1 = icmp_slt  i32 %x_q16_2, i32 4294443008" [softmax_accel_hls.cc:62->softmax_accel_hls.cc:271]   --->   Operation 74 'icmp' 'icmp_ln62_1' <Predicate = (icmp_ln270)> <Delay = 2.55> <CoreInst = "Cmp">   --->   Core 9 'Cmp' <Latency = 0> <II = 1> <Delay = 2.55> <FuncUnit> <Opcode : 'seteq' 'setne' 'setle' 'setge' 'setlt' 'setgt'> <InPorts = 2> <OutPorts = 1>
ST_3 : Operation 75 [1/1] (0.69ns)   --->   "%x_q16_3 = select i1 %icmp_ln62_1, i32 4294443008, i32 %x_q16_2" [softmax_accel_hls.cc:62->softmax_accel_hls.cc:271]   --->   Operation 75 'select' 'x_q16_3' <Predicate = (icmp_ln270)> <Delay = 0.69> <CoreInst = "Sel">   --->   Core 73 'Sel' <Latency = 0> <II = 1> <Delay = 0.69> <FuncUnit> <Opcode : 'select'> <InPorts = 3> <OutPorts = 1>
ST_3 : Operation 76 [1/1] (0.00ns)   --->   "%tmp_83 = bitconcatenate i49 @_ssdm_op_BitConcatenate.i49.i32.i17, i32 %x_q16_3, i17 0" [softmax_accel_hls.cc:64->softmax_accel_hls.cc:271]   --->   Operation 76 'bitconcatenate' 'tmp_83' <Predicate = (icmp_ln270)> <Delay = 0.00>
ST_3 : Operation 77 [1/1] (0.00ns)   --->   "%sext_ln64_7 = sext i49 %tmp_83" [softmax_accel_hls.cc:64->softmax_accel_hls.cc:271]   --->   Operation 77 'sext' 'sext_ln64_7' <Predicate = (icmp_ln270)> <Delay = 0.00>
ST_3 : Operation 78 [1/1] (0.00ns)   --->   "%tmp_84 = bitconcatenate i47 @_ssdm_op_BitConcatenate.i47.i32.i15, i32 %x_q16_3, i15 0" [softmax_accel_hls.cc:64->softmax_accel_hls.cc:271]   --->   Operation 78 'bitconcatenate' 'tmp_84' <Predicate = (icmp_ln270)> <Delay = 0.00>
ST_3 : Operation 79 [1/1] (0.00ns)   --->   "%sext_ln64_8 = sext i47 %tmp_84" [softmax_accel_hls.cc:64->softmax_accel_hls.cc:271]   --->   Operation 79 'sext' 'sext_ln64_8' <Predicate = (icmp_ln270)> <Delay = 0.00>
ST_3 : Operation 80 [1/1] (0.00ns) (grouped into TernaryAdder)   --->   "%sub_ln64_2 = sub i50 %sext_ln64_7, i50 %sext_ln64_8" [softmax_accel_hls.cc:64->softmax_accel_hls.cc:271]   --->   Operation 80 'sub' 'sub_ln64_2' <Predicate = (icmp_ln270)> <Delay = 0.00> <CoreInst = "TAddSub">   --->   Core 10 'TAddSub' <Latency = 0> <II = 1> <Delay = 2.47> <IPBlock> <Opcode : 'add' 'sub'> <InPorts = 3> <OutPorts = 1> <Sync> <CReg>
ST_3 : Operation 81 [1/1] (0.00ns)   --->   "%tmp_85 = bitconcatenate i44 @_ssdm_op_BitConcatenate.i44.i32.i12, i32 %x_q16_3, i12 0" [softmax_accel_hls.cc:64->softmax_accel_hls.cc:271]   --->   Operation 81 'bitconcatenate' 'tmp_85' <Predicate = (icmp_ln270)> <Delay = 0.00>
ST_3 : Operation 82 [1/1] (0.00ns)   --->   "%sext_ln64_9 = sext i44 %tmp_85" [softmax_accel_hls.cc:64->softmax_accel_hls.cc:271]   --->   Operation 82 'sext' 'sext_ln64_9' <Predicate = (icmp_ln270)> <Delay = 0.00>
ST_3 : Operation 83 [1/1] (4.95ns) (root node of TernaryAdder)   --->   "%sub_ln64_3 = sub i50 %sub_ln64_2, i50 %sext_ln64_9" [softmax_accel_hls.cc:64->softmax_accel_hls.cc:271]   --->   Operation 83 'sub' 'sub_ln64_3' <Predicate = (icmp_ln270)> <Delay = 4.95> <CoreInst = "TAddSub">   --->   Core 10 'TAddSub' <Latency = 0> <II = 1> <Delay = 2.47> <IPBlock> <Opcode : 'add' 'sub'> <InPorts = 3> <OutPorts = 1> <Sync> <CReg>
ST_3 : Operation 84 [1/1] (2.55ns)   --->   "%icmp_ln62_2 = icmp_slt  i32 %x_q16_4, i32 4294443008" [softmax_accel_hls.cc:62->softmax_accel_hls.cc:275]   --->   Operation 84 'icmp' 'icmp_ln62_2' <Predicate = (icmp_ln274)> <Delay = 2.55> <CoreInst = "Cmp">   --->   Core 9 'Cmp' <Latency = 0> <II = 1> <Delay = 2.55> <FuncUnit> <Opcode : 'seteq' 'setne' 'setle' 'setge' 'setlt' 'setgt'> <InPorts = 2> <OutPorts = 1>
ST_3 : Operation 85 [1/1] (0.69ns)   --->   "%x_q16_5 = select i1 %icmp_ln62_2, i32 4294443008, i32 %x_q16_4" [softmax_accel_hls.cc:62->softmax_accel_hls.cc:275]   --->   Operation 85 'select' 'x_q16_5' <Predicate = (icmp_ln274)> <Delay = 0.69> <CoreInst = "Sel">   --->   Core 73 'Sel' <Latency = 0> <II = 1> <Delay = 0.69> <FuncUnit> <Opcode : 'select'> <InPorts = 3> <OutPorts = 1>
ST_3 : Operation 86 [1/1] (0.00ns)   --->   "%tmp_93 = bitconcatenate i49 @_ssdm_op_BitConcatenate.i49.i32.i17, i32 %x_q16_5, i17 0" [softmax_accel_hls.cc:64->softmax_accel_hls.cc:275]   --->   Operation 86 'bitconcatenate' 'tmp_93' <Predicate = (icmp_ln274)> <Delay = 0.00>
ST_3 : Operation 87 [1/1] (0.00ns)   --->   "%sext_ln64_14 = sext i49 %tmp_93" [softmax_accel_hls.cc:64->softmax_accel_hls.cc:275]   --->   Operation 87 'sext' 'sext_ln64_14' <Predicate = (icmp_ln274)> <Delay = 0.00>
ST_3 : Operation 88 [1/1] (0.00ns)   --->   "%tmp_94 = bitconcatenate i47 @_ssdm_op_BitConcatenate.i47.i32.i15, i32 %x_q16_5, i15 0" [softmax_accel_hls.cc:64->softmax_accel_hls.cc:275]   --->   Operation 88 'bitconcatenate' 'tmp_94' <Predicate = (icmp_ln274)> <Delay = 0.00>
ST_3 : Operation 89 [1/1] (0.00ns)   --->   "%sext_ln64_15 = sext i47 %tmp_94" [softmax_accel_hls.cc:64->softmax_accel_hls.cc:275]   --->   Operation 89 'sext' 'sext_ln64_15' <Predicate = (icmp_ln274)> <Delay = 0.00>
ST_3 : Operation 90 [1/1] (0.00ns) (grouped into TernaryAdder)   --->   "%sub_ln64_4 = sub i50 %sext_ln64_14, i50 %sext_ln64_15" [softmax_accel_hls.cc:64->softmax_accel_hls.cc:275]   --->   Operation 90 'sub' 'sub_ln64_4' <Predicate = (icmp_ln274)> <Delay = 0.00> <CoreInst = "TAddSub">   --->   Core 10 'TAddSub' <Latency = 0> <II = 1> <Delay = 2.47> <IPBlock> <Opcode : 'add' 'sub'> <InPorts = 3> <OutPorts = 1> <Sync> <CReg>
ST_3 : Operation 91 [1/1] (0.00ns)   --->   "%tmp_95 = bitconcatenate i44 @_ssdm_op_BitConcatenate.i44.i32.i12, i32 %x_q16_5, i12 0" [softmax_accel_hls.cc:64->softmax_accel_hls.cc:275]   --->   Operation 91 'bitconcatenate' 'tmp_95' <Predicate = (icmp_ln274)> <Delay = 0.00>
ST_3 : Operation 92 [1/1] (0.00ns)   --->   "%sext_ln64_16 = sext i44 %tmp_95" [softmax_accel_hls.cc:64->softmax_accel_hls.cc:275]   --->   Operation 92 'sext' 'sext_ln64_16' <Predicate = (icmp_ln274)> <Delay = 0.00>
ST_3 : Operation 93 [1/1] (4.95ns) (root node of TernaryAdder)   --->   "%sub_ln64_5 = sub i50 %sub_ln64_4, i50 %sext_ln64_16" [softmax_accel_hls.cc:64->softmax_accel_hls.cc:275]   --->   Operation 93 'sub' 'sub_ln64_5' <Predicate = (icmp_ln274)> <Delay = 4.95> <CoreInst = "TAddSub">   --->   Core 10 'TAddSub' <Latency = 0> <II = 1> <Delay = 2.47> <IPBlock> <Opcode : 'add' 'sub'> <InPorts = 3> <OutPorts = 1> <Sync> <CReg>
ST_3 : Operation 94 [1/1] (2.55ns)   --->   "%icmp_ln62_3 = icmp_slt  i32 %x_q16_6, i32 4294443008" [softmax_accel_hls.cc:62->softmax_accel_hls.cc:279]   --->   Operation 94 'icmp' 'icmp_ln62_3' <Predicate = (icmp_ln278)> <Delay = 2.55> <CoreInst = "Cmp">   --->   Core 9 'Cmp' <Latency = 0> <II = 1> <Delay = 2.55> <FuncUnit> <Opcode : 'seteq' 'setne' 'setle' 'setge' 'setlt' 'setgt'> <InPorts = 2> <OutPorts = 1>
ST_3 : Operation 95 [1/1] (0.69ns)   --->   "%x_q16_7 = select i1 %icmp_ln62_3, i32 4294443008, i32 %x_q16_6" [softmax_accel_hls.cc:62->softmax_accel_hls.cc:279]   --->   Operation 95 'select' 'x_q16_7' <Predicate = (icmp_ln278)> <Delay = 0.69> <CoreInst = "Sel">   --->   Core 73 'Sel' <Latency = 0> <II = 1> <Delay = 0.69> <FuncUnit> <Opcode : 'select'> <InPorts = 3> <OutPorts = 1>
ST_3 : Operation 96 [1/1] (0.00ns)   --->   "%tmp_103 = bitconcatenate i49 @_ssdm_op_BitConcatenate.i49.i32.i17, i32 %x_q16_7, i17 0" [softmax_accel_hls.cc:64->softmax_accel_hls.cc:279]   --->   Operation 96 'bitconcatenate' 'tmp_103' <Predicate = (icmp_ln278)> <Delay = 0.00>
ST_3 : Operation 97 [1/1] (0.00ns)   --->   "%sext_ln64_21 = sext i49 %tmp_103" [softmax_accel_hls.cc:64->softmax_accel_hls.cc:279]   --->   Operation 97 'sext' 'sext_ln64_21' <Predicate = (icmp_ln278)> <Delay = 0.00>
ST_3 : Operation 98 [1/1] (0.00ns)   --->   "%tmp_104 = bitconcatenate i47 @_ssdm_op_BitConcatenate.i47.i32.i15, i32 %x_q16_7, i15 0" [softmax_accel_hls.cc:64->softmax_accel_hls.cc:279]   --->   Operation 98 'bitconcatenate' 'tmp_104' <Predicate = (icmp_ln278)> <Delay = 0.00>
ST_3 : Operation 99 [1/1] (0.00ns)   --->   "%sext_ln64_22 = sext i47 %tmp_104" [softmax_accel_hls.cc:64->softmax_accel_hls.cc:279]   --->   Operation 99 'sext' 'sext_ln64_22' <Predicate = (icmp_ln278)> <Delay = 0.00>
ST_3 : Operation 100 [1/1] (0.00ns) (grouped into TernaryAdder)   --->   "%sub_ln64_6 = sub i50 %sext_ln64_21, i50 %sext_ln64_22" [softmax_accel_hls.cc:64->softmax_accel_hls.cc:279]   --->   Operation 100 'sub' 'sub_ln64_6' <Predicate = (icmp_ln278)> <Delay = 0.00> <CoreInst = "TAddSub">   --->   Core 10 'TAddSub' <Latency = 0> <II = 1> <Delay = 2.47> <IPBlock> <Opcode : 'add' 'sub'> <InPorts = 3> <OutPorts = 1> <Sync> <CReg>
ST_3 : Operation 101 [1/1] (0.00ns)   --->   "%tmp_105 = bitconcatenate i44 @_ssdm_op_BitConcatenate.i44.i32.i12, i32 %x_q16_7, i12 0" [softmax_accel_hls.cc:64->softmax_accel_hls.cc:279]   --->   Operation 101 'bitconcatenate' 'tmp_105' <Predicate = (icmp_ln278)> <Delay = 0.00>
ST_3 : Operation 102 [1/1] (0.00ns)   --->   "%sext_ln64_23 = sext i44 %tmp_105" [softmax_accel_hls.cc:64->softmax_accel_hls.cc:279]   --->   Operation 102 'sext' 'sext_ln64_23' <Predicate = (icmp_ln278)> <Delay = 0.00>
ST_3 : Operation 103 [1/1] (4.95ns) (root node of TernaryAdder)   --->   "%sub_ln64_7 = sub i50 %sub_ln64_6, i50 %sext_ln64_23" [softmax_accel_hls.cc:64->softmax_accel_hls.cc:279]   --->   Operation 103 'sub' 'sub_ln64_7' <Predicate = (icmp_ln278)> <Delay = 4.95> <CoreInst = "TAddSub">   --->   Core 10 'TAddSub' <Latency = 0> <II = 1> <Delay = 2.47> <IPBlock> <Opcode : 'add' 'sub'> <InPorts = 3> <OutPorts = 1> <Sync> <CReg>

State 4 <SV = 3> <Delay = 4.95>
ST_4 : Operation 104 [1/1] (0.00ns)   --->   "%tmp_76 = bitconcatenate i40 @_ssdm_op_BitConcatenate.i40.i32.i8, i32 %x_q16_1, i8 0" [softmax_accel_hls.cc:64->softmax_accel_hls.cc:267]   --->   Operation 104 'bitconcatenate' 'tmp_76' <Predicate = true> <Delay = 0.00>
ST_4 : Operation 105 [1/1] (0.00ns)   --->   "%sext_ln64_3 = sext i40 %tmp_76" [softmax_accel_hls.cc:64->softmax_accel_hls.cc:267]   --->   Operation 105 'sext' 'sext_ln64_3' <Predicate = true> <Delay = 0.00>
ST_4 : Operation 106 [1/1] (0.00ns) (grouped into TernaryAdder)   --->   "%add_ln64 = add i50 %sub_ln64_1, i50 %sext_ln64_3" [softmax_accel_hls.cc:64->softmax_accel_hls.cc:267]   --->   Operation 106 'add' 'add_ln64' <Predicate = true> <Delay = 0.00> <CoreInst = "TAddSub">   --->   Core 10 'TAddSub' <Latency = 0> <II = 1> <Delay = 2.47> <IPBlock> <Opcode : 'add' 'sub'> <InPorts = 3> <OutPorts = 1> <Sync> <CReg>
ST_4 : Operation 107 [1/1] (0.00ns)   --->   "%tmp_77 = bitconcatenate i38 @_ssdm_op_BitConcatenate.i38.i32.i6, i32 %x_q16_1, i6 0" [softmax_accel_hls.cc:64->softmax_accel_hls.cc:267]   --->   Operation 107 'bitconcatenate' 'tmp_77' <Predicate = true> <Delay = 0.00>
ST_4 : Operation 108 [1/1] (0.00ns)   --->   "%sext_ln64_4 = sext i38 %tmp_77" [softmax_accel_hls.cc:64->softmax_accel_hls.cc:267]   --->   Operation 108 'sext' 'sext_ln64_4' <Predicate = true> <Delay = 0.00>
ST_4 : Operation 109 [1/1] (4.95ns) (root node of TernaryAdder)   --->   "%add_ln64_1 = add i50 %add_ln64, i50 %sext_ln64_4" [softmax_accel_hls.cc:64->softmax_accel_hls.cc:267]   --->   Operation 109 'add' 'add_ln64_1' <Predicate = true> <Delay = 4.95> <CoreInst = "TAddSub">   --->   Core 10 'TAddSub' <Latency = 0> <II = 1> <Delay = 2.47> <IPBlock> <Opcode : 'add' 'sub'> <InPorts = 3> <OutPorts = 1> <Sync> <CReg>
ST_4 : Operation 110 [1/1] (0.00ns)   --->   "%tmp_86 = bitconcatenate i40 @_ssdm_op_BitConcatenate.i40.i32.i8, i32 %x_q16_3, i8 0" [softmax_accel_hls.cc:64->softmax_accel_hls.cc:271]   --->   Operation 110 'bitconcatenate' 'tmp_86' <Predicate = (icmp_ln270)> <Delay = 0.00>
ST_4 : Operation 111 [1/1] (0.00ns)   --->   "%sext_ln64_10 = sext i40 %tmp_86" [softmax_accel_hls.cc:64->softmax_accel_hls.cc:271]   --->   Operation 111 'sext' 'sext_ln64_10' <Predicate = (icmp_ln270)> <Delay = 0.00>
ST_4 : Operation 112 [1/1] (0.00ns) (grouped into TernaryAdder)   --->   "%add_ln64_4 = add i50 %sub_ln64_3, i50 %sext_ln64_10" [softmax_accel_hls.cc:64->softmax_accel_hls.cc:271]   --->   Operation 112 'add' 'add_ln64_4' <Predicate = (icmp_ln270)> <Delay = 0.00> <CoreInst = "TAddSub">   --->   Core 10 'TAddSub' <Latency = 0> <II = 1> <Delay = 2.47> <IPBlock> <Opcode : 'add' 'sub'> <InPorts = 3> <OutPorts = 1> <Sync> <CReg>
ST_4 : Operation 113 [1/1] (0.00ns)   --->   "%tmp_87 = bitconcatenate i38 @_ssdm_op_BitConcatenate.i38.i32.i6, i32 %x_q16_3, i6 0" [softmax_accel_hls.cc:64->softmax_accel_hls.cc:271]   --->   Operation 113 'bitconcatenate' 'tmp_87' <Predicate = (icmp_ln270)> <Delay = 0.00>
ST_4 : Operation 114 [1/1] (0.00ns)   --->   "%sext_ln64_11 = sext i38 %tmp_87" [softmax_accel_hls.cc:64->softmax_accel_hls.cc:271]   --->   Operation 114 'sext' 'sext_ln64_11' <Predicate = (icmp_ln270)> <Delay = 0.00>
ST_4 : Operation 115 [1/1] (4.95ns) (root node of TernaryAdder)   --->   "%add_ln64_5 = add i50 %add_ln64_4, i50 %sext_ln64_11" [softmax_accel_hls.cc:64->softmax_accel_hls.cc:271]   --->   Operation 115 'add' 'add_ln64_5' <Predicate = (icmp_ln270)> <Delay = 4.95> <CoreInst = "TAddSub">   --->   Core 10 'TAddSub' <Latency = 0> <II = 1> <Delay = 2.47> <IPBlock> <Opcode : 'add' 'sub'> <InPorts = 3> <OutPorts = 1> <Sync> <CReg>
ST_4 : Operation 116 [1/1] (0.00ns)   --->   "%tmp_96 = bitconcatenate i40 @_ssdm_op_BitConcatenate.i40.i32.i8, i32 %x_q16_5, i8 0" [softmax_accel_hls.cc:64->softmax_accel_hls.cc:275]   --->   Operation 116 'bitconcatenate' 'tmp_96' <Predicate = (icmp_ln274)> <Delay = 0.00>
ST_4 : Operation 117 [1/1] (0.00ns)   --->   "%sext_ln64_17 = sext i40 %tmp_96" [softmax_accel_hls.cc:64->softmax_accel_hls.cc:275]   --->   Operation 117 'sext' 'sext_ln64_17' <Predicate = (icmp_ln274)> <Delay = 0.00>
ST_4 : Operation 118 [1/1] (0.00ns) (grouped into TernaryAdder)   --->   "%add_ln64_8 = add i50 %sub_ln64_5, i50 %sext_ln64_17" [softmax_accel_hls.cc:64->softmax_accel_hls.cc:275]   --->   Operation 118 'add' 'add_ln64_8' <Predicate = (icmp_ln274)> <Delay = 0.00> <CoreInst = "TAddSub">   --->   Core 10 'TAddSub' <Latency = 0> <II = 1> <Delay = 2.47> <IPBlock> <Opcode : 'add' 'sub'> <InPorts = 3> <OutPorts = 1> <Sync> <CReg>
ST_4 : Operation 119 [1/1] (0.00ns)   --->   "%tmp_97 = bitconcatenate i38 @_ssdm_op_BitConcatenate.i38.i32.i6, i32 %x_q16_5, i6 0" [softmax_accel_hls.cc:64->softmax_accel_hls.cc:275]   --->   Operation 119 'bitconcatenate' 'tmp_97' <Predicate = (icmp_ln274)> <Delay = 0.00>
ST_4 : Operation 120 [1/1] (0.00ns)   --->   "%sext_ln64_18 = sext i38 %tmp_97" [softmax_accel_hls.cc:64->softmax_accel_hls.cc:275]   --->   Operation 120 'sext' 'sext_ln64_18' <Predicate = (icmp_ln274)> <Delay = 0.00>
ST_4 : Operation 121 [1/1] (4.95ns) (root node of TernaryAdder)   --->   "%add_ln64_9 = add i50 %add_ln64_8, i50 %sext_ln64_18" [softmax_accel_hls.cc:64->softmax_accel_hls.cc:275]   --->   Operation 121 'add' 'add_ln64_9' <Predicate = (icmp_ln274)> <Delay = 4.95> <CoreInst = "TAddSub">   --->   Core 10 'TAddSub' <Latency = 0> <II = 1> <Delay = 2.47> <IPBlock> <Opcode : 'add' 'sub'> <InPorts = 3> <OutPorts = 1> <Sync> <CReg>
ST_4 : Operation 122 [1/1] (0.00ns)   --->   "%tmp_106 = bitconcatenate i40 @_ssdm_op_BitConcatenate.i40.i32.i8, i32 %x_q16_7, i8 0" [softmax_accel_hls.cc:64->softmax_accel_hls.cc:279]   --->   Operation 122 'bitconcatenate' 'tmp_106' <Predicate = (icmp_ln278)> <Delay = 0.00>
ST_4 : Operation 123 [1/1] (0.00ns)   --->   "%sext_ln64_24 = sext i40 %tmp_106" [softmax_accel_hls.cc:64->softmax_accel_hls.cc:279]   --->   Operation 123 'sext' 'sext_ln64_24' <Predicate = (icmp_ln278)> <Delay = 0.00>
ST_4 : Operation 124 [1/1] (0.00ns) (grouped into TernaryAdder)   --->   "%add_ln64_12 = add i50 %sub_ln64_7, i50 %sext_ln64_24" [softmax_accel_hls.cc:64->softmax_accel_hls.cc:279]   --->   Operation 124 'add' 'add_ln64_12' <Predicate = (icmp_ln278)> <Delay = 0.00> <CoreInst = "TAddSub">   --->   Core 10 'TAddSub' <Latency = 0> <II = 1> <Delay = 2.47> <IPBlock> <Opcode : 'add' 'sub'> <InPorts = 3> <OutPorts = 1> <Sync> <CReg>
ST_4 : Operation 125 [1/1] (0.00ns)   --->   "%tmp_107 = bitconcatenate i38 @_ssdm_op_BitConcatenate.i38.i32.i6, i32 %x_q16_7, i6 0" [softmax_accel_hls.cc:64->softmax_accel_hls.cc:279]   --->   Operation 125 'bitconcatenate' 'tmp_107' <Predicate = (icmp_ln278)> <Delay = 0.00>
ST_4 : Operation 126 [1/1] (0.00ns)   --->   "%sext_ln64_25 = sext i38 %tmp_107" [softmax_accel_hls.cc:64->softmax_accel_hls.cc:279]   --->   Operation 126 'sext' 'sext_ln64_25' <Predicate = (icmp_ln278)> <Delay = 0.00>
ST_4 : Operation 127 [1/1] (4.95ns) (root node of TernaryAdder)   --->   "%add_ln64_13 = add i50 %add_ln64_12, i50 %sext_ln64_25" [softmax_accel_hls.cc:64->softmax_accel_hls.cc:279]   --->   Operation 127 'add' 'add_ln64_13' <Predicate = (icmp_ln278)> <Delay = 4.95> <CoreInst = "TAddSub">   --->   Core 10 'TAddSub' <Latency = 0> <II = 1> <Delay = 2.47> <IPBlock> <Opcode : 'add' 'sub'> <InPorts = 3> <OutPorts = 1> <Sync> <CReg>

State 5 <SV = 4> <Delay = 7.02>
ST_5 : Operation 128 [1/1] (0.00ns)   --->   "%tmp_78 = bitconcatenate i36 @_ssdm_op_BitConcatenate.i36.i32.i4, i32 %x_q16_1, i4 0" [softmax_accel_hls.cc:64->softmax_accel_hls.cc:267]   --->   Operation 128 'bitconcatenate' 'tmp_78' <Predicate = true> <Delay = 0.00>
ST_5 : Operation 129 [1/1] (0.00ns)   --->   "%sext_ln64_5 = sext i36 %tmp_78" [softmax_accel_hls.cc:64->softmax_accel_hls.cc:267]   --->   Operation 129 'sext' 'sext_ln64_5' <Predicate = true> <Delay = 0.00>
ST_5 : Operation 130 [1/1] (0.00ns) (grouped into TernaryAdder)   --->   "%add_ln64_2 = add i50 %add_ln64_1, i50 %sext_ln64_5" [softmax_accel_hls.cc:64->softmax_accel_hls.cc:267]   --->   Operation 130 'add' 'add_ln64_2' <Predicate = true> <Delay = 0.00> <CoreInst = "TAddSub">   --->   Core 10 'TAddSub' <Latency = 0> <II = 1> <Delay = 2.47> <IPBlock> <Opcode : 'add' 'sub'> <InPorts = 3> <OutPorts = 1> <Sync> <CReg>
ST_5 : Operation 131 [1/1] (0.00ns)   --->   "%tmp_79 = bitconcatenate i34 @_ssdm_op_BitConcatenate.i34.i32.i2, i32 %x_q16_1, i2 0" [softmax_accel_hls.cc:64->softmax_accel_hls.cc:267]   --->   Operation 131 'bitconcatenate' 'tmp_79' <Predicate = true> <Delay = 0.00>
ST_5 : Operation 132 [1/1] (0.00ns)   --->   "%sext_ln64_6 = sext i34 %tmp_79" [softmax_accel_hls.cc:64->softmax_accel_hls.cc:267]   --->   Operation 132 'sext' 'sext_ln64_6' <Predicate = true> <Delay = 0.00>
ST_5 : Operation 133 [1/1] (4.95ns) (root node of TernaryAdder)   --->   "%t64 = add i50 %add_ln64_2, i50 %sext_ln64_6" [softmax_accel_hls.cc:64->softmax_accel_hls.cc:267]   --->   Operation 133 'add' 't64' <Predicate = true> <Delay = 4.95> <CoreInst = "TAddSub">   --->   Core 10 'TAddSub' <Latency = 0> <II = 1> <Delay = 2.47> <IPBlock> <Opcode : 'add' 'sub'> <InPorts = 3> <OutPorts = 1> <Sync> <CReg>
ST_5 : Operation 134 [1/1] (0.00ns)   --->   "%rem = partselect i12 @_ssdm_op_PartSelect.i12.i50.i32.i32, i50 %t64, i32 16, i32 27" [softmax_accel_hls.cc:65->softmax_accel_hls.cc:267]   --->   Operation 134 'partselect' 'rem' <Predicate = true> <Delay = 0.00>
ST_5 : Operation 135 [1/1] (0.00ns)   --->   "%k = partselect i16 @_ssdm_op_PartSelect.i16.i50.i32.i32, i50 %t64, i32 32, i32 47" [softmax_accel_hls.cc:67->softmax_accel_hls.cc:267]   --->   Operation 135 'partselect' 'k' <Predicate = true> <Delay = 0.00>
ST_5 : Operation 136 [1/1] (0.00ns)   --->   "%idx = partselect i4 @_ssdm_op_PartSelect.i4.i50.i32.i32, i50 %t64, i32 28, i32 31" [softmax_accel_hls.cc:70->softmax_accel_hls.cc:267]   --->   Operation 136 'partselect' 'idx' <Predicate = true> <Delay = 0.00>
ST_5 : Operation 137 [1/1] (2.06ns)   --->   "%y0 = sparsemux i17 @_ssdm_op_SparseMux.ap_auto.16i17.i17.i4, i4 0, i17 65536, i4 1, i17 68450, i4 2, i17 71495, i4 3, i17 74716, i4 4, i17 78085, i4 5, i17 81633, i4 6, i17 85355, i4 7, i17 89284, i4 8, i17 93423, i4 9, i17 97786, i4 10, i17 102391, i4 11, i17 107255, i4 12, i17 112401, i4 13, i17 117854, i4 14, i17 123642, i4 15, i17 129794, i17 0, i4 %idx" [softmax_accel_hls.cc:75->softmax_accel_hls.cc:267]   --->   Operation 137 'sparsemux' 'y0' <Predicate = true> <Delay = 2.06> <CoreInst = "BinarySparseMux_DontCare">   --->   Core 137 'BinarySparseMux_DontCare' <Latency = 0> <II = 1> <Delay = 2.06> <FuncUnit> <Opcode : 'sparsemux'> <InPorts = 2> <OutPorts = 1>
ST_5 : Operation 138 [1/1] (0.00ns)   --->   "%tmp_80 = bitselect i1 @_ssdm_op_BitSelect.i1.i50.i32, i50 %t64, i32 47" [softmax_accel_hls.cc:81->softmax_accel_hls.cc:267]   --->   Operation 138 'bitselect' 'tmp_80' <Predicate = true> <Delay = 0.00>
ST_5 : Operation 139 [1/1] (0.00ns)   --->   "%tmp_81 = partselect i12 @_ssdm_op_PartSelect.i12.i50.i32.i32, i50 %t64, i32 36, i32 47" [softmax_accel_hls.cc:83->softmax_accel_hls.cc:267]   --->   Operation 139 'partselect' 'tmp_81' <Predicate = true> <Delay = 0.00>
ST_5 : Operation 140 [1/1] (1.54ns)   --->   "%icmp_ln83 = icmp_sgt  i12 %tmp_81, i12 0" [softmax_accel_hls.cc:83->softmax_accel_hls.cc:267]   --->   Operation 140 'icmp' 'icmp_ln83' <Predicate = true> <Delay = 1.54> <CoreInst = "Cmp">   --->   Core 9 'Cmp' <Latency = 0> <II = 1> <Delay = 1.54> <FuncUnit> <Opcode : 'seteq' 'setne' 'setle' 'setge' 'setlt' 'setgt'> <InPorts = 2> <OutPorts = 1>
ST_5 : Operation 141 [1/1] (0.00ns)   --->   "%tmp_88 = bitconcatenate i36 @_ssdm_op_BitConcatenate.i36.i32.i4, i32 %x_q16_3, i4 0" [softmax_accel_hls.cc:64->softmax_accel_hls.cc:271]   --->   Operation 141 'bitconcatenate' 'tmp_88' <Predicate = (icmp_ln270)> <Delay = 0.00>
ST_5 : Operation 142 [1/1] (0.00ns)   --->   "%sext_ln64_12 = sext i36 %tmp_88" [softmax_accel_hls.cc:64->softmax_accel_hls.cc:271]   --->   Operation 142 'sext' 'sext_ln64_12' <Predicate = (icmp_ln270)> <Delay = 0.00>
ST_5 : Operation 143 [1/1] (0.00ns) (grouped into TernaryAdder)   --->   "%add_ln64_6 = add i50 %add_ln64_5, i50 %sext_ln64_12" [softmax_accel_hls.cc:64->softmax_accel_hls.cc:271]   --->   Operation 143 'add' 'add_ln64_6' <Predicate = (icmp_ln270)> <Delay = 0.00> <CoreInst = "TAddSub">   --->   Core 10 'TAddSub' <Latency = 0> <II = 1> <Delay = 2.47> <IPBlock> <Opcode : 'add' 'sub'> <InPorts = 3> <OutPorts = 1> <Sync> <CReg>
ST_5 : Operation 144 [1/1] (0.00ns)   --->   "%tmp_89 = bitconcatenate i34 @_ssdm_op_BitConcatenate.i34.i32.i2, i32 %x_q16_3, i2 0" [softmax_accel_hls.cc:64->softmax_accel_hls.cc:271]   --->   Operation 144 'bitconcatenate' 'tmp_89' <Predicate = (icmp_ln270)> <Delay = 0.00>
ST_5 : Operation 145 [1/1] (0.00ns)   --->   "%sext_ln64_13 = sext i34 %tmp_89" [softmax_accel_hls.cc:64->softmax_accel_hls.cc:271]   --->   Operation 145 'sext' 'sext_ln64_13' <Predicate = (icmp_ln270)> <Delay = 0.00>
ST_5 : Operation 146 [1/1] (4.95ns) (root node of TernaryAdder)   --->   "%t64_1 = add i50 %add_ln64_6, i50 %sext_ln64_13" [softmax_accel_hls.cc:64->softmax_accel_hls.cc:271]   --->   Operation 146 'add' 't64_1' <Predicate = (icmp_ln270)> <Delay = 4.95> <CoreInst = "TAddSub">   --->   Core 10 'TAddSub' <Latency = 0> <II = 1> <Delay = 2.47> <IPBlock> <Opcode : 'add' 'sub'> <InPorts = 3> <OutPorts = 1> <Sync> <CReg>
ST_5 : Operation 147 [1/1] (0.00ns)   --->   "%rem_1 = partselect i12 @_ssdm_op_PartSelect.i12.i50.i32.i32, i50 %t64_1, i32 16, i32 27" [softmax_accel_hls.cc:65->softmax_accel_hls.cc:271]   --->   Operation 147 'partselect' 'rem_1' <Predicate = (icmp_ln270)> <Delay = 0.00>
ST_5 : Operation 148 [1/1] (0.00ns)   --->   "%k_1 = partselect i16 @_ssdm_op_PartSelect.i16.i50.i32.i32, i50 %t64_1, i32 32, i32 47" [softmax_accel_hls.cc:67->softmax_accel_hls.cc:271]   --->   Operation 148 'partselect' 'k_1' <Predicate = (icmp_ln270)> <Delay = 0.00>
ST_5 : Operation 149 [1/1] (0.00ns)   --->   "%idx_1 = partselect i4 @_ssdm_op_PartSelect.i4.i50.i32.i32, i50 %t64_1, i32 28, i32 31" [softmax_accel_hls.cc:70->softmax_accel_hls.cc:271]   --->   Operation 149 'partselect' 'idx_1' <Predicate = (icmp_ln270)> <Delay = 0.00>
ST_5 : Operation 150 [1/1] (2.06ns)   --->   "%y0_1 = sparsemux i17 @_ssdm_op_SparseMux.ap_auto.16i17.i17.i4, i4 0, i17 65536, i4 1, i17 68450, i4 2, i17 71495, i4 3, i17 74716, i4 4, i17 78085, i4 5, i17 81633, i4 6, i17 85355, i4 7, i17 89284, i4 8, i17 93423, i4 9, i17 97786, i4 10, i17 102391, i4 11, i17 107255, i4 12, i17 112401, i4 13, i17 117854, i4 14, i17 123642, i4 15, i17 129794, i17 0, i4 %idx_1" [softmax_accel_hls.cc:75->softmax_accel_hls.cc:271]   --->   Operation 150 'sparsemux' 'y0_1' <Predicate = (icmp_ln270)> <Delay = 2.06> <CoreInst = "BinarySparseMux_DontCare">   --->   Core 137 'BinarySparseMux_DontCare' <Latency = 0> <II = 1> <Delay = 2.06> <FuncUnit> <Opcode : 'sparsemux'> <InPorts = 2> <OutPorts = 1>
ST_5 : Operation 151 [1/1] (0.00ns)   --->   "%tmp_90 = bitselect i1 @_ssdm_op_BitSelect.i1.i50.i32, i50 %t64_1, i32 47" [softmax_accel_hls.cc:81->softmax_accel_hls.cc:271]   --->   Operation 151 'bitselect' 'tmp_90' <Predicate = (icmp_ln270)> <Delay = 0.00>
ST_5 : Operation 152 [1/1] (0.00ns)   --->   "%tmp_91 = partselect i12 @_ssdm_op_PartSelect.i12.i50.i32.i32, i50 %t64_1, i32 36, i32 47" [softmax_accel_hls.cc:83->softmax_accel_hls.cc:271]   --->   Operation 152 'partselect' 'tmp_91' <Predicate = (icmp_ln270)> <Delay = 0.00>
ST_5 : Operation 153 [1/1] (1.54ns)   --->   "%icmp_ln83_1 = icmp_sgt  i12 %tmp_91, i12 0" [softmax_accel_hls.cc:83->softmax_accel_hls.cc:271]   --->   Operation 153 'icmp' 'icmp_ln83_1' <Predicate = (icmp_ln270)> <Delay = 1.54> <CoreInst = "Cmp">   --->   Core 9 'Cmp' <Latency = 0> <II = 1> <Delay = 1.54> <FuncUnit> <Opcode : 'seteq' 'setne' 'setle' 'setge' 'setlt' 'setgt'> <InPorts = 2> <OutPorts = 1>
ST_5 : Operation 154 [1/1] (0.00ns)   --->   "%tmp_98 = bitconcatenate i36 @_ssdm_op_BitConcatenate.i36.i32.i4, i32 %x_q16_5, i4 0" [softmax_accel_hls.cc:64->softmax_accel_hls.cc:275]   --->   Operation 154 'bitconcatenate' 'tmp_98' <Predicate = (icmp_ln274)> <Delay = 0.00>
ST_5 : Operation 155 [1/1] (0.00ns)   --->   "%sext_ln64_19 = sext i36 %tmp_98" [softmax_accel_hls.cc:64->softmax_accel_hls.cc:275]   --->   Operation 155 'sext' 'sext_ln64_19' <Predicate = (icmp_ln274)> <Delay = 0.00>
ST_5 : Operation 156 [1/1] (0.00ns) (grouped into TernaryAdder)   --->   "%add_ln64_10 = add i50 %add_ln64_9, i50 %sext_ln64_19" [softmax_accel_hls.cc:64->softmax_accel_hls.cc:275]   --->   Operation 156 'add' 'add_ln64_10' <Predicate = (icmp_ln274)> <Delay = 0.00> <CoreInst = "TAddSub">   --->   Core 10 'TAddSub' <Latency = 0> <II = 1> <Delay = 2.47> <IPBlock> <Opcode : 'add' 'sub'> <InPorts = 3> <OutPorts = 1> <Sync> <CReg>
ST_5 : Operation 157 [1/1] (0.00ns)   --->   "%tmp_99 = bitconcatenate i34 @_ssdm_op_BitConcatenate.i34.i32.i2, i32 %x_q16_5, i2 0" [softmax_accel_hls.cc:64->softmax_accel_hls.cc:275]   --->   Operation 157 'bitconcatenate' 'tmp_99' <Predicate = (icmp_ln274)> <Delay = 0.00>
ST_5 : Operation 158 [1/1] (0.00ns)   --->   "%sext_ln64_20 = sext i34 %tmp_99" [softmax_accel_hls.cc:64->softmax_accel_hls.cc:275]   --->   Operation 158 'sext' 'sext_ln64_20' <Predicate = (icmp_ln274)> <Delay = 0.00>
ST_5 : Operation 159 [1/1] (4.95ns) (root node of TernaryAdder)   --->   "%t64_2 = add i50 %add_ln64_10, i50 %sext_ln64_20" [softmax_accel_hls.cc:64->softmax_accel_hls.cc:275]   --->   Operation 159 'add' 't64_2' <Predicate = (icmp_ln274)> <Delay = 4.95> <CoreInst = "TAddSub">   --->   Core 10 'TAddSub' <Latency = 0> <II = 1> <Delay = 2.47> <IPBlock> <Opcode : 'add' 'sub'> <InPorts = 3> <OutPorts = 1> <Sync> <CReg>
ST_5 : Operation 160 [1/1] (0.00ns)   --->   "%rem_2 = partselect i12 @_ssdm_op_PartSelect.i12.i50.i32.i32, i50 %t64_2, i32 16, i32 27" [softmax_accel_hls.cc:65->softmax_accel_hls.cc:275]   --->   Operation 160 'partselect' 'rem_2' <Predicate = (icmp_ln274)> <Delay = 0.00>
ST_5 : Operation 161 [1/1] (0.00ns)   --->   "%k_2 = partselect i16 @_ssdm_op_PartSelect.i16.i50.i32.i32, i50 %t64_2, i32 32, i32 47" [softmax_accel_hls.cc:67->softmax_accel_hls.cc:275]   --->   Operation 161 'partselect' 'k_2' <Predicate = (icmp_ln274)> <Delay = 0.00>
ST_5 : Operation 162 [1/1] (0.00ns)   --->   "%idx_2 = partselect i4 @_ssdm_op_PartSelect.i4.i50.i32.i32, i50 %t64_2, i32 28, i32 31" [softmax_accel_hls.cc:70->softmax_accel_hls.cc:275]   --->   Operation 162 'partselect' 'idx_2' <Predicate = (icmp_ln274)> <Delay = 0.00>
ST_5 : Operation 163 [1/1] (2.06ns)   --->   "%y0_2 = sparsemux i17 @_ssdm_op_SparseMux.ap_auto.16i17.i17.i4, i4 0, i17 65536, i4 1, i17 68450, i4 2, i17 71495, i4 3, i17 74716, i4 4, i17 78085, i4 5, i17 81633, i4 6, i17 85355, i4 7, i17 89284, i4 8, i17 93423, i4 9, i17 97786, i4 10, i17 102391, i4 11, i17 107255, i4 12, i17 112401, i4 13, i17 117854, i4 14, i17 123642, i4 15, i17 129794, i17 0, i4 %idx_2" [softmax_accel_hls.cc:75->softmax_accel_hls.cc:275]   --->   Operation 163 'sparsemux' 'y0_2' <Predicate = (icmp_ln274)> <Delay = 2.06> <CoreInst = "BinarySparseMux_DontCare">   --->   Core 137 'BinarySparseMux_DontCare' <Latency = 0> <II = 1> <Delay = 2.06> <FuncUnit> <Opcode : 'sparsemux'> <InPorts = 2> <OutPorts = 1>
ST_5 : Operation 164 [1/1] (0.00ns)   --->   "%tmp_100 = bitselect i1 @_ssdm_op_BitSelect.i1.i50.i32, i50 %t64_2, i32 47" [softmax_accel_hls.cc:81->softmax_accel_hls.cc:275]   --->   Operation 164 'bitselect' 'tmp_100' <Predicate = (icmp_ln274)> <Delay = 0.00>
ST_5 : Operation 165 [1/1] (0.00ns)   --->   "%tmp_101 = partselect i12 @_ssdm_op_PartSelect.i12.i50.i32.i32, i50 %t64_2, i32 36, i32 47" [softmax_accel_hls.cc:83->softmax_accel_hls.cc:275]   --->   Operation 165 'partselect' 'tmp_101' <Predicate = (icmp_ln274)> <Delay = 0.00>
ST_5 : Operation 166 [1/1] (1.54ns)   --->   "%icmp_ln83_2 = icmp_sgt  i12 %tmp_101, i12 0" [softmax_accel_hls.cc:83->softmax_accel_hls.cc:275]   --->   Operation 166 'icmp' 'icmp_ln83_2' <Predicate = (icmp_ln274)> <Delay = 1.54> <CoreInst = "Cmp">   --->   Core 9 'Cmp' <Latency = 0> <II = 1> <Delay = 1.54> <FuncUnit> <Opcode : 'seteq' 'setne' 'setle' 'setge' 'setlt' 'setgt'> <InPorts = 2> <OutPorts = 1>
ST_5 : Operation 167 [1/1] (0.00ns)   --->   "%tmp_108 = bitconcatenate i36 @_ssdm_op_BitConcatenate.i36.i32.i4, i32 %x_q16_7, i4 0" [softmax_accel_hls.cc:64->softmax_accel_hls.cc:279]   --->   Operation 167 'bitconcatenate' 'tmp_108' <Predicate = (icmp_ln278)> <Delay = 0.00>
ST_5 : Operation 168 [1/1] (0.00ns)   --->   "%sext_ln64_26 = sext i36 %tmp_108" [softmax_accel_hls.cc:64->softmax_accel_hls.cc:279]   --->   Operation 168 'sext' 'sext_ln64_26' <Predicate = (icmp_ln278)> <Delay = 0.00>
ST_5 : Operation 169 [1/1] (0.00ns) (grouped into TernaryAdder)   --->   "%add_ln64_14 = add i50 %add_ln64_13, i50 %sext_ln64_26" [softmax_accel_hls.cc:64->softmax_accel_hls.cc:279]   --->   Operation 169 'add' 'add_ln64_14' <Predicate = (icmp_ln278)> <Delay = 0.00> <CoreInst = "TAddSub">   --->   Core 10 'TAddSub' <Latency = 0> <II = 1> <Delay = 2.47> <IPBlock> <Opcode : 'add' 'sub'> <InPorts = 3> <OutPorts = 1> <Sync> <CReg>
ST_5 : Operation 170 [1/1] (0.00ns)   --->   "%tmp_109 = bitconcatenate i34 @_ssdm_op_BitConcatenate.i34.i32.i2, i32 %x_q16_7, i2 0" [softmax_accel_hls.cc:64->softmax_accel_hls.cc:279]   --->   Operation 170 'bitconcatenate' 'tmp_109' <Predicate = (icmp_ln278)> <Delay = 0.00>
ST_5 : Operation 171 [1/1] (0.00ns)   --->   "%sext_ln64_27 = sext i34 %tmp_109" [softmax_accel_hls.cc:64->softmax_accel_hls.cc:279]   --->   Operation 171 'sext' 'sext_ln64_27' <Predicate = (icmp_ln278)> <Delay = 0.00>
ST_5 : Operation 172 [1/1] (4.95ns) (root node of TernaryAdder)   --->   "%t64_3 = add i50 %add_ln64_14, i50 %sext_ln64_27" [softmax_accel_hls.cc:64->softmax_accel_hls.cc:279]   --->   Operation 172 'add' 't64_3' <Predicate = (icmp_ln278)> <Delay = 4.95> <CoreInst = "TAddSub">   --->   Core 10 'TAddSub' <Latency = 0> <II = 1> <Delay = 2.47> <IPBlock> <Opcode : 'add' 'sub'> <InPorts = 3> <OutPorts = 1> <Sync> <CReg>
ST_5 : Operation 173 [1/1] (0.00ns)   --->   "%rem_3 = partselect i12 @_ssdm_op_PartSelect.i12.i50.i32.i32, i50 %t64_3, i32 16, i32 27" [softmax_accel_hls.cc:65->softmax_accel_hls.cc:279]   --->   Operation 173 'partselect' 'rem_3' <Predicate = (icmp_ln278)> <Delay = 0.00>
ST_5 : Operation 174 [1/1] (0.00ns)   --->   "%k_3 = partselect i16 @_ssdm_op_PartSelect.i16.i50.i32.i32, i50 %t64_3, i32 32, i32 47" [softmax_accel_hls.cc:67->softmax_accel_hls.cc:279]   --->   Operation 174 'partselect' 'k_3' <Predicate = (icmp_ln278)> <Delay = 0.00>
ST_5 : Operation 175 [1/1] (0.00ns)   --->   "%idx_3 = partselect i4 @_ssdm_op_PartSelect.i4.i50.i32.i32, i50 %t64_3, i32 28, i32 31" [softmax_accel_hls.cc:70->softmax_accel_hls.cc:279]   --->   Operation 175 'partselect' 'idx_3' <Predicate = (icmp_ln278)> <Delay = 0.00>
ST_5 : Operation 176 [1/1] (2.06ns)   --->   "%y0_3 = sparsemux i17 @_ssdm_op_SparseMux.ap_auto.16i17.i17.i4, i4 0, i17 65536, i4 1, i17 68450, i4 2, i17 71495, i4 3, i17 74716, i4 4, i17 78085, i4 5, i17 81633, i4 6, i17 85355, i4 7, i17 89284, i4 8, i17 93423, i4 9, i17 97786, i4 10, i17 102391, i4 11, i17 107255, i4 12, i17 112401, i4 13, i17 117854, i4 14, i17 123642, i4 15, i17 129794, i17 0, i4 %idx_3" [softmax_accel_hls.cc:75->softmax_accel_hls.cc:279]   --->   Operation 176 'sparsemux' 'y0_3' <Predicate = (icmp_ln278)> <Delay = 2.06> <CoreInst = "BinarySparseMux_DontCare">   --->   Core 137 'BinarySparseMux_DontCare' <Latency = 0> <II = 1> <Delay = 2.06> <FuncUnit> <Opcode : 'sparsemux'> <InPorts = 2> <OutPorts = 1>
ST_5 : Operation 177 [1/1] (0.00ns)   --->   "%tmp_110 = bitselect i1 @_ssdm_op_BitSelect.i1.i50.i32, i50 %t64_3, i32 47" [softmax_accel_hls.cc:81->softmax_accel_hls.cc:279]   --->   Operation 177 'bitselect' 'tmp_110' <Predicate = (icmp_ln278)> <Delay = 0.00>
ST_5 : Operation 178 [1/1] (0.00ns)   --->   "%tmp_111 = partselect i12 @_ssdm_op_PartSelect.i12.i50.i32.i32, i50 %t64_3, i32 36, i32 47" [softmax_accel_hls.cc:83->softmax_accel_hls.cc:279]   --->   Operation 178 'partselect' 'tmp_111' <Predicate = (icmp_ln278)> <Delay = 0.00>
ST_5 : Operation 179 [1/1] (1.54ns)   --->   "%icmp_ln83_3 = icmp_sgt  i12 %tmp_111, i12 0" [softmax_accel_hls.cc:83->softmax_accel_hls.cc:279]   --->   Operation 179 'icmp' 'icmp_ln83_3' <Predicate = (icmp_ln278)> <Delay = 1.54> <CoreInst = "Cmp">   --->   Core 9 'Cmp' <Latency = 0> <II = 1> <Delay = 1.54> <FuncUnit> <Opcode : 'seteq' 'setne' 'setle' 'setge' 'setlt' 'setgt'> <InPorts = 2> <OutPorts = 1>

State 6 <SV = 5> <Delay = 7.72>
ST_6 : Operation 180 [1/1] (0.00ns) (grouped into LUT with out node dy)   --->   "%y1 = sparsemux i18 @_ssdm_op_SparseMux.ap_auto.16i18.i18.i4, i4 0, i18 68450, i4 1, i18 71495, i4 2, i18 74716, i4 3, i18 78085, i4 4, i18 81633, i4 5, i18 85355, i4 6, i18 89284, i4 7, i18 93423, i4 8, i18 97786, i4 9, i18 102391, i4 10, i18 107255, i4 11, i18 112401, i4 12, i18 117854, i4 13, i18 123642, i4 14, i18 129794, i4 15, i18 136350, i18 0, i4 %idx" [softmax_accel_hls.cc:74->softmax_accel_hls.cc:267]   --->   Operation 180 'sparsemux' 'y1' <Predicate = true> <Delay = 0.00> <CoreInst = "BinarySparseMux_DontCare">   --->   Core 137 'BinarySparseMux_DontCare' <Latency = 0> <II = 1> <Delay = 2.06> <FuncUnit> <Opcode : 'sparsemux'> <InPorts = 2> <OutPorts = 1>
ST_6 : Operation 181 [1/1] (0.00ns) (grouped into LUT with out node dy)   --->   "%zext_ln75 = zext i17 %y0" [softmax_accel_hls.cc:75->softmax_accel_hls.cc:267]   --->   Operation 181 'zext' 'zext_ln75' <Predicate = true> <Delay = 0.00>
ST_6 : Operation 182 [1/1] (2.13ns) (out node of the LUT)   --->   "%dy = sub i18 %y1, i18 %zext_ln75" [softmax_accel_hls.cc:75->softmax_accel_hls.cc:267]   --->   Operation 182 'sub' 'dy' <Predicate = true> <Delay = 2.13> <CoreInst = "Adder">   --->   Core 1 'Adder' <Latency = 0> <II = 1> <Delay = 2.13> <FuncUnit> <Opcode : 'add' 'sub'> <InPorts = 2> <OutPorts = 1>
ST_6 : Operation 183 [1/1] (0.00ns)   --->   "%sext_ln77 = sext i18 %dy" [softmax_accel_hls.cc:77->softmax_accel_hls.cc:267]   --->   Operation 183 'sext' 'sext_ln77' <Predicate = true> <Delay = 0.00>
ST_6 : Operation 184 [1/1] (0.00ns)   --->   "%zext_ln77 = zext i12 %rem" [softmax_accel_hls.cc:77->softmax_accel_hls.cc:267]   --->   Operation 184 'zext' 'zext_ln77' <Predicate = true> <Delay = 0.00>
ST_6 : Operation 185 [1/1] (5.59ns)   --->   "%interp = mul i30 %zext_ln77, i30 %sext_ln77" [softmax_accel_hls.cc:77->softmax_accel_hls.cc:267]   --->   Operation 185 'mul' 'interp' <Predicate = true> <Delay = 5.59> <CoreInst = "Multiplier">   --->   Core 3 'Multiplier' <Latency = 0> <II = 1> <Delay = 5.59> <FuncUnit> <Opcode : 'mul'> <InPorts = 2> <OutPorts = 1>
ST_6 : Operation 186 [1/1] (0.00ns)   --->   "%trunc_ln1 = partselect i18 @_ssdm_op_PartSelect.i18.i30.i32.i32, i30 %interp, i32 12, i32 29" [softmax_accel_hls.cc:78->softmax_accel_hls.cc:267]   --->   Operation 186 'partselect' 'trunc_ln1' <Predicate = true> <Delay = 0.00>
ST_6 : Operation 187 [1/1] (0.00ns) (grouped into LUT with out node dy_1)   --->   "%y1_1 = sparsemux i18 @_ssdm_op_SparseMux.ap_auto.16i18.i18.i4, i4 0, i18 68450, i4 1, i18 71495, i4 2, i18 74716, i4 3, i18 78085, i4 4, i18 81633, i4 5, i18 85355, i4 6, i18 89284, i4 7, i18 93423, i4 8, i18 97786, i4 9, i18 102391, i4 10, i18 107255, i4 11, i18 112401, i4 12, i18 117854, i4 13, i18 123642, i4 14, i18 129794, i4 15, i18 136350, i18 0, i4 %idx_1" [softmax_accel_hls.cc:74->softmax_accel_hls.cc:271]   --->   Operation 187 'sparsemux' 'y1_1' <Predicate = (icmp_ln270)> <Delay = 0.00> <CoreInst = "BinarySparseMux_DontCare">   --->   Core 137 'BinarySparseMux_DontCare' <Latency = 0> <II = 1> <Delay = 2.06> <FuncUnit> <Opcode : 'sparsemux'> <InPorts = 2> <OutPorts = 1>
ST_6 : Operation 188 [1/1] (0.00ns) (grouped into LUT with out node dy_1)   --->   "%zext_ln75_1 = zext i17 %y0_1" [softmax_accel_hls.cc:75->softmax_accel_hls.cc:271]   --->   Operation 188 'zext' 'zext_ln75_1' <Predicate = (icmp_ln270)> <Delay = 0.00>
ST_6 : Operation 189 [1/1] (2.13ns) (out node of the LUT)   --->   "%dy_1 = sub i18 %y1_1, i18 %zext_ln75_1" [softmax_accel_hls.cc:75->softmax_accel_hls.cc:271]   --->   Operation 189 'sub' 'dy_1' <Predicate = (icmp_ln270)> <Delay = 2.13> <CoreInst = "Adder">   --->   Core 1 'Adder' <Latency = 0> <II = 1> <Delay = 2.13> <FuncUnit> <Opcode : 'add' 'sub'> <InPorts = 2> <OutPorts = 1>
ST_6 : Operation 190 [1/1] (0.00ns)   --->   "%sext_ln77_1 = sext i18 %dy_1" [softmax_accel_hls.cc:77->softmax_accel_hls.cc:271]   --->   Operation 190 'sext' 'sext_ln77_1' <Predicate = (icmp_ln270)> <Delay = 0.00>
ST_6 : Operation 191 [1/1] (0.00ns)   --->   "%zext_ln77_1 = zext i12 %rem_1" [softmax_accel_hls.cc:77->softmax_accel_hls.cc:271]   --->   Operation 191 'zext' 'zext_ln77_1' <Predicate = (icmp_ln270)> <Delay = 0.00>
ST_6 : Operation 192 [1/1] (5.59ns)   --->   "%interp_1 = mul i30 %zext_ln77_1, i30 %sext_ln77_1" [softmax_accel_hls.cc:77->softmax_accel_hls.cc:271]   --->   Operation 192 'mul' 'interp_1' <Predicate = (icmp_ln270)> <Delay = 5.59> <CoreInst = "Multiplier">   --->   Core 3 'Multiplier' <Latency = 0> <II = 1> <Delay = 5.59> <FuncUnit> <Opcode : 'mul'> <InPorts = 2> <OutPorts = 1>
ST_6 : Operation 193 [1/1] (0.00ns)   --->   "%trunc_ln78_1 = partselect i18 @_ssdm_op_PartSelect.i18.i30.i32.i32, i30 %interp_1, i32 12, i32 29" [softmax_accel_hls.cc:78->softmax_accel_hls.cc:271]   --->   Operation 193 'partselect' 'trunc_ln78_1' <Predicate = (icmp_ln270)> <Delay = 0.00>
ST_6 : Operation 194 [1/1] (0.00ns) (grouped into LUT with out node dy_2)   --->   "%y1_2 = sparsemux i18 @_ssdm_op_SparseMux.ap_auto.16i18.i18.i4, i4 0, i18 68450, i4 1, i18 71495, i4 2, i18 74716, i4 3, i18 78085, i4 4, i18 81633, i4 5, i18 85355, i4 6, i18 89284, i4 7, i18 93423, i4 8, i18 97786, i4 9, i18 102391, i4 10, i18 107255, i4 11, i18 112401, i4 12, i18 117854, i4 13, i18 123642, i4 14, i18 129794, i4 15, i18 136350, i18 0, i4 %idx_2" [softmax_accel_hls.cc:74->softmax_accel_hls.cc:275]   --->   Operation 194 'sparsemux' 'y1_2' <Predicate = (icmp_ln274)> <Delay = 0.00> <CoreInst = "BinarySparseMux_DontCare">   --->   Core 137 'BinarySparseMux_DontCare' <Latency = 0> <II = 1> <Delay = 2.06> <FuncUnit> <Opcode : 'sparsemux'> <InPorts = 2> <OutPorts = 1>
ST_6 : Operation 195 [1/1] (0.00ns) (grouped into LUT with out node dy_2)   --->   "%zext_ln75_2 = zext i17 %y0_2" [softmax_accel_hls.cc:75->softmax_accel_hls.cc:275]   --->   Operation 195 'zext' 'zext_ln75_2' <Predicate = (icmp_ln274)> <Delay = 0.00>
ST_6 : Operation 196 [1/1] (2.13ns) (out node of the LUT)   --->   "%dy_2 = sub i18 %y1_2, i18 %zext_ln75_2" [softmax_accel_hls.cc:75->softmax_accel_hls.cc:275]   --->   Operation 196 'sub' 'dy_2' <Predicate = (icmp_ln274)> <Delay = 2.13> <CoreInst = "Adder">   --->   Core 1 'Adder' <Latency = 0> <II = 1> <Delay = 2.13> <FuncUnit> <Opcode : 'add' 'sub'> <InPorts = 2> <OutPorts = 1>
ST_6 : Operation 197 [1/1] (0.00ns)   --->   "%sext_ln77_2 = sext i18 %dy_2" [softmax_accel_hls.cc:77->softmax_accel_hls.cc:275]   --->   Operation 197 'sext' 'sext_ln77_2' <Predicate = (icmp_ln274)> <Delay = 0.00>
ST_6 : Operation 198 [1/1] (0.00ns)   --->   "%zext_ln77_2 = zext i12 %rem_2" [softmax_accel_hls.cc:77->softmax_accel_hls.cc:275]   --->   Operation 198 'zext' 'zext_ln77_2' <Predicate = (icmp_ln274)> <Delay = 0.00>
ST_6 : Operation 199 [1/1] (5.59ns)   --->   "%interp_2 = mul i30 %zext_ln77_2, i30 %sext_ln77_2" [softmax_accel_hls.cc:77->softmax_accel_hls.cc:275]   --->   Operation 199 'mul' 'interp_2' <Predicate = (icmp_ln274)> <Delay = 5.59> <CoreInst = "Multiplier">   --->   Core 3 'Multiplier' <Latency = 0> <II = 1> <Delay = 5.59> <FuncUnit> <Opcode : 'mul'> <InPorts = 2> <OutPorts = 1>
ST_6 : Operation 200 [1/1] (0.00ns)   --->   "%trunc_ln78_2 = partselect i18 @_ssdm_op_PartSelect.i18.i30.i32.i32, i30 %interp_2, i32 12, i32 29" [softmax_accel_hls.cc:78->softmax_accel_hls.cc:275]   --->   Operation 200 'partselect' 'trunc_ln78_2' <Predicate = (icmp_ln274)> <Delay = 0.00>
ST_6 : Operation 201 [1/1] (0.00ns) (grouped into LUT with out node dy_3)   --->   "%y1_3 = sparsemux i18 @_ssdm_op_SparseMux.ap_auto.16i18.i18.i4, i4 0, i18 68450, i4 1, i18 71495, i4 2, i18 74716, i4 3, i18 78085, i4 4, i18 81633, i4 5, i18 85355, i4 6, i18 89284, i4 7, i18 93423, i4 8, i18 97786, i4 9, i18 102391, i4 10, i18 107255, i4 11, i18 112401, i4 12, i18 117854, i4 13, i18 123642, i4 14, i18 129794, i4 15, i18 136350, i18 0, i4 %idx_3" [softmax_accel_hls.cc:74->softmax_accel_hls.cc:279]   --->   Operation 201 'sparsemux' 'y1_3' <Predicate = (icmp_ln278)> <Delay = 0.00> <CoreInst = "BinarySparseMux_DontCare">   --->   Core 137 'BinarySparseMux_DontCare' <Latency = 0> <II = 1> <Delay = 2.06> <FuncUnit> <Opcode : 'sparsemux'> <InPorts = 2> <OutPorts = 1>
ST_6 : Operation 202 [1/1] (0.00ns) (grouped into LUT with out node dy_3)   --->   "%zext_ln75_3 = zext i17 %y0_3" [softmax_accel_hls.cc:75->softmax_accel_hls.cc:279]   --->   Operation 202 'zext' 'zext_ln75_3' <Predicate = (icmp_ln278)> <Delay = 0.00>
ST_6 : Operation 203 [1/1] (2.13ns) (out node of the LUT)   --->   "%dy_3 = sub i18 %y1_3, i18 %zext_ln75_3" [softmax_accel_hls.cc:75->softmax_accel_hls.cc:279]   --->   Operation 203 'sub' 'dy_3' <Predicate = (icmp_ln278)> <Delay = 2.13> <CoreInst = "Adder">   --->   Core 1 'Adder' <Latency = 0> <II = 1> <Delay = 2.13> <FuncUnit> <Opcode : 'add' 'sub'> <InPorts = 2> <OutPorts = 1>
ST_6 : Operation 204 [1/1] (0.00ns)   --->   "%sext_ln77_3 = sext i18 %dy_3" [softmax_accel_hls.cc:77->softmax_accel_hls.cc:279]   --->   Operation 204 'sext' 'sext_ln77_3' <Predicate = (icmp_ln278)> <Delay = 0.00>
ST_6 : Operation 205 [1/1] (0.00ns)   --->   "%zext_ln77_3 = zext i12 %rem_3" [softmax_accel_hls.cc:77->softmax_accel_hls.cc:279]   --->   Operation 205 'zext' 'zext_ln77_3' <Predicate = (icmp_ln278)> <Delay = 0.00>
ST_6 : Operation 206 [1/1] (5.59ns)   --->   "%interp_3 = mul i30 %zext_ln77_3, i30 %sext_ln77_3" [softmax_accel_hls.cc:77->softmax_accel_hls.cc:279]   --->   Operation 206 'mul' 'interp_3' <Predicate = (icmp_ln278)> <Delay = 5.59> <CoreInst = "Multiplier">   --->   Core 3 'Multiplier' <Latency = 0> <II = 1> <Delay = 5.59> <FuncUnit> <Opcode : 'mul'> <InPorts = 2> <OutPorts = 1>
ST_6 : Operation 207 [1/1] (0.00ns)   --->   "%trunc_ln78_3 = partselect i18 @_ssdm_op_PartSelect.i18.i30.i32.i32, i30 %interp_3, i32 12, i32 29" [softmax_accel_hls.cc:78->softmax_accel_hls.cc:279]   --->   Operation 207 'partselect' 'trunc_ln78_3' <Predicate = (icmp_ln278)> <Delay = 0.00>

State 7 <SV = 6> <Delay = 7.79>
ST_7 : Operation 208 [1/1] (0.00ns)   --->   "%zext_ln73 = zext i17 %y0" [softmax_accel_hls.cc:73->softmax_accel_hls.cc:267]   --->   Operation 208 'zext' 'zext_ln73' <Predicate = true> <Delay = 0.00>
ST_7 : Operation 209 [1/1] (0.00ns)   --->   "%sext_ln78 = sext i18 %trunc_ln1" [softmax_accel_hls.cc:78->softmax_accel_hls.cc:267]   --->   Operation 209 'sext' 'sext_ln78' <Predicate = true> <Delay = 0.00>
ST_7 : Operation 210 [1/1] (2.13ns)   --->   "%y_frac = add i19 %sext_ln78, i19 %zext_ln73" [softmax_accel_hls.cc:78->softmax_accel_hls.cc:267]   --->   Operation 210 'add' 'y_frac' <Predicate = true> <Delay = 2.13> <CoreInst = "Adder">   --->   Core 1 'Adder' <Latency = 0> <II = 1> <Delay = 2.13> <FuncUnit> <Opcode : 'add' 'sub'> <InPorts = 2> <OutPorts = 1>
ST_7 : Operation 211 [1/1] (0.00ns)   --->   "%sext_ln78_1 = sext i19 %y_frac" [softmax_accel_hls.cc:78->softmax_accel_hls.cc:267]   --->   Operation 211 'sext' 'sext_ln78_1' <Predicate = true> <Delay = 0.00>
ST_7 : Operation 212 [1/1] (0.00ns) (grouped into LUT with out node y_15)   --->   "%xor_ln81 = xor i1 %tmp_80, i1 1" [softmax_accel_hls.cc:81->softmax_accel_hls.cc:267]   --->   Operation 212 'xor' 'xor_ln81' <Predicate = true> <Delay = 0.00> <CoreInst = "LogicGate">   --->   Core 74 'LogicGate' <Latency = 0> <II = 1> <Delay = 0.97> <FuncUnit> <Opcode : 'and' 'or' 'xor'> <InPorts = 2> <OutPorts = 1>
ST_7 : Operation 213 [1/1] (0.00ns) (grouped into LUT with out node y_2)   --->   "%trunc_ln2 = partselect i4 @_ssdm_op_PartSelect.i4.i50.i32.i32, i50 %t64, i32 32, i32 35" [softmax_accel_hls.cc:82->softmax_accel_hls.cc:267]   --->   Operation 213 'partselect' 'trunc_ln2' <Predicate = (!icmp_ln83)> <Delay = 0.00>
ST_7 : Operation 214 [1/1] (0.00ns) (grouped into LUT with out node y_2)   --->   "%sh_1 = select i1 %icmp_ln83, i4 15, i4 %trunc_ln2" [softmax_accel_hls.cc:83->softmax_accel_hls.cc:267]   --->   Operation 214 'select' 'sh_1' <Predicate = true> <Delay = 0.00> <CoreInst = "Sel">   --->   Core 73 'Sel' <Latency = 0> <II = 1> <Delay = 1.02> <FuncUnit> <Opcode : 'select'> <InPorts = 3> <OutPorts = 1>
ST_7 : Operation 215 [1/1] (0.00ns) (grouped into LUT with out node y_2)   --->   "%zext_ln82 = zext i4 %sh_1" [softmax_accel_hls.cc:82->softmax_accel_hls.cc:267]   --->   Operation 215 'zext' 'zext_ln82' <Predicate = true> <Delay = 0.00>
ST_7 : Operation 216 [1/1] (4.06ns) (out node of the LUT)   --->   "%y_2 = shl i32 %sext_ln78_1, i32 %zext_ln82" [softmax_accel_hls.cc:84->softmax_accel_hls.cc:267]   --->   Operation 216 'shl' 'y_2' <Predicate = true> <Delay = 4.06> <CoreInst = "Shifter">   --->   Core 75 'Shifter' <Latency = 0> <II = 1> <Delay = 4.06> <FuncUnit> <Opcode : 'shl' 'lshr' 'ashr'> <InPorts = 2> <OutPorts = 1>
ST_7 : Operation 217 [1/1] (0.00ns)   --->   "%sext_ln86 = sext i16 %k" [softmax_accel_hls.cc:86->softmax_accel_hls.cc:267]   --->   Operation 217 'sext' 'sext_ln86' <Predicate = true> <Delay = 0.00>
ST_7 : Operation 218 [1/1] (2.07ns)   --->   "%sh_2 = sub i17 0, i17 %sext_ln86" [softmax_accel_hls.cc:86->softmax_accel_hls.cc:267]   --->   Operation 218 'sub' 'sh_2' <Predicate = true> <Delay = 2.07> <CoreInst = "Adder">   --->   Core 1 'Adder' <Latency = 0> <II = 1> <Delay = 2.07> <FuncUnit> <Opcode : 'add' 'sub'> <InPorts = 2> <OutPorts = 1>
ST_7 : Operation 219 [1/1] (0.00ns)   --->   "%zext_ln86 = zext i17 %sh_2" [softmax_accel_hls.cc:86->softmax_accel_hls.cc:267]   --->   Operation 219 'zext' 'zext_ln86' <Predicate = true> <Delay = 0.00>
ST_7 : Operation 220 [1/1] (4.06ns)   --->   "%y_3 = lshr i32 %sext_ln78_1, i32 %zext_ln86" [softmax_accel_hls.cc:88->softmax_accel_hls.cc:267]   --->   Operation 220 'lshr' 'y_3' <Predicate = true> <Delay = 4.06> <CoreInst = "Shifter">   --->   Core 75 'Shifter' <Latency = 0> <II = 1> <Delay = 4.06> <FuncUnit> <Opcode : 'shl' 'lshr' 'ashr'> <InPorts = 2> <OutPorts = 1>
ST_7 : Operation 221 [1/1] (0.00ns) (grouped into LUT with out node y_15)   --->   "%and_ln81 = and i1 %pkt_keep, i1 %xor_ln81" [softmax_accel_hls.cc:81->softmax_accel_hls.cc:267]   --->   Operation 221 'and' 'and_ln81' <Predicate = true> <Delay = 0.00> <CoreInst = "LogicGate">   --->   Core 74 'LogicGate' <Latency = 0> <II = 1> <Delay = 0.97> <FuncUnit> <Opcode : 'and' 'or' 'xor'> <InPorts = 2> <OutPorts = 1>
ST_7 : Operation 222 [1/1] (0.00ns)   --->   "%tmp_82 = partselect i12 @_ssdm_op_PartSelect.i12.i17.i32.i32, i17 %sh_2, i32 5, i32 16" [softmax_accel_hls.cc:87->softmax_accel_hls.cc:267]   --->   Operation 222 'partselect' 'tmp_82' <Predicate = true> <Delay = 0.00>
ST_7 : Operation 223 [1/1] (1.54ns)   --->   "%icmp_ln87 = icmp_slt  i12 %tmp_82, i12 1" [softmax_accel_hls.cc:87->softmax_accel_hls.cc:267]   --->   Operation 223 'icmp' 'icmp_ln87' <Predicate = true> <Delay = 1.54> <CoreInst = "Cmp">   --->   Core 9 'Cmp' <Latency = 0> <II = 1> <Delay = 1.54> <FuncUnit> <Opcode : 'seteq' 'setne' 'setle' 'setge' 'setlt' 'setgt'> <InPorts = 2> <OutPorts = 1>
ST_7 : Operation 224 [1/1] (0.00ns) (grouped into LUT with out node y_15)   --->   "%and_ln87 = and i1 %icmp_ln87, i1 %tmp_80" [softmax_accel_hls.cc:87->softmax_accel_hls.cc:267]   --->   Operation 224 'and' 'and_ln87' <Predicate = true> <Delay = 0.00> <CoreInst = "LogicGate">   --->   Core 74 'LogicGate' <Latency = 0> <II = 1> <Delay = 0.97> <FuncUnit> <Opcode : 'and' 'or' 'xor'> <InPorts = 2> <OutPorts = 1>
ST_7 : Operation 225 [1/1] (0.00ns) (grouped into LUT with out node y_15)   --->   "%and_ln87_1 = and i1 %and_ln87, i1 %pkt_keep" [softmax_accel_hls.cc:87->softmax_accel_hls.cc:267]   --->   Operation 225 'and' 'and_ln87_1' <Predicate = true> <Delay = 0.00> <CoreInst = "LogicGate">   --->   Core 74 'LogicGate' <Latency = 0> <II = 1> <Delay = 0.97> <FuncUnit> <Opcode : 'and' 'or' 'xor'> <InPorts = 2> <OutPorts = 1>
ST_7 : Operation 226 [1/1] (0.00ns) (grouped into LUT with out node y_15)   --->   "%sel_tmp5 = bitconcatenate i2 @_ssdm_op_BitConcatenate.i2.i1.i1, i1 %and_ln81, i1 %and_ln87_1" [softmax_accel_hls.cc:81->softmax_accel_hls.cc:267]   --->   Operation 226 'bitconcatenate' 'sel_tmp5' <Predicate = true> <Delay = 0.00>
ST_7 : Operation 227 [1/1] (1.58ns) (out node of the LUT)   --->   "%y_15 = sparsemux i32 @_ssdm_op_SparseMux.ap_auto.3i32.i32.i2, i2 2, i32 %y_2, i2 1, i32 %y_3, i2 0, i32 0, i32 0, i2 %sel_tmp5" [softmax_accel_hls.cc:84->softmax_accel_hls.cc:267]   --->   Operation 227 'sparsemux' 'y_15' <Predicate = true> <Delay = 1.58> <CoreInst = "OneHotSparseMux_HasDef">   --->   Core 140 'OneHotSparseMux_HasDef' <Latency = 0> <II = 1> <Delay = 1.58> <FuncUnit> <Opcode : 'sparsemux'> <InPorts = 2> <OutPorts = 1>
ST_7 : Operation 228 [1/1] (0.00ns)   --->   "%zext_ln73_1 = zext i17 %y0_1" [softmax_accel_hls.cc:73->softmax_accel_hls.cc:271]   --->   Operation 228 'zext' 'zext_ln73_1' <Predicate = (icmp_ln270)> <Delay = 0.00>
ST_7 : Operation 229 [1/1] (0.00ns)   --->   "%sext_ln78_2 = sext i18 %trunc_ln78_1" [softmax_accel_hls.cc:78->softmax_accel_hls.cc:271]   --->   Operation 229 'sext' 'sext_ln78_2' <Predicate = (icmp_ln270)> <Delay = 0.00>
ST_7 : Operation 230 [1/1] (2.13ns)   --->   "%y_frac_1 = add i19 %sext_ln78_2, i19 %zext_ln73_1" [softmax_accel_hls.cc:78->softmax_accel_hls.cc:271]   --->   Operation 230 'add' 'y_frac_1' <Predicate = (icmp_ln270)> <Delay = 2.13> <CoreInst = "Adder">   --->   Core 1 'Adder' <Latency = 0> <II = 1> <Delay = 2.13> <FuncUnit> <Opcode : 'add' 'sub'> <InPorts = 2> <OutPorts = 1>
ST_7 : Operation 231 [1/1] (0.00ns)   --->   "%sext_ln78_3 = sext i19 %y_frac_1" [softmax_accel_hls.cc:78->softmax_accel_hls.cc:271]   --->   Operation 231 'sext' 'sext_ln78_3' <Predicate = (icmp_ln270)> <Delay = 0.00>
ST_7 : Operation 232 [1/1] (0.00ns) (grouped into LUT with out node pkt_v1_2)   --->   "%xor_ln81_1 = xor i1 %tmp_90, i1 1" [softmax_accel_hls.cc:81->softmax_accel_hls.cc:271]   --->   Operation 232 'xor' 'xor_ln81_1' <Predicate = (icmp_ln270)> <Delay = 0.00> <CoreInst = "LogicGate">   --->   Core 74 'LogicGate' <Latency = 0> <II = 1> <Delay = 0.97> <FuncUnit> <Opcode : 'and' 'or' 'xor'> <InPorts = 2> <OutPorts = 1>
ST_7 : Operation 233 [1/1] (0.00ns) (grouped into LUT with out node y_6)   --->   "%trunc_ln82_1 = partselect i4 @_ssdm_op_PartSelect.i4.i50.i32.i32, i50 %t64_1, i32 32, i32 35" [softmax_accel_hls.cc:82->softmax_accel_hls.cc:271]   --->   Operation 233 'partselect' 'trunc_ln82_1' <Predicate = (icmp_ln270 & !icmp_ln83_1)> <Delay = 0.00>
ST_7 : Operation 234 [1/1] (0.00ns) (grouped into LUT with out node y_6)   --->   "%sh_4 = select i1 %icmp_ln83_1, i4 15, i4 %trunc_ln82_1" [softmax_accel_hls.cc:83->softmax_accel_hls.cc:271]   --->   Operation 234 'select' 'sh_4' <Predicate = (icmp_ln270)> <Delay = 0.00> <CoreInst = "Sel">   --->   Core 73 'Sel' <Latency = 0> <II = 1> <Delay = 1.02> <FuncUnit> <Opcode : 'select'> <InPorts = 3> <OutPorts = 1>
ST_7 : Operation 235 [1/1] (0.00ns) (grouped into LUT with out node y_6)   --->   "%zext_ln82_1 = zext i4 %sh_4" [softmax_accel_hls.cc:82->softmax_accel_hls.cc:271]   --->   Operation 235 'zext' 'zext_ln82_1' <Predicate = (icmp_ln270)> <Delay = 0.00>
ST_7 : Operation 236 [1/1] (4.06ns) (out node of the LUT)   --->   "%y_6 = shl i32 %sext_ln78_3, i32 %zext_ln82_1" [softmax_accel_hls.cc:84->softmax_accel_hls.cc:271]   --->   Operation 236 'shl' 'y_6' <Predicate = (icmp_ln270)> <Delay = 4.06> <CoreInst = "Shifter">   --->   Core 75 'Shifter' <Latency = 0> <II = 1> <Delay = 4.06> <FuncUnit> <Opcode : 'shl' 'lshr' 'ashr'> <InPorts = 2> <OutPorts = 1>
ST_7 : Operation 237 [1/1] (0.00ns)   --->   "%sext_ln86_1 = sext i16 %k_1" [softmax_accel_hls.cc:86->softmax_accel_hls.cc:271]   --->   Operation 237 'sext' 'sext_ln86_1' <Predicate = (icmp_ln270)> <Delay = 0.00>
ST_7 : Operation 238 [1/1] (2.07ns)   --->   "%sh_5 = sub i17 0, i17 %sext_ln86_1" [softmax_accel_hls.cc:86->softmax_accel_hls.cc:271]   --->   Operation 238 'sub' 'sh_5' <Predicate = (icmp_ln270)> <Delay = 2.07> <CoreInst = "Adder">   --->   Core 1 'Adder' <Latency = 0> <II = 1> <Delay = 2.07> <FuncUnit> <Opcode : 'add' 'sub'> <InPorts = 2> <OutPorts = 1>
ST_7 : Operation 239 [1/1] (0.00ns)   --->   "%zext_ln86_1 = zext i17 %sh_5" [softmax_accel_hls.cc:86->softmax_accel_hls.cc:271]   --->   Operation 239 'zext' 'zext_ln86_1' <Predicate = (icmp_ln270)> <Delay = 0.00>
ST_7 : Operation 240 [1/1] (0.00ns)   --->   "%tmp_92 = partselect i12 @_ssdm_op_PartSelect.i12.i17.i32.i32, i17 %sh_5, i32 5, i32 16" [softmax_accel_hls.cc:87->softmax_accel_hls.cc:271]   --->   Operation 240 'partselect' 'tmp_92' <Predicate = (icmp_ln270)> <Delay = 0.00>
ST_7 : Operation 241 [1/1] (1.54ns)   --->   "%icmp_ln87_1 = icmp_sgt  i12 %tmp_92, i12 0" [softmax_accel_hls.cc:87->softmax_accel_hls.cc:271]   --->   Operation 241 'icmp' 'icmp_ln87_1' <Predicate = (icmp_ln270)> <Delay = 1.54> <CoreInst = "Cmp">   --->   Core 9 'Cmp' <Latency = 0> <II = 1> <Delay = 1.54> <FuncUnit> <Opcode : 'seteq' 'setne' 'setle' 'setge' 'setlt' 'setgt'> <InPorts = 2> <OutPorts = 1>
ST_7 : Operation 242 [1/1] (4.06ns)   --->   "%y_7 = lshr i32 %sext_ln78_3, i32 %zext_ln86_1" [softmax_accel_hls.cc:88->softmax_accel_hls.cc:271]   --->   Operation 242 'lshr' 'y_7' <Predicate = (icmp_ln270)> <Delay = 4.06> <CoreInst = "Shifter">   --->   Core 75 'Shifter' <Latency = 0> <II = 1> <Delay = 4.06> <FuncUnit> <Opcode : 'shl' 'lshr' 'ashr'> <InPorts = 2> <OutPorts = 1>
ST_7 : Operation 243 [1/1] (0.00ns) (grouped into LUT with out node pkt_v1_2)   --->   "%and_ln87_2 = and i1 %icmp_ln87_1, i1 %tmp_90" [softmax_accel_hls.cc:87->softmax_accel_hls.cc:271]   --->   Operation 243 'and' 'and_ln87_2' <Predicate = (icmp_ln270)> <Delay = 0.00> <CoreInst = "LogicGate">   --->   Core 74 'LogicGate' <Latency = 0> <II = 1> <Delay = 0.97> <FuncUnit> <Opcode : 'and' 'or' 'xor'> <InPorts = 2> <OutPorts = 1>
ST_7 : Operation 244 [1/1] (0.00ns) (grouped into LUT with out node pkt_v1_2)   --->   "%sel_tmp = bitconcatenate i2 @_ssdm_op_BitConcatenate.i2.i1.i1, i1 %xor_ln81_1, i1 %and_ln87_2" [softmax_accel_hls.cc:81->softmax_accel_hls.cc:271]   --->   Operation 244 'bitconcatenate' 'sel_tmp' <Predicate = (icmp_ln270)> <Delay = 0.00>
ST_7 : Operation 245 [1/1] (0.00ns) (grouped into LUT with out node pkt_v1_2)   --->   "%y_16 = sparsemux i32 @_ssdm_op_SparseMux.ap_auto.3i32.i32.i2, i2 2, i32 %y_6, i2 1, i32 0, i2 0, i32 %y_7, i32 0, i2 %sel_tmp" [softmax_accel_hls.cc:84->softmax_accel_hls.cc:271]   --->   Operation 245 'sparsemux' 'y_16' <Predicate = (icmp_ln270)> <Delay = 0.00> <CoreInst = "OneHotSparseMux_HasDef">   --->   Core 140 'OneHotSparseMux_HasDef' <Latency = 0> <II = 1> <Delay = 1.58> <FuncUnit> <Opcode : 'sparsemux'> <InPorts = 2> <OutPorts = 1>
ST_7 : Operation 246 [1/1] (1.58ns) (out node of the LUT)   --->   "%pkt_v1_2 = select i1 %icmp_ln270, i32 %y_16, i32 0" [softmax_accel_hls.cc:270]   --->   Operation 246 'select' 'pkt_v1_2' <Predicate = true> <Delay = 1.58> <CoreInst = "Sel">   --->   Core 73 'Sel' <Latency = 0> <II = 1> <Delay = 0.69> <FuncUnit> <Opcode : 'select'> <InPorts = 3> <OutPorts = 1>
ST_7 : Operation 247 [1/1] (0.00ns)   --->   "%zext_ln73_2 = zext i17 %y0_2" [softmax_accel_hls.cc:73->softmax_accel_hls.cc:275]   --->   Operation 247 'zext' 'zext_ln73_2' <Predicate = (icmp_ln274)> <Delay = 0.00>
ST_7 : Operation 248 [1/1] (0.00ns)   --->   "%sext_ln78_4 = sext i18 %trunc_ln78_2" [softmax_accel_hls.cc:78->softmax_accel_hls.cc:275]   --->   Operation 248 'sext' 'sext_ln78_4' <Predicate = (icmp_ln274)> <Delay = 0.00>
ST_7 : Operation 249 [1/1] (2.13ns)   --->   "%y_frac_2 = add i19 %sext_ln78_4, i19 %zext_ln73_2" [softmax_accel_hls.cc:78->softmax_accel_hls.cc:275]   --->   Operation 249 'add' 'y_frac_2' <Predicate = (icmp_ln274)> <Delay = 2.13> <CoreInst = "Adder">   --->   Core 1 'Adder' <Latency = 0> <II = 1> <Delay = 2.13> <FuncUnit> <Opcode : 'add' 'sub'> <InPorts = 2> <OutPorts = 1>
ST_7 : Operation 250 [1/1] (0.00ns)   --->   "%sext_ln78_5 = sext i19 %y_frac_2" [softmax_accel_hls.cc:78->softmax_accel_hls.cc:275]   --->   Operation 250 'sext' 'sext_ln78_5' <Predicate = (icmp_ln274)> <Delay = 0.00>
ST_7 : Operation 251 [1/1] (0.00ns) (grouped into LUT with out node pkt_v2_2)   --->   "%xor_ln81_2 = xor i1 %tmp_100, i1 1" [softmax_accel_hls.cc:81->softmax_accel_hls.cc:275]   --->   Operation 251 'xor' 'xor_ln81_2' <Predicate = (icmp_ln274)> <Delay = 0.00> <CoreInst = "LogicGate">   --->   Core 74 'LogicGate' <Latency = 0> <II = 1> <Delay = 0.97> <FuncUnit> <Opcode : 'and' 'or' 'xor'> <InPorts = 2> <OutPorts = 1>
ST_7 : Operation 252 [1/1] (0.00ns) (grouped into LUT with out node y_8)   --->   "%trunc_ln82_2 = partselect i4 @_ssdm_op_PartSelect.i4.i50.i32.i32, i50 %t64_2, i32 32, i32 35" [softmax_accel_hls.cc:82->softmax_accel_hls.cc:275]   --->   Operation 252 'partselect' 'trunc_ln82_2' <Predicate = (icmp_ln274 & !icmp_ln83_2)> <Delay = 0.00>
ST_7 : Operation 253 [1/1] (0.00ns) (grouped into LUT with out node y_8)   --->   "%sh_7 = select i1 %icmp_ln83_2, i4 15, i4 %trunc_ln82_2" [softmax_accel_hls.cc:83->softmax_accel_hls.cc:275]   --->   Operation 253 'select' 'sh_7' <Predicate = (icmp_ln274)> <Delay = 0.00> <CoreInst = "Sel">   --->   Core 73 'Sel' <Latency = 0> <II = 1> <Delay = 1.02> <FuncUnit> <Opcode : 'select'> <InPorts = 3> <OutPorts = 1>
ST_7 : Operation 254 [1/1] (0.00ns) (grouped into LUT with out node y_8)   --->   "%zext_ln82_2 = zext i4 %sh_7" [softmax_accel_hls.cc:82->softmax_accel_hls.cc:275]   --->   Operation 254 'zext' 'zext_ln82_2' <Predicate = (icmp_ln274)> <Delay = 0.00>
ST_7 : Operation 255 [1/1] (4.06ns) (out node of the LUT)   --->   "%y_8 = shl i32 %sext_ln78_5, i32 %zext_ln82_2" [softmax_accel_hls.cc:84->softmax_accel_hls.cc:275]   --->   Operation 255 'shl' 'y_8' <Predicate = (icmp_ln274)> <Delay = 4.06> <CoreInst = "Shifter">   --->   Core 75 'Shifter' <Latency = 0> <II = 1> <Delay = 4.06> <FuncUnit> <Opcode : 'shl' 'lshr' 'ashr'> <InPorts = 2> <OutPorts = 1>
ST_7 : Operation 256 [1/1] (0.00ns)   --->   "%sext_ln86_2 = sext i16 %k_2" [softmax_accel_hls.cc:86->softmax_accel_hls.cc:275]   --->   Operation 256 'sext' 'sext_ln86_2' <Predicate = (icmp_ln274)> <Delay = 0.00>
ST_7 : Operation 257 [1/1] (2.07ns)   --->   "%sh_8 = sub i17 0, i17 %sext_ln86_2" [softmax_accel_hls.cc:86->softmax_accel_hls.cc:275]   --->   Operation 257 'sub' 'sh_8' <Predicate = (icmp_ln274)> <Delay = 2.07> <CoreInst = "Adder">   --->   Core 1 'Adder' <Latency = 0> <II = 1> <Delay = 2.07> <FuncUnit> <Opcode : 'add' 'sub'> <InPorts = 2> <OutPorts = 1>
ST_7 : Operation 258 [1/1] (0.00ns)   --->   "%zext_ln86_2 = zext i17 %sh_8" [softmax_accel_hls.cc:86->softmax_accel_hls.cc:275]   --->   Operation 258 'zext' 'zext_ln86_2' <Predicate = (icmp_ln274)> <Delay = 0.00>
ST_7 : Operation 259 [1/1] (0.00ns)   --->   "%tmp_102 = partselect i12 @_ssdm_op_PartSelect.i12.i17.i32.i32, i17 %sh_8, i32 5, i32 16" [softmax_accel_hls.cc:87->softmax_accel_hls.cc:275]   --->   Operation 259 'partselect' 'tmp_102' <Predicate = (icmp_ln274)> <Delay = 0.00>
ST_7 : Operation 260 [1/1] (1.54ns)   --->   "%icmp_ln87_2 = icmp_sgt  i12 %tmp_102, i12 0" [softmax_accel_hls.cc:87->softmax_accel_hls.cc:275]   --->   Operation 260 'icmp' 'icmp_ln87_2' <Predicate = (icmp_ln274)> <Delay = 1.54> <CoreInst = "Cmp">   --->   Core 9 'Cmp' <Latency = 0> <II = 1> <Delay = 1.54> <FuncUnit> <Opcode : 'seteq' 'setne' 'setle' 'setge' 'setlt' 'setgt'> <InPorts = 2> <OutPorts = 1>
ST_7 : Operation 261 [1/1] (4.06ns)   --->   "%y_9 = lshr i32 %sext_ln78_5, i32 %zext_ln86_2" [softmax_accel_hls.cc:88->softmax_accel_hls.cc:275]   --->   Operation 261 'lshr' 'y_9' <Predicate = (icmp_ln274)> <Delay = 4.06> <CoreInst = "Shifter">   --->   Core 75 'Shifter' <Latency = 0> <II = 1> <Delay = 4.06> <FuncUnit> <Opcode : 'shl' 'lshr' 'ashr'> <InPorts = 2> <OutPorts = 1>
ST_7 : Operation 262 [1/1] (0.00ns) (grouped into LUT with out node pkt_v2_2)   --->   "%and_ln87_3 = and i1 %icmp_ln87_2, i1 %tmp_100" [softmax_accel_hls.cc:87->softmax_accel_hls.cc:275]   --->   Operation 262 'and' 'and_ln87_3' <Predicate = (icmp_ln274)> <Delay = 0.00> <CoreInst = "LogicGate">   --->   Core 74 'LogicGate' <Latency = 0> <II = 1> <Delay = 0.97> <FuncUnit> <Opcode : 'and' 'or' 'xor'> <InPorts = 2> <OutPorts = 1>
ST_7 : Operation 263 [1/1] (0.00ns) (grouped into LUT with out node pkt_v2_2)   --->   "%sel_tmp1 = bitconcatenate i2 @_ssdm_op_BitConcatenate.i2.i1.i1, i1 %xor_ln81_2, i1 %and_ln87_3" [softmax_accel_hls.cc:81->softmax_accel_hls.cc:275]   --->   Operation 263 'bitconcatenate' 'sel_tmp1' <Predicate = (icmp_ln274)> <Delay = 0.00>
ST_7 : Operation 264 [1/1] (0.00ns) (grouped into LUT with out node pkt_v2_2)   --->   "%y = sparsemux i32 @_ssdm_op_SparseMux.ap_auto.3i32.i32.i2, i2 2, i32 %y_8, i2 1, i32 0, i2 0, i32 %y_9, i32 0, i2 %sel_tmp1" [softmax_accel_hls.cc:84->softmax_accel_hls.cc:275]   --->   Operation 264 'sparsemux' 'y' <Predicate = (icmp_ln274)> <Delay = 0.00> <CoreInst = "OneHotSparseMux_HasDef">   --->   Core 140 'OneHotSparseMux_HasDef' <Latency = 0> <II = 1> <Delay = 1.58> <FuncUnit> <Opcode : 'sparsemux'> <InPorts = 2> <OutPorts = 1>
ST_7 : Operation 265 [1/1] (1.58ns) (out node of the LUT)   --->   "%pkt_v2_2 = select i1 %icmp_ln274, i32 %y, i32 0" [softmax_accel_hls.cc:274]   --->   Operation 265 'select' 'pkt_v2_2' <Predicate = true> <Delay = 1.58> <CoreInst = "Sel">   --->   Core 73 'Sel' <Latency = 0> <II = 1> <Delay = 0.69> <FuncUnit> <Opcode : 'select'> <InPorts = 3> <OutPorts = 1>
ST_7 : Operation 266 [1/1] (0.00ns)   --->   "%zext_ln73_3 = zext i17 %y0_3" [softmax_accel_hls.cc:73->softmax_accel_hls.cc:279]   --->   Operation 266 'zext' 'zext_ln73_3' <Predicate = (icmp_ln278)> <Delay = 0.00>
ST_7 : Operation 267 [1/1] (0.00ns)   --->   "%sext_ln78_6 = sext i18 %trunc_ln78_3" [softmax_accel_hls.cc:78->softmax_accel_hls.cc:279]   --->   Operation 267 'sext' 'sext_ln78_6' <Predicate = (icmp_ln278)> <Delay = 0.00>
ST_7 : Operation 268 [1/1] (2.13ns)   --->   "%y_frac_3 = add i19 %sext_ln78_6, i19 %zext_ln73_3" [softmax_accel_hls.cc:78->softmax_accel_hls.cc:279]   --->   Operation 268 'add' 'y_frac_3' <Predicate = (icmp_ln278)> <Delay = 2.13> <CoreInst = "Adder">   --->   Core 1 'Adder' <Latency = 0> <II = 1> <Delay = 2.13> <FuncUnit> <Opcode : 'add' 'sub'> <InPorts = 2> <OutPorts = 1>
ST_7 : Operation 269 [1/1] (0.00ns)   --->   "%sext_ln78_7 = sext i19 %y_frac_3" [softmax_accel_hls.cc:78->softmax_accel_hls.cc:279]   --->   Operation 269 'sext' 'sext_ln78_7' <Predicate = (icmp_ln278)> <Delay = 0.00>
ST_7 : Operation 270 [1/1] (0.00ns) (grouped into LUT with out node pkt_v3_2)   --->   "%xor_ln81_3 = xor i1 %tmp_110, i1 1" [softmax_accel_hls.cc:81->softmax_accel_hls.cc:279]   --->   Operation 270 'xor' 'xor_ln81_3' <Predicate = (icmp_ln278)> <Delay = 0.00> <CoreInst = "LogicGate">   --->   Core 74 'LogicGate' <Latency = 0> <II = 1> <Delay = 0.97> <FuncUnit> <Opcode : 'and' 'or' 'xor'> <InPorts = 2> <OutPorts = 1>
ST_7 : Operation 271 [1/1] (0.00ns) (grouped into LUT with out node y_12)   --->   "%trunc_ln82_3 = partselect i4 @_ssdm_op_PartSelect.i4.i50.i32.i32, i50 %t64_3, i32 32, i32 35" [softmax_accel_hls.cc:82->softmax_accel_hls.cc:279]   --->   Operation 271 'partselect' 'trunc_ln82_3' <Predicate = (icmp_ln278 & !icmp_ln83_3)> <Delay = 0.00>
ST_7 : Operation 272 [1/1] (0.00ns) (grouped into LUT with out node y_12)   --->   "%sh_10 = select i1 %icmp_ln83_3, i4 15, i4 %trunc_ln82_3" [softmax_accel_hls.cc:83->softmax_accel_hls.cc:279]   --->   Operation 272 'select' 'sh_10' <Predicate = (icmp_ln278)> <Delay = 0.00> <CoreInst = "Sel">   --->   Core 73 'Sel' <Latency = 0> <II = 1> <Delay = 1.02> <FuncUnit> <Opcode : 'select'> <InPorts = 3> <OutPorts = 1>
ST_7 : Operation 273 [1/1] (0.00ns) (grouped into LUT with out node y_12)   --->   "%zext_ln82_3 = zext i4 %sh_10" [softmax_accel_hls.cc:82->softmax_accel_hls.cc:279]   --->   Operation 273 'zext' 'zext_ln82_3' <Predicate = (icmp_ln278)> <Delay = 0.00>
ST_7 : Operation 274 [1/1] (4.06ns) (out node of the LUT)   --->   "%y_12 = shl i32 %sext_ln78_7, i32 %zext_ln82_3" [softmax_accel_hls.cc:84->softmax_accel_hls.cc:279]   --->   Operation 274 'shl' 'y_12' <Predicate = (icmp_ln278)> <Delay = 4.06> <CoreInst = "Shifter">   --->   Core 75 'Shifter' <Latency = 0> <II = 1> <Delay = 4.06> <FuncUnit> <Opcode : 'shl' 'lshr' 'ashr'> <InPorts = 2> <OutPorts = 1>
ST_7 : Operation 275 [1/1] (0.00ns)   --->   "%sext_ln86_3 = sext i16 %k_3" [softmax_accel_hls.cc:86->softmax_accel_hls.cc:279]   --->   Operation 275 'sext' 'sext_ln86_3' <Predicate = (icmp_ln278)> <Delay = 0.00>
ST_7 : Operation 276 [1/1] (2.07ns)   --->   "%sh_11 = sub i17 0, i17 %sext_ln86_3" [softmax_accel_hls.cc:86->softmax_accel_hls.cc:279]   --->   Operation 276 'sub' 'sh_11' <Predicate = (icmp_ln278)> <Delay = 2.07> <CoreInst = "Adder">   --->   Core 1 'Adder' <Latency = 0> <II = 1> <Delay = 2.07> <FuncUnit> <Opcode : 'add' 'sub'> <InPorts = 2> <OutPorts = 1>
ST_7 : Operation 277 [1/1] (0.00ns)   --->   "%zext_ln86_3 = zext i17 %sh_11" [softmax_accel_hls.cc:86->softmax_accel_hls.cc:279]   --->   Operation 277 'zext' 'zext_ln86_3' <Predicate = (icmp_ln278)> <Delay = 0.00>
ST_7 : Operation 278 [1/1] (0.00ns)   --->   "%tmp_112 = partselect i12 @_ssdm_op_PartSelect.i12.i17.i32.i32, i17 %sh_11, i32 5, i32 16" [softmax_accel_hls.cc:87->softmax_accel_hls.cc:279]   --->   Operation 278 'partselect' 'tmp_112' <Predicate = (icmp_ln278)> <Delay = 0.00>
ST_7 : Operation 279 [1/1] (1.54ns)   --->   "%icmp_ln87_3 = icmp_sgt  i12 %tmp_112, i12 0" [softmax_accel_hls.cc:87->softmax_accel_hls.cc:279]   --->   Operation 279 'icmp' 'icmp_ln87_3' <Predicate = (icmp_ln278)> <Delay = 1.54> <CoreInst = "Cmp">   --->   Core 9 'Cmp' <Latency = 0> <II = 1> <Delay = 1.54> <FuncUnit> <Opcode : 'seteq' 'setne' 'setle' 'setge' 'setlt' 'setgt'> <InPorts = 2> <OutPorts = 1>
ST_7 : Operation 280 [1/1] (4.06ns)   --->   "%y_13 = lshr i32 %sext_ln78_7, i32 %zext_ln86_3" [softmax_accel_hls.cc:88->softmax_accel_hls.cc:279]   --->   Operation 280 'lshr' 'y_13' <Predicate = (icmp_ln278)> <Delay = 4.06> <CoreInst = "Shifter">   --->   Core 75 'Shifter' <Latency = 0> <II = 1> <Delay = 4.06> <FuncUnit> <Opcode : 'shl' 'lshr' 'ashr'> <InPorts = 2> <OutPorts = 1>
ST_7 : Operation 281 [1/1] (0.00ns) (grouped into LUT with out node pkt_v3_2)   --->   "%and_ln87_4 = and i1 %icmp_ln87_3, i1 %tmp_110" [softmax_accel_hls.cc:87->softmax_accel_hls.cc:279]   --->   Operation 281 'and' 'and_ln87_4' <Predicate = (icmp_ln278)> <Delay = 0.00> <CoreInst = "LogicGate">   --->   Core 74 'LogicGate' <Latency = 0> <II = 1> <Delay = 0.97> <FuncUnit> <Opcode : 'and' 'or' 'xor'> <InPorts = 2> <OutPorts = 1>
ST_7 : Operation 282 [1/1] (0.00ns) (grouped into LUT with out node pkt_v3_2)   --->   "%sel_tmp2 = bitconcatenate i2 @_ssdm_op_BitConcatenate.i2.i1.i1, i1 %xor_ln81_3, i1 %and_ln87_4" [softmax_accel_hls.cc:81->softmax_accel_hls.cc:279]   --->   Operation 282 'bitconcatenate' 'sel_tmp2' <Predicate = (icmp_ln278)> <Delay = 0.00>
ST_7 : Operation 283 [1/1] (0.00ns) (grouped into LUT with out node pkt_v3_2)   --->   "%y_17 = sparsemux i32 @_ssdm_op_SparseMux.ap_auto.3i32.i32.i2, i2 2, i32 %y_12, i2 1, i32 0, i2 0, i32 %y_13, i32 0, i2 %sel_tmp2" [softmax_accel_hls.cc:84->softmax_accel_hls.cc:279]   --->   Operation 283 'sparsemux' 'y_17' <Predicate = (icmp_ln278)> <Delay = 0.00> <CoreInst = "OneHotSparseMux_HasDef">   --->   Core 140 'OneHotSparseMux_HasDef' <Latency = 0> <II = 1> <Delay = 1.58> <FuncUnit> <Opcode : 'sparsemux'> <InPorts = 2> <OutPorts = 1>
ST_7 : Operation 284 [1/1] (1.58ns) (out node of the LUT)   --->   "%pkt_v3_2 = select i1 %icmp_ln278, i32 %y_17, i32 0" [softmax_accel_hls.cc:278]   --->   Operation 284 'select' 'pkt_v3_2' <Predicate = true> <Delay = 1.58> <CoreInst = "Sel">   --->   Core 73 'Sel' <Latency = 0> <II = 1> <Delay = 0.69> <FuncUnit> <Opcode : 'select'> <InPorts = 3> <OutPorts = 1>
ST_7 : Operation 299 [1/1] (1.58ns)   --->   "%ret_ln0 = ret"   --->   Operation 299 'ret' 'ret_ln0' <Predicate = (icmp_ln256)> <Delay = 1.58>

State 8 <SV = 7> <Delay = 6.70>
ST_8 : Operation 285 [1/1] (0.00ns)   --->   "%specpipeline_ln257 = specpipeline void @_ssdm_op_SpecPipeline, i32 1, i32 0, i32 0, i32 0, void @empty_1" [softmax_accel_hls.cc:257]   --->   Operation 285 'specpipeline' 'specpipeline_ln257' <Predicate = true> <Delay = 0.00>
ST_8 : Operation 286 [1/1] (0.00ns)   --->   "%specloopname_ln256 = specloopname void @_ssdm_op_SpecLoopName, void @empty_15" [softmax_accel_hls.cc:256]   --->   Operation 286 'specloopname' 'specloopname_ln256' <Predicate = true> <Delay = 0.00>
ST_8 : Operation 287 [1/1] (0.00ns)   --->   "%zext_ln259 = zext i1 %pkt_keep" [softmax_accel_hls.cc:259]   --->   Operation 287 'zext' 'zext_ln259' <Predicate = (!icmp_ln270)> <Delay = 0.00>
ST_8 : Operation 288 [1/1] (0.00ns)   --->   "%pkt_keep_7 = bitconcatenate i2 @_ssdm_op_BitConcatenate.i2.i1.i1, i1 1, i1 %pkt_keep" [softmax_accel_hls.cc:272]   --->   Operation 288 'bitconcatenate' 'pkt_keep_7' <Predicate = (icmp_ln270)> <Delay = 0.00>
ST_8 : Operation 289 [1/1] (0.99ns)   --->   "%pkt_keep_8 = select i1 %icmp_ln270, i2 %pkt_keep_7, i2 %zext_ln259" [softmax_accel_hls.cc:259]   --->   Operation 289 'select' 'pkt_keep_8' <Predicate = true> <Delay = 0.99> <CoreInst = "Sel">   --->   Core 73 'Sel' <Latency = 0> <II = 1> <Delay = 0.99> <FuncUnit> <Opcode : 'select'> <InPorts = 3> <OutPorts = 1>
ST_8 : Operation 290 [1/1] (0.00ns)   --->   "%zext_ln259_1 = zext i2 %pkt_keep_8" [softmax_accel_hls.cc:259]   --->   Operation 290 'zext' 'zext_ln259_1' <Predicate = (!icmp_ln274)> <Delay = 0.00>
ST_8 : Operation 291 [1/1] (0.00ns)   --->   "%pkt_keep_9 = bitconcatenate i3 @_ssdm_op_BitConcatenate.i3.i1.i2, i1 1, i2 %pkt_keep_8" [softmax_accel_hls.cc:276]   --->   Operation 291 'bitconcatenate' 'pkt_keep_9' <Predicate = (icmp_ln274)> <Delay = 0.00>
ST_8 : Operation 292 [1/1] (0.98ns)   --->   "%pkt_keep_2 = select i1 %icmp_ln274, i3 %pkt_keep_9, i3 %zext_ln259_1" [softmax_accel_hls.cc:274]   --->   Operation 292 'select' 'pkt_keep_2' <Predicate = true> <Delay = 0.98> <CoreInst = "Sel">   --->   Core 73 'Sel' <Latency = 0> <II = 1> <Delay = 0.98> <FuncUnit> <Opcode : 'select'> <InPorts = 3> <OutPorts = 1>
ST_8 : Operation 293 [1/1] (0.00ns)   --->   "%zext_ln259_2 = zext i3 %pkt_keep_2" [softmax_accel_hls.cc:259]   --->   Operation 293 'zext' 'zext_ln259_2' <Predicate = true> <Delay = 0.00>
ST_8 : Operation 294 [1/1] (0.00ns)   --->   "%pkt_keep_10 = bitset i4 @_ssdm_op_BitSet.i4.i4.i32.i1, i4 %zext_ln259_2, i32 3, i1 1" [softmax_accel_hls.cc:280]   --->   Operation 294 'bitset' 'pkt_keep_10' <Predicate = (icmp_ln278)> <Delay = 0.00>
ST_8 : Operation 295 [1/1] (1.02ns)   --->   "%pkt_keep_3 = select i1 %icmp_ln278, i4 %pkt_keep_10, i4 %zext_ln259_2" [softmax_accel_hls.cc:278]   --->   Operation 295 'select' 'pkt_keep_3' <Predicate = true> <Delay = 1.02> <CoreInst = "Sel">   --->   Core 73 'Sel' <Latency = 0> <II = 1> <Delay = 1.02> <FuncUnit> <Opcode : 'select'> <InPorts = 3> <OutPorts = 1>
ST_8 : Operation 296 [1/1] (0.00ns)   --->   "%p_0 = bitconcatenate i132 @_ssdm_op_BitConcatenate.i132.i4.i32.i32.i32.i32, i4 %pkt_keep_3, i32 %pkt_v3_2, i32 %pkt_v2_2, i32 %pkt_v1_2, i32 %y_15" [softmax_accel_hls.cc:283]   --->   Operation 296 'bitconcatenate' 'p_0' <Predicate = true> <Delay = 0.00>
ST_8 : Operation 297 [1/1] ( I:3.70ns O:3.70ns )   --->   "%write_ln283 = write void @_ssdm_op_Write.ap_fifo.volatile.i132P0A, i132 %exp_stream, i132 %p_0" [softmax_accel_hls.cc:283]   --->   Operation 297 'write' 'write_ln283' <Predicate = true> <Delay = 3.70> <CoreInst = "FIFO">   --->   Core 77 'FIFO' <Latency = 0> <II = 1> <Delay = 3.70> <Storage> <Opcode : 'read' 'write' 'nbread' 'nbwrite'> <Ports = 0> <Width = 132> <Depth = 16> <FIFO>
ST_8 : Operation 298 [1/1] (0.00ns)   --->   "%br_ln256 = br void %for.body" [softmax_accel_hls.cc:256]   --->   Operation 298 'br' 'br_ln256' <Predicate = true> <Delay = 0.00>


============================================================
+ Verbose Summary: Timing violations
============================================================
Target clock period: 11.800ns, clock uncertainty: 3.186ns.

 <State 1>: 5.046ns
The critical path consists of the following:
	'store' operation 0 bit ('store_ln256', softmax_accel_hls.cc:256) of constant 0 on local variable 'blk', softmax_accel_hls.cc:256 [24]  (1.588 ns)
	'load' operation 7 bit ('blk', softmax_accel_hls.cc:256) on local variable 'blk', softmax_accel_hls.cc:256 [27]  (0.000 ns)
	'icmp' operation 1 bit ('icmp_ln256', softmax_accel_hls.cc:256) [28]  (1.870 ns)
	'store' operation 0 bit ('store_ln256', softmax_accel_hls.cc:256) of variable 'add_ln256', softmax_accel_hls.cc:256 on local variable 'blk', softmax_accel_hls.cc:256 [293]  (1.588 ns)

 <State 2>: 5.806ns
The critical path consists of the following:
	'load' operation 32 bit ('logits_buf_0_load', softmax_accel_hls.cc:267) on array 'logits_buf_0' [41]  (3.254 ns)
	'sub' operation 32 bit ('x_q16', softmax_accel_hls.cc:267) [42]  (2.552 ns)

 <State 3>: 8.206ns
The critical path consists of the following:
	'icmp' operation 1 bit ('icmp_ln62', softmax_accel_hls.cc:62->softmax_accel_hls.cc:267) [43]  (2.552 ns)
	'select' operation 32 bit ('x_q16', softmax_accel_hls.cc:62->softmax_accel_hls.cc:267) [44]  (0.698 ns)
	'sub' operation 50 bit ('sub_ln64', softmax_accel_hls.cc:64->softmax_accel_hls.cc:267) [49]  (0.000 ns)
	'sub' operation 50 bit ('sub_ln64_1', softmax_accel_hls.cc:64->softmax_accel_hls.cc:267) [52]  (4.956 ns)

 <State 4>: 4.956ns
The critical path consists of the following:
	'add' operation 50 bit ('add_ln64', softmax_accel_hls.cc:64->softmax_accel_hls.cc:267) [55]  (0.000 ns)
	'add' operation 50 bit ('add_ln64_1', softmax_accel_hls.cc:64->softmax_accel_hls.cc:267) [58]  (4.956 ns)

 <State 5>: 7.020ns
The critical path consists of the following:
	'add' operation 50 bit ('add_ln64_2', softmax_accel_hls.cc:64->softmax_accel_hls.cc:267) [61]  (0.000 ns)
	'add' operation 50 bit ('t64', softmax_accel_hls.cc:64->softmax_accel_hls.cc:267) [64]  (4.956 ns)
	'sparsemux' operation 17 bit ('y0', softmax_accel_hls.cc:75->softmax_accel_hls.cc:267) [68]  (2.064 ns)

 <State 6>: 7.729ns
The critical path consists of the following:
	'sparsemux' operation 18 bit ('y1', softmax_accel_hls.cc:74->softmax_accel_hls.cc:267) [70]  (0.000 ns)
	'sub' operation 18 bit ('dy', softmax_accel_hls.cc:75->softmax_accel_hls.cc:267) [72]  (2.136 ns)
	'mul' operation 30 bit ('interp', softmax_accel_hls.cc:77->softmax_accel_hls.cc:267) [75]  (5.593 ns)

 <State 7>: 7.793ns
The critical path consists of the following:
	'add' operation 19 bit ('y_frac', softmax_accel_hls.cc:78->softmax_accel_hls.cc:267) [78]  (2.136 ns)
	'shl' operation 32 bit ('y', softmax_accel_hls.cc:84->softmax_accel_hls.cc:267) [87]  (4.069 ns)
	'sparsemux' operation 32 bit ('y', softmax_accel_hls.cc:84->softmax_accel_hls.cc:267) [98]  (1.588 ns)

 <State 8>: 6.704ns
The critical path consists of the following:
	'select' operation 2 bit ('pkt.keep', softmax_accel_hls.cc:259) [162]  (0.993 ns)
	'select' operation 3 bit ('pkt.keep', softmax_accel_hls.cc:274) [226]  (0.980 ns)
	'select' operation 4 bit ('pkt.keep', softmax_accel_hls.cc:278) [290]  (1.024 ns)
	fifo write operation ('write_ln283', softmax_accel_hls.cc:283) on port 'exp_stream' (softmax_accel_hls.cc:283) [292]  (3.707 ns)


============================================================
+ Verbose Summary: Binding
============================================================
N/A
* FSMD analyzer results:
  - Output states:
 - Input state : 
  - Chain level:
	State 1
	State 2
	State 3
	State 4
	State 5
	State 6
	State 7
	State 8


============================================================
+ Verbose Summary: Datapath Resource usage 
============================================================
N/A
