

================================================================
== Vitis HLS Report for 'emit_exp_stream'
================================================================
* Date:           Sat Mar 14 14:59:13 2026

* Version:        2025.1 (Build 6135595 on May 21 2025)
* Project:        Prometheus_streaming_w4
* Solution:       hls (Vivado IP Flow Target)
* Product family: zynq
* Target device:  xc7z020-clg400-1


================================================================
== Performance Estimates
================================================================
+ Timing: 
    * Summary: 
    +--------+----------+----------+------------+
    |  Clock |  Target  | Estimated| Uncertainty|
    +--------+----------+----------+------------+
    |ap_clk  |  11.80 ns|  8.206 ns|     3.19 ns|
    +--------+----------+----------+------------+

+ Latency: 
    * Summary: 
    +---------+---------+----------+----------+-----+-----+---------+
    |  Latency (cycles) |  Latency (absolute) |  Interval | Pipeline|
    |   min   |   max   |    min   |    max   | min | max |   Type  |
    +---------+---------+----------+----------+-----+-----+---------+
    |       10|       73|  0.118 us|  0.861 us|   10|   73|       no|
    +---------+---------+----------+----------+-----+-----+---------+

    + Detail: 
        * Instance: 
        +--------------------------------------------------+----------------------------------------+---------+---------+----------+----------+-----+-----+------------------------------------------------+
        |                                                  |                                        |  Latency (cycles) |  Latency (absolute) |  Interval |                    Pipeline                    |
        |                     Instance                     |                 Module                 |   min   |   max   |    min   |    max   | min | max |                      Type                      |
        +--------------------------------------------------+----------------------------------------+---------+---------+----------+----------+-----+-----+------------------------------------------------+
        |grp_emit_exp_stream_Pipeline_exp_emit_loop_fu_64  |emit_exp_stream_Pipeline_exp_emit_loop  |        9|       72|  0.106 us|  0.850 us|    2|   65|  loop auto-rewind stp (delay=0 clock cycles(s))|
        +--------------------------------------------------+----------------------------------------+---------+---------+----------+----------+-----+-----+------------------------------------------------+

        * Loop: 
        N/A

============================================================
+ Verbose Summary: Synthesis Manager
============================================================
InlineROM: 1
ExposeGlobal: 0
============================================================
+ Verbose Summary: CDFG Model
============================================================
IsTopModel: 0
ResetActiveHigh: 1
IsCombinational: 2
IsDatapathOnly: 0
HasWiredReturn: 1
HasMFsm: 0
HasVarLatency: 1
IsPipeline: 0
IsRtlPipelined: 0
IsInstanceOverlapped: 0
IsDontTouch: 0
HasImplIP: 0
IsGatedGlobalClock: 0


============================================================
+ Verbose Summary: Schedule
============================================================
* Number of FSM states : 2
* Pipeline : 0
* Dataflow Pipeline: 0

* FSM state transitions: 
1 --> 2 
2 --> 

* FSM state operations: 

State 1 <SV = 0> <Delay = 5.28>
ST_1 : Operation 3 [1/1] (0.00ns)   --->   "%max_x_read = read i32 @_ssdm_op_Read.ap_auto.i32, i32 %max_x"   --->   Operation 3 'read' 'max_x_read' <Predicate = true> <Delay = 0.00>
ST_1 : Operation 4 [1/1] (0.00ns)   --->   "%n_read = read i9 @_ssdm_op_Read.ap_auto.i9, i9 %n"   --->   Operation 4 'read' 'n_read' <Predicate = true> <Delay = 0.00>
ST_1 : Operation 5 [1/1] (1.82ns)   --->   "%add_ln169 = add i9 %n_read, i9 3" [softmax_accel_hls.cc:169->softmax_accel_hls.cc:253]   --->   Operation 5 'add' 'add_ln169' <Predicate = true> <Delay = 1.82> <CoreInst = "Adder">   --->   Core 1 'Adder' <Latency = 0> <II = 1> <Delay = 1.82> <FuncUnit> <Opcode : 'add' 'sub'> <InPorts = 2> <OutPorts = 1>
ST_1 : Operation 6 [1/1] (0.00ns)   --->   "%trunc_ln = partselect i7 @_ssdm_op_PartSelect.i7.i9.i32.i32, i9 %add_ln169, i32 2, i32 8" [softmax_accel_hls.cc:256]   --->   Operation 6 'partselect' 'trunc_ln' <Predicate = true> <Delay = 0.00>
ST_1 : Operation 7 [2/2] (3.45ns)   --->   "%call_ln256 = call void @emit_exp_stream_Pipeline_exp_emit_loop, i7 %trunc_ln, i9 %n_read, i32 %logits_buf_0, i32 %max_x_read, i32 %logits_buf_1, i32 %logits_buf_2, i32 %logits_buf_3, i132 %exp_stream" [softmax_accel_hls.cc:256]   --->   Operation 7 'call' 'call_ln256' <Predicate = true> <Delay = 3.45> <CoreType = "Generic">   --->   Generic Core

State 2 <SV = 1> <Delay = 0.00>
ST_2 : Operation 8 [1/1] (0.00ns)   --->   "%specstablecontent_ln0 = specstablecontent void @_ssdm_op_SpecStableContent, i32 %max_x, i1 1, void @p_str"   --->   Operation 8 'specstablecontent' 'specstablecontent_ln0' <Predicate = true> <Delay = 0.00>
ST_2 : Operation 9 [1/1] (0.00ns)   --->   "%specstablecontent_ln0 = specstablecontent void @_ssdm_op_SpecStableContent, i9 %n, i1 1, void @p_str"   --->   Operation 9 'specstablecontent' 'specstablecontent_ln0' <Predicate = true> <Delay = 0.00>
ST_2 : Operation 10 [1/1] (0.00ns)   --->   "%specstablecontent_ln0 = specstablecontent void @_ssdm_op_SpecStableContent, i32 %logits_buf_3, i1 1, void @p_str"   --->   Operation 10 'specstablecontent' 'specstablecontent_ln0' <Predicate = true> <Delay = 0.00>
ST_2 : Operation 11 [1/1] (0.00ns)   --->   "%specstablecontent_ln0 = specstablecontent void @_ssdm_op_SpecStableContent, i32 %logits_buf_2, i1 1, void @p_str"   --->   Operation 11 'specstablecontent' 'specstablecontent_ln0' <Predicate = true> <Delay = 0.00>
ST_2 : Operation 12 [1/1] (0.00ns)   --->   "%specstablecontent_ln0 = specstablecontent void @_ssdm_op_SpecStableContent, i32 %logits_buf_1, i1 1, void @p_str"   --->   Operation 12 'specstablecontent' 'specstablecontent_ln0' <Predicate = true> <Delay = 0.00>
ST_2 : Operation 13 [1/1] (0.00ns)   --->   "%specstablecontent_ln0 = specstablecontent void @_ssdm_op_SpecStableContent, i32 %logits_buf_0, i1 1, void @p_str"   --->   Operation 13 'specstablecontent' 'specstablecontent_ln0' <Predicate = true> <Delay = 0.00>
ST_2 : Operation 14 [1/1] (0.00ns)   --->   "%specmemcore_ln0 = specmemcore void @_ssdm_op_SpecMemCore, i32 %logits_buf_3, i64 666, i64 22, i64 18446744073709551615"   --->   Operation 14 'specmemcore' 'specmemcore_ln0' <Predicate = true> <Delay = 0.00>
ST_2 : Operation 15 [1/1] (0.00ns)   --->   "%specmemcore_ln0 = specmemcore void @_ssdm_op_SpecMemCore, i32 %logits_buf_2, i64 666, i64 22, i64 18446744073709551615"   --->   Operation 15 'specmemcore' 'specmemcore_ln0' <Predicate = true> <Delay = 0.00>
ST_2 : Operation 16 [1/1] (0.00ns)   --->   "%specmemcore_ln0 = specmemcore void @_ssdm_op_SpecMemCore, i32 %logits_buf_1, i64 666, i64 22, i64 18446744073709551615"   --->   Operation 16 'specmemcore' 'specmemcore_ln0' <Predicate = true> <Delay = 0.00>
ST_2 : Operation 17 [1/1] (0.00ns)   --->   "%specmemcore_ln0 = specmemcore void @_ssdm_op_SpecMemCore, i32 %logits_buf_0, i64 666, i64 22, i64 18446744073709551615"   --->   Operation 17 'specmemcore' 'specmemcore_ln0' <Predicate = true> <Delay = 0.00>
ST_2 : Operation 18 [1/1] (0.00ns)   --->   "%specinterface_ln0 = specinterface void @_ssdm_op_SpecInterface, i132 %exp_stream, void @empty, i32 0, i32 0, void @empty_1, i32 0, i32 0, void @empty_1, void @empty_1, void @empty_1, i32 0, i32 0, i32 0, i32 0, void @empty_1, void @empty_1, i32 4294967295, i32 0, i32 0"   --->   Operation 18 'specinterface' 'specinterface_ln0' <Predicate = true> <Delay = 0.00>
ST_2 : Operation 19 [1/2] (0.00ns)   --->   "%call_ln256 = call void @emit_exp_stream_Pipeline_exp_emit_loop, i7 %trunc_ln, i9 %n_read, i32 %logits_buf_0, i32 %max_x_read, i32 %logits_buf_1, i32 %logits_buf_2, i32 %logits_buf_3, i132 %exp_stream" [softmax_accel_hls.cc:256]   --->   Operation 19 'call' 'call_ln256' <Predicate = true> <Delay = 0.00> <CoreType = "Generic">   --->   Generic Core
ST_2 : Operation 20 [1/1] (0.00ns)   --->   "%ret_ln285 = ret" [softmax_accel_hls.cc:285]   --->   Operation 20 'ret' 'ret_ln285' <Predicate = true> <Delay = 0.00>


============================================================
+ Verbose Summary: Binding
============================================================
STG Binding: 
---------------- STG Properties BEGIN ----------------
- Is combinational: 0
- Is one-state seq: 0
- Is datapath-only: 0
- Is pipelined: 0
- Is top level: 0
Port [ Return ] is wired: 1; IO mode=ap_ctrl_hs:ce=0
Port [ logits_buf_0]:  wired=1; compound=1; hidden=0; nouse=0; global=0; static=0; extern=0; dir=0; type=1; pingpong=0; private_global=0; MemPort=[13]; IO mode=ap_stable:ce=0
Port [ logits_buf_1]:  wired=1; compound=1; hidden=0; nouse=0; global=0; static=0; extern=0; dir=0; type=1; pingpong=0; private_global=0; MemPort=[13]; IO mode=ap_stable:ce=0
Port [ logits_buf_2]:  wired=1; compound=1; hidden=0; nouse=0; global=0; static=0; extern=0; dir=0; type=1; pingpong=0; private_global=0; MemPort=[13]; IO mode=ap_stable:ce=0
Port [ logits_buf_3]:  wired=1; compound=1; hidden=0; nouse=0; global=0; static=0; extern=0; dir=0; type=1; pingpong=0; private_global=0; MemPort=[13]; IO mode=ap_stable:ce=0
Port [ n]:  wired=1; compound=0; hidden=0; nouse=0; global=0; static=0; extern=0; dir=0; type=0; pingpong=0; private_global=0; IO mode=ap_stable:ce=0
Port [ max_x]:  wired=1; compound=0; hidden=0; nouse=0; global=0; static=0; extern=0; dir=0; type=0; pingpong=0; private_global=0; IO mode=ap_stable:ce=0
Port [ exp_stream]:  wired=1; compound=1; hidden=0; nouse=0; global=0; static=0; extern=0; dir=1; type=3; pingpong=0; private_global=0; IO mode=ap_fifo:ce=0
---------------- STG Properties END ------------------

---------------- Datapath Model BEGIN ----------------

<LifeTime>
<method=bitvector/>
max_x_read            (read             ) [ 001]
n_read                (read             ) [ 001]
add_ln169             (add              ) [ 000]
trunc_ln              (partselect       ) [ 001]
specstablecontent_ln0 (specstablecontent) [ 000]
specstablecontent_ln0 (specstablecontent) [ 000]
specstablecontent_ln0 (specstablecontent) [ 000]
specstablecontent_ln0 (specstablecontent) [ 000]
specstablecontent_ln0 (specstablecontent) [ 000]
specstablecontent_ln0 (specstablecontent) [ 000]
specmemcore_ln0       (specmemcore      ) [ 000]
specmemcore_ln0       (specmemcore      ) [ 000]
specmemcore_ln0       (specmemcore      ) [ 000]
specmemcore_ln0       (specmemcore      ) [ 000]
specinterface_ln0     (specinterface    ) [ 000]
call_ln256            (call             ) [ 000]
ret_ln285             (ret              ) [ 000]
</LifeTime>

<model>

<comp_list>
<comp id="0" class="1000" name="logits_buf_0">
<pin_list>
<pin id="1" dir="1" index="0" bw="1" slack="0"/>
</pin_list>
<bind>
<StgValue><ssdm name="logits_buf_0"/><MemPortTyVec>1 3 </MemPortTyVec>
</StgValue>
</bind>
</comp>

<comp id="2" class="1000" name="logits_buf_1">
<pin_list>
<pin id="3" dir="1" index="0" bw="1" slack="0"/>
</pin_list>
<bind>
<StgValue><ssdm name="logits_buf_1"/><MemPortTyVec>1 3 </MemPortTyVec>
</StgValue>
</bind>
</comp>

<comp id="4" class="1000" name="logits_buf_2">
<pin_list>
<pin id="5" dir="1" index="0" bw="1" slack="0"/>
</pin_list>
<bind>
<StgValue><ssdm name="logits_buf_2"/><MemPortTyVec>1 3 </MemPortTyVec>
</StgValue>
</bind>
</comp>

<comp id="6" class="1000" name="logits_buf_3">
<pin_list>
<pin id="7" dir="1" index="0" bw="1" slack="0"/>
</pin_list>
<bind>
<StgValue><ssdm name="logits_buf_3"/><MemPortTyVec>1 3 </MemPortTyVec>
</StgValue>
</bind>
</comp>

<comp id="8" class="1000" name="n">
<pin_list>
<pin id="9" dir="1" index="0" bw="1" slack="0"/>
</pin_list>
<bind>
<StgValue><ssdm name="n"/></StgValue>
</bind>
</comp>

<comp id="10" class="1000" name="max_x">
<pin_list>
<pin id="11" dir="1" index="0" bw="1" slack="0"/>
</pin_list>
<bind>
<StgValue><ssdm name="max_x"/></StgValue>
</bind>
</comp>

<comp id="12" class="1000" name="exp_stream">
<pin_list>
<pin id="13" dir="1" index="0" bw="1" slack="0"/>
</pin_list>
<bind>
<StgValue><ssdm name="exp_stream"/></StgValue>
</bind>
</comp>

<comp id="14" class="1001" name="const_14">
<pin_list>
<pin id="15" dir="1" index="0" bw="1" slack="0"/>
</pin_list>
<bind>
<StgValue><ssdm name="_ssdm_op_Read.ap_auto.i32"/></StgValue>
</bind>
</comp>

<comp id="16" class="1001" name="const_16">
<pin_list>
<pin id="17" dir="1" index="0" bw="1" slack="0"/>
</pin_list>
<bind>
<StgValue><ssdm name="_ssdm_op_Read.ap_auto.i9"/></StgValue>
</bind>
</comp>

<comp id="18" class="1001" name="const_18">
<pin_list>
<pin id="19" dir="1" index="0" bw="1" slack="0"/>
</pin_list>
<bind>
<StgValue><ssdm name=""/></StgValue>
</bind>
</comp>

<comp id="20" class="1001" name="const_20">
<pin_list>
<pin id="21" dir="1" index="0" bw="1" slack="0"/>
</pin_list>
<bind>
<StgValue><ssdm name="_ssdm_op_PartSelect.i7.i9.i32.i32"/></StgValue>
</bind>
</comp>

<comp id="22" class="1001" name="const_22">
<pin_list>
<pin id="23" dir="1" index="0" bw="1" slack="0"/>
</pin_list>
<bind>
<StgValue><ssdm name=""/></StgValue>
</bind>
</comp>

<comp id="24" class="1001" name="const_24">
<pin_list>
<pin id="25" dir="1" index="0" bw="1" slack="0"/>
</pin_list>
<bind>
<StgValue><ssdm name=""/></StgValue>
</bind>
</comp>

<comp id="26" class="1001" name="const_26">
<pin_list>
<pin id="27" dir="1" index="0" bw="1" slack="0"/>
</pin_list>
<bind>
<StgValue><ssdm name="emit_exp_stream_Pipeline_exp_emit_loop"/></StgValue>
</bind>
</comp>

<comp id="28" class="1001" name="const_28">
<pin_list>
<pin id="29" dir="1" index="0" bw="1" slack="2147483647"/>
</pin_list>
<bind>
<StgValue><ssdm name="_ssdm_op_SpecStableContent"/></StgValue>
</bind>
</comp>

<comp id="30" class="1001" name="const_30">
<pin_list>
<pin id="31" dir="1" index="0" bw="1" slack="2147483647"/>
</pin_list>
<bind>
<StgValue><ssdm name=""/></StgValue>
</bind>
</comp>

<comp id="32" class="1001" name="const_32">
<pin_list>
<pin id="33" dir="1" index="0" bw="1" slack="2147483647"/>
</pin_list>
<bind>
<StgValue><ssdm name="p_str"/></StgValue>
</bind>
</comp>

<comp id="34" class="1001" name="const_34">
<pin_list>
<pin id="35" dir="1" index="0" bw="1" slack="2147483647"/>
</pin_list>
<bind>
<StgValue><ssdm name="_ssdm_op_SpecMemCore"/></StgValue>
</bind>
</comp>

<comp id="36" class="1001" name="const_36">
<pin_list>
<pin id="37" dir="1" index="0" bw="1" slack="2147483647"/>
</pin_list>
<bind>
<StgValue><ssdm name=""/></StgValue>
</bind>
</comp>

<comp id="38" class="1001" name="const_38">
<pin_list>
<pin id="39" dir="1" index="0" bw="1" slack="2147483647"/>
</pin_list>
<bind>
<StgValue><ssdm name=""/></StgValue>
</bind>
</comp>

<comp id="40" class="1001" name="const_40">
<pin_list>
<pin id="41" dir="1" index="0" bw="1" slack="2147483647"/>
</pin_list>
<bind>
<StgValue><ssdm name=""/></StgValue>
</bind>
</comp>

<comp id="42" class="1001" name="const_42">
<pin_list>
<pin id="43" dir="1" index="0" bw="1" slack="2147483647"/>
</pin_list>
<bind>
<StgValue><ssdm name="_ssdm_op_SpecInterface"/></StgValue>
</bind>
</comp>

<comp id="44" class="1001" name="const_44">
<pin_list>
<pin id="45" dir="1" index="0" bw="1" slack="2147483647"/>
</pin_list>
<bind>
<StgValue><ssdm name="empty"/></StgValue>
</bind>
</comp>

<comp id="46" class="1001" name="const_46">
<pin_list>
<pin id="47" dir="1" index="0" bw="1" slack="2147483647"/>
</pin_list>
<bind>
<StgValue><ssdm name=""/></StgValue>
</bind>
</comp>

<comp id="48" class="1001" name="const_48">
<pin_list>
<pin id="49" dir="1" index="0" bw="1" slack="2147483647"/>
</pin_list>
<bind>
<StgValue><ssdm name="empty_1"/></StgValue>
</bind>
</comp>

<comp id="50" class="1001" name="const_50">
<pin_list>
<pin id="51" dir="1" index="0" bw="1" slack="2147483647"/>
</pin_list>
<bind>
<StgValue><ssdm name=""/></StgValue>
</bind>
</comp>

<comp id="52" class="1004" name="max_x_read_read_fu_52">
<pin_list>
<pin id="53" dir="0" index="0" bw="32" slack="0"/>
<pin id="54" dir="0" index="1" bw="32" slack="0"/>
<pin id="55" dir="1" index="2" bw="32" slack="0"/>
</pin_list>
<bind>
<opcode="read(1150) " fcode="read"/>
<opset="max_x_read/1 "/>
</bind>
</comp>

<comp id="58" class="1004" name="n_read_read_fu_58">
<pin_list>
<pin id="59" dir="0" index="0" bw="9" slack="0"/>
<pin id="60" dir="0" index="1" bw="9" slack="0"/>
<pin id="61" dir="1" index="2" bw="9" slack="0"/>
</pin_list>
<bind>
<opcode="read(1150) " fcode="read"/>
<opset="n_read/1 "/>
</bind>
</comp>

<comp id="64" class="1004" name="grp_emit_exp_stream_Pipeline_exp_emit_loop_fu_64">
<pin_list>
<pin id="65" dir="0" index="0" bw="0" slack="0"/>
<pin id="66" dir="0" index="1" bw="7" slack="0"/>
<pin id="67" dir="0" index="2" bw="9" slack="0"/>
<pin id="68" dir="0" index="3" bw="32" slack="0"/>
<pin id="69" dir="0" index="4" bw="32" slack="0"/>
<pin id="70" dir="0" index="5" bw="32" slack="0"/>
<pin id="71" dir="0" index="6" bw="32" slack="0"/>
<pin id="72" dir="0" index="7" bw="32" slack="0"/>
<pin id="73" dir="0" index="8" bw="132" slack="0"/>
<pin id="74" dir="1" index="9" bw="0" slack="2147483647"/>
</pin_list>
<bind>
<opcode="call(48) " fcode="call"/>
<opset="call_ln256/1 "/>
</bind>
</comp>

<comp id="83" class="1004" name="add_ln169_fu_83">
<pin_list>
<pin id="84" dir="0" index="0" bw="9" slack="0"/>
<pin id="85" dir="0" index="1" bw="3" slack="0"/>
<pin id="86" dir="1" index="2" bw="9" slack="0"/>
</pin_list>
<bind>
<opcode="add(8) " fcode="add"/>
<opset="add_ln169/1 "/>
</bind>
</comp>

<comp id="89" class="1004" name="trunc_ln_fu_89">
<pin_list>
<pin id="90" dir="0" index="0" bw="7" slack="0"/>
<pin id="91" dir="0" index="1" bw="9" slack="0"/>
<pin id="92" dir="0" index="2" bw="3" slack="0"/>
<pin id="93" dir="0" index="3" bw="5" slack="0"/>
<pin id="94" dir="1" index="4" bw="7" slack="0"/>
</pin_list>
<bind>
<opcode="partselect(1002) " fcode="partselect"/>
<opset="trunc_ln/1 "/>
</bind>
</comp>

<comp id="100" class="1005" name="max_x_read_reg_100">
<pin_list>
<pin id="101" dir="0" index="0" bw="32" slack="1"/>
<pin id="102" dir="1" index="1" bw="32" slack="1"/>
</pin_list>
<bind>
<opset="max_x_read "/>
</bind>
</comp>

<comp id="105" class="1005" name="n_read_reg_105">
<pin_list>
<pin id="106" dir="0" index="0" bw="9" slack="1"/>
<pin id="107" dir="1" index="1" bw="9" slack="1"/>
</pin_list>
<bind>
<opset="n_read "/>
</bind>
</comp>

<comp id="110" class="1005" name="trunc_ln_reg_110">
<pin_list>
<pin id="111" dir="0" index="0" bw="7" slack="1"/>
<pin id="112" dir="1" index="1" bw="7" slack="1"/>
</pin_list>
<bind>
<opset="trunc_ln "/>
</bind>
</comp>

</comp_list>

<net_list>
<net id="56"><net_src comp="14" pin="0"/><net_sink comp="52" pin=0"/></net>

<net id="57"><net_src comp="10" pin="0"/><net_sink comp="52" pin=1"/></net>

<net id="62"><net_src comp="16" pin="0"/><net_sink comp="58" pin=0"/></net>

<net id="63"><net_src comp="8" pin="0"/><net_sink comp="58" pin=1"/></net>

<net id="75"><net_src comp="26" pin="0"/><net_sink comp="64" pin=0"/></net>

<net id="76"><net_src comp="58" pin="2"/><net_sink comp="64" pin=2"/></net>

<net id="77"><net_src comp="0" pin="0"/><net_sink comp="64" pin=3"/></net>

<net id="78"><net_src comp="52" pin="2"/><net_sink comp="64" pin=4"/></net>

<net id="79"><net_src comp="2" pin="0"/><net_sink comp="64" pin=5"/></net>

<net id="80"><net_src comp="4" pin="0"/><net_sink comp="64" pin=6"/></net>

<net id="81"><net_src comp="6" pin="0"/><net_sink comp="64" pin=7"/></net>

<net id="82"><net_src comp="12" pin="0"/><net_sink comp="64" pin=8"/></net>

<net id="87"><net_src comp="58" pin="2"/><net_sink comp="83" pin=0"/></net>

<net id="88"><net_src comp="18" pin="0"/><net_sink comp="83" pin=1"/></net>

<net id="95"><net_src comp="20" pin="0"/><net_sink comp="89" pin=0"/></net>

<net id="96"><net_src comp="83" pin="2"/><net_sink comp="89" pin=1"/></net>

<net id="97"><net_src comp="22" pin="0"/><net_sink comp="89" pin=2"/></net>

<net id="98"><net_src comp="24" pin="0"/><net_sink comp="89" pin=3"/></net>

<net id="99"><net_src comp="89" pin="4"/><net_sink comp="64" pin=1"/></net>

<net id="103"><net_src comp="52" pin="2"/><net_sink comp="100" pin=0"/></net>

<net id="104"><net_src comp="100" pin="1"/><net_sink comp="64" pin=4"/></net>

<net id="108"><net_src comp="58" pin="2"/><net_sink comp="105" pin=0"/></net>

<net id="109"><net_src comp="105" pin="1"/><net_sink comp="64" pin=2"/></net>

<net id="113"><net_src comp="89" pin="4"/><net_sink comp="110" pin=0"/></net>

<net id="114"><net_src comp="110" pin="1"/><net_sink comp="64" pin=1"/></net>

</net_list>

</model> 
---------------- Datapath Model END ------------------

* FSMD analyzer results:
  - Output states:
	Port: exp_stream | {1 2 }
 - Input state : 
	Port: emit_exp_stream : logits_buf_0 | {1 2 }
	Port: emit_exp_stream : logits_buf_1 | {1 2 }
	Port: emit_exp_stream : logits_buf_2 | {1 2 }
	Port: emit_exp_stream : logits_buf_3 | {1 2 }
	Port: emit_exp_stream : n | {1 }
	Port: emit_exp_stream : max_x | {1 }
  - Chain level:
	State 1
		trunc_ln : 1
		call_ln256 : 2
	State 2


============================================================
+ Verbose Summary: Datapath Resource usage 
============================================================

* Functional unit list:
|----------|--------------------------------------------------|---------|---------|---------|---------|
| Operation|                  Functional Unit                 |   DSP   |  Delay  |    FF   |   LUT   |
|----------|--------------------------------------------------|---------|---------|---------|---------|
|   call   | grp_emit_exp_stream_Pipeline_exp_emit_loop_fu_64 |    4    |  6.352  |   1328  |   3241  |
|----------|--------------------------------------------------|---------|---------|---------|---------|
|    add   |                  add_ln169_fu_83                 |    0    |    0    |    0    |    14   |
|----------|--------------------------------------------------|---------|---------|---------|---------|
|   read   |               max_x_read_read_fu_52              |    0    |    0    |    0    |    0    |
|          |                 n_read_read_fu_58                |    0    |    0    |    0    |    0    |
|----------|--------------------------------------------------|---------|---------|---------|---------|
|partselect|                  trunc_ln_fu_89                  |    0    |    0    |    0    |    0    |
|----------|--------------------------------------------------|---------|---------|---------|---------|
|   Total  |                                                  |    4    |  6.352  |   1328  |   3255  |
|----------|--------------------------------------------------|---------|---------|---------|---------|

Memories:
N/A

* Register list:
+------------------+--------+
|                  |   FF   |
+------------------+--------+
|max_x_read_reg_100|   32   |
|  n_read_reg_105  |    9   |
| trunc_ln_reg_110 |    7   |
+------------------+--------+
|       Total      |   48   |
+------------------+--------+

* Multiplexer (MUX) list: 
|--------------------------------------------------|------|------|------|--------||---------||---------||---------|
|                       Comp                       |  Pin | Size |  BW  | S x BW ||  Delay  ||    FF   ||   LUT   |
|--------------------------------------------------|------|------|------|--------||---------||---------||---------|
| grp_emit_exp_stream_Pipeline_exp_emit_loop_fu_64 |  p1  |   2  |   7  |   14   ||    0    ||    9    |
| grp_emit_exp_stream_Pipeline_exp_emit_loop_fu_64 |  p2  |   2  |   9  |   18   ||    0    ||    9    |
| grp_emit_exp_stream_Pipeline_exp_emit_loop_fu_64 |  p4  |   2  |  32  |   64   ||    0    ||    9    |
|--------------------------------------------------|------|------|------|--------||---------||---------||---------|
|                       Total                      |      |      |      |   96   ||  4.764  ||    0    ||    27   |
|--------------------------------------------------|------|------|------|--------||---------||---------||---------|



* Summary:
+-----------+--------+--------+--------+--------+
|           |   DSP  |  Delay |   FF   |   LUT  |
+-----------+--------+--------+--------+--------+
|  Function |    4   |    6   |  1328  |  3255  |
|   Memory  |    -   |    -   |    -   |    -   |
|Multiplexer|    -   |    4   |    0   |   27   |
|  Register |    -   |    -   |   48   |    -   |
+-----------+--------+--------+--------+--------+
|   Total   |    4   |   11   |  1376  |  3282  |
+-----------+--------+--------+--------+--------+
