

================================================================
== Vitis HLS Report for 'emit_prob_stream_Pipeline_prob_emit_loop'
================================================================
* Date:           Sat Mar 14 14:59:13 2026

* Version:        2025.1 (Build 6135595 on May 21 2025)
* Project:        Prometheus_streaming_w4
* Solution:       hls (Vivado IP Flow Target)
* Product family: zynq
* Target device:  xc7z020-clg400-1


================================================================
== Performance Estimates
================================================================
+ Timing: 
    * Summary: 
    +--------+----------+----------+------------+
    |  Clock |  Target  | Estimated| Uncertainty|
    +--------+----------+----------+------------+
    |ap_clk  |  11.80 ns|  8.510 ns|     3.19 ns|
    +--------+----------+----------+------------+

+ Latency: 
    * Summary: 
    +---------+---------+-----------+----------+-----+-----+------------------------------------------------+
    |  Latency (cycles) |  Latency (absolute)  |  Interval |                    Pipeline                    |
    |   min   |   max   |    min    |    max   | min | max |                      Type                      |
    +---------+---------+-----------+----------+-----+-----+------------------------------------------------+
    |        5|       68|  59.000 ns|  0.802 us|    2|   65|  loop auto-rewind stp (delay=0 clock cycles(s))|
    +---------+---------+-----------+----------+-----+-----+------------------------------------------------+

    + Detail: 
        * Instance: 
        N/A

        * Loop: 
        +------------------+---------+---------+----------+-----------+-----------+--------+----------+
        |                  |  Latency (cycles) | Iteration|  Initiation Interval  |  Trip  |          |
        |     Loop Name    |   min   |   max   |  Latency |  achieved |   target  |  Count | Pipelined|
        +------------------+---------+---------+----------+-----------+-----------+--------+----------+
        |- prob_emit_loop  |        3|       66|         4|          1|          1|  1 ~ 64|       yes|
        +------------------+---------+---------+----------+-----------+-----------+--------+----------+

============================================================
+ Verbose Summary: Synthesis Manager
============================================================
InlineROM: 1
ExposeGlobal: 0
============================================================
+ Verbose Summary: CDFG Model
============================================================
IsTopModel: 0
ResetActiveHigh: 1
IsCombinational: 0
IsDatapathOnly: 0
HasWiredReturn: 1
HasMFsm: 2
HasVarLatency: 1
IsPipeline: 0
IsRtlPipelined: 0
IsInstanceOverlapped: 0
IsDontTouch: 0
HasImplIP: 0
IsGatedGlobalClock: 0

+ Individual pipeline summary: 
  * Pipeline-0: initiation interval (II) = 1, depth = 4


============================================================
+ Verbose Summary: Schedule
============================================================
* Number of FSM states : 4
* Pipeline : 1
  Pipeline-0 : II = 1, D = 4, States = { 1 2 3 4 }
* Dataflow Pipeline: 0

* FSM state transitions: 
1 --> 2 
2 --> 3 
3 --> 4 
4 --> 

* FSM state operations: 

State 1 <SV = 0> <Delay = 5.04>
ST_1 : Operation 7 [1/1] (0.00ns)   --->   "%blk = alloca i32 1" [softmax_accel_hls.cc:342]   --->   Operation 7 'alloca' 'blk' <Predicate = true> <Delay = 0.00>
ST_1 : Operation 8 [1/1] (0.00ns)   --->   "%specstablecontent_ln0 = specstablecontent void @_ssdm_op_SpecStableContent, i31 %zext_ln342, i1 1, void @p_str"   --->   Operation 8 'specstablecontent' 'specstablecontent_ln0' <Predicate = true> <Delay = 0.00>
ST_1 : Operation 9 [1/1] (0.00ns)   --->   "%zext_ln342_read = read i31 @_ssdm_op_Read.ap_auto.i31, i31 %zext_ln342"   --->   Operation 9 'read' 'zext_ln342_read' <Predicate = true> <Delay = 0.00>
ST_1 : Operation 10 [1/1] (0.00ns)   --->   "%n_read = read i9 @_ssdm_op_Read.ap_auto.i9, i9 %n"   --->   Operation 10 'read' 'n_read' <Predicate = true> <Delay = 0.00>
ST_1 : Operation 11 [1/1] (0.00ns)   --->   "%trunc_ln_read = read i7 @_ssdm_op_Read.ap_auto.i7, i7 %trunc_ln"   --->   Operation 11 'read' 'trunc_ln_read' <Predicate = true> <Delay = 0.00>
ST_1 : Operation 12 [1/1] (0.00ns)   --->   "%zext_ln342_cast = zext i31 %zext_ln342_read"   --->   Operation 12 'zext' 'zext_ln342_cast' <Predicate = true> <Delay = 0.00>
ST_1 : Operation 13 [1/1] (0.00ns)   --->   "%specstablecontent_ln0 = specstablecontent void @_ssdm_op_SpecStableContent, i9 %n, i1 1, void @p_str"   --->   Operation 13 'specstablecontent' 'specstablecontent_ln0' <Predicate = true> <Delay = 0.00>
ST_1 : Operation 14 [1/1] (0.00ns)   --->   "%specstablecontent_ln0 = specstablecontent void @_ssdm_op_SpecStableContent, i32 %exp_buf_0, i1 1, void @p_str"   --->   Operation 14 'specstablecontent' 'specstablecontent_ln0' <Predicate = true> <Delay = 0.00>
ST_1 : Operation 15 [1/1] (0.00ns)   --->   "%specstablecontent_ln0 = specstablecontent void @_ssdm_op_SpecStableContent, i32 %exp_buf_1, i1 1, void @p_str"   --->   Operation 15 'specstablecontent' 'specstablecontent_ln0' <Predicate = true> <Delay = 0.00>
ST_1 : Operation 16 [1/1] (0.00ns)   --->   "%specstablecontent_ln0 = specstablecontent void @_ssdm_op_SpecStableContent, i32 %exp_buf_2, i1 1, void @p_str"   --->   Operation 16 'specstablecontent' 'specstablecontent_ln0' <Predicate = true> <Delay = 0.00>
ST_1 : Operation 17 [1/1] (0.00ns)   --->   "%specstablecontent_ln0 = specstablecontent void @_ssdm_op_SpecStableContent, i32 %exp_buf_3, i1 1, void @p_str"   --->   Operation 17 'specstablecontent' 'specstablecontent_ln0' <Predicate = true> <Delay = 0.00>
ST_1 : Operation 18 [1/1] (0.00ns)   --->   "%specmemcore_ln0 = specmemcore void @_ssdm_op_SpecMemCore, i32 %exp_buf_0, i64 666, i64 22, i64 18446744073709551615"   --->   Operation 18 'specmemcore' 'specmemcore_ln0' <Predicate = true> <Delay = 0.00>
ST_1 : Operation 19 [1/1] (0.00ns)   --->   "%specmemcore_ln0 = specmemcore void @_ssdm_op_SpecMemCore, i32 %exp_buf_1, i64 666, i64 22, i64 18446744073709551615"   --->   Operation 19 'specmemcore' 'specmemcore_ln0' <Predicate = true> <Delay = 0.00>
ST_1 : Operation 20 [1/1] (0.00ns)   --->   "%specmemcore_ln0 = specmemcore void @_ssdm_op_SpecMemCore, i32 %exp_buf_2, i64 666, i64 22, i64 18446744073709551615"   --->   Operation 20 'specmemcore' 'specmemcore_ln0' <Predicate = true> <Delay = 0.00>
ST_1 : Operation 21 [1/1] (0.00ns)   --->   "%specmemcore_ln0 = specmemcore void @_ssdm_op_SpecMemCore, i32 %exp_buf_3, i64 666, i64 22, i64 18446744073709551615"   --->   Operation 21 'specmemcore' 'specmemcore_ln0' <Predicate = true> <Delay = 0.00>
ST_1 : Operation 22 [1/1] (0.00ns)   --->   "%specinterface_ln0 = specinterface void @_ssdm_op_SpecInterface, i132 %prob_stream, void @empty, i32 0, i32 0, void @empty_1, i32 0, i32 0, void @empty_1, void @empty_1, void @empty_1, i32 0, i32 0, i32 0, i32 0, void @empty_1, void @empty_1, i32 4294967295, i32 0, i32 0"   --->   Operation 22 'specinterface' 'specinterface_ln0' <Predicate = true> <Delay = 0.00>
ST_1 : Operation 23 [1/1] (1.58ns)   --->   "%store_ln342 = store i7 0, i7 %blk" [softmax_accel_hls.cc:342]   --->   Operation 23 'store' 'store_ln342' <Predicate = true> <Delay = 1.58>
ST_1 : Operation 24 [1/1] (0.00ns)   --->   "%br_ln0 = br void %for.body"   --->   Operation 24 'br' 'br_ln0' <Predicate = true> <Delay = 0.00>
ST_1 : Operation 25 [1/1] (0.00ns)   --->   "%blk_3 = load i7 %blk" [softmax_accel_hls.cc:342]   --->   Operation 25 'load' 'blk_3' <Predicate = true> <Delay = 0.00>
ST_1 : Operation 26 [1/1] (1.87ns)   --->   "%icmp_ln342 = icmp_eq  i7 %blk_3, i7 %trunc_ln_read" [softmax_accel_hls.cc:342]   --->   Operation 26 'icmp' 'icmp_ln342' <Predicate = true> <Delay = 1.87> <CoreInst = "Cmp">   --->   Core 9 'Cmp' <Latency = 0> <II = 1> <Delay = 1.87> <FuncUnit> <Opcode : 'seteq' 'setne' 'setle' 'setge' 'setlt' 'setgt'> <InPorts = 2> <OutPorts = 1>
ST_1 : Operation 27 [1/1] (0.00ns)   --->   "%speclooptripcount_ln0 = speclooptripcount void @_ssdm_op_SpecLoopTripCount, i64 1, i64 64, i64 0"   --->   Operation 27 'speclooptripcount' 'speclooptripcount_ln0' <Predicate = true> <Delay = 0.00>
ST_1 : Operation 28 [1/1] (1.87ns)   --->   "%add_ln342 = add i7 %blk_3, i7 1" [softmax_accel_hls.cc:342]   --->   Operation 28 'add' 'add_ln342' <Predicate = true> <Delay = 1.87> <CoreInst = "Adder">   --->   Core 1 'Adder' <Latency = 0> <II = 1> <Delay = 1.87> <FuncUnit> <Opcode : 'add' 'sub'> <InPorts = 2> <OutPorts = 1>
ST_1 : Operation 29 [1/1] (0.00ns)   --->   "%br_ln342 = br i1 %icmp_ln342, void %for.body.split_ifconv, void %for.end.exitStub" [softmax_accel_hls.cc:342]   --->   Operation 29 'br' 'br_ln342' <Predicate = true> <Delay = 0.00>
ST_1 : Operation 30 [1/1] (0.00ns)   --->   "%zext_ln342_1 = zext i7 %blk_3" [softmax_accel_hls.cc:342]   --->   Operation 30 'zext' 'zext_ln342_1' <Predicate = (!icmp_ln342)> <Delay = 0.00>
ST_1 : Operation 31 [1/1] (0.00ns)   --->   "%trunc_ln344 = trunc i7 %blk_3" [softmax_accel_hls.cc:344]   --->   Operation 31 'trunc' 'trunc_ln344' <Predicate = (!icmp_ln342)> <Delay = 0.00>
ST_1 : Operation 32 [1/1] (0.00ns)   --->   "%shl_ln = bitconcatenate i8 @_ssdm_op_BitConcatenate.i8.i6.i2, i6 %trunc_ln344, i2 0" [softmax_accel_hls.cc:344]   --->   Operation 32 'bitconcatenate' 'shl_ln' <Predicate = (!icmp_ln342)> <Delay = 0.00>
ST_1 : Operation 33 [1/1] (0.00ns)   --->   "%zext_ln352 = zext i8 %shl_ln" [softmax_accel_hls.cc:352]   --->   Operation 33 'zext' 'zext_ln352' <Predicate = (!icmp_ln342)> <Delay = 0.00>
ST_1 : Operation 34 [1/1] (1.82ns)   --->   "%pkt_keep = icmp_ult  i9 %zext_ln352, i9 %n_read" [softmax_accel_hls.cc:352]   --->   Operation 34 'icmp' 'pkt_keep' <Predicate = (!icmp_ln342)> <Delay = 1.82> <CoreInst = "Cmp">   --->   Core 9 'Cmp' <Latency = 0> <II = 1> <Delay = 1.82> <FuncUnit> <Opcode : 'seteq' 'setne' 'setle' 'setge' 'setlt' 'setgt'> <InPorts = 2> <OutPorts = 1>
ST_1 : Operation 35 [1/1] (0.00ns)   --->   "%exp_buf_0_addr = getelementptr i32 %exp_buf_0, i64 0, i64 %zext_ln342_1" [softmax_accel_hls.cc:353]   --->   Operation 35 'getelementptr' 'exp_buf_0_addr' <Predicate = (!icmp_ln342)> <Delay = 0.00>
ST_1 : Operation 36 [2/2] (3.25ns)   --->   "%exp_buf_0_load = load i6 %exp_buf_0_addr" [softmax_accel_hls.cc:353]   --->   Operation 36 'load' 'exp_buf_0_load' <Predicate = (!icmp_ln342)> <Delay = 3.25> <CoreInst = "RAM_2P_BRAM">   --->   Core 90 'RAM_2P_BRAM' <Latency = 1> <II = 1> <Delay = 3.25> <Storage> <Opcode : 'load' 'store'> <Ports = 2> <Width = 32> <Depth = 64> <RAM>
ST_1 : Operation 37 [1/1] (0.00ns)   --->   "%or_ln = bitconcatenate i8 @_ssdm_op_BitConcatenate.i8.i6.i2, i6 %trunc_ln344, i2 1" [softmax_accel_hls.cc:357]   --->   Operation 37 'bitconcatenate' 'or_ln' <Predicate = (!icmp_ln342)> <Delay = 0.00>
ST_1 : Operation 38 [1/1] (0.00ns)   --->   "%zext_ln357 = zext i8 %or_ln" [softmax_accel_hls.cc:357]   --->   Operation 38 'zext' 'zext_ln357' <Predicate = (!icmp_ln342)> <Delay = 0.00>
ST_1 : Operation 39 [1/1] (1.82ns)   --->   "%icmp_ln357 = icmp_ult  i9 %zext_ln357, i9 %n_read" [softmax_accel_hls.cc:357]   --->   Operation 39 'icmp' 'icmp_ln357' <Predicate = (!icmp_ln342)> <Delay = 1.82> <CoreInst = "Cmp">   --->   Core 9 'Cmp' <Latency = 0> <II = 1> <Delay = 1.82> <FuncUnit> <Opcode : 'seteq' 'setne' 'setle' 'setge' 'setlt' 'setgt'> <InPorts = 2> <OutPorts = 1>
ST_1 : Operation 40 [1/1] (0.00ns)   --->   "%exp_buf_1_addr = getelementptr i32 %exp_buf_1, i64 0, i64 %zext_ln342_1" [softmax_accel_hls.cc:358]   --->   Operation 40 'getelementptr' 'exp_buf_1_addr' <Predicate = (!icmp_ln342)> <Delay = 0.00>
ST_1 : Operation 41 [2/2] (3.25ns)   --->   "%exp_buf_1_load = load i6 %exp_buf_1_addr" [softmax_accel_hls.cc:358]   --->   Operation 41 'load' 'exp_buf_1_load' <Predicate = (!icmp_ln342)> <Delay = 3.25> <CoreInst = "RAM_2P_BRAM">   --->   Core 90 'RAM_2P_BRAM' <Latency = 1> <II = 1> <Delay = 3.25> <Storage> <Opcode : 'load' 'store'> <Ports = 2> <Width = 32> <Depth = 64> <RAM>
ST_1 : Operation 42 [1/1] (0.00ns)   --->   "%or_ln3 = bitconcatenate i8 @_ssdm_op_BitConcatenate.i8.i6.i2, i6 %trunc_ln344, i2 2" [softmax_accel_hls.cc:362]   --->   Operation 42 'bitconcatenate' 'or_ln3' <Predicate = (!icmp_ln342)> <Delay = 0.00>
ST_1 : Operation 43 [1/1] (0.00ns)   --->   "%zext_ln362 = zext i8 %or_ln3" [softmax_accel_hls.cc:362]   --->   Operation 43 'zext' 'zext_ln362' <Predicate = (!icmp_ln342)> <Delay = 0.00>
ST_1 : Operation 44 [1/1] (1.82ns)   --->   "%icmp_ln362 = icmp_ult  i9 %zext_ln362, i9 %n_read" [softmax_accel_hls.cc:362]   --->   Operation 44 'icmp' 'icmp_ln362' <Predicate = (!icmp_ln342)> <Delay = 1.82> <CoreInst = "Cmp">   --->   Core 9 'Cmp' <Latency = 0> <II = 1> <Delay = 1.82> <FuncUnit> <Opcode : 'seteq' 'setne' 'setle' 'setge' 'setlt' 'setgt'> <InPorts = 2> <OutPorts = 1>
ST_1 : Operation 45 [1/1] (0.00ns)   --->   "%exp_buf_2_addr = getelementptr i32 %exp_buf_2, i64 0, i64 %zext_ln342_1" [softmax_accel_hls.cc:363]   --->   Operation 45 'getelementptr' 'exp_buf_2_addr' <Predicate = (!icmp_ln342)> <Delay = 0.00>
ST_1 : Operation 46 [2/2] (3.25ns)   --->   "%exp_buf_2_load = load i6 %exp_buf_2_addr" [softmax_accel_hls.cc:363]   --->   Operation 46 'load' 'exp_buf_2_load' <Predicate = (!icmp_ln342)> <Delay = 3.25> <CoreInst = "RAM_2P_BRAM">   --->   Core 90 'RAM_2P_BRAM' <Latency = 1> <II = 1> <Delay = 3.25> <Storage> <Opcode : 'load' 'store'> <Ports = 2> <Width = 32> <Depth = 64> <RAM>
ST_1 : Operation 47 [1/1] (0.00ns)   --->   "%or_ln4 = bitconcatenate i8 @_ssdm_op_BitConcatenate.i8.i6.i2, i6 %trunc_ln344, i2 3" [softmax_accel_hls.cc:367]   --->   Operation 47 'bitconcatenate' 'or_ln4' <Predicate = (!icmp_ln342)> <Delay = 0.00>
ST_1 : Operation 48 [1/1] (0.00ns)   --->   "%zext_ln367 = zext i8 %or_ln4" [softmax_accel_hls.cc:367]   --->   Operation 48 'zext' 'zext_ln367' <Predicate = (!icmp_ln342)> <Delay = 0.00>
ST_1 : Operation 49 [1/1] (1.82ns)   --->   "%icmp_ln367 = icmp_ult  i9 %zext_ln367, i9 %n_read" [softmax_accel_hls.cc:367]   --->   Operation 49 'icmp' 'icmp_ln367' <Predicate = (!icmp_ln342)> <Delay = 1.82> <CoreInst = "Cmp">   --->   Core 9 'Cmp' <Latency = 0> <II = 1> <Delay = 1.82> <FuncUnit> <Opcode : 'seteq' 'setne' 'setle' 'setge' 'setlt' 'setgt'> <InPorts = 2> <OutPorts = 1>
ST_1 : Operation 50 [1/1] (0.00ns)   --->   "%exp_buf_3_addr = getelementptr i32 %exp_buf_3, i64 0, i64 %zext_ln342_1" [softmax_accel_hls.cc:368]   --->   Operation 50 'getelementptr' 'exp_buf_3_addr' <Predicate = (!icmp_ln342)> <Delay = 0.00>
ST_1 : Operation 51 [2/2] (3.25ns)   --->   "%exp_buf_3_load = load i6 %exp_buf_3_addr" [softmax_accel_hls.cc:368]   --->   Operation 51 'load' 'exp_buf_3_load' <Predicate = (!icmp_ln342)> <Delay = 3.25> <CoreInst = "RAM_2P_BRAM">   --->   Core 90 'RAM_2P_BRAM' <Latency = 1> <II = 1> <Delay = 3.25> <Storage> <Opcode : 'load' 'store'> <Ports = 2> <Width = 32> <Depth = 64> <RAM>
ST_1 : Operation 52 [1/1] (1.58ns)   --->   "%store_ln342 = store i7 %add_ln342, i7 %blk" [softmax_accel_hls.cc:342]   --->   Operation 52 'store' 'store_ln342' <Predicate = (!icmp_ln342)> <Delay = 1.58>

State 2 <SV = 1> <Delay = 3.25>
ST_2 : Operation 53 [1/2] ( I:3.25ns O:3.25ns )   --->   "%exp_buf_0_load = load i6 %exp_buf_0_addr" [softmax_accel_hls.cc:353]   --->   Operation 53 'load' 'exp_buf_0_load' <Predicate = true> <Delay = 3.25> <CoreInst = "RAM_2P_BRAM">   --->   Core 90 'RAM_2P_BRAM' <Latency = 1> <II = 1> <Delay = 3.25> <Storage> <Opcode : 'load' 'store'> <Ports = 2> <Width = 32> <Depth = 64> <RAM>
ST_2 : Operation 54 [1/2] ( I:3.25ns O:3.25ns )   --->   "%exp_buf_1_load = load i6 %exp_buf_1_addr" [softmax_accel_hls.cc:358]   --->   Operation 54 'load' 'exp_buf_1_load' <Predicate = true> <Delay = 3.25> <CoreInst = "RAM_2P_BRAM">   --->   Core 90 'RAM_2P_BRAM' <Latency = 1> <II = 1> <Delay = 3.25> <Storage> <Opcode : 'load' 'store'> <Ports = 2> <Width = 32> <Depth = 64> <RAM>
ST_2 : Operation 55 [1/2] ( I:3.25ns O:3.25ns )   --->   "%exp_buf_2_load = load i6 %exp_buf_2_addr" [softmax_accel_hls.cc:363]   --->   Operation 55 'load' 'exp_buf_2_load' <Predicate = true> <Delay = 3.25> <CoreInst = "RAM_2P_BRAM">   --->   Core 90 'RAM_2P_BRAM' <Latency = 1> <II = 1> <Delay = 3.25> <Storage> <Opcode : 'load' 'store'> <Ports = 2> <Width = 32> <Depth = 64> <RAM>
ST_2 : Operation 56 [1/2] ( I:3.25ns O:3.25ns )   --->   "%exp_buf_3_load = load i6 %exp_buf_3_addr" [softmax_accel_hls.cc:368]   --->   Operation 56 'load' 'exp_buf_3_load' <Predicate = true> <Delay = 3.25> <CoreInst = "RAM_2P_BRAM">   --->   Core 90 'RAM_2P_BRAM' <Latency = 1> <II = 1> <Delay = 3.25> <Storage> <Opcode : 'load' 'store'> <Ports = 2> <Width = 32> <Depth = 64> <RAM>

State 3 <SV = 2> <Delay = 8.51>
ST_3 : Operation 57 [1/1] (0.00ns)   --->   "%zext_ln353 = zext i32 %exp_buf_0_load" [softmax_accel_hls.cc:353]   --->   Operation 57 'zext' 'zext_ln353' <Predicate = (pkt_keep)> <Delay = 0.00>
ST_3 : Operation 58 [1/1] (8.51ns)   --->   "%prod0 = mul i62 %zext_ln353, i62 %zext_ln342_cast" [softmax_accel_hls.cc:353]   --->   Operation 58 'mul' 'prod0' <Predicate = (pkt_keep)> <Delay = 8.51> <CoreInst = "Multiplier">   --->   Core 3 'Multiplier' <Latency = 0> <II = 1> <Delay = 8.51> <FuncUnit> <Opcode : 'mul'> <InPorts = 2> <OutPorts = 1>
ST_3 : Operation 59 [1/1] (0.00ns)   --->   "%pkt_v0 = partselect i32 @_ssdm_op_PartSelect.i32.i62.i32.i32, i62 %prod0, i32 30, i32 61" [softmax_accel_hls.cc:354]   --->   Operation 59 'partselect' 'pkt_v0' <Predicate = (pkt_keep)> <Delay = 0.00>
ST_3 : Operation 60 [1/1] (0.00ns)   --->   "%zext_ln358 = zext i32 %exp_buf_1_load" [softmax_accel_hls.cc:358]   --->   Operation 60 'zext' 'zext_ln358' <Predicate = (icmp_ln357)> <Delay = 0.00>
ST_3 : Operation 61 [1/1] (8.51ns)   --->   "%prod1 = mul i62 %zext_ln358, i62 %zext_ln342_cast" [softmax_accel_hls.cc:358]   --->   Operation 61 'mul' 'prod1' <Predicate = (icmp_ln357)> <Delay = 8.51> <CoreInst = "Multiplier">   --->   Core 3 'Multiplier' <Latency = 0> <II = 1> <Delay = 8.51> <FuncUnit> <Opcode : 'mul'> <InPorts = 2> <OutPorts = 1>
ST_3 : Operation 62 [1/1] (0.00ns)   --->   "%pkt_v1 = partselect i32 @_ssdm_op_PartSelect.i32.i62.i32.i32, i62 %prod1, i32 30, i32 61" [softmax_accel_hls.cc:359]   --->   Operation 62 'partselect' 'pkt_v1' <Predicate = (icmp_ln357)> <Delay = 0.00>
ST_3 : Operation 63 [1/1] (0.00ns)   --->   "%zext_ln363 = zext i32 %exp_buf_2_load" [softmax_accel_hls.cc:363]   --->   Operation 63 'zext' 'zext_ln363' <Predicate = (icmp_ln362)> <Delay = 0.00>
ST_3 : Operation 64 [1/1] (8.51ns)   --->   "%prod2 = mul i62 %zext_ln363, i62 %zext_ln342_cast" [softmax_accel_hls.cc:363]   --->   Operation 64 'mul' 'prod2' <Predicate = (icmp_ln362)> <Delay = 8.51> <CoreInst = "Multiplier">   --->   Core 3 'Multiplier' <Latency = 0> <II = 1> <Delay = 8.51> <FuncUnit> <Opcode : 'mul'> <InPorts = 2> <OutPorts = 1>
ST_3 : Operation 65 [1/1] (0.00ns)   --->   "%pkt_v2 = partselect i32 @_ssdm_op_PartSelect.i32.i62.i32.i32, i62 %prod2, i32 30, i32 61" [softmax_accel_hls.cc:364]   --->   Operation 65 'partselect' 'pkt_v2' <Predicate = (icmp_ln362)> <Delay = 0.00>
ST_3 : Operation 66 [1/1] (0.00ns)   --->   "%zext_ln368 = zext i32 %exp_buf_3_load" [softmax_accel_hls.cc:368]   --->   Operation 66 'zext' 'zext_ln368' <Predicate = (icmp_ln367)> <Delay = 0.00>
ST_3 : Operation 67 [1/1] (8.51ns)   --->   "%prod3 = mul i62 %zext_ln368, i62 %zext_ln342_cast" [softmax_accel_hls.cc:368]   --->   Operation 67 'mul' 'prod3' <Predicate = (icmp_ln367)> <Delay = 8.51> <CoreInst = "Multiplier">   --->   Core 3 'Multiplier' <Latency = 0> <II = 1> <Delay = 8.51> <FuncUnit> <Opcode : 'mul'> <InPorts = 2> <OutPorts = 1>
ST_3 : Operation 68 [1/1] (0.00ns)   --->   "%pkt_v3 = partselect i32 @_ssdm_op_PartSelect.i32.i62.i32.i32, i62 %prod3, i32 30, i32 61" [softmax_accel_hls.cc:369]   --->   Operation 68 'partselect' 'pkt_v3' <Predicate = (icmp_ln367)> <Delay = 0.00>
ST_3 : Operation 87 [1/1] (1.58ns)   --->   "%ret_ln0 = ret"   --->   Operation 87 'ret' 'ret_ln0' <Predicate = (icmp_ln342)> <Delay = 1.58>

State 4 <SV = 3> <Delay = 6.70>
ST_4 : Operation 69 [1/1] (0.00ns)   --->   "%specpipeline_ln343 = specpipeline void @_ssdm_op_SpecPipeline, i32 1, i32 0, i32 0, i32 0, void @empty_1" [softmax_accel_hls.cc:343]   --->   Operation 69 'specpipeline' 'specpipeline_ln343' <Predicate = true> <Delay = 0.00>
ST_4 : Operation 70 [1/1] (0.00ns)   --->   "%specloopname_ln342 = specloopname void @_ssdm_op_SpecLoopName, void @empty_17" [softmax_accel_hls.cc:342]   --->   Operation 70 'specloopname' 'specloopname_ln342' <Predicate = true> <Delay = 0.00>
ST_4 : Operation 71 [1/1] (0.69ns)   --->   "%pkt_v0_1 = select i1 %pkt_keep, i32 %pkt_v0, i32 0" [softmax_accel_hls.cc:352]   --->   Operation 71 'select' 'pkt_v0_1' <Predicate = true> <Delay = 0.69> <CoreInst = "Sel">   --->   Core 73 'Sel' <Latency = 0> <II = 1> <Delay = 0.69> <FuncUnit> <Opcode : 'select'> <InPorts = 3> <OutPorts = 1>
ST_4 : Operation 72 [1/1] (0.00ns)   --->   "%zext_ln345 = zext i1 %pkt_keep" [softmax_accel_hls.cc:345]   --->   Operation 72 'zext' 'zext_ln345' <Predicate = (!icmp_ln357)> <Delay = 0.00>
ST_4 : Operation 73 [1/1] (0.00ns)   --->   "%pkt_keep_1 = bitconcatenate i2 @_ssdm_op_BitConcatenate.i2.i1.i1, i1 1, i1 %pkt_keep" [softmax_accel_hls.cc:360]   --->   Operation 73 'bitconcatenate' 'pkt_keep_1' <Predicate = (icmp_ln357)> <Delay = 0.00>
ST_4 : Operation 74 [1/1] (0.69ns)   --->   "%pkt_v1_1 = select i1 %icmp_ln357, i32 %pkt_v1, i32 0" [softmax_accel_hls.cc:357]   --->   Operation 74 'select' 'pkt_v1_1' <Predicate = true> <Delay = 0.69> <CoreInst = "Sel">   --->   Core 73 'Sel' <Latency = 0> <II = 1> <Delay = 0.69> <FuncUnit> <Opcode : 'select'> <InPorts = 3> <OutPorts = 1>
ST_4 : Operation 75 [1/1] (0.99ns)   --->   "%pkt_keep_4 = select i1 %icmp_ln357, i2 %pkt_keep_1, i2 %zext_ln345" [softmax_accel_hls.cc:345]   --->   Operation 75 'select' 'pkt_keep_4' <Predicate = true> <Delay = 0.99> <CoreInst = "Sel">   --->   Core 73 'Sel' <Latency = 0> <II = 1> <Delay = 0.99> <FuncUnit> <Opcode : 'select'> <InPorts = 3> <OutPorts = 1>
ST_4 : Operation 76 [1/1] (0.00ns)   --->   "%zext_ln345_1 = zext i2 %pkt_keep_4" [softmax_accel_hls.cc:345]   --->   Operation 76 'zext' 'zext_ln345_1' <Predicate = (!icmp_ln362)> <Delay = 0.00>
ST_4 : Operation 77 [1/1] (0.00ns)   --->   "%pkt_keep_5 = bitconcatenate i3 @_ssdm_op_BitConcatenate.i3.i1.i2, i1 1, i2 %pkt_keep_4" [softmax_accel_hls.cc:365]   --->   Operation 77 'bitconcatenate' 'pkt_keep_5' <Predicate = (icmp_ln362)> <Delay = 0.00>
ST_4 : Operation 78 [1/1] (0.69ns)   --->   "%pkt_v2_1 = select i1 %icmp_ln362, i32 %pkt_v2, i32 0" [softmax_accel_hls.cc:362]   --->   Operation 78 'select' 'pkt_v2_1' <Predicate = true> <Delay = 0.69> <CoreInst = "Sel">   --->   Core 73 'Sel' <Latency = 0> <II = 1> <Delay = 0.69> <FuncUnit> <Opcode : 'select'> <InPorts = 3> <OutPorts = 1>
ST_4 : Operation 79 [1/1] (0.98ns)   --->   "%pkt_keep_2 = select i1 %icmp_ln362, i3 %pkt_keep_5, i3 %zext_ln345_1" [softmax_accel_hls.cc:362]   --->   Operation 79 'select' 'pkt_keep_2' <Predicate = true> <Delay = 0.98> <CoreInst = "Sel">   --->   Core 73 'Sel' <Latency = 0> <II = 1> <Delay = 0.98> <FuncUnit> <Opcode : 'select'> <InPorts = 3> <OutPorts = 1>
ST_4 : Operation 80 [1/1] (0.00ns)   --->   "%zext_ln345_2 = zext i3 %pkt_keep_2" [softmax_accel_hls.cc:345]   --->   Operation 80 'zext' 'zext_ln345_2' <Predicate = true> <Delay = 0.00>
ST_4 : Operation 81 [1/1] (0.00ns)   --->   "%pkt_keep_6 = bitset i4 @_ssdm_op_BitSet.i4.i4.i32.i1, i4 %zext_ln345_2, i32 3, i1 1" [softmax_accel_hls.cc:370]   --->   Operation 81 'bitset' 'pkt_keep_6' <Predicate = (icmp_ln367)> <Delay = 0.00>
ST_4 : Operation 82 [1/1] (0.69ns)   --->   "%pkt_v3_1 = select i1 %icmp_ln367, i32 %pkt_v3, i32 0" [softmax_accel_hls.cc:367]   --->   Operation 82 'select' 'pkt_v3_1' <Predicate = true> <Delay = 0.69> <CoreInst = "Sel">   --->   Core 73 'Sel' <Latency = 0> <II = 1> <Delay = 0.69> <FuncUnit> <Opcode : 'select'> <InPorts = 3> <OutPorts = 1>
ST_4 : Operation 83 [1/1] (1.02ns)   --->   "%pkt_keep_3 = select i1 %icmp_ln367, i4 %pkt_keep_6, i4 %zext_ln345_2" [softmax_accel_hls.cc:367]   --->   Operation 83 'select' 'pkt_keep_3' <Predicate = true> <Delay = 1.02> <CoreInst = "Sel">   --->   Core 73 'Sel' <Latency = 0> <II = 1> <Delay = 1.02> <FuncUnit> <Opcode : 'select'> <InPorts = 3> <OutPorts = 1>
ST_4 : Operation 84 [1/1] (0.00ns)   --->   "%p_0 = bitconcatenate i132 @_ssdm_op_BitConcatenate.i132.i4.i32.i32.i32.i32, i4 %pkt_keep_3, i32 %pkt_v3_1, i32 %pkt_v2_1, i32 %pkt_v1_1, i32 %pkt_v0_1" [softmax_accel_hls.cc:373]   --->   Operation 84 'bitconcatenate' 'p_0' <Predicate = true> <Delay = 0.00>
ST_4 : Operation 85 [1/1] ( I:3.70ns O:3.70ns )   --->   "%write_ln373 = write void @_ssdm_op_Write.ap_fifo.volatile.i132P0A, i132 %prob_stream, i132 %p_0" [softmax_accel_hls.cc:373]   --->   Operation 85 'write' 'write_ln373' <Predicate = true> <Delay = 3.70> <CoreInst = "FIFO">   --->   Core 77 'FIFO' <Latency = 0> <II = 1> <Delay = 3.70> <Storage> <Opcode : 'read' 'write' 'nbread' 'nbwrite'> <Ports = 0> <Width = 132> <Depth = 16> <FIFO>
ST_4 : Operation 86 [1/1] (0.00ns)   --->   "%br_ln342 = br void %for.body" [softmax_accel_hls.cc:342]   --->   Operation 86 'br' 'br_ln342' <Predicate = true> <Delay = 0.00>


============================================================
+ Verbose Summary: Timing violations
============================================================
Target clock period: 11.800ns, clock uncertainty: 3.186ns.

 <State 1>: 5.046ns
The critical path consists of the following:
	'store' operation 0 bit ('store_ln342', softmax_accel_hls.cc:342) of constant 0 on local variable 'blk', softmax_accel_hls.cc:342 [25]  (1.588 ns)
	'load' operation 7 bit ('blk', softmax_accel_hls.cc:342) on local variable 'blk', softmax_accel_hls.cc:342 [28]  (0.000 ns)
	'icmp' operation 1 bit ('icmp_ln342', softmax_accel_hls.cc:342) [29]  (1.870 ns)
	'store' operation 0 bit ('store_ln342', softmax_accel_hls.cc:342) of variable 'add_ln342', softmax_accel_hls.cc:342 on local variable 'blk', softmax_accel_hls.cc:342 [85]  (1.588 ns)

 <State 2>: 3.254ns
The critical path consists of the following:
	'load' operation 32 bit ('exp_buf_0_load', softmax_accel_hls.cc:353) on array 'exp_buf_0' [42]  (3.254 ns)

 <State 3>: 8.510ns
The critical path consists of the following:
	'mul' operation 62 bit ('prod0', softmax_accel_hls.cc:353) [44]  (8.510 ns)

 <State 4>: 6.704ns
The critical path consists of the following:
	'select' operation 2 bit ('pkt.keep', softmax_accel_hls.cc:345) [58]  (0.993 ns)
	'select' operation 3 bit ('pkt.keep', softmax_accel_hls.cc:362) [70]  (0.980 ns)
	'select' operation 4 bit ('pkt.keep', softmax_accel_hls.cc:367) [82]  (1.024 ns)
	fifo write operation ('write_ln373', softmax_accel_hls.cc:373) on port 'prob_stream' (softmax_accel_hls.cc:373) [84]  (3.707 ns)


============================================================
+ Verbose Summary: Binding
============================================================
N/A
* FSMD analyzer results:
  - Output states:
 - Input state : 
  - Chain level:
	State 1
	State 2
	State 3
	State 4


============================================================
+ Verbose Summary: Datapath Resource usage 
============================================================
N/A
