

================================================================
== Vitis HLS Report for 'load_logits_and_find_max'
================================================================
* Date:           Sat Mar 14 14:59:13 2026

* Version:        2025.1 (Build 6135595 on May 21 2025)
* Project:        Prometheus_streaming_w4
* Solution:       hls (Vivado IP Flow Target)
* Product family: zynq
* Target device:  xc7z020-clg400-1


================================================================
== Performance Estimates
================================================================
+ Timing: 
    * Summary: 
    +--------+----------+----------+------------+
    |  Clock |  Target  | Estimated| Uncertainty|
    +--------+----------+----------+------------+
    |ap_clk  |  11.80 ns|  8.614 ns|     3.19 ns|
    +--------+----------+----------+------------+

+ Latency: 
    * Summary: 
    +---------+---------+----------+----------+-----+-----+---------+
    |  Latency (cycles) |  Latency (absolute) |  Interval | Pipeline|
    |   min   |   max   |    min   |    max   | min | max |   Type  |
    +---------+---------+----------+----------+-----+-----+---------+
    |       17|       80|  0.201 us|  0.944 us|   17|   80|       no|
    +---------+---------+----------+----------+-----+-----+---------+

    + Detail: 
        * Instance: 
        +--------------------------------------------------------+---------------------------------------------+---------+---------+-----------+----------+-----+-----+------------------------------------------------+
        |                                                        |                                             |  Latency (cycles) |  Latency (absolute)  |  Interval |                    Pipeline                    |
        |                        Instance                        |                    Module                   |   min   |   max   |    min    |    max   | min | max |                      Type                      |
        +--------------------------------------------------------+---------------------------------------------+---------+---------+-----------+----------+-----+-----+------------------------------------------------+
        |grp_load_logits_and_find_max_Pipeline_load_loop_fu_100  |load_logits_and_find_max_Pipeline_load_loop  |        6|       69|  70.800 ns|  0.814 us|    2|   65|  loop auto-rewind stp (delay=0 clock cycles(s))|
        +--------------------------------------------------------+---------------------------------------------+---------+---------+-----------+----------+-----+-----+------------------------------------------------+

        * Loop: 
        N/A

============================================================
+ Verbose Summary: Synthesis Manager
============================================================
InlineROM: 1
ExposeGlobal: 0
============================================================
+ Verbose Summary: CDFG Model
============================================================
IsTopModel: 0
ResetActiveHigh: 1
IsCombinational: 0
IsDatapathOnly: 0
HasWiredReturn: 1
HasMFsm: 0
HasVarLatency: 1
IsPipeline: 0
IsRtlPipelined: 0
IsInstanceOverlapped: 0
IsDontTouch: 0
HasImplIP: 0
IsGatedGlobalClock: 0


============================================================
+ Verbose Summary: Schedule
============================================================
* Number of FSM states : 12
* Pipeline : 0
* Dataflow Pipeline: 0

* FSM state transitions: 
1 --> 2 
2 --> 3 
3 --> 4 
4 --> 5 
5 --> 6 
6 --> 7 
7 --> 8 
8 --> 9 
9 --> 10 
10 --> 11 
11 --> 12 
12 --> 

* FSM state operations: 

State 1 <SV = 0> <Delay = 3.52>
ST_1 : Operation 13 [1/1] (0.00ns)   --->   "%n_read = read i9 @_ssdm_op_Read.ap_auto.i9, i9 %n"   --->   Operation 13 'read' 'n_read' <Predicate = true> <Delay = 0.00>
ST_1 : Operation 14 [1/1] (0.00ns)   --->   "%in_l_read = read i28 @_ssdm_op_Read.ap_auto.i28, i28 %in_l"   --->   Operation 14 'read' 'in_l_read' <Predicate = true> <Delay = 0.00>
ST_1 : Operation 15 [1/1] (0.00ns)   --->   "%mem_read = read i64 @_ssdm_op_Read.ap_auto.i64, i64 %mem"   --->   Operation 15 'read' 'mem_read' <Predicate = true> <Delay = 0.00>
ST_1 : Operation 16 [1/1] (0.00ns)   --->   "%max_x_loc = alloca i64 1"   --->   Operation 16 'alloca' 'max_x_loc' <Predicate = true> <Delay = 0.00>
ST_1 : Operation 17 [1/1] (1.82ns)   --->   "%add_ln169 = add i9 %n_read, i9 3" [softmax_accel_hls.cc:169->softmax_accel_hls.cc:201]   --->   Operation 17 'add' 'add_ln169' <Predicate = true> <Delay = 1.82> <CoreInst = "Adder">   --->   Core 1 'Adder' <Latency = 0> <II = 1> <Delay = 1.82> <FuncUnit> <Opcode : 'add' 'sub'> <InPorts = 2> <OutPorts = 1>
ST_1 : Operation 18 [1/1] (0.00ns)   --->   "%blocks = partselect i7 @_ssdm_op_PartSelect.i7.i9.i32.i32, i9 %add_ln169, i32 2, i32 8" [softmax_accel_hls.cc:169->softmax_accel_hls.cc:201]   --->   Operation 18 'partselect' 'blocks' <Predicate = true> <Delay = 0.00>
ST_1 : Operation 19 [1/1] (0.00ns)   --->   "%shl_ln = bitconcatenate i32 @_ssdm_op_BitConcatenate.i32.i28.i4, i28 %in_l_read, i4 0" [softmax_accel_hls.cc:204]   --->   Operation 19 'bitconcatenate' 'shl_ln' <Predicate = true> <Delay = 0.00>
ST_1 : Operation 20 [1/1] (0.00ns)   --->   "%zext_ln204 = zext i32 %shl_ln" [softmax_accel_hls.cc:204]   --->   Operation 20 'zext' 'zext_ln204' <Predicate = true> <Delay = 0.00>
ST_1 : Operation 21 [1/1] (3.52ns)   --->   "%add_ln204 = add i64 %zext_ln204, i64 %mem_read" [softmax_accel_hls.cc:204]   --->   Operation 21 'add' 'add_ln204' <Predicate = true> <Delay = 3.52> <CoreInst = "Adder">   --->   Core 1 'Adder' <Latency = 0> <II = 1> <Delay = 3.52> <FuncUnit> <Opcode : 'add' 'sub'> <InPorts = 2> <OutPorts = 1>
ST_1 : Operation 22 [1/1] (0.00ns)   --->   "%trunc_ln = partselect i60 @_ssdm_op_PartSelect.i60.i64.i32.i32, i64 %add_ln204, i32 4, i32 63" [softmax_accel_hls.cc:204]   --->   Operation 22 'partselect' 'trunc_ln' <Predicate = true> <Delay = 0.00>

State 2 <SV = 1> <Delay = 8.61>
ST_2 : Operation 23 [1/1] (0.00ns)   --->   "%wide_trip_count = zext i7 %blocks" [softmax_accel_hls.cc:169->softmax_accel_hls.cc:201]   --->   Operation 23 'zext' 'wide_trip_count' <Predicate = true> <Delay = 0.00>
ST_2 : Operation 24 [1/1] (0.00ns)   --->   "%sext_ln204 = sext i60 %trunc_ln" [softmax_accel_hls.cc:204]   --->   Operation 24 'sext' 'sext_ln204' <Predicate = true> <Delay = 0.00>
ST_2 : Operation 25 [1/1] (0.00ns)   --->   "%gmem_addr = getelementptr i128 %gmem, i64 %sext_ln204" [softmax_accel_hls.cc:204]   --->   Operation 25 'getelementptr' 'gmem_addr' <Predicate = true> <Delay = 0.00>
ST_2 : Operation 26 [8/8] (8.61ns)   --->   "%empty = readreq i1 @_ssdm_op_ReadReq.m_axi.p1i128, i128 %gmem_addr, i64 %wide_trip_count" [softmax_accel_hls.cc:204]   --->   Operation 26 'readreq' 'empty' <Predicate = true> <Delay = 8.61> <CoreInst = "m_axi">   --->   Core 111 'm_axi' <Latency = 6> <II = 1> <Delay = 1.00> <Adapter> <Opcode : 'read' 'write' 'readreq' 'writereq' 'writeresp'>

State 3 <SV = 2> <Delay = 8.61>
ST_3 : Operation 27 [7/8] (8.61ns)   --->   "%empty = readreq i1 @_ssdm_op_ReadReq.m_axi.p1i128, i128 %gmem_addr, i64 %wide_trip_count" [softmax_accel_hls.cc:204]   --->   Operation 27 'readreq' 'empty' <Predicate = true> <Delay = 8.61> <CoreInst = "m_axi">   --->   Core 111 'm_axi' <Latency = 6> <II = 1> <Delay = 1.00> <Adapter> <Opcode : 'read' 'write' 'readreq' 'writereq' 'writeresp'>

State 4 <SV = 3> <Delay = 8.61>
ST_4 : Operation 28 [6/8] (8.61ns)   --->   "%empty = readreq i1 @_ssdm_op_ReadReq.m_axi.p1i128, i128 %gmem_addr, i64 %wide_trip_count" [softmax_accel_hls.cc:204]   --->   Operation 28 'readreq' 'empty' <Predicate = true> <Delay = 8.61> <CoreInst = "m_axi">   --->   Core 111 'm_axi' <Latency = 6> <II = 1> <Delay = 1.00> <Adapter> <Opcode : 'read' 'write' 'readreq' 'writereq' 'writeresp'>

State 5 <SV = 4> <Delay = 8.61>
ST_5 : Operation 29 [5/8] (8.61ns)   --->   "%empty = readreq i1 @_ssdm_op_ReadReq.m_axi.p1i128, i128 %gmem_addr, i64 %wide_trip_count" [softmax_accel_hls.cc:204]   --->   Operation 29 'readreq' 'empty' <Predicate = true> <Delay = 8.61> <CoreInst = "m_axi">   --->   Core 111 'm_axi' <Latency = 6> <II = 1> <Delay = 1.00> <Adapter> <Opcode : 'read' 'write' 'readreq' 'writereq' 'writeresp'>

State 6 <SV = 5> <Delay = 8.61>
ST_6 : Operation 30 [4/8] (8.61ns)   --->   "%empty = readreq i1 @_ssdm_op_ReadReq.m_axi.p1i128, i128 %gmem_addr, i64 %wide_trip_count" [softmax_accel_hls.cc:204]   --->   Operation 30 'readreq' 'empty' <Predicate = true> <Delay = 8.61> <CoreInst = "m_axi">   --->   Core 111 'm_axi' <Latency = 6> <II = 1> <Delay = 1.00> <Adapter> <Opcode : 'read' 'write' 'readreq' 'writereq' 'writeresp'>

State 7 <SV = 6> <Delay = 8.61>
ST_7 : Operation 31 [3/8] (8.61ns)   --->   "%empty = readreq i1 @_ssdm_op_ReadReq.m_axi.p1i128, i128 %gmem_addr, i64 %wide_trip_count" [softmax_accel_hls.cc:204]   --->   Operation 31 'readreq' 'empty' <Predicate = true> <Delay = 8.61> <CoreInst = "m_axi">   --->   Core 111 'm_axi' <Latency = 6> <II = 1> <Delay = 1.00> <Adapter> <Opcode : 'read' 'write' 'readreq' 'writereq' 'writeresp'>

State 8 <SV = 7> <Delay = 8.61>
ST_8 : Operation 32 [2/8] (8.61ns)   --->   "%empty = readreq i1 @_ssdm_op_ReadReq.m_axi.p1i128, i128 %gmem_addr, i64 %wide_trip_count" [softmax_accel_hls.cc:204]   --->   Operation 32 'readreq' 'empty' <Predicate = true> <Delay = 8.61> <CoreInst = "m_axi">   --->   Core 111 'm_axi' <Latency = 6> <II = 1> <Delay = 1.00> <Adapter> <Opcode : 'read' 'write' 'readreq' 'writereq' 'writeresp'>

State 9 <SV = 8> <Delay = 8.61>
ST_9 : Operation 33 [1/8] (8.61ns)   --->   "%empty = readreq i1 @_ssdm_op_ReadReq.m_axi.p1i128, i128 %gmem_addr, i64 %wide_trip_count" [softmax_accel_hls.cc:204]   --->   Operation 33 'readreq' 'empty' <Predicate = true> <Delay = 8.61> <CoreInst = "m_axi">   --->   Core 111 'm_axi' <Latency = 6> <II = 1> <Delay = 1.00> <Adapter> <Opcode : 'read' 'write' 'readreq' 'writereq' 'writeresp'>

State 10 <SV = 9> <Delay = 3.45>
ST_10 : Operation 34 [2/2] (3.45ns)   --->   "%call_ln169 = call void @load_logits_and_find_max_Pipeline_load_loop, i7 %blocks, i9 %n_read, i128 %gmem, i60 %trunc_ln, i32 %logits_buf_3, i32 %logits_buf_2, i32 %logits_buf_1, i32 %logits_buf_0, i32 %max_x_loc" [softmax_accel_hls.cc:169->softmax_accel_hls.cc:201]   --->   Operation 34 'call' 'call_ln169' <Predicate = true> <Delay = 3.45> <CoreType = "Generic">   --->   Generic Core

State 11 <SV = 10> <Delay = 0.00>
ST_11 : Operation 35 [1/2] (0.00ns)   --->   "%call_ln169 = call void @load_logits_and_find_max_Pipeline_load_loop, i7 %blocks, i9 %n_read, i128 %gmem, i60 %trunc_ln, i32 %logits_buf_3, i32 %logits_buf_2, i32 %logits_buf_1, i32 %logits_buf_0, i32 %max_x_loc" [softmax_accel_hls.cc:169->softmax_accel_hls.cc:201]   --->   Operation 35 'call' 'call_ln169' <Predicate = true> <Delay = 0.00> <CoreType = "Generic">   --->   Generic Core

State 12 <SV = 11> <Delay = 0.00>
ST_12 : Operation 36 [1/1] (0.00ns)   --->   "%specmemcore_ln0 = specmemcore void @_ssdm_op_SpecMemCore, i32 %logits_buf_0, i64 666, i64 22, i64 18446744073709551615"   --->   Operation 36 'specmemcore' 'specmemcore_ln0' <Predicate = true> <Delay = 0.00>
ST_12 : Operation 37 [1/1] (0.00ns)   --->   "%specmemcore_ln0 = specmemcore void @_ssdm_op_SpecMemCore, i32 %logits_buf_1, i64 666, i64 22, i64 18446744073709551615"   --->   Operation 37 'specmemcore' 'specmemcore_ln0' <Predicate = true> <Delay = 0.00>
ST_12 : Operation 38 [1/1] (0.00ns)   --->   "%specmemcore_ln0 = specmemcore void @_ssdm_op_SpecMemCore, i32 %logits_buf_2, i64 666, i64 22, i64 18446744073709551615"   --->   Operation 38 'specmemcore' 'specmemcore_ln0' <Predicate = true> <Delay = 0.00>
ST_12 : Operation 39 [1/1] (0.00ns)   --->   "%specmemcore_ln0 = specmemcore void @_ssdm_op_SpecMemCore, i32 %logits_buf_3, i64 666, i64 22, i64 18446744073709551615"   --->   Operation 39 'specmemcore' 'specmemcore_ln0' <Predicate = true> <Delay = 0.00>
ST_12 : Operation 40 [1/1] (0.00ns)   --->   "%specinterface_ln0 = specinterface void @_ssdm_op_SpecInterface, i128 %gmem, void @empty_0, i32 0, i32 0, void @empty_1, i32 0, i32 4096, void @empty_2, void @empty_3, void @empty_1, i32 16, i32 16, i32 16, i32 16, void @empty_1, void @empty_1, i32 4294967295, i32 0, i32 0"   --->   Operation 40 'specinterface' 'specinterface_ln0' <Predicate = true> <Delay = 0.00>
ST_12 : Operation 41 [1/1] (0.00ns)   --->   "%max_x_loc_load = load i32 %max_x_loc"   --->   Operation 41 'load' 'max_x_loc_load' <Predicate = true> <Delay = 0.00>
ST_12 : Operation 42 [1/1] (0.00ns)   --->   "%ret_ln243 = ret i32 %max_x_loc_load" [softmax_accel_hls.cc:243]   --->   Operation 42 'ret' 'ret_ln243' <Predicate = true> <Delay = 0.00>


============================================================
+ Verbose Summary: Binding
============================================================
STG Binding: 
---------------- STG Properties BEGIN ----------------
- Is combinational: 0
- Is one-state seq: 0
- Is datapath-only: 0
- Is pipelined: 0
- Is top level: 0
Port [ Return ] is wired: 1; IO mode=ap_ctrl_hs:ce=0
Port [ gmem]:  wired=1; compound=1; hidden=0; nouse=0; global=0; static=0; extern=0; dir=0; type=4; pingpong=0; private_global=0; IO mode=m_axi:ce=0
Port [ mem]:  wired=1; compound=0; hidden=0; nouse=0; global=0; static=0; extern=0; dir=0; type=0; pingpong=0; private_global=0; IO mode=ap_none:ce=0
Port [ in_l]:  wired=1; compound=0; hidden=0; nouse=0; global=0; static=0; extern=0; dir=0; type=0; pingpong=0; private_global=0; IO mode=ap_none:ce=0
Port [ n]:  wired=1; compound=0; hidden=0; nouse=0; global=0; static=0; extern=0; dir=0; type=0; pingpong=0; private_global=0; IO mode=ap_none:ce=0
Port [ logits_buf_0]:  wired=1; compound=1; hidden=0; nouse=0; global=0; static=0; extern=0; dir=1; type=1; pingpong=0; private_global=0; MemPort=[30]; IO mode=ap_memory:ce=0
Port [ logits_buf_1]:  wired=1; compound=1; hidden=0; nouse=0; global=0; static=0; extern=0; dir=1; type=1; pingpong=0; private_global=0; MemPort=[30]; IO mode=ap_memory:ce=0
Port [ logits_buf_2]:  wired=1; compound=1; hidden=0; nouse=0; global=0; static=0; extern=0; dir=1; type=1; pingpong=0; private_global=0; MemPort=[30]; IO mode=ap_memory:ce=0
Port [ logits_buf_3]:  wired=1; compound=1; hidden=0; nouse=0; global=0; static=0; extern=0; dir=1; type=1; pingpong=0; private_global=0; MemPort=[30]; IO mode=ap_memory:ce=0
---------------- STG Properties END ------------------

---------------- Datapath Model BEGIN ----------------

<LifeTime>
<method=bitvector/>
n_read            (read          ) [ 0011111111110]
in_l_read         (read          ) [ 0000000000000]
mem_read          (read          ) [ 0000000000000]
max_x_loc         (alloca        ) [ 0011111111111]
add_ln169         (add           ) [ 0000000000000]
blocks            (partselect    ) [ 0011111111110]
shl_ln            (bitconcatenate) [ 0000000000000]
zext_ln204        (zext          ) [ 0000000000000]
add_ln204         (add           ) [ 0000000000000]
trunc_ln          (partselect    ) [ 0011111111110]
wide_trip_count   (zext          ) [ 0001111111000]
sext_ln204        (sext          ) [ 0000000000000]
gmem_addr         (getelementptr ) [ 0001111111000]
empty             (readreq       ) [ 0000000000000]
call_ln169        (call          ) [ 0000000000000]
specmemcore_ln0   (specmemcore   ) [ 0000000000000]
specmemcore_ln0   (specmemcore   ) [ 0000000000000]
specmemcore_ln0   (specmemcore   ) [ 0000000000000]
specmemcore_ln0   (specmemcore   ) [ 0000000000000]
specinterface_ln0 (specinterface ) [ 0000000000000]
max_x_loc_load    (load          ) [ 0000000000000]
ret_ln243         (ret           ) [ 0000000000000]
</LifeTime>

<model>

<comp_list>
<comp id="0" class="1000" name="gmem">
<pin_list>
<pin id="1" dir="1" index="0" bw="1" slack="0"/>
</pin_list>
<bind>
<StgValue><ssdm name="gmem"/><MemPortTyVec>0 </MemPortTyVec>
</StgValue>
</bind>
</comp>

<comp id="2" class="1000" name="mem">
<pin_list>
<pin id="3" dir="1" index="0" bw="1" slack="0"/>
</pin_list>
<bind>
<StgValue><ssdm name="mem"/></StgValue>
</bind>
</comp>

<comp id="4" class="1000" name="in_l">
<pin_list>
<pin id="5" dir="1" index="0" bw="1" slack="0"/>
</pin_list>
<bind>
<StgValue><ssdm name="in_l"/></StgValue>
</bind>
</comp>

<comp id="6" class="1000" name="n">
<pin_list>
<pin id="7" dir="1" index="0" bw="1" slack="0"/>
</pin_list>
<bind>
<StgValue><ssdm name="n"/></StgValue>
</bind>
</comp>

<comp id="8" class="1000" name="logits_buf_0">
<pin_list>
<pin id="9" dir="1" index="0" bw="1" slack="0"/>
</pin_list>
<bind>
<StgValue><ssdm name="logits_buf_0"/><MemPortTyVec>3 0 </MemPortTyVec>
</StgValue>
</bind>
</comp>

<comp id="10" class="1000" name="logits_buf_1">
<pin_list>
<pin id="11" dir="1" index="0" bw="1" slack="0"/>
</pin_list>
<bind>
<StgValue><ssdm name="logits_buf_1"/><MemPortTyVec>3 0 </MemPortTyVec>
</StgValue>
</bind>
</comp>

<comp id="12" class="1000" name="logits_buf_2">
<pin_list>
<pin id="13" dir="1" index="0" bw="1" slack="0"/>
</pin_list>
<bind>
<StgValue><ssdm name="logits_buf_2"/><MemPortTyVec>3 0 </MemPortTyVec>
</StgValue>
</bind>
</comp>

<comp id="14" class="1000" name="logits_buf_3">
<pin_list>
<pin id="15" dir="1" index="0" bw="1" slack="0"/>
</pin_list>
<bind>
<StgValue><ssdm name="logits_buf_3"/><MemPortTyVec>3 0 </MemPortTyVec>
</StgValue>
</bind>
</comp>

<comp id="16" class="1001" name="const_16">
<pin_list>
<pin id="17" dir="1" index="0" bw="1" slack="0"/>
</pin_list>
<bind>
<StgValue><ssdm name="_ssdm_op_Read.ap_auto.i9"/></StgValue>
</bind>
</comp>

<comp id="18" class="1001" name="const_18">
<pin_list>
<pin id="19" dir="1" index="0" bw="1" slack="0"/>
</pin_list>
<bind>
<StgValue><ssdm name="_ssdm_op_Read.ap_auto.i28"/></StgValue>
</bind>
</comp>

<comp id="20" class="1001" name="const_20">
<pin_list>
<pin id="21" dir="1" index="0" bw="1" slack="0"/>
</pin_list>
<bind>
<StgValue><ssdm name="_ssdm_op_Read.ap_auto.i64"/></StgValue>
</bind>
</comp>

<comp id="22" class="1001" name="const_22">
<pin_list>
<pin id="23" dir="1" index="0" bw="1" slack="0"/>
</pin_list>
<bind>
<StgValue><ssdm name=""/></StgValue>
</bind>
</comp>

<comp id="24" class="1001" name="const_24">
<pin_list>
<pin id="25" dir="1" index="0" bw="1" slack="0"/>
</pin_list>
<bind>
<StgValue><ssdm name=""/></StgValue>
</bind>
</comp>

<comp id="26" class="1001" name="const_26">
<pin_list>
<pin id="27" dir="1" index="0" bw="1" slack="0"/>
</pin_list>
<bind>
<StgValue><ssdm name="_ssdm_op_PartSelect.i7.i9.i32.i32"/></StgValue>
</bind>
</comp>

<comp id="28" class="1001" name="const_28">
<pin_list>
<pin id="29" dir="1" index="0" bw="1" slack="0"/>
</pin_list>
<bind>
<StgValue><ssdm name=""/></StgValue>
</bind>
</comp>

<comp id="30" class="1001" name="const_30">
<pin_list>
<pin id="31" dir="1" index="0" bw="1" slack="0"/>
</pin_list>
<bind>
<StgValue><ssdm name=""/></StgValue>
</bind>
</comp>

<comp id="32" class="1001" name="const_32">
<pin_list>
<pin id="33" dir="1" index="0" bw="1" slack="0"/>
</pin_list>
<bind>
<StgValue><ssdm name="_ssdm_op_BitConcatenate.i32.i28.i4"/></StgValue>
</bind>
</comp>

<comp id="34" class="1001" name="const_34">
<pin_list>
<pin id="35" dir="1" index="0" bw="1" slack="0"/>
</pin_list>
<bind>
<StgValue><ssdm name=""/></StgValue>
</bind>
</comp>

<comp id="36" class="1001" name="const_36">
<pin_list>
<pin id="37" dir="1" index="0" bw="1" slack="0"/>
</pin_list>
<bind>
<StgValue><ssdm name="_ssdm_op_PartSelect.i60.i64.i32.i32"/></StgValue>
</bind>
</comp>

<comp id="38" class="1001" name="const_38">
<pin_list>
<pin id="39" dir="1" index="0" bw="1" slack="0"/>
</pin_list>
<bind>
<StgValue><ssdm name=""/></StgValue>
</bind>
</comp>

<comp id="40" class="1001" name="const_40">
<pin_list>
<pin id="41" dir="1" index="0" bw="1" slack="0"/>
</pin_list>
<bind>
<StgValue><ssdm name=""/></StgValue>
</bind>
</comp>

<comp id="42" class="1001" name="const_42">
<pin_list>
<pin id="43" dir="1" index="0" bw="1" slack="0"/>
</pin_list>
<bind>
<StgValue><ssdm name="_ssdm_op_ReadReq.m_axi.p1i128"/></StgValue>
</bind>
</comp>

<comp id="44" class="1001" name="const_44">
<pin_list>
<pin id="45" dir="1" index="0" bw="1" slack="0"/>
</pin_list>
<bind>
<StgValue><ssdm name="load_logits_and_find_max_Pipeline_load_loop"/></StgValue>
</bind>
</comp>

<comp id="46" class="1001" name="const_46">
<pin_list>
<pin id="47" dir="1" index="0" bw="1" slack="2147483647"/>
</pin_list>
<bind>
<StgValue><ssdm name="_ssdm_op_SpecMemCore"/></StgValue>
</bind>
</comp>

<comp id="48" class="1001" name="const_48">
<pin_list>
<pin id="49" dir="1" index="0" bw="1" slack="2147483647"/>
</pin_list>
<bind>
<StgValue><ssdm name=""/></StgValue>
</bind>
</comp>

<comp id="50" class="1001" name="const_50">
<pin_list>
<pin id="51" dir="1" index="0" bw="1" slack="2147483647"/>
</pin_list>
<bind>
<StgValue><ssdm name=""/></StgValue>
</bind>
</comp>

<comp id="52" class="1001" name="const_52">
<pin_list>
<pin id="53" dir="1" index="0" bw="1" slack="2147483647"/>
</pin_list>
<bind>
<StgValue><ssdm name=""/></StgValue>
</bind>
</comp>

<comp id="54" class="1001" name="const_54">
<pin_list>
<pin id="55" dir="1" index="0" bw="1" slack="2147483647"/>
</pin_list>
<bind>
<StgValue><ssdm name="_ssdm_op_SpecInterface"/></StgValue>
</bind>
</comp>

<comp id="56" class="1001" name="const_56">
<pin_list>
<pin id="57" dir="1" index="0" bw="1" slack="2147483647"/>
</pin_list>
<bind>
<StgValue><ssdm name="empty_0"/></StgValue>
</bind>
</comp>

<comp id="58" class="1001" name="const_58">
<pin_list>
<pin id="59" dir="1" index="0" bw="1" slack="2147483647"/>
</pin_list>
<bind>
<StgValue><ssdm name=""/></StgValue>
</bind>
</comp>

<comp id="60" class="1001" name="const_60">
<pin_list>
<pin id="61" dir="1" index="0" bw="1" slack="2147483647"/>
</pin_list>
<bind>
<StgValue><ssdm name="empty_1"/></StgValue>
</bind>
</comp>

<comp id="62" class="1001" name="const_62">
<pin_list>
<pin id="63" dir="1" index="0" bw="1" slack="2147483647"/>
</pin_list>
<bind>
<StgValue><ssdm name=""/></StgValue>
</bind>
</comp>

<comp id="64" class="1001" name="const_64">
<pin_list>
<pin id="65" dir="1" index="0" bw="1" slack="2147483647"/>
</pin_list>
<bind>
<StgValue><ssdm name="empty_2"/></StgValue>
</bind>
</comp>

<comp id="66" class="1001" name="const_66">
<pin_list>
<pin id="67" dir="1" index="0" bw="1" slack="2147483647"/>
</pin_list>
<bind>
<StgValue><ssdm name="empty_3"/></StgValue>
</bind>
</comp>

<comp id="68" class="1001" name="const_68">
<pin_list>
<pin id="69" dir="1" index="0" bw="1" slack="2147483647"/>
</pin_list>
<bind>
<StgValue><ssdm name=""/></StgValue>
</bind>
</comp>

<comp id="70" class="1001" name="const_70">
<pin_list>
<pin id="71" dir="1" index="0" bw="1" slack="2147483647"/>
</pin_list>
<bind>
<StgValue><ssdm name=""/></StgValue>
</bind>
</comp>

<comp id="72" class="1004" name="max_x_loc_fu_72">
<pin_list>
<pin id="73" dir="0" index="0" bw="1" slack="0"/>
<pin id="74" dir="1" index="1" bw="32" slack="9"/>
</pin_list>
<bind>
<opcode="alloca(26) " fcode="alloca"/>
<opset="max_x_loc/1 "/>
</bind>
</comp>

<comp id="76" class="1004" name="n_read_read_fu_76">
<pin_list>
<pin id="77" dir="0" index="0" bw="9" slack="0"/>
<pin id="78" dir="0" index="1" bw="9" slack="0"/>
<pin id="79" dir="1" index="2" bw="9" slack="0"/>
</pin_list>
<bind>
<opcode="read(1150) " fcode="read"/>
<opset="n_read/1 "/>
</bind>
</comp>

<comp id="82" class="1004" name="in_l_read_read_fu_82">
<pin_list>
<pin id="83" dir="0" index="0" bw="28" slack="0"/>
<pin id="84" dir="0" index="1" bw="28" slack="0"/>
<pin id="85" dir="1" index="2" bw="28" slack="0"/>
</pin_list>
<bind>
<opcode="read(1150) " fcode="read"/>
<opset="in_l_read/1 "/>
</bind>
</comp>

<comp id="88" class="1004" name="mem_read_read_fu_88">
<pin_list>
<pin id="89" dir="0" index="0" bw="64" slack="0"/>
<pin id="90" dir="0" index="1" bw="64" slack="0"/>
<pin id="91" dir="1" index="2" bw="64" slack="0"/>
</pin_list>
<bind>
<opcode="read(1150) " fcode="read"/>
<opset="mem_read/1 "/>
</bind>
</comp>

<comp id="94" class="1004" name="grp_readreq_fu_94">
<pin_list>
<pin id="95" dir="0" index="0" bw="1" slack="0"/>
<pin id="96" dir="0" index="1" bw="128" slack="0"/>
<pin id="97" dir="0" index="2" bw="7" slack="0"/>
<pin id="98" dir="1" index="3" bw="1" slack="2147483647"/>
</pin_list>
<bind>
<opcode="readreq(1154) " fcode="readreq"/>
<opset="empty/2 "/>
</bind>
</comp>

<comp id="100" class="1004" name="grp_load_logits_and_find_max_Pipeline_load_loop_fu_100">
<pin_list>
<pin id="101" dir="0" index="0" bw="0" slack="0"/>
<pin id="102" dir="0" index="1" bw="7" slack="9"/>
<pin id="103" dir="0" index="2" bw="9" slack="9"/>
<pin id="104" dir="0" index="3" bw="128" slack="0"/>
<pin id="105" dir="0" index="4" bw="60" slack="9"/>
<pin id="106" dir="0" index="5" bw="32" slack="0"/>
<pin id="107" dir="0" index="6" bw="32" slack="0"/>
<pin id="108" dir="0" index="7" bw="32" slack="0"/>
<pin id="109" dir="0" index="8" bw="32" slack="0"/>
<pin id="110" dir="0" index="9" bw="32" slack="9"/>
<pin id="111" dir="1" index="10" bw="0" slack="2147483647"/>
</pin_list>
<bind>
<opcode="call(48) " fcode="call"/>
<opset="call_ln169/10 "/>
</bind>
</comp>

<comp id="118" class="1004" name="add_ln169_fu_118">
<pin_list>
<pin id="119" dir="0" index="0" bw="9" slack="0"/>
<pin id="120" dir="0" index="1" bw="3" slack="0"/>
<pin id="121" dir="1" index="2" bw="9" slack="0"/>
</pin_list>
<bind>
<opcode="add(8) " fcode="add"/>
<opset="add_ln169/1 "/>
</bind>
</comp>

<comp id="124" class="1004" name="blocks_fu_124">
<pin_list>
<pin id="125" dir="0" index="0" bw="7" slack="0"/>
<pin id="126" dir="0" index="1" bw="9" slack="0"/>
<pin id="127" dir="0" index="2" bw="3" slack="0"/>
<pin id="128" dir="0" index="3" bw="5" slack="0"/>
<pin id="129" dir="1" index="4" bw="7" slack="1"/>
</pin_list>
<bind>
<opcode="partselect(1002) " fcode="partselect"/>
<opset="blocks/1 "/>
</bind>
</comp>

<comp id="134" class="1004" name="shl_ln_fu_134">
<pin_list>
<pin id="135" dir="0" index="0" bw="32" slack="0"/>
<pin id="136" dir="0" index="1" bw="28" slack="0"/>
<pin id="137" dir="0" index="2" bw="1" slack="0"/>
<pin id="138" dir="1" index="3" bw="32" slack="0"/>
</pin_list>
<bind>
<opcode="bitconcatenate(1004) " fcode="bitconcatenate"/>
<opset="shl_ln/1 "/>
</bind>
</comp>

<comp id="142" class="1004" name="zext_ln204_fu_142">
<pin_list>
<pin id="143" dir="0" index="0" bw="32" slack="0"/>
<pin id="144" dir="1" index="1" bw="64" slack="0"/>
</pin_list>
<bind>
<opcode="zext(34) " fcode="zext"/>
<opset="zext_ln204/1 "/>
</bind>
</comp>

<comp id="146" class="1004" name="add_ln204_fu_146">
<pin_list>
<pin id="147" dir="0" index="0" bw="32" slack="0"/>
<pin id="148" dir="0" index="1" bw="64" slack="0"/>
<pin id="149" dir="1" index="2" bw="64" slack="0"/>
</pin_list>
<bind>
<opcode="add(8) " fcode="add"/>
<opset="add_ln204/1 "/>
</bind>
</comp>

<comp id="152" class="1004" name="trunc_ln_fu_152">
<pin_list>
<pin id="153" dir="0" index="0" bw="60" slack="0"/>
<pin id="154" dir="0" index="1" bw="64" slack="0"/>
<pin id="155" dir="0" index="2" bw="4" slack="0"/>
<pin id="156" dir="0" index="3" bw="7" slack="0"/>
<pin id="157" dir="1" index="4" bw="60" slack="1"/>
</pin_list>
<bind>
<opcode="partselect(1002) " fcode="partselect"/>
<opset="trunc_ln/1 "/>
</bind>
</comp>

<comp id="162" class="1004" name="wide_trip_count_fu_162">
<pin_list>
<pin id="163" dir="0" index="0" bw="7" slack="1"/>
<pin id="164" dir="1" index="1" bw="64" slack="0"/>
</pin_list>
<bind>
<opcode="zext(34) " fcode="zext"/>
<opset="wide_trip_count/2 "/>
</bind>
</comp>

<comp id="166" class="1004" name="sext_ln204_fu_166">
<pin_list>
<pin id="167" dir="0" index="0" bw="60" slack="1"/>
<pin id="168" dir="1" index="1" bw="64" slack="0"/>
</pin_list>
<bind>
<opcode="sext(35) " fcode="sext"/>
<opset="sext_ln204/2 "/>
</bind>
</comp>

<comp id="169" class="1004" name="gmem_addr_fu_169">
<pin_list>
<pin id="170" dir="0" index="0" bw="128" slack="0"/>
<pin id="171" dir="0" index="1" bw="60" slack="0"/>
<pin id="172" dir="1" index="2" bw="128" slack="0"/>
</pin_list>
<bind>
<opcode="getelementptr(29) " fcode="getelementptr"/>
<opset="gmem_addr/2 "/>
</bind>
</comp>

<comp id="176" class="1004" name="max_x_loc_load_load_fu_176">
<pin_list>
<pin id="177" dir="0" index="0" bw="32" slack="11"/>
<pin id="178" dir="1" index="1" bw="32" slack="2147483647"/>
</pin_list>
<bind>
<opcode="load(27) " fcode="load"/>
<opset="max_x_loc_load/12 "/>
</bind>
</comp>

<comp id="179" class="1005" name="n_read_reg_179">
<pin_list>
<pin id="180" dir="0" index="0" bw="9" slack="9"/>
<pin id="181" dir="1" index="1" bw="9" slack="9"/>
</pin_list>
<bind>
<opset="n_read "/>
</bind>
</comp>

<comp id="184" class="1005" name="max_x_loc_reg_184">
<pin_list>
<pin id="185" dir="0" index="0" bw="32" slack="9"/>
<pin id="186" dir="1" index="1" bw="32" slack="9"/>
</pin_list>
<bind>
<opset="max_x_loc "/>
</bind>
</comp>

<comp id="190" class="1005" name="blocks_reg_190">
<pin_list>
<pin id="191" dir="0" index="0" bw="7" slack="1"/>
<pin id="192" dir="1" index="1" bw="7" slack="1"/>
</pin_list>
<bind>
<opset="blocks "/>
</bind>
</comp>

<comp id="196" class="1005" name="trunc_ln_reg_196">
<pin_list>
<pin id="197" dir="0" index="0" bw="60" slack="1"/>
<pin id="198" dir="1" index="1" bw="60" slack="1"/>
</pin_list>
<bind>
<opset="trunc_ln "/>
</bind>
</comp>

<comp id="202" class="1005" name="wide_trip_count_reg_202">
<pin_list>
<pin id="203" dir="0" index="0" bw="64" slack="1"/>
<pin id="204" dir="1" index="1" bw="64" slack="1"/>
</pin_list>
<bind>
<opset="wide_trip_count "/>
</bind>
</comp>

<comp id="207" class="1005" name="gmem_addr_reg_207">
<pin_list>
<pin id="208" dir="0" index="0" bw="128" slack="1"/>
<pin id="209" dir="1" index="1" bw="128" slack="1"/>
</pin_list>
<bind>
<opset="gmem_addr "/>
</bind>
</comp>

</comp_list>

<net_list>
<net id="75"><net_src comp="22" pin="0"/><net_sink comp="72" pin=0"/></net>

<net id="80"><net_src comp="16" pin="0"/><net_sink comp="76" pin=0"/></net>

<net id="81"><net_src comp="6" pin="0"/><net_sink comp="76" pin=1"/></net>

<net id="86"><net_src comp="18" pin="0"/><net_sink comp="82" pin=0"/></net>

<net id="87"><net_src comp="4" pin="0"/><net_sink comp="82" pin=1"/></net>

<net id="92"><net_src comp="20" pin="0"/><net_sink comp="88" pin=0"/></net>

<net id="93"><net_src comp="2" pin="0"/><net_sink comp="88" pin=1"/></net>

<net id="99"><net_src comp="42" pin="0"/><net_sink comp="94" pin=0"/></net>

<net id="112"><net_src comp="44" pin="0"/><net_sink comp="100" pin=0"/></net>

<net id="113"><net_src comp="0" pin="0"/><net_sink comp="100" pin=3"/></net>

<net id="114"><net_src comp="14" pin="0"/><net_sink comp="100" pin=5"/></net>

<net id="115"><net_src comp="12" pin="0"/><net_sink comp="100" pin=6"/></net>

<net id="116"><net_src comp="10" pin="0"/><net_sink comp="100" pin=7"/></net>

<net id="117"><net_src comp="8" pin="0"/><net_sink comp="100" pin=8"/></net>

<net id="122"><net_src comp="76" pin="2"/><net_sink comp="118" pin=0"/></net>

<net id="123"><net_src comp="24" pin="0"/><net_sink comp="118" pin=1"/></net>

<net id="130"><net_src comp="26" pin="0"/><net_sink comp="124" pin=0"/></net>

<net id="131"><net_src comp="118" pin="2"/><net_sink comp="124" pin=1"/></net>

<net id="132"><net_src comp="28" pin="0"/><net_sink comp="124" pin=2"/></net>

<net id="133"><net_src comp="30" pin="0"/><net_sink comp="124" pin=3"/></net>

<net id="139"><net_src comp="32" pin="0"/><net_sink comp="134" pin=0"/></net>

<net id="140"><net_src comp="82" pin="2"/><net_sink comp="134" pin=1"/></net>

<net id="141"><net_src comp="34" pin="0"/><net_sink comp="134" pin=2"/></net>

<net id="145"><net_src comp="134" pin="3"/><net_sink comp="142" pin=0"/></net>

<net id="150"><net_src comp="142" pin="1"/><net_sink comp="146" pin=0"/></net>

<net id="151"><net_src comp="88" pin="2"/><net_sink comp="146" pin=1"/></net>

<net id="158"><net_src comp="36" pin="0"/><net_sink comp="152" pin=0"/></net>

<net id="159"><net_src comp="146" pin="2"/><net_sink comp="152" pin=1"/></net>

<net id="160"><net_src comp="38" pin="0"/><net_sink comp="152" pin=2"/></net>

<net id="161"><net_src comp="40" pin="0"/><net_sink comp="152" pin=3"/></net>

<net id="165"><net_src comp="162" pin="1"/><net_sink comp="94" pin=2"/></net>

<net id="173"><net_src comp="0" pin="0"/><net_sink comp="169" pin=0"/></net>

<net id="174"><net_src comp="166" pin="1"/><net_sink comp="169" pin=1"/></net>

<net id="175"><net_src comp="169" pin="2"/><net_sink comp="94" pin=1"/></net>

<net id="182"><net_src comp="76" pin="2"/><net_sink comp="179" pin=0"/></net>

<net id="183"><net_src comp="179" pin="1"/><net_sink comp="100" pin=2"/></net>

<net id="187"><net_src comp="72" pin="1"/><net_sink comp="184" pin=0"/></net>

<net id="188"><net_src comp="184" pin="1"/><net_sink comp="100" pin=9"/></net>

<net id="189"><net_src comp="184" pin="1"/><net_sink comp="176" pin=0"/></net>

<net id="193"><net_src comp="124" pin="4"/><net_sink comp="190" pin=0"/></net>

<net id="194"><net_src comp="190" pin="1"/><net_sink comp="162" pin=0"/></net>

<net id="195"><net_src comp="190" pin="1"/><net_sink comp="100" pin=1"/></net>

<net id="199"><net_src comp="152" pin="4"/><net_sink comp="196" pin=0"/></net>

<net id="200"><net_src comp="196" pin="1"/><net_sink comp="166" pin=0"/></net>

<net id="201"><net_src comp="196" pin="1"/><net_sink comp="100" pin=4"/></net>

<net id="205"><net_src comp="162" pin="1"/><net_sink comp="202" pin=0"/></net>

<net id="206"><net_src comp="202" pin="1"/><net_sink comp="94" pin=2"/></net>

<net id="210"><net_src comp="169" pin="2"/><net_sink comp="207" pin=0"/></net>

<net id="211"><net_src comp="207" pin="1"/><net_sink comp="94" pin=1"/></net>

</net_list>

</model> 
---------------- Datapath Model END ------------------

* FSMD analyzer results:
  - Output states:
	Port: logits_buf_0 | {10 11 }
	Port: logits_buf_1 | {10 11 }
	Port: logits_buf_2 | {10 11 }
	Port: logits_buf_3 | {10 11 }
 - Input state : 
	Port: load_logits_and_find_max : gmem | {2 3 4 5 6 7 8 9 10 11 }
	Port: load_logits_and_find_max : mem | {1 }
	Port: load_logits_and_find_max : in_l | {1 }
	Port: load_logits_and_find_max : n | {1 }
  - Chain level:
	State 1
		blocks : 1
		zext_ln204 : 1
		add_ln204 : 2
		trunc_ln : 3
	State 2
		gmem_addr : 1
		empty : 2
	State 3
	State 4
	State 5
	State 6
	State 7
	State 8
	State 9
	State 10
	State 11
	State 12
		ret_ln243 : 1


============================================================
+ Verbose Summary: Datapath Resource usage 
============================================================

* Functional unit list:
|----------|--------------------------------------------------------|---------|---------|---------|
| Operation|                     Functional Unit                    |  Delay  |    FF   |   LUT   |
|----------|--------------------------------------------------------|---------|---------|---------|
|   call   | grp_load_logits_and_find_max_Pipeline_load_loop_fu_100 |  1.588  |   542   |   512   |
|----------|--------------------------------------------------------|---------|---------|---------|
|    add   |                    add_ln169_fu_118                    |    0    |    0    |    14   |
|          |                    add_ln204_fu_146                    |    0    |    0    |    71   |
|----------|--------------------------------------------------------|---------|---------|---------|
|          |                    n_read_read_fu_76                   |    0    |    0    |    0    |
|   read   |                  in_l_read_read_fu_82                  |    0    |    0    |    0    |
|          |                   mem_read_read_fu_88                  |    0    |    0    |    0    |
|----------|--------------------------------------------------------|---------|---------|---------|
|  readreq |                    grp_readreq_fu_94                   |    0    |    0    |    0    |
|----------|--------------------------------------------------------|---------|---------|---------|
|partselect|                      blocks_fu_124                     |    0    |    0    |    0    |
|          |                     trunc_ln_fu_152                    |    0    |    0    |    0    |
|----------|--------------------------------------------------------|---------|---------|---------|
|bitconcatenate|                      shl_ln_fu_134                     |    0    |    0    |    0    |
|----------|--------------------------------------------------------|---------|---------|---------|
|   zext   |                    zext_ln204_fu_142                   |    0    |    0    |    0    |
|          |                 wide_trip_count_fu_162                 |    0    |    0    |    0    |
|----------|--------------------------------------------------------|---------|---------|---------|
|   sext   |                    sext_ln204_fu_166                   |    0    |    0    |    0    |
|----------|--------------------------------------------------------|---------|---------|---------|
|   Total  |                                                        |  1.588  |   542   |   597   |
|----------|--------------------------------------------------------|---------|---------|---------|

Memories:
N/A

* Register list:
+-----------------------+--------+
|                       |   FF   |
+-----------------------+--------+
|     blocks_reg_190    |    7   |
|   gmem_addr_reg_207   |   128  |
|   max_x_loc_reg_184   |   32   |
|     n_read_reg_179    |    9   |
|    trunc_ln_reg_196   |   60   |
|wide_trip_count_reg_202|   64   |
+-----------------------+--------+
|         Total         |   300  |
+-----------------------+--------+

* Multiplexer (MUX) list: 
|-------------------|------|------|------|--------||---------||---------||---------|
|        Comp       |  Pin | Size |  BW  | S x BW ||  Delay  ||    FF   ||   LUT   |
|-------------------|------|------|------|--------||---------||---------||---------|
| grp_readreq_fu_94 |  p1  |   2  |  128 |   256  ||    0    ||    9    |
| grp_readreq_fu_94 |  p2  |   2  |   7  |   14   ||    0    ||    9    |
|-------------------|------|------|------|--------||---------||---------||---------|
|       Total       |      |      |      |   270  ||  3.176  ||    0    ||    18   |
|-------------------|------|------|------|--------||---------||---------||---------|



* Summary:
+-----------+--------+--------+--------+
|           |  Delay |   FF   |   LUT  |
+-----------+--------+--------+--------+
|  Function |    1   |   542  |   597  |
|   Memory  |    -   |    -   |    -   |
|Multiplexer|    3   |    0   |   18   |
|  Register |    -   |   300  |    -   |
+-----------+--------+--------+--------+
|   Total   |    4   |   842  |   615  |
+-----------+--------+--------+--------+
