

================================================================
== Vitis HLS Report for 'load_logits_and_find_max_Pipeline_load_loop'
================================================================
* Date:           Sat Mar 14 14:59:13 2026

* Version:        2025.1 (Build 6135595 on May 21 2025)
* Project:        Prometheus_streaming_w4
* Solution:       hls (Vivado IP Flow Target)
* Product family: zynq
* Target device:  xc7z020-clg400-1


================================================================
== Performance Estimates
================================================================
+ Timing: 
    * Summary: 
    +--------+----------+----------+------------+
    |  Clock |  Target  | Estimated| Uncertainty|
    +--------+----------+----------+------------+
    |ap_clk  |  11.80 ns|  8.614 ns|     3.19 ns|
    +--------+----------+----------+------------+

+ Latency: 
    * Summary: 
    +---------+---------+-----------+----------+-----+-----+------------------------------------------------+
    |  Latency (cycles) |  Latency (absolute)  |  Interval |                    Pipeline                    |
    |   min   |   max   |    min    |    max   | min | max |                      Type                      |
    +---------+---------+-----------+----------+-----+-----+------------------------------------------------+
    |        6|       69|  70.800 ns|  0.814 us|    2|   65|  loop auto-rewind stp (delay=0 clock cycles(s))|
    +---------+---------+-----------+----------+-----+-----+------------------------------------------------+

    + Detail: 
        * Instance: 
        N/A

        * Loop: 
        +-------------+---------+---------+----------+-----------+-----------+--------+----------+
        |             |  Latency (cycles) | Iteration|  Initiation Interval  |  Trip  |          |
        |  Loop Name  |   min   |   max   |  Latency |  achieved |   target  |  Count | Pipelined|
        +-------------+---------+---------+----------+-----------+-----------+--------+----------+
        |- load_loop  |        4|       67|         5|          1|          1|  1 ~ 64|       yes|
        +-------------+---------+---------+----------+-----------+-----------+--------+----------+

============================================================
+ Verbose Summary: Synthesis Manager
============================================================
InlineROM: 1
ExposeGlobal: 0
============================================================
+ Verbose Summary: CDFG Model
============================================================
IsTopModel: 0
ResetActiveHigh: 1
IsCombinational: 0
IsDatapathOnly: 0
HasWiredReturn: 1
HasMFsm: 2
HasVarLatency: 1
IsPipeline: 0
IsRtlPipelined: 0
IsInstanceOverlapped: 0
IsDontTouch: 0
HasImplIP: 0
IsGatedGlobalClock: 0

+ Individual pipeline summary: 
  * Pipeline-0: initiation interval (II) = 1, depth = 5


============================================================
+ Verbose Summary: Schedule
============================================================
* Number of FSM states : 5
* Pipeline : 1
  Pipeline-0 : II = 1, D = 5, States = { 1 2 3 4 5 }
* Dataflow Pipeline: 0

* FSM state transitions: 
1 --> 2 
2 --> 3 
3 --> 4 
4 --> 5 
5 --> 

* FSM state operations: 

State 1 <SV = 0> <Delay = 5.04>
ST_1 : Operation 8 [1/1] (0.00ns)   --->   "%max_x = alloca i32 1" [softmax_accel_hls.cc:200]   --->   Operation 8 'alloca' 'max_x' <Predicate = true> <Delay = 0.00>
ST_1 : Operation 9 [1/1] (0.00ns)   --->   "%blk = alloca i32 1" [softmax_accel_hls.cc:204]   --->   Operation 9 'alloca' 'blk' <Predicate = true> <Delay = 0.00>
ST_1 : Operation 10 [1/1] (0.00ns)   --->   "%sext_ln204_read = read i60 @_ssdm_op_Read.ap_auto.i60, i60 %sext_ln204"   --->   Operation 10 'read' 'sext_ln204_read' <Predicate = true> <Delay = 0.00>
ST_1 : Operation 11 [1/1] (0.00ns)   --->   "%n_read = read i9 @_ssdm_op_Read.ap_auto.i9, i9 %n"   --->   Operation 11 'read' 'n_read' <Predicate = true> <Delay = 0.00>
ST_1 : Operation 12 [1/1] (0.00ns)   --->   "%blocks_read = read i7 @_ssdm_op_Read.ap_auto.i7, i7 %blocks"   --->   Operation 12 'read' 'blocks_read' <Predicate = true> <Delay = 0.00>
ST_1 : Operation 13 [1/1] (0.00ns)   --->   "%sext_ln204_cast = sext i60 %sext_ln204_read"   --->   Operation 13 'sext' 'sext_ln204_cast' <Predicate = true> <Delay = 0.00>
ST_1 : Operation 14 [1/1] (0.00ns)   --->   "%specmemcore_ln0 = specmemcore void @_ssdm_op_SpecMemCore, i32 %logits_buf_3, i64 666, i64 22, i64 18446744073709551615"   --->   Operation 14 'specmemcore' 'specmemcore_ln0' <Predicate = true> <Delay = 0.00>
ST_1 : Operation 15 [1/1] (0.00ns)   --->   "%specmemcore_ln0 = specmemcore void @_ssdm_op_SpecMemCore, i32 %logits_buf_2, i64 666, i64 22, i64 18446744073709551615"   --->   Operation 15 'specmemcore' 'specmemcore_ln0' <Predicate = true> <Delay = 0.00>
ST_1 : Operation 16 [1/1] (0.00ns)   --->   "%specmemcore_ln0 = specmemcore void @_ssdm_op_SpecMemCore, i32 %logits_buf_1, i64 666, i64 22, i64 18446744073709551615"   --->   Operation 16 'specmemcore' 'specmemcore_ln0' <Predicate = true> <Delay = 0.00>
ST_1 : Operation 17 [1/1] (0.00ns)   --->   "%specmemcore_ln0 = specmemcore void @_ssdm_op_SpecMemCore, i32 %logits_buf_0, i64 666, i64 22, i64 18446744073709551615"   --->   Operation 17 'specmemcore' 'specmemcore_ln0' <Predicate = true> <Delay = 0.00>
ST_1 : Operation 18 [1/1] (0.00ns)   --->   "%specinterface_ln0 = specinterface void @_ssdm_op_SpecInterface, i128 %gmem, void @empty_0, i32 0, i32 0, void @empty_1, i32 0, i32 4096, void @empty_2, void @empty_3, void @empty_1, i32 16, i32 16, i32 16, i32 16, void @empty_1, void @empty_1, i32 4294967295, i32 0, i32 0"   --->   Operation 18 'specinterface' 'specinterface_ln0' <Predicate = true> <Delay = 0.00>
ST_1 : Operation 19 [1/1] (1.58ns)   --->   "%store_ln204 = store i7 0, i7 %blk" [softmax_accel_hls.cc:204]   --->   Operation 19 'store' 'store_ln204' <Predicate = true> <Delay = 1.58>
ST_1 : Operation 20 [1/1] (1.58ns)   --->   "%store_ln200 = store i32 0, i32 %max_x" [softmax_accel_hls.cc:200]   --->   Operation 20 'store' 'store_ln200' <Predicate = true> <Delay = 1.58>
ST_1 : Operation 21 [1/1] (0.00ns)   --->   "%br_ln0 = br void %for.body"   --->   Operation 21 'br' 'br_ln0' <Predicate = true> <Delay = 0.00>
ST_1 : Operation 22 [1/1] (0.00ns)   --->   "%blk_2 = load i7 %blk" [softmax_accel_hls.cc:204]   --->   Operation 22 'load' 'blk_2' <Predicate = true> <Delay = 0.00>
ST_1 : Operation 23 [1/1] (1.87ns)   --->   "%icmp_ln204 = icmp_eq  i7 %blk_2, i7 %blocks_read" [softmax_accel_hls.cc:204]   --->   Operation 23 'icmp' 'icmp_ln204' <Predicate = true> <Delay = 1.87> <CoreInst = "Cmp">   --->   Core 9 'Cmp' <Latency = 0> <II = 1> <Delay = 1.87> <FuncUnit> <Opcode : 'seteq' 'setne' 'setle' 'setge' 'setlt' 'setgt'> <InPorts = 2> <OutPorts = 1>
ST_1 : Operation 24 [1/1] (0.00ns)   --->   "%speclooptripcount_ln0 = speclooptripcount void @_ssdm_op_SpecLoopTripCount, i64 1, i64 64, i64 0"   --->   Operation 24 'speclooptripcount' 'speclooptripcount_ln0' <Predicate = true> <Delay = 0.00>
ST_1 : Operation 25 [1/1] (1.87ns)   --->   "%add_ln204 = add i7 %blk_2, i7 1" [softmax_accel_hls.cc:204]   --->   Operation 25 'add' 'add_ln204' <Predicate = true> <Delay = 1.87> <CoreInst = "Adder">   --->   Core 1 'Adder' <Latency = 0> <II = 1> <Delay = 1.87> <FuncUnit> <Opcode : 'add' 'sub'> <InPorts = 2> <OutPorts = 1>
ST_1 : Operation 26 [1/1] (0.00ns)   --->   "%br_ln204 = br i1 %icmp_ln204, void %for.body.split, void %for.end.loopexit.exitStub" [softmax_accel_hls.cc:204]   --->   Operation 26 'br' 'br_ln204' <Predicate = true> <Delay = 0.00>
ST_1 : Operation 27 [1/1] (0.00ns)   --->   "%trunc_ln206 = trunc i7 %blk_2" [softmax_accel_hls.cc:206]   --->   Operation 27 'trunc' 'trunc_ln206' <Predicate = (!icmp_ln204)> <Delay = 0.00>
ST_1 : Operation 28 [1/1] (0.00ns)   --->   "%shl_ln2 = bitconcatenate i8 @_ssdm_op_BitConcatenate.i8.i6.i2, i6 %trunc_ln206, i2 0" [softmax_accel_hls.cc:206]   --->   Operation 28 'bitconcatenate' 'shl_ln2' <Predicate = (!icmp_ln204)> <Delay = 0.00>
ST_1 : Operation 29 [1/1] (0.00ns)   --->   "%zext_ln207 = zext i8 %shl_ln2" [softmax_accel_hls.cc:207]   --->   Operation 29 'zext' 'zext_ln207' <Predicate = (!icmp_ln204)> <Delay = 0.00>
ST_1 : Operation 30 [1/1] (1.82ns)   --->   "%icmp_ln215 = icmp_ult  i9 %zext_ln207, i9 %n_read" [softmax_accel_hls.cc:215]   --->   Operation 30 'icmp' 'icmp_ln215' <Predicate = (!icmp_ln204)> <Delay = 1.82> <CoreInst = "Cmp">   --->   Core 9 'Cmp' <Latency = 0> <II = 1> <Delay = 1.82> <FuncUnit> <Opcode : 'seteq' 'setne' 'setle' 'setge' 'setlt' 'setgt'> <InPorts = 2> <OutPorts = 1>
ST_1 : Operation 31 [1/1] (1.58ns)   --->   "%br_ln215 = br i1 %icmp_ln215, void %if.end, void %if.then" [softmax_accel_hls.cc:215]   --->   Operation 31 'br' 'br_ln215' <Predicate = (!icmp_ln204)> <Delay = 1.58>
ST_1 : Operation 32 [1/1] (0.00ns)   --->   "%or_ln = bitconcatenate i8 @_ssdm_op_BitConcatenate.i8.i6.i2, i6 %trunc_ln206, i2 1" [softmax_accel_hls.cc:220]   --->   Operation 32 'bitconcatenate' 'or_ln' <Predicate = (!icmp_ln204)> <Delay = 0.00>
ST_1 : Operation 33 [1/1] (0.00ns)   --->   "%zext_ln220 = zext i8 %or_ln" [softmax_accel_hls.cc:220]   --->   Operation 33 'zext' 'zext_ln220' <Predicate = (!icmp_ln204)> <Delay = 0.00>
ST_1 : Operation 34 [1/1] (1.82ns)   --->   "%icmp_ln220 = icmp_ult  i9 %zext_ln220, i9 %n_read" [softmax_accel_hls.cc:220]   --->   Operation 34 'icmp' 'icmp_ln220' <Predicate = (!icmp_ln204)> <Delay = 1.82> <CoreInst = "Cmp">   --->   Core 9 'Cmp' <Latency = 0> <II = 1> <Delay = 1.82> <FuncUnit> <Opcode : 'seteq' 'setne' 'setle' 'setge' 'setlt' 'setgt'> <InPorts = 2> <OutPorts = 1>
ST_1 : Operation 35 [1/1] (1.58ns)   --->   "%br_ln220 = br i1 %icmp_ln220, void %if.end19, void %if.then10" [softmax_accel_hls.cc:220]   --->   Operation 35 'br' 'br_ln220' <Predicate = (!icmp_ln204)> <Delay = 1.58>
ST_1 : Operation 36 [1/1] (0.00ns)   --->   "%or_ln1 = bitconcatenate i8 @_ssdm_op_BitConcatenate.i8.i6.i2, i6 %trunc_ln206, i2 2" [softmax_accel_hls.cc:225]   --->   Operation 36 'bitconcatenate' 'or_ln1' <Predicate = (!icmp_ln204)> <Delay = 0.00>
ST_1 : Operation 37 [1/1] (0.00ns)   --->   "%zext_ln225 = zext i8 %or_ln1" [softmax_accel_hls.cc:225]   --->   Operation 37 'zext' 'zext_ln225' <Predicate = (!icmp_ln204)> <Delay = 0.00>
ST_1 : Operation 38 [1/1] (1.82ns)   --->   "%icmp_ln225 = icmp_ult  i9 %zext_ln225, i9 %n_read" [softmax_accel_hls.cc:225]   --->   Operation 38 'icmp' 'icmp_ln225' <Predicate = (!icmp_ln204)> <Delay = 1.82> <CoreInst = "Cmp">   --->   Core 9 'Cmp' <Latency = 0> <II = 1> <Delay = 1.82> <FuncUnit> <Opcode : 'seteq' 'setne' 'setle' 'setge' 'setlt' 'setgt'> <InPorts = 2> <OutPorts = 1>
ST_1 : Operation 39 [1/1] (1.58ns)   --->   "%br_ln225 = br i1 %icmp_ln225, void %if.end31, void %if.then22" [softmax_accel_hls.cc:225]   --->   Operation 39 'br' 'br_ln225' <Predicate = (!icmp_ln204)> <Delay = 1.58>
ST_1 : Operation 40 [1/1] (0.00ns)   --->   "%or_ln2 = bitconcatenate i8 @_ssdm_op_BitConcatenate.i8.i6.i2, i6 %trunc_ln206, i2 3" [softmax_accel_hls.cc:230]   --->   Operation 40 'bitconcatenate' 'or_ln2' <Predicate = (!icmp_ln204)> <Delay = 0.00>
ST_1 : Operation 41 [1/1] (0.00ns)   --->   "%zext_ln230 = zext i8 %or_ln2" [softmax_accel_hls.cc:230]   --->   Operation 41 'zext' 'zext_ln230' <Predicate = (!icmp_ln204)> <Delay = 0.00>
ST_1 : Operation 42 [1/1] (1.82ns)   --->   "%icmp_ln230 = icmp_ult  i9 %zext_ln230, i9 %n_read" [softmax_accel_hls.cc:230]   --->   Operation 42 'icmp' 'icmp_ln230' <Predicate = (!icmp_ln204)> <Delay = 1.82> <CoreInst = "Cmp">   --->   Core 9 'Cmp' <Latency = 0> <II = 1> <Delay = 1.82> <FuncUnit> <Opcode : 'seteq' 'setne' 'setle' 'setge' 'setlt' 'setgt'> <InPorts = 2> <OutPorts = 1>
ST_1 : Operation 43 [1/1] (1.58ns)   --->   "%br_ln230 = br i1 %icmp_ln230, void %if.end43, void %if.then34" [softmax_accel_hls.cc:230]   --->   Operation 43 'br' 'br_ln230' <Predicate = (!icmp_ln204)> <Delay = 1.58>
ST_1 : Operation 44 [1/1] (1.58ns)   --->   "%store_ln204 = store i7 %add_ln204, i7 %blk" [softmax_accel_hls.cc:204]   --->   Operation 44 'store' 'store_ln204' <Predicate = (!icmp_ln204)> <Delay = 1.58>

State 2 <SV = 1> <Delay = 8.61>
ST_2 : Operation 45 [1/1] (0.00ns)   --->   "%gmem_addr = getelementptr i128 %gmem, i64 %sext_ln204_cast" [softmax_accel_hls.cc:204]   --->   Operation 45 'getelementptr' 'gmem_addr' <Predicate = (!icmp_ln204)> <Delay = 0.00>
ST_2 : Operation 46 [1/1] (8.61ns)   --->   "%line = read i128 @_ssdm_op_Read.m_axi.p1i128, i128 %gmem_addr" [softmax_accel_hls.cc:207]   --->   Operation 46 'read' 'line' <Predicate = (!icmp_ln204)> <Delay = 8.61> <CoreInst = "m_axi">   --->   Core 111 'm_axi' <Latency = 3> <II = 1> <Delay = 1.00> <Adapter> <Opcode : 'read' 'write' 'readreq' 'writereq' 'writeresp'>

State 3 <SV = 2> <Delay = 3.25>
ST_3 : Operation 47 [1/1] (0.00ns)   --->   "%zext_ln204 = zext i7 %blk_2" [softmax_accel_hls.cc:204]   --->   Operation 47 'zext' 'zext_ln204' <Predicate = (!icmp_ln204)> <Delay = 0.00>
ST_3 : Operation 48 [1/1] (0.00ns)   --->   "%specpipeline_ln205 = specpipeline void @_ssdm_op_SpecPipeline, i32 1, i32 0, i32 0, i32 0, void @empty_1" [softmax_accel_hls.cc:205]   --->   Operation 48 'specpipeline' 'specpipeline_ln205' <Predicate = (!icmp_ln204)> <Delay = 0.00>
ST_3 : Operation 49 [1/1] (0.00ns)   --->   "%specloopname_ln204 = specloopname void @_ssdm_op_SpecLoopName, void @empty_18" [softmax_accel_hls.cc:204]   --->   Operation 49 'specloopname' 'specloopname_ln204' <Predicate = (!icmp_ln204)> <Delay = 0.00>
ST_3 : Operation 50 [1/1] (0.00ns)   --->   "%x0 = trunc i128 %line" [softmax_accel_hls.cc:174->softmax_accel_hls.cc:216]   --->   Operation 50 'trunc' 'x0' <Predicate = (!icmp_ln204 & icmp_ln215)> <Delay = 0.00>
ST_3 : Operation 51 [1/1] (0.00ns)   --->   "%logits_buf_0_addr = getelementptr i32 %logits_buf_0, i64 0, i64 %zext_ln204" [softmax_accel_hls.cc:217]   --->   Operation 51 'getelementptr' 'logits_buf_0_addr' <Predicate = (!icmp_ln204 & icmp_ln215)> <Delay = 0.00>
ST_3 : Operation 52 [1/1] ( I:3.25ns O:3.25ns )   --->   "%store_ln217 = store i32 %x0, i6 %logits_buf_0_addr" [softmax_accel_hls.cc:217]   --->   Operation 52 'store' 'store_ln217' <Predicate = (!icmp_ln204 & icmp_ln215)> <Delay = 3.25> <CoreInst = "RAM_2P_BRAM">   --->   Core 90 'RAM_2P_BRAM' <Latency = 1> <II = 1> <Delay = 3.25> <Storage> <Opcode : 'load' 'store'> <Ports = 2> <Width = 32> <Depth = 64> <RAM>
ST_3 : Operation 53 [1/1] (1.58ns)   --->   "%br_ln219 = br void %if.end" [softmax_accel_hls.cc:219]   --->   Operation 53 'br' 'br_ln219' <Predicate = (!icmp_ln204 & icmp_ln215)> <Delay = 1.58>
ST_3 : Operation 54 [1/1] (0.00ns)   --->   "%x1 = partselect i32 @_ssdm_op_PartSelect.i32.i128.i32, i128 %line, i32 32" [softmax_accel_hls.cc:174->softmax_accel_hls.cc:221]   --->   Operation 54 'partselect' 'x1' <Predicate = (!icmp_ln204 & icmp_ln220)> <Delay = 0.00>
ST_3 : Operation 55 [1/1] (0.00ns)   --->   "%logits_buf_1_addr = getelementptr i32 %logits_buf_1, i64 0, i64 %zext_ln204" [softmax_accel_hls.cc:222]   --->   Operation 55 'getelementptr' 'logits_buf_1_addr' <Predicate = (!icmp_ln204 & icmp_ln220)> <Delay = 0.00>
ST_3 : Operation 56 [1/1] ( I:3.25ns O:3.25ns )   --->   "%store_ln222 = store i32 %x1, i6 %logits_buf_1_addr" [softmax_accel_hls.cc:222]   --->   Operation 56 'store' 'store_ln222' <Predicate = (!icmp_ln204 & icmp_ln220)> <Delay = 3.25> <CoreInst = "RAM_2P_BRAM">   --->   Core 90 'RAM_2P_BRAM' <Latency = 1> <II = 1> <Delay = 3.25> <Storage> <Opcode : 'load' 'store'> <Ports = 2> <Width = 32> <Depth = 64> <RAM>
ST_3 : Operation 57 [1/1] (1.58ns)   --->   "%br_ln224 = br void %if.end19" [softmax_accel_hls.cc:224]   --->   Operation 57 'br' 'br_ln224' <Predicate = (!icmp_ln204 & icmp_ln220)> <Delay = 1.58>
ST_3 : Operation 58 [1/1] (0.00ns)   --->   "%x2 = partselect i32 @_ssdm_op_PartSelect.i32.i128.i32, i128 %line, i32 64" [softmax_accel_hls.cc:174->softmax_accel_hls.cc:226]   --->   Operation 58 'partselect' 'x2' <Predicate = (!icmp_ln204 & icmp_ln225)> <Delay = 0.00>
ST_3 : Operation 59 [1/1] (0.00ns)   --->   "%logits_buf_2_addr = getelementptr i32 %logits_buf_2, i64 0, i64 %zext_ln204" [softmax_accel_hls.cc:227]   --->   Operation 59 'getelementptr' 'logits_buf_2_addr' <Predicate = (!icmp_ln204 & icmp_ln225)> <Delay = 0.00>
ST_3 : Operation 60 [1/1] ( I:3.25ns O:3.25ns )   --->   "%store_ln227 = store i32 %x2, i6 %logits_buf_2_addr" [softmax_accel_hls.cc:227]   --->   Operation 60 'store' 'store_ln227' <Predicate = (!icmp_ln204 & icmp_ln225)> <Delay = 3.25> <CoreInst = "RAM_2P_BRAM">   --->   Core 90 'RAM_2P_BRAM' <Latency = 1> <II = 1> <Delay = 3.25> <Storage> <Opcode : 'load' 'store'> <Ports = 2> <Width = 32> <Depth = 64> <RAM>
ST_3 : Operation 61 [1/1] (1.58ns)   --->   "%br_ln229 = br void %if.end31" [softmax_accel_hls.cc:229]   --->   Operation 61 'br' 'br_ln229' <Predicate = (!icmp_ln204 & icmp_ln225)> <Delay = 1.58>
ST_3 : Operation 62 [1/1] (0.00ns)   --->   "%x3 = partselect i32 @_ssdm_op_PartSelect.i32.i128.i32, i128 %line, i32 96" [softmax_accel_hls.cc:174->softmax_accel_hls.cc:231]   --->   Operation 62 'partselect' 'x3' <Predicate = (!icmp_ln204 & icmp_ln230)> <Delay = 0.00>
ST_3 : Operation 63 [1/1] (0.00ns)   --->   "%logits_buf_3_addr = getelementptr i32 %logits_buf_3, i64 0, i64 %zext_ln204" [softmax_accel_hls.cc:232]   --->   Operation 63 'getelementptr' 'logits_buf_3_addr' <Predicate = (!icmp_ln204 & icmp_ln230)> <Delay = 0.00>
ST_3 : Operation 64 [1/1] ( I:3.25ns O:3.25ns )   --->   "%store_ln232 = store i32 %x3, i6 %logits_buf_3_addr" [softmax_accel_hls.cc:232]   --->   Operation 64 'store' 'store_ln232' <Predicate = (!icmp_ln204 & icmp_ln230)> <Delay = 3.25> <CoreInst = "RAM_2P_BRAM">   --->   Core 90 'RAM_2P_BRAM' <Latency = 1> <II = 1> <Delay = 3.25> <Storage> <Opcode : 'load' 'store'> <Ports = 2> <Width = 32> <Depth = 64> <RAM>
ST_3 : Operation 65 [1/1] (1.58ns)   --->   "%br_ln234 = br void %if.end43" [softmax_accel_hls.cc:234]   --->   Operation 65 'br' 'br_ln234' <Predicate = (!icmp_ln204 & icmp_ln230)> <Delay = 1.58>
ST_3 : Operation 66 [1/1] (1.87ns)   --->   "%icmp_ln237 = icmp_eq  i7 %blk_2, i7 0" [softmax_accel_hls.cc:237]   --->   Operation 66 'icmp' 'icmp_ln237' <Predicate = true> <Delay = 1.87> <CoreInst = "Cmp">   --->   Core 9 'Cmp' <Latency = 0> <II = 1> <Delay = 1.87> <FuncUnit> <Opcode : 'seteq' 'setne' 'setle' 'setge' 'setlt' 'setgt'> <InPorts = 2> <OutPorts = 1>

State 4 <SV = 3> <Delay = 7.19>
ST_4 : Operation 67 [1/1] (0.00ns)   --->   "%keep = phi i1 1, void %if.then, i1 0, void %for.body.split"   --->   Operation 67 'phi' 'keep' <Predicate = (!icmp_ln204)> <Delay = 0.00>
ST_4 : Operation 68 [1/1] (0.00ns)   --->   "%x0_1 = phi i32 %x0, void %if.then, i32 2147483648, void %for.body.split"   --->   Operation 68 'phi' 'x0_1' <Predicate = (!icmp_ln204)> <Delay = 0.00>
ST_4 : Operation 69 [1/1] (0.00ns)   --->   "%zext_ln210 = zext i1 %keep" [softmax_accel_hls.cc:210]   --->   Operation 69 'zext' 'zext_ln210' <Predicate = (!icmp_ln204)> <Delay = 0.00>
ST_4 : Operation 70 [1/1] (0.00ns)   --->   "%keep_4 = bitconcatenate i2 @_ssdm_op_BitConcatenate.i2.i1.i1, i1 1, i1 %keep" [softmax_accel_hls.cc:223]   --->   Operation 70 'bitconcatenate' 'keep_4' <Predicate = (!icmp_ln204 & icmp_ln220)> <Delay = 0.00>
ST_4 : Operation 71 [1/1] (0.00ns)   --->   "%keep_1 = phi i2 %keep_4, void %if.then10, i2 %zext_ln210, void %if.end"   --->   Operation 71 'phi' 'keep_1' <Predicate = (!icmp_ln204)> <Delay = 0.00>
ST_4 : Operation 72 [1/1] (0.00ns)   --->   "%x1_1 = phi i32 %x1, void %if.then10, i32 2147483648, void %if.end"   --->   Operation 72 'phi' 'x1_1' <Predicate = (!icmp_ln204)> <Delay = 0.00>
ST_4 : Operation 73 [1/1] (0.00ns)   --->   "%zext_ln211 = zext i2 %keep_1" [softmax_accel_hls.cc:211]   --->   Operation 73 'zext' 'zext_ln211' <Predicate = (!icmp_ln204)> <Delay = 0.00>
ST_4 : Operation 74 [1/1] (0.00ns)   --->   "%keep_5 = bitconcatenate i3 @_ssdm_op_BitConcatenate.i3.i1.i2, i1 1, i2 %keep_1" [softmax_accel_hls.cc:228]   --->   Operation 74 'bitconcatenate' 'keep_5' <Predicate = (!icmp_ln204 & icmp_ln225)> <Delay = 0.00>
ST_4 : Operation 75 [1/1] (0.00ns)   --->   "%keep_2 = phi i3 %keep_5, void %if.then22, i3 %zext_ln211, void %if.end19"   --->   Operation 75 'phi' 'keep_2' <Predicate = (!icmp_ln204)> <Delay = 0.00>
ST_4 : Operation 76 [1/1] (0.00ns)   --->   "%x2_1 = phi i32 %x2, void %if.then22, i32 2147483648, void %if.end19"   --->   Operation 76 'phi' 'x2_1' <Predicate = (!icmp_ln204)> <Delay = 0.00>
ST_4 : Operation 77 [1/1] (0.00ns)   --->   "%zext_ln212 = zext i3 %keep_2" [softmax_accel_hls.cc:212]   --->   Operation 77 'zext' 'zext_ln212' <Predicate = (!icmp_ln204)> <Delay = 0.00>
ST_4 : Operation 78 [1/1] (0.00ns)   --->   "%keep_6 = bitset i4 @_ssdm_op_BitSet.i4.i4.i32.i1, i4 %zext_ln212, i32 3, i1 1" [softmax_accel_hls.cc:233]   --->   Operation 78 'bitset' 'keep_6' <Predicate = (!icmp_ln204 & icmp_ln230)> <Delay = 0.00>
ST_4 : Operation 79 [1/1] (0.00ns)   --->   "%keep_3 = phi i4 %keep_6, void %if.then34, i4 %zext_ln212, void %if.end31"   --->   Operation 79 'phi' 'keep_3' <Predicate = true> <Delay = 0.00>
ST_4 : Operation 80 [1/1] (0.00ns) (grouped into LUT with out node m3)   --->   "%x3_1 = phi i32 %x3, void %if.then34, i32 2147483648, void %if.end31"   --->   Operation 80 'phi' 'x3_1' <Predicate = true> <Delay = 0.00>
ST_4 : Operation 81 [1/1] (0.00ns)   --->   "%trunc_ln141 = trunc i4 %keep_3" [softmax_accel_hls.cc:141->softmax_accel_hls.cc:236]   --->   Operation 81 'trunc' 'trunc_ln141' <Predicate = true> <Delay = 0.00>
ST_4 : Operation 82 [1/1] (0.69ns)   --->   "%m0 = select i1 %trunc_ln141, i32 %x0_1, i32 2147483648" [softmax_accel_hls.cc:141->softmax_accel_hls.cc:236]   --->   Operation 82 'select' 'm0' <Predicate = true> <Delay = 0.69> <CoreInst = "Sel">   --->   Core 73 'Sel' <Latency = 0> <II = 1> <Delay = 0.69> <FuncUnit> <Opcode : 'select'> <InPorts = 3> <OutPorts = 1>
ST_4 : Operation 83 [1/1] (0.00ns)   --->   "%tmp = bitselect i1 @_ssdm_op_BitSelect.i1.i4.i32, i4 %keep_3, i32 1" [softmax_accel_hls.cc:142->softmax_accel_hls.cc:236]   --->   Operation 83 'bitselect' 'tmp' <Predicate = true> <Delay = 0.00>
ST_4 : Operation 84 [1/1] (0.69ns)   --->   "%m1 = select i1 %tmp, i32 %x1_1, i32 2147483648" [softmax_accel_hls.cc:142->softmax_accel_hls.cc:236]   --->   Operation 84 'select' 'm1' <Predicate = true> <Delay = 0.69> <CoreInst = "Sel">   --->   Core 73 'Sel' <Latency = 0> <II = 1> <Delay = 0.69> <FuncUnit> <Opcode : 'select'> <InPorts = 3> <OutPorts = 1>
ST_4 : Operation 85 [1/1] (0.00ns)   --->   "%tmp_72 = bitselect i1 @_ssdm_op_BitSelect.i1.i4.i32, i4 %keep_3, i32 2" [softmax_accel_hls.cc:143->softmax_accel_hls.cc:236]   --->   Operation 85 'bitselect' 'tmp_72' <Predicate = true> <Delay = 0.00>
ST_4 : Operation 86 [1/1] (0.69ns)   --->   "%m2 = select i1 %tmp_72, i32 %x2_1, i32 2147483648" [softmax_accel_hls.cc:143->softmax_accel_hls.cc:236]   --->   Operation 86 'select' 'm2' <Predicate = true> <Delay = 0.69> <CoreInst = "Sel">   --->   Core 73 'Sel' <Latency = 0> <II = 1> <Delay = 0.69> <FuncUnit> <Opcode : 'select'> <InPorts = 3> <OutPorts = 1>
ST_4 : Operation 87 [1/1] (0.00ns) (grouped into LUT with out node m3)   --->   "%tmp_73 = bitselect i1 @_ssdm_op_BitSelect.i1.i4.i32, i4 %keep_3, i32 3" [softmax_accel_hls.cc:144->softmax_accel_hls.cc:236]   --->   Operation 87 'bitselect' 'tmp_73' <Predicate = true> <Delay = 0.00>
ST_4 : Operation 88 [1/1] (0.69ns) (out node of the LUT)   --->   "%m3 = select i1 %tmp_73, i32 %x3_1, i32 2147483648" [softmax_accel_hls.cc:144->softmax_accel_hls.cc:236]   --->   Operation 88 'select' 'm3' <Predicate = true> <Delay = 0.69> <CoreInst = "Sel">   --->   Core 73 'Sel' <Latency = 0> <II = 1> <Delay = 0.69> <FuncUnit> <Opcode : 'select'> <InPorts = 3> <OutPorts = 1>
ST_4 : Operation 89 [1/1] (2.55ns)   --->   "%icmp_ln146 = icmp_sgt  i32 %m0, i32 %m1" [softmax_accel_hls.cc:146->softmax_accel_hls.cc:236]   --->   Operation 89 'icmp' 'icmp_ln146' <Predicate = true> <Delay = 2.55> <CoreInst = "Cmp">   --->   Core 9 'Cmp' <Latency = 0> <II = 1> <Delay = 2.55> <FuncUnit> <Opcode : 'seteq' 'setne' 'setle' 'setge' 'setlt' 'setgt'> <InPorts = 2> <OutPorts = 1>
ST_4 : Operation 90 [1/1] (0.69ns)   --->   "%m01 = select i1 %icmp_ln146, i32 %m0, i32 %m1" [softmax_accel_hls.cc:146->softmax_accel_hls.cc:236]   --->   Operation 90 'select' 'm01' <Predicate = true> <Delay = 0.69> <CoreInst = "Sel">   --->   Core 73 'Sel' <Latency = 0> <II = 1> <Delay = 0.69> <FuncUnit> <Opcode : 'select'> <InPorts = 3> <OutPorts = 1>
ST_4 : Operation 91 [1/1] (2.55ns)   --->   "%icmp_ln147 = icmp_sgt  i32 %m2, i32 %m3" [softmax_accel_hls.cc:147->softmax_accel_hls.cc:236]   --->   Operation 91 'icmp' 'icmp_ln147' <Predicate = true> <Delay = 2.55> <CoreInst = "Cmp">   --->   Core 9 'Cmp' <Latency = 0> <II = 1> <Delay = 2.55> <FuncUnit> <Opcode : 'seteq' 'setne' 'setle' 'setge' 'setlt' 'setgt'> <InPorts = 2> <OutPorts = 1>
ST_4 : Operation 92 [1/1] (0.69ns)   --->   "%m23 = select i1 %icmp_ln147, i32 %m2, i32 %m3" [softmax_accel_hls.cc:147->softmax_accel_hls.cc:236]   --->   Operation 92 'select' 'm23' <Predicate = true> <Delay = 0.69> <CoreInst = "Sel">   --->   Core 73 'Sel' <Latency = 0> <II = 1> <Delay = 0.69> <FuncUnit> <Opcode : 'select'> <InPorts = 3> <OutPorts = 1>
ST_4 : Operation 93 [1/1] (2.55ns)   --->   "%icmp_ln148 = icmp_sgt  i32 %m01, i32 %m23" [softmax_accel_hls.cc:148->softmax_accel_hls.cc:236]   --->   Operation 93 'icmp' 'icmp_ln148' <Predicate = true> <Delay = 2.55> <CoreInst = "Cmp">   --->   Core 9 'Cmp' <Latency = 0> <II = 1> <Delay = 2.55> <FuncUnit> <Opcode : 'seteq' 'setne' 'setle' 'setge' 'setlt' 'setgt'> <InPorts = 2> <OutPorts = 1>
ST_4 : Operation 94 [1/1] (0.69ns)   --->   "%local_max = select i1 %icmp_ln148, i32 %m01, i32 %m23" [softmax_accel_hls.cc:148->softmax_accel_hls.cc:236]   --->   Operation 94 'select' 'local_max' <Predicate = true> <Delay = 0.69> <CoreInst = "Sel">   --->   Core 73 'Sel' <Latency = 0> <II = 1> <Delay = 0.69> <FuncUnit> <Opcode : 'select'> <InPorts = 3> <OutPorts = 1>
ST_4 : Operation 101 [1/1] (0.00ns)   --->   "%max_x_load = load i32 %max_x"   --->   Operation 101 'load' 'max_x_load' <Predicate = (icmp_ln204)> <Delay = 0.00>
ST_4 : Operation 102 [1/1] (0.00ns)   --->   "%write_ln0 = write void @_ssdm_op_Write.ap_auto.i32P0A, i32 %max_x_out, i32 %max_x_load"   --->   Operation 102 'write' 'write_ln0' <Predicate = (icmp_ln204)> <Delay = 0.00>
ST_4 : Operation 103 [1/1] (1.58ns)   --->   "%ret_ln0 = ret"   --->   Operation 103 'ret' 'ret_ln0' <Predicate = (icmp_ln204)> <Delay = 1.58>

State 5 <SV = 4> <Delay = 5.11>
ST_5 : Operation 95 [1/1] (0.00ns)   --->   "%max_x_load_1 = load i32 %max_x" [softmax_accel_hls.cc:237]   --->   Operation 95 'load' 'max_x_load_1' <Predicate = true> <Delay = 0.00>
ST_5 : Operation 96 [1/1] (2.55ns)   --->   "%icmp_ln237_1 = icmp_sgt  i32 %local_max, i32 %max_x_load_1" [softmax_accel_hls.cc:237]   --->   Operation 96 'icmp' 'icmp_ln237_1' <Predicate = true> <Delay = 2.55> <CoreInst = "Cmp">   --->   Core 9 'Cmp' <Latency = 0> <II = 1> <Delay = 2.55> <FuncUnit> <Opcode : 'seteq' 'setne' 'setle' 'setge' 'setlt' 'setgt'> <InPorts = 2> <OutPorts = 1>
ST_5 : Operation 97 [1/1] (0.00ns) (grouped into LUT with out node max_x_2)   --->   "%or_ln237 = or i1 %icmp_ln237, i1 %icmp_ln237_1" [softmax_accel_hls.cc:237]   --->   Operation 97 'or' 'or_ln237' <Predicate = true> <Delay = 0.00> <CoreInst = "LogicGate">   --->   Core 74 'LogicGate' <Latency = 0> <II = 1> <Delay = 0.97> <FuncUnit> <Opcode : 'and' 'or' 'xor'> <InPorts = 2> <OutPorts = 1>
ST_5 : Operation 98 [1/1] (0.97ns) (out node of the LUT)   --->   "%max_x_2 = select i1 %or_ln237, i32 %local_max, i32 %max_x_load_1" [softmax_accel_hls.cc:237]   --->   Operation 98 'select' 'max_x_2' <Predicate = true> <Delay = 0.97> <CoreInst = "Sel">   --->   Core 73 'Sel' <Latency = 0> <II = 1> <Delay = 0.69> <FuncUnit> <Opcode : 'select'> <InPorts = 3> <OutPorts = 1>
ST_5 : Operation 99 [1/1] (1.58ns)   --->   "%store_ln200 = store i32 %max_x_2, i32 %max_x" [softmax_accel_hls.cc:200]   --->   Operation 99 'store' 'store_ln200' <Predicate = true> <Delay = 1.58>
ST_5 : Operation 100 [1/1] (0.00ns)   --->   "%br_ln204 = br void %for.body" [softmax_accel_hls.cc:204]   --->   Operation 100 'br' 'br_ln204' <Predicate = true> <Delay = 0.00>


============================================================
+ Verbose Summary: Timing violations
============================================================
Target clock period: 11.800ns, clock uncertainty: 3.186ns.

 <State 1>: 5.046ns
The critical path consists of the following:
	'store' operation 0 bit ('store_ln204', softmax_accel_hls.cc:204) of constant 0 on local variable 'blk', softmax_accel_hls.cc:204 [21]  (1.588 ns)
	'load' operation 7 bit ('blk', softmax_accel_hls.cc:204) on local variable 'blk', softmax_accel_hls.cc:204 [25]  (0.000 ns)
	'icmp' operation 1 bit ('icmp_ln204', softmax_accel_hls.cc:204) [26]  (1.870 ns)
	multiplexor before 'phi' operation 2 bit ('keep') with incoming values : ('zext_ln210', softmax_accel_hls.cc:210) ('keep', softmax_accel_hls.cc:223) [61]  (1.588 ns)

 <State 2>: 8.614ns
The critical path consists of the following:
	'getelementptr' operation 128 bit ('gmem_addr', softmax_accel_hls.cc:204) [31]  (0.000 ns)
	bus read operation ('line', softmax_accel_hls.cc:207) on port 'gmem' (softmax_accel_hls.cc:207) [38]  (8.614 ns)

 <State 3>: 3.254ns
The critical path consists of the following:
	'getelementptr' operation 6 bit ('logits_buf_0_addr', softmax_accel_hls.cc:217) [43]  (0.000 ns)
	'store' operation 0 bit ('store_ln217', softmax_accel_hls.cc:217) of variable 'x0', softmax_accel_hls.cc:174->softmax_accel_hls.cc:216 on array 'logits_buf_0' [44]  (3.254 ns)

 <State 4>: 7.198ns
The critical path consists of the following:
	'phi' operation 1 bit ('keep') [47]  (0.000 ns)
	'phi' operation 2 bit ('keep') with incoming values : ('zext_ln210', softmax_accel_hls.cc:210) ('keep', softmax_accel_hls.cc:223) [61]  (0.000 ns)
	'phi' operation 3 bit ('keep') with incoming values : ('zext_ln211', softmax_accel_hls.cc:211) ('keep', softmax_accel_hls.cc:228) [75]  (0.000 ns)
	'phi' operation 4 bit ('keep') with incoming values : ('zext_ln212', softmax_accel_hls.cc:212) ('keep', softmax_accel_hls.cc:233) [89]  (0.000 ns)
	'select' operation 32 bit ('m0', softmax_accel_hls.cc:141->softmax_accel_hls.cc:236) [93]  (0.698 ns)
	'icmp' operation 1 bit ('icmp_ln146', softmax_accel_hls.cc:146->softmax_accel_hls.cc:236) [100]  (2.552 ns)
	'select' operation 32 bit ('m01', softmax_accel_hls.cc:146->softmax_accel_hls.cc:236) [101]  (0.698 ns)
	'icmp' operation 1 bit ('icmp_ln148', softmax_accel_hls.cc:148->softmax_accel_hls.cc:236) [104]  (2.552 ns)
	'select' operation 32 bit ('local_max', softmax_accel_hls.cc:148->softmax_accel_hls.cc:236) [105]  (0.698 ns)

 <State 5>: 5.118ns
The critical path consists of the following:
	'load' operation 32 bit ('max_x_load_1', softmax_accel_hls.cc:237) on local variable 'max_x', softmax_accel_hls.cc:200 [91]  (0.000 ns)
	'icmp' operation 1 bit ('icmp_ln237_1', softmax_accel_hls.cc:237) [107]  (2.552 ns)
	'or' operation 1 bit ('or_ln237', softmax_accel_hls.cc:237) [108]  (0.000 ns)
	'select' operation 32 bit ('max_x', softmax_accel_hls.cc:237) [109]  (0.978 ns)
	'store' operation 0 bit ('store_ln200', softmax_accel_hls.cc:200) of variable 'max_x', softmax_accel_hls.cc:237 on local variable 'max_x', softmax_accel_hls.cc:200 [111]  (1.588 ns)


============================================================
+ Verbose Summary: Binding
============================================================
N/A
* FSMD analyzer results:
  - Output states:
 - Input state : 
  - Chain level:
	State 1
	State 2
	State 3
	State 4
	State 5


============================================================
+ Verbose Summary: Datapath Resource usage 
============================================================
N/A
