

================================================================
== Vitis HLS Report for 'load_logits_and_find_max'
================================================================
* Date:           Sat Mar 14 14:59:13 2026

* Version:        2025.1 (Build 6135595 on May 21 2025)
* Project:        Prometheus_streaming_w4
* Solution:       hls (Vivado IP Flow Target)
* Product family: zynq
* Target device:  xc7z020-clg400-1


================================================================
== Performance Estimates
================================================================
+ Timing: 
    * Summary: 
    +--------+----------+----------+------------+
    |  Clock |  Target  | Estimated| Uncertainty|
    +--------+----------+----------+------------+
    |ap_clk  |  11.80 ns|  8.614 ns|     3.19 ns|
    +--------+----------+----------+------------+

+ Latency: 
    * Summary: 
    +---------+---------+----------+----------+-----+-----+---------+
    |  Latency (cycles) |  Latency (absolute) |  Interval | Pipeline|
    |   min   |   max   |    min   |    max   | min | max |   Type  |
    +---------+---------+----------+----------+-----+-----+---------+
    |       17|       80|  0.201 us|  0.944 us|   17|   80|       no|
    +---------+---------+----------+----------+-----+-----+---------+

    + Detail: 
        * Instance: 
        N/A

        * Loop: 
        N/A

============================================================
+ Verbose Summary: Synthesis Manager
============================================================
InlineROM: 1
ExposeGlobal: 0
============================================================
+ Verbose Summary: CDFG Model
============================================================
IsTopModel: 0
ResetActiveHigh: 1
IsCombinational: 0
IsDatapathOnly: 0
HasWiredReturn: 1
HasMFsm: 0
HasVarLatency: 1
IsPipeline: 0
IsRtlPipelined: 0
IsInstanceOverlapped: 0
IsDontTouch: 0
HasImplIP: 0
IsGatedGlobalClock: 0


============================================================
+ Verbose Summary: Schedule
============================================================
* Number of FSM states : 12
* Pipeline : 0
* Dataflow Pipeline: 0

* FSM state transitions: 
1 --> 2 
2 --> 3 
3 --> 4 
4 --> 5 
5 --> 6 
6 --> 7 
7 --> 8 
8 --> 9 
9 --> 10 
10 --> 11 
11 --> 12 
12 --> 

* FSM state operations: 

State 1 <SV = 0> <Delay = 3.52>
ST_1 : Operation 13 [1/1] (0.00ns)   --->   "%n_read = read i9 @_ssdm_op_Read.ap_auto.i9, i9 %n"   --->   Operation 13 'read' 'n_read' <Predicate = true> <Delay = 0.00>
ST_1 : Operation 14 [1/1] (0.00ns)   --->   "%in_l_read = read i28 @_ssdm_op_Read.ap_auto.i28, i28 %in_l"   --->   Operation 14 'read' 'in_l_read' <Predicate = true> <Delay = 0.00>
ST_1 : Operation 15 [1/1] (0.00ns)   --->   "%mem_read = read i64 @_ssdm_op_Read.ap_auto.i64, i64 %mem"   --->   Operation 15 'read' 'mem_read' <Predicate = true> <Delay = 0.00>
ST_1 : Operation 16 [1/1] (0.00ns)   --->   "%max_x_loc = alloca i64 1"   --->   Operation 16 'alloca' 'max_x_loc' <Predicate = true> <Delay = 0.00>
ST_1 : Operation 17 [1/1] (1.82ns)   --->   "%add_ln169 = add i9 %n_read, i9 3" [softmax_accel_hls.cc:169->softmax_accel_hls.cc:201]   --->   Operation 17 'add' 'add_ln169' <Predicate = true> <Delay = 1.82> <CoreInst = "Adder">   --->   Core 1 'Adder' <Latency = 0> <II = 1> <Delay = 1.82> <FuncUnit> <Opcode : 'add' 'sub'> <InPorts = 2> <OutPorts = 1>
ST_1 : Operation 18 [1/1] (0.00ns)   --->   "%blocks = partselect i7 @_ssdm_op_PartSelect.i7.i9.i32.i32, i9 %add_ln169, i32 2, i32 8" [softmax_accel_hls.cc:169->softmax_accel_hls.cc:201]   --->   Operation 18 'partselect' 'blocks' <Predicate = true> <Delay = 0.00>
ST_1 : Operation 19 [1/1] (0.00ns)   --->   "%shl_ln = bitconcatenate i32 @_ssdm_op_BitConcatenate.i32.i28.i4, i28 %in_l_read, i4 0" [softmax_accel_hls.cc:204]   --->   Operation 19 'bitconcatenate' 'shl_ln' <Predicate = true> <Delay = 0.00>
ST_1 : Operation 20 [1/1] (0.00ns)   --->   "%zext_ln204 = zext i32 %shl_ln" [softmax_accel_hls.cc:204]   --->   Operation 20 'zext' 'zext_ln204' <Predicate = true> <Delay = 0.00>
ST_1 : Operation 21 [1/1] (3.52ns)   --->   "%add_ln204 = add i64 %zext_ln204, i64 %mem_read" [softmax_accel_hls.cc:204]   --->   Operation 21 'add' 'add_ln204' <Predicate = true> <Delay = 3.52> <CoreInst = "Adder">   --->   Core 1 'Adder' <Latency = 0> <II = 1> <Delay = 3.52> <FuncUnit> <Opcode : 'add' 'sub'> <InPorts = 2> <OutPorts = 1>
ST_1 : Operation 22 [1/1] (0.00ns)   --->   "%trunc_ln = partselect i60 @_ssdm_op_PartSelect.i60.i64.i32.i32, i64 %add_ln204, i32 4, i32 63" [softmax_accel_hls.cc:204]   --->   Operation 22 'partselect' 'trunc_ln' <Predicate = true> <Delay = 0.00>

State 2 <SV = 1> <Delay = 8.61>
ST_2 : Operation 23 [1/1] (0.00ns)   --->   "%wide_trip_count = zext i7 %blocks" [softmax_accel_hls.cc:169->softmax_accel_hls.cc:201]   --->   Operation 23 'zext' 'wide_trip_count' <Predicate = true> <Delay = 0.00>
ST_2 : Operation 24 [1/1] (0.00ns)   --->   "%sext_ln204 = sext i60 %trunc_ln" [softmax_accel_hls.cc:204]   --->   Operation 24 'sext' 'sext_ln204' <Predicate = true> <Delay = 0.00>
ST_2 : Operation 25 [1/1] (0.00ns)   --->   "%gmem_addr = getelementptr i128 %gmem, i64 %sext_ln204" [softmax_accel_hls.cc:204]   --->   Operation 25 'getelementptr' 'gmem_addr' <Predicate = true> <Delay = 0.00>
ST_2 : Operation 26 [8/8] (8.61ns)   --->   "%empty = readreq i1 @_ssdm_op_ReadReq.m_axi.p1i128, i128 %gmem_addr, i64 %wide_trip_count" [softmax_accel_hls.cc:204]   --->   Operation 26 'readreq' 'empty' <Predicate = true> <Delay = 8.61> <CoreInst = "m_axi">   --->   Core 111 'm_axi' <Latency = 6> <II = 1> <Delay = 1.00> <Adapter> <Opcode : 'read' 'write' 'readreq' 'writereq' 'writeresp'>

State 3 <SV = 2> <Delay = 8.61>
ST_3 : Operation 27 [7/8] (8.61ns)   --->   "%empty = readreq i1 @_ssdm_op_ReadReq.m_axi.p1i128, i128 %gmem_addr, i64 %wide_trip_count" [softmax_accel_hls.cc:204]   --->   Operation 27 'readreq' 'empty' <Predicate = true> <Delay = 8.61> <CoreInst = "m_axi">   --->   Core 111 'm_axi' <Latency = 6> <II = 1> <Delay = 1.00> <Adapter> <Opcode : 'read' 'write' 'readreq' 'writereq' 'writeresp'>

State 4 <SV = 3> <Delay = 8.61>
ST_4 : Operation 28 [6/8] (8.61ns)   --->   "%empty = readreq i1 @_ssdm_op_ReadReq.m_axi.p1i128, i128 %gmem_addr, i64 %wide_trip_count" [softmax_accel_hls.cc:204]   --->   Operation 28 'readreq' 'empty' <Predicate = true> <Delay = 8.61> <CoreInst = "m_axi">   --->   Core 111 'm_axi' <Latency = 6> <II = 1> <Delay = 1.00> <Adapter> <Opcode : 'read' 'write' 'readreq' 'writereq' 'writeresp'>

State 5 <SV = 4> <Delay = 8.61>
ST_5 : Operation 29 [5/8] (8.61ns)   --->   "%empty = readreq i1 @_ssdm_op_ReadReq.m_axi.p1i128, i128 %gmem_addr, i64 %wide_trip_count" [softmax_accel_hls.cc:204]   --->   Operation 29 'readreq' 'empty' <Predicate = true> <Delay = 8.61> <CoreInst = "m_axi">   --->   Core 111 'm_axi' <Latency = 6> <II = 1> <Delay = 1.00> <Adapter> <Opcode : 'read' 'write' 'readreq' 'writereq' 'writeresp'>

State 6 <SV = 5> <Delay = 8.61>
ST_6 : Operation 30 [4/8] (8.61ns)   --->   "%empty = readreq i1 @_ssdm_op_ReadReq.m_axi.p1i128, i128 %gmem_addr, i64 %wide_trip_count" [softmax_accel_hls.cc:204]   --->   Operation 30 'readreq' 'empty' <Predicate = true> <Delay = 8.61> <CoreInst = "m_axi">   --->   Core 111 'm_axi' <Latency = 6> <II = 1> <Delay = 1.00> <Adapter> <Opcode : 'read' 'write' 'readreq' 'writereq' 'writeresp'>

State 7 <SV = 6> <Delay = 8.61>
ST_7 : Operation 31 [3/8] (8.61ns)   --->   "%empty = readreq i1 @_ssdm_op_ReadReq.m_axi.p1i128, i128 %gmem_addr, i64 %wide_trip_count" [softmax_accel_hls.cc:204]   --->   Operation 31 'readreq' 'empty' <Predicate = true> <Delay = 8.61> <CoreInst = "m_axi">   --->   Core 111 'm_axi' <Latency = 6> <II = 1> <Delay = 1.00> <Adapter> <Opcode : 'read' 'write' 'readreq' 'writereq' 'writeresp'>

State 8 <SV = 7> <Delay = 8.61>
ST_8 : Operation 32 [2/8] (8.61ns)   --->   "%empty = readreq i1 @_ssdm_op_ReadReq.m_axi.p1i128, i128 %gmem_addr, i64 %wide_trip_count" [softmax_accel_hls.cc:204]   --->   Operation 32 'readreq' 'empty' <Predicate = true> <Delay = 8.61> <CoreInst = "m_axi">   --->   Core 111 'm_axi' <Latency = 6> <II = 1> <Delay = 1.00> <Adapter> <Opcode : 'read' 'write' 'readreq' 'writereq' 'writeresp'>

State 9 <SV = 8> <Delay = 8.61>
ST_9 : Operation 33 [1/8] (8.61ns)   --->   "%empty = readreq i1 @_ssdm_op_ReadReq.m_axi.p1i128, i128 %gmem_addr, i64 %wide_trip_count" [softmax_accel_hls.cc:204]   --->   Operation 33 'readreq' 'empty' <Predicate = true> <Delay = 8.61> <CoreInst = "m_axi">   --->   Core 111 'm_axi' <Latency = 6> <II = 1> <Delay = 1.00> <Adapter> <Opcode : 'read' 'write' 'readreq' 'writereq' 'writeresp'>

State 10 <SV = 9> <Delay = 3.45>
ST_10 : Operation 34 [2/2] (3.45ns)   --->   "%call_ln169 = call void @load_logits_and_find_max_Pipeline_load_loop, i7 %blocks, i9 %n_read, i128 %gmem, i60 %trunc_ln, i32 %logits_buf_3, i32 %logits_buf_2, i32 %logits_buf_1, i32 %logits_buf_0, i32 %max_x_loc" [softmax_accel_hls.cc:169->softmax_accel_hls.cc:201]   --->   Operation 34 'call' 'call_ln169' <Predicate = true> <Delay = 3.45> <CoreType = "Generic">   --->   Generic Core

State 11 <SV = 10> <Delay = 0.00>
ST_11 : Operation 35 [1/2] (0.00ns)   --->   "%call_ln169 = call void @load_logits_and_find_max_Pipeline_load_loop, i7 %blocks, i9 %n_read, i128 %gmem, i60 %trunc_ln, i32 %logits_buf_3, i32 %logits_buf_2, i32 %logits_buf_1, i32 %logits_buf_0, i32 %max_x_loc" [softmax_accel_hls.cc:169->softmax_accel_hls.cc:201]   --->   Operation 35 'call' 'call_ln169' <Predicate = true> <Delay = 0.00> <CoreType = "Generic">   --->   Generic Core

State 12 <SV = 11> <Delay = 0.00>
ST_12 : Operation 36 [1/1] (0.00ns)   --->   "%specmemcore_ln0 = specmemcore void @_ssdm_op_SpecMemCore, i32 %logits_buf_0, i64 666, i64 22, i64 18446744073709551615"   --->   Operation 36 'specmemcore' 'specmemcore_ln0' <Predicate = true> <Delay = 0.00>
ST_12 : Operation 37 [1/1] (0.00ns)   --->   "%specmemcore_ln0 = specmemcore void @_ssdm_op_SpecMemCore, i32 %logits_buf_1, i64 666, i64 22, i64 18446744073709551615"   --->   Operation 37 'specmemcore' 'specmemcore_ln0' <Predicate = true> <Delay = 0.00>
ST_12 : Operation 38 [1/1] (0.00ns)   --->   "%specmemcore_ln0 = specmemcore void @_ssdm_op_SpecMemCore, i32 %logits_buf_2, i64 666, i64 22, i64 18446744073709551615"   --->   Operation 38 'specmemcore' 'specmemcore_ln0' <Predicate = true> <Delay = 0.00>
ST_12 : Operation 39 [1/1] (0.00ns)   --->   "%specmemcore_ln0 = specmemcore void @_ssdm_op_SpecMemCore, i32 %logits_buf_3, i64 666, i64 22, i64 18446744073709551615"   --->   Operation 39 'specmemcore' 'specmemcore_ln0' <Predicate = true> <Delay = 0.00>
ST_12 : Operation 40 [1/1] (0.00ns)   --->   "%specinterface_ln0 = specinterface void @_ssdm_op_SpecInterface, i128 %gmem, void @empty_0, i32 0, i32 0, void @empty_1, i32 0, i32 4096, void @empty_2, void @empty_3, void @empty_1, i32 16, i32 16, i32 16, i32 16, void @empty_1, void @empty_1, i32 4294967295, i32 0, i32 0"   --->   Operation 40 'specinterface' 'specinterface_ln0' <Predicate = true> <Delay = 0.00>
ST_12 : Operation 41 [1/1] (0.00ns)   --->   "%max_x_loc_load = load i32 %max_x_loc"   --->   Operation 41 'load' 'max_x_loc_load' <Predicate = true> <Delay = 0.00>
ST_12 : Operation 42 [1/1] (0.00ns)   --->   "%ret_ln243 = ret i32 %max_x_loc_load" [softmax_accel_hls.cc:243]   --->   Operation 42 'ret' 'ret_ln243' <Predicate = true> <Delay = 0.00>


============================================================
+ Verbose Summary: Timing violations
============================================================
Target clock period: 11.800ns, clock uncertainty: 3.186ns.

 <State 1>: 3.520ns
The critical path consists of the following:
	wire read operation ('in_l_read') on port 'in_l' [10]  (0.000 ns)
	'add' operation 64 bit ('add_ln204', softmax_accel_hls.cc:204) [23]  (3.520 ns)

 <State 2>: 8.614ns
The critical path consists of the following:
	bus request operation ('empty', softmax_accel_hls.cc:204) on port 'gmem' (softmax_accel_hls.cc:204) [27]  (8.614 ns)

 <State 3>: 8.614ns
The critical path consists of the following:
	bus request operation ('empty', softmax_accel_hls.cc:204) on port 'gmem' (softmax_accel_hls.cc:204) [27]  (8.614 ns)

 <State 4>: 8.614ns
The critical path consists of the following:
	bus request operation ('empty', softmax_accel_hls.cc:204) on port 'gmem' (softmax_accel_hls.cc:204) [27]  (8.614 ns)

 <State 5>: 8.614ns
The critical path consists of the following:
	bus request operation ('empty', softmax_accel_hls.cc:204) on port 'gmem' (softmax_accel_hls.cc:204) [27]  (8.614 ns)

 <State 6>: 8.614ns
The critical path consists of the following:
	bus request operation ('empty', softmax_accel_hls.cc:204) on port 'gmem' (softmax_accel_hls.cc:204) [27]  (8.614 ns)

 <State 7>: 8.614ns
The critical path consists of the following:
	bus request operation ('empty', softmax_accel_hls.cc:204) on port 'gmem' (softmax_accel_hls.cc:204) [27]  (8.614 ns)

 <State 8>: 8.614ns
The critical path consists of the following:
	bus request operation ('empty', softmax_accel_hls.cc:204) on port 'gmem' (softmax_accel_hls.cc:204) [27]  (8.614 ns)

 <State 9>: 8.614ns
The critical path consists of the following:
	bus request operation ('empty', softmax_accel_hls.cc:204) on port 'gmem' (softmax_accel_hls.cc:204) [27]  (8.614 ns)

 <State 10>: 3.458ns
The critical path consists of the following:
	'call' operation 0 bit ('call_ln169', softmax_accel_hls.cc:169->softmax_accel_hls.cc:201) to 'load_logits_and_find_max_Pipeline_load_loop' [28]  (3.458 ns)

 <State 11>: 0.000ns
The critical path consists of the following:

 <State 12>: 0.000ns
The critical path consists of the following:


============================================================
+ Verbose Summary: Binding
============================================================
N/A
* FSMD analyzer results:
  - Output states:
 - Input state : 
  - Chain level:
	State 1
	State 2
	State 3
	State 4
	State 5
	State 6
	State 7
	State 8
	State 9
	State 10
	State 11
	State 12


============================================================
+ Verbose Summary: Datapath Resource usage 
============================================================
N/A
