

================================================================
== Vitis HLS Report for 'normalize_and_store'
================================================================
* Date:           Sat Mar 14 14:59:13 2026

* Version:        2025.1 (Build 6135595 on May 21 2025)
* Project:        Prometheus_streaming_w4
* Solution:       hls (Vivado IP Flow Target)
* Product family: zynq
* Target device:  xc7z020-clg400-1


================================================================
== Performance Estimates
================================================================
+ Timing: 
    * Summary: 
    +--------+----------+----------+------------+
    |  Clock |  Target  | Estimated| Uncertainty|
    +--------+----------+----------+------------+
    |ap_clk  |  11.80 ns|  8.614 ns|     3.19 ns|
    +--------+----------+----------+------------+

+ Latency: 
    * Summary: 
    +---------+---------+-----------+----------+-----+-----+----------+
    |  Latency (cycles) |  Latency (absolute)  |  Interval | Pipeline |
    |   min   |   max   |    min    |    max   | min | max |   Type   |
    +---------+---------+-----------+----------+-----+-----+----------+
    |        7|       92|  82.600 ns|  1.086 us|    7|   90|  dataflow|
    +---------+---------+-----------+----------+-----+-----+----------+

    + Detail: 
        * Instance: 
        +------------------------------+-------------------+---------+---------+-----------+----------+-----+-----+---------+
        |                              |                   |  Latency (cycles) |  Latency (absolute)  |  Interval | Pipeline|
        |           Instance           |       Module      |   min   |   max   |    min    |    max   | min | max |   Type  |
        +------------------------------+-------------------+---------+---------+-----------+----------+-----+-----+---------+
        |grp_emit_prob_stream_fu_102   |emit_prob_stream   |        6|       69|  70.800 ns|  0.814 us|    6|   69|       no|
        |grp_write_prob_stream_fu_119  |write_prob_stream  |        4|       89|  47.200 ns|  1.050 us|    4|   89|       no|
        +------------------------------+-------------------+---------+---------+-----------+----------+-----+-----+---------+

        * Loop: 
        N/A

============================================================
+ Verbose Summary: Synthesis Manager
============================================================
InlineROM: 1
ExposeGlobal: 0
============================================================
+ Verbose Summary: CDFG Model
============================================================
IsTopModel: 0
ResetActiveHigh: 1
IsCombinational: 2
IsDatapathOnly: 0
HasWiredReturn: 1
HasMFsm: 0
HasVarLatency: 1
IsPipeline: 0
IsRtlPipelined: 0
IsInstanceOverlapped: 0
IsDontTouch: 0
HasImplIP: 0
IsGatedGlobalClock: 0


============================================================
+ Verbose Summary: Schedule
============================================================
* Number of FSM states : 4
* Pipeline : 0
* Dataflow Pipeline: 1
  DF-Pipeline-0: Size = 4, States = { 1 2 3 4 }

* FSM state transitions: 
1 --> 2 
2 --> 3 
3 --> 4 
4 --> 

* FSM state operations: 

State 1 <SV = 0> <Delay = 5.28>
ST_1 : Operation 5 [1/1] (0.00ns)   --->   "%inv_sum_q30_read = read i31 @_ssdm_op_Read.ap_auto.i31, i31 %inv_sum_q30"   --->   Operation 5 'read' 'inv_sum_q30_read' <Predicate = true> <Delay = 0.00>
ST_1 : Operation 6 [1/1] (0.00ns)   --->   "%n_read = read i9 @_ssdm_op_Read.ap_auto.i9, i9 %n"   --->   Operation 6 'read' 'n_read' <Predicate = true> <Delay = 0.00>
ST_1 : Operation 7 [1/1] (0.00ns)   --->   "%prob_stream = alloca i64 1"   --->   Operation 7 'alloca' 'prob_stream' <Predicate = true> <Delay = 0.00> <CoreInst = "FIFO">   --->   Core 77 'FIFO' <Latency = 0> <II = 1> <Delay = 3.70> <Storage> <Opcode : 'read' 'write' 'nbread' 'nbwrite'> <Ports = 0> <Width = 132> <Depth = 16> <FIFO>
ST_1 : Operation 8 [2/2] (5.28ns)   --->   "%call_ln426 = call void @emit_prob_stream, i32 %exp_buf_0, i32 %exp_buf_1, i32 %exp_buf_2, i32 %exp_buf_3, i9 %n_read, i31 %inv_sum_q30_read, i132 %prob_stream" [softmax_accel_hls.cc:426]   --->   Operation 8 'call' 'call_ln426' <Predicate = true> <Delay = 5.28> <CoreType = "Generic">   --->   Generic Core

State 2 <SV = 1> <Delay = 0.00>
ST_2 : Operation 9 [1/2] (0.00ns)   --->   "%call_ln426 = call void @emit_prob_stream, i32 %exp_buf_0, i32 %exp_buf_1, i32 %exp_buf_2, i32 %exp_buf_3, i9 %n_read, i31 %inv_sum_q30_read, i132 %prob_stream" [softmax_accel_hls.cc:426]   --->   Operation 9 'call' 'call_ln426' <Predicate = true> <Delay = 0.00> <CoreType = "Generic">   --->   Generic Core

State 3 <SV = 2> <Delay = 5.95>
ST_3 : Operation 10 [1/1] (0.00ns)   --->   "%pr_l_read = read i28 @_ssdm_op_Read.ap_auto.i28, i28 %pr_l"   --->   Operation 10 'read' 'pr_l_read' <Predicate = true> <Delay = 0.00>
ST_3 : Operation 11 [1/1] (0.00ns)   --->   "%mem_read = read i64 @_ssdm_op_Read.ap_auto.i64, i64 %mem"   --->   Operation 11 'read' 'mem_read' <Predicate = true> <Delay = 0.00>
ST_3 : Operation 12 [2/2] (5.95ns)   --->   "%call_ln427 = call void @write_prob_stream, i128 %gmem, i64 %mem_read, i28 %pr_l_read, i9 %n_read, i132 %prob_stream" [softmax_accel_hls.cc:427]   --->   Operation 12 'call' 'call_ln427' <Predicate = true> <Delay = 5.95> <CoreType = "Generic">   --->   Generic Core

State 4 <SV = 3> <Delay = 0.00>
ST_4 : Operation 13 [1/1] (0.00ns)   --->   "%specstablecontent_ln421 = specstablecontent void @_ssdm_op_SpecStableContent, i31 %inv_sum_q30, i1 1, void @p_str" [softmax_accel_hls.cc:421]   --->   Operation 13 'specstablecontent' 'specstablecontent_ln421' <Predicate = true> <Delay = 0.00>
ST_4 : Operation 14 [1/1] (0.00ns)   --->   "%specstablecontent_ln421 = specstablecontent void @_ssdm_op_SpecStableContent, i32 %exp_buf_3, i1 1, void @p_str" [softmax_accel_hls.cc:421]   --->   Operation 14 'specstablecontent' 'specstablecontent_ln421' <Predicate = true> <Delay = 0.00>
ST_4 : Operation 15 [1/1] (0.00ns)   --->   "%specstablecontent_ln421 = specstablecontent void @_ssdm_op_SpecStableContent, i32 %exp_buf_2, i1 1, void @p_str" [softmax_accel_hls.cc:421]   --->   Operation 15 'specstablecontent' 'specstablecontent_ln421' <Predicate = true> <Delay = 0.00>
ST_4 : Operation 16 [1/1] (0.00ns)   --->   "%specstablecontent_ln421 = specstablecontent void @_ssdm_op_SpecStableContent, i32 %exp_buf_1, i1 1, void @p_str" [softmax_accel_hls.cc:421]   --->   Operation 16 'specstablecontent' 'specstablecontent_ln421' <Predicate = true> <Delay = 0.00>
ST_4 : Operation 17 [1/1] (0.00ns)   --->   "%specstablecontent_ln421 = specstablecontent void @_ssdm_op_SpecStableContent, i32 %exp_buf_0, i1 1, void @p_str" [softmax_accel_hls.cc:421]   --->   Operation 17 'specstablecontent' 'specstablecontent_ln421' <Predicate = true> <Delay = 0.00>
ST_4 : Operation 18 [1/1] (0.00ns)   --->   "%specstablecontent_ln421 = specstablecontent void @_ssdm_op_SpecStableContent, i9 %n, i1 1, void @p_str" [softmax_accel_hls.cc:421]   --->   Operation 18 'specstablecontent' 'specstablecontent_ln421' <Predicate = true> <Delay = 0.00>
ST_4 : Operation 19 [1/1] (0.00ns)   --->   "%specstablecontent_ln421 = specstablecontent void @_ssdm_op_SpecStableContent, i28 %pr_l, i1 1, void @p_str" [softmax_accel_hls.cc:421]   --->   Operation 19 'specstablecontent' 'specstablecontent_ln421' <Predicate = true> <Delay = 0.00>
ST_4 : Operation 20 [1/1] (0.00ns)   --->   "%specstablecontent_ln421 = specstablecontent void @_ssdm_op_SpecStableContent, i64 %mem, i1 1, void @p_str" [softmax_accel_hls.cc:421]   --->   Operation 20 'specstablecontent' 'specstablecontent_ln421' <Predicate = true> <Delay = 0.00>
ST_4 : Operation 21 [1/1] (0.00ns)   --->   "%specdataflowpipeline_ln421 = specdataflowpipeline void @_ssdm_op_SpecDataflowPipeline, i32 4294967295, i32 0, void @empty_1" [softmax_accel_hls.cc:421]   --->   Operation 21 'specdataflowpipeline' 'specdataflowpipeline_ln421' <Predicate = true> <Delay = 0.00>
ST_4 : Operation 22 [1/1] (0.00ns)   --->   "%specmemcore_ln0 = specmemcore void @_ssdm_op_SpecMemCore, i32 %exp_buf_0, i64 666, i64 22, i64 18446744073709551615"   --->   Operation 22 'specmemcore' 'specmemcore_ln0' <Predicate = true> <Delay = 0.00>
ST_4 : Operation 23 [1/1] (0.00ns)   --->   "%specmemcore_ln0 = specmemcore void @_ssdm_op_SpecMemCore, i32 %exp_buf_1, i64 666, i64 22, i64 18446744073709551615"   --->   Operation 23 'specmemcore' 'specmemcore_ln0' <Predicate = true> <Delay = 0.00>
ST_4 : Operation 24 [1/1] (0.00ns)   --->   "%specmemcore_ln0 = specmemcore void @_ssdm_op_SpecMemCore, i32 %exp_buf_2, i64 666, i64 22, i64 18446744073709551615"   --->   Operation 24 'specmemcore' 'specmemcore_ln0' <Predicate = true> <Delay = 0.00>
ST_4 : Operation 25 [1/1] (0.00ns)   --->   "%specmemcore_ln0 = specmemcore void @_ssdm_op_SpecMemCore, i32 %exp_buf_3, i64 666, i64 22, i64 18446744073709551615"   --->   Operation 25 'specmemcore' 'specmemcore_ln0' <Predicate = true> <Delay = 0.00>
ST_4 : Operation 26 [1/1] (0.00ns)   --->   "%specinterface_ln0 = specinterface void @_ssdm_op_SpecInterface, i128 %gmem, void @empty_0, i32 0, i32 0, void @empty_1, i32 0, i32 4096, void @empty_2, void @empty_3, void @empty_1, i32 16, i32 16, i32 16, i32 16, void @empty_1, void @empty_1, i32 4294967295, i32 0, i32 0"   --->   Operation 26 'specinterface' 'specinterface_ln0' <Predicate = true> <Delay = 0.00>
ST_4 : Operation 27 [1/1] (0.00ns)   --->   "%empty = specchannel i32 @_ssdm_op_SpecChannel, void @prob_stream_str, i32 1, void @p_str, void @p_str, i32 16, i32 16, i132 %prob_stream, i132 %prob_stream"   --->   Operation 27 'specchannel' 'empty' <Predicate = true> <Delay = 0.00>
ST_4 : Operation 28 [1/1] (0.00ns)   --->   "%specinterface_ln0 = specinterface void @_ssdm_op_SpecInterface, i132 %prob_stream, void @empty, i32 0, i32 0, void @empty_1, i32 0, i32 0, void @empty_1, void @empty_1, void @empty_1, i32 0, i32 0, i32 0, i32 0, void @empty_1, void @empty_1, i32 4294967295, i32 0, i32 0"   --->   Operation 28 'specinterface' 'specinterface_ln0' <Predicate = true> <Delay = 0.00>
ST_4 : Operation 29 [1/2] (0.00ns)   --->   "%call_ln427 = call void @write_prob_stream, i128 %gmem, i64 %mem_read, i28 %pr_l_read, i9 %n_read, i132 %prob_stream" [softmax_accel_hls.cc:427]   --->   Operation 29 'call' 'call_ln427' <Predicate = true> <Delay = 0.00> <CoreType = "Generic">   --->   Generic Core
ST_4 : Operation 30 [1/1] (0.00ns)   --->   "%ret_ln428 = ret" [softmax_accel_hls.cc:428]   --->   Operation 30 'ret' 'ret_ln428' <Predicate = true> <Delay = 0.00>


============================================================
+ Verbose Summary: Binding
============================================================
STG Binding: 
---------------- STG Properties BEGIN ----------------
- Is combinational: 0
- Is one-state seq: 0
- Is datapath-only: 0
- Is pipelined: 0
- Is top level: 0
Port [ Return ] is wired: 1; IO mode=ap_ctrl_hs:ce=0
Port [ gmem]:  wired=1; compound=1; hidden=0; nouse=0; global=0; static=0; extern=0; dir=2; type=4; pingpong=0; private_global=0; IO mode=m_axi:ce=0
Port [ mem]:  wired=1; compound=0; hidden=0; nouse=0; global=0; static=0; extern=0; dir=0; type=0; pingpong=0; private_global=0; IO mode=ap_none:ce=0
Port [ pr_l]:  wired=1; compound=0; hidden=0; nouse=0; global=0; static=0; extern=0; dir=0; type=0; pingpong=0; private_global=0; IO mode=ap_none:ce=0
Port [ n]:  wired=1; compound=0; hidden=0; nouse=0; global=0; static=0; extern=0; dir=0; type=0; pingpong=0; private_global=0; IO mode=ap_none:ce=0
Port [ exp_buf_0]:  wired=1; compound=1; hidden=0; nouse=0; global=0; static=0; extern=0; dir=0; type=1; pingpong=0; private_global=0; MemPort=[13]; IO mode=ap_memory:ce=0
Port [ exp_buf_1]:  wired=1; compound=1; hidden=0; nouse=0; global=0; static=0; extern=0; dir=0; type=1; pingpong=0; private_global=0; MemPort=[13]; IO mode=ap_memory:ce=0
Port [ exp_buf_2]:  wired=1; compound=1; hidden=0; nouse=0; global=0; static=0; extern=0; dir=0; type=1; pingpong=0; private_global=0; MemPort=[13]; IO mode=ap_memory:ce=0
Port [ exp_buf_3]:  wired=1; compound=1; hidden=0; nouse=0; global=0; static=0; extern=0; dir=0; type=1; pingpong=0; private_global=0; MemPort=[13]; IO mode=ap_memory:ce=0
Port [ inv_sum_q30]:  wired=1; compound=0; hidden=0; nouse=0; global=0; static=0; extern=0; dir=0; type=0; pingpong=0; private_global=0; IO mode=ap_none:ce=0
---------------- STG Properties END ------------------

---------------- Datapath Model BEGIN ----------------

<LifeTime>
<method=bitvector/>
inv_sum_q30_read           (read                ) [ 00100]
n_read                     (read                ) [ 00111]
prob_stream                (alloca              ) [ 01111]
call_ln426                 (call                ) [ 00000]
pr_l_read                  (read                ) [ 00001]
mem_read                   (read                ) [ 00001]
specstablecontent_ln421    (specstablecontent   ) [ 00000]
specstablecontent_ln421    (specstablecontent   ) [ 00000]
specstablecontent_ln421    (specstablecontent   ) [ 00000]
specstablecontent_ln421    (specstablecontent   ) [ 00000]
specstablecontent_ln421    (specstablecontent   ) [ 00000]
specstablecontent_ln421    (specstablecontent   ) [ 00000]
specstablecontent_ln421    (specstablecontent   ) [ 00000]
specstablecontent_ln421    (specstablecontent   ) [ 00000]
specdataflowpipeline_ln421 (specdataflowpipeline) [ 00000]
specmemcore_ln0            (specmemcore         ) [ 00000]
specmemcore_ln0            (specmemcore         ) [ 00000]
specmemcore_ln0            (specmemcore         ) [ 00000]
specmemcore_ln0            (specmemcore         ) [ 00000]
specinterface_ln0          (specinterface       ) [ 00000]
empty                      (specchannel         ) [ 00000]
specinterface_ln0          (specinterface       ) [ 00000]
call_ln427                 (call                ) [ 00000]
ret_ln428                  (ret                 ) [ 00000]
</LifeTime>

<model>

<comp_list>
<comp id="0" class="1000" name="gmem">
<pin_list>
<pin id="1" dir="1" index="0" bw="1" slack="0"/>
</pin_list>
<bind>
<StgValue><ssdm name="gmem"/><MemPortTyVec>2 </MemPortTyVec>
</StgValue>
</bind>
</comp>

<comp id="2" class="1000" name="mem">
<pin_list>
<pin id="3" dir="1" index="0" bw="1" slack="0"/>
</pin_list>
<bind>
<StgValue><ssdm name="mem"/></StgValue>
</bind>
</comp>

<comp id="4" class="1000" name="pr_l">
<pin_list>
<pin id="5" dir="1" index="0" bw="1" slack="0"/>
</pin_list>
<bind>
<StgValue><ssdm name="pr_l"/></StgValue>
</bind>
</comp>

<comp id="6" class="1000" name="n">
<pin_list>
<pin id="7" dir="1" index="0" bw="1" slack="0"/>
</pin_list>
<bind>
<StgValue><ssdm name="n"/></StgValue>
</bind>
</comp>

<comp id="8" class="1000" name="exp_buf_0">
<pin_list>
<pin id="9" dir="1" index="0" bw="1" slack="0"/>
</pin_list>
<bind>
<StgValue><ssdm name="exp_buf_0"/><MemPortTyVec>1 3 </MemPortTyVec>
</StgValue>
</bind>
</comp>

<comp id="10" class="1000" name="exp_buf_1">
<pin_list>
<pin id="11" dir="1" index="0" bw="1" slack="0"/>
</pin_list>
<bind>
<StgValue><ssdm name="exp_buf_1"/><MemPortTyVec>1 3 </MemPortTyVec>
</StgValue>
</bind>
</comp>

<comp id="12" class="1000" name="exp_buf_2">
<pin_list>
<pin id="13" dir="1" index="0" bw="1" slack="0"/>
</pin_list>
<bind>
<StgValue><ssdm name="exp_buf_2"/><MemPortTyVec>1 3 </MemPortTyVec>
</StgValue>
</bind>
</comp>

<comp id="14" class="1000" name="exp_buf_3">
<pin_list>
<pin id="15" dir="1" index="0" bw="1" slack="0"/>
</pin_list>
<bind>
<StgValue><ssdm name="exp_buf_3"/><MemPortTyVec>1 3 </MemPortTyVec>
</StgValue>
</bind>
</comp>

<comp id="16" class="1000" name="inv_sum_q30">
<pin_list>
<pin id="17" dir="1" index="0" bw="1" slack="0"/>
</pin_list>
<bind>
<StgValue><ssdm name="inv_sum_q30"/></StgValue>
</bind>
</comp>

<comp id="18" class="1001" name="const_18">
<pin_list>
<pin id="19" dir="1" index="0" bw="1" slack="0"/>
</pin_list>
<bind>
<StgValue><ssdm name="_ssdm_op_Read.ap_auto.i31"/></StgValue>
</bind>
</comp>

<comp id="20" class="1001" name="const_20">
<pin_list>
<pin id="21" dir="1" index="0" bw="1" slack="0"/>
</pin_list>
<bind>
<StgValue><ssdm name="_ssdm_op_Read.ap_auto.i9"/></StgValue>
</bind>
</comp>

<comp id="22" class="1001" name="const_22">
<pin_list>
<pin id="23" dir="1" index="0" bw="1" slack="0"/>
</pin_list>
<bind>
<StgValue><ssdm name=""/></StgValue>
</bind>
</comp>

<comp id="24" class="1001" name="const_24">
<pin_list>
<pin id="25" dir="1" index="0" bw="1" slack="0"/>
</pin_list>
<bind>
<StgValue><ssdm name="emit_prob_stream"/></StgValue>
</bind>
</comp>

<comp id="26" class="1001" name="const_26">
<pin_list>
<pin id="27" dir="1" index="0" bw="1" slack="0"/>
</pin_list>
<bind>
<StgValue><ssdm name="_ssdm_op_Read.ap_auto.i28"/></StgValue>
</bind>
</comp>

<comp id="28" class="1001" name="const_28">
<pin_list>
<pin id="29" dir="1" index="0" bw="1" slack="0"/>
</pin_list>
<bind>
<StgValue><ssdm name="_ssdm_op_Read.ap_auto.i64"/></StgValue>
</bind>
</comp>

<comp id="30" class="1001" name="const_30">
<pin_list>
<pin id="31" dir="1" index="0" bw="1" slack="0"/>
</pin_list>
<bind>
<StgValue><ssdm name="write_prob_stream"/></StgValue>
</bind>
</comp>

<comp id="32" class="1001" name="const_32">
<pin_list>
<pin id="33" dir="1" index="0" bw="1" slack="2147483647"/>
</pin_list>
<bind>
<StgValue><ssdm name="_ssdm_op_SpecStableContent"/></StgValue>
</bind>
</comp>

<comp id="34" class="1001" name="const_34">
<pin_list>
<pin id="35" dir="1" index="0" bw="1" slack="2147483647"/>
</pin_list>
<bind>
<StgValue><ssdm name=""/></StgValue>
</bind>
</comp>

<comp id="36" class="1001" name="const_36">
<pin_list>
<pin id="37" dir="1" index="0" bw="1" slack="2147483647"/>
</pin_list>
<bind>
<StgValue><ssdm name="p_str"/></StgValue>
</bind>
</comp>

<comp id="38" class="1001" name="const_38">
<pin_list>
<pin id="39" dir="1" index="0" bw="1" slack="2147483647"/>
</pin_list>
<bind>
<StgValue><ssdm name="_ssdm_op_SpecDataflowPipeline"/></StgValue>
</bind>
</comp>

<comp id="40" class="1001" name="const_40">
<pin_list>
<pin id="41" dir="1" index="0" bw="1" slack="2147483647"/>
</pin_list>
<bind>
<StgValue><ssdm name=""/></StgValue>
</bind>
</comp>

<comp id="42" class="1001" name="const_42">
<pin_list>
<pin id="43" dir="1" index="0" bw="1" slack="2147483647"/>
</pin_list>
<bind>
<StgValue><ssdm name=""/></StgValue>
</bind>
</comp>

<comp id="44" class="1001" name="const_44">
<pin_list>
<pin id="45" dir="1" index="0" bw="1" slack="2147483647"/>
</pin_list>
<bind>
<StgValue><ssdm name="empty_1"/></StgValue>
</bind>
</comp>

<comp id="46" class="1001" name="const_46">
<pin_list>
<pin id="47" dir="1" index="0" bw="1" slack="2147483647"/>
</pin_list>
<bind>
<StgValue><ssdm name="_ssdm_op_SpecMemCore"/></StgValue>
</bind>
</comp>

<comp id="48" class="1001" name="const_48">
<pin_list>
<pin id="49" dir="1" index="0" bw="1" slack="2147483647"/>
</pin_list>
<bind>
<StgValue><ssdm name=""/></StgValue>
</bind>
</comp>

<comp id="50" class="1001" name="const_50">
<pin_list>
<pin id="51" dir="1" index="0" bw="1" slack="2147483647"/>
</pin_list>
<bind>
<StgValue><ssdm name=""/></StgValue>
</bind>
</comp>

<comp id="52" class="1001" name="const_52">
<pin_list>
<pin id="53" dir="1" index="0" bw="1" slack="2147483647"/>
</pin_list>
<bind>
<StgValue><ssdm name=""/></StgValue>
</bind>
</comp>

<comp id="54" class="1001" name="const_54">
<pin_list>
<pin id="55" dir="1" index="0" bw="1" slack="2147483647"/>
</pin_list>
<bind>
<StgValue><ssdm name="_ssdm_op_SpecInterface"/></StgValue>
</bind>
</comp>

<comp id="56" class="1001" name="const_56">
<pin_list>
<pin id="57" dir="1" index="0" bw="1" slack="2147483647"/>
</pin_list>
<bind>
<StgValue><ssdm name="empty_0"/></StgValue>
</bind>
</comp>

<comp id="58" class="1001" name="const_58">
<pin_list>
<pin id="59" dir="1" index="0" bw="1" slack="2147483647"/>
</pin_list>
<bind>
<StgValue><ssdm name=""/></StgValue>
</bind>
</comp>

<comp id="60" class="1001" name="const_60">
<pin_list>
<pin id="61" dir="1" index="0" bw="1" slack="2147483647"/>
</pin_list>
<bind>
<StgValue><ssdm name="empty_2"/></StgValue>
</bind>
</comp>

<comp id="62" class="1001" name="const_62">
<pin_list>
<pin id="63" dir="1" index="0" bw="1" slack="2147483647"/>
</pin_list>
<bind>
<StgValue><ssdm name="empty_3"/></StgValue>
</bind>
</comp>

<comp id="64" class="1001" name="const_64">
<pin_list>
<pin id="65" dir="1" index="0" bw="1" slack="2147483647"/>
</pin_list>
<bind>
<StgValue><ssdm name=""/></StgValue>
</bind>
</comp>

<comp id="66" class="1001" name="const_66">
<pin_list>
<pin id="67" dir="1" index="0" bw="1" slack="2147483647"/>
</pin_list>
<bind>
<StgValue><ssdm name="_ssdm_op_SpecChannel"/></StgValue>
</bind>
</comp>

<comp id="68" class="1001" name="const_68">
<pin_list>
<pin id="69" dir="1" index="0" bw="1" slack="2147483647"/>
</pin_list>
<bind>
<StgValue><ssdm name="prob_stream_str"/></StgValue>
</bind>
</comp>

<comp id="70" class="1001" name="const_70">
<pin_list>
<pin id="71" dir="1" index="0" bw="1" slack="2147483647"/>
</pin_list>
<bind>
<StgValue><ssdm name=""/></StgValue>
</bind>
</comp>

<comp id="72" class="1001" name="const_72">
<pin_list>
<pin id="73" dir="1" index="0" bw="1" slack="2147483647"/>
</pin_list>
<bind>
<StgValue><ssdm name="empty"/></StgValue>
</bind>
</comp>

<comp id="74" class="1004" name="prob_stream_fu_74">
<pin_list>
<pin id="75" dir="0" index="0" bw="1" slack="0"/>
<pin id="76" dir="1" index="1" bw="132" slack="0"/>
</pin_list>
<bind>
<opcode="alloca(26) " fcode="alloca"/>
<opset="prob_stream/1 "/>
</bind>
</comp>

<comp id="78" class="1004" name="inv_sum_q30_read_read_fu_78">
<pin_list>
<pin id="79" dir="0" index="0" bw="31" slack="0"/>
<pin id="80" dir="0" index="1" bw="31" slack="0"/>
<pin id="81" dir="1" index="2" bw="31" slack="0"/>
</pin_list>
<bind>
<opcode="read(1150) " fcode="read"/>
<opset="inv_sum_q30_read/1 "/>
</bind>
</comp>

<comp id="84" class="1004" name="n_read_read_fu_84">
<pin_list>
<pin id="85" dir="0" index="0" bw="9" slack="0"/>
<pin id="86" dir="0" index="1" bw="9" slack="0"/>
<pin id="87" dir="1" index="2" bw="9" slack="0"/>
</pin_list>
<bind>
<opcode="read(1150) " fcode="read"/>
<opset="n_read/1 "/>
</bind>
</comp>

<comp id="90" class="1004" name="pr_l_read_read_fu_90">
<pin_list>
<pin id="91" dir="0" index="0" bw="28" slack="0"/>
<pin id="92" dir="0" index="1" bw="28" slack="0"/>
<pin id="93" dir="1" index="2" bw="28" slack="0"/>
</pin_list>
<bind>
<opcode="read(1150) " fcode="read"/>
<opset="pr_l_read/3 "/>
</bind>
</comp>

<comp id="96" class="1004" name="mem_read_read_fu_96">
<pin_list>
<pin id="97" dir="0" index="0" bw="64" slack="0"/>
<pin id="98" dir="0" index="1" bw="64" slack="0"/>
<pin id="99" dir="1" index="2" bw="64" slack="0"/>
</pin_list>
<bind>
<opcode="read(1150) " fcode="read"/>
<opset="mem_read/3 "/>
</bind>
</comp>

<comp id="102" class="1004" name="grp_emit_prob_stream_fu_102">
<pin_list>
<pin id="103" dir="0" index="0" bw="0" slack="0"/>
<pin id="104" dir="0" index="1" bw="32" slack="0"/>
<pin id="105" dir="0" index="2" bw="32" slack="0"/>
<pin id="106" dir="0" index="3" bw="32" slack="0"/>
<pin id="107" dir="0" index="4" bw="32" slack="0"/>
<pin id="108" dir="0" index="5" bw="9" slack="0"/>
<pin id="109" dir="0" index="6" bw="31" slack="0"/>
<pin id="110" dir="0" index="7" bw="132" slack="0"/>
<pin id="111" dir="1" index="8" bw="0" slack="2147483647"/>
</pin_list>
<bind>
<opcode="call(48) " fcode="call"/>
<opset="call_ln426/1 "/>
</bind>
</comp>

<comp id="119" class="1004" name="grp_write_prob_stream_fu_119">
<pin_list>
<pin id="120" dir="0" index="0" bw="0" slack="0"/>
<pin id="121" dir="0" index="1" bw="128" slack="0"/>
<pin id="122" dir="0" index="2" bw="64" slack="0"/>
<pin id="123" dir="0" index="3" bw="28" slack="0"/>
<pin id="124" dir="0" index="4" bw="9" slack="2"/>
<pin id="125" dir="0" index="5" bw="132" slack="2"/>
<pin id="126" dir="1" index="6" bw="0" slack="2147483647"/>
</pin_list>
<bind>
<opcode="call(48) " fcode="call"/>
<opset="call_ln427/3 "/>
</bind>
</comp>

<comp id="131" class="1005" name="inv_sum_q30_read_reg_131">
<pin_list>
<pin id="132" dir="0" index="0" bw="31" slack="1"/>
<pin id="133" dir="1" index="1" bw="31" slack="1"/>
</pin_list>
<bind>
<opset="inv_sum_q30_read "/>
</bind>
</comp>

<comp id="136" class="1005" name="n_read_reg_136">
<pin_list>
<pin id="137" dir="0" index="0" bw="9" slack="1"/>
<pin id="138" dir="1" index="1" bw="9" slack="1"/>
</pin_list>
<bind>
<opset="n_read "/>
</bind>
</comp>

<comp id="142" class="1005" name="prob_stream_reg_142">
<pin_list>
<pin id="143" dir="0" index="0" bw="132" slack="0"/>
<pin id="144" dir="1" index="1" bw="132" slack="0"/>
</pin_list>
<bind>
<opset="prob_stream "/>
</bind>
</comp>

<comp id="148" class="1005" name="pr_l_read_reg_148">
<pin_list>
<pin id="149" dir="0" index="0" bw="28" slack="1"/>
<pin id="150" dir="1" index="1" bw="28" slack="1"/>
</pin_list>
<bind>
<opset="pr_l_read "/>
</bind>
</comp>

<comp id="153" class="1005" name="mem_read_reg_153">
<pin_list>
<pin id="154" dir="0" index="0" bw="64" slack="1"/>
<pin id="155" dir="1" index="1" bw="64" slack="1"/>
</pin_list>
<bind>
<opset="mem_read "/>
</bind>
</comp>

</comp_list>

<net_list>
<net id="77"><net_src comp="22" pin="0"/><net_sink comp="74" pin=0"/></net>

<net id="82"><net_src comp="18" pin="0"/><net_sink comp="78" pin=0"/></net>

<net id="83"><net_src comp="16" pin="0"/><net_sink comp="78" pin=1"/></net>

<net id="88"><net_src comp="20" pin="0"/><net_sink comp="84" pin=0"/></net>

<net id="89"><net_src comp="6" pin="0"/><net_sink comp="84" pin=1"/></net>

<net id="94"><net_src comp="26" pin="0"/><net_sink comp="90" pin=0"/></net>

<net id="95"><net_src comp="4" pin="0"/><net_sink comp="90" pin=1"/></net>

<net id="100"><net_src comp="28" pin="0"/><net_sink comp="96" pin=0"/></net>

<net id="101"><net_src comp="2" pin="0"/><net_sink comp="96" pin=1"/></net>

<net id="112"><net_src comp="24" pin="0"/><net_sink comp="102" pin=0"/></net>

<net id="113"><net_src comp="8" pin="0"/><net_sink comp="102" pin=1"/></net>

<net id="114"><net_src comp="10" pin="0"/><net_sink comp="102" pin=2"/></net>

<net id="115"><net_src comp="12" pin="0"/><net_sink comp="102" pin=3"/></net>

<net id="116"><net_src comp="14" pin="0"/><net_sink comp="102" pin=4"/></net>

<net id="117"><net_src comp="84" pin="2"/><net_sink comp="102" pin=5"/></net>

<net id="118"><net_src comp="78" pin="2"/><net_sink comp="102" pin=6"/></net>

<net id="127"><net_src comp="30" pin="0"/><net_sink comp="119" pin=0"/></net>

<net id="128"><net_src comp="0" pin="0"/><net_sink comp="119" pin=1"/></net>

<net id="129"><net_src comp="96" pin="2"/><net_sink comp="119" pin=2"/></net>

<net id="130"><net_src comp="90" pin="2"/><net_sink comp="119" pin=3"/></net>

<net id="134"><net_src comp="78" pin="2"/><net_sink comp="131" pin=0"/></net>

<net id="135"><net_src comp="131" pin="1"/><net_sink comp="102" pin=6"/></net>

<net id="139"><net_src comp="84" pin="2"/><net_sink comp="136" pin=0"/></net>

<net id="140"><net_src comp="136" pin="1"/><net_sink comp="102" pin=5"/></net>

<net id="141"><net_src comp="136" pin="1"/><net_sink comp="119" pin=4"/></net>

<net id="145"><net_src comp="74" pin="1"/><net_sink comp="142" pin=0"/></net>

<net id="146"><net_src comp="142" pin="1"/><net_sink comp="102" pin=7"/></net>

<net id="147"><net_src comp="142" pin="1"/><net_sink comp="119" pin=5"/></net>

<net id="151"><net_src comp="90" pin="2"/><net_sink comp="148" pin=0"/></net>

<net id="152"><net_src comp="148" pin="1"/><net_sink comp="119" pin=3"/></net>

<net id="156"><net_src comp="96" pin="2"/><net_sink comp="153" pin=0"/></net>

<net id="157"><net_src comp="153" pin="1"/><net_sink comp="119" pin=2"/></net>

</net_list>

</model> 
---------------- Datapath Model END ------------------

* FSMD analyzer results:
  - Output states:
	Port: gmem | {3 4 }
 - Input state : 
	Port: normalize_and_store : gmem | {3 4 }
	Port: normalize_and_store : mem | {3 }
	Port: normalize_and_store : pr_l | {3 }
	Port: normalize_and_store : n | {1 }
	Port: normalize_and_store : exp_buf_0 | {1 2 }
	Port: normalize_and_store : exp_buf_1 | {1 2 }
	Port: normalize_and_store : exp_buf_2 | {1 2 }
	Port: normalize_and_store : exp_buf_3 | {1 2 }
	Port: normalize_and_store : inv_sum_q30 | {1 }
  - Chain level:
	State 1
		call_ln426 : 1
	State 2
	State 3
	State 4


============================================================
+ Verbose Summary: Datapath Resource usage 
============================================================

* Functional unit list:
|----------|------------------------------|---------|---------|---------|---------|
| Operation|        Functional Unit       |   DSP   |  Delay  |    FF   |   LUT   |
|----------|------------------------------|---------|---------|---------|---------|
|   call   |  grp_emit_prob_stream_fu_102 |    16   |  11.116 |   401   |   378   |
|          | grp_write_prob_stream_fu_119 |    0    |  6.352  |   1000  |   798   |
|----------|------------------------------|---------|---------|---------|---------|
|          |  inv_sum_q30_read_read_fu_78 |    0    |    0    |    0    |    0    |
|   read   |       n_read_read_fu_84      |    0    |    0    |    0    |    0    |
|          |     pr_l_read_read_fu_90     |    0    |    0    |    0    |    0    |
|          |      mem_read_read_fu_96     |    0    |    0    |    0    |    0    |
|----------|------------------------------|---------|---------|---------|---------|
|   Total  |                              |    16   |  17.468 |   1401  |   1176  |
|----------|------------------------------|---------|---------|---------|---------|

Memories:
N/A

* Register list:
+------------------------+--------+
|                        |   FF   |
+------------------------+--------+
|inv_sum_q30_read_reg_131|   31   |
|    mem_read_reg_153    |   64   |
|     n_read_reg_136     |    9   |
|    pr_l_read_reg_148   |   28   |
|   prob_stream_reg_142  |   132  |
+------------------------+--------+
|          Total         |   264  |
+------------------------+--------+

* Multiplexer (MUX) list: 
|------------------------------|------|------|------|--------||---------||---------||---------|
|             Comp             |  Pin | Size |  BW  | S x BW ||  Delay  ||    FF   ||   LUT   |
|------------------------------|------|------|------|--------||---------||---------||---------|
|  grp_emit_prob_stream_fu_102 |  p5  |   2  |   9  |   18   ||    0    ||    9    |
|  grp_emit_prob_stream_fu_102 |  p6  |   2  |  31  |   62   ||    0    ||    9    |
| grp_write_prob_stream_fu_119 |  p2  |   2  |  64  |   128  ||    0    ||    9    |
| grp_write_prob_stream_fu_119 |  p3  |   2  |  28  |   56   ||    0    ||    9    |
|------------------------------|------|------|------|--------||---------||---------||---------|
|             Total            |      |      |      |   264  ||  6.352  ||    0    ||    36   |
|------------------------------|------|------|------|--------||---------||---------||---------|



* Summary:
+-----------+--------+--------+--------+--------+
|           |   DSP  |  Delay |   FF   |   LUT  |
+-----------+--------+--------+--------+--------+
|  Function |   16   |   17   |  1401  |  1176  |
|   Memory  |    -   |    -   |    -   |    -   |
|Multiplexer|    -   |    6   |    0   |   36   |
|  Register |    -   |    -   |   264  |    -   |
+-----------+--------+--------+--------+--------+
|   Total   |   16   |   23   |  1665  |  1212  |
+-----------+--------+--------+--------+--------+
