

================================================================
== Vitis HLS Report for 'write_prob_stream'
================================================================
* Date:           Sat Mar 14 14:59:13 2026

* Version:        2025.1 (Build 6135595 on May 21 2025)
* Project:        Prometheus_streaming_w4
* Solution:       hls (Vivado IP Flow Target)
* Product family: zynq
* Target device:  xc7z020-clg400-1


================================================================
== Performance Estimates
================================================================
+ Timing: 
    * Summary: 
    +--------+----------+----------+------------+
    |  Clock |  Target  | Estimated| Uncertainty|
    +--------+----------+----------+------------+
    |ap_clk  |  11.80 ns|  8.614 ns|     3.19 ns|
    +--------+----------+----------+------------+

+ Latency: 
    * Summary: 
    +---------+---------+-----------+----------+-----+-----+---------+
    |  Latency (cycles) |  Latency (absolute)  |  Interval | Pipeline|
    |   min   |   max   |    min    |    max   | min | max |   Type  |
    +---------+---------+-----------+----------+-----+-----+---------+
    |        4|       89|  47.200 ns|  1.050 us|    4|   89|       no|
    +---------+---------+-----------+----------+-----+-----+---------+

    + Detail: 
        * Instance: 
        +-------------------------------------------------------+--------------------------------------------+---------+---------+-----------+----------+-----+-----+------------------------------------------------+
        |                                                       |                                            |  Latency (cycles) |  Latency (absolute)  |  Interval |                    Pipeline                    |
        |                        Instance                       |                   Module                   |   min   |   max   |    min    |    max   | min | max |                      Type                      |
        +-------------------------------------------------------+--------------------------------------------+---------+---------+-----------+----------+-----+-----+------------------------------------------------+
        |grp_write_prob_stream_Pipeline_prob_write_loop_fu_158  |write_prob_stream_Pipeline_prob_write_loop  |        2|       72|  23.600 ns|  0.850 us|    1|   65|  loop auto-rewind stp (delay=0 clock cycles(s))|
        +-------------------------------------------------------+--------------------------------------------+---------+---------+-----------+----------+-----+-----+------------------------------------------------+

        * Loop: 
        N/A

============================================================
+ Verbose Summary: Synthesis Manager
============================================================
InlineROM: 1
ExposeGlobal: 0
============================================================
+ Verbose Summary: CDFG Model
============================================================
IsTopModel: 0
ResetActiveHigh: 1
IsCombinational: 2
IsDatapathOnly: 0
HasWiredReturn: 1
HasMFsm: 0
HasVarLatency: 1
IsPipeline: 0
IsRtlPipelined: 0
IsInstanceOverlapped: 0
IsDontTouch: 0
HasImplIP: 0
IsGatedGlobalClock: 0


============================================================
+ Verbose Summary: Schedule
============================================================
* Number of FSM states : 18
* Pipeline : 0
* Dataflow Pipeline: 0

* FSM state transitions: 
1 --> 2 
2 --> 3 18 
3 --> 4 
4 --> 5 
5 --> 6 
6 --> 7 
7 --> 8 
8 --> 9 
9 --> 10 
10 --> 11 
11 --> 12 
12 --> 13 
13 --> 14 
14 --> 15 
15 --> 16 
16 --> 17 
17 --> 18 
18 --> 

* FSM state operations: 

State 1 <SV = 0> <Delay = 5.95>
ST_1 : Operation 19 [1/1] (0.00ns)   --->   "%n_read = read i9 @_ssdm_op_Read.ap_auto.i9, i9 %n"   --->   Operation 19 'read' 'n_read' <Predicate = true> <Delay = 0.00>
ST_1 : Operation 20 [1/1] (0.00ns)   --->   "%pr_l_read = read i28 @_ssdm_op_Read.ap_auto.i28, i28 %pr_l"   --->   Operation 20 'read' 'pr_l_read' <Predicate = true> <Delay = 0.00>
ST_1 : Operation 21 [1/1] (0.00ns)   --->   "%mem_read = read i64 @_ssdm_op_Read.ap_auto.i64, i64 %mem"   --->   Operation 21 'read' 'mem_read' <Predicate = true> <Delay = 0.00>
ST_1 : Operation 22 [1/1] (0.00ns)   --->   "%tail = trunc i9 %n_read"   --->   Operation 22 'trunc' 'tail' <Predicate = true> <Delay = 0.00>
ST_1 : Operation 23 [1/1] (0.00ns)   --->   "%full_blocks = partselect i7 @_ssdm_op_PartSelect.i7.i9.i32.i32, i9 %n_read, i32 2, i32 8" [softmax_accel_hls.cc:384]   --->   Operation 23 'partselect' 'full_blocks' <Predicate = true> <Delay = 0.00>
ST_1 : Operation 24 [2/2] (5.95ns)   --->   "%call_ln384 = call void @write_prob_stream_Pipeline_prob_write_loop, i7 %full_blocks, i132 %prob_stream, i28 %pr_l_read, i64 %mem_read, i128 %gmem" [softmax_accel_hls.cc:384]   --->   Operation 24 'call' 'call_ln384' <Predicate = true> <Delay = 5.95> <CoreType = "Generic">   --->   Generic Core
ST_1 : Operation 25 [1/1] (1.56ns)   --->   "%icmp_ln401 = icmp_eq  i2 %tail, i2 0" [softmax_accel_hls.cc:401]   --->   Operation 25 'icmp' 'icmp_ln401' <Predicate = true> <Delay = 1.56> <CoreInst = "Cmp">   --->   Core 9 'Cmp' <Latency = 0> <II = 1> <Delay = 1.56> <FuncUnit> <Opcode : 'seteq' 'setne' 'setle' 'setge' 'setlt' 'setgt'> <InPorts = 2> <OutPorts = 1>

State 2 <SV = 1> <Delay = 5.95>
ST_2 : Operation 26 [1/1] (0.00ns)   --->   "%specstablecontent_ln0 = specstablecontent void @_ssdm_op_SpecStableContent, i9 %n, i1 1, void @p_str"   --->   Operation 26 'specstablecontent' 'specstablecontent_ln0' <Predicate = true> <Delay = 0.00>
ST_2 : Operation 27 [1/1] (0.00ns)   --->   "%specstablecontent_ln0 = specstablecontent void @_ssdm_op_SpecStableContent, i28 %pr_l, i1 1, void @p_str"   --->   Operation 27 'specstablecontent' 'specstablecontent_ln0' <Predicate = true> <Delay = 0.00>
ST_2 : Operation 28 [1/1] (0.00ns)   --->   "%specstablecontent_ln0 = specstablecontent void @_ssdm_op_SpecStableContent, i64 %mem, i1 1, void @p_str"   --->   Operation 28 'specstablecontent' 'specstablecontent_ln0' <Predicate = true> <Delay = 0.00>
ST_2 : Operation 29 [1/1] (0.00ns)   --->   "%pr_l_cast = zext i28 %pr_l_read"   --->   Operation 29 'zext' 'pr_l_cast' <Predicate = true> <Delay = 0.00>
ST_2 : Operation 30 [1/1] (0.00ns)   --->   "%specinterface_ln0 = specinterface void @_ssdm_op_SpecInterface, i132 %prob_stream, void @empty, i32 0, i32 0, void @empty_1, i32 0, i32 0, void @empty_1, void @empty_1, void @empty_1, i32 0, i32 0, i32 0, i32 0, void @empty_1, void @empty_1, i32 4294967295, i32 0, i32 0"   --->   Operation 30 'specinterface' 'specinterface_ln0' <Predicate = true> <Delay = 0.00>
ST_2 : Operation 31 [1/1] (0.00ns)   --->   "%specinterface_ln0 = specinterface void @_ssdm_op_SpecInterface, i128 %gmem, void @empty_0, i32 0, i32 0, void @empty_1, i32 0, i32 4096, void @empty_2, void @empty_3, void @empty_1, i32 16, i32 16, i32 16, i32 16, void @empty_1, void @empty_1, i32 4294967295, i32 0, i32 0"   --->   Operation 31 'specinterface' 'specinterface_ln0' <Predicate = true> <Delay = 0.00>
ST_2 : Operation 32 [1/1] (0.00ns)   --->   "%zext_ln384 = zext i7 %full_blocks" [softmax_accel_hls.cc:384]   --->   Operation 32 'zext' 'zext_ln384' <Predicate = true> <Delay = 0.00>
ST_2 : Operation 33 [1/2] (0.00ns)   --->   "%call_ln384 = call void @write_prob_stream_Pipeline_prob_write_loop, i7 %full_blocks, i132 %prob_stream, i28 %pr_l_read, i64 %mem_read, i128 %gmem" [softmax_accel_hls.cc:384]   --->   Operation 33 'call' 'call_ln384' <Predicate = true> <Delay = 0.00> <CoreType = "Generic">   --->   Generic Core
ST_2 : Operation 34 [1/1] (0.00ns)   --->   "%br_ln401 = br i1 %icmp_ln401, void %if.then_ifconv, void %if.end37" [softmax_accel_hls.cc:401]   --->   Operation 34 'br' 'br_ln401' <Predicate = true> <Delay = 0.00>
ST_2 : Operation 35 [1/1] (2.43ns)   --->   "%add_ln403 = add i29 %pr_l_cast, i29 %zext_ln384" [softmax_accel_hls.cc:403]   --->   Operation 35 'add' 'add_ln403' <Predicate = (!icmp_ln401)> <Delay = 2.43> <CoreInst = "Adder">   --->   Core 1 'Adder' <Latency = 0> <II = 1> <Delay = 2.43> <FuncUnit> <Opcode : 'add' 'sub'> <InPorts = 2> <OutPorts = 1>
ST_2 : Operation 36 [1/1] (0.00ns)   --->   "%shl_ln1 = bitconcatenate i33 @_ssdm_op_BitConcatenate.i33.i29.i4, i29 %add_ln403, i4 0" [softmax_accel_hls.cc:403]   --->   Operation 36 'bitconcatenate' 'shl_ln1' <Predicate = (!icmp_ln401)> <Delay = 0.00>
ST_2 : Operation 37 [1/1] (0.00ns)   --->   "%zext_ln403 = zext i33 %shl_ln1" [softmax_accel_hls.cc:403]   --->   Operation 37 'zext' 'zext_ln403' <Predicate = (!icmp_ln401)> <Delay = 0.00>
ST_2 : Operation 38 [1/1] (3.52ns)   --->   "%add_ln403_1 = add i64 %zext_ln403, i64 %mem_read" [softmax_accel_hls.cc:403]   --->   Operation 38 'add' 'add_ln403_1' <Predicate = (!icmp_ln401)> <Delay = 3.52> <CoreInst = "Adder">   --->   Core 1 'Adder' <Latency = 0> <II = 1> <Delay = 3.52> <FuncUnit> <Opcode : 'add' 'sub'> <InPorts = 2> <OutPorts = 1>
ST_2 : Operation 39 [1/1] (0.00ns)   --->   "%trunc_ln2 = partselect i60 @_ssdm_op_PartSelect.i60.i64.i32.i32, i64 %add_ln403_1, i32 4, i32 63" [softmax_accel_hls.cc:403]   --->   Operation 39 'partselect' 'trunc_ln2' <Predicate = (!icmp_ln401)> <Delay = 0.00>

State 3 <SV = 2> <Delay = 8.61>
ST_3 : Operation 40 [1/1] (0.00ns)   --->   "%sext_ln403 = sext i60 %trunc_ln2" [softmax_accel_hls.cc:403]   --->   Operation 40 'sext' 'sext_ln403' <Predicate = true> <Delay = 0.00>
ST_3 : Operation 41 [1/1] (0.00ns)   --->   "%gmem_addr = getelementptr i128 %gmem, i64 %sext_ln403" [softmax_accel_hls.cc:403]   --->   Operation 41 'getelementptr' 'gmem_addr' <Predicate = true> <Delay = 0.00>
ST_3 : Operation 42 [8/8] (8.61ns)   --->   "%line_1_req = readreq i1 @_ssdm_op_ReadReq.m_axi.i128P1A, i128 %gmem_addr, i64 1" [softmax_accel_hls.cc:403]   --->   Operation 42 'readreq' 'line_1_req' <Predicate = true> <Delay = 8.61> <CoreInst = "m_axi">   --->   Core 111 'm_axi' <Latency = 6> <II = 1> <Delay = 1.00> <Adapter> <Opcode : 'read' 'write' 'readreq' 'writereq' 'writeresp'>

State 4 <SV = 3> <Delay = 8.61>
ST_4 : Operation 43 [7/8] (8.61ns)   --->   "%line_1_req = readreq i1 @_ssdm_op_ReadReq.m_axi.i128P1A, i128 %gmem_addr, i64 1" [softmax_accel_hls.cc:403]   --->   Operation 43 'readreq' 'line_1_req' <Predicate = true> <Delay = 8.61> <CoreInst = "m_axi">   --->   Core 111 'm_axi' <Latency = 6> <II = 1> <Delay = 1.00> <Adapter> <Opcode : 'read' 'write' 'readreq' 'writereq' 'writeresp'>

State 5 <SV = 4> <Delay = 8.61>
ST_5 : Operation 44 [6/8] (8.61ns)   --->   "%line_1_req = readreq i1 @_ssdm_op_ReadReq.m_axi.i128P1A, i128 %gmem_addr, i64 1" [softmax_accel_hls.cc:403]   --->   Operation 44 'readreq' 'line_1_req' <Predicate = true> <Delay = 8.61> <CoreInst = "m_axi">   --->   Core 111 'm_axi' <Latency = 6> <II = 1> <Delay = 1.00> <Adapter> <Opcode : 'read' 'write' 'readreq' 'writereq' 'writeresp'>

State 6 <SV = 5> <Delay = 8.61>
ST_6 : Operation 45 [5/8] (8.61ns)   --->   "%line_1_req = readreq i1 @_ssdm_op_ReadReq.m_axi.i128P1A, i128 %gmem_addr, i64 1" [softmax_accel_hls.cc:403]   --->   Operation 45 'readreq' 'line_1_req' <Predicate = true> <Delay = 8.61> <CoreInst = "m_axi">   --->   Core 111 'm_axi' <Latency = 6> <II = 1> <Delay = 1.00> <Adapter> <Opcode : 'read' 'write' 'readreq' 'writereq' 'writeresp'>

State 7 <SV = 6> <Delay = 8.61>
ST_7 : Operation 46 [4/8] (8.61ns)   --->   "%line_1_req = readreq i1 @_ssdm_op_ReadReq.m_axi.i128P1A, i128 %gmem_addr, i64 1" [softmax_accel_hls.cc:403]   --->   Operation 46 'readreq' 'line_1_req' <Predicate = true> <Delay = 8.61> <CoreInst = "m_axi">   --->   Core 111 'm_axi' <Latency = 6> <II = 1> <Delay = 1.00> <Adapter> <Opcode : 'read' 'write' 'readreq' 'writereq' 'writeresp'>

State 8 <SV = 7> <Delay = 8.61>
ST_8 : Operation 47 [3/8] (8.61ns)   --->   "%line_1_req = readreq i1 @_ssdm_op_ReadReq.m_axi.i128P1A, i128 %gmem_addr, i64 1" [softmax_accel_hls.cc:403]   --->   Operation 47 'readreq' 'line_1_req' <Predicate = true> <Delay = 8.61> <CoreInst = "m_axi">   --->   Core 111 'm_axi' <Latency = 6> <II = 1> <Delay = 1.00> <Adapter> <Opcode : 'read' 'write' 'readreq' 'writereq' 'writeresp'>

State 9 <SV = 8> <Delay = 8.61>
ST_9 : Operation 48 [2/8] (8.61ns)   --->   "%line_1_req = readreq i1 @_ssdm_op_ReadReq.m_axi.i128P1A, i128 %gmem_addr, i64 1" [softmax_accel_hls.cc:403]   --->   Operation 48 'readreq' 'line_1_req' <Predicate = true> <Delay = 8.61> <CoreInst = "m_axi">   --->   Core 111 'm_axi' <Latency = 6> <II = 1> <Delay = 1.00> <Adapter> <Opcode : 'read' 'write' 'readreq' 'writereq' 'writeresp'>

State 10 <SV = 9> <Delay = 8.61>
ST_10 : Operation 49 [1/8] (8.61ns)   --->   "%line_1_req = readreq i1 @_ssdm_op_ReadReq.m_axi.i128P1A, i128 %gmem_addr, i64 1" [softmax_accel_hls.cc:403]   --->   Operation 49 'readreq' 'line_1_req' <Predicate = true> <Delay = 8.61> <CoreInst = "m_axi">   --->   Core 111 'm_axi' <Latency = 6> <II = 1> <Delay = 1.00> <Adapter> <Opcode : 'read' 'write' 'readreq' 'writereq' 'writeresp'>

State 11 <SV = 10> <Delay = 8.61>
ST_11 : Operation 50 [1/1] ( I:3.70ns O:3.70ns )   --->   "%prob_stream_read = read i132 @_ssdm_op_Read.ap_fifo.volatile.i132P0A, i132 %prob_stream" [softmax_accel_hls.cc:402]   --->   Operation 50 'read' 'prob_stream_read' <Predicate = true> <Delay = 3.70> <CoreInst = "FIFO">   --->   Core 77 'FIFO' <Latency = 0> <II = 1> <Delay = 3.70> <Storage> <Opcode : 'read' 'write' 'nbread' 'nbwrite'> <Ports = 0> <Width = 132> <Depth = 16> <FIFO>
ST_11 : Operation 51 [1/1] (0.00ns)   --->   "%pkt_v0 = trunc i132 %prob_stream_read" [softmax_accel_hls.cc:402]   --->   Operation 51 'trunc' 'pkt_v0' <Predicate = true> <Delay = 0.00>
ST_11 : Operation 52 [1/1] (0.00ns)   --->   "%pkt_v1 = partselect i32 @_ssdm_op_PartSelect.i32.i132.i32.i32, i132 %prob_stream_read, i32 32, i32 63" [softmax_accel_hls.cc:402]   --->   Operation 52 'partselect' 'pkt_v1' <Predicate = true> <Delay = 0.00>
ST_11 : Operation 53 [1/1] (0.00ns)   --->   "%pkt_v2 = partselect i32 @_ssdm_op_PartSelect.i32.i132.i32.i32, i132 %prob_stream_read, i32 64, i32 95" [softmax_accel_hls.cc:402]   --->   Operation 53 'partselect' 'pkt_v2' <Predicate = true> <Delay = 0.00>
ST_11 : Operation 54 [1/1] (0.00ns)   --->   "%pkt_v3 = partselect i32 @_ssdm_op_PartSelect.i32.i132.i32.i32, i132 %prob_stream_read, i32 96, i32 127" [softmax_accel_hls.cc:402]   --->   Operation 54 'partselect' 'pkt_v3' <Predicate = true> <Delay = 0.00>
ST_11 : Operation 55 [1/1] (8.61ns)   --->   "%line = read i128 @_ssdm_op_Read.m_axi.i128P1A, i128 %gmem_addr" [softmax_accel_hls.cc:403]   --->   Operation 55 'read' 'line' <Predicate = true> <Delay = 8.61> <CoreInst = "m_axi">   --->   Core 111 'm_axi' <Latency = 3> <II = 1> <Delay = 1.00> <Adapter> <Opcode : 'read' 'write' 'readreq' 'writereq' 'writeresp'>
ST_11 : Operation 56 [1/1] (0.00ns)   --->   "%tmp = bitselect i1 @_ssdm_op_BitSelect.i1.i132.i32, i132 %prob_stream_read, i32 128" [softmax_accel_hls.cc:405]   --->   Operation 56 'bitselect' 'tmp' <Predicate = true> <Delay = 0.00>
ST_11 : Operation 57 [1/1] (0.00ns)   --->   "%tmp_1 = bitselect i1 @_ssdm_op_BitSelect.i1.i132.i32, i132 %prob_stream_read, i32 129" [softmax_accel_hls.cc:406]   --->   Operation 57 'bitselect' 'tmp_1' <Predicate = true> <Delay = 0.00>
ST_11 : Operation 58 [1/1] (0.00ns)   --->   "%tmp_2 = bitselect i1 @_ssdm_op_BitSelect.i1.i132.i32, i132 %prob_stream_read, i32 130" [softmax_accel_hls.cc:407]   --->   Operation 58 'bitselect' 'tmp_2' <Predicate = true> <Delay = 0.00>
ST_11 : Operation 59 [1/1] (0.00ns)   --->   "%tmp_3 = bitselect i1 @_ssdm_op_BitSelect.i1.i132.i32, i132 %prob_stream_read, i32 131" [softmax_accel_hls.cc:408]   --->   Operation 59 'bitselect' 'tmp_3' <Predicate = true> <Delay = 0.00>

State 12 <SV = 11> <Delay = 8.61>
ST_12 : Operation 60 [1/1] (0.00ns)   --->   "%line_1 = partset i128 @_ssdm_op_PartSet.i128.i128.i32.i32, i128 %line, i32 %pkt_v0, i32 0" [softmax_accel_hls.cc:179->softmax_accel_hls.cc:405]   --->   Operation 60 'partset' 'line_1' <Predicate = (tmp)> <Delay = 0.00>
ST_12 : Operation 61 [1/1] (1.92ns)   --->   "%line_2 = select i1 %tmp, i128 %line_1, i128 %line" [softmax_accel_hls.cc:405]   --->   Operation 61 'select' 'line_2' <Predicate = true> <Delay = 1.92> <CoreInst = "Sel">   --->   Core 73 'Sel' <Latency = 0> <II = 1> <Delay = 1.92> <FuncUnit> <Opcode : 'select'> <InPorts = 3> <OutPorts = 1>
ST_12 : Operation 62 [1/1] (0.00ns)   --->   "%line_3 = partset i128 @_ssdm_op_PartSet.i128.i128.i32.i32, i128 %line_2, i32 %pkt_v1, i32 32" [softmax_accel_hls.cc:179->softmax_accel_hls.cc:406]   --->   Operation 62 'partset' 'line_3' <Predicate = (tmp_1)> <Delay = 0.00>
ST_12 : Operation 63 [1/1] (1.92ns)   --->   "%line_4 = select i1 %tmp_1, i128 %line_3, i128 %line_2" [softmax_accel_hls.cc:406]   --->   Operation 63 'select' 'line_4' <Predicate = true> <Delay = 1.92> <CoreInst = "Sel">   --->   Core 73 'Sel' <Latency = 0> <II = 1> <Delay = 1.92> <FuncUnit> <Opcode : 'select'> <InPorts = 3> <OutPorts = 1>
ST_12 : Operation 64 [1/1] (0.00ns)   --->   "%line_5 = partset i128 @_ssdm_op_PartSet.i128.i128.i32.i32, i128 %line_4, i32 %pkt_v2, i32 64" [softmax_accel_hls.cc:179->softmax_accel_hls.cc:407]   --->   Operation 64 'partset' 'line_5' <Predicate = (tmp_2)> <Delay = 0.00>
ST_12 : Operation 65 [1/1] (1.92ns)   --->   "%line_6 = select i1 %tmp_2, i128 %line_5, i128 %line_4" [softmax_accel_hls.cc:407]   --->   Operation 65 'select' 'line_6' <Predicate = true> <Delay = 1.92> <CoreInst = "Sel">   --->   Core 73 'Sel' <Latency = 0> <II = 1> <Delay = 1.92> <FuncUnit> <Opcode : 'select'> <InPorts = 3> <OutPorts = 1>
ST_12 : Operation 66 [1/1] (0.00ns)   --->   "%line_7 = partset i128 @_ssdm_op_PartSet.i128.i128.i32.i32, i128 %line_6, i32 %pkt_v3, i32 96" [softmax_accel_hls.cc:179->softmax_accel_hls.cc:408]   --->   Operation 66 'partset' 'line_7' <Predicate = (tmp_3)> <Delay = 0.00>
ST_12 : Operation 67 [1/1] (1.92ns)   --->   "%line_8 = select i1 %tmp_3, i128 %line_7, i128 %line_6" [softmax_accel_hls.cc:408]   --->   Operation 67 'select' 'line_8' <Predicate = true> <Delay = 1.92> <CoreInst = "Sel">   --->   Core 73 'Sel' <Latency = 0> <II = 1> <Delay = 1.92> <FuncUnit> <Opcode : 'select'> <InPorts = 3> <OutPorts = 1>
ST_12 : Operation 68 [1/1] (8.61ns)   --->   "%gmem_addr_1_req = writereq i1 @_ssdm_op_WriteReq.m_axi.i128P1A, i128 %gmem_addr, i64 1" [softmax_accel_hls.cc:410]   --->   Operation 68 'writereq' 'gmem_addr_1_req' <Predicate = true> <Delay = 8.61> <CoreInst = "m_axi">   --->   Core 111 'm_axi' <Latency = 9> <II = 1> <Delay = 1.00> <Adapter> <Opcode : 'read' 'write' 'readreq' 'writereq' 'writeresp'>

State 13 <SV = 12> <Delay = 8.61>
ST_13 : Operation 69 [1/1] (8.61ns)   --->   "%write_ln410 = write void @_ssdm_op_Write.m_axi.volatile.i128P1A, i128 %gmem_addr, i128 %line_8, i16 65535" [softmax_accel_hls.cc:410]   --->   Operation 69 'write' 'write_ln410' <Predicate = true> <Delay = 8.61> <CoreInst = "m_axi">   --->   Core 111 'm_axi' <Latency = 5> <II = 1> <Delay = 1.00> <Adapter> <Opcode : 'read' 'write' 'readreq' 'writereq' 'writeresp'>

State 14 <SV = 13> <Delay = 8.61>
ST_14 : Operation 70 [5/5] (8.61ns)   --->   "%gmem_addr_1_resp = writeresp i1 @_ssdm_op_WriteResp.m_axi.i128P1A, i128 %gmem_addr" [softmax_accel_hls.cc:410]   --->   Operation 70 'writeresp' 'gmem_addr_1_resp' <Predicate = true> <Delay = 8.61> <CoreInst = "m_axi">   --->   Core 111 'm_axi' <Latency = 3> <II = 1> <Delay = 1.00> <Adapter> <Opcode : 'read' 'write' 'readreq' 'writereq' 'writeresp'>

State 15 <SV = 14> <Delay = 8.61>
ST_15 : Operation 71 [4/5] (8.61ns)   --->   "%gmem_addr_1_resp = writeresp i1 @_ssdm_op_WriteResp.m_axi.i128P1A, i128 %gmem_addr" [softmax_accel_hls.cc:410]   --->   Operation 71 'writeresp' 'gmem_addr_1_resp' <Predicate = true> <Delay = 8.61> <CoreInst = "m_axi">   --->   Core 111 'm_axi' <Latency = 3> <II = 1> <Delay = 1.00> <Adapter> <Opcode : 'read' 'write' 'readreq' 'writereq' 'writeresp'>

State 16 <SV = 15> <Delay = 8.61>
ST_16 : Operation 72 [3/5] (8.61ns)   --->   "%gmem_addr_1_resp = writeresp i1 @_ssdm_op_WriteResp.m_axi.i128P1A, i128 %gmem_addr" [softmax_accel_hls.cc:410]   --->   Operation 72 'writeresp' 'gmem_addr_1_resp' <Predicate = true> <Delay = 8.61> <CoreInst = "m_axi">   --->   Core 111 'm_axi' <Latency = 3> <II = 1> <Delay = 1.00> <Adapter> <Opcode : 'read' 'write' 'readreq' 'writereq' 'writeresp'>

State 17 <SV = 16> <Delay = 8.61>
ST_17 : Operation 73 [2/5] (8.61ns)   --->   "%gmem_addr_1_resp = writeresp i1 @_ssdm_op_WriteResp.m_axi.i128P1A, i128 %gmem_addr" [softmax_accel_hls.cc:410]   --->   Operation 73 'writeresp' 'gmem_addr_1_resp' <Predicate = true> <Delay = 8.61> <CoreInst = "m_axi">   --->   Core 111 'm_axi' <Latency = 3> <II = 1> <Delay = 1.00> <Adapter> <Opcode : 'read' 'write' 'readreq' 'writereq' 'writeresp'>

State 18 <SV = 17> <Delay = 8.61>
ST_18 : Operation 74 [1/5] (8.61ns)   --->   "%gmem_addr_1_resp = writeresp i1 @_ssdm_op_WriteResp.m_axi.i128P1A, i128 %gmem_addr" [softmax_accel_hls.cc:410]   --->   Operation 74 'writeresp' 'gmem_addr_1_resp' <Predicate = (!icmp_ln401)> <Delay = 8.61> <CoreInst = "m_axi">   --->   Core 111 'm_axi' <Latency = 3> <II = 1> <Delay = 1.00> <Adapter> <Opcode : 'read' 'write' 'readreq' 'writereq' 'writeresp'>
ST_18 : Operation 75 [1/1] (0.00ns)   --->   "%br_ln411 = br void %if.end37" [softmax_accel_hls.cc:411]   --->   Operation 75 'br' 'br_ln411' <Predicate = (!icmp_ln401)> <Delay = 0.00>
ST_18 : Operation 76 [1/1] (0.00ns)   --->   "%ret_ln412 = ret" [softmax_accel_hls.cc:412]   --->   Operation 76 'ret' 'ret_ln412' <Predicate = true> <Delay = 0.00>


============================================================
+ Verbose Summary: Binding
============================================================
STG Binding: 
---------------- STG Properties BEGIN ----------------
- Is combinational: 0
- Is one-state seq: 0
- Is datapath-only: 0
- Is pipelined: 0
- Is top level: 0
Port [ Return ] is wired: 1; IO mode=ap_ctrl_hs:ce=0
Port [ gmem]:  wired=1; compound=1; hidden=0; nouse=0; global=0; static=0; extern=0; dir=2; type=4; pingpong=0; private_global=0; IO mode=m_axi:ce=0
Port [ mem]:  wired=1; compound=0; hidden=0; nouse=0; global=0; static=0; extern=0; dir=0; type=0; pingpong=0; private_global=0; IO mode=ap_stable:ce=0
Port [ pr_l]:  wired=1; compound=0; hidden=0; nouse=0; global=0; static=0; extern=0; dir=0; type=0; pingpong=0; private_global=0; IO mode=ap_stable:ce=0
Port [ n]:  wired=1; compound=0; hidden=0; nouse=0; global=0; static=0; extern=0; dir=0; type=0; pingpong=0; private_global=0; IO mode=ap_stable:ce=0
Port [ prob_stream]:  wired=1; compound=1; hidden=0; nouse=0; global=0; static=0; extern=0; dir=0; type=3; pingpong=0; private_global=0; IO mode=ap_fifo:ce=0
---------------- STG Properties END ------------------

---------------- Datapath Model BEGIN ----------------

<LifeTime>
<method=bitvector/>
n_read                (read             ) [ 0000000000000000000]
pr_l_read             (read             ) [ 0010000000000000000]
mem_read              (read             ) [ 0010000000000000000]
tail                  (trunc            ) [ 0000000000000000000]
full_blocks           (partselect       ) [ 0010000000000000000]
icmp_ln401            (icmp             ) [ 0011111111111111111]
specstablecontent_ln0 (specstablecontent) [ 0000000000000000000]
specstablecontent_ln0 (specstablecontent) [ 0000000000000000000]
specstablecontent_ln0 (specstablecontent) [ 0000000000000000000]
pr_l_cast             (zext             ) [ 0000000000000000000]
specinterface_ln0     (specinterface    ) [ 0000000000000000000]
specinterface_ln0     (specinterface    ) [ 0000000000000000000]
zext_ln384            (zext             ) [ 0000000000000000000]
call_ln384            (call             ) [ 0000000000000000000]
br_ln401              (br               ) [ 0000000000000000000]
add_ln403             (add              ) [ 0000000000000000000]
shl_ln1               (bitconcatenate   ) [ 0000000000000000000]
zext_ln403            (zext             ) [ 0000000000000000000]
add_ln403_1           (add              ) [ 0000000000000000000]
trunc_ln2             (partselect       ) [ 0001000000000000000]
sext_ln403            (sext             ) [ 0000000000000000000]
gmem_addr             (getelementptr    ) [ 0000111111111111111]
line_1_req            (readreq          ) [ 0000000000000000000]
prob_stream_read      (read             ) [ 0000000000000000000]
pkt_v0                (trunc            ) [ 0000000000001000000]
pkt_v1                (partselect       ) [ 0000000000001000000]
pkt_v2                (partselect       ) [ 0000000000001000000]
pkt_v3                (partselect       ) [ 0000000000001000000]
line                  (read             ) [ 0000000000001000000]
tmp                   (bitselect        ) [ 0000000000001000000]
tmp_1                 (bitselect        ) [ 0000000000001000000]
tmp_2                 (bitselect        ) [ 0000000000001000000]
tmp_3                 (bitselect        ) [ 0000000000001000000]
line_1                (partset          ) [ 0000000000000000000]
line_2                (select           ) [ 0000000000000000000]
line_3                (partset          ) [ 0000000000000000000]
line_4                (select           ) [ 0000000000000000000]
line_5                (partset          ) [ 0000000000000000000]
line_6                (select           ) [ 0000000000000000000]
line_7                (partset          ) [ 0000000000000000000]
line_8                (select           ) [ 0000000000000100000]
gmem_addr_1_req       (writereq         ) [ 0000000000000000000]
write_ln410           (write            ) [ 0000000000000000000]
gmem_addr_1_resp      (writeresp        ) [ 0000000000000000000]
br_ln411              (br               ) [ 0000000000000000000]
ret_ln412             (ret              ) [ 0000000000000000000]
</LifeTime>

<model>

<comp_list>
<comp id="0" class="1000" name="gmem">
<pin_list>
<pin id="1" dir="1" index="0" bw="1" slack="0"/>
</pin_list>
<bind>
<StgValue><ssdm name="gmem"/><MemPortTyVec>2 </MemPortTyVec>
</StgValue>
</bind>
</comp>

<comp id="2" class="1000" name="mem">
<pin_list>
<pin id="3" dir="1" index="0" bw="1" slack="0"/>
</pin_list>
<bind>
<StgValue><ssdm name="mem"/></StgValue>
</bind>
</comp>

<comp id="4" class="1000" name="pr_l">
<pin_list>
<pin id="5" dir="1" index="0" bw="1" slack="0"/>
</pin_list>
<bind>
<StgValue><ssdm name="pr_l"/></StgValue>
</bind>
</comp>

<comp id="6" class="1000" name="n">
<pin_list>
<pin id="7" dir="1" index="0" bw="1" slack="0"/>
</pin_list>
<bind>
<StgValue><ssdm name="n"/></StgValue>
</bind>
</comp>

<comp id="8" class="1000" name="prob_stream">
<pin_list>
<pin id="9" dir="1" index="0" bw="1" slack="0"/>
</pin_list>
<bind>
<StgValue><ssdm name="prob_stream"/></StgValue>
</bind>
</comp>

<comp id="10" class="1001" name="const_10">
<pin_list>
<pin id="11" dir="1" index="0" bw="1" slack="0"/>
</pin_list>
<bind>
<StgValue><ssdm name="_ssdm_op_Read.ap_auto.i9"/></StgValue>
</bind>
</comp>

<comp id="12" class="1001" name="const_12">
<pin_list>
<pin id="13" dir="1" index="0" bw="1" slack="0"/>
</pin_list>
<bind>
<StgValue><ssdm name="_ssdm_op_Read.ap_auto.i28"/></StgValue>
</bind>
</comp>

<comp id="14" class="1001" name="const_14">
<pin_list>
<pin id="15" dir="1" index="0" bw="1" slack="0"/>
</pin_list>
<bind>
<StgValue><ssdm name="_ssdm_op_Read.ap_auto.i64"/></StgValue>
</bind>
</comp>

<comp id="16" class="1001" name="const_16">
<pin_list>
<pin id="17" dir="1" index="0" bw="1" slack="0"/>
</pin_list>
<bind>
<StgValue><ssdm name="_ssdm_op_PartSelect.i7.i9.i32.i32"/></StgValue>
</bind>
</comp>

<comp id="18" class="1001" name="const_18">
<pin_list>
<pin id="19" dir="1" index="0" bw="1" slack="0"/>
</pin_list>
<bind>
<StgValue><ssdm name=""/></StgValue>
</bind>
</comp>

<comp id="20" class="1001" name="const_20">
<pin_list>
<pin id="21" dir="1" index="0" bw="1" slack="0"/>
</pin_list>
<bind>
<StgValue><ssdm name=""/></StgValue>
</bind>
</comp>

<comp id="22" class="1001" name="const_22">
<pin_list>
<pin id="23" dir="1" index="0" bw="1" slack="0"/>
</pin_list>
<bind>
<StgValue><ssdm name="write_prob_stream_Pipeline_prob_write_loop"/></StgValue>
</bind>
</comp>

<comp id="24" class="1001" name="const_24">
<pin_list>
<pin id="25" dir="1" index="0" bw="1" slack="0"/>
</pin_list>
<bind>
<StgValue><ssdm name=""/></StgValue>
</bind>
</comp>

<comp id="26" class="1001" name="const_26">
<pin_list>
<pin id="27" dir="1" index="0" bw="1" slack="2147483647"/>
</pin_list>
<bind>
<StgValue><ssdm name="_ssdm_op_SpecStableContent"/></StgValue>
</bind>
</comp>

<comp id="28" class="1001" name="const_28">
<pin_list>
<pin id="29" dir="1" index="0" bw="1" slack="2147483647"/>
</pin_list>
<bind>
<StgValue><ssdm name=""/></StgValue>
</bind>
</comp>

<comp id="30" class="1001" name="const_30">
<pin_list>
<pin id="31" dir="1" index="0" bw="1" slack="2147483647"/>
</pin_list>
<bind>
<StgValue><ssdm name="p_str"/></StgValue>
</bind>
</comp>

<comp id="32" class="1001" name="const_32">
<pin_list>
<pin id="33" dir="1" index="0" bw="1" slack="2147483647"/>
</pin_list>
<bind>
<StgValue><ssdm name="_ssdm_op_SpecInterface"/></StgValue>
</bind>
</comp>

<comp id="34" class="1001" name="const_34">
<pin_list>
<pin id="35" dir="1" index="0" bw="1" slack="2147483647"/>
</pin_list>
<bind>
<StgValue><ssdm name="empty"/></StgValue>
</bind>
</comp>

<comp id="36" class="1001" name="const_36">
<pin_list>
<pin id="37" dir="1" index="0" bw="1" slack="0"/>
</pin_list>
<bind>
<StgValue><ssdm name=""/></StgValue>
</bind>
</comp>

<comp id="38" class="1001" name="const_38">
<pin_list>
<pin id="39" dir="1" index="0" bw="1" slack="2147483647"/>
</pin_list>
<bind>
<StgValue><ssdm name="empty_1"/></StgValue>
</bind>
</comp>

<comp id="40" class="1001" name="const_40">
<pin_list>
<pin id="41" dir="1" index="0" bw="1" slack="2147483647"/>
</pin_list>
<bind>
<StgValue><ssdm name=""/></StgValue>
</bind>
</comp>

<comp id="42" class="1001" name="const_42">
<pin_list>
<pin id="43" dir="1" index="0" bw="1" slack="2147483647"/>
</pin_list>
<bind>
<StgValue><ssdm name="empty_0"/></StgValue>
</bind>
</comp>

<comp id="44" class="1001" name="const_44">
<pin_list>
<pin id="45" dir="1" index="0" bw="1" slack="2147483647"/>
</pin_list>
<bind>
<StgValue><ssdm name=""/></StgValue>
</bind>
</comp>

<comp id="46" class="1001" name="const_46">
<pin_list>
<pin id="47" dir="1" index="0" bw="1" slack="2147483647"/>
</pin_list>
<bind>
<StgValue><ssdm name="empty_2"/></StgValue>
</bind>
</comp>

<comp id="48" class="1001" name="const_48">
<pin_list>
<pin id="49" dir="1" index="0" bw="1" slack="2147483647"/>
</pin_list>
<bind>
<StgValue><ssdm name="empty_3"/></StgValue>
</bind>
</comp>

<comp id="50" class="1001" name="const_50">
<pin_list>
<pin id="51" dir="1" index="0" bw="1" slack="2147483647"/>
</pin_list>
<bind>
<StgValue><ssdm name=""/></StgValue>
</bind>
</comp>

<comp id="52" class="1001" name="const_52">
<pin_list>
<pin id="53" dir="1" index="0" bw="1" slack="0"/>
</pin_list>
<bind>
<StgValue><ssdm name="_ssdm_op_BitConcatenate.i33.i29.i4"/></StgValue>
</bind>
</comp>

<comp id="54" class="1001" name="const_54">
<pin_list>
<pin id="55" dir="1" index="0" bw="1" slack="0"/>
</pin_list>
<bind>
<StgValue><ssdm name=""/></StgValue>
</bind>
</comp>

<comp id="56" class="1001" name="const_56">
<pin_list>
<pin id="57" dir="1" index="0" bw="1" slack="0"/>
</pin_list>
<bind>
<StgValue><ssdm name="_ssdm_op_PartSelect.i60.i64.i32.i32"/></StgValue>
</bind>
</comp>

<comp id="58" class="1001" name="const_58">
<pin_list>
<pin id="59" dir="1" index="0" bw="1" slack="0"/>
</pin_list>
<bind>
<StgValue><ssdm name=""/></StgValue>
</bind>
</comp>

<comp id="60" class="1001" name="const_60">
<pin_list>
<pin id="61" dir="1" index="0" bw="1" slack="0"/>
</pin_list>
<bind>
<StgValue><ssdm name=""/></StgValue>
</bind>
</comp>

<comp id="62" class="1001" name="const_62">
<pin_list>
<pin id="63" dir="1" index="0" bw="1" slack="0"/>
</pin_list>
<bind>
<StgValue><ssdm name="_ssdm_op_ReadReq.m_axi.i128P1A"/></StgValue>
</bind>
</comp>

<comp id="64" class="1001" name="const_64">
<pin_list>
<pin id="65" dir="1" index="0" bw="1" slack="0"/>
</pin_list>
<bind>
<StgValue><ssdm name=""/></StgValue>
</bind>
</comp>

<comp id="66" class="1001" name="const_66">
<pin_list>
<pin id="67" dir="1" index="0" bw="1" slack="0"/>
</pin_list>
<bind>
<StgValue><ssdm name="_ssdm_op_Read.ap_fifo.volatile.i132P0A"/></StgValue>
</bind>
</comp>

<comp id="68" class="1001" name="const_68">
<pin_list>
<pin id="69" dir="1" index="0" bw="1" slack="0"/>
</pin_list>
<bind>
<StgValue><ssdm name="_ssdm_op_PartSelect.i32.i132.i32.i32"/></StgValue>
</bind>
</comp>

<comp id="70" class="1001" name="const_70">
<pin_list>
<pin id="71" dir="1" index="0" bw="1" slack="0"/>
</pin_list>
<bind>
<StgValue><ssdm name=""/></StgValue>
</bind>
</comp>

<comp id="72" class="1001" name="const_72">
<pin_list>
<pin id="73" dir="1" index="0" bw="1" slack="0"/>
</pin_list>
<bind>
<StgValue><ssdm name=""/></StgValue>
</bind>
</comp>

<comp id="74" class="1001" name="const_74">
<pin_list>
<pin id="75" dir="1" index="0" bw="1" slack="0"/>
</pin_list>
<bind>
<StgValue><ssdm name=""/></StgValue>
</bind>
</comp>

<comp id="76" class="1001" name="const_76">
<pin_list>
<pin id="77" dir="1" index="0" bw="1" slack="0"/>
</pin_list>
<bind>
<StgValue><ssdm name=""/></StgValue>
</bind>
</comp>

<comp id="78" class="1001" name="const_78">
<pin_list>
<pin id="79" dir="1" index="0" bw="1" slack="0"/>
</pin_list>
<bind>
<StgValue><ssdm name=""/></StgValue>
</bind>
</comp>

<comp id="80" class="1001" name="const_80">
<pin_list>
<pin id="81" dir="1" index="0" bw="1" slack="0"/>
</pin_list>
<bind>
<StgValue><ssdm name="_ssdm_op_Read.m_axi.i128P1A"/></StgValue>
</bind>
</comp>

<comp id="82" class="1001" name="const_82">
<pin_list>
<pin id="83" dir="1" index="0" bw="1" slack="0"/>
</pin_list>
<bind>
<StgValue><ssdm name="_ssdm_op_BitSelect.i1.i132.i32"/></StgValue>
</bind>
</comp>

<comp id="84" class="1001" name="const_84">
<pin_list>
<pin id="85" dir="1" index="0" bw="1" slack="0"/>
</pin_list>
<bind>
<StgValue><ssdm name=""/></StgValue>
</bind>
</comp>

<comp id="86" class="1001" name="const_86">
<pin_list>
<pin id="87" dir="1" index="0" bw="1" slack="0"/>
</pin_list>
<bind>
<StgValue><ssdm name=""/></StgValue>
</bind>
</comp>

<comp id="88" class="1001" name="const_88">
<pin_list>
<pin id="89" dir="1" index="0" bw="1" slack="0"/>
</pin_list>
<bind>
<StgValue><ssdm name=""/></StgValue>
</bind>
</comp>

<comp id="90" class="1001" name="const_90">
<pin_list>
<pin id="91" dir="1" index="0" bw="1" slack="0"/>
</pin_list>
<bind>
<StgValue><ssdm name=""/></StgValue>
</bind>
</comp>

<comp id="92" class="1001" name="const_92">
<pin_list>
<pin id="93" dir="1" index="0" bw="1" slack="0"/>
</pin_list>
<bind>
<StgValue><ssdm name="_ssdm_op_PartSet.i128.i128.i32.i32"/></StgValue>
</bind>
</comp>

<comp id="94" class="1001" name="const_94">
<pin_list>
<pin id="95" dir="1" index="0" bw="1" slack="0"/>
</pin_list>
<bind>
<StgValue><ssdm name="_ssdm_op_WriteReq.m_axi.i128P1A"/></StgValue>
</bind>
</comp>

<comp id="96" class="1001" name="const_96">
<pin_list>
<pin id="97" dir="1" index="0" bw="1" slack="0"/>
</pin_list>
<bind>
<StgValue><ssdm name="_ssdm_op_Write.m_axi.volatile.i128P1A"/></StgValue>
</bind>
</comp>

<comp id="98" class="1001" name="const_98">
<pin_list>
<pin id="99" dir="1" index="0" bw="1" slack="0"/>
</pin_list>
<bind>
<StgValue><ssdm name=""/></StgValue>
</bind>
</comp>

<comp id="100" class="1001" name="const_100">
<pin_list>
<pin id="101" dir="1" index="0" bw="1" slack="0"/>
</pin_list>
<bind>
<StgValue><ssdm name="_ssdm_op_WriteResp.m_axi.i128P1A"/></StgValue>
</bind>
</comp>

<comp id="102" class="1004" name="n_read_read_fu_102">
<pin_list>
<pin id="103" dir="0" index="0" bw="9" slack="0"/>
<pin id="104" dir="0" index="1" bw="9" slack="0"/>
<pin id="105" dir="1" index="2" bw="9" slack="0"/>
</pin_list>
<bind>
<opcode="read(1150) " fcode="read"/>
<opset="n_read/1 "/>
</bind>
</comp>

<comp id="108" class="1004" name="pr_l_read_read_fu_108">
<pin_list>
<pin id="109" dir="0" index="0" bw="28" slack="0"/>
<pin id="110" dir="0" index="1" bw="28" slack="0"/>
<pin id="111" dir="1" index="2" bw="28" slack="0"/>
</pin_list>
<bind>
<opcode="read(1150) " fcode="read"/>
<opset="pr_l_read/1 "/>
</bind>
</comp>

<comp id="114" class="1004" name="mem_read_read_fu_114">
<pin_list>
<pin id="115" dir="0" index="0" bw="64" slack="0"/>
<pin id="116" dir="0" index="1" bw="64" slack="0"/>
<pin id="117" dir="1" index="2" bw="64" slack="0"/>
</pin_list>
<bind>
<opcode="read(1150) " fcode="read"/>
<opset="mem_read/1 "/>
</bind>
</comp>

<comp id="120" class="1004" name="prob_stream_read_read_fu_120">
<pin_list>
<pin id="121" dir="0" index="0" bw="132" slack="0"/>
<pin id="122" dir="0" index="1" bw="132" slack="0"/>
<pin id="123" dir="1" index="2" bw="132" slack="0"/>
</pin_list>
<bind>
<opcode="read(1150) " fcode="read"/>
<opset="prob_stream_read/11 "/>
</bind>
</comp>

<comp id="126" class="1004" name="grp_readreq_fu_126">
<pin_list>
<pin id="127" dir="0" index="0" bw="1" slack="0"/>
<pin id="128" dir="0" index="1" bw="128" slack="0"/>
<pin id="129" dir="0" index="2" bw="1" slack="0"/>
<pin id="130" dir="1" index="3" bw="1" slack="2147483647"/>
</pin_list>
<bind>
<opcode="readreq(1154) " fcode="readreq"/>
<opset="line_1_req/3 "/>
</bind>
</comp>

<comp id="133" class="1004" name="line_read_fu_133">
<pin_list>
<pin id="134" dir="0" index="0" bw="128" slack="0"/>
<pin id="135" dir="0" index="1" bw="128" slack="8"/>
<pin id="136" dir="1" index="2" bw="128" slack="1"/>
</pin_list>
<bind>
<opcode="read(1150) " fcode="read"/>
<opset="line/11 "/>
</bind>
</comp>

<comp id="138" class="1004" name="gmem_addr_1_req_writereq_fu_138">
<pin_list>
<pin id="139" dir="0" index="0" bw="1" slack="0"/>
<pin id="140" dir="0" index="1" bw="128" slack="9"/>
<pin id="141" dir="0" index="2" bw="1" slack="0"/>
<pin id="142" dir="1" index="3" bw="1" slack="2147483647"/>
</pin_list>
<bind>
<opcode="writereq(1155) " fcode="writereq"/>
<opset="gmem_addr_1_req/12 "/>
</bind>
</comp>

<comp id="145" class="1004" name="write_ln410_write_fu_145">
<pin_list>
<pin id="146" dir="0" index="0" bw="0" slack="0"/>
<pin id="147" dir="0" index="1" bw="128" slack="10"/>
<pin id="148" dir="0" index="2" bw="128" slack="1"/>
<pin id="149" dir="0" index="3" bw="1" slack="0"/>
<pin id="150" dir="1" index="4" bw="0" slack="2147483647"/>
</pin_list>
<bind>
<opcode="write(1151) " fcode="write"/>
<opset="write_ln410/13 "/>
</bind>
</comp>

<comp id="153" class="1004" name="grp_writeresp_fu_153">
<pin_list>
<pin id="154" dir="0" index="0" bw="1" slack="0"/>
<pin id="155" dir="0" index="1" bw="128" slack="11"/>
<pin id="156" dir="1" index="2" bw="1" slack="2147483647"/>
</pin_list>
<bind>
<opcode="writeresp(1158) " fcode="writeresp"/>
<opset="gmem_addr_1_resp/14 "/>
</bind>
</comp>

<comp id="158" class="1004" name="grp_write_prob_stream_Pipeline_prob_write_loop_fu_158">
<pin_list>
<pin id="159" dir="0" index="0" bw="0" slack="0"/>
<pin id="160" dir="0" index="1" bw="7" slack="0"/>
<pin id="161" dir="0" index="2" bw="132" slack="0"/>
<pin id="162" dir="0" index="3" bw="28" slack="0"/>
<pin id="163" dir="0" index="4" bw="64" slack="0"/>
<pin id="164" dir="0" index="5" bw="128" slack="0"/>
<pin id="165" dir="1" index="6" bw="0" slack="2147483647"/>
</pin_list>
<bind>
<opcode="call(48) " fcode="call"/>
<opset="call_ln384/1 "/>
</bind>
</comp>

<comp id="171" class="1004" name="tail_fu_171">
<pin_list>
<pin id="172" dir="0" index="0" bw="9" slack="0"/>
<pin id="173" dir="1" index="1" bw="2" slack="0"/>
</pin_list>
<bind>
<opcode="trunc(33) " fcode="trunc"/>
<opset="tail/1 "/>
</bind>
</comp>

<comp id="175" class="1004" name="full_blocks_fu_175">
<pin_list>
<pin id="176" dir="0" index="0" bw="7" slack="0"/>
<pin id="177" dir="0" index="1" bw="9" slack="0"/>
<pin id="178" dir="0" index="2" bw="3" slack="0"/>
<pin id="179" dir="0" index="3" bw="5" slack="0"/>
<pin id="180" dir="1" index="4" bw="7" slack="0"/>
</pin_list>
<bind>
<opcode="partselect(1002) " fcode="partselect"/>
<opset="full_blocks/1 "/>
</bind>
</comp>

<comp id="186" class="1004" name="icmp_ln401_fu_186">
<pin_list>
<pin id="187" dir="0" index="0" bw="2" slack="0"/>
<pin id="188" dir="0" index="1" bw="1" slack="0"/>
<pin id="189" dir="1" index="2" bw="1" slack="1"/>
</pin_list>
<bind>
<opcode="icmp(45) " fcode="icmp"/>
<opset="icmp_ln401/1 "/>
</bind>
</comp>

<comp id="192" class="1004" name="pr_l_cast_fu_192">
<pin_list>
<pin id="193" dir="0" index="0" bw="28" slack="1"/>
<pin id="194" dir="1" index="1" bw="29" slack="0"/>
</pin_list>
<bind>
<opcode="zext(34) " fcode="zext"/>
<opset="pr_l_cast/2 "/>
</bind>
</comp>

<comp id="195" class="1004" name="zext_ln384_fu_195">
<pin_list>
<pin id="196" dir="0" index="0" bw="7" slack="1"/>
<pin id="197" dir="1" index="1" bw="29" slack="0"/>
</pin_list>
<bind>
<opcode="zext(34) " fcode="zext"/>
<opset="zext_ln384/2 "/>
</bind>
</comp>

<comp id="198" class="1004" name="add_ln403_fu_198">
<pin_list>
<pin id="199" dir="0" index="0" bw="28" slack="0"/>
<pin id="200" dir="0" index="1" bw="7" slack="0"/>
<pin id="201" dir="1" index="2" bw="29" slack="0"/>
</pin_list>
<bind>
<opcode="add(8) " fcode="add"/>
<opset="add_ln403/2 "/>
</bind>
</comp>

<comp id="204" class="1004" name="shl_ln1_fu_204">
<pin_list>
<pin id="205" dir="0" index="0" bw="33" slack="0"/>
<pin id="206" dir="0" index="1" bw="29" slack="0"/>
<pin id="207" dir="0" index="2" bw="1" slack="0"/>
<pin id="208" dir="1" index="3" bw="33" slack="0"/>
</pin_list>
<bind>
<opcode="bitconcatenate(1004) " fcode="bitconcatenate"/>
<opset="shl_ln1/2 "/>
</bind>
</comp>

<comp id="212" class="1004" name="zext_ln403_fu_212">
<pin_list>
<pin id="213" dir="0" index="0" bw="33" slack="0"/>
<pin id="214" dir="1" index="1" bw="64" slack="0"/>
</pin_list>
<bind>
<opcode="zext(34) " fcode="zext"/>
<opset="zext_ln403/2 "/>
</bind>
</comp>

<comp id="216" class="1004" name="add_ln403_1_fu_216">
<pin_list>
<pin id="217" dir="0" index="0" bw="33" slack="0"/>
<pin id="218" dir="0" index="1" bw="64" slack="1"/>
<pin id="219" dir="1" index="2" bw="64" slack="0"/>
</pin_list>
<bind>
<opcode="add(8) " fcode="add"/>
<opset="add_ln403_1/2 "/>
</bind>
</comp>

<comp id="221" class="1004" name="trunc_ln2_fu_221">
<pin_list>
<pin id="222" dir="0" index="0" bw="60" slack="0"/>
<pin id="223" dir="0" index="1" bw="64" slack="0"/>
<pin id="224" dir="0" index="2" bw="4" slack="0"/>
<pin id="225" dir="0" index="3" bw="7" slack="0"/>
<pin id="226" dir="1" index="4" bw="60" slack="1"/>
</pin_list>
<bind>
<opcode="partselect(1002) " fcode="partselect"/>
<opset="trunc_ln2/2 "/>
</bind>
</comp>

<comp id="231" class="1004" name="sext_ln403_fu_231">
<pin_list>
<pin id="232" dir="0" index="0" bw="60" slack="1"/>
<pin id="233" dir="1" index="1" bw="64" slack="0"/>
</pin_list>
<bind>
<opcode="sext(35) " fcode="sext"/>
<opset="sext_ln403/3 "/>
</bind>
</comp>

<comp id="234" class="1004" name="gmem_addr_fu_234">
<pin_list>
<pin id="235" dir="0" index="0" bw="128" slack="0"/>
<pin id="236" dir="0" index="1" bw="60" slack="0"/>
<pin id="237" dir="1" index="2" bw="128" slack="0"/>
</pin_list>
<bind>
<opcode="getelementptr(29) " fcode="getelementptr"/>
<opset="gmem_addr/3 "/>
</bind>
</comp>

<comp id="241" class="1004" name="pkt_v0_fu_241">
<pin_list>
<pin id="242" dir="0" index="0" bw="132" slack="0"/>
<pin id="243" dir="1" index="1" bw="32" slack="1"/>
</pin_list>
<bind>
<opcode="trunc(33) " fcode="trunc"/>
<opset="pkt_v0/11 "/>
</bind>
</comp>

<comp id="245" class="1004" name="pkt_v1_fu_245">
<pin_list>
<pin id="246" dir="0" index="0" bw="32" slack="0"/>
<pin id="247" dir="0" index="1" bw="132" slack="0"/>
<pin id="248" dir="0" index="2" bw="7" slack="0"/>
<pin id="249" dir="0" index="3" bw="7" slack="0"/>
<pin id="250" dir="1" index="4" bw="32" slack="1"/>
</pin_list>
<bind>
<opcode="partselect(1002) " fcode="partselect"/>
<opset="pkt_v1/11 "/>
</bind>
</comp>

<comp id="255" class="1004" name="pkt_v2_fu_255">
<pin_list>
<pin id="256" dir="0" index="0" bw="32" slack="0"/>
<pin id="257" dir="0" index="1" bw="132" slack="0"/>
<pin id="258" dir="0" index="2" bw="8" slack="0"/>
<pin id="259" dir="0" index="3" bw="8" slack="0"/>
<pin id="260" dir="1" index="4" bw="32" slack="1"/>
</pin_list>
<bind>
<opcode="partselect(1002) " fcode="partselect"/>
<opset="pkt_v2/11 "/>
</bind>
</comp>

<comp id="265" class="1004" name="pkt_v3_fu_265">
<pin_list>
<pin id="266" dir="0" index="0" bw="32" slack="0"/>
<pin id="267" dir="0" index="1" bw="132" slack="0"/>
<pin id="268" dir="0" index="2" bw="8" slack="0"/>
<pin id="269" dir="0" index="3" bw="8" slack="0"/>
<pin id="270" dir="1" index="4" bw="32" slack="1"/>
</pin_list>
<bind>
<opcode="partselect(1002) " fcode="partselect"/>
<opset="pkt_v3/11 "/>
</bind>
</comp>

<comp id="275" class="1004" name="tmp_fu_275">
<pin_list>
<pin id="276" dir="0" index="0" bw="1" slack="0"/>
<pin id="277" dir="0" index="1" bw="132" slack="0"/>
<pin id="278" dir="0" index="2" bw="9" slack="0"/>
<pin id="279" dir="1" index="3" bw="1" slack="1"/>
</pin_list>
<bind>
<opcode="bitselect(1000) " fcode="bitselect"/>
<opset="tmp/11 "/>
</bind>
</comp>

<comp id="283" class="1004" name="tmp_1_fu_283">
<pin_list>
<pin id="284" dir="0" index="0" bw="1" slack="0"/>
<pin id="285" dir="0" index="1" bw="132" slack="0"/>
<pin id="286" dir="0" index="2" bw="9" slack="0"/>
<pin id="287" dir="1" index="3" bw="1" slack="1"/>
</pin_list>
<bind>
<opcode="bitselect(1000) " fcode="bitselect"/>
<opset="tmp_1/11 "/>
</bind>
</comp>

<comp id="291" class="1004" name="tmp_2_fu_291">
<pin_list>
<pin id="292" dir="0" index="0" bw="1" slack="0"/>
<pin id="293" dir="0" index="1" bw="132" slack="0"/>
<pin id="294" dir="0" index="2" bw="9" slack="0"/>
<pin id="295" dir="1" index="3" bw="1" slack="1"/>
</pin_list>
<bind>
<opcode="bitselect(1000) " fcode="bitselect"/>
<opset="tmp_2/11 "/>
</bind>
</comp>

<comp id="299" class="1004" name="tmp_3_fu_299">
<pin_list>
<pin id="300" dir="0" index="0" bw="1" slack="0"/>
<pin id="301" dir="0" index="1" bw="132" slack="0"/>
<pin id="302" dir="0" index="2" bw="9" slack="0"/>
<pin id="303" dir="1" index="3" bw="1" slack="1"/>
</pin_list>
<bind>
<opcode="bitselect(1000) " fcode="bitselect"/>
<opset="tmp_3/11 "/>
</bind>
</comp>

<comp id="307" class="1004" name="line_1_fu_307">
<pin_list>
<pin id="308" dir="0" index="0" bw="128" slack="0"/>
<pin id="309" dir="0" index="1" bw="128" slack="1"/>
<pin id="310" dir="0" index="2" bw="32" slack="1"/>
<pin id="311" dir="0" index="3" bw="1" slack="0"/>
<pin id="312" dir="1" index="4" bw="128" slack="0"/>
</pin_list>
<bind>
<opcode="partset(1003) " fcode="partset"/>
<opset="line_1/12 "/>
</bind>
</comp>

<comp id="315" class="1004" name="line_2_fu_315">
<pin_list>
<pin id="316" dir="0" index="0" bw="1" slack="1"/>
<pin id="317" dir="0" index="1" bw="128" slack="0"/>
<pin id="318" dir="0" index="2" bw="128" slack="1"/>
<pin id="319" dir="1" index="3" bw="128" slack="0"/>
</pin_list>
<bind>
<opcode="select(49) " fcode="select"/>
<opset="line_2/12 "/>
</bind>
</comp>

<comp id="321" class="1004" name="line_3_fu_321">
<pin_list>
<pin id="322" dir="0" index="0" bw="128" slack="0"/>
<pin id="323" dir="0" index="1" bw="128" slack="0"/>
<pin id="324" dir="0" index="2" bw="32" slack="1"/>
<pin id="325" dir="0" index="3" bw="7" slack="0"/>
<pin id="326" dir="1" index="4" bw="128" slack="0"/>
</pin_list>
<bind>
<opcode="partset(1003) " fcode="partset"/>
<opset="line_3/12 "/>
</bind>
</comp>

<comp id="330" class="1004" name="line_4_fu_330">
<pin_list>
<pin id="331" dir="0" index="0" bw="1" slack="1"/>
<pin id="332" dir="0" index="1" bw="128" slack="0"/>
<pin id="333" dir="0" index="2" bw="128" slack="0"/>
<pin id="334" dir="1" index="3" bw="128" slack="0"/>
</pin_list>
<bind>
<opcode="select(49) " fcode="select"/>
<opset="line_4/12 "/>
</bind>
</comp>

<comp id="337" class="1004" name="line_5_fu_337">
<pin_list>
<pin id="338" dir="0" index="0" bw="128" slack="0"/>
<pin id="339" dir="0" index="1" bw="128" slack="0"/>
<pin id="340" dir="0" index="2" bw="32" slack="1"/>
<pin id="341" dir="0" index="3" bw="8" slack="0"/>
<pin id="342" dir="1" index="4" bw="128" slack="0"/>
</pin_list>
<bind>
<opcode="partset(1003) " fcode="partset"/>
<opset="line_5/12 "/>
</bind>
</comp>

<comp id="346" class="1004" name="line_6_fu_346">
<pin_list>
<pin id="347" dir="0" index="0" bw="1" slack="1"/>
<pin id="348" dir="0" index="1" bw="128" slack="0"/>
<pin id="349" dir="0" index="2" bw="128" slack="0"/>
<pin id="350" dir="1" index="3" bw="128" slack="0"/>
</pin_list>
<bind>
<opcode="select(49) " fcode="select"/>
<opset="line_6/12 "/>
</bind>
</comp>

<comp id="353" class="1004" name="line_7_fu_353">
<pin_list>
<pin id="354" dir="0" index="0" bw="128" slack="0"/>
<pin id="355" dir="0" index="1" bw="128" slack="0"/>
<pin id="356" dir="0" index="2" bw="32" slack="1"/>
<pin id="357" dir="0" index="3" bw="8" slack="0"/>
<pin id="358" dir="1" index="4" bw="128" slack="0"/>
</pin_list>
<bind>
<opcode="partset(1003) " fcode="partset"/>
<opset="line_7/12 "/>
</bind>
</comp>

<comp id="362" class="1004" name="line_8_fu_362">
<pin_list>
<pin id="363" dir="0" index="0" bw="1" slack="1"/>
<pin id="364" dir="0" index="1" bw="128" slack="0"/>
<pin id="365" dir="0" index="2" bw="128" slack="0"/>
<pin id="366" dir="1" index="3" bw="128" slack="1"/>
</pin_list>
<bind>
<opcode="select(49) " fcode="select"/>
<opset="line_8/12 "/>
</bind>
</comp>

<comp id="369" class="1005" name="pr_l_read_reg_369">
<pin_list>
<pin id="370" dir="0" index="0" bw="28" slack="1"/>
<pin id="371" dir="1" index="1" bw="28" slack="1"/>
</pin_list>
<bind>
<opset="pr_l_read "/>
</bind>
</comp>

<comp id="375" class="1005" name="mem_read_reg_375">
<pin_list>
<pin id="376" dir="0" index="0" bw="64" slack="1"/>
<pin id="377" dir="1" index="1" bw="64" slack="1"/>
</pin_list>
<bind>
<opset="mem_read "/>
</bind>
</comp>

<comp id="381" class="1005" name="full_blocks_reg_381">
<pin_list>
<pin id="382" dir="0" index="0" bw="7" slack="1"/>
<pin id="383" dir="1" index="1" bw="7" slack="1"/>
</pin_list>
<bind>
<opset="full_blocks "/>
</bind>
</comp>

<comp id="387" class="1005" name="icmp_ln401_reg_387">
<pin_list>
<pin id="388" dir="0" index="0" bw="1" slack="1"/>
<pin id="389" dir="1" index="1" bw="1" slack="2147483647"/>
</pin_list>
<bind>
<opset="icmp_ln401 "/>
</bind>
</comp>

<comp id="391" class="1005" name="trunc_ln2_reg_391">
<pin_list>
<pin id="392" dir="0" index="0" bw="60" slack="1"/>
<pin id="393" dir="1" index="1" bw="60" slack="1"/>
</pin_list>
<bind>
<opset="trunc_ln2 "/>
</bind>
</comp>

<comp id="396" class="1005" name="gmem_addr_reg_396">
<pin_list>
<pin id="397" dir="0" index="0" bw="128" slack="1"/>
<pin id="398" dir="1" index="1" bw="128" slack="1"/>
</pin_list>
<bind>
<opset="gmem_addr "/>
</bind>
</comp>

<comp id="405" class="1005" name="pkt_v0_reg_405">
<pin_list>
<pin id="406" dir="0" index="0" bw="32" slack="1"/>
<pin id="407" dir="1" index="1" bw="32" slack="1"/>
</pin_list>
<bind>
<opset="pkt_v0 "/>
</bind>
</comp>

<comp id="410" class="1005" name="pkt_v1_reg_410">
<pin_list>
<pin id="411" dir="0" index="0" bw="32" slack="1"/>
<pin id="412" dir="1" index="1" bw="32" slack="1"/>
</pin_list>
<bind>
<opset="pkt_v1 "/>
</bind>
</comp>

<comp id="415" class="1005" name="pkt_v2_reg_415">
<pin_list>
<pin id="416" dir="0" index="0" bw="32" slack="1"/>
<pin id="417" dir="1" index="1" bw="32" slack="1"/>
</pin_list>
<bind>
<opset="pkt_v2 "/>
</bind>
</comp>

<comp id="420" class="1005" name="pkt_v3_reg_420">
<pin_list>
<pin id="421" dir="0" index="0" bw="32" slack="1"/>
<pin id="422" dir="1" index="1" bw="32" slack="1"/>
</pin_list>
<bind>
<opset="pkt_v3 "/>
</bind>
</comp>

<comp id="425" class="1005" name="line_reg_425">
<pin_list>
<pin id="426" dir="0" index="0" bw="128" slack="1"/>
<pin id="427" dir="1" index="1" bw="128" slack="1"/>
</pin_list>
<bind>
<opset="line "/>
</bind>
</comp>

<comp id="431" class="1005" name="tmp_reg_431">
<pin_list>
<pin id="432" dir="0" index="0" bw="1" slack="1"/>
<pin id="433" dir="1" index="1" bw="1" slack="1"/>
</pin_list>
<bind>
<opset="tmp "/>
</bind>
</comp>

<comp id="436" class="1005" name="tmp_1_reg_436">
<pin_list>
<pin id="437" dir="0" index="0" bw="1" slack="1"/>
<pin id="438" dir="1" index="1" bw="1" slack="1"/>
</pin_list>
<bind>
<opset="tmp_1 "/>
</bind>
</comp>

<comp id="441" class="1005" name="tmp_2_reg_441">
<pin_list>
<pin id="442" dir="0" index="0" bw="1" slack="1"/>
<pin id="443" dir="1" index="1" bw="1" slack="1"/>
</pin_list>
<bind>
<opset="tmp_2 "/>
</bind>
</comp>

<comp id="446" class="1005" name="tmp_3_reg_446">
<pin_list>
<pin id="447" dir="0" index="0" bw="1" slack="1"/>
<pin id="448" dir="1" index="1" bw="1" slack="1"/>
</pin_list>
<bind>
<opset="tmp_3 "/>
</bind>
</comp>

<comp id="451" class="1005" name="line_8_reg_451">
<pin_list>
<pin id="452" dir="0" index="0" bw="128" slack="1"/>
<pin id="453" dir="1" index="1" bw="128" slack="1"/>
</pin_list>
<bind>
<opset="line_8 "/>
</bind>
</comp>

</comp_list>

<net_list>
<net id="106"><net_src comp="10" pin="0"/><net_sink comp="102" pin=0"/></net>

<net id="107"><net_src comp="6" pin="0"/><net_sink comp="102" pin=1"/></net>

<net id="112"><net_src comp="12" pin="0"/><net_sink comp="108" pin=0"/></net>

<net id="113"><net_src comp="4" pin="0"/><net_sink comp="108" pin=1"/></net>

<net id="118"><net_src comp="14" pin="0"/><net_sink comp="114" pin=0"/></net>

<net id="119"><net_src comp="2" pin="0"/><net_sink comp="114" pin=1"/></net>

<net id="124"><net_src comp="66" pin="0"/><net_sink comp="120" pin=0"/></net>

<net id="125"><net_src comp="8" pin="0"/><net_sink comp="120" pin=1"/></net>

<net id="131"><net_src comp="62" pin="0"/><net_sink comp="126" pin=0"/></net>

<net id="132"><net_src comp="64" pin="0"/><net_sink comp="126" pin=2"/></net>

<net id="137"><net_src comp="80" pin="0"/><net_sink comp="133" pin=0"/></net>

<net id="143"><net_src comp="94" pin="0"/><net_sink comp="138" pin=0"/></net>

<net id="144"><net_src comp="64" pin="0"/><net_sink comp="138" pin=2"/></net>

<net id="151"><net_src comp="96" pin="0"/><net_sink comp="145" pin=0"/></net>

<net id="152"><net_src comp="98" pin="0"/><net_sink comp="145" pin=3"/></net>

<net id="157"><net_src comp="100" pin="0"/><net_sink comp="153" pin=0"/></net>

<net id="166"><net_src comp="22" pin="0"/><net_sink comp="158" pin=0"/></net>

<net id="167"><net_src comp="8" pin="0"/><net_sink comp="158" pin=2"/></net>

<net id="168"><net_src comp="108" pin="2"/><net_sink comp="158" pin=3"/></net>

<net id="169"><net_src comp="114" pin="2"/><net_sink comp="158" pin=4"/></net>

<net id="170"><net_src comp="0" pin="0"/><net_sink comp="158" pin=5"/></net>

<net id="174"><net_src comp="102" pin="2"/><net_sink comp="171" pin=0"/></net>

<net id="181"><net_src comp="16" pin="0"/><net_sink comp="175" pin=0"/></net>

<net id="182"><net_src comp="102" pin="2"/><net_sink comp="175" pin=1"/></net>

<net id="183"><net_src comp="18" pin="0"/><net_sink comp="175" pin=2"/></net>

<net id="184"><net_src comp="20" pin="0"/><net_sink comp="175" pin=3"/></net>

<net id="185"><net_src comp="175" pin="4"/><net_sink comp="158" pin=1"/></net>

<net id="190"><net_src comp="171" pin="1"/><net_sink comp="186" pin=0"/></net>

<net id="191"><net_src comp="24" pin="0"/><net_sink comp="186" pin=1"/></net>

<net id="202"><net_src comp="192" pin="1"/><net_sink comp="198" pin=0"/></net>

<net id="203"><net_src comp="195" pin="1"/><net_sink comp="198" pin=1"/></net>

<net id="209"><net_src comp="52" pin="0"/><net_sink comp="204" pin=0"/></net>

<net id="210"><net_src comp="198" pin="2"/><net_sink comp="204" pin=1"/></net>

<net id="211"><net_src comp="54" pin="0"/><net_sink comp="204" pin=2"/></net>

<net id="215"><net_src comp="204" pin="3"/><net_sink comp="212" pin=0"/></net>

<net id="220"><net_src comp="212" pin="1"/><net_sink comp="216" pin=0"/></net>

<net id="227"><net_src comp="56" pin="0"/><net_sink comp="221" pin=0"/></net>

<net id="228"><net_src comp="216" pin="2"/><net_sink comp="221" pin=1"/></net>

<net id="229"><net_src comp="58" pin="0"/><net_sink comp="221" pin=2"/></net>

<net id="230"><net_src comp="60" pin="0"/><net_sink comp="221" pin=3"/></net>

<net id="238"><net_src comp="0" pin="0"/><net_sink comp="234" pin=0"/></net>

<net id="239"><net_src comp="231" pin="1"/><net_sink comp="234" pin=1"/></net>

<net id="240"><net_src comp="234" pin="2"/><net_sink comp="126" pin=1"/></net>

<net id="244"><net_src comp="120" pin="2"/><net_sink comp="241" pin=0"/></net>

<net id="251"><net_src comp="68" pin="0"/><net_sink comp="245" pin=0"/></net>

<net id="252"><net_src comp="120" pin="2"/><net_sink comp="245" pin=1"/></net>

<net id="253"><net_src comp="70" pin="0"/><net_sink comp="245" pin=2"/></net>

<net id="254"><net_src comp="60" pin="0"/><net_sink comp="245" pin=3"/></net>

<net id="261"><net_src comp="68" pin="0"/><net_sink comp="255" pin=0"/></net>

<net id="262"><net_src comp="120" pin="2"/><net_sink comp="255" pin=1"/></net>

<net id="263"><net_src comp="72" pin="0"/><net_sink comp="255" pin=2"/></net>

<net id="264"><net_src comp="74" pin="0"/><net_sink comp="255" pin=3"/></net>

<net id="271"><net_src comp="68" pin="0"/><net_sink comp="265" pin=0"/></net>

<net id="272"><net_src comp="120" pin="2"/><net_sink comp="265" pin=1"/></net>

<net id="273"><net_src comp="76" pin="0"/><net_sink comp="265" pin=2"/></net>

<net id="274"><net_src comp="78" pin="0"/><net_sink comp="265" pin=3"/></net>

<net id="280"><net_src comp="82" pin="0"/><net_sink comp="275" pin=0"/></net>

<net id="281"><net_src comp="120" pin="2"/><net_sink comp="275" pin=1"/></net>

<net id="282"><net_src comp="84" pin="0"/><net_sink comp="275" pin=2"/></net>

<net id="288"><net_src comp="82" pin="0"/><net_sink comp="283" pin=0"/></net>

<net id="289"><net_src comp="120" pin="2"/><net_sink comp="283" pin=1"/></net>

<net id="290"><net_src comp="86" pin="0"/><net_sink comp="283" pin=2"/></net>

<net id="296"><net_src comp="82" pin="0"/><net_sink comp="291" pin=0"/></net>

<net id="297"><net_src comp="120" pin="2"/><net_sink comp="291" pin=1"/></net>

<net id="298"><net_src comp="88" pin="0"/><net_sink comp="291" pin=2"/></net>

<net id="304"><net_src comp="82" pin="0"/><net_sink comp="299" pin=0"/></net>

<net id="305"><net_src comp="120" pin="2"/><net_sink comp="299" pin=1"/></net>

<net id="306"><net_src comp="90" pin="0"/><net_sink comp="299" pin=2"/></net>

<net id="313"><net_src comp="92" pin="0"/><net_sink comp="307" pin=0"/></net>

<net id="314"><net_src comp="36" pin="0"/><net_sink comp="307" pin=3"/></net>

<net id="320"><net_src comp="307" pin="4"/><net_sink comp="315" pin=1"/></net>

<net id="327"><net_src comp="92" pin="0"/><net_sink comp="321" pin=0"/></net>

<net id="328"><net_src comp="315" pin="3"/><net_sink comp="321" pin=1"/></net>

<net id="329"><net_src comp="70" pin="0"/><net_sink comp="321" pin=3"/></net>

<net id="335"><net_src comp="321" pin="4"/><net_sink comp="330" pin=1"/></net>

<net id="336"><net_src comp="315" pin="3"/><net_sink comp="330" pin=2"/></net>

<net id="343"><net_src comp="92" pin="0"/><net_sink comp="337" pin=0"/></net>

<net id="344"><net_src comp="330" pin="3"/><net_sink comp="337" pin=1"/></net>

<net id="345"><net_src comp="72" pin="0"/><net_sink comp="337" pin=3"/></net>

<net id="351"><net_src comp="337" pin="4"/><net_sink comp="346" pin=1"/></net>

<net id="352"><net_src comp="330" pin="3"/><net_sink comp="346" pin=2"/></net>

<net id="359"><net_src comp="92" pin="0"/><net_sink comp="353" pin=0"/></net>

<net id="360"><net_src comp="346" pin="3"/><net_sink comp="353" pin=1"/></net>

<net id="361"><net_src comp="76" pin="0"/><net_sink comp="353" pin=3"/></net>

<net id="367"><net_src comp="353" pin="4"/><net_sink comp="362" pin=1"/></net>

<net id="368"><net_src comp="346" pin="3"/><net_sink comp="362" pin=2"/></net>

<net id="372"><net_src comp="108" pin="2"/><net_sink comp="369" pin=0"/></net>

<net id="373"><net_src comp="369" pin="1"/><net_sink comp="192" pin=0"/></net>

<net id="374"><net_src comp="369" pin="1"/><net_sink comp="158" pin=3"/></net>

<net id="378"><net_src comp="114" pin="2"/><net_sink comp="375" pin=0"/></net>

<net id="379"><net_src comp="375" pin="1"/><net_sink comp="158" pin=4"/></net>

<net id="380"><net_src comp="375" pin="1"/><net_sink comp="216" pin=1"/></net>

<net id="384"><net_src comp="175" pin="4"/><net_sink comp="381" pin=0"/></net>

<net id="385"><net_src comp="381" pin="1"/><net_sink comp="195" pin=0"/></net>

<net id="386"><net_src comp="381" pin="1"/><net_sink comp="158" pin=1"/></net>

<net id="390"><net_src comp="186" pin="2"/><net_sink comp="387" pin=0"/></net>

<net id="394"><net_src comp="221" pin="4"/><net_sink comp="391" pin=0"/></net>

<net id="395"><net_src comp="391" pin="1"/><net_sink comp="231" pin=0"/></net>

<net id="399"><net_src comp="234" pin="2"/><net_sink comp="396" pin=0"/></net>

<net id="400"><net_src comp="396" pin="1"/><net_sink comp="126" pin=1"/></net>

<net id="401"><net_src comp="396" pin="1"/><net_sink comp="133" pin=1"/></net>

<net id="402"><net_src comp="396" pin="1"/><net_sink comp="138" pin=1"/></net>

<net id="403"><net_src comp="396" pin="1"/><net_sink comp="145" pin=1"/></net>

<net id="404"><net_src comp="396" pin="1"/><net_sink comp="153" pin=1"/></net>

<net id="408"><net_src comp="241" pin="1"/><net_sink comp="405" pin=0"/></net>

<net id="409"><net_src comp="405" pin="1"/><net_sink comp="307" pin=2"/></net>

<net id="413"><net_src comp="245" pin="4"/><net_sink comp="410" pin=0"/></net>

<net id="414"><net_src comp="410" pin="1"/><net_sink comp="321" pin=2"/></net>

<net id="418"><net_src comp="255" pin="4"/><net_sink comp="415" pin=0"/></net>

<net id="419"><net_src comp="415" pin="1"/><net_sink comp="337" pin=2"/></net>

<net id="423"><net_src comp="265" pin="4"/><net_sink comp="420" pin=0"/></net>

<net id="424"><net_src comp="420" pin="1"/><net_sink comp="353" pin=2"/></net>

<net id="428"><net_src comp="133" pin="2"/><net_sink comp="425" pin=0"/></net>

<net id="429"><net_src comp="425" pin="1"/><net_sink comp="307" pin=1"/></net>

<net id="430"><net_src comp="425" pin="1"/><net_sink comp="315" pin=2"/></net>

<net id="434"><net_src comp="275" pin="3"/><net_sink comp="431" pin=0"/></net>

<net id="435"><net_src comp="431" pin="1"/><net_sink comp="315" pin=0"/></net>

<net id="439"><net_src comp="283" pin="3"/><net_sink comp="436" pin=0"/></net>

<net id="440"><net_src comp="436" pin="1"/><net_sink comp="330" pin=0"/></net>

<net id="444"><net_src comp="291" pin="3"/><net_sink comp="441" pin=0"/></net>

<net id="445"><net_src comp="441" pin="1"/><net_sink comp="346" pin=0"/></net>

<net id="449"><net_src comp="299" pin="3"/><net_sink comp="446" pin=0"/></net>

<net id="450"><net_src comp="446" pin="1"/><net_sink comp="362" pin=0"/></net>

<net id="454"><net_src comp="362" pin="3"/><net_sink comp="451" pin=0"/></net>

<net id="455"><net_src comp="451" pin="1"/><net_sink comp="145" pin=2"/></net>

</net_list>

</model> 
---------------- Datapath Model END ------------------

* FSMD analyzer results:
  - Output states:
	Port: gmem | {1 2 12 13 14 15 16 17 18 }
 - Input state : 
	Port: write_prob_stream : gmem | {3 4 5 6 7 8 9 10 11 }
	Port: write_prob_stream : mem | {1 }
	Port: write_prob_stream : pr_l | {1 }
	Port: write_prob_stream : n | {1 }
	Port: write_prob_stream : prob_stream | {1 2 11 }
  - Chain level:
	State 1
		call_ln384 : 1
		icmp_ln401 : 1
	State 2
		add_ln403 : 1
		shl_ln1 : 2
		zext_ln403 : 3
		add_ln403_1 : 4
		trunc_ln2 : 5
	State 3
		gmem_addr : 1
		line_1_req : 2
	State 4
	State 5
	State 6
	State 7
	State 8
	State 9
	State 10
	State 11
	State 12
		line_2 : 1
		line_3 : 2
		line_4 : 3
		line_5 : 4
		line_6 : 5
		line_7 : 6
		line_8 : 7
	State 13
	State 14
	State 15
	State 16
	State 17
	State 18


============================================================
+ Verbose Summary: Datapath Resource usage 
============================================================

* Functional unit list:
|----------|-------------------------------------------------------|---------|---------|
| Operation|                    Functional Unit                    |    FF   |   LUT   |
|----------|-------------------------------------------------------|---------|---------|
|          |                     line_2_fu_315                     |    0    |   128   |
|  select  |                     line_4_fu_330                     |    0    |   128   |
|          |                     line_6_fu_346                     |    0    |   128   |
|          |                     line_8_fu_362                     |    0    |   128   |
|----------|-------------------------------------------------------|---------|---------|
|   call   | grp_write_prob_stream_Pipeline_prob_write_loop_fu_158 |   324   |   134   |
|----------|-------------------------------------------------------|---------|---------|
|    add   |                    add_ln403_fu_198                   |    0    |    35   |
|          |                   add_ln403_1_fu_216                  |    0    |    71   |
|----------|-------------------------------------------------------|---------|---------|
|   icmp   |                   icmp_ln401_fu_186                   |    0    |    10   |
|----------|-------------------------------------------------------|---------|---------|
|          |                   n_read_read_fu_102                  |    0    |    0    |
|          |                 pr_l_read_read_fu_108                 |    0    |    0    |
|   read   |                  mem_read_read_fu_114                 |    0    |    0    |
|          |              prob_stream_read_read_fu_120             |    0    |    0    |
|          |                    line_read_fu_133                   |    0    |    0    |
|----------|-------------------------------------------------------|---------|---------|
|  readreq |                   grp_readreq_fu_126                  |    0    |    0    |
|----------|-------------------------------------------------------|---------|---------|
| writereq |            gmem_addr_1_req_writereq_fu_138            |    0    |    0    |
|----------|-------------------------------------------------------|---------|---------|
|   write  |                write_ln410_write_fu_145               |    0    |    0    |
|----------|-------------------------------------------------------|---------|---------|
| writeresp|                  grp_writeresp_fu_153                 |    0    |    0    |
|----------|-------------------------------------------------------|---------|---------|
|   trunc  |                      tail_fu_171                      |    0    |    0    |
|          |                     pkt_v0_fu_241                     |    0    |    0    |
|----------|-------------------------------------------------------|---------|---------|
|          |                   full_blocks_fu_175                  |    0    |    0    |
|          |                    trunc_ln2_fu_221                   |    0    |    0    |
|partselect|                     pkt_v1_fu_245                     |    0    |    0    |
|          |                     pkt_v2_fu_255                     |    0    |    0    |
|          |                     pkt_v3_fu_265                     |    0    |    0    |
|----------|-------------------------------------------------------|---------|---------|
|          |                    pr_l_cast_fu_192                   |    0    |    0    |
|   zext   |                   zext_ln384_fu_195                   |    0    |    0    |
|          |                   zext_ln403_fu_212                   |    0    |    0    |
|----------|-------------------------------------------------------|---------|---------|
|bitconcatenate|                     shl_ln1_fu_204                    |    0    |    0    |
|----------|-------------------------------------------------------|---------|---------|
|   sext   |                   sext_ln403_fu_231                   |    0    |    0    |
|----------|-------------------------------------------------------|---------|---------|
|          |                       tmp_fu_275                      |    0    |    0    |
| bitselect|                      tmp_1_fu_283                     |    0    |    0    |
|          |                      tmp_2_fu_291                     |    0    |    0    |
|          |                      tmp_3_fu_299                     |    0    |    0    |
|----------|-------------------------------------------------------|---------|---------|
|          |                     line_1_fu_307                     |    0    |    0    |
|  partset |                     line_3_fu_321                     |    0    |    0    |
|          |                     line_5_fu_337                     |    0    |    0    |
|          |                     line_7_fu_353                     |    0    |    0    |
|----------|-------------------------------------------------------|---------|---------|
|   Total  |                                                       |   324   |   762   |
|----------|-------------------------------------------------------|---------|---------|

Memories:
N/A

* Register list:
+-------------------+--------+
|                   |   FF   |
+-------------------+--------+
|full_blocks_reg_381|    7   |
| gmem_addr_reg_396 |   128  |
| icmp_ln401_reg_387|    1   |
|   line_8_reg_451  |   128  |
|    line_reg_425   |   128  |
|  mem_read_reg_375 |   64   |
|   pkt_v0_reg_405  |   32   |
|   pkt_v1_reg_410  |   32   |
|   pkt_v2_reg_415  |   32   |
|   pkt_v3_reg_420  |   32   |
| pr_l_read_reg_369 |   28   |
|   tmp_1_reg_436   |    1   |
|   tmp_2_reg_441   |    1   |
|   tmp_3_reg_446   |    1   |
|    tmp_reg_431    |    1   |
| trunc_ln2_reg_391 |   60   |
+-------------------+--------+
|       Total       |   676  |
+-------------------+--------+

* Multiplexer (MUX) list: 
|-------------------------------------------------------|------|------|------|--------||---------||---------||---------|
|                          Comp                         |  Pin | Size |  BW  | S x BW ||  Delay  ||    FF   ||   LUT   |
|-------------------------------------------------------|------|------|------|--------||---------||---------||---------|
|                   grp_readreq_fu_126                  |  p1  |   2  |  128 |   256  ||    0    ||    9    |
| grp_write_prob_stream_Pipeline_prob_write_loop_fu_158 |  p1  |   2  |   7  |   14   ||    0    ||    9    |
| grp_write_prob_stream_Pipeline_prob_write_loop_fu_158 |  p3  |   2  |  28  |   56   ||    0    ||    9    |
| grp_write_prob_stream_Pipeline_prob_write_loop_fu_158 |  p4  |   2  |  64  |   128  ||    0    ||    9    |
|-------------------------------------------------------|------|------|------|--------||---------||---------||---------|
|                         Total                         |      |      |      |   454  ||  6.352  ||    0    ||    36   |
|-------------------------------------------------------|------|------|------|--------||---------||---------||---------|



* Summary:
+-----------+--------+--------+--------+
|           |  Delay |   FF   |   LUT  |
+-----------+--------+--------+--------+
|  Function |    -   |   324  |   762  |
|   Memory  |    -   |    -   |    -   |
|Multiplexer|    6   |    0   |   36   |
|  Register |    -   |   676  |    -   |
+-----------+--------+--------+--------+
|   Total   |    6   |  1000  |   798  |
+-----------+--------+--------+--------+
