

================================================================
== Vitis HLS Report for 'write_prob_stream'
================================================================
* Date:           Sat Mar 14 14:59:13 2026

* Version:        2025.1 (Build 6135595 on May 21 2025)
* Project:        Prometheus_streaming_w4
* Solution:       hls (Vivado IP Flow Target)
* Product family: zynq
* Target device:  xc7z020-clg400-1


================================================================
== Performance Estimates
================================================================
+ Timing: 
    * Summary: 
    +--------+----------+----------+------------+
    |  Clock |  Target  | Estimated| Uncertainty|
    +--------+----------+----------+------------+
    |ap_clk  |  11.80 ns|  8.614 ns|     3.19 ns|
    +--------+----------+----------+------------+

+ Latency: 
    * Summary: 
    +---------+---------+-----------+----------+-----+-----+---------+
    |  Latency (cycles) |  Latency (absolute)  |  Interval | Pipeline|
    |   min   |   max   |    min    |    max   | min | max |   Type  |
    +---------+---------+-----------+----------+-----+-----+---------+
    |        4|       89|  47.200 ns|  1.050 us|    4|   89|       no|
    +---------+---------+-----------+----------+-----+-----+---------+

    + Detail: 
        * Instance: 
        N/A

        * Loop: 
        N/A

============================================================
+ Verbose Summary: Synthesis Manager
============================================================
InlineROM: 1
ExposeGlobal: 0
============================================================
+ Verbose Summary: CDFG Model
============================================================
IsTopModel: 0
ResetActiveHigh: 1
IsCombinational: 2
IsDatapathOnly: 0
HasWiredReturn: 1
HasMFsm: 0
HasVarLatency: 1
IsPipeline: 0
IsRtlPipelined: 0
IsInstanceOverlapped: 0
IsDontTouch: 0
HasImplIP: 0
IsGatedGlobalClock: 0


============================================================
+ Verbose Summary: Schedule
============================================================
* Number of FSM states : 18
* Pipeline : 0
* Dataflow Pipeline: 0

* FSM state transitions: 
1 --> 2 
2 --> 3 18 
3 --> 4 
4 --> 5 
5 --> 6 
6 --> 7 
7 --> 8 
8 --> 9 
9 --> 10 
10 --> 11 
11 --> 12 
12 --> 13 
13 --> 14 
14 --> 15 
15 --> 16 
16 --> 17 
17 --> 18 
18 --> 

* FSM state operations: 

State 1 <SV = 0> <Delay = 5.95>
ST_1 : Operation 19 [1/1] (0.00ns)   --->   "%n_read = read i9 @_ssdm_op_Read.ap_auto.i9, i9 %n"   --->   Operation 19 'read' 'n_read' <Predicate = true> <Delay = 0.00>
ST_1 : Operation 20 [1/1] (0.00ns)   --->   "%pr_l_read = read i28 @_ssdm_op_Read.ap_auto.i28, i28 %pr_l"   --->   Operation 20 'read' 'pr_l_read' <Predicate = true> <Delay = 0.00>
ST_1 : Operation 21 [1/1] (0.00ns)   --->   "%mem_read = read i64 @_ssdm_op_Read.ap_auto.i64, i64 %mem"   --->   Operation 21 'read' 'mem_read' <Predicate = true> <Delay = 0.00>
ST_1 : Operation 22 [1/1] (0.00ns)   --->   "%tail = trunc i9 %n_read"   --->   Operation 22 'trunc' 'tail' <Predicate = true> <Delay = 0.00>
ST_1 : Operation 23 [1/1] (0.00ns)   --->   "%full_blocks = partselect i7 @_ssdm_op_PartSelect.i7.i9.i32.i32, i9 %n_read, i32 2, i32 8" [softmax_accel_hls.cc:384]   --->   Operation 23 'partselect' 'full_blocks' <Predicate = true> <Delay = 0.00>
ST_1 : Operation 24 [2/2] (5.95ns)   --->   "%call_ln384 = call void @write_prob_stream_Pipeline_prob_write_loop, i7 %full_blocks, i132 %prob_stream, i28 %pr_l_read, i64 %mem_read, i128 %gmem" [softmax_accel_hls.cc:384]   --->   Operation 24 'call' 'call_ln384' <Predicate = true> <Delay = 5.95> <CoreType = "Generic">   --->   Generic Core
ST_1 : Operation 25 [1/1] (1.56ns)   --->   "%icmp_ln401 = icmp_eq  i2 %tail, i2 0" [softmax_accel_hls.cc:401]   --->   Operation 25 'icmp' 'icmp_ln401' <Predicate = true> <Delay = 1.56> <CoreInst = "Cmp">   --->   Core 9 'Cmp' <Latency = 0> <II = 1> <Delay = 1.56> <FuncUnit> <Opcode : 'seteq' 'setne' 'setle' 'setge' 'setlt' 'setgt'> <InPorts = 2> <OutPorts = 1>

State 2 <SV = 1> <Delay = 5.95>
ST_2 : Operation 26 [1/1] (0.00ns)   --->   "%specstablecontent_ln0 = specstablecontent void @_ssdm_op_SpecStableContent, i9 %n, i1 1, void @p_str"   --->   Operation 26 'specstablecontent' 'specstablecontent_ln0' <Predicate = true> <Delay = 0.00>
ST_2 : Operation 27 [1/1] (0.00ns)   --->   "%specstablecontent_ln0 = specstablecontent void @_ssdm_op_SpecStableContent, i28 %pr_l, i1 1, void @p_str"   --->   Operation 27 'specstablecontent' 'specstablecontent_ln0' <Predicate = true> <Delay = 0.00>
ST_2 : Operation 28 [1/1] (0.00ns)   --->   "%specstablecontent_ln0 = specstablecontent void @_ssdm_op_SpecStableContent, i64 %mem, i1 1, void @p_str"   --->   Operation 28 'specstablecontent' 'specstablecontent_ln0' <Predicate = true> <Delay = 0.00>
ST_2 : Operation 29 [1/1] (0.00ns)   --->   "%pr_l_cast = zext i28 %pr_l_read"   --->   Operation 29 'zext' 'pr_l_cast' <Predicate = true> <Delay = 0.00>
ST_2 : Operation 30 [1/1] (0.00ns)   --->   "%specinterface_ln0 = specinterface void @_ssdm_op_SpecInterface, i132 %prob_stream, void @empty, i32 0, i32 0, void @empty_1, i32 0, i32 0, void @empty_1, void @empty_1, void @empty_1, i32 0, i32 0, i32 0, i32 0, void @empty_1, void @empty_1, i32 4294967295, i32 0, i32 0"   --->   Operation 30 'specinterface' 'specinterface_ln0' <Predicate = true> <Delay = 0.00>
ST_2 : Operation 31 [1/1] (0.00ns)   --->   "%specinterface_ln0 = specinterface void @_ssdm_op_SpecInterface, i128 %gmem, void @empty_0, i32 0, i32 0, void @empty_1, i32 0, i32 4096, void @empty_2, void @empty_3, void @empty_1, i32 16, i32 16, i32 16, i32 16, void @empty_1, void @empty_1, i32 4294967295, i32 0, i32 0"   --->   Operation 31 'specinterface' 'specinterface_ln0' <Predicate = true> <Delay = 0.00>
ST_2 : Operation 32 [1/1] (0.00ns)   --->   "%zext_ln384 = zext i7 %full_blocks" [softmax_accel_hls.cc:384]   --->   Operation 32 'zext' 'zext_ln384' <Predicate = true> <Delay = 0.00>
ST_2 : Operation 33 [1/2] (0.00ns)   --->   "%call_ln384 = call void @write_prob_stream_Pipeline_prob_write_loop, i7 %full_blocks, i132 %prob_stream, i28 %pr_l_read, i64 %mem_read, i128 %gmem" [softmax_accel_hls.cc:384]   --->   Operation 33 'call' 'call_ln384' <Predicate = true> <Delay = 0.00> <CoreType = "Generic">   --->   Generic Core
ST_2 : Operation 34 [1/1] (0.00ns)   --->   "%br_ln401 = br i1 %icmp_ln401, void %if.then_ifconv, void %if.end37" [softmax_accel_hls.cc:401]   --->   Operation 34 'br' 'br_ln401' <Predicate = true> <Delay = 0.00>
ST_2 : Operation 35 [1/1] (2.43ns)   --->   "%add_ln403 = add i29 %pr_l_cast, i29 %zext_ln384" [softmax_accel_hls.cc:403]   --->   Operation 35 'add' 'add_ln403' <Predicate = (!icmp_ln401)> <Delay = 2.43> <CoreInst = "Adder">   --->   Core 1 'Adder' <Latency = 0> <II = 1> <Delay = 2.43> <FuncUnit> <Opcode : 'add' 'sub'> <InPorts = 2> <OutPorts = 1>
ST_2 : Operation 36 [1/1] (0.00ns)   --->   "%shl_ln1 = bitconcatenate i33 @_ssdm_op_BitConcatenate.i33.i29.i4, i29 %add_ln403, i4 0" [softmax_accel_hls.cc:403]   --->   Operation 36 'bitconcatenate' 'shl_ln1' <Predicate = (!icmp_ln401)> <Delay = 0.00>
ST_2 : Operation 37 [1/1] (0.00ns)   --->   "%zext_ln403 = zext i33 %shl_ln1" [softmax_accel_hls.cc:403]   --->   Operation 37 'zext' 'zext_ln403' <Predicate = (!icmp_ln401)> <Delay = 0.00>
ST_2 : Operation 38 [1/1] (3.52ns)   --->   "%add_ln403_1 = add i64 %zext_ln403, i64 %mem_read" [softmax_accel_hls.cc:403]   --->   Operation 38 'add' 'add_ln403_1' <Predicate = (!icmp_ln401)> <Delay = 3.52> <CoreInst = "Adder">   --->   Core 1 'Adder' <Latency = 0> <II = 1> <Delay = 3.52> <FuncUnit> <Opcode : 'add' 'sub'> <InPorts = 2> <OutPorts = 1>
ST_2 : Operation 39 [1/1] (0.00ns)   --->   "%trunc_ln2 = partselect i60 @_ssdm_op_PartSelect.i60.i64.i32.i32, i64 %add_ln403_1, i32 4, i32 63" [softmax_accel_hls.cc:403]   --->   Operation 39 'partselect' 'trunc_ln2' <Predicate = (!icmp_ln401)> <Delay = 0.00>

State 3 <SV = 2> <Delay = 8.61>
ST_3 : Operation 40 [1/1] (0.00ns)   --->   "%sext_ln403 = sext i60 %trunc_ln2" [softmax_accel_hls.cc:403]   --->   Operation 40 'sext' 'sext_ln403' <Predicate = true> <Delay = 0.00>
ST_3 : Operation 41 [1/1] (0.00ns)   --->   "%gmem_addr = getelementptr i128 %gmem, i64 %sext_ln403" [softmax_accel_hls.cc:403]   --->   Operation 41 'getelementptr' 'gmem_addr' <Predicate = true> <Delay = 0.00>
ST_3 : Operation 42 [8/8] (8.61ns)   --->   "%line_1_req = readreq i1 @_ssdm_op_ReadReq.m_axi.i128P1A, i128 %gmem_addr, i64 1" [softmax_accel_hls.cc:403]   --->   Operation 42 'readreq' 'line_1_req' <Predicate = true> <Delay = 8.61> <CoreInst = "m_axi">   --->   Core 111 'm_axi' <Latency = 6> <II = 1> <Delay = 1.00> <Adapter> <Opcode : 'read' 'write' 'readreq' 'writereq' 'writeresp'>

State 4 <SV = 3> <Delay = 8.61>
ST_4 : Operation 43 [7/8] (8.61ns)   --->   "%line_1_req = readreq i1 @_ssdm_op_ReadReq.m_axi.i128P1A, i128 %gmem_addr, i64 1" [softmax_accel_hls.cc:403]   --->   Operation 43 'readreq' 'line_1_req' <Predicate = true> <Delay = 8.61> <CoreInst = "m_axi">   --->   Core 111 'm_axi' <Latency = 6> <II = 1> <Delay = 1.00> <Adapter> <Opcode : 'read' 'write' 'readreq' 'writereq' 'writeresp'>

State 5 <SV = 4> <Delay = 8.61>
ST_5 : Operation 44 [6/8] (8.61ns)   --->   "%line_1_req = readreq i1 @_ssdm_op_ReadReq.m_axi.i128P1A, i128 %gmem_addr, i64 1" [softmax_accel_hls.cc:403]   --->   Operation 44 'readreq' 'line_1_req' <Predicate = true> <Delay = 8.61> <CoreInst = "m_axi">   --->   Core 111 'm_axi' <Latency = 6> <II = 1> <Delay = 1.00> <Adapter> <Opcode : 'read' 'write' 'readreq' 'writereq' 'writeresp'>

State 6 <SV = 5> <Delay = 8.61>
ST_6 : Operation 45 [5/8] (8.61ns)   --->   "%line_1_req = readreq i1 @_ssdm_op_ReadReq.m_axi.i128P1A, i128 %gmem_addr, i64 1" [softmax_accel_hls.cc:403]   --->   Operation 45 'readreq' 'line_1_req' <Predicate = true> <Delay = 8.61> <CoreInst = "m_axi">   --->   Core 111 'm_axi' <Latency = 6> <II = 1> <Delay = 1.00> <Adapter> <Opcode : 'read' 'write' 'readreq' 'writereq' 'writeresp'>

State 7 <SV = 6> <Delay = 8.61>
ST_7 : Operation 46 [4/8] (8.61ns)   --->   "%line_1_req = readreq i1 @_ssdm_op_ReadReq.m_axi.i128P1A, i128 %gmem_addr, i64 1" [softmax_accel_hls.cc:403]   --->   Operation 46 'readreq' 'line_1_req' <Predicate = true> <Delay = 8.61> <CoreInst = "m_axi">   --->   Core 111 'm_axi' <Latency = 6> <II = 1> <Delay = 1.00> <Adapter> <Opcode : 'read' 'write' 'readreq' 'writereq' 'writeresp'>

State 8 <SV = 7> <Delay = 8.61>
ST_8 : Operation 47 [3/8] (8.61ns)   --->   "%line_1_req = readreq i1 @_ssdm_op_ReadReq.m_axi.i128P1A, i128 %gmem_addr, i64 1" [softmax_accel_hls.cc:403]   --->   Operation 47 'readreq' 'line_1_req' <Predicate = true> <Delay = 8.61> <CoreInst = "m_axi">   --->   Core 111 'm_axi' <Latency = 6> <II = 1> <Delay = 1.00> <Adapter> <Opcode : 'read' 'write' 'readreq' 'writereq' 'writeresp'>

State 9 <SV = 8> <Delay = 8.61>
ST_9 : Operation 48 [2/8] (8.61ns)   --->   "%line_1_req = readreq i1 @_ssdm_op_ReadReq.m_axi.i128P1A, i128 %gmem_addr, i64 1" [softmax_accel_hls.cc:403]   --->   Operation 48 'readreq' 'line_1_req' <Predicate = true> <Delay = 8.61> <CoreInst = "m_axi">   --->   Core 111 'm_axi' <Latency = 6> <II = 1> <Delay = 1.00> <Adapter> <Opcode : 'read' 'write' 'readreq' 'writereq' 'writeresp'>

State 10 <SV = 9> <Delay = 8.61>
ST_10 : Operation 49 [1/8] (8.61ns)   --->   "%line_1_req = readreq i1 @_ssdm_op_ReadReq.m_axi.i128P1A, i128 %gmem_addr, i64 1" [softmax_accel_hls.cc:403]   --->   Operation 49 'readreq' 'line_1_req' <Predicate = true> <Delay = 8.61> <CoreInst = "m_axi">   --->   Core 111 'm_axi' <Latency = 6> <II = 1> <Delay = 1.00> <Adapter> <Opcode : 'read' 'write' 'readreq' 'writereq' 'writeresp'>

State 11 <SV = 10> <Delay = 8.61>
ST_11 : Operation 50 [1/1] ( I:3.70ns O:3.70ns )   --->   "%prob_stream_read = read i132 @_ssdm_op_Read.ap_fifo.volatile.i132P0A, i132 %prob_stream" [softmax_accel_hls.cc:402]   --->   Operation 50 'read' 'prob_stream_read' <Predicate = true> <Delay = 3.70> <CoreInst = "FIFO">   --->   Core 77 'FIFO' <Latency = 0> <II = 1> <Delay = 3.70> <Storage> <Opcode : 'read' 'write' 'nbread' 'nbwrite'> <Ports = 0> <Width = 132> <Depth = 16> <FIFO>
ST_11 : Operation 51 [1/1] (0.00ns)   --->   "%pkt_v0 = trunc i132 %prob_stream_read" [softmax_accel_hls.cc:402]   --->   Operation 51 'trunc' 'pkt_v0' <Predicate = true> <Delay = 0.00>
ST_11 : Operation 52 [1/1] (0.00ns)   --->   "%pkt_v1 = partselect i32 @_ssdm_op_PartSelect.i32.i132.i32.i32, i132 %prob_stream_read, i32 32, i32 63" [softmax_accel_hls.cc:402]   --->   Operation 52 'partselect' 'pkt_v1' <Predicate = true> <Delay = 0.00>
ST_11 : Operation 53 [1/1] (0.00ns)   --->   "%pkt_v2 = partselect i32 @_ssdm_op_PartSelect.i32.i132.i32.i32, i132 %prob_stream_read, i32 64, i32 95" [softmax_accel_hls.cc:402]   --->   Operation 53 'partselect' 'pkt_v2' <Predicate = true> <Delay = 0.00>
ST_11 : Operation 54 [1/1] (0.00ns)   --->   "%pkt_v3 = partselect i32 @_ssdm_op_PartSelect.i32.i132.i32.i32, i132 %prob_stream_read, i32 96, i32 127" [softmax_accel_hls.cc:402]   --->   Operation 54 'partselect' 'pkt_v3' <Predicate = true> <Delay = 0.00>
ST_11 : Operation 55 [1/1] (8.61ns)   --->   "%line = read i128 @_ssdm_op_Read.m_axi.i128P1A, i128 %gmem_addr" [softmax_accel_hls.cc:403]   --->   Operation 55 'read' 'line' <Predicate = true> <Delay = 8.61> <CoreInst = "m_axi">   --->   Core 111 'm_axi' <Latency = 3> <II = 1> <Delay = 1.00> <Adapter> <Opcode : 'read' 'write' 'readreq' 'writereq' 'writeresp'>
ST_11 : Operation 56 [1/1] (0.00ns)   --->   "%tmp = bitselect i1 @_ssdm_op_BitSelect.i1.i132.i32, i132 %prob_stream_read, i32 128" [softmax_accel_hls.cc:405]   --->   Operation 56 'bitselect' 'tmp' <Predicate = true> <Delay = 0.00>
ST_11 : Operation 57 [1/1] (0.00ns)   --->   "%tmp_1 = bitselect i1 @_ssdm_op_BitSelect.i1.i132.i32, i132 %prob_stream_read, i32 129" [softmax_accel_hls.cc:406]   --->   Operation 57 'bitselect' 'tmp_1' <Predicate = true> <Delay = 0.00>
ST_11 : Operation 58 [1/1] (0.00ns)   --->   "%tmp_2 = bitselect i1 @_ssdm_op_BitSelect.i1.i132.i32, i132 %prob_stream_read, i32 130" [softmax_accel_hls.cc:407]   --->   Operation 58 'bitselect' 'tmp_2' <Predicate = true> <Delay = 0.00>
ST_11 : Operation 59 [1/1] (0.00ns)   --->   "%tmp_3 = bitselect i1 @_ssdm_op_BitSelect.i1.i132.i32, i132 %prob_stream_read, i32 131" [softmax_accel_hls.cc:408]   --->   Operation 59 'bitselect' 'tmp_3' <Predicate = true> <Delay = 0.00>

State 12 <SV = 11> <Delay = 8.61>
ST_12 : Operation 60 [1/1] (0.00ns)   --->   "%line_1 = partset i128 @_ssdm_op_PartSet.i128.i128.i32.i32, i128 %line, i32 %pkt_v0, i32 0" [softmax_accel_hls.cc:179->softmax_accel_hls.cc:405]   --->   Operation 60 'partset' 'line_1' <Predicate = (tmp)> <Delay = 0.00>
ST_12 : Operation 61 [1/1] (1.92ns)   --->   "%line_2 = select i1 %tmp, i128 %line_1, i128 %line" [softmax_accel_hls.cc:405]   --->   Operation 61 'select' 'line_2' <Predicate = true> <Delay = 1.92> <CoreInst = "Sel">   --->   Core 73 'Sel' <Latency = 0> <II = 1> <Delay = 1.92> <FuncUnit> <Opcode : 'select'> <InPorts = 3> <OutPorts = 1>
ST_12 : Operation 62 [1/1] (0.00ns)   --->   "%line_3 = partset i128 @_ssdm_op_PartSet.i128.i128.i32.i32, i128 %line_2, i32 %pkt_v1, i32 32" [softmax_accel_hls.cc:179->softmax_accel_hls.cc:406]   --->   Operation 62 'partset' 'line_3' <Predicate = (tmp_1)> <Delay = 0.00>
ST_12 : Operation 63 [1/1] (1.92ns)   --->   "%line_4 = select i1 %tmp_1, i128 %line_3, i128 %line_2" [softmax_accel_hls.cc:406]   --->   Operation 63 'select' 'line_4' <Predicate = true> <Delay = 1.92> <CoreInst = "Sel">   --->   Core 73 'Sel' <Latency = 0> <II = 1> <Delay = 1.92> <FuncUnit> <Opcode : 'select'> <InPorts = 3> <OutPorts = 1>
ST_12 : Operation 64 [1/1] (0.00ns)   --->   "%line_5 = partset i128 @_ssdm_op_PartSet.i128.i128.i32.i32, i128 %line_4, i32 %pkt_v2, i32 64" [softmax_accel_hls.cc:179->softmax_accel_hls.cc:407]   --->   Operation 64 'partset' 'line_5' <Predicate = (tmp_2)> <Delay = 0.00>
ST_12 : Operation 65 [1/1] (1.92ns)   --->   "%line_6 = select i1 %tmp_2, i128 %line_5, i128 %line_4" [softmax_accel_hls.cc:407]   --->   Operation 65 'select' 'line_6' <Predicate = true> <Delay = 1.92> <CoreInst = "Sel">   --->   Core 73 'Sel' <Latency = 0> <II = 1> <Delay = 1.92> <FuncUnit> <Opcode : 'select'> <InPorts = 3> <OutPorts = 1>
ST_12 : Operation 66 [1/1] (0.00ns)   --->   "%line_7 = partset i128 @_ssdm_op_PartSet.i128.i128.i32.i32, i128 %line_6, i32 %pkt_v3, i32 96" [softmax_accel_hls.cc:179->softmax_accel_hls.cc:408]   --->   Operation 66 'partset' 'line_7' <Predicate = (tmp_3)> <Delay = 0.00>
ST_12 : Operation 67 [1/1] (1.92ns)   --->   "%line_8 = select i1 %tmp_3, i128 %line_7, i128 %line_6" [softmax_accel_hls.cc:408]   --->   Operation 67 'select' 'line_8' <Predicate = true> <Delay = 1.92> <CoreInst = "Sel">   --->   Core 73 'Sel' <Latency = 0> <II = 1> <Delay = 1.92> <FuncUnit> <Opcode : 'select'> <InPorts = 3> <OutPorts = 1>
ST_12 : Operation 68 [1/1] (8.61ns)   --->   "%gmem_addr_1_req = writereq i1 @_ssdm_op_WriteReq.m_axi.i128P1A, i128 %gmem_addr, i64 1" [softmax_accel_hls.cc:410]   --->   Operation 68 'writereq' 'gmem_addr_1_req' <Predicate = true> <Delay = 8.61> <CoreInst = "m_axi">   --->   Core 111 'm_axi' <Latency = 9> <II = 1> <Delay = 1.00> <Adapter> <Opcode : 'read' 'write' 'readreq' 'writereq' 'writeresp'>

State 13 <SV = 12> <Delay = 8.61>
ST_13 : Operation 69 [1/1] (8.61ns)   --->   "%write_ln410 = write void @_ssdm_op_Write.m_axi.volatile.i128P1A, i128 %gmem_addr, i128 %line_8, i16 65535" [softmax_accel_hls.cc:410]   --->   Operation 69 'write' 'write_ln410' <Predicate = true> <Delay = 8.61> <CoreInst = "m_axi">   --->   Core 111 'm_axi' <Latency = 5> <II = 1> <Delay = 1.00> <Adapter> <Opcode : 'read' 'write' 'readreq' 'writereq' 'writeresp'>

State 14 <SV = 13> <Delay = 8.61>
ST_14 : Operation 70 [5/5] (8.61ns)   --->   "%gmem_addr_1_resp = writeresp i1 @_ssdm_op_WriteResp.m_axi.i128P1A, i128 %gmem_addr" [softmax_accel_hls.cc:410]   --->   Operation 70 'writeresp' 'gmem_addr_1_resp' <Predicate = true> <Delay = 8.61> <CoreInst = "m_axi">   --->   Core 111 'm_axi' <Latency = 3> <II = 1> <Delay = 1.00> <Adapter> <Opcode : 'read' 'write' 'readreq' 'writereq' 'writeresp'>

State 15 <SV = 14> <Delay = 8.61>
ST_15 : Operation 71 [4/5] (8.61ns)   --->   "%gmem_addr_1_resp = writeresp i1 @_ssdm_op_WriteResp.m_axi.i128P1A, i128 %gmem_addr" [softmax_accel_hls.cc:410]   --->   Operation 71 'writeresp' 'gmem_addr_1_resp' <Predicate = true> <Delay = 8.61> <CoreInst = "m_axi">   --->   Core 111 'm_axi' <Latency = 3> <II = 1> <Delay = 1.00> <Adapter> <Opcode : 'read' 'write' 'readreq' 'writereq' 'writeresp'>

State 16 <SV = 15> <Delay = 8.61>
ST_16 : Operation 72 [3/5] (8.61ns)   --->   "%gmem_addr_1_resp = writeresp i1 @_ssdm_op_WriteResp.m_axi.i128P1A, i128 %gmem_addr" [softmax_accel_hls.cc:410]   --->   Operation 72 'writeresp' 'gmem_addr_1_resp' <Predicate = true> <Delay = 8.61> <CoreInst = "m_axi">   --->   Core 111 'm_axi' <Latency = 3> <II = 1> <Delay = 1.00> <Adapter> <Opcode : 'read' 'write' 'readreq' 'writereq' 'writeresp'>

State 17 <SV = 16> <Delay = 8.61>
ST_17 : Operation 73 [2/5] (8.61ns)   --->   "%gmem_addr_1_resp = writeresp i1 @_ssdm_op_WriteResp.m_axi.i128P1A, i128 %gmem_addr" [softmax_accel_hls.cc:410]   --->   Operation 73 'writeresp' 'gmem_addr_1_resp' <Predicate = true> <Delay = 8.61> <CoreInst = "m_axi">   --->   Core 111 'm_axi' <Latency = 3> <II = 1> <Delay = 1.00> <Adapter> <Opcode : 'read' 'write' 'readreq' 'writereq' 'writeresp'>

State 18 <SV = 17> <Delay = 8.61>
ST_18 : Operation 74 [1/5] (8.61ns)   --->   "%gmem_addr_1_resp = writeresp i1 @_ssdm_op_WriteResp.m_axi.i128P1A, i128 %gmem_addr" [softmax_accel_hls.cc:410]   --->   Operation 74 'writeresp' 'gmem_addr_1_resp' <Predicate = (!icmp_ln401)> <Delay = 8.61> <CoreInst = "m_axi">   --->   Core 111 'm_axi' <Latency = 3> <II = 1> <Delay = 1.00> <Adapter> <Opcode : 'read' 'write' 'readreq' 'writereq' 'writeresp'>
ST_18 : Operation 75 [1/1] (0.00ns)   --->   "%br_ln411 = br void %if.end37" [softmax_accel_hls.cc:411]   --->   Operation 75 'br' 'br_ln411' <Predicate = (!icmp_ln401)> <Delay = 0.00>
ST_18 : Operation 76 [1/1] (0.00ns)   --->   "%ret_ln412 = ret" [softmax_accel_hls.cc:412]   --->   Operation 76 'ret' 'ret_ln412' <Predicate = true> <Delay = 0.00>


============================================================
+ Verbose Summary: Timing violations
============================================================
Target clock period: 11.800ns, clock uncertainty: 3.186ns.

 <State 1>: 5.953ns
The critical path consists of the following:
	wire read operation ('n_read') on port 'n' [9]  (0.000 ns)
	'call' operation 0 bit ('call_ln384', softmax_accel_hls.cc:384) to 'write_prob_stream_Pipeline_prob_write_loop' [18]  (5.953 ns)

 <State 2>: 5.953ns
The critical path consists of the following:
	'add' operation 29 bit ('add_ln403', softmax_accel_hls.cc:403) [27]  (2.433 ns)
	'add' operation 64 bit ('add_ln403_1', softmax_accel_hls.cc:403) [30]  (3.520 ns)

 <State 3>: 8.614ns
The critical path consists of the following:
	'getelementptr' operation 128 bit ('gmem_addr', softmax_accel_hls.cc:403) [33]  (0.000 ns)
	bus request operation ('line_1_req', softmax_accel_hls.cc:403) on port 'gmem' (softmax_accel_hls.cc:403) [34]  (8.614 ns)

 <State 4>: 8.614ns
The critical path consists of the following:
	bus request operation ('line_1_req', softmax_accel_hls.cc:403) on port 'gmem' (softmax_accel_hls.cc:403) [34]  (8.614 ns)

 <State 5>: 8.614ns
The critical path consists of the following:
	bus request operation ('line_1_req', softmax_accel_hls.cc:403) on port 'gmem' (softmax_accel_hls.cc:403) [34]  (8.614 ns)

 <State 6>: 8.614ns
The critical path consists of the following:
	bus request operation ('line_1_req', softmax_accel_hls.cc:403) on port 'gmem' (softmax_accel_hls.cc:403) [34]  (8.614 ns)

 <State 7>: 8.614ns
The critical path consists of the following:
	bus request operation ('line_1_req', softmax_accel_hls.cc:403) on port 'gmem' (softmax_accel_hls.cc:403) [34]  (8.614 ns)

 <State 8>: 8.614ns
The critical path consists of the following:
	bus request operation ('line_1_req', softmax_accel_hls.cc:403) on port 'gmem' (softmax_accel_hls.cc:403) [34]  (8.614 ns)

 <State 9>: 8.614ns
The critical path consists of the following:
	bus request operation ('line_1_req', softmax_accel_hls.cc:403) on port 'gmem' (softmax_accel_hls.cc:403) [34]  (8.614 ns)

 <State 10>: 8.614ns
The critical path consists of the following:
	bus request operation ('line_1_req', softmax_accel_hls.cc:403) on port 'gmem' (softmax_accel_hls.cc:403) [34]  (8.614 ns)

 <State 11>: 8.614ns
The critical path consists of the following:
	bus read operation ('line', softmax_accel_hls.cc:403) on port 'gmem' (softmax_accel_hls.cc:403) [35]  (8.614 ns)

 <State 12>: 8.614ns
The critical path consists of the following:
	bus request operation ('gmem_addr_1_req', softmax_accel_hls.cc:410) on port 'gmem' (softmax_accel_hls.cc:410) [48]  (8.614 ns)

 <State 13>: 8.614ns
The critical path consists of the following:
	bus write operation ('write_ln410', softmax_accel_hls.cc:410) on port 'gmem' (softmax_accel_hls.cc:410) [49]  (8.614 ns)

 <State 14>: 8.614ns
The critical path consists of the following:
	bus response operation ('gmem_addr_1_resp', softmax_accel_hls.cc:410) on port 'gmem' (softmax_accel_hls.cc:410) [50]  (8.614 ns)

 <State 15>: 8.614ns
The critical path consists of the following:
	bus response operation ('gmem_addr_1_resp', softmax_accel_hls.cc:410) on port 'gmem' (softmax_accel_hls.cc:410) [50]  (8.614 ns)

 <State 16>: 8.614ns
The critical path consists of the following:
	bus response operation ('gmem_addr_1_resp', softmax_accel_hls.cc:410) on port 'gmem' (softmax_accel_hls.cc:410) [50]  (8.614 ns)

 <State 17>: 8.614ns
The critical path consists of the following:
	bus response operation ('gmem_addr_1_resp', softmax_accel_hls.cc:410) on port 'gmem' (softmax_accel_hls.cc:410) [50]  (8.614 ns)

 <State 18>: 8.614ns
The critical path consists of the following:
	bus response operation ('gmem_addr_1_resp', softmax_accel_hls.cc:410) on port 'gmem' (softmax_accel_hls.cc:410) [50]  (8.614 ns)


============================================================
+ Verbose Summary: Binding
============================================================
N/A
* FSMD analyzer results:
  - Output states:
 - Input state : 
  - Chain level:
	State 1
	State 2
	State 3
	State 4
	State 5
	State 6
	State 7
	State 8
	State 9
	State 10
	State 11
	State 12
	State 13
	State 14
	State 15
	State 16
	State 17
	State 18


============================================================
+ Verbose Summary: Datapath Resource usage 
============================================================
N/A
