

================================================================
== Vitis HLS Report for 'write_prob_stream_Pipeline_prob_write_loop'
================================================================
* Date:           Sat Mar 14 14:59:13 2026

* Version:        2025.1 (Build 6135595 on May 21 2025)
* Project:        Prometheus_streaming_w4
* Solution:       hls (Vivado IP Flow Target)
* Product family: zynq
* Target device:  xc7z020-clg400-1


================================================================
== Performance Estimates
================================================================
+ Timing: 
    * Summary: 
    +--------+----------+----------+------------+
    |  Clock |  Target  | Estimated| Uncertainty|
    +--------+----------+----------+------------+
    |ap_clk  |  11.80 ns|  8.614 ns|     3.19 ns|
    +--------+----------+----------+------------+

+ Latency: 
    * Summary: 
    +---------+---------+-----------+----------+-----+-----+------------------------------------------------+
    |  Latency (cycles) |  Latency (absolute)  |  Interval |                    Pipeline                    |
    |   min   |   max   |    min    |    max   | min | max |                      Type                      |
    +---------+---------+-----------+----------+-----+-----+------------------------------------------------+
    |        2|       72|  23.600 ns|  0.850 us|    1|   65|  loop auto-rewind stp (delay=0 clock cycles(s))|
    +---------+---------+-----------+----------+-----+-----+------------------------------------------------+

    + Detail: 
        * Instance: 
        N/A

        * Loop: 
        +-------------------+---------+---------+----------+-----------+-----------+--------+----------+
        |                   |  Latency (cycles) | Iteration|  Initiation Interval  |  Trip  |          |
        |     Loop Name     |   min   |   max   |  Latency |  achieved |   target  |  Count | Pipelined|
        +-------------------+---------+---------+----------+-----------+-----------+--------+----------+
        |- prob_write_loop  |        0|       70|         8|          1|          1|  0 ~ 64|       yes|
        +-------------------+---------+---------+----------+-----------+-----------+--------+----------+

============================================================
+ Verbose Summary: Synthesis Manager
============================================================
InlineROM: 1
ExposeGlobal: 0
============================================================
+ Verbose Summary: CDFG Model
============================================================
IsTopModel: 0
ResetActiveHigh: 1
IsCombinational: 0
IsDatapathOnly: 0
HasWiredReturn: 1
HasMFsm: 2
HasVarLatency: 1
IsPipeline: 0
IsRtlPipelined: 0
IsInstanceOverlapped: 0
IsDontTouch: 0
HasImplIP: 0
IsGatedGlobalClock: 0

+ Individual pipeline summary: 
  * Pipeline-0: initiation interval (II) = 1, depth = 8


============================================================
+ Verbose Summary: Schedule
============================================================
* Number of FSM states : 8
* Pipeline : 1
  Pipeline-0 : II = 1, D = 8, States = { 1 2 3 4 5 6 7 8 }
* Dataflow Pipeline: 0

* FSM state transitions: 
1 --> 2 
2 --> 3 
3 --> 4 
4 --> 5 
5 --> 6 
6 --> 7 
7 --> 8 
8 --> 

* FSM state operations: 

State 1 <SV = 0> <Delay = 7.54>
ST_1 : Operation 11 [1/1] (0.00ns)   --->   "%blk = alloca i32 1" [softmax_accel_hls.cc:388]   --->   Operation 11 'alloca' 'blk' <Predicate = true> <Delay = 0.00>
ST_1 : Operation 12 [1/1] (0.00ns)   --->   "%specstablecontent_ln0 = specstablecontent void @_ssdm_op_SpecStableContent, i28 %pr_l_cast, i1 1, void @p_str"   --->   Operation 12 'specstablecontent' 'specstablecontent_ln0' <Predicate = true> <Delay = 0.00>
ST_1 : Operation 13 [1/1] (0.00ns)   --->   "%mem_read = read i64 @_ssdm_op_Read.ap_auto.i64, i64 %mem"   --->   Operation 13 'read' 'mem_read' <Predicate = true> <Delay = 0.00>
ST_1 : Operation 14 [1/1] (0.00ns)   --->   "%pr_l_cast_read = read i28 @_ssdm_op_Read.ap_auto.i28, i28 %pr_l_cast"   --->   Operation 14 'read' 'pr_l_cast_read' <Predicate = true> <Delay = 0.00>
ST_1 : Operation 15 [1/1] (0.00ns)   --->   "%full_blocks_read = read i7 @_ssdm_op_Read.ap_auto.i7, i7 %full_blocks"   --->   Operation 15 'read' 'full_blocks_read' <Predicate = true> <Delay = 0.00>
ST_1 : Operation 16 [1/1] (0.00ns)   --->   "%pr_l_cast_cast = zext i28 %pr_l_cast_read"   --->   Operation 16 'zext' 'pr_l_cast_cast' <Predicate = true> <Delay = 0.00>
ST_1 : Operation 17 [1/1] (0.00ns)   --->   "%specstablecontent_ln0 = specstablecontent void @_ssdm_op_SpecStableContent, i64 %mem, i1 1, void @p_str"   --->   Operation 17 'specstablecontent' 'specstablecontent_ln0' <Predicate = true> <Delay = 0.00>
ST_1 : Operation 18 [1/1] (0.00ns)   --->   "%specinterface_ln0 = specinterface void @_ssdm_op_SpecInterface, i128 %gmem, void @empty_0, i32 0, i32 0, void @empty_1, i32 0, i32 4096, void @empty_2, void @empty_3, void @empty_1, i32 16, i32 16, i32 16, i32 16, void @empty_1, void @empty_1, i32 4294967295, i32 0, i32 0"   --->   Operation 18 'specinterface' 'specinterface_ln0' <Predicate = true> <Delay = 0.00>
ST_1 : Operation 19 [1/1] (0.00ns)   --->   "%specinterface_ln0 = specinterface void @_ssdm_op_SpecInterface, i132 %prob_stream, void @empty, i32 0, i32 0, void @empty_1, i32 0, i32 0, void @empty_1, void @empty_1, void @empty_1, i32 0, i32 0, i32 0, i32 0, void @empty_1, void @empty_1, i32 4294967295, i32 0, i32 0"   --->   Operation 19 'specinterface' 'specinterface_ln0' <Predicate = true> <Delay = 0.00>
ST_1 : Operation 20 [1/1] (1.58ns)   --->   "%store_ln388 = store i7 0, i7 %blk" [softmax_accel_hls.cc:388]   --->   Operation 20 'store' 'store_ln388' <Predicate = true> <Delay = 1.58>
ST_1 : Operation 21 [1/1] (0.00ns)   --->   "%br_ln388 = br void %for.inc" [softmax_accel_hls.cc:388]   --->   Operation 21 'br' 'br_ln388' <Predicate = true> <Delay = 0.00>
ST_1 : Operation 22 [1/1] (0.00ns)   --->   "%blk_1 = load i7 %blk" [softmax_accel_hls.cc:388]   --->   Operation 22 'load' 'blk_1' <Predicate = true> <Delay = 0.00>
ST_1 : Operation 23 [1/1] (1.87ns)   --->   "%icmp_ln388 = icmp_eq  i7 %blk_1, i7 %full_blocks_read" [softmax_accel_hls.cc:388]   --->   Operation 23 'icmp' 'icmp_ln388' <Predicate = true> <Delay = 1.87> <CoreInst = "Cmp">   --->   Core 9 'Cmp' <Latency = 0> <II = 1> <Delay = 1.87> <FuncUnit> <Opcode : 'seteq' 'setne' 'setle' 'setge' 'setlt' 'setgt'> <InPorts = 2> <OutPorts = 1>
ST_1 : Operation 24 [1/1] (0.00ns)   --->   "%speclooptripcount_ln0 = speclooptripcount void @_ssdm_op_SpecLoopTripCount, i64 0, i64 64, i64 0"   --->   Operation 24 'speclooptripcount' 'speclooptripcount_ln0' <Predicate = true> <Delay = 0.00>
ST_1 : Operation 25 [1/1] (1.87ns)   --->   "%add_ln388 = add i7 %blk_1, i7 1" [softmax_accel_hls.cc:388]   --->   Operation 25 'add' 'add_ln388' <Predicate = true> <Delay = 1.87> <CoreInst = "Adder">   --->   Core 1 'Adder' <Latency = 0> <II = 1> <Delay = 1.87> <FuncUnit> <Opcode : 'add' 'sub'> <InPorts = 2> <OutPorts = 1>
ST_1 : Operation 26 [1/1] (0.00ns)   --->   "%br_ln388 = br i1 %icmp_ln388, void %for.inc.split, void %for.end.exitStub" [softmax_accel_hls.cc:388]   --->   Operation 26 'br' 'br_ln388' <Predicate = true> <Delay = 0.00>
ST_1 : Operation 27 [1/1] (0.00ns)   --->   "%trunc_ln398 = trunc i7 %blk_1" [softmax_accel_hls.cc:398]   --->   Operation 27 'trunc' 'trunc_ln398' <Predicate = (!icmp_ln388)> <Delay = 0.00>
ST_1 : Operation 28 [1/1] (0.00ns)   --->   "%zext_ln398 = zext i6 %trunc_ln398" [softmax_accel_hls.cc:398]   --->   Operation 28 'zext' 'zext_ln398' <Predicate = (!icmp_ln388)> <Delay = 0.00>
ST_1 : Operation 29 [1/1] (2.43ns)   --->   "%add_ln398 = add i29 %pr_l_cast_cast, i29 %zext_ln398" [softmax_accel_hls.cc:398]   --->   Operation 29 'add' 'add_ln398' <Predicate = (!icmp_ln388)> <Delay = 2.43> <CoreInst = "Adder">   --->   Core 1 'Adder' <Latency = 0> <II = 1> <Delay = 2.43> <FuncUnit> <Opcode : 'add' 'sub'> <InPorts = 2> <OutPorts = 1>
ST_1 : Operation 30 [1/1] (0.00ns)   --->   "%shl_ln = bitconcatenate i33 @_ssdm_op_BitConcatenate.i33.i29.i4, i29 %add_ln398, i4 0" [softmax_accel_hls.cc:398]   --->   Operation 30 'bitconcatenate' 'shl_ln' <Predicate = (!icmp_ln388)> <Delay = 0.00>
ST_1 : Operation 31 [1/1] (0.00ns)   --->   "%zext_ln398_1 = zext i33 %shl_ln" [softmax_accel_hls.cc:398]   --->   Operation 31 'zext' 'zext_ln398_1' <Predicate = (!icmp_ln388)> <Delay = 0.00>
ST_1 : Operation 32 [1/1] (3.52ns)   --->   "%add_ln398_1 = add i64 %zext_ln398_1, i64 %mem_read" [softmax_accel_hls.cc:398]   --->   Operation 32 'add' 'add_ln398_1' <Predicate = (!icmp_ln388)> <Delay = 3.52> <CoreInst = "Adder">   --->   Core 1 'Adder' <Latency = 0> <II = 1> <Delay = 3.52> <FuncUnit> <Opcode : 'add' 'sub'> <InPorts = 2> <OutPorts = 1>
ST_1 : Operation 33 [1/1] (0.00ns)   --->   "%trunc_ln398_1 = partselect i60 @_ssdm_op_PartSelect.i60.i64.i32.i32, i64 %add_ln398_1, i32 4, i32 63" [softmax_accel_hls.cc:398]   --->   Operation 33 'partselect' 'trunc_ln398_1' <Predicate = (!icmp_ln388)> <Delay = 0.00>
ST_1 : Operation 34 [1/1] (1.58ns)   --->   "%store_ln388 = store i7 %add_ln388, i7 %blk" [softmax_accel_hls.cc:388]   --->   Operation 34 'store' 'store_ln388' <Predicate = (!icmp_ln388)> <Delay = 1.58>

State 2 <SV = 1> <Delay = 8.61>
ST_2 : Operation 35 [1/1] ( I:3.70ns O:3.70ns )   --->   "%prob_stream_read = read i132 @_ssdm_op_Read.ap_fifo.volatile.i132P0A, i132 %prob_stream" [softmax_accel_hls.cc:390]   --->   Operation 35 'read' 'prob_stream_read' <Predicate = true> <Delay = 3.70> <CoreInst = "FIFO">   --->   Core 77 'FIFO' <Latency = 0> <II = 1> <Delay = 3.70> <Storage> <Opcode : 'read' 'write' 'nbread' 'nbwrite'> <Ports = 0> <Width = 132> <Depth = 16> <FIFO>
ST_2 : Operation 36 [1/1] (0.00ns)   --->   "%line = trunc i132 %prob_stream_read" [softmax_accel_hls.cc:390]   --->   Operation 36 'trunc' 'line' <Predicate = true> <Delay = 0.00>
ST_2 : Operation 37 [1/1] (0.00ns)   --->   "%sext_ln398 = sext i60 %trunc_ln398_1" [softmax_accel_hls.cc:398]   --->   Operation 37 'sext' 'sext_ln398' <Predicate = true> <Delay = 0.00>
ST_2 : Operation 38 [1/1] (0.00ns)   --->   "%gmem_addr = getelementptr i128 %gmem, i64 %sext_ln398" [softmax_accel_hls.cc:398]   --->   Operation 38 'getelementptr' 'gmem_addr' <Predicate = true> <Delay = 0.00>
ST_2 : Operation 39 [1/1] (8.61ns)   --->   "%gmem_addr_req = writereq i1 @_ssdm_op_WriteReq.m_axi.i128P1A, i128 %gmem_addr, i64 1" [softmax_accel_hls.cc:398]   --->   Operation 39 'writereq' 'gmem_addr_req' <Predicate = true> <Delay = 8.61> <CoreInst = "m_axi">   --->   Core 111 'm_axi' <Latency = 9> <II = 1> <Delay = 1.00> <Adapter> <Opcode : 'read' 'write' 'readreq' 'writereq' 'writeresp'>

State 3 <SV = 2> <Delay = 8.61>
ST_3 : Operation 40 [1/1] (8.61ns)   --->   "%write_ln398 = write void @_ssdm_op_Write.m_axi.volatile.i128P1A, i128 %gmem_addr, i128 %line, i16 65535" [softmax_accel_hls.cc:398]   --->   Operation 40 'write' 'write_ln398' <Predicate = true> <Delay = 8.61> <CoreInst = "m_axi">   --->   Core 111 'm_axi' <Latency = 5> <II = 1> <Delay = 1.00> <Adapter> <Opcode : 'read' 'write' 'readreq' 'writereq' 'writeresp'>

State 4 <SV = 3> <Delay = 8.61>
ST_4 : Operation 41 [5/5] (8.61ns)   --->   "%gmem_addr_resp = writeresp i1 @_ssdm_op_WriteResp.m_axi.i128P1A, i128 %gmem_addr" [softmax_accel_hls.cc:398]   --->   Operation 41 'writeresp' 'gmem_addr_resp' <Predicate = true> <Delay = 8.61> <CoreInst = "m_axi">   --->   Core 111 'm_axi' <Latency = 3> <II = 1> <Delay = 1.00> <Adapter> <Opcode : 'read' 'write' 'readreq' 'writereq' 'writeresp'>

State 5 <SV = 4> <Delay = 8.61>
ST_5 : Operation 42 [4/5] (8.61ns)   --->   "%gmem_addr_resp = writeresp i1 @_ssdm_op_WriteResp.m_axi.i128P1A, i128 %gmem_addr" [softmax_accel_hls.cc:398]   --->   Operation 42 'writeresp' 'gmem_addr_resp' <Predicate = true> <Delay = 8.61> <CoreInst = "m_axi">   --->   Core 111 'm_axi' <Latency = 3> <II = 1> <Delay = 1.00> <Adapter> <Opcode : 'read' 'write' 'readreq' 'writereq' 'writeresp'>

State 6 <SV = 5> <Delay = 8.61>
ST_6 : Operation 43 [3/5] (8.61ns)   --->   "%gmem_addr_resp = writeresp i1 @_ssdm_op_WriteResp.m_axi.i128P1A, i128 %gmem_addr" [softmax_accel_hls.cc:398]   --->   Operation 43 'writeresp' 'gmem_addr_resp' <Predicate = true> <Delay = 8.61> <CoreInst = "m_axi">   --->   Core 111 'm_axi' <Latency = 3> <II = 1> <Delay = 1.00> <Adapter> <Opcode : 'read' 'write' 'readreq' 'writereq' 'writeresp'>

State 7 <SV = 6> <Delay = 8.61>
ST_7 : Operation 44 [2/5] (8.61ns)   --->   "%gmem_addr_resp = writeresp i1 @_ssdm_op_WriteResp.m_axi.i128P1A, i128 %gmem_addr" [softmax_accel_hls.cc:398]   --->   Operation 44 'writeresp' 'gmem_addr_resp' <Predicate = true> <Delay = 8.61> <CoreInst = "m_axi">   --->   Core 111 'm_axi' <Latency = 3> <II = 1> <Delay = 1.00> <Adapter> <Opcode : 'read' 'write' 'readreq' 'writereq' 'writeresp'>
ST_7 : Operation 49 [1/1] (1.58ns)   --->   "%ret_ln0 = ret"   --->   Operation 49 'ret' 'ret_ln0' <Predicate = (icmp_ln388)> <Delay = 1.58>

State 8 <SV = 7> <Delay = 8.61>
ST_8 : Operation 45 [1/1] (0.00ns)   --->   "%specpipeline_ln389 = specpipeline void @_ssdm_op_SpecPipeline, i32 1, i32 0, i32 0, i32 0, void @empty_1" [softmax_accel_hls.cc:389]   --->   Operation 45 'specpipeline' 'specpipeline_ln389' <Predicate = true> <Delay = 0.00>
ST_8 : Operation 46 [1/1] (0.00ns)   --->   "%specloopname_ln388 = specloopname void @_ssdm_op_SpecLoopName, void @empty_19" [softmax_accel_hls.cc:388]   --->   Operation 46 'specloopname' 'specloopname_ln388' <Predicate = true> <Delay = 0.00>
ST_8 : Operation 47 [1/5] (8.61ns)   --->   "%gmem_addr_resp = writeresp i1 @_ssdm_op_WriteResp.m_axi.i128P1A, i128 %gmem_addr" [softmax_accel_hls.cc:398]   --->   Operation 47 'writeresp' 'gmem_addr_resp' <Predicate = true> <Delay = 8.61> <CoreInst = "m_axi">   --->   Core 111 'm_axi' <Latency = 3> <II = 1> <Delay = 1.00> <Adapter> <Opcode : 'read' 'write' 'readreq' 'writereq' 'writeresp'>
ST_8 : Operation 48 [1/1] (0.00ns)   --->   "%br_ln388 = br void %for.inc" [softmax_accel_hls.cc:388]   --->   Operation 48 'br' 'br_ln388' <Predicate = true> <Delay = 0.00>


============================================================
+ Verbose Summary: Binding
============================================================
STG Binding: 
---------------- STG Properties BEGIN ----------------
- Is combinational: 0
- Is one-state seq: 0
- Is datapath-only: 0
- Is pipelined: 0
- Is top level: 0
Port [ Return ] is wired: 1; IO mode=ap_ctrl_hs:ce=0
Port [ full_blocks]:  wired=1; compound=0; hidden=0; nouse=0; global=0; static=0; extern=0; dir=0; type=0; pingpong=0; private_global=0; IO mode=ap_stable:ce=0
Port [ prob_stream]:  wired=1; compound=1; hidden=0; nouse=0; global=0; static=0; extern=0; dir=0; type=3; pingpong=0; private_global=0; IO mode=ap_fifo:ce=0
Port [ pr_l_cast]:  wired=1; compound=0; hidden=0; nouse=0; global=0; static=0; extern=0; dir=0; type=0; pingpong=0; private_global=0; IO mode=ap_stable:ce=0
Port [ mem]:  wired=1; compound=0; hidden=0; nouse=0; global=0; static=0; extern=0; dir=0; type=0; pingpong=0; private_global=0; IO mode=ap_stable:ce=0
Port [ gmem]:  wired=1; compound=1; hidden=0; nouse=0; global=0; static=0; extern=0; dir=1; type=4; pingpong=0; private_global=0; IO mode=m_axi:ce=0
---------------- STG Properties END ------------------

---------------- Datapath Model BEGIN ----------------

<LifeTime>
<method=bitvector/>
blk                   (alloca           ) [ 010000000]
specstablecontent_ln0 (specstablecontent) [ 000000000]
mem_read              (read             ) [ 000000000]
pr_l_cast_read        (read             ) [ 000000000]
full_blocks_read      (read             ) [ 000000000]
pr_l_cast_cast        (zext             ) [ 000000000]
specstablecontent_ln0 (specstablecontent) [ 000000000]
specinterface_ln0     (specinterface    ) [ 000000000]
specinterface_ln0     (specinterface    ) [ 000000000]
store_ln388           (store            ) [ 000000000]
br_ln388              (br               ) [ 000000000]
blk_1                 (load             ) [ 000000000]
icmp_ln388            (icmp             ) [ 011111110]
speclooptripcount_ln0 (speclooptripcount) [ 000000000]
add_ln388             (add              ) [ 000000000]
br_ln388              (br               ) [ 000000000]
trunc_ln398           (trunc            ) [ 000000000]
zext_ln398            (zext             ) [ 000000000]
add_ln398             (add              ) [ 000000000]
shl_ln                (bitconcatenate   ) [ 000000000]
zext_ln398_1          (zext             ) [ 000000000]
add_ln398_1           (add              ) [ 000000000]
trunc_ln398_1         (partselect       ) [ 011000000]
store_ln388           (store            ) [ 000000000]
prob_stream_read      (read             ) [ 000000000]
line                  (trunc            ) [ 010100000]
sext_ln398            (sext             ) [ 000000000]
gmem_addr             (getelementptr    ) [ 010111111]
gmem_addr_req         (writereq         ) [ 000000000]
write_ln398           (write            ) [ 000000000]
specpipeline_ln389    (specpipeline     ) [ 000000000]
specloopname_ln388    (specloopname     ) [ 000000000]
gmem_addr_resp        (writeresp        ) [ 000000000]
br_ln388              (br               ) [ 000000000]
ret_ln0               (ret              ) [ 000000000]
</LifeTime>

<model>

<comp_list>
<comp id="0" class="1000" name="full_blocks">
<pin_list>
<pin id="1" dir="1" index="0" bw="1" slack="0"/>
</pin_list>
<bind>
<StgValue><ssdm name="full_blocks"/></StgValue>
</bind>
</comp>

<comp id="2" class="1000" name="prob_stream">
<pin_list>
<pin id="3" dir="1" index="0" bw="1" slack="0"/>
</pin_list>
<bind>
<StgValue><ssdm name="prob_stream"/></StgValue>
</bind>
</comp>

<comp id="4" class="1000" name="pr_l_cast">
<pin_list>
<pin id="5" dir="1" index="0" bw="1" slack="0"/>
</pin_list>
<bind>
<StgValue><ssdm name="pr_l_cast"/></StgValue>
</bind>
</comp>

<comp id="6" class="1000" name="mem">
<pin_list>
<pin id="7" dir="1" index="0" bw="1" slack="0"/>
</pin_list>
<bind>
<StgValue><ssdm name="mem"/></StgValue>
</bind>
</comp>

<comp id="8" class="1000" name="gmem">
<pin_list>
<pin id="9" dir="1" index="0" bw="1" slack="0"/>
</pin_list>
<bind>
<StgValue><ssdm name="gmem"/><MemPortTyVec>1 </MemPortTyVec>
</StgValue>
</bind>
</comp>

<comp id="10" class="1001" name="const_10">
<pin_list>
<pin id="11" dir="1" index="0" bw="1" slack="0"/>
</pin_list>
<bind>
<StgValue><ssdm name=""/></StgValue>
</bind>
</comp>

<comp id="12" class="1001" name="const_12">
<pin_list>
<pin id="13" dir="1" index="0" bw="1" slack="2147483647"/>
</pin_list>
<bind>
<StgValue><ssdm name="_ssdm_op_SpecStableContent"/></StgValue>
</bind>
</comp>

<comp id="14" class="1001" name="const_14">
<pin_list>
<pin id="15" dir="1" index="0" bw="1" slack="2147483647"/>
</pin_list>
<bind>
<StgValue><ssdm name=""/></StgValue>
</bind>
</comp>

<comp id="16" class="1001" name="const_16">
<pin_list>
<pin id="17" dir="1" index="0" bw="1" slack="2147483647"/>
</pin_list>
<bind>
<StgValue><ssdm name="p_str"/></StgValue>
</bind>
</comp>

<comp id="18" class="1001" name="const_18">
<pin_list>
<pin id="19" dir="1" index="0" bw="1" slack="0"/>
</pin_list>
<bind>
<StgValue><ssdm name="_ssdm_op_Read.ap_auto.i64"/></StgValue>
</bind>
</comp>

<comp id="20" class="1001" name="const_20">
<pin_list>
<pin id="21" dir="1" index="0" bw="1" slack="0"/>
</pin_list>
<bind>
<StgValue><ssdm name="_ssdm_op_Read.ap_auto.i28"/></StgValue>
</bind>
</comp>

<comp id="22" class="1001" name="const_22">
<pin_list>
<pin id="23" dir="1" index="0" bw="1" slack="0"/>
</pin_list>
<bind>
<StgValue><ssdm name="_ssdm_op_Read.ap_auto.i7"/></StgValue>
</bind>
</comp>

<comp id="24" class="1001" name="const_24">
<pin_list>
<pin id="25" dir="1" index="0" bw="1" slack="2147483647"/>
</pin_list>
<bind>
<StgValue><ssdm name="_ssdm_op_SpecInterface"/></StgValue>
</bind>
</comp>

<comp id="26" class="1001" name="const_26">
<pin_list>
<pin id="27" dir="1" index="0" bw="1" slack="2147483647"/>
</pin_list>
<bind>
<StgValue><ssdm name="empty_0"/></StgValue>
</bind>
</comp>

<comp id="28" class="1001" name="const_28">
<pin_list>
<pin id="29" dir="1" index="0" bw="1" slack="2147483647"/>
</pin_list>
<bind>
<StgValue><ssdm name=""/></StgValue>
</bind>
</comp>

<comp id="30" class="1001" name="const_30">
<pin_list>
<pin id="31" dir="1" index="0" bw="1" slack="2147483647"/>
</pin_list>
<bind>
<StgValue><ssdm name="empty_1"/></StgValue>
</bind>
</comp>

<comp id="32" class="1001" name="const_32">
<pin_list>
<pin id="33" dir="1" index="0" bw="1" slack="2147483647"/>
</pin_list>
<bind>
<StgValue><ssdm name=""/></StgValue>
</bind>
</comp>

<comp id="34" class="1001" name="const_34">
<pin_list>
<pin id="35" dir="1" index="0" bw="1" slack="2147483647"/>
</pin_list>
<bind>
<StgValue><ssdm name="empty_2"/></StgValue>
</bind>
</comp>

<comp id="36" class="1001" name="const_36">
<pin_list>
<pin id="37" dir="1" index="0" bw="1" slack="2147483647"/>
</pin_list>
<bind>
<StgValue><ssdm name="empty_3"/></StgValue>
</bind>
</comp>

<comp id="38" class="1001" name="const_38">
<pin_list>
<pin id="39" dir="1" index="0" bw="1" slack="2147483647"/>
</pin_list>
<bind>
<StgValue><ssdm name=""/></StgValue>
</bind>
</comp>

<comp id="40" class="1001" name="const_40">
<pin_list>
<pin id="41" dir="1" index="0" bw="1" slack="2147483647"/>
</pin_list>
<bind>
<StgValue><ssdm name=""/></StgValue>
</bind>
</comp>

<comp id="42" class="1001" name="const_42">
<pin_list>
<pin id="43" dir="1" index="0" bw="1" slack="2147483647"/>
</pin_list>
<bind>
<StgValue><ssdm name="empty"/></StgValue>
</bind>
</comp>

<comp id="44" class="1001" name="const_44">
<pin_list>
<pin id="45" dir="1" index="0" bw="1" slack="0"/>
</pin_list>
<bind>
<StgValue><ssdm name=""/></StgValue>
</bind>
</comp>

<comp id="46" class="1001" name="const_46">
<pin_list>
<pin id="47" dir="1" index="0" bw="1" slack="2147483647"/>
</pin_list>
<bind>
<StgValue><ssdm name="_ssdm_op_SpecLoopTripCount"/></StgValue>
</bind>
</comp>

<comp id="48" class="1001" name="const_48">
<pin_list>
<pin id="49" dir="1" index="0" bw="1" slack="2147483647"/>
</pin_list>
<bind>
<StgValue><ssdm name=""/></StgValue>
</bind>
</comp>

<comp id="50" class="1001" name="const_50">
<pin_list>
<pin id="51" dir="1" index="0" bw="1" slack="2147483647"/>
</pin_list>
<bind>
<StgValue><ssdm name=""/></StgValue>
</bind>
</comp>

<comp id="52" class="1001" name="const_52">
<pin_list>
<pin id="53" dir="1" index="0" bw="1" slack="0"/>
</pin_list>
<bind>
<StgValue><ssdm name=""/></StgValue>
</bind>
</comp>

<comp id="54" class="1001" name="const_54">
<pin_list>
<pin id="55" dir="1" index="0" bw="1" slack="0"/>
</pin_list>
<bind>
<StgValue><ssdm name="_ssdm_op_BitConcatenate.i33.i29.i4"/></StgValue>
</bind>
</comp>

<comp id="56" class="1001" name="const_56">
<pin_list>
<pin id="57" dir="1" index="0" bw="1" slack="0"/>
</pin_list>
<bind>
<StgValue><ssdm name=""/></StgValue>
</bind>
</comp>

<comp id="58" class="1001" name="const_58">
<pin_list>
<pin id="59" dir="1" index="0" bw="1" slack="0"/>
</pin_list>
<bind>
<StgValue><ssdm name="_ssdm_op_PartSelect.i60.i64.i32.i32"/></StgValue>
</bind>
</comp>

<comp id="60" class="1001" name="const_60">
<pin_list>
<pin id="61" dir="1" index="0" bw="1" slack="0"/>
</pin_list>
<bind>
<StgValue><ssdm name=""/></StgValue>
</bind>
</comp>

<comp id="62" class="1001" name="const_62">
<pin_list>
<pin id="63" dir="1" index="0" bw="1" slack="0"/>
</pin_list>
<bind>
<StgValue><ssdm name=""/></StgValue>
</bind>
</comp>

<comp id="64" class="1001" name="const_64">
<pin_list>
<pin id="65" dir="1" index="0" bw="1" slack="0"/>
</pin_list>
<bind>
<StgValue><ssdm name="_ssdm_op_Read.ap_fifo.volatile.i132P0A"/></StgValue>
</bind>
</comp>

<comp id="66" class="1001" name="const_66">
<pin_list>
<pin id="67" dir="1" index="0" bw="1" slack="0"/>
</pin_list>
<bind>
<StgValue><ssdm name="_ssdm_op_WriteReq.m_axi.i128P1A"/></StgValue>
</bind>
</comp>

<comp id="68" class="1001" name="const_68">
<pin_list>
<pin id="69" dir="1" index="0" bw="1" slack="0"/>
</pin_list>
<bind>
<StgValue><ssdm name=""/></StgValue>
</bind>
</comp>

<comp id="70" class="1001" name="const_70">
<pin_list>
<pin id="71" dir="1" index="0" bw="1" slack="0"/>
</pin_list>
<bind>
<StgValue><ssdm name="_ssdm_op_Write.m_axi.volatile.i128P1A"/></StgValue>
</bind>
</comp>

<comp id="72" class="1001" name="const_72">
<pin_list>
<pin id="73" dir="1" index="0" bw="1" slack="0"/>
</pin_list>
<bind>
<StgValue><ssdm name=""/></StgValue>
</bind>
</comp>

<comp id="74" class="1001" name="const_74">
<pin_list>
<pin id="75" dir="1" index="0" bw="1" slack="0"/>
</pin_list>
<bind>
<StgValue><ssdm name="_ssdm_op_WriteResp.m_axi.i128P1A"/></StgValue>
</bind>
</comp>

<comp id="76" class="1001" name="const_76">
<pin_list>
<pin id="77" dir="1" index="0" bw="1" slack="2147483647"/>
</pin_list>
<bind>
<StgValue><ssdm name="_ssdm_op_SpecPipeline"/></StgValue>
</bind>
</comp>

<comp id="78" class="1001" name="const_78">
<pin_list>
<pin id="79" dir="1" index="0" bw="1" slack="2147483647"/>
</pin_list>
<bind>
<StgValue><ssdm name="_ssdm_op_SpecLoopName"/></StgValue>
</bind>
</comp>

<comp id="80" class="1001" name="const_80">
<pin_list>
<pin id="81" dir="1" index="0" bw="1" slack="2147483647"/>
</pin_list>
<bind>
<StgValue><ssdm name="empty_19"/></StgValue>
</bind>
</comp>

<comp id="82" class="1004" name="blk_fu_82">
<pin_list>
<pin id="83" dir="0" index="0" bw="1" slack="0"/>
<pin id="84" dir="1" index="1" bw="7" slack="0"/>
</pin_list>
<bind>
<opcode="alloca(26) " fcode="alloca"/>
<opset="blk/1 "/>
</bind>
</comp>

<comp id="86" class="1004" name="mem_read_read_fu_86">
<pin_list>
<pin id="87" dir="0" index="0" bw="64" slack="0"/>
<pin id="88" dir="0" index="1" bw="64" slack="0"/>
<pin id="89" dir="1" index="2" bw="64" slack="0"/>
</pin_list>
<bind>
<opcode="read(1150) " fcode="read"/>
<opset="mem_read/1 "/>
</bind>
</comp>

<comp id="92" class="1004" name="pr_l_cast_read_read_fu_92">
<pin_list>
<pin id="93" dir="0" index="0" bw="28" slack="0"/>
<pin id="94" dir="0" index="1" bw="28" slack="0"/>
<pin id="95" dir="1" index="2" bw="28" slack="0"/>
</pin_list>
<bind>
<opcode="read(1150) " fcode="read"/>
<opset="pr_l_cast_read/1 "/>
</bind>
</comp>

<comp id="98" class="1004" name="full_blocks_read_read_fu_98">
<pin_list>
<pin id="99" dir="0" index="0" bw="7" slack="0"/>
<pin id="100" dir="0" index="1" bw="7" slack="0"/>
<pin id="101" dir="1" index="2" bw="7" slack="0"/>
</pin_list>
<bind>
<opcode="read(1150) " fcode="read"/>
<opset="full_blocks_read/1 "/>
</bind>
</comp>

<comp id="104" class="1004" name="prob_stream_read_read_fu_104">
<pin_list>
<pin id="105" dir="0" index="0" bw="132" slack="0"/>
<pin id="106" dir="0" index="1" bw="132" slack="0"/>
<pin id="107" dir="1" index="2" bw="132" slack="0"/>
</pin_list>
<bind>
<opcode="read(1150) " fcode="read"/>
<opset="prob_stream_read/2 "/>
</bind>
</comp>

<comp id="110" class="1004" name="gmem_addr_req_writereq_fu_110">
<pin_list>
<pin id="111" dir="0" index="0" bw="1" slack="0"/>
<pin id="112" dir="0" index="1" bw="128" slack="0"/>
<pin id="113" dir="0" index="2" bw="1" slack="0"/>
<pin id="114" dir="1" index="3" bw="1" slack="2147483647"/>
</pin_list>
<bind>
<opcode="writereq(1155) " fcode="writereq"/>
<opset="gmem_addr_req/2 "/>
</bind>
</comp>

<comp id="117" class="1004" name="write_ln398_write_fu_117">
<pin_list>
<pin id="118" dir="0" index="0" bw="0" slack="0"/>
<pin id="119" dir="0" index="1" bw="128" slack="1"/>
<pin id="120" dir="0" index="2" bw="128" slack="1"/>
<pin id="121" dir="0" index="3" bw="1" slack="0"/>
<pin id="122" dir="1" index="4" bw="0" slack="2147483647"/>
</pin_list>
<bind>
<opcode="write(1151) " fcode="write"/>
<opset="write_ln398/3 "/>
</bind>
</comp>

<comp id="125" class="1004" name="grp_writeresp_fu_125">
<pin_list>
<pin id="126" dir="0" index="0" bw="1" slack="0"/>
<pin id="127" dir="0" index="1" bw="128" slack="2"/>
<pin id="128" dir="1" index="2" bw="1" slack="2147483647"/>
</pin_list>
<bind>
<opcode="writeresp(1158) " fcode="writeresp"/>
<opset="gmem_addr_resp/4 "/>
</bind>
</comp>

<comp id="130" class="1004" name="pr_l_cast_cast_fu_130">
<pin_list>
<pin id="131" dir="0" index="0" bw="28" slack="0"/>
<pin id="132" dir="1" index="1" bw="29" slack="0"/>
</pin_list>
<bind>
<opcode="zext(34) " fcode="zext"/>
<opset="pr_l_cast_cast/1 "/>
</bind>
</comp>

<comp id="134" class="1004" name="store_ln388_store_fu_134">
<pin_list>
<pin id="135" dir="0" index="0" bw="1" slack="0"/>
<pin id="136" dir="0" index="1" bw="7" slack="0"/>
<pin id="137" dir="1" index="2" bw="0" slack="2147483647"/>
</pin_list>
<bind>
<opcode="store(28) " fcode="store"/>
<opset="store_ln388/1 "/>
</bind>
</comp>

<comp id="139" class="1004" name="blk_1_load_fu_139">
<pin_list>
<pin id="140" dir="0" index="0" bw="7" slack="0"/>
<pin id="141" dir="1" index="1" bw="7" slack="0"/>
</pin_list>
<bind>
<opcode="load(27) " fcode="load"/>
<opset="blk_1/1 "/>
</bind>
</comp>

<comp id="142" class="1004" name="icmp_ln388_fu_142">
<pin_list>
<pin id="143" dir="0" index="0" bw="7" slack="0"/>
<pin id="144" dir="0" index="1" bw="7" slack="0"/>
<pin id="145" dir="1" index="2" bw="1" slack="6"/>
</pin_list>
<bind>
<opcode="icmp(45) " fcode="icmp"/>
<opset="icmp_ln388/1 "/>
</bind>
</comp>

<comp id="148" class="1004" name="add_ln388_fu_148">
<pin_list>
<pin id="149" dir="0" index="0" bw="7" slack="0"/>
<pin id="150" dir="0" index="1" bw="1" slack="0"/>
<pin id="151" dir="1" index="2" bw="7" slack="0"/>
</pin_list>
<bind>
<opcode="add(8) " fcode="add"/>
<opset="add_ln388/1 "/>
</bind>
</comp>

<comp id="154" class="1004" name="trunc_ln398_fu_154">
<pin_list>
<pin id="155" dir="0" index="0" bw="7" slack="0"/>
<pin id="156" dir="1" index="1" bw="6" slack="0"/>
</pin_list>
<bind>
<opcode="trunc(33) " fcode="trunc"/>
<opset="trunc_ln398/1 "/>
</bind>
</comp>

<comp id="158" class="1004" name="zext_ln398_fu_158">
<pin_list>
<pin id="159" dir="0" index="0" bw="6" slack="0"/>
<pin id="160" dir="1" index="1" bw="29" slack="0"/>
</pin_list>
<bind>
<opcode="zext(34) " fcode="zext"/>
<opset="zext_ln398/1 "/>
</bind>
</comp>

<comp id="162" class="1004" name="add_ln398_fu_162">
<pin_list>
<pin id="163" dir="0" index="0" bw="28" slack="0"/>
<pin id="164" dir="0" index="1" bw="6" slack="0"/>
<pin id="165" dir="1" index="2" bw="29" slack="0"/>
</pin_list>
<bind>
<opcode="add(8) " fcode="add"/>
<opset="add_ln398/1 "/>
</bind>
</comp>

<comp id="168" class="1004" name="shl_ln_fu_168">
<pin_list>
<pin id="169" dir="0" index="0" bw="33" slack="0"/>
<pin id="170" dir="0" index="1" bw="29" slack="0"/>
<pin id="171" dir="0" index="2" bw="1" slack="0"/>
<pin id="172" dir="1" index="3" bw="33" slack="0"/>
</pin_list>
<bind>
<opcode="bitconcatenate(1004) " fcode="bitconcatenate"/>
<opset="shl_ln/1 "/>
</bind>
</comp>

<comp id="176" class="1004" name="zext_ln398_1_fu_176">
<pin_list>
<pin id="177" dir="0" index="0" bw="33" slack="0"/>
<pin id="178" dir="1" index="1" bw="64" slack="0"/>
</pin_list>
<bind>
<opcode="zext(34) " fcode="zext"/>
<opset="zext_ln398_1/1 "/>
</bind>
</comp>

<comp id="180" class="1004" name="add_ln398_1_fu_180">
<pin_list>
<pin id="181" dir="0" index="0" bw="33" slack="0"/>
<pin id="182" dir="0" index="1" bw="64" slack="0"/>
<pin id="183" dir="1" index="2" bw="64" slack="0"/>
</pin_list>
<bind>
<opcode="add(8) " fcode="add"/>
<opset="add_ln398_1/1 "/>
</bind>
</comp>

<comp id="186" class="1004" name="trunc_ln398_1_fu_186">
<pin_list>
<pin id="187" dir="0" index="0" bw="60" slack="0"/>
<pin id="188" dir="0" index="1" bw="64" slack="0"/>
<pin id="189" dir="0" index="2" bw="4" slack="0"/>
<pin id="190" dir="0" index="3" bw="7" slack="0"/>
<pin id="191" dir="1" index="4" bw="60" slack="1"/>
</pin_list>
<bind>
<opcode="partselect(1002) " fcode="partselect"/>
<opset="trunc_ln398_1/1 "/>
</bind>
</comp>

<comp id="196" class="1004" name="store_ln388_store_fu_196">
<pin_list>
<pin id="197" dir="0" index="0" bw="7" slack="0"/>
<pin id="198" dir="0" index="1" bw="7" slack="0"/>
<pin id="199" dir="1" index="2" bw="0" slack="2147483647"/>
</pin_list>
<bind>
<opcode="store(28) " fcode="store"/>
<opset="store_ln388/1 "/>
</bind>
</comp>

<comp id="201" class="1004" name="line_fu_201">
<pin_list>
<pin id="202" dir="0" index="0" bw="132" slack="0"/>
<pin id="203" dir="1" index="1" bw="128" slack="1"/>
</pin_list>
<bind>
<opcode="trunc(33) " fcode="trunc"/>
<opset="line/2 "/>
</bind>
</comp>

<comp id="205" class="1004" name="sext_ln398_fu_205">
<pin_list>
<pin id="206" dir="0" index="0" bw="60" slack="1"/>
<pin id="207" dir="1" index="1" bw="64" slack="0"/>
</pin_list>
<bind>
<opcode="sext(35) " fcode="sext"/>
<opset="sext_ln398/2 "/>
</bind>
</comp>

<comp id="208" class="1004" name="gmem_addr_fu_208">
<pin_list>
<pin id="209" dir="0" index="0" bw="128" slack="0"/>
<pin id="210" dir="0" index="1" bw="60" slack="0"/>
<pin id="211" dir="1" index="2" bw="128" slack="0"/>
</pin_list>
<bind>
<opcode="getelementptr(29) " fcode="getelementptr"/>
<opset="gmem_addr/2 "/>
</bind>
</comp>

<comp id="215" class="1005" name="blk_reg_215">
<pin_list>
<pin id="216" dir="0" index="0" bw="7" slack="0"/>
<pin id="217" dir="1" index="1" bw="7" slack="0"/>
</pin_list>
<bind>
<opset="blk "/>
</bind>
</comp>

<comp id="222" class="1005" name="icmp_ln388_reg_222">
<pin_list>
<pin id="223" dir="0" index="0" bw="1" slack="6"/>
<pin id="224" dir="1" index="1" bw="1" slack="2147483647"/>
</pin_list>
<bind>
<opset="icmp_ln388 "/>
</bind>
</comp>

<comp id="226" class="1005" name="trunc_ln398_1_reg_226">
<pin_list>
<pin id="227" dir="0" index="0" bw="60" slack="1"/>
<pin id="228" dir="1" index="1" bw="60" slack="1"/>
</pin_list>
<bind>
<opset="trunc_ln398_1 "/>
</bind>
</comp>

<comp id="231" class="1005" name="line_reg_231">
<pin_list>
<pin id="232" dir="0" index="0" bw="128" slack="1"/>
<pin id="233" dir="1" index="1" bw="128" slack="1"/>
</pin_list>
<bind>
<opset="line "/>
</bind>
</comp>

<comp id="236" class="1005" name="gmem_addr_reg_236">
<pin_list>
<pin id="237" dir="0" index="0" bw="128" slack="1"/>
<pin id="238" dir="1" index="1" bw="128" slack="1"/>
</pin_list>
<bind>
<opset="gmem_addr "/>
</bind>
</comp>

</comp_list>

<net_list>
<net id="85"><net_src comp="10" pin="0"/><net_sink comp="82" pin=0"/></net>

<net id="90"><net_src comp="18" pin="0"/><net_sink comp="86" pin=0"/></net>

<net id="91"><net_src comp="6" pin="0"/><net_sink comp="86" pin=1"/></net>

<net id="96"><net_src comp="20" pin="0"/><net_sink comp="92" pin=0"/></net>

<net id="97"><net_src comp="4" pin="0"/><net_sink comp="92" pin=1"/></net>

<net id="102"><net_src comp="22" pin="0"/><net_sink comp="98" pin=0"/></net>

<net id="103"><net_src comp="0" pin="0"/><net_sink comp="98" pin=1"/></net>

<net id="108"><net_src comp="64" pin="0"/><net_sink comp="104" pin=0"/></net>

<net id="109"><net_src comp="2" pin="0"/><net_sink comp="104" pin=1"/></net>

<net id="115"><net_src comp="66" pin="0"/><net_sink comp="110" pin=0"/></net>

<net id="116"><net_src comp="68" pin="0"/><net_sink comp="110" pin=2"/></net>

<net id="123"><net_src comp="70" pin="0"/><net_sink comp="117" pin=0"/></net>

<net id="124"><net_src comp="72" pin="0"/><net_sink comp="117" pin=3"/></net>

<net id="129"><net_src comp="74" pin="0"/><net_sink comp="125" pin=0"/></net>

<net id="133"><net_src comp="92" pin="2"/><net_sink comp="130" pin=0"/></net>

<net id="138"><net_src comp="44" pin="0"/><net_sink comp="134" pin=0"/></net>

<net id="146"><net_src comp="139" pin="1"/><net_sink comp="142" pin=0"/></net>

<net id="147"><net_src comp="98" pin="2"/><net_sink comp="142" pin=1"/></net>

<net id="152"><net_src comp="139" pin="1"/><net_sink comp="148" pin=0"/></net>

<net id="153"><net_src comp="52" pin="0"/><net_sink comp="148" pin=1"/></net>

<net id="157"><net_src comp="139" pin="1"/><net_sink comp="154" pin=0"/></net>

<net id="161"><net_src comp="154" pin="1"/><net_sink comp="158" pin=0"/></net>

<net id="166"><net_src comp="130" pin="1"/><net_sink comp="162" pin=0"/></net>

<net id="167"><net_src comp="158" pin="1"/><net_sink comp="162" pin=1"/></net>

<net id="173"><net_src comp="54" pin="0"/><net_sink comp="168" pin=0"/></net>

<net id="174"><net_src comp="162" pin="2"/><net_sink comp="168" pin=1"/></net>

<net id="175"><net_src comp="56" pin="0"/><net_sink comp="168" pin=2"/></net>

<net id="179"><net_src comp="168" pin="3"/><net_sink comp="176" pin=0"/></net>

<net id="184"><net_src comp="176" pin="1"/><net_sink comp="180" pin=0"/></net>

<net id="185"><net_src comp="86" pin="2"/><net_sink comp="180" pin=1"/></net>

<net id="192"><net_src comp="58" pin="0"/><net_sink comp="186" pin=0"/></net>

<net id="193"><net_src comp="180" pin="2"/><net_sink comp="186" pin=1"/></net>

<net id="194"><net_src comp="60" pin="0"/><net_sink comp="186" pin=2"/></net>

<net id="195"><net_src comp="62" pin="0"/><net_sink comp="186" pin=3"/></net>

<net id="200"><net_src comp="148" pin="2"/><net_sink comp="196" pin=0"/></net>

<net id="204"><net_src comp="104" pin="2"/><net_sink comp="201" pin=0"/></net>

<net id="212"><net_src comp="8" pin="0"/><net_sink comp="208" pin=0"/></net>

<net id="213"><net_src comp="205" pin="1"/><net_sink comp="208" pin=1"/></net>

<net id="214"><net_src comp="208" pin="2"/><net_sink comp="110" pin=1"/></net>

<net id="218"><net_src comp="82" pin="1"/><net_sink comp="215" pin=0"/></net>

<net id="219"><net_src comp="215" pin="1"/><net_sink comp="134" pin=1"/></net>

<net id="220"><net_src comp="215" pin="1"/><net_sink comp="139" pin=0"/></net>

<net id="221"><net_src comp="215" pin="1"/><net_sink comp="196" pin=1"/></net>

<net id="225"><net_src comp="142" pin="2"/><net_sink comp="222" pin=0"/></net>

<net id="229"><net_src comp="186" pin="4"/><net_sink comp="226" pin=0"/></net>

<net id="230"><net_src comp="226" pin="1"/><net_sink comp="205" pin=0"/></net>

<net id="234"><net_src comp="201" pin="1"/><net_sink comp="231" pin=0"/></net>

<net id="235"><net_src comp="231" pin="1"/><net_sink comp="117" pin=2"/></net>

<net id="239"><net_src comp="208" pin="2"/><net_sink comp="236" pin=0"/></net>

<net id="240"><net_src comp="236" pin="1"/><net_sink comp="117" pin=1"/></net>

<net id="241"><net_src comp="236" pin="1"/><net_sink comp="125" pin=1"/></net>

</net_list>

</model> 
---------------- Datapath Model END ------------------

* FSMD analyzer results:
  - Output states:
	Port: gmem | {2 3 4 5 6 7 8 }
 - Input state : 
	Port: write_prob_stream_Pipeline_prob_write_loop : full_blocks | {1 }
	Port: write_prob_stream_Pipeline_prob_write_loop : prob_stream | {2 }
	Port: write_prob_stream_Pipeline_prob_write_loop : pr_l_cast | {1 }
	Port: write_prob_stream_Pipeline_prob_write_loop : mem | {1 }
  - Chain level:
	State 1
		store_ln388 : 1
		blk_1 : 1
		icmp_ln388 : 2
		add_ln388 : 2
		br_ln388 : 3
		trunc_ln398 : 2
		zext_ln398 : 3
		add_ln398 : 4
		shl_ln : 5
		zext_ln398_1 : 6
		add_ln398_1 : 7
		trunc_ln398_1 : 8
		store_ln388 : 3
	State 2
		gmem_addr : 1
		gmem_addr_req : 2
	State 3
	State 4
	State 5
	State 6
	State 7
	State 8


============================================================
+ Verbose Summary: Datapath Resource usage 
============================================================

* Functional unit list:
|----------|-------------------------------|---------|---------|
| Operation|        Functional Unit        |    FF   |   LUT   |
|----------|-------------------------------|---------|---------|
|          |        add_ln388_fu_148       |    0    |    14   |
|    add   |        add_ln398_fu_162       |    0    |    35   |
|          |       add_ln398_1_fu_180      |    0    |    71   |
|----------|-------------------------------|---------|---------|
|   icmp   |       icmp_ln388_fu_142       |    0    |    14   |
|----------|-------------------------------|---------|---------|
|          |      mem_read_read_fu_86      |    0    |    0    |
|   read   |   pr_l_cast_read_read_fu_92   |    0    |    0    |
|          |  full_blocks_read_read_fu_98  |    0    |    0    |
|          |  prob_stream_read_read_fu_104 |    0    |    0    |
|----------|-------------------------------|---------|---------|
| writereq | gmem_addr_req_writereq_fu_110 |    0    |    0    |
|----------|-------------------------------|---------|---------|
|   write  |    write_ln398_write_fu_117   |    0    |    0    |
|----------|-------------------------------|---------|---------|
| writeresp|      grp_writeresp_fu_125     |    0    |    0    |
|----------|-------------------------------|---------|---------|
|          |     pr_l_cast_cast_fu_130     |    0    |    0    |
|   zext   |       zext_ln398_fu_158       |    0    |    0    |
|          |      zext_ln398_1_fu_176      |    0    |    0    |
|----------|-------------------------------|---------|---------|
|   trunc  |       trunc_ln398_fu_154      |    0    |    0    |
|          |          line_fu_201          |    0    |    0    |
|----------|-------------------------------|---------|---------|
|bitconcatenate|         shl_ln_fu_168         |    0    |    0    |
|----------|-------------------------------|---------|---------|
|partselect|      trunc_ln398_1_fu_186     |    0    |    0    |
|----------|-------------------------------|---------|---------|
|   sext   |       sext_ln398_fu_205       |    0    |    0    |
|----------|-------------------------------|---------|---------|
|   Total  |                               |    0    |   134   |
|----------|-------------------------------|---------|---------|

Memories:
N/A

* Register list:
+---------------------+--------+
|                     |   FF   |
+---------------------+--------+
|     blk_reg_215     |    7   |
|  gmem_addr_reg_236  |   128  |
|  icmp_ln388_reg_222 |    1   |
|     line_reg_231    |   128  |
|trunc_ln398_1_reg_226|   60   |
+---------------------+--------+
|        Total        |   324  |
+---------------------+--------+

* Multiplexer (MUX) list: 
|--------|------|------|------|--------|
|  Comp  |  Pin | Size |  BW  | S x BW |
|--------|------|------|------|--------|
|  Total |      |      |      |    0   |
|--------|------|------|------|--------|



* Summary:
+-----------+--------+--------+
|           |   FF   |   LUT  |
+-----------+--------+--------+
|  Function |    0   |   134  |
|   Memory  |    -   |    -   |
|Multiplexer|    -   |    -   |
|  Register |   324  |    -   |
+-----------+--------+--------+
|   Total   |   324  |   134  |
+-----------+--------+--------+
