

================================================================
== Vitis HLS Report for 'write_prob_stream_Pipeline_prob_write_loop'
================================================================
* Date:           Sat Mar 14 14:59:13 2026

* Version:        2025.1 (Build 6135595 on May 21 2025)
* Project:        Prometheus_streaming_w4
* Solution:       hls (Vivado IP Flow Target)
* Product family: zynq
* Target device:  xc7z020-clg400-1


================================================================
== Performance Estimates
================================================================
+ Timing: 
    * Summary: 
    +--------+----------+----------+------------+
    |  Clock |  Target  | Estimated| Uncertainty|
    +--------+----------+----------+------------+
    |ap_clk  |  11.80 ns|  8.614 ns|     3.19 ns|
    +--------+----------+----------+------------+

+ Latency: 
    * Summary: 
    +---------+---------+-----------+----------+-----+-----+------------------------------------------------+
    |  Latency (cycles) |  Latency (absolute)  |  Interval |                    Pipeline                    |
    |   min   |   max   |    min    |    max   | min | max |                      Type                      |
    +---------+---------+-----------+----------+-----+-----+------------------------------------------------+
    |        2|       72|  23.600 ns|  0.850 us|    1|   65|  loop auto-rewind stp (delay=0 clock cycles(s))|
    +---------+---------+-----------+----------+-----+-----+------------------------------------------------+

    + Detail: 
        * Instance: 
        N/A

        * Loop: 
        +-------------------+---------+---------+----------+-----------+-----------+--------+----------+
        |                   |  Latency (cycles) | Iteration|  Initiation Interval  |  Trip  |          |
        |     Loop Name     |   min   |   max   |  Latency |  achieved |   target  |  Count | Pipelined|
        +-------------------+---------+---------+----------+-----------+-----------+--------+----------+
        |- prob_write_loop  |        0|       70|         8|          1|          1|  0 ~ 64|       yes|
        +-------------------+---------+---------+----------+-----------+-----------+--------+----------+

============================================================
+ Verbose Summary: Synthesis Manager
============================================================
InlineROM: 1
ExposeGlobal: 0
============================================================
+ Verbose Summary: CDFG Model
============================================================
IsTopModel: 0
ResetActiveHigh: 1
IsCombinational: 0
IsDatapathOnly: 0
HasWiredReturn: 1
HasMFsm: 2
HasVarLatency: 1
IsPipeline: 0
IsRtlPipelined: 0
IsInstanceOverlapped: 0
IsDontTouch: 0
HasImplIP: 0
IsGatedGlobalClock: 0

+ Individual pipeline summary: 
  * Pipeline-0: initiation interval (II) = 1, depth = 8


============================================================
+ Verbose Summary: Schedule
============================================================
* Number of FSM states : 8
* Pipeline : 1
  Pipeline-0 : II = 1, D = 8, States = { 1 2 3 4 5 6 7 8 }
* Dataflow Pipeline: 0

* FSM state transitions: 
1 --> 2 
2 --> 3 
3 --> 4 
4 --> 5 
5 --> 6 
6 --> 7 
7 --> 8 
8 --> 

* FSM state operations: 

State 1 <SV = 0> <Delay = 7.54>
ST_1 : Operation 11 [1/1] (0.00ns)   --->   "%blk = alloca i32 1" [softmax_accel_hls.cc:388]   --->   Operation 11 'alloca' 'blk' <Predicate = true> <Delay = 0.00>
ST_1 : Operation 12 [1/1] (0.00ns)   --->   "%specstablecontent_ln0 = specstablecontent void @_ssdm_op_SpecStableContent, i28 %pr_l_cast, i1 1, void @p_str"   --->   Operation 12 'specstablecontent' 'specstablecontent_ln0' <Predicate = true> <Delay = 0.00>
ST_1 : Operation 13 [1/1] (0.00ns)   --->   "%mem_read = read i64 @_ssdm_op_Read.ap_auto.i64, i64 %mem"   --->   Operation 13 'read' 'mem_read' <Predicate = true> <Delay = 0.00>
ST_1 : Operation 14 [1/1] (0.00ns)   --->   "%pr_l_cast_read = read i28 @_ssdm_op_Read.ap_auto.i28, i28 %pr_l_cast"   --->   Operation 14 'read' 'pr_l_cast_read' <Predicate = true> <Delay = 0.00>
ST_1 : Operation 15 [1/1] (0.00ns)   --->   "%full_blocks_read = read i7 @_ssdm_op_Read.ap_auto.i7, i7 %full_blocks"   --->   Operation 15 'read' 'full_blocks_read' <Predicate = true> <Delay = 0.00>
ST_1 : Operation 16 [1/1] (0.00ns)   --->   "%pr_l_cast_cast = zext i28 %pr_l_cast_read"   --->   Operation 16 'zext' 'pr_l_cast_cast' <Predicate = true> <Delay = 0.00>
ST_1 : Operation 17 [1/1] (0.00ns)   --->   "%specstablecontent_ln0 = specstablecontent void @_ssdm_op_SpecStableContent, i64 %mem, i1 1, void @p_str"   --->   Operation 17 'specstablecontent' 'specstablecontent_ln0' <Predicate = true> <Delay = 0.00>
ST_1 : Operation 18 [1/1] (0.00ns)   --->   "%specinterface_ln0 = specinterface void @_ssdm_op_SpecInterface, i128 %gmem, void @empty_0, i32 0, i32 0, void @empty_1, i32 0, i32 4096, void @empty_2, void @empty_3, void @empty_1, i32 16, i32 16, i32 16, i32 16, void @empty_1, void @empty_1, i32 4294967295, i32 0, i32 0"   --->   Operation 18 'specinterface' 'specinterface_ln0' <Predicate = true> <Delay = 0.00>
ST_1 : Operation 19 [1/1] (0.00ns)   --->   "%specinterface_ln0 = specinterface void @_ssdm_op_SpecInterface, i132 %prob_stream, void @empty, i32 0, i32 0, void @empty_1, i32 0, i32 0, void @empty_1, void @empty_1, void @empty_1, i32 0, i32 0, i32 0, i32 0, void @empty_1, void @empty_1, i32 4294967295, i32 0, i32 0"   --->   Operation 19 'specinterface' 'specinterface_ln0' <Predicate = true> <Delay = 0.00>
ST_1 : Operation 20 [1/1] (1.58ns)   --->   "%store_ln388 = store i7 0, i7 %blk" [softmax_accel_hls.cc:388]   --->   Operation 20 'store' 'store_ln388' <Predicate = true> <Delay = 1.58>
ST_1 : Operation 21 [1/1] (0.00ns)   --->   "%br_ln388 = br void %for.inc" [softmax_accel_hls.cc:388]   --->   Operation 21 'br' 'br_ln388' <Predicate = true> <Delay = 0.00>
ST_1 : Operation 22 [1/1] (0.00ns)   --->   "%blk_1 = load i7 %blk" [softmax_accel_hls.cc:388]   --->   Operation 22 'load' 'blk_1' <Predicate = true> <Delay = 0.00>
ST_1 : Operation 23 [1/1] (1.87ns)   --->   "%icmp_ln388 = icmp_eq  i7 %blk_1, i7 %full_blocks_read" [softmax_accel_hls.cc:388]   --->   Operation 23 'icmp' 'icmp_ln388' <Predicate = true> <Delay = 1.87> <CoreInst = "Cmp">   --->   Core 9 'Cmp' <Latency = 0> <II = 1> <Delay = 1.87> <FuncUnit> <Opcode : 'seteq' 'setne' 'setle' 'setge' 'setlt' 'setgt'> <InPorts = 2> <OutPorts = 1>
ST_1 : Operation 24 [1/1] (0.00ns)   --->   "%speclooptripcount_ln0 = speclooptripcount void @_ssdm_op_SpecLoopTripCount, i64 0, i64 64, i64 0"   --->   Operation 24 'speclooptripcount' 'speclooptripcount_ln0' <Predicate = true> <Delay = 0.00>
ST_1 : Operation 25 [1/1] (1.87ns)   --->   "%add_ln388 = add i7 %blk_1, i7 1" [softmax_accel_hls.cc:388]   --->   Operation 25 'add' 'add_ln388' <Predicate = true> <Delay = 1.87> <CoreInst = "Adder">   --->   Core 1 'Adder' <Latency = 0> <II = 1> <Delay = 1.87> <FuncUnit> <Opcode : 'add' 'sub'> <InPorts = 2> <OutPorts = 1>
ST_1 : Operation 26 [1/1] (0.00ns)   --->   "%br_ln388 = br i1 %icmp_ln388, void %for.inc.split, void %for.end.exitStub" [softmax_accel_hls.cc:388]   --->   Operation 26 'br' 'br_ln388' <Predicate = true> <Delay = 0.00>
ST_1 : Operation 27 [1/1] (0.00ns)   --->   "%trunc_ln398 = trunc i7 %blk_1" [softmax_accel_hls.cc:398]   --->   Operation 27 'trunc' 'trunc_ln398' <Predicate = (!icmp_ln388)> <Delay = 0.00>
ST_1 : Operation 28 [1/1] (0.00ns)   --->   "%zext_ln398 = zext i6 %trunc_ln398" [softmax_accel_hls.cc:398]   --->   Operation 28 'zext' 'zext_ln398' <Predicate = (!icmp_ln388)> <Delay = 0.00>
ST_1 : Operation 29 [1/1] (2.43ns)   --->   "%add_ln398 = add i29 %pr_l_cast_cast, i29 %zext_ln398" [softmax_accel_hls.cc:398]   --->   Operation 29 'add' 'add_ln398' <Predicate = (!icmp_ln388)> <Delay = 2.43> <CoreInst = "Adder">   --->   Core 1 'Adder' <Latency = 0> <II = 1> <Delay = 2.43> <FuncUnit> <Opcode : 'add' 'sub'> <InPorts = 2> <OutPorts = 1>
ST_1 : Operation 30 [1/1] (0.00ns)   --->   "%shl_ln = bitconcatenate i33 @_ssdm_op_BitConcatenate.i33.i29.i4, i29 %add_ln398, i4 0" [softmax_accel_hls.cc:398]   --->   Operation 30 'bitconcatenate' 'shl_ln' <Predicate = (!icmp_ln388)> <Delay = 0.00>
ST_1 : Operation 31 [1/1] (0.00ns)   --->   "%zext_ln398_1 = zext i33 %shl_ln" [softmax_accel_hls.cc:398]   --->   Operation 31 'zext' 'zext_ln398_1' <Predicate = (!icmp_ln388)> <Delay = 0.00>
ST_1 : Operation 32 [1/1] (3.52ns)   --->   "%add_ln398_1 = add i64 %zext_ln398_1, i64 %mem_read" [softmax_accel_hls.cc:398]   --->   Operation 32 'add' 'add_ln398_1' <Predicate = (!icmp_ln388)> <Delay = 3.52> <CoreInst = "Adder">   --->   Core 1 'Adder' <Latency = 0> <II = 1> <Delay = 3.52> <FuncUnit> <Opcode : 'add' 'sub'> <InPorts = 2> <OutPorts = 1>
ST_1 : Operation 33 [1/1] (0.00ns)   --->   "%trunc_ln398_1 = partselect i60 @_ssdm_op_PartSelect.i60.i64.i32.i32, i64 %add_ln398_1, i32 4, i32 63" [softmax_accel_hls.cc:398]   --->   Operation 33 'partselect' 'trunc_ln398_1' <Predicate = (!icmp_ln388)> <Delay = 0.00>
ST_1 : Operation 34 [1/1] (1.58ns)   --->   "%store_ln388 = store i7 %add_ln388, i7 %blk" [softmax_accel_hls.cc:388]   --->   Operation 34 'store' 'store_ln388' <Predicate = (!icmp_ln388)> <Delay = 1.58>

State 2 <SV = 1> <Delay = 8.61>
ST_2 : Operation 35 [1/1] ( I:3.70ns O:3.70ns )   --->   "%prob_stream_read = read i132 @_ssdm_op_Read.ap_fifo.volatile.i132P0A, i132 %prob_stream" [softmax_accel_hls.cc:390]   --->   Operation 35 'read' 'prob_stream_read' <Predicate = true> <Delay = 3.70> <CoreInst = "FIFO">   --->   Core 77 'FIFO' <Latency = 0> <II = 1> <Delay = 3.70> <Storage> <Opcode : 'read' 'write' 'nbread' 'nbwrite'> <Ports = 0> <Width = 132> <Depth = 16> <FIFO>
ST_2 : Operation 36 [1/1] (0.00ns)   --->   "%line = trunc i132 %prob_stream_read" [softmax_accel_hls.cc:390]   --->   Operation 36 'trunc' 'line' <Predicate = true> <Delay = 0.00>
ST_2 : Operation 37 [1/1] (0.00ns)   --->   "%sext_ln398 = sext i60 %trunc_ln398_1" [softmax_accel_hls.cc:398]   --->   Operation 37 'sext' 'sext_ln398' <Predicate = true> <Delay = 0.00>
ST_2 : Operation 38 [1/1] (0.00ns)   --->   "%gmem_addr = getelementptr i128 %gmem, i64 %sext_ln398" [softmax_accel_hls.cc:398]   --->   Operation 38 'getelementptr' 'gmem_addr' <Predicate = true> <Delay = 0.00>
ST_2 : Operation 39 [1/1] (8.61ns)   --->   "%gmem_addr_req = writereq i1 @_ssdm_op_WriteReq.m_axi.i128P1A, i128 %gmem_addr, i64 1" [softmax_accel_hls.cc:398]   --->   Operation 39 'writereq' 'gmem_addr_req' <Predicate = true> <Delay = 8.61> <CoreInst = "m_axi">   --->   Core 111 'm_axi' <Latency = 9> <II = 1> <Delay = 1.00> <Adapter> <Opcode : 'read' 'write' 'readreq' 'writereq' 'writeresp'>

State 3 <SV = 2> <Delay = 8.61>
ST_3 : Operation 40 [1/1] (8.61ns)   --->   "%write_ln398 = write void @_ssdm_op_Write.m_axi.volatile.i128P1A, i128 %gmem_addr, i128 %line, i16 65535" [softmax_accel_hls.cc:398]   --->   Operation 40 'write' 'write_ln398' <Predicate = true> <Delay = 8.61> <CoreInst = "m_axi">   --->   Core 111 'm_axi' <Latency = 5> <II = 1> <Delay = 1.00> <Adapter> <Opcode : 'read' 'write' 'readreq' 'writereq' 'writeresp'>

State 4 <SV = 3> <Delay = 8.61>
ST_4 : Operation 41 [5/5] (8.61ns)   --->   "%gmem_addr_resp = writeresp i1 @_ssdm_op_WriteResp.m_axi.i128P1A, i128 %gmem_addr" [softmax_accel_hls.cc:398]   --->   Operation 41 'writeresp' 'gmem_addr_resp' <Predicate = true> <Delay = 8.61> <CoreInst = "m_axi">   --->   Core 111 'm_axi' <Latency = 3> <II = 1> <Delay = 1.00> <Adapter> <Opcode : 'read' 'write' 'readreq' 'writereq' 'writeresp'>

State 5 <SV = 4> <Delay = 8.61>
ST_5 : Operation 42 [4/5] (8.61ns)   --->   "%gmem_addr_resp = writeresp i1 @_ssdm_op_WriteResp.m_axi.i128P1A, i128 %gmem_addr" [softmax_accel_hls.cc:398]   --->   Operation 42 'writeresp' 'gmem_addr_resp' <Predicate = true> <Delay = 8.61> <CoreInst = "m_axi">   --->   Core 111 'm_axi' <Latency = 3> <II = 1> <Delay = 1.00> <Adapter> <Opcode : 'read' 'write' 'readreq' 'writereq' 'writeresp'>

State 6 <SV = 5> <Delay = 8.61>
ST_6 : Operation 43 [3/5] (8.61ns)   --->   "%gmem_addr_resp = writeresp i1 @_ssdm_op_WriteResp.m_axi.i128P1A, i128 %gmem_addr" [softmax_accel_hls.cc:398]   --->   Operation 43 'writeresp' 'gmem_addr_resp' <Predicate = true> <Delay = 8.61> <CoreInst = "m_axi">   --->   Core 111 'm_axi' <Latency = 3> <II = 1> <Delay = 1.00> <Adapter> <Opcode : 'read' 'write' 'readreq' 'writereq' 'writeresp'>

State 7 <SV = 6> <Delay = 8.61>
ST_7 : Operation 44 [2/5] (8.61ns)   --->   "%gmem_addr_resp = writeresp i1 @_ssdm_op_WriteResp.m_axi.i128P1A, i128 %gmem_addr" [softmax_accel_hls.cc:398]   --->   Operation 44 'writeresp' 'gmem_addr_resp' <Predicate = true> <Delay = 8.61> <CoreInst = "m_axi">   --->   Core 111 'm_axi' <Latency = 3> <II = 1> <Delay = 1.00> <Adapter> <Opcode : 'read' 'write' 'readreq' 'writereq' 'writeresp'>
ST_7 : Operation 49 [1/1] (1.58ns)   --->   "%ret_ln0 = ret"   --->   Operation 49 'ret' 'ret_ln0' <Predicate = (icmp_ln388)> <Delay = 1.58>

State 8 <SV = 7> <Delay = 8.61>
ST_8 : Operation 45 [1/1] (0.00ns)   --->   "%specpipeline_ln389 = specpipeline void @_ssdm_op_SpecPipeline, i32 1, i32 0, i32 0, i32 0, void @empty_1" [softmax_accel_hls.cc:389]   --->   Operation 45 'specpipeline' 'specpipeline_ln389' <Predicate = true> <Delay = 0.00>
ST_8 : Operation 46 [1/1] (0.00ns)   --->   "%specloopname_ln388 = specloopname void @_ssdm_op_SpecLoopName, void @empty_19" [softmax_accel_hls.cc:388]   --->   Operation 46 'specloopname' 'specloopname_ln388' <Predicate = true> <Delay = 0.00>
ST_8 : Operation 47 [1/5] (8.61ns)   --->   "%gmem_addr_resp = writeresp i1 @_ssdm_op_WriteResp.m_axi.i128P1A, i128 %gmem_addr" [softmax_accel_hls.cc:398]   --->   Operation 47 'writeresp' 'gmem_addr_resp' <Predicate = true> <Delay = 8.61> <CoreInst = "m_axi">   --->   Core 111 'm_axi' <Latency = 3> <II = 1> <Delay = 1.00> <Adapter> <Opcode : 'read' 'write' 'readreq' 'writereq' 'writeresp'>
ST_8 : Operation 48 [1/1] (0.00ns)   --->   "%br_ln388 = br void %for.inc" [softmax_accel_hls.cc:388]   --->   Operation 48 'br' 'br_ln388' <Predicate = true> <Delay = 0.00>


============================================================
+ Verbose Summary: Timing violations
============================================================
Target clock period: 11.800ns, clock uncertainty: 3.186ns.

 <State 1>: 7.541ns
The critical path consists of the following:
	'store' operation 0 bit ('store_ln388', softmax_accel_hls.cc:388) of constant 0 on local variable 'blk', softmax_accel_hls.cc:388 [15]  (1.588 ns)
	'load' operation 7 bit ('blk', softmax_accel_hls.cc:388) on local variable 'blk', softmax_accel_hls.cc:388 [18]  (0.000 ns)
	'add' operation 29 bit ('add_ln398', softmax_accel_hls.cc:398) [30]  (2.433 ns)
	'add' operation 64 bit ('add_ln398_1', softmax_accel_hls.cc:398) [33]  (3.520 ns)

 <State 2>: 8.614ns
The critical path consists of the following:
	'getelementptr' operation 128 bit ('gmem_addr', softmax_accel_hls.cc:398) [36]  (0.000 ns)
	bus request operation ('gmem_addr_req', softmax_accel_hls.cc:398) on port 'gmem' (softmax_accel_hls.cc:398) [37]  (8.614 ns)

 <State 3>: 8.614ns
The critical path consists of the following:
	bus write operation ('write_ln398', softmax_accel_hls.cc:398) on port 'gmem' (softmax_accel_hls.cc:398) [38]  (8.614 ns)

 <State 4>: 8.614ns
The critical path consists of the following:
	bus response operation ('gmem_addr_resp', softmax_accel_hls.cc:398) on port 'gmem' (softmax_accel_hls.cc:398) [39]  (8.614 ns)

 <State 5>: 8.614ns
The critical path consists of the following:
	bus response operation ('gmem_addr_resp', softmax_accel_hls.cc:398) on port 'gmem' (softmax_accel_hls.cc:398) [39]  (8.614 ns)

 <State 6>: 8.614ns
The critical path consists of the following:
	bus response operation ('gmem_addr_resp', softmax_accel_hls.cc:398) on port 'gmem' (softmax_accel_hls.cc:398) [39]  (8.614 ns)

 <State 7>: 8.614ns
The critical path consists of the following:
	bus response operation ('gmem_addr_resp', softmax_accel_hls.cc:398) on port 'gmem' (softmax_accel_hls.cc:398) [39]  (8.614 ns)

 <State 8>: 8.614ns
The critical path consists of the following:
	bus response operation ('gmem_addr_resp', softmax_accel_hls.cc:398) on port 'gmem' (softmax_accel_hls.cc:398) [39]  (8.614 ns)


============================================================
+ Verbose Summary: Binding
============================================================
N/A
* FSMD analyzer results:
  - Output states:
 - Input state : 
  - Chain level:
	State 1
	State 2
	State 3
	State 4
	State 5
	State 6
	State 7
	State 8


============================================================
+ Verbose Summary: Datapath Resource usage 
============================================================
N/A
