

================================================================
== Vitis HLS Report for 'cache_exp_stream_Pipeline_cache_exp_loop'
================================================================
* Date:           Sat Mar 14 16:27:07 2026

* Version:        2025.1 (Build 6135595 on May 21 2025)
* Project:        Prometheus_SoC
* Solution:       hls (Vivado IP Flow Target)
* Product family: zynq
* Target device:  xc7z020-clg400-1


================================================================
== Performance Estimates
================================================================
+ Timing: 
    * Summary: 
    +--------+----------+----------+------------+
    |  Clock |  Target  | Estimated| Uncertainty|
    +--------+----------+----------+------------+
    |ap_clk  |  11.80 ns|  7.058 ns|     3.19 ns|
    +--------+----------+----------+------------+

+ Latency: 
    * Summary: 
    +---------+---------+-----------+----------+-----+-----+------------------------------------------------+
    |  Latency (cycles) |  Latency (absolute)  |  Interval |                    Pipeline                    |
    |   min   |   max   |    min    |    max   | min | max |                      Type                      |
    +---------+---------+-----------+----------+-----+-----+------------------------------------------------+
    |        4|       67|  47.200 ns|  0.791 us|    2|   65|  loop auto-rewind stp (delay=0 clock cycles(s))|
    +---------+---------+-----------+----------+-----+-----+------------------------------------------------+

    + Detail: 
        * Instance: 
        N/A

        * Loop: 
        +------------------+---------+---------+----------+-----------+-----------+--------+----------+
        |                  |  Latency (cycles) | Iteration|  Initiation Interval  |  Trip  |          |
        |     Loop Name    |   min   |   max   |  Latency |  achieved |   target  |  Count | Pipelined|
        +------------------+---------+---------+----------+-----------+-----------+--------+----------+
        |- cache_exp_loop  |        2|       65|         3|          1|          1|  1 ~ 64|       yes|
        +------------------+---------+---------+----------+-----------+-----------+--------+----------+



================================================================
== Utilization Estimates
================================================================
* Summary: 
+-----------------+---------+-----+--------+-------+-----+
|       Name      | BRAM_18K| DSP |   FF   |  LUT  | URAM|
+-----------------+---------+-----+--------+-------+-----+
|DSP              |        -|    -|       -|      -|    -|
|Expression       |        -|    -|       0|    328|    -|
|FIFO             |        -|    -|       -|      -|    -|
|Instance         |        -|    -|       -|      -|    -|
|Memory           |        -|    -|       -|      -|    -|
|Multiplexer      |        -|    -|       0|     54|    -|
|Register         |        -|    -|     126|      -|    -|
+-----------------+---------+-----+--------+-------+-----+
|Total            |        0|    0|     126|    382|    0|
+-----------------+---------+-----+--------+-------+-----+
|Available        |      280|  220|  106400|  53200|    0|
+-----------------+---------+-----+--------+-------+-----+
|Utilization (%)  |        0|    0|      ~0|     ~0|    0|
+-----------------+---------+-----+--------+-------+-----+

+ Detail: 
    * Instance: 
    N/A

    * DSP: 
    N/A

    * Memory: 
    N/A

    * FIFO: 
    N/A

    * Expression: 
    +--------------------------------+----------+----+---+----+------------+------------+
    |          Variable Name         | Operation| DSP| FF| LUT| Bitwidth P0| Bitwidth P1|
    +--------------------------------+----------+----+---+----+------------+------------+
    |add_ln276_fu_2554_p2            |         +|   0|  0|  14|           7|           1|
    |add_ln286_1_fu_3461_p2          |         +|   0|  0|  40|          33|          33|
    |add_ln286_2_fu_3476_p2          |         +|   0|  0|  41|          34|          34|
    |add_ln286_fu_3455_p2            |         +|   0|  0|  40|          33|          33|
    |sum64_1_fu_3486_p2              |         +|   0|  0|  47|          40|          40|
    |ap_block_pp0_stage0_01001_grp1  |       and|   0|  0|   2|           1|           1|
    |icmp_ln276_fu_2548_p2           |      icmp|   0|  0|  14|           7|           7|
    |s0_1_fu_3407_p3                 |    select|   0|  0|  32|           1|          32|
    |s1_1_fu_3419_p3                 |    select|   0|  0|  32|           1|          32|
    |s2_1_fu_3431_p3                 |    select|   0|  0|  32|           1|          32|
    |s3_1_fu_3443_p3                 |    select|   0|  0|  32|           1|          32|
    |ap_enable_pp0                   |       xor|   0|  0|   2|           1|           2|
    +--------------------------------+----------+----+---+----+------------+------------+
    |Total                           |          |   0|  0| 328|         160|         279|
    +--------------------------------+----------+----+---+----+------------+------------+

    * Multiplexer: 
    +-------------------------+----+-----------+-----+-----------+
    |           Name          | LUT| Input Size| Bits| Total Bits|
    +-------------------------+----+-----------+-----+-----------+
    |ap_done_int              |   9|          2|    1|          2|
    |ap_enable_reg_pp0_iter1  |   9|          2|    1|          2|
    |ap_sig_allocacmp_blk_5   |   9|          2|    7|         14|
    |blk_fu_720               |   9|          2|    7|         14|
    |exp_stream_blk_n         |   9|          2|    1|          2|
    |sum64_fu_716             |   9|          2|   40|         80|
    +-------------------------+----+-----------+-----+-----------+
    |Total                    |  54|         12|   57|        114|
    +-------------------------+----+-----------+-----+-----------+

    * Register: 
    +-------------------------------------------+----+----+-----+-----------+
    |                    Name                   | FF | LUT| Bits| Const Bits|
    +-------------------------------------------+----+----+-----+-----------+
    |add_ln286_1_reg_3549                       |  33|   0|   33|          0|
    |add_ln286_reg_3544                         |  33|   0|   33|          0|
    |ap_CS_fsm                                  |   1|   0|    1|          0|
    |ap_block_pp0_stage0_subdone_grp0_done_reg  |   1|   0|    1|          0|
    |ap_done_reg                                |   1|   0|    1|          0|
    |ap_enable_reg_pp0_iter1                    |   1|   0|    1|          0|
    |ap_enable_reg_pp0_iter2                    |   1|   0|    1|          0|
    |ap_loop_exit_ready_pp0_iter1_reg           |   1|   0|    1|          0|
    |blk_fu_720                                 |   7|   0|    7|          0|
    |icmp_ln276_reg_3516                        |   1|   0|    1|          0|
    |sum64_fu_716                               |  40|   0|   40|          0|
    |trunc_ln276_reg_3520                       |   6|   0|    6|          0|
    +-------------------------------------------+----+----+-----+-----------+
    |Total                                      | 126|   0|  126|          0|
    +-------------------------------------------+----+----+-----+-----------+



================================================================
== Interface
================================================================
* Summary: 
+---------------------------+-----+-----+------------+------------------------------------------+--------------+
|         RTL Ports         | Dir | Bits|  Protocol  |               Source Object              |    C Type    |
+---------------------------+-----+-----+------------+------------------------------------------+--------------+
|ap_clk                     |   in|    1|  ap_ctrl_hs|  cache_exp_stream_Pipeline_cache_exp_loop|  return value|
|ap_rst                     |   in|    1|  ap_ctrl_hs|  cache_exp_stream_Pipeline_cache_exp_loop|  return value|
|ap_start                   |   in|    1|  ap_ctrl_hs|  cache_exp_stream_Pipeline_cache_exp_loop|  return value|
|ap_done                    |  out|    1|  ap_ctrl_hs|  cache_exp_stream_Pipeline_cache_exp_loop|  return value|
|ap_idle                    |  out|    1|  ap_ctrl_hs|  cache_exp_stream_Pipeline_cache_exp_loop|  return value|
|ap_ready                   |  out|    1|  ap_ctrl_hs|  cache_exp_stream_Pipeline_cache_exp_loop|  return value|
|exp_stream_dout            |   in|  132|     ap_fifo|                                exp_stream|       pointer|
|exp_stream_empty_n         |   in|    1|     ap_fifo|                                exp_stream|       pointer|
|exp_stream_read            |  out|    1|     ap_fifo|                                exp_stream|       pointer|
|exp_stream_num_data_valid  |   in|    5|     ap_fifo|                                exp_stream|       pointer|
|exp_stream_fifo_cap        |   in|    5|     ap_fifo|                                exp_stream|       pointer|
|trunc_ln                   |   in|    7|   ap_stable|                                  trunc_ln|        scalar|
|exp_buf_3_63               |  out|   32|      ap_vld|                              exp_buf_3_63|       pointer|
|exp_buf_3_63_ap_vld        |  out|    1|      ap_vld|                              exp_buf_3_63|       pointer|
|exp_buf_3_62               |  out|   32|      ap_vld|                              exp_buf_3_62|       pointer|
|exp_buf_3_62_ap_vld        |  out|    1|      ap_vld|                              exp_buf_3_62|       pointer|
|exp_buf_3_61               |  out|   32|      ap_vld|                              exp_buf_3_61|       pointer|
|exp_buf_3_61_ap_vld        |  out|    1|      ap_vld|                              exp_buf_3_61|       pointer|
|exp_buf_3_60               |  out|   32|      ap_vld|                              exp_buf_3_60|       pointer|
|exp_buf_3_60_ap_vld        |  out|    1|      ap_vld|                              exp_buf_3_60|       pointer|
|exp_buf_3_59               |  out|   32|      ap_vld|                              exp_buf_3_59|       pointer|
|exp_buf_3_59_ap_vld        |  out|    1|      ap_vld|                              exp_buf_3_59|       pointer|
|exp_buf_3_58               |  out|   32|      ap_vld|                              exp_buf_3_58|       pointer|
|exp_buf_3_58_ap_vld        |  out|    1|      ap_vld|                              exp_buf_3_58|       pointer|
|exp_buf_3_57               |  out|   32|      ap_vld|                              exp_buf_3_57|       pointer|
|exp_buf_3_57_ap_vld        |  out|    1|      ap_vld|                              exp_buf_3_57|       pointer|
|exp_buf_3_56               |  out|   32|      ap_vld|                              exp_buf_3_56|       pointer|
|exp_buf_3_56_ap_vld        |  out|    1|      ap_vld|                              exp_buf_3_56|       pointer|
|exp_buf_3_55               |  out|   32|      ap_vld|                              exp_buf_3_55|       pointer|
|exp_buf_3_55_ap_vld        |  out|    1|      ap_vld|                              exp_buf_3_55|       pointer|
|exp_buf_3_54               |  out|   32|      ap_vld|                              exp_buf_3_54|       pointer|
|exp_buf_3_54_ap_vld        |  out|    1|      ap_vld|                              exp_buf_3_54|       pointer|
|exp_buf_3_53               |  out|   32|      ap_vld|                              exp_buf_3_53|       pointer|
|exp_buf_3_53_ap_vld        |  out|    1|      ap_vld|                              exp_buf_3_53|       pointer|
|exp_buf_3_52               |  out|   32|      ap_vld|                              exp_buf_3_52|       pointer|
|exp_buf_3_52_ap_vld        |  out|    1|      ap_vld|                              exp_buf_3_52|       pointer|
|exp_buf_3_51               |  out|   32|      ap_vld|                              exp_buf_3_51|       pointer|
|exp_buf_3_51_ap_vld        |  out|    1|      ap_vld|                              exp_buf_3_51|       pointer|
|exp_buf_3_50               |  out|   32|      ap_vld|                              exp_buf_3_50|       pointer|
|exp_buf_3_50_ap_vld        |  out|    1|      ap_vld|                              exp_buf_3_50|       pointer|
|exp_buf_3_49               |  out|   32|      ap_vld|                              exp_buf_3_49|       pointer|
|exp_buf_3_49_ap_vld        |  out|    1|      ap_vld|                              exp_buf_3_49|       pointer|
|exp_buf_3_48               |  out|   32|      ap_vld|                              exp_buf_3_48|       pointer|
|exp_buf_3_48_ap_vld        |  out|    1|      ap_vld|                              exp_buf_3_48|       pointer|
|exp_buf_3_47               |  out|   32|      ap_vld|                              exp_buf_3_47|       pointer|
|exp_buf_3_47_ap_vld        |  out|    1|      ap_vld|                              exp_buf_3_47|       pointer|
|exp_buf_3_46               |  out|   32|      ap_vld|                              exp_buf_3_46|       pointer|
|exp_buf_3_46_ap_vld        |  out|    1|      ap_vld|                              exp_buf_3_46|       pointer|
|exp_buf_3_45               |  out|   32|      ap_vld|                              exp_buf_3_45|       pointer|
|exp_buf_3_45_ap_vld        |  out|    1|      ap_vld|                              exp_buf_3_45|       pointer|
|exp_buf_3_44               |  out|   32|      ap_vld|                              exp_buf_3_44|       pointer|
|exp_buf_3_44_ap_vld        |  out|    1|      ap_vld|                              exp_buf_3_44|       pointer|
|exp_buf_3_43               |  out|   32|      ap_vld|                              exp_buf_3_43|       pointer|
|exp_buf_3_43_ap_vld        |  out|    1|      ap_vld|                              exp_buf_3_43|       pointer|
|exp_buf_3_42               |  out|   32|      ap_vld|                              exp_buf_3_42|       pointer|
|exp_buf_3_42_ap_vld        |  out|    1|      ap_vld|                              exp_buf_3_42|       pointer|
|exp_buf_3_41               |  out|   32|      ap_vld|                              exp_buf_3_41|       pointer|
|exp_buf_3_41_ap_vld        |  out|    1|      ap_vld|                              exp_buf_3_41|       pointer|
|exp_buf_3_40               |  out|   32|      ap_vld|                              exp_buf_3_40|       pointer|
|exp_buf_3_40_ap_vld        |  out|    1|      ap_vld|                              exp_buf_3_40|       pointer|
|exp_buf_3_39               |  out|   32|      ap_vld|                              exp_buf_3_39|       pointer|
|exp_buf_3_39_ap_vld        |  out|    1|      ap_vld|                              exp_buf_3_39|       pointer|
|exp_buf_3_38               |  out|   32|      ap_vld|                              exp_buf_3_38|       pointer|
|exp_buf_3_38_ap_vld        |  out|    1|      ap_vld|                              exp_buf_3_38|       pointer|
|exp_buf_3_37               |  out|   32|      ap_vld|                              exp_buf_3_37|       pointer|
|exp_buf_3_37_ap_vld        |  out|    1|      ap_vld|                              exp_buf_3_37|       pointer|
|exp_buf_3_36               |  out|   32|      ap_vld|                              exp_buf_3_36|       pointer|
|exp_buf_3_36_ap_vld        |  out|    1|      ap_vld|                              exp_buf_3_36|       pointer|
|exp_buf_3_35               |  out|   32|      ap_vld|                              exp_buf_3_35|       pointer|
|exp_buf_3_35_ap_vld        |  out|    1|      ap_vld|                              exp_buf_3_35|       pointer|
|exp_buf_3_34               |  out|   32|      ap_vld|                              exp_buf_3_34|       pointer|
|exp_buf_3_34_ap_vld        |  out|    1|      ap_vld|                              exp_buf_3_34|       pointer|
|exp_buf_3_33               |  out|   32|      ap_vld|                              exp_buf_3_33|       pointer|
|exp_buf_3_33_ap_vld        |  out|    1|      ap_vld|                              exp_buf_3_33|       pointer|
|exp_buf_3_32               |  out|   32|      ap_vld|                              exp_buf_3_32|       pointer|
|exp_buf_3_32_ap_vld        |  out|    1|      ap_vld|                              exp_buf_3_32|       pointer|
|exp_buf_3_31               |  out|   32|      ap_vld|                              exp_buf_3_31|       pointer|
|exp_buf_3_31_ap_vld        |  out|    1|      ap_vld|                              exp_buf_3_31|       pointer|
|exp_buf_3_30               |  out|   32|      ap_vld|                              exp_buf_3_30|       pointer|
|exp_buf_3_30_ap_vld        |  out|    1|      ap_vld|                              exp_buf_3_30|       pointer|
|exp_buf_3_29               |  out|   32|      ap_vld|                              exp_buf_3_29|       pointer|
|exp_buf_3_29_ap_vld        |  out|    1|      ap_vld|                              exp_buf_3_29|       pointer|
|exp_buf_3_28               |  out|   32|      ap_vld|                              exp_buf_3_28|       pointer|
|exp_buf_3_28_ap_vld        |  out|    1|      ap_vld|                              exp_buf_3_28|       pointer|
|exp_buf_3_27               |  out|   32|      ap_vld|                              exp_buf_3_27|       pointer|
|exp_buf_3_27_ap_vld        |  out|    1|      ap_vld|                              exp_buf_3_27|       pointer|
|exp_buf_3_26               |  out|   32|      ap_vld|                              exp_buf_3_26|       pointer|
|exp_buf_3_26_ap_vld        |  out|    1|      ap_vld|                              exp_buf_3_26|       pointer|
|exp_buf_3_25               |  out|   32|      ap_vld|                              exp_buf_3_25|       pointer|
|exp_buf_3_25_ap_vld        |  out|    1|      ap_vld|                              exp_buf_3_25|       pointer|
|exp_buf_3_24               |  out|   32|      ap_vld|                              exp_buf_3_24|       pointer|
|exp_buf_3_24_ap_vld        |  out|    1|      ap_vld|                              exp_buf_3_24|       pointer|
|exp_buf_3_23               |  out|   32|      ap_vld|                              exp_buf_3_23|       pointer|
|exp_buf_3_23_ap_vld        |  out|    1|      ap_vld|                              exp_buf_3_23|       pointer|
|exp_buf_3_22               |  out|   32|      ap_vld|                              exp_buf_3_22|       pointer|
|exp_buf_3_22_ap_vld        |  out|    1|      ap_vld|                              exp_buf_3_22|       pointer|
|exp_buf_3_21               |  out|   32|      ap_vld|                              exp_buf_3_21|       pointer|
|exp_buf_3_21_ap_vld        |  out|    1|      ap_vld|                              exp_buf_3_21|       pointer|
|exp_buf_3_20               |  out|   32|      ap_vld|                              exp_buf_3_20|       pointer|
|exp_buf_3_20_ap_vld        |  out|    1|      ap_vld|                              exp_buf_3_20|       pointer|
|exp_buf_3_19               |  out|   32|      ap_vld|                              exp_buf_3_19|       pointer|
|exp_buf_3_19_ap_vld        |  out|    1|      ap_vld|                              exp_buf_3_19|       pointer|
|exp_buf_3_18               |  out|   32|      ap_vld|                              exp_buf_3_18|       pointer|
|exp_buf_3_18_ap_vld        |  out|    1|      ap_vld|                              exp_buf_3_18|       pointer|
|exp_buf_3_17               |  out|   32|      ap_vld|                              exp_buf_3_17|       pointer|
|exp_buf_3_17_ap_vld        |  out|    1|      ap_vld|                              exp_buf_3_17|       pointer|
|exp_buf_3_16               |  out|   32|      ap_vld|                              exp_buf_3_16|       pointer|
|exp_buf_3_16_ap_vld        |  out|    1|      ap_vld|                              exp_buf_3_16|       pointer|
|exp_buf_3_15               |  out|   32|      ap_vld|                              exp_buf_3_15|       pointer|
|exp_buf_3_15_ap_vld        |  out|    1|      ap_vld|                              exp_buf_3_15|       pointer|
|exp_buf_3_14               |  out|   32|      ap_vld|                              exp_buf_3_14|       pointer|
|exp_buf_3_14_ap_vld        |  out|    1|      ap_vld|                              exp_buf_3_14|       pointer|
|exp_buf_3_13               |  out|   32|      ap_vld|                              exp_buf_3_13|       pointer|
|exp_buf_3_13_ap_vld        |  out|    1|      ap_vld|                              exp_buf_3_13|       pointer|
|exp_buf_3_12               |  out|   32|      ap_vld|                              exp_buf_3_12|       pointer|
|exp_buf_3_12_ap_vld        |  out|    1|      ap_vld|                              exp_buf_3_12|       pointer|
|exp_buf_3_11               |  out|   32|      ap_vld|                              exp_buf_3_11|       pointer|
|exp_buf_3_11_ap_vld        |  out|    1|      ap_vld|                              exp_buf_3_11|       pointer|
|exp_buf_3_10               |  out|   32|      ap_vld|                              exp_buf_3_10|       pointer|
|exp_buf_3_10_ap_vld        |  out|    1|      ap_vld|                              exp_buf_3_10|       pointer|
|exp_buf_3_9                |  out|   32|      ap_vld|                               exp_buf_3_9|       pointer|
|exp_buf_3_9_ap_vld         |  out|    1|      ap_vld|                               exp_buf_3_9|       pointer|
|exp_buf_3_8                |  out|   32|      ap_vld|                               exp_buf_3_8|       pointer|
|exp_buf_3_8_ap_vld         |  out|    1|      ap_vld|                               exp_buf_3_8|       pointer|
|exp_buf_3_7                |  out|   32|      ap_vld|                               exp_buf_3_7|       pointer|
|exp_buf_3_7_ap_vld         |  out|    1|      ap_vld|                               exp_buf_3_7|       pointer|
|exp_buf_3_6                |  out|   32|      ap_vld|                               exp_buf_3_6|       pointer|
|exp_buf_3_6_ap_vld         |  out|    1|      ap_vld|                               exp_buf_3_6|       pointer|
|exp_buf_3_5                |  out|   32|      ap_vld|                               exp_buf_3_5|       pointer|
|exp_buf_3_5_ap_vld         |  out|    1|      ap_vld|                               exp_buf_3_5|       pointer|
|exp_buf_3_4                |  out|   32|      ap_vld|                               exp_buf_3_4|       pointer|
|exp_buf_3_4_ap_vld         |  out|    1|      ap_vld|                               exp_buf_3_4|       pointer|
|exp_buf_3_3                |  out|   32|      ap_vld|                               exp_buf_3_3|       pointer|
|exp_buf_3_3_ap_vld         |  out|    1|      ap_vld|                               exp_buf_3_3|       pointer|
|exp_buf_3_2                |  out|   32|      ap_vld|                               exp_buf_3_2|       pointer|
|exp_buf_3_2_ap_vld         |  out|    1|      ap_vld|                               exp_buf_3_2|       pointer|
|exp_buf_3_1                |  out|   32|      ap_vld|                               exp_buf_3_1|       pointer|
|exp_buf_3_1_ap_vld         |  out|    1|      ap_vld|                               exp_buf_3_1|       pointer|
|exp_buf_3_0                |  out|   32|      ap_vld|                               exp_buf_3_0|       pointer|
|exp_buf_3_0_ap_vld         |  out|    1|      ap_vld|                               exp_buf_3_0|       pointer|
|exp_buf_2_63               |  out|   32|      ap_vld|                              exp_buf_2_63|       pointer|
|exp_buf_2_63_ap_vld        |  out|    1|      ap_vld|                              exp_buf_2_63|       pointer|
|exp_buf_2_62               |  out|   32|      ap_vld|                              exp_buf_2_62|       pointer|
|exp_buf_2_62_ap_vld        |  out|    1|      ap_vld|                              exp_buf_2_62|       pointer|
|exp_buf_2_61               |  out|   32|      ap_vld|                              exp_buf_2_61|       pointer|
|exp_buf_2_61_ap_vld        |  out|    1|      ap_vld|                              exp_buf_2_61|       pointer|
|exp_buf_2_60               |  out|   32|      ap_vld|                              exp_buf_2_60|       pointer|
|exp_buf_2_60_ap_vld        |  out|    1|      ap_vld|                              exp_buf_2_60|       pointer|
|exp_buf_2_59               |  out|   32|      ap_vld|                              exp_buf_2_59|       pointer|
|exp_buf_2_59_ap_vld        |  out|    1|      ap_vld|                              exp_buf_2_59|       pointer|
|exp_buf_2_58               |  out|   32|      ap_vld|                              exp_buf_2_58|       pointer|
|exp_buf_2_58_ap_vld        |  out|    1|      ap_vld|                              exp_buf_2_58|       pointer|
|exp_buf_2_57               |  out|   32|      ap_vld|                              exp_buf_2_57|       pointer|
|exp_buf_2_57_ap_vld        |  out|    1|      ap_vld|                              exp_buf_2_57|       pointer|
|exp_buf_2_56               |  out|   32|      ap_vld|                              exp_buf_2_56|       pointer|
|exp_buf_2_56_ap_vld        |  out|    1|      ap_vld|                              exp_buf_2_56|       pointer|
|exp_buf_2_55               |  out|   32|      ap_vld|                              exp_buf_2_55|       pointer|
|exp_buf_2_55_ap_vld        |  out|    1|      ap_vld|                              exp_buf_2_55|       pointer|
|exp_buf_2_54               |  out|   32|      ap_vld|                              exp_buf_2_54|       pointer|
|exp_buf_2_54_ap_vld        |  out|    1|      ap_vld|                              exp_buf_2_54|       pointer|
|exp_buf_2_53               |  out|   32|      ap_vld|                              exp_buf_2_53|       pointer|
|exp_buf_2_53_ap_vld        |  out|    1|      ap_vld|                              exp_buf_2_53|       pointer|
|exp_buf_2_52               |  out|   32|      ap_vld|                              exp_buf_2_52|       pointer|
|exp_buf_2_52_ap_vld        |  out|    1|      ap_vld|                              exp_buf_2_52|       pointer|
|exp_buf_2_51               |  out|   32|      ap_vld|                              exp_buf_2_51|       pointer|
|exp_buf_2_51_ap_vld        |  out|    1|      ap_vld|                              exp_buf_2_51|       pointer|
|exp_buf_2_50               |  out|   32|      ap_vld|                              exp_buf_2_50|       pointer|
|exp_buf_2_50_ap_vld        |  out|    1|      ap_vld|                              exp_buf_2_50|       pointer|
|exp_buf_2_49               |  out|   32|      ap_vld|                              exp_buf_2_49|       pointer|
|exp_buf_2_49_ap_vld        |  out|    1|      ap_vld|                              exp_buf_2_49|       pointer|
|exp_buf_2_48               |  out|   32|      ap_vld|                              exp_buf_2_48|       pointer|
|exp_buf_2_48_ap_vld        |  out|    1|      ap_vld|                              exp_buf_2_48|       pointer|
|exp_buf_2_47               |  out|   32|      ap_vld|                              exp_buf_2_47|       pointer|
|exp_buf_2_47_ap_vld        |  out|    1|      ap_vld|                              exp_buf_2_47|       pointer|
|exp_buf_2_46               |  out|   32|      ap_vld|                              exp_buf_2_46|       pointer|
|exp_buf_2_46_ap_vld        |  out|    1|      ap_vld|                              exp_buf_2_46|       pointer|
|exp_buf_2_45               |  out|   32|      ap_vld|                              exp_buf_2_45|       pointer|
|exp_buf_2_45_ap_vld        |  out|    1|      ap_vld|                              exp_buf_2_45|       pointer|
|exp_buf_2_44               |  out|   32|      ap_vld|                              exp_buf_2_44|       pointer|
|exp_buf_2_44_ap_vld        |  out|    1|      ap_vld|                              exp_buf_2_44|       pointer|
|exp_buf_2_43               |  out|   32|      ap_vld|                              exp_buf_2_43|       pointer|
|exp_buf_2_43_ap_vld        |  out|    1|      ap_vld|                              exp_buf_2_43|       pointer|
|exp_buf_2_42               |  out|   32|      ap_vld|                              exp_buf_2_42|       pointer|
|exp_buf_2_42_ap_vld        |  out|    1|      ap_vld|                              exp_buf_2_42|       pointer|
|exp_buf_2_41               |  out|   32|      ap_vld|                              exp_buf_2_41|       pointer|
|exp_buf_2_41_ap_vld        |  out|    1|      ap_vld|                              exp_buf_2_41|       pointer|
|exp_buf_2_40               |  out|   32|      ap_vld|                              exp_buf_2_40|       pointer|
|exp_buf_2_40_ap_vld        |  out|    1|      ap_vld|                              exp_buf_2_40|       pointer|
|exp_buf_2_39               |  out|   32|      ap_vld|                              exp_buf_2_39|       pointer|
|exp_buf_2_39_ap_vld        |  out|    1|      ap_vld|                              exp_buf_2_39|       pointer|
|exp_buf_2_38               |  out|   32|      ap_vld|                              exp_buf_2_38|       pointer|
|exp_buf_2_38_ap_vld        |  out|    1|      ap_vld|                              exp_buf_2_38|       pointer|
|exp_buf_2_37               |  out|   32|      ap_vld|                              exp_buf_2_37|       pointer|
|exp_buf_2_37_ap_vld        |  out|    1|      ap_vld|                              exp_buf_2_37|       pointer|
|exp_buf_2_36               |  out|   32|      ap_vld|                              exp_buf_2_36|       pointer|
|exp_buf_2_36_ap_vld        |  out|    1|      ap_vld|                              exp_buf_2_36|       pointer|
|exp_buf_2_35               |  out|   32|      ap_vld|                              exp_buf_2_35|       pointer|
|exp_buf_2_35_ap_vld        |  out|    1|      ap_vld|                              exp_buf_2_35|       pointer|
|exp_buf_2_34               |  out|   32|      ap_vld|                              exp_buf_2_34|       pointer|
|exp_buf_2_34_ap_vld        |  out|    1|      ap_vld|                              exp_buf_2_34|       pointer|
|exp_buf_2_33               |  out|   32|      ap_vld|                              exp_buf_2_33|       pointer|
|exp_buf_2_33_ap_vld        |  out|    1|      ap_vld|                              exp_buf_2_33|       pointer|
|exp_buf_2_32               |  out|   32|      ap_vld|                              exp_buf_2_32|       pointer|
|exp_buf_2_32_ap_vld        |  out|    1|      ap_vld|                              exp_buf_2_32|       pointer|
|exp_buf_2_31               |  out|   32|      ap_vld|                              exp_buf_2_31|       pointer|
|exp_buf_2_31_ap_vld        |  out|    1|      ap_vld|                              exp_buf_2_31|       pointer|
|exp_buf_2_30               |  out|   32|      ap_vld|                              exp_buf_2_30|       pointer|
|exp_buf_2_30_ap_vld        |  out|    1|      ap_vld|                              exp_buf_2_30|       pointer|
|exp_buf_2_29               |  out|   32|      ap_vld|                              exp_buf_2_29|       pointer|
|exp_buf_2_29_ap_vld        |  out|    1|      ap_vld|                              exp_buf_2_29|       pointer|
|exp_buf_2_28               |  out|   32|      ap_vld|                              exp_buf_2_28|       pointer|
|exp_buf_2_28_ap_vld        |  out|    1|      ap_vld|                              exp_buf_2_28|       pointer|
|exp_buf_2_27               |  out|   32|      ap_vld|                              exp_buf_2_27|       pointer|
|exp_buf_2_27_ap_vld        |  out|    1|      ap_vld|                              exp_buf_2_27|       pointer|
|exp_buf_2_26               |  out|   32|      ap_vld|                              exp_buf_2_26|       pointer|
|exp_buf_2_26_ap_vld        |  out|    1|      ap_vld|                              exp_buf_2_26|       pointer|
|exp_buf_2_25               |  out|   32|      ap_vld|                              exp_buf_2_25|       pointer|
|exp_buf_2_25_ap_vld        |  out|    1|      ap_vld|                              exp_buf_2_25|       pointer|
|exp_buf_2_24               |  out|   32|      ap_vld|                              exp_buf_2_24|       pointer|
|exp_buf_2_24_ap_vld        |  out|    1|      ap_vld|                              exp_buf_2_24|       pointer|
|exp_buf_2_23               |  out|   32|      ap_vld|                              exp_buf_2_23|       pointer|
|exp_buf_2_23_ap_vld        |  out|    1|      ap_vld|                              exp_buf_2_23|       pointer|
|exp_buf_2_22               |  out|   32|      ap_vld|                              exp_buf_2_22|       pointer|
|exp_buf_2_22_ap_vld        |  out|    1|      ap_vld|                              exp_buf_2_22|       pointer|
|exp_buf_2_21               |  out|   32|      ap_vld|                              exp_buf_2_21|       pointer|
|exp_buf_2_21_ap_vld        |  out|    1|      ap_vld|                              exp_buf_2_21|       pointer|
|exp_buf_2_20               |  out|   32|      ap_vld|                              exp_buf_2_20|       pointer|
|exp_buf_2_20_ap_vld        |  out|    1|      ap_vld|                              exp_buf_2_20|       pointer|
|exp_buf_2_19               |  out|   32|      ap_vld|                              exp_buf_2_19|       pointer|
|exp_buf_2_19_ap_vld        |  out|    1|      ap_vld|                              exp_buf_2_19|       pointer|
|exp_buf_2_18               |  out|   32|      ap_vld|                              exp_buf_2_18|       pointer|
|exp_buf_2_18_ap_vld        |  out|    1|      ap_vld|                              exp_buf_2_18|       pointer|
|exp_buf_2_17               |  out|   32|      ap_vld|                              exp_buf_2_17|       pointer|
|exp_buf_2_17_ap_vld        |  out|    1|      ap_vld|                              exp_buf_2_17|       pointer|
|exp_buf_2_16               |  out|   32|      ap_vld|                              exp_buf_2_16|       pointer|
|exp_buf_2_16_ap_vld        |  out|    1|      ap_vld|                              exp_buf_2_16|       pointer|
|exp_buf_2_15               |  out|   32|      ap_vld|                              exp_buf_2_15|       pointer|
|exp_buf_2_15_ap_vld        |  out|    1|      ap_vld|                              exp_buf_2_15|       pointer|
|exp_buf_2_14               |  out|   32|      ap_vld|                              exp_buf_2_14|       pointer|
|exp_buf_2_14_ap_vld        |  out|    1|      ap_vld|                              exp_buf_2_14|       pointer|
|exp_buf_2_13               |  out|   32|      ap_vld|                              exp_buf_2_13|       pointer|
|exp_buf_2_13_ap_vld        |  out|    1|      ap_vld|                              exp_buf_2_13|       pointer|
|exp_buf_2_12               |  out|   32|      ap_vld|                              exp_buf_2_12|       pointer|
|exp_buf_2_12_ap_vld        |  out|    1|      ap_vld|                              exp_buf_2_12|       pointer|
|exp_buf_2_11               |  out|   32|      ap_vld|                              exp_buf_2_11|       pointer|
|exp_buf_2_11_ap_vld        |  out|    1|      ap_vld|                              exp_buf_2_11|       pointer|
|exp_buf_2_10               |  out|   32|      ap_vld|                              exp_buf_2_10|       pointer|
|exp_buf_2_10_ap_vld        |  out|    1|      ap_vld|                              exp_buf_2_10|       pointer|
|exp_buf_2_9                |  out|   32|      ap_vld|                               exp_buf_2_9|       pointer|
|exp_buf_2_9_ap_vld         |  out|    1|      ap_vld|                               exp_buf_2_9|       pointer|
|exp_buf_2_8                |  out|   32|      ap_vld|                               exp_buf_2_8|       pointer|
|exp_buf_2_8_ap_vld         |  out|    1|      ap_vld|                               exp_buf_2_8|       pointer|
|exp_buf_2_7                |  out|   32|      ap_vld|                               exp_buf_2_7|       pointer|
|exp_buf_2_7_ap_vld         |  out|    1|      ap_vld|                               exp_buf_2_7|       pointer|
|exp_buf_2_6                |  out|   32|      ap_vld|                               exp_buf_2_6|       pointer|
|exp_buf_2_6_ap_vld         |  out|    1|      ap_vld|                               exp_buf_2_6|       pointer|
|exp_buf_2_5                |  out|   32|      ap_vld|                               exp_buf_2_5|       pointer|
|exp_buf_2_5_ap_vld         |  out|    1|      ap_vld|                               exp_buf_2_5|       pointer|
|exp_buf_2_4                |  out|   32|      ap_vld|                               exp_buf_2_4|       pointer|
|exp_buf_2_4_ap_vld         |  out|    1|      ap_vld|                               exp_buf_2_4|       pointer|
|exp_buf_2_3                |  out|   32|      ap_vld|                               exp_buf_2_3|       pointer|
|exp_buf_2_3_ap_vld         |  out|    1|      ap_vld|                               exp_buf_2_3|       pointer|
|exp_buf_2_2                |  out|   32|      ap_vld|                               exp_buf_2_2|       pointer|
|exp_buf_2_2_ap_vld         |  out|    1|      ap_vld|                               exp_buf_2_2|       pointer|
|exp_buf_2_1                |  out|   32|      ap_vld|                               exp_buf_2_1|       pointer|
|exp_buf_2_1_ap_vld         |  out|    1|      ap_vld|                               exp_buf_2_1|       pointer|
|exp_buf_2_0                |  out|   32|      ap_vld|                               exp_buf_2_0|       pointer|
|exp_buf_2_0_ap_vld         |  out|    1|      ap_vld|                               exp_buf_2_0|       pointer|
|exp_buf_1_63               |  out|   32|      ap_vld|                              exp_buf_1_63|       pointer|
|exp_buf_1_63_ap_vld        |  out|    1|      ap_vld|                              exp_buf_1_63|       pointer|
|exp_buf_1_62               |  out|   32|      ap_vld|                              exp_buf_1_62|       pointer|
|exp_buf_1_62_ap_vld        |  out|    1|      ap_vld|                              exp_buf_1_62|       pointer|
|exp_buf_1_61               |  out|   32|      ap_vld|                              exp_buf_1_61|       pointer|
|exp_buf_1_61_ap_vld        |  out|    1|      ap_vld|                              exp_buf_1_61|       pointer|
|exp_buf_1_60               |  out|   32|      ap_vld|                              exp_buf_1_60|       pointer|
|exp_buf_1_60_ap_vld        |  out|    1|      ap_vld|                              exp_buf_1_60|       pointer|
|exp_buf_1_59               |  out|   32|      ap_vld|                              exp_buf_1_59|       pointer|
|exp_buf_1_59_ap_vld        |  out|    1|      ap_vld|                              exp_buf_1_59|       pointer|
|exp_buf_1_58               |  out|   32|      ap_vld|                              exp_buf_1_58|       pointer|
|exp_buf_1_58_ap_vld        |  out|    1|      ap_vld|                              exp_buf_1_58|       pointer|
|exp_buf_1_57               |  out|   32|      ap_vld|                              exp_buf_1_57|       pointer|
|exp_buf_1_57_ap_vld        |  out|    1|      ap_vld|                              exp_buf_1_57|       pointer|
|exp_buf_1_56               |  out|   32|      ap_vld|                              exp_buf_1_56|       pointer|
|exp_buf_1_56_ap_vld        |  out|    1|      ap_vld|                              exp_buf_1_56|       pointer|
|exp_buf_1_55               |  out|   32|      ap_vld|                              exp_buf_1_55|       pointer|
|exp_buf_1_55_ap_vld        |  out|    1|      ap_vld|                              exp_buf_1_55|       pointer|
|exp_buf_1_54               |  out|   32|      ap_vld|                              exp_buf_1_54|       pointer|
|exp_buf_1_54_ap_vld        |  out|    1|      ap_vld|                              exp_buf_1_54|       pointer|
|exp_buf_1_53               |  out|   32|      ap_vld|                              exp_buf_1_53|       pointer|
|exp_buf_1_53_ap_vld        |  out|    1|      ap_vld|                              exp_buf_1_53|       pointer|
|exp_buf_1_52               |  out|   32|      ap_vld|                              exp_buf_1_52|       pointer|
|exp_buf_1_52_ap_vld        |  out|    1|      ap_vld|                              exp_buf_1_52|       pointer|
|exp_buf_1_51               |  out|   32|      ap_vld|                              exp_buf_1_51|       pointer|
|exp_buf_1_51_ap_vld        |  out|    1|      ap_vld|                              exp_buf_1_51|       pointer|
|exp_buf_1_50               |  out|   32|      ap_vld|                              exp_buf_1_50|       pointer|
|exp_buf_1_50_ap_vld        |  out|    1|      ap_vld|                              exp_buf_1_50|       pointer|
|exp_buf_1_49               |  out|   32|      ap_vld|                              exp_buf_1_49|       pointer|
|exp_buf_1_49_ap_vld        |  out|    1|      ap_vld|                              exp_buf_1_49|       pointer|
|exp_buf_1_48               |  out|   32|      ap_vld|                              exp_buf_1_48|       pointer|
|exp_buf_1_48_ap_vld        |  out|    1|      ap_vld|                              exp_buf_1_48|       pointer|
|exp_buf_1_47               |  out|   32|      ap_vld|                              exp_buf_1_47|       pointer|
|exp_buf_1_47_ap_vld        |  out|    1|      ap_vld|                              exp_buf_1_47|       pointer|
|exp_buf_1_46               |  out|   32|      ap_vld|                              exp_buf_1_46|       pointer|
|exp_buf_1_46_ap_vld        |  out|    1|      ap_vld|                              exp_buf_1_46|       pointer|
|exp_buf_1_45               |  out|   32|      ap_vld|                              exp_buf_1_45|       pointer|
|exp_buf_1_45_ap_vld        |  out|    1|      ap_vld|                              exp_buf_1_45|       pointer|
|exp_buf_1_44               |  out|   32|      ap_vld|                              exp_buf_1_44|       pointer|
|exp_buf_1_44_ap_vld        |  out|    1|      ap_vld|                              exp_buf_1_44|       pointer|
|exp_buf_1_43               |  out|   32|      ap_vld|                              exp_buf_1_43|       pointer|
|exp_buf_1_43_ap_vld        |  out|    1|      ap_vld|                              exp_buf_1_43|       pointer|
|exp_buf_1_42               |  out|   32|      ap_vld|                              exp_buf_1_42|       pointer|
|exp_buf_1_42_ap_vld        |  out|    1|      ap_vld|                              exp_buf_1_42|       pointer|
|exp_buf_1_41               |  out|   32|      ap_vld|                              exp_buf_1_41|       pointer|
|exp_buf_1_41_ap_vld        |  out|    1|      ap_vld|                              exp_buf_1_41|       pointer|
|exp_buf_1_40               |  out|   32|      ap_vld|                              exp_buf_1_40|       pointer|
|exp_buf_1_40_ap_vld        |  out|    1|      ap_vld|                              exp_buf_1_40|       pointer|
|exp_buf_1_39               |  out|   32|      ap_vld|                              exp_buf_1_39|       pointer|
|exp_buf_1_39_ap_vld        |  out|    1|      ap_vld|                              exp_buf_1_39|       pointer|
|exp_buf_1_38               |  out|   32|      ap_vld|                              exp_buf_1_38|       pointer|
|exp_buf_1_38_ap_vld        |  out|    1|      ap_vld|                              exp_buf_1_38|       pointer|
|exp_buf_1_37               |  out|   32|      ap_vld|                              exp_buf_1_37|       pointer|
|exp_buf_1_37_ap_vld        |  out|    1|      ap_vld|                              exp_buf_1_37|       pointer|
|exp_buf_1_36               |  out|   32|      ap_vld|                              exp_buf_1_36|       pointer|
|exp_buf_1_36_ap_vld        |  out|    1|      ap_vld|                              exp_buf_1_36|       pointer|
|exp_buf_1_35               |  out|   32|      ap_vld|                              exp_buf_1_35|       pointer|
|exp_buf_1_35_ap_vld        |  out|    1|      ap_vld|                              exp_buf_1_35|       pointer|
|exp_buf_1_34               |  out|   32|      ap_vld|                              exp_buf_1_34|       pointer|
|exp_buf_1_34_ap_vld        |  out|    1|      ap_vld|                              exp_buf_1_34|       pointer|
|exp_buf_1_33               |  out|   32|      ap_vld|                              exp_buf_1_33|       pointer|
|exp_buf_1_33_ap_vld        |  out|    1|      ap_vld|                              exp_buf_1_33|       pointer|
|exp_buf_1_32               |  out|   32|      ap_vld|                              exp_buf_1_32|       pointer|
|exp_buf_1_32_ap_vld        |  out|    1|      ap_vld|                              exp_buf_1_32|       pointer|
|exp_buf_1_31               |  out|   32|      ap_vld|                              exp_buf_1_31|       pointer|
|exp_buf_1_31_ap_vld        |  out|    1|      ap_vld|                              exp_buf_1_31|       pointer|
|exp_buf_1_30               |  out|   32|      ap_vld|                              exp_buf_1_30|       pointer|
|exp_buf_1_30_ap_vld        |  out|    1|      ap_vld|                              exp_buf_1_30|       pointer|
|exp_buf_1_29               |  out|   32|      ap_vld|                              exp_buf_1_29|       pointer|
|exp_buf_1_29_ap_vld        |  out|    1|      ap_vld|                              exp_buf_1_29|       pointer|
|exp_buf_1_28               |  out|   32|      ap_vld|                              exp_buf_1_28|       pointer|
|exp_buf_1_28_ap_vld        |  out|    1|      ap_vld|                              exp_buf_1_28|       pointer|
|exp_buf_1_27               |  out|   32|      ap_vld|                              exp_buf_1_27|       pointer|
|exp_buf_1_27_ap_vld        |  out|    1|      ap_vld|                              exp_buf_1_27|       pointer|
|exp_buf_1_26               |  out|   32|      ap_vld|                              exp_buf_1_26|       pointer|
|exp_buf_1_26_ap_vld        |  out|    1|      ap_vld|                              exp_buf_1_26|       pointer|
|exp_buf_1_25               |  out|   32|      ap_vld|                              exp_buf_1_25|       pointer|
|exp_buf_1_25_ap_vld        |  out|    1|      ap_vld|                              exp_buf_1_25|       pointer|
|exp_buf_1_24               |  out|   32|      ap_vld|                              exp_buf_1_24|       pointer|
|exp_buf_1_24_ap_vld        |  out|    1|      ap_vld|                              exp_buf_1_24|       pointer|
|exp_buf_1_23               |  out|   32|      ap_vld|                              exp_buf_1_23|       pointer|
|exp_buf_1_23_ap_vld        |  out|    1|      ap_vld|                              exp_buf_1_23|       pointer|
|exp_buf_1_22               |  out|   32|      ap_vld|                              exp_buf_1_22|       pointer|
|exp_buf_1_22_ap_vld        |  out|    1|      ap_vld|                              exp_buf_1_22|       pointer|
|exp_buf_1_21               |  out|   32|      ap_vld|                              exp_buf_1_21|       pointer|
|exp_buf_1_21_ap_vld        |  out|    1|      ap_vld|                              exp_buf_1_21|       pointer|
|exp_buf_1_20               |  out|   32|      ap_vld|                              exp_buf_1_20|       pointer|
|exp_buf_1_20_ap_vld        |  out|    1|      ap_vld|                              exp_buf_1_20|       pointer|
|exp_buf_1_19               |  out|   32|      ap_vld|                              exp_buf_1_19|       pointer|
|exp_buf_1_19_ap_vld        |  out|    1|      ap_vld|                              exp_buf_1_19|       pointer|
|exp_buf_1_18               |  out|   32|      ap_vld|                              exp_buf_1_18|       pointer|
|exp_buf_1_18_ap_vld        |  out|    1|      ap_vld|                              exp_buf_1_18|       pointer|
|exp_buf_1_17               |  out|   32|      ap_vld|                              exp_buf_1_17|       pointer|
|exp_buf_1_17_ap_vld        |  out|    1|      ap_vld|                              exp_buf_1_17|       pointer|
|exp_buf_1_16               |  out|   32|      ap_vld|                              exp_buf_1_16|       pointer|
|exp_buf_1_16_ap_vld        |  out|    1|      ap_vld|                              exp_buf_1_16|       pointer|
|exp_buf_1_15               |  out|   32|      ap_vld|                              exp_buf_1_15|       pointer|
|exp_buf_1_15_ap_vld        |  out|    1|      ap_vld|                              exp_buf_1_15|       pointer|
|exp_buf_1_14               |  out|   32|      ap_vld|                              exp_buf_1_14|       pointer|
|exp_buf_1_14_ap_vld        |  out|    1|      ap_vld|                              exp_buf_1_14|       pointer|
|exp_buf_1_13               |  out|   32|      ap_vld|                              exp_buf_1_13|       pointer|
|exp_buf_1_13_ap_vld        |  out|    1|      ap_vld|                              exp_buf_1_13|       pointer|
|exp_buf_1_12               |  out|   32|      ap_vld|                              exp_buf_1_12|       pointer|
|exp_buf_1_12_ap_vld        |  out|    1|      ap_vld|                              exp_buf_1_12|       pointer|
|exp_buf_1_11               |  out|   32|      ap_vld|                              exp_buf_1_11|       pointer|
|exp_buf_1_11_ap_vld        |  out|    1|      ap_vld|                              exp_buf_1_11|       pointer|
|exp_buf_1_10               |  out|   32|      ap_vld|                              exp_buf_1_10|       pointer|
|exp_buf_1_10_ap_vld        |  out|    1|      ap_vld|                              exp_buf_1_10|       pointer|
|exp_buf_1_9                |  out|   32|      ap_vld|                               exp_buf_1_9|       pointer|
|exp_buf_1_9_ap_vld         |  out|    1|      ap_vld|                               exp_buf_1_9|       pointer|
|exp_buf_1_8                |  out|   32|      ap_vld|                               exp_buf_1_8|       pointer|
|exp_buf_1_8_ap_vld         |  out|    1|      ap_vld|                               exp_buf_1_8|       pointer|
|exp_buf_1_7                |  out|   32|      ap_vld|                               exp_buf_1_7|       pointer|
|exp_buf_1_7_ap_vld         |  out|    1|      ap_vld|                               exp_buf_1_7|       pointer|
|exp_buf_1_6                |  out|   32|      ap_vld|                               exp_buf_1_6|       pointer|
|exp_buf_1_6_ap_vld         |  out|    1|      ap_vld|                               exp_buf_1_6|       pointer|
|exp_buf_1_5                |  out|   32|      ap_vld|                               exp_buf_1_5|       pointer|
|exp_buf_1_5_ap_vld         |  out|    1|      ap_vld|                               exp_buf_1_5|       pointer|
|exp_buf_1_4                |  out|   32|      ap_vld|                               exp_buf_1_4|       pointer|
|exp_buf_1_4_ap_vld         |  out|    1|      ap_vld|                               exp_buf_1_4|       pointer|
|exp_buf_1_3                |  out|   32|      ap_vld|                               exp_buf_1_3|       pointer|
|exp_buf_1_3_ap_vld         |  out|    1|      ap_vld|                               exp_buf_1_3|       pointer|
|exp_buf_1_2                |  out|   32|      ap_vld|                               exp_buf_1_2|       pointer|
|exp_buf_1_2_ap_vld         |  out|    1|      ap_vld|                               exp_buf_1_2|       pointer|
|exp_buf_1_1                |  out|   32|      ap_vld|                               exp_buf_1_1|       pointer|
|exp_buf_1_1_ap_vld         |  out|    1|      ap_vld|                               exp_buf_1_1|       pointer|
|exp_buf_1_0                |  out|   32|      ap_vld|                               exp_buf_1_0|       pointer|
|exp_buf_1_0_ap_vld         |  out|    1|      ap_vld|                               exp_buf_1_0|       pointer|
|exp_buf_0_63               |  out|   32|      ap_vld|                              exp_buf_0_63|       pointer|
|exp_buf_0_63_ap_vld        |  out|    1|      ap_vld|                              exp_buf_0_63|       pointer|
|exp_buf_0_62               |  out|   32|      ap_vld|                              exp_buf_0_62|       pointer|
|exp_buf_0_62_ap_vld        |  out|    1|      ap_vld|                              exp_buf_0_62|       pointer|
|exp_buf_0_61               |  out|   32|      ap_vld|                              exp_buf_0_61|       pointer|
|exp_buf_0_61_ap_vld        |  out|    1|      ap_vld|                              exp_buf_0_61|       pointer|
|exp_buf_0_60               |  out|   32|      ap_vld|                              exp_buf_0_60|       pointer|
|exp_buf_0_60_ap_vld        |  out|    1|      ap_vld|                              exp_buf_0_60|       pointer|
|exp_buf_0_59               |  out|   32|      ap_vld|                              exp_buf_0_59|       pointer|
|exp_buf_0_59_ap_vld        |  out|    1|      ap_vld|                              exp_buf_0_59|       pointer|
|exp_buf_0_58               |  out|   32|      ap_vld|                              exp_buf_0_58|       pointer|
|exp_buf_0_58_ap_vld        |  out|    1|      ap_vld|                              exp_buf_0_58|       pointer|
|exp_buf_0_57               |  out|   32|      ap_vld|                              exp_buf_0_57|       pointer|
|exp_buf_0_57_ap_vld        |  out|    1|      ap_vld|                              exp_buf_0_57|       pointer|
|exp_buf_0_56               |  out|   32|      ap_vld|                              exp_buf_0_56|       pointer|
|exp_buf_0_56_ap_vld        |  out|    1|      ap_vld|                              exp_buf_0_56|       pointer|
|exp_buf_0_55               |  out|   32|      ap_vld|                              exp_buf_0_55|       pointer|
|exp_buf_0_55_ap_vld        |  out|    1|      ap_vld|                              exp_buf_0_55|       pointer|
|exp_buf_0_54               |  out|   32|      ap_vld|                              exp_buf_0_54|       pointer|
|exp_buf_0_54_ap_vld        |  out|    1|      ap_vld|                              exp_buf_0_54|       pointer|
|exp_buf_0_53               |  out|   32|      ap_vld|                              exp_buf_0_53|       pointer|
|exp_buf_0_53_ap_vld        |  out|    1|      ap_vld|                              exp_buf_0_53|       pointer|
|exp_buf_0_52               |  out|   32|      ap_vld|                              exp_buf_0_52|       pointer|
|exp_buf_0_52_ap_vld        |  out|    1|      ap_vld|                              exp_buf_0_52|       pointer|
|exp_buf_0_51               |  out|   32|      ap_vld|                              exp_buf_0_51|       pointer|
|exp_buf_0_51_ap_vld        |  out|    1|      ap_vld|                              exp_buf_0_51|       pointer|
|exp_buf_0_50               |  out|   32|      ap_vld|                              exp_buf_0_50|       pointer|
|exp_buf_0_50_ap_vld        |  out|    1|      ap_vld|                              exp_buf_0_50|       pointer|
|exp_buf_0_49               |  out|   32|      ap_vld|                              exp_buf_0_49|       pointer|
|exp_buf_0_49_ap_vld        |  out|    1|      ap_vld|                              exp_buf_0_49|       pointer|
|exp_buf_0_48               |  out|   32|      ap_vld|                              exp_buf_0_48|       pointer|
|exp_buf_0_48_ap_vld        |  out|    1|      ap_vld|                              exp_buf_0_48|       pointer|
|exp_buf_0_47               |  out|   32|      ap_vld|                              exp_buf_0_47|       pointer|
|exp_buf_0_47_ap_vld        |  out|    1|      ap_vld|                              exp_buf_0_47|       pointer|
|exp_buf_0_46               |  out|   32|      ap_vld|                              exp_buf_0_46|       pointer|
|exp_buf_0_46_ap_vld        |  out|    1|      ap_vld|                              exp_buf_0_46|       pointer|
|exp_buf_0_45               |  out|   32|      ap_vld|                              exp_buf_0_45|       pointer|
|exp_buf_0_45_ap_vld        |  out|    1|      ap_vld|                              exp_buf_0_45|       pointer|
|exp_buf_0_44               |  out|   32|      ap_vld|                              exp_buf_0_44|       pointer|
|exp_buf_0_44_ap_vld        |  out|    1|      ap_vld|                              exp_buf_0_44|       pointer|
|exp_buf_0_43               |  out|   32|      ap_vld|                              exp_buf_0_43|       pointer|
|exp_buf_0_43_ap_vld        |  out|    1|      ap_vld|                              exp_buf_0_43|       pointer|
|exp_buf_0_42               |  out|   32|      ap_vld|                              exp_buf_0_42|       pointer|
|exp_buf_0_42_ap_vld        |  out|    1|      ap_vld|                              exp_buf_0_42|       pointer|
|exp_buf_0_41               |  out|   32|      ap_vld|                              exp_buf_0_41|       pointer|
|exp_buf_0_41_ap_vld        |  out|    1|      ap_vld|                              exp_buf_0_41|       pointer|
|exp_buf_0_40               |  out|   32|      ap_vld|                              exp_buf_0_40|       pointer|
|exp_buf_0_40_ap_vld        |  out|    1|      ap_vld|                              exp_buf_0_40|       pointer|
|exp_buf_0_39               |  out|   32|      ap_vld|                              exp_buf_0_39|       pointer|
|exp_buf_0_39_ap_vld        |  out|    1|      ap_vld|                              exp_buf_0_39|       pointer|
|exp_buf_0_38               |  out|   32|      ap_vld|                              exp_buf_0_38|       pointer|
|exp_buf_0_38_ap_vld        |  out|    1|      ap_vld|                              exp_buf_0_38|       pointer|
|exp_buf_0_37               |  out|   32|      ap_vld|                              exp_buf_0_37|       pointer|
|exp_buf_0_37_ap_vld        |  out|    1|      ap_vld|                              exp_buf_0_37|       pointer|
|exp_buf_0_36               |  out|   32|      ap_vld|                              exp_buf_0_36|       pointer|
|exp_buf_0_36_ap_vld        |  out|    1|      ap_vld|                              exp_buf_0_36|       pointer|
|exp_buf_0_35               |  out|   32|      ap_vld|                              exp_buf_0_35|       pointer|
|exp_buf_0_35_ap_vld        |  out|    1|      ap_vld|                              exp_buf_0_35|       pointer|
|exp_buf_0_34               |  out|   32|      ap_vld|                              exp_buf_0_34|       pointer|
|exp_buf_0_34_ap_vld        |  out|    1|      ap_vld|                              exp_buf_0_34|       pointer|
|exp_buf_0_33               |  out|   32|      ap_vld|                              exp_buf_0_33|       pointer|
|exp_buf_0_33_ap_vld        |  out|    1|      ap_vld|                              exp_buf_0_33|       pointer|
|exp_buf_0_32               |  out|   32|      ap_vld|                              exp_buf_0_32|       pointer|
|exp_buf_0_32_ap_vld        |  out|    1|      ap_vld|                              exp_buf_0_32|       pointer|
|exp_buf_0_31               |  out|   32|      ap_vld|                              exp_buf_0_31|       pointer|
|exp_buf_0_31_ap_vld        |  out|    1|      ap_vld|                              exp_buf_0_31|       pointer|
|exp_buf_0_30               |  out|   32|      ap_vld|                              exp_buf_0_30|       pointer|
|exp_buf_0_30_ap_vld        |  out|    1|      ap_vld|                              exp_buf_0_30|       pointer|
|exp_buf_0_29               |  out|   32|      ap_vld|                              exp_buf_0_29|       pointer|
|exp_buf_0_29_ap_vld        |  out|    1|      ap_vld|                              exp_buf_0_29|       pointer|
|exp_buf_0_28               |  out|   32|      ap_vld|                              exp_buf_0_28|       pointer|
|exp_buf_0_28_ap_vld        |  out|    1|      ap_vld|                              exp_buf_0_28|       pointer|
|exp_buf_0_27               |  out|   32|      ap_vld|                              exp_buf_0_27|       pointer|
|exp_buf_0_27_ap_vld        |  out|    1|      ap_vld|                              exp_buf_0_27|       pointer|
|exp_buf_0_26               |  out|   32|      ap_vld|                              exp_buf_0_26|       pointer|
|exp_buf_0_26_ap_vld        |  out|    1|      ap_vld|                              exp_buf_0_26|       pointer|
|exp_buf_0_25               |  out|   32|      ap_vld|                              exp_buf_0_25|       pointer|
|exp_buf_0_25_ap_vld        |  out|    1|      ap_vld|                              exp_buf_0_25|       pointer|
|exp_buf_0_24               |  out|   32|      ap_vld|                              exp_buf_0_24|       pointer|
|exp_buf_0_24_ap_vld        |  out|    1|      ap_vld|                              exp_buf_0_24|       pointer|
|exp_buf_0_23               |  out|   32|      ap_vld|                              exp_buf_0_23|       pointer|
|exp_buf_0_23_ap_vld        |  out|    1|      ap_vld|                              exp_buf_0_23|       pointer|
|exp_buf_0_22               |  out|   32|      ap_vld|                              exp_buf_0_22|       pointer|
|exp_buf_0_22_ap_vld        |  out|    1|      ap_vld|                              exp_buf_0_22|       pointer|
|exp_buf_0_21               |  out|   32|      ap_vld|                              exp_buf_0_21|       pointer|
|exp_buf_0_21_ap_vld        |  out|    1|      ap_vld|                              exp_buf_0_21|       pointer|
|exp_buf_0_20               |  out|   32|      ap_vld|                              exp_buf_0_20|       pointer|
|exp_buf_0_20_ap_vld        |  out|    1|      ap_vld|                              exp_buf_0_20|       pointer|
|exp_buf_0_19               |  out|   32|      ap_vld|                              exp_buf_0_19|       pointer|
|exp_buf_0_19_ap_vld        |  out|    1|      ap_vld|                              exp_buf_0_19|       pointer|
|exp_buf_0_18               |  out|   32|      ap_vld|                              exp_buf_0_18|       pointer|
|exp_buf_0_18_ap_vld        |  out|    1|      ap_vld|                              exp_buf_0_18|       pointer|
|exp_buf_0_17               |  out|   32|      ap_vld|                              exp_buf_0_17|       pointer|
|exp_buf_0_17_ap_vld        |  out|    1|      ap_vld|                              exp_buf_0_17|       pointer|
|exp_buf_0_16               |  out|   32|      ap_vld|                              exp_buf_0_16|       pointer|
|exp_buf_0_16_ap_vld        |  out|    1|      ap_vld|                              exp_buf_0_16|       pointer|
|exp_buf_0_15               |  out|   32|      ap_vld|                              exp_buf_0_15|       pointer|
|exp_buf_0_15_ap_vld        |  out|    1|      ap_vld|                              exp_buf_0_15|       pointer|
|exp_buf_0_14               |  out|   32|      ap_vld|                              exp_buf_0_14|       pointer|
|exp_buf_0_14_ap_vld        |  out|    1|      ap_vld|                              exp_buf_0_14|       pointer|
|exp_buf_0_13               |  out|   32|      ap_vld|                              exp_buf_0_13|       pointer|
|exp_buf_0_13_ap_vld        |  out|    1|      ap_vld|                              exp_buf_0_13|       pointer|
|exp_buf_0_12               |  out|   32|      ap_vld|                              exp_buf_0_12|       pointer|
|exp_buf_0_12_ap_vld        |  out|    1|      ap_vld|                              exp_buf_0_12|       pointer|
|exp_buf_0_11               |  out|   32|      ap_vld|                              exp_buf_0_11|       pointer|
|exp_buf_0_11_ap_vld        |  out|    1|      ap_vld|                              exp_buf_0_11|       pointer|
|exp_buf_0_10               |  out|   32|      ap_vld|                              exp_buf_0_10|       pointer|
|exp_buf_0_10_ap_vld        |  out|    1|      ap_vld|                              exp_buf_0_10|       pointer|
|exp_buf_0_9                |  out|   32|      ap_vld|                               exp_buf_0_9|       pointer|
|exp_buf_0_9_ap_vld         |  out|    1|      ap_vld|                               exp_buf_0_9|       pointer|
|exp_buf_0_8                |  out|   32|      ap_vld|                               exp_buf_0_8|       pointer|
|exp_buf_0_8_ap_vld         |  out|    1|      ap_vld|                               exp_buf_0_8|       pointer|
|exp_buf_0_7                |  out|   32|      ap_vld|                               exp_buf_0_7|       pointer|
|exp_buf_0_7_ap_vld         |  out|    1|      ap_vld|                               exp_buf_0_7|       pointer|
|exp_buf_0_6                |  out|   32|      ap_vld|                               exp_buf_0_6|       pointer|
|exp_buf_0_6_ap_vld         |  out|    1|      ap_vld|                               exp_buf_0_6|       pointer|
|exp_buf_0_5                |  out|   32|      ap_vld|                               exp_buf_0_5|       pointer|
|exp_buf_0_5_ap_vld         |  out|    1|      ap_vld|                               exp_buf_0_5|       pointer|
|exp_buf_0_4                |  out|   32|      ap_vld|                               exp_buf_0_4|       pointer|
|exp_buf_0_4_ap_vld         |  out|    1|      ap_vld|                               exp_buf_0_4|       pointer|
|exp_buf_0_3                |  out|   32|      ap_vld|                               exp_buf_0_3|       pointer|
|exp_buf_0_3_ap_vld         |  out|    1|      ap_vld|                               exp_buf_0_3|       pointer|
|exp_buf_0_2                |  out|   32|      ap_vld|                               exp_buf_0_2|       pointer|
|exp_buf_0_2_ap_vld         |  out|    1|      ap_vld|                               exp_buf_0_2|       pointer|
|exp_buf_0_1                |  out|   32|      ap_vld|                               exp_buf_0_1|       pointer|
|exp_buf_0_1_ap_vld         |  out|    1|      ap_vld|                               exp_buf_0_1|       pointer|
|exp_buf_0_0                |  out|   32|      ap_vld|                               exp_buf_0_0|       pointer|
|exp_buf_0_0_ap_vld         |  out|    1|      ap_vld|                               exp_buf_0_0|       pointer|
|sum64_out                  |  out|   40|      ap_vld|                                 sum64_out|       pointer|
|sum64_out_ap_vld           |  out|    1|      ap_vld|                                 sum64_out|       pointer|
+---------------------------+-----+-----+------------+------------------------------------------+--------------+

