

================================================================
== Vitis HLS Report for 'emit_prob_stream_Pipeline_prob_emit_loop'
================================================================
* Date:           Sat Mar 14 16:27:08 2026

* Version:        2025.1 (Build 6135595 on May 21 2025)
* Project:        Prometheus_SoC
* Solution:       hls (Vivado IP Flow Target)
* Product family: zynq
* Target device:  xc7z020-clg400-1


================================================================
== Performance Estimates
================================================================
+ Timing: 
    * Summary: 
    +--------+----------+----------+------------+
    |  Clock |  Target  | Estimated| Uncertainty|
    +--------+----------+----------+------------+
    |ap_clk  |  11.80 ns|  8.510 ns|     3.19 ns|
    +--------+----------+----------+------------+

+ Latency: 
    * Summary: 
    +---------+---------+-----------+----------+-----+-----+------------------------------------------------+
    |  Latency (cycles) |  Latency (absolute)  |  Interval |                    Pipeline                    |
    |   min   |   max   |    min    |    max   | min | max |                      Type                      |
    +---------+---------+-----------+----------+-----+-----+------------------------------------------------+
    |        4|       67|  47.200 ns|  0.791 us|    2|   65|  loop auto-rewind stp (delay=0 clock cycles(s))|
    +---------+---------+-----------+----------+-----+-----+------------------------------------------------+

    + Detail: 
        * Instance: 
        N/A

        * Loop: 
        +------------------+---------+---------+----------+-----------+-----------+--------+----------+
        |                  |  Latency (cycles) | Iteration|  Initiation Interval  |  Trip  |          |
        |     Loop Name    |   min   |   max   |  Latency |  achieved |   target  |  Count | Pipelined|
        +------------------+---------+---------+----------+-----------+-----------+--------+----------+
        |- prob_emit_loop  |        2|       65|         3|          1|          1|  1 ~ 64|       yes|
        +------------------+---------+---------+----------+-----------+-----------+--------+----------+



================================================================
== Utilization Estimates
================================================================
* Summary: 
+-----------------+---------+-----+--------+-------+-----+
|       Name      | BRAM_18K| DSP |   FF   |  LUT  | URAM|
+-----------------+---------+-----+--------+-------+-----+
|DSP              |        -|    -|       -|      -|    -|
|Expression       |        -|    -|       0|    225|    -|
|FIFO             |        -|    -|       -|      -|    -|
|Instance         |        -|   16|       0|   1172|    -|
|Memory           |        -|    -|       -|      -|    -|
|Multiplexer      |        -|    -|       0|     45|    -|
|Register         |        -|    -|     307|      -|    -|
+-----------------+---------+-----+--------+-------+-----+
|Total            |        0|   16|     307|   1442|    0|
+-----------------+---------+-----+--------+-------+-----+
|Available        |      280|  220|  106400|  53200|    0|
+-----------------+---------+-----+--------+-------+-----+
|Utilization (%)  |        0|    7|      ~0|      2|    0|
+-----------------+---------+-----+--------+-------+-----+

+ Detail: 
    * Instance: 
    +------------------------------+------------------------+---------+----+---+-----+-----+
    |           Instance           |         Module         | BRAM_18K| DSP| FF| LUT | URAM|
    +------------------------------+------------------------+---------+----+---+-----+-----+
    |mul_32ns_31ns_62_1_1_U2101    |mul_32ns_31ns_62_1_1    |        0|   4|  0|   20|    0|
    |mul_32ns_31ns_62_1_1_U2102    |mul_32ns_31ns_62_1_1    |        0|   4|  0|   20|    0|
    |mul_32ns_31ns_62_1_1_U2103    |mul_32ns_31ns_62_1_1    |        0|   4|  0|   20|    0|
    |mul_32ns_31ns_62_1_1_U2104    |mul_32ns_31ns_62_1_1    |        0|   4|  0|   20|    0|
    |sparsemux_129_6_32_1_1_U2105  |sparsemux_129_6_32_1_1  |        0|   0|  0|  273|    0|
    |sparsemux_129_6_32_1_1_U2106  |sparsemux_129_6_32_1_1  |        0|   0|  0|  273|    0|
    |sparsemux_129_6_32_1_1_U2107  |sparsemux_129_6_32_1_1  |        0|   0|  0|  273|    0|
    |sparsemux_129_6_32_1_1_U2108  |sparsemux_129_6_32_1_1  |        0|   0|  0|  273|    0|
    +------------------------------+------------------------+---------+----+---+-----+-----+
    |Total                         |                        |        0|  16|  0| 1172|    0|
    +------------------------------+------------------------+---------+----+---+-----+-----+

    * DSP: 
    N/A

    * Memory: 
    N/A

    * FIFO: 
    N/A

    * Expression: 
    +--------------------------------+----------+----+---+----+------------+------------+
    |          Variable Name         | Operation| DSP| FF| LUT| Bitwidth P0| Bitwidth P1|
    +--------------------------------+----------+----+---+----+------------+------------+
    |add_ln319_fu_2323_p2            |         +|   0|  0|  14|           7|           1|
    |ap_block_pp0_stage0_01001_grp1  |       and|   0|  0|   2|           1|           1|
    |icmp_ln319_fu_2317_p2           |      icmp|   0|  0|  14|           7|           7|
    |icmp_ln334_fu_2627_p2           |      icmp|   0|  0|  14|           9|           9|
    |icmp_ln339_fu_2909_p2           |      icmp|   0|  0|  14|           9|           9|
    |icmp_ln344_fu_3191_p2           |      icmp|   0|  0|  14|           9|           9|
    |pkt_keep_fu_2345_p2             |      icmp|   0|  0|  14|           9|           9|
    |pkt_keep_2_fu_3569_p3           |    select|   0|  0|   3|           1|           3|
    |pkt_keep_3_fu_3596_p3           |    select|   0|  0|   4|           1|           4|
    |pkt_keep_4_fu_3544_p3           |    select|   0|  0|   2|           1|           2|
    |pkt_v0_1_fu_3522_p3             |    select|   0|  0|  32|           1|          32|
    |pkt_v1_1_fu_3538_p3             |    select|   0|  0|  32|           1|          32|
    |pkt_v2_1_fu_3563_p3             |    select|   0|  0|  32|           1|          32|
    |pkt_v3_1_fu_3590_p3             |    select|   0|  0|  32|           1|          32|
    |ap_enable_pp0                   |       xor|   0|  0|   2|           1|           2|
    +--------------------------------+----------+----+---+----+------------+------------+
    |Total                           |          |   0|  0| 225|          59|         184|
    +--------------------------------+----------+----+---+----+------------+------------+

    * Multiplexer: 
    +-------------------------+----+-----------+-----+-----------+
    |           Name          | LUT| Input Size| Bits| Total Bits|
    +-------------------------+----+-----------+-----+-----------+
    |ap_done_int              |   9|          2|    1|          2|
    |ap_enable_reg_pp0_iter1  |   9|          2|    1|          2|
    |ap_sig_allocacmp_blk_3   |   9|          2|    7|         14|
    |blk_fu_724               |   9|          2|    7|         14|
    |prob_stream_blk_n        |   9|          2|    1|          2|
    +-------------------------+----+-----------+-----+-----------+
    |Total                    |  45|         10|   17|         34|
    +-------------------------+----+-----------+-----+-----------+

    * Register: 
    +-----------------------------------+----+----+-----+-----------+
    |                Name               | FF | LUT| Bits| Const Bits|
    +-----------------------------------+----+----+-----+-----------+
    |ap_CS_fsm                          |   1|   0|    1|          0|
    |ap_done_reg                        |   1|   0|    1|          0|
    |ap_enable_reg_pp0_iter1            |   1|   0|    1|          0|
    |ap_enable_reg_pp0_iter2            |   1|   0|    1|          0|
    |ap_loop_exit_ready_pp0_iter1_reg   |   1|   0|    1|          0|
    |blk_fu_724                         |   7|   0|    7|          0|
    |icmp_ln334_reg_3649                |   1|   0|    1|          0|
    |icmp_ln334_reg_3649_pp0_iter1_reg  |   1|   0|    1|          0|
    |icmp_ln339_reg_3660                |   1|   0|    1|          0|
    |icmp_ln339_reg_3660_pp0_iter1_reg  |   1|   0|    1|          0|
    |icmp_ln344_reg_3671                |   1|   0|    1|          0|
    |icmp_ln344_reg_3671_pp0_iter1_reg  |   1|   0|    1|          0|
    |pkt_keep_reg_3637                  |   1|   0|    1|          0|
    |pkt_keep_reg_3637_pp0_iter1_reg    |   1|   0|    1|          0|
    |pkt_v0_reg_3682                    |  32|   0|   32|          0|
    |pkt_v1_reg_3687                    |  32|   0|   32|          0|
    |pkt_v2_reg_3692                    |  32|   0|   32|          0|
    |pkt_v3_reg_3697                    |  32|   0|   32|          0|
    |tmp_50_reg_3666                    |  32|   0|   32|          0|
    |tmp_51_reg_3677                    |  32|   0|   32|          0|
    |tmp_reg_3644                       |  32|   0|   32|          0|
    |tmp_s_reg_3655                     |  32|   0|   32|          0|
    |zext_ln319_cast_reg_3625           |  31|   0|   62|         31|
    +-----------------------------------+----+----+-----+-----------+
    |Total                              | 307|   0|  338|         31|
    +-----------------------------------+----+----+-----+-----------+



================================================================
== Interface
================================================================
* Summary: 
+----------------------------+-----+-----+------------+------------------------------------------+--------------+
|          RTL Ports         | Dir | Bits|  Protocol  |               Source Object              |    C Type    |
+----------------------------+-----+-----+------------+------------------------------------------+--------------+
|ap_clk                      |   in|    1|  ap_ctrl_hs|  emit_prob_stream_Pipeline_prob_emit_loop|  return value|
|ap_rst                      |   in|    1|  ap_ctrl_hs|  emit_prob_stream_Pipeline_prob_emit_loop|  return value|
|ap_start                    |   in|    1|  ap_ctrl_hs|  emit_prob_stream_Pipeline_prob_emit_loop|  return value|
|ap_done                     |  out|    1|  ap_ctrl_hs|  emit_prob_stream_Pipeline_prob_emit_loop|  return value|
|ap_idle                     |  out|    1|  ap_ctrl_hs|  emit_prob_stream_Pipeline_prob_emit_loop|  return value|
|ap_ready                    |  out|    1|  ap_ctrl_hs|  emit_prob_stream_Pipeline_prob_emit_loop|  return value|
|prob_stream_din             |  out|  132|     ap_fifo|                               prob_stream|       pointer|
|prob_stream_full_n          |   in|    1|     ap_fifo|                               prob_stream|       pointer|
|prob_stream_write           |  out|    1|     ap_fifo|                               prob_stream|       pointer|
|prob_stream_num_data_valid  |   in|   32|     ap_fifo|                               prob_stream|       pointer|
|prob_stream_fifo_cap        |   in|   32|     ap_fifo|                               prob_stream|       pointer|
|blocks_cast                 |   in|    7|   ap_stable|                               blocks_cast|        scalar|
|n                           |   in|    9|   ap_stable|                                         n|        scalar|
|exp_buf_0_0_load            |   in|   32|   ap_stable|                          exp_buf_0_0_load|        scalar|
|exp_buf_0_1_load            |   in|   32|   ap_stable|                          exp_buf_0_1_load|        scalar|
|exp_buf_0_2_load            |   in|   32|   ap_stable|                          exp_buf_0_2_load|        scalar|
|exp_buf_0_3_load            |   in|   32|   ap_stable|                          exp_buf_0_3_load|        scalar|
|exp_buf_0_4_load            |   in|   32|   ap_stable|                          exp_buf_0_4_load|        scalar|
|exp_buf_0_5_load            |   in|   32|   ap_stable|                          exp_buf_0_5_load|        scalar|
|exp_buf_0_6_load            |   in|   32|   ap_stable|                          exp_buf_0_6_load|        scalar|
|exp_buf_0_7_load            |   in|   32|   ap_stable|                          exp_buf_0_7_load|        scalar|
|exp_buf_0_8_load            |   in|   32|   ap_stable|                          exp_buf_0_8_load|        scalar|
|exp_buf_0_9_load            |   in|   32|   ap_stable|                          exp_buf_0_9_load|        scalar|
|exp_buf_0_10_load           |   in|   32|   ap_stable|                         exp_buf_0_10_load|        scalar|
|exp_buf_0_11_load           |   in|   32|   ap_stable|                         exp_buf_0_11_load|        scalar|
|exp_buf_0_12_load           |   in|   32|   ap_stable|                         exp_buf_0_12_load|        scalar|
|exp_buf_0_13_load           |   in|   32|   ap_stable|                         exp_buf_0_13_load|        scalar|
|exp_buf_0_14_load           |   in|   32|   ap_stable|                         exp_buf_0_14_load|        scalar|
|exp_buf_0_15_load           |   in|   32|   ap_stable|                         exp_buf_0_15_load|        scalar|
|exp_buf_0_16_load           |   in|   32|   ap_stable|                         exp_buf_0_16_load|        scalar|
|exp_buf_0_17_load           |   in|   32|   ap_stable|                         exp_buf_0_17_load|        scalar|
|exp_buf_0_18_load           |   in|   32|   ap_stable|                         exp_buf_0_18_load|        scalar|
|exp_buf_0_19_load           |   in|   32|   ap_stable|                         exp_buf_0_19_load|        scalar|
|exp_buf_0_20_load           |   in|   32|   ap_stable|                         exp_buf_0_20_load|        scalar|
|exp_buf_0_21_load           |   in|   32|   ap_stable|                         exp_buf_0_21_load|        scalar|
|exp_buf_0_22_load           |   in|   32|   ap_stable|                         exp_buf_0_22_load|        scalar|
|exp_buf_0_23_load           |   in|   32|   ap_stable|                         exp_buf_0_23_load|        scalar|
|exp_buf_0_24_load           |   in|   32|   ap_stable|                         exp_buf_0_24_load|        scalar|
|exp_buf_0_25_load           |   in|   32|   ap_stable|                         exp_buf_0_25_load|        scalar|
|exp_buf_0_26_load           |   in|   32|   ap_stable|                         exp_buf_0_26_load|        scalar|
|exp_buf_0_27_load           |   in|   32|   ap_stable|                         exp_buf_0_27_load|        scalar|
|exp_buf_0_28_load           |   in|   32|   ap_stable|                         exp_buf_0_28_load|        scalar|
|exp_buf_0_29_load           |   in|   32|   ap_stable|                         exp_buf_0_29_load|        scalar|
|exp_buf_0_30_load           |   in|   32|   ap_stable|                         exp_buf_0_30_load|        scalar|
|exp_buf_0_31_load           |   in|   32|   ap_stable|                         exp_buf_0_31_load|        scalar|
|exp_buf_0_32_load           |   in|   32|   ap_stable|                         exp_buf_0_32_load|        scalar|
|exp_buf_0_33_load           |   in|   32|   ap_stable|                         exp_buf_0_33_load|        scalar|
|exp_buf_0_34_load           |   in|   32|   ap_stable|                         exp_buf_0_34_load|        scalar|
|exp_buf_0_35_load           |   in|   32|   ap_stable|                         exp_buf_0_35_load|        scalar|
|exp_buf_0_36_load           |   in|   32|   ap_stable|                         exp_buf_0_36_load|        scalar|
|exp_buf_0_37_load           |   in|   32|   ap_stable|                         exp_buf_0_37_load|        scalar|
|exp_buf_0_38_load           |   in|   32|   ap_stable|                         exp_buf_0_38_load|        scalar|
|exp_buf_0_39_load           |   in|   32|   ap_stable|                         exp_buf_0_39_load|        scalar|
|exp_buf_0_40_load           |   in|   32|   ap_stable|                         exp_buf_0_40_load|        scalar|
|exp_buf_0_41_load           |   in|   32|   ap_stable|                         exp_buf_0_41_load|        scalar|
|exp_buf_0_42_load           |   in|   32|   ap_stable|                         exp_buf_0_42_load|        scalar|
|exp_buf_0_43_load           |   in|   32|   ap_stable|                         exp_buf_0_43_load|        scalar|
|exp_buf_0_44_load           |   in|   32|   ap_stable|                         exp_buf_0_44_load|        scalar|
|exp_buf_0_45_load           |   in|   32|   ap_stable|                         exp_buf_0_45_load|        scalar|
|exp_buf_0_46_load           |   in|   32|   ap_stable|                         exp_buf_0_46_load|        scalar|
|exp_buf_0_47_load           |   in|   32|   ap_stable|                         exp_buf_0_47_load|        scalar|
|exp_buf_0_48_load           |   in|   32|   ap_stable|                         exp_buf_0_48_load|        scalar|
|exp_buf_0_49_load           |   in|   32|   ap_stable|                         exp_buf_0_49_load|        scalar|
|exp_buf_0_50_load           |   in|   32|   ap_stable|                         exp_buf_0_50_load|        scalar|
|exp_buf_0_51_load           |   in|   32|   ap_stable|                         exp_buf_0_51_load|        scalar|
|exp_buf_0_52_load           |   in|   32|   ap_stable|                         exp_buf_0_52_load|        scalar|
|exp_buf_0_53_load           |   in|   32|   ap_stable|                         exp_buf_0_53_load|        scalar|
|exp_buf_0_54_load           |   in|   32|   ap_stable|                         exp_buf_0_54_load|        scalar|
|exp_buf_0_55_load           |   in|   32|   ap_stable|                         exp_buf_0_55_load|        scalar|
|exp_buf_0_56_load           |   in|   32|   ap_stable|                         exp_buf_0_56_load|        scalar|
|exp_buf_0_57_load           |   in|   32|   ap_stable|                         exp_buf_0_57_load|        scalar|
|exp_buf_0_58_load           |   in|   32|   ap_stable|                         exp_buf_0_58_load|        scalar|
|exp_buf_0_59_load           |   in|   32|   ap_stable|                         exp_buf_0_59_load|        scalar|
|exp_buf_0_60_load           |   in|   32|   ap_stable|                         exp_buf_0_60_load|        scalar|
|exp_buf_0_61_load           |   in|   32|   ap_stable|                         exp_buf_0_61_load|        scalar|
|exp_buf_0_62_load           |   in|   32|   ap_stable|                         exp_buf_0_62_load|        scalar|
|exp_buf_0_63_load           |   in|   32|   ap_stable|                         exp_buf_0_63_load|        scalar|
|zext_ln319                  |   in|   31|   ap_stable|                                zext_ln319|        scalar|
|exp_buf_1_0_load            |   in|   32|   ap_stable|                          exp_buf_1_0_load|        scalar|
|exp_buf_1_1_load            |   in|   32|   ap_stable|                          exp_buf_1_1_load|        scalar|
|exp_buf_1_2_load            |   in|   32|   ap_stable|                          exp_buf_1_2_load|        scalar|
|exp_buf_1_3_load            |   in|   32|   ap_stable|                          exp_buf_1_3_load|        scalar|
|exp_buf_1_4_load            |   in|   32|   ap_stable|                          exp_buf_1_4_load|        scalar|
|exp_buf_1_5_load            |   in|   32|   ap_stable|                          exp_buf_1_5_load|        scalar|
|exp_buf_1_6_load            |   in|   32|   ap_stable|                          exp_buf_1_6_load|        scalar|
|exp_buf_1_7_load            |   in|   32|   ap_stable|                          exp_buf_1_7_load|        scalar|
|exp_buf_1_8_load            |   in|   32|   ap_stable|                          exp_buf_1_8_load|        scalar|
|exp_buf_1_9_load            |   in|   32|   ap_stable|                          exp_buf_1_9_load|        scalar|
|exp_buf_1_10_load           |   in|   32|   ap_stable|                         exp_buf_1_10_load|        scalar|
|exp_buf_1_11_load           |   in|   32|   ap_stable|                         exp_buf_1_11_load|        scalar|
|exp_buf_1_12_load           |   in|   32|   ap_stable|                         exp_buf_1_12_load|        scalar|
|exp_buf_1_13_load           |   in|   32|   ap_stable|                         exp_buf_1_13_load|        scalar|
|exp_buf_1_14_load           |   in|   32|   ap_stable|                         exp_buf_1_14_load|        scalar|
|exp_buf_1_15_load           |   in|   32|   ap_stable|                         exp_buf_1_15_load|        scalar|
|exp_buf_1_16_load           |   in|   32|   ap_stable|                         exp_buf_1_16_load|        scalar|
|exp_buf_1_17_load           |   in|   32|   ap_stable|                         exp_buf_1_17_load|        scalar|
|exp_buf_1_18_load           |   in|   32|   ap_stable|                         exp_buf_1_18_load|        scalar|
|exp_buf_1_19_load           |   in|   32|   ap_stable|                         exp_buf_1_19_load|        scalar|
|exp_buf_1_20_load           |   in|   32|   ap_stable|                         exp_buf_1_20_load|        scalar|
|exp_buf_1_21_load           |   in|   32|   ap_stable|                         exp_buf_1_21_load|        scalar|
|exp_buf_1_22_load           |   in|   32|   ap_stable|                         exp_buf_1_22_load|        scalar|
|exp_buf_1_23_load           |   in|   32|   ap_stable|                         exp_buf_1_23_load|        scalar|
|exp_buf_1_24_load           |   in|   32|   ap_stable|                         exp_buf_1_24_load|        scalar|
|exp_buf_1_25_load           |   in|   32|   ap_stable|                         exp_buf_1_25_load|        scalar|
|exp_buf_1_26_load           |   in|   32|   ap_stable|                         exp_buf_1_26_load|        scalar|
|exp_buf_1_27_load           |   in|   32|   ap_stable|                         exp_buf_1_27_load|        scalar|
|exp_buf_1_28_load           |   in|   32|   ap_stable|                         exp_buf_1_28_load|        scalar|
|exp_buf_1_29_load           |   in|   32|   ap_stable|                         exp_buf_1_29_load|        scalar|
|exp_buf_1_30_load           |   in|   32|   ap_stable|                         exp_buf_1_30_load|        scalar|
|exp_buf_1_31_load           |   in|   32|   ap_stable|                         exp_buf_1_31_load|        scalar|
|exp_buf_1_32_load           |   in|   32|   ap_stable|                         exp_buf_1_32_load|        scalar|
|exp_buf_1_33_load           |   in|   32|   ap_stable|                         exp_buf_1_33_load|        scalar|
|exp_buf_1_34_load           |   in|   32|   ap_stable|                         exp_buf_1_34_load|        scalar|
|exp_buf_1_35_load           |   in|   32|   ap_stable|                         exp_buf_1_35_load|        scalar|
|exp_buf_1_36_load           |   in|   32|   ap_stable|                         exp_buf_1_36_load|        scalar|
|exp_buf_1_37_load           |   in|   32|   ap_stable|                         exp_buf_1_37_load|        scalar|
|exp_buf_1_38_load           |   in|   32|   ap_stable|                         exp_buf_1_38_load|        scalar|
|exp_buf_1_39_load           |   in|   32|   ap_stable|                         exp_buf_1_39_load|        scalar|
|exp_buf_1_40_load           |   in|   32|   ap_stable|                         exp_buf_1_40_load|        scalar|
|exp_buf_1_41_load           |   in|   32|   ap_stable|                         exp_buf_1_41_load|        scalar|
|exp_buf_1_42_load           |   in|   32|   ap_stable|                         exp_buf_1_42_load|        scalar|
|exp_buf_1_43_load           |   in|   32|   ap_stable|                         exp_buf_1_43_load|        scalar|
|exp_buf_1_44_load           |   in|   32|   ap_stable|                         exp_buf_1_44_load|        scalar|
|exp_buf_1_45_load           |   in|   32|   ap_stable|                         exp_buf_1_45_load|        scalar|
|exp_buf_1_46_load           |   in|   32|   ap_stable|                         exp_buf_1_46_load|        scalar|
|exp_buf_1_47_load           |   in|   32|   ap_stable|                         exp_buf_1_47_load|        scalar|
|exp_buf_1_48_load           |   in|   32|   ap_stable|                         exp_buf_1_48_load|        scalar|
|exp_buf_1_49_load           |   in|   32|   ap_stable|                         exp_buf_1_49_load|        scalar|
|exp_buf_1_50_load           |   in|   32|   ap_stable|                         exp_buf_1_50_load|        scalar|
|exp_buf_1_51_load           |   in|   32|   ap_stable|                         exp_buf_1_51_load|        scalar|
|exp_buf_1_52_load           |   in|   32|   ap_stable|                         exp_buf_1_52_load|        scalar|
|exp_buf_1_53_load           |   in|   32|   ap_stable|                         exp_buf_1_53_load|        scalar|
|exp_buf_1_54_load           |   in|   32|   ap_stable|                         exp_buf_1_54_load|        scalar|
|exp_buf_1_55_load           |   in|   32|   ap_stable|                         exp_buf_1_55_load|        scalar|
|exp_buf_1_56_load           |   in|   32|   ap_stable|                         exp_buf_1_56_load|        scalar|
|exp_buf_1_57_load           |   in|   32|   ap_stable|                         exp_buf_1_57_load|        scalar|
|exp_buf_1_58_load           |   in|   32|   ap_stable|                         exp_buf_1_58_load|        scalar|
|exp_buf_1_59_load           |   in|   32|   ap_stable|                         exp_buf_1_59_load|        scalar|
|exp_buf_1_60_load           |   in|   32|   ap_stable|                         exp_buf_1_60_load|        scalar|
|exp_buf_1_61_load           |   in|   32|   ap_stable|                         exp_buf_1_61_load|        scalar|
|exp_buf_1_62_load           |   in|   32|   ap_stable|                         exp_buf_1_62_load|        scalar|
|exp_buf_1_63_load           |   in|   32|   ap_stable|                         exp_buf_1_63_load|        scalar|
|exp_buf_2_0_load            |   in|   32|   ap_stable|                          exp_buf_2_0_load|        scalar|
|exp_buf_2_1_load            |   in|   32|   ap_stable|                          exp_buf_2_1_load|        scalar|
|exp_buf_2_2_load            |   in|   32|   ap_stable|                          exp_buf_2_2_load|        scalar|
|exp_buf_2_3_load            |   in|   32|   ap_stable|                          exp_buf_2_3_load|        scalar|
|exp_buf_2_4_load            |   in|   32|   ap_stable|                          exp_buf_2_4_load|        scalar|
|exp_buf_2_5_load            |   in|   32|   ap_stable|                          exp_buf_2_5_load|        scalar|
|exp_buf_2_6_load            |   in|   32|   ap_stable|                          exp_buf_2_6_load|        scalar|
|exp_buf_2_7_load            |   in|   32|   ap_stable|                          exp_buf_2_7_load|        scalar|
|exp_buf_2_8_load            |   in|   32|   ap_stable|                          exp_buf_2_8_load|        scalar|
|exp_buf_2_9_load            |   in|   32|   ap_stable|                          exp_buf_2_9_load|        scalar|
|exp_buf_2_10_load           |   in|   32|   ap_stable|                         exp_buf_2_10_load|        scalar|
|exp_buf_2_11_load           |   in|   32|   ap_stable|                         exp_buf_2_11_load|        scalar|
|exp_buf_2_12_load           |   in|   32|   ap_stable|                         exp_buf_2_12_load|        scalar|
|exp_buf_2_13_load           |   in|   32|   ap_stable|                         exp_buf_2_13_load|        scalar|
|exp_buf_2_14_load           |   in|   32|   ap_stable|                         exp_buf_2_14_load|        scalar|
|exp_buf_2_15_load           |   in|   32|   ap_stable|                         exp_buf_2_15_load|        scalar|
|exp_buf_2_16_load           |   in|   32|   ap_stable|                         exp_buf_2_16_load|        scalar|
|exp_buf_2_17_load           |   in|   32|   ap_stable|                         exp_buf_2_17_load|        scalar|
|exp_buf_2_18_load           |   in|   32|   ap_stable|                         exp_buf_2_18_load|        scalar|
|exp_buf_2_19_load           |   in|   32|   ap_stable|                         exp_buf_2_19_load|        scalar|
|exp_buf_2_20_load           |   in|   32|   ap_stable|                         exp_buf_2_20_load|        scalar|
|exp_buf_2_21_load           |   in|   32|   ap_stable|                         exp_buf_2_21_load|        scalar|
|exp_buf_2_22_load           |   in|   32|   ap_stable|                         exp_buf_2_22_load|        scalar|
|exp_buf_2_23_load           |   in|   32|   ap_stable|                         exp_buf_2_23_load|        scalar|
|exp_buf_2_24_load           |   in|   32|   ap_stable|                         exp_buf_2_24_load|        scalar|
|exp_buf_2_25_load           |   in|   32|   ap_stable|                         exp_buf_2_25_load|        scalar|
|exp_buf_2_26_load           |   in|   32|   ap_stable|                         exp_buf_2_26_load|        scalar|
|exp_buf_2_27_load           |   in|   32|   ap_stable|                         exp_buf_2_27_load|        scalar|
|exp_buf_2_28_load           |   in|   32|   ap_stable|                         exp_buf_2_28_load|        scalar|
|exp_buf_2_29_load           |   in|   32|   ap_stable|                         exp_buf_2_29_load|        scalar|
|exp_buf_2_30_load           |   in|   32|   ap_stable|                         exp_buf_2_30_load|        scalar|
|exp_buf_2_31_load           |   in|   32|   ap_stable|                         exp_buf_2_31_load|        scalar|
|exp_buf_2_32_load           |   in|   32|   ap_stable|                         exp_buf_2_32_load|        scalar|
|exp_buf_2_33_load           |   in|   32|   ap_stable|                         exp_buf_2_33_load|        scalar|
|exp_buf_2_34_load           |   in|   32|   ap_stable|                         exp_buf_2_34_load|        scalar|
|exp_buf_2_35_load           |   in|   32|   ap_stable|                         exp_buf_2_35_load|        scalar|
|exp_buf_2_36_load           |   in|   32|   ap_stable|                         exp_buf_2_36_load|        scalar|
|exp_buf_2_37_load           |   in|   32|   ap_stable|                         exp_buf_2_37_load|        scalar|
|exp_buf_2_38_load           |   in|   32|   ap_stable|                         exp_buf_2_38_load|        scalar|
|exp_buf_2_39_load           |   in|   32|   ap_stable|                         exp_buf_2_39_load|        scalar|
|exp_buf_2_40_load           |   in|   32|   ap_stable|                         exp_buf_2_40_load|        scalar|
|exp_buf_2_41_load           |   in|   32|   ap_stable|                         exp_buf_2_41_load|        scalar|
|exp_buf_2_42_load           |   in|   32|   ap_stable|                         exp_buf_2_42_load|        scalar|
|exp_buf_2_43_load           |   in|   32|   ap_stable|                         exp_buf_2_43_load|        scalar|
|exp_buf_2_44_load           |   in|   32|   ap_stable|                         exp_buf_2_44_load|        scalar|
|exp_buf_2_45_load           |   in|   32|   ap_stable|                         exp_buf_2_45_load|        scalar|
|exp_buf_2_46_load           |   in|   32|   ap_stable|                         exp_buf_2_46_load|        scalar|
|exp_buf_2_47_load           |   in|   32|   ap_stable|                         exp_buf_2_47_load|        scalar|
|exp_buf_2_48_load           |   in|   32|   ap_stable|                         exp_buf_2_48_load|        scalar|
|exp_buf_2_49_load           |   in|   32|   ap_stable|                         exp_buf_2_49_load|        scalar|
|exp_buf_2_50_load           |   in|   32|   ap_stable|                         exp_buf_2_50_load|        scalar|
|exp_buf_2_51_load           |   in|   32|   ap_stable|                         exp_buf_2_51_load|        scalar|
|exp_buf_2_52_load           |   in|   32|   ap_stable|                         exp_buf_2_52_load|        scalar|
|exp_buf_2_53_load           |   in|   32|   ap_stable|                         exp_buf_2_53_load|        scalar|
|exp_buf_2_54_load           |   in|   32|   ap_stable|                         exp_buf_2_54_load|        scalar|
|exp_buf_2_55_load           |   in|   32|   ap_stable|                         exp_buf_2_55_load|        scalar|
|exp_buf_2_56_load           |   in|   32|   ap_stable|                         exp_buf_2_56_load|        scalar|
|exp_buf_2_57_load           |   in|   32|   ap_stable|                         exp_buf_2_57_load|        scalar|
|exp_buf_2_58_load           |   in|   32|   ap_stable|                         exp_buf_2_58_load|        scalar|
|exp_buf_2_59_load           |   in|   32|   ap_stable|                         exp_buf_2_59_load|        scalar|
|exp_buf_2_60_load           |   in|   32|   ap_stable|                         exp_buf_2_60_load|        scalar|
|exp_buf_2_61_load           |   in|   32|   ap_stable|                         exp_buf_2_61_load|        scalar|
|exp_buf_2_62_load           |   in|   32|   ap_stable|                         exp_buf_2_62_load|        scalar|
|exp_buf_2_63_load           |   in|   32|   ap_stable|                         exp_buf_2_63_load|        scalar|
|exp_buf_3_0_load            |   in|   32|   ap_stable|                          exp_buf_3_0_load|        scalar|
|exp_buf_3_1_load            |   in|   32|   ap_stable|                          exp_buf_3_1_load|        scalar|
|exp_buf_3_2_load            |   in|   32|   ap_stable|                          exp_buf_3_2_load|        scalar|
|exp_buf_3_3_load            |   in|   32|   ap_stable|                          exp_buf_3_3_load|        scalar|
|exp_buf_3_4_load            |   in|   32|   ap_stable|                          exp_buf_3_4_load|        scalar|
|exp_buf_3_5_load            |   in|   32|   ap_stable|                          exp_buf_3_5_load|        scalar|
|exp_buf_3_6_load            |   in|   32|   ap_stable|                          exp_buf_3_6_load|        scalar|
|exp_buf_3_7_load            |   in|   32|   ap_stable|                          exp_buf_3_7_load|        scalar|
|exp_buf_3_8_load            |   in|   32|   ap_stable|                          exp_buf_3_8_load|        scalar|
|exp_buf_3_9_load            |   in|   32|   ap_stable|                          exp_buf_3_9_load|        scalar|
|exp_buf_3_10_load           |   in|   32|   ap_stable|                         exp_buf_3_10_load|        scalar|
|exp_buf_3_11_load           |   in|   32|   ap_stable|                         exp_buf_3_11_load|        scalar|
|exp_buf_3_12_load           |   in|   32|   ap_stable|                         exp_buf_3_12_load|        scalar|
|exp_buf_3_13_load           |   in|   32|   ap_stable|                         exp_buf_3_13_load|        scalar|
|exp_buf_3_14_load           |   in|   32|   ap_stable|                         exp_buf_3_14_load|        scalar|
|exp_buf_3_15_load           |   in|   32|   ap_stable|                         exp_buf_3_15_load|        scalar|
|exp_buf_3_16_load           |   in|   32|   ap_stable|                         exp_buf_3_16_load|        scalar|
|exp_buf_3_17_load           |   in|   32|   ap_stable|                         exp_buf_3_17_load|        scalar|
|exp_buf_3_18_load           |   in|   32|   ap_stable|                         exp_buf_3_18_load|        scalar|
|exp_buf_3_19_load           |   in|   32|   ap_stable|                         exp_buf_3_19_load|        scalar|
|exp_buf_3_20_load           |   in|   32|   ap_stable|                         exp_buf_3_20_load|        scalar|
|exp_buf_3_21_load           |   in|   32|   ap_stable|                         exp_buf_3_21_load|        scalar|
|exp_buf_3_22_load           |   in|   32|   ap_stable|                         exp_buf_3_22_load|        scalar|
|exp_buf_3_23_load           |   in|   32|   ap_stable|                         exp_buf_3_23_load|        scalar|
|exp_buf_3_24_load           |   in|   32|   ap_stable|                         exp_buf_3_24_load|        scalar|
|exp_buf_3_25_load           |   in|   32|   ap_stable|                         exp_buf_3_25_load|        scalar|
|exp_buf_3_26_load           |   in|   32|   ap_stable|                         exp_buf_3_26_load|        scalar|
|exp_buf_3_27_load           |   in|   32|   ap_stable|                         exp_buf_3_27_load|        scalar|
|exp_buf_3_28_load           |   in|   32|   ap_stable|                         exp_buf_3_28_load|        scalar|
|exp_buf_3_29_load           |   in|   32|   ap_stable|                         exp_buf_3_29_load|        scalar|
|exp_buf_3_30_load           |   in|   32|   ap_stable|                         exp_buf_3_30_load|        scalar|
|exp_buf_3_31_load           |   in|   32|   ap_stable|                         exp_buf_3_31_load|        scalar|
|exp_buf_3_32_load           |   in|   32|   ap_stable|                         exp_buf_3_32_load|        scalar|
|exp_buf_3_33_load           |   in|   32|   ap_stable|                         exp_buf_3_33_load|        scalar|
|exp_buf_3_34_load           |   in|   32|   ap_stable|                         exp_buf_3_34_load|        scalar|
|exp_buf_3_35_load           |   in|   32|   ap_stable|                         exp_buf_3_35_load|        scalar|
|exp_buf_3_36_load           |   in|   32|   ap_stable|                         exp_buf_3_36_load|        scalar|
|exp_buf_3_37_load           |   in|   32|   ap_stable|                         exp_buf_3_37_load|        scalar|
|exp_buf_3_38_load           |   in|   32|   ap_stable|                         exp_buf_3_38_load|        scalar|
|exp_buf_3_39_load           |   in|   32|   ap_stable|                         exp_buf_3_39_load|        scalar|
|exp_buf_3_40_load           |   in|   32|   ap_stable|                         exp_buf_3_40_load|        scalar|
|exp_buf_3_41_load           |   in|   32|   ap_stable|                         exp_buf_3_41_load|        scalar|
|exp_buf_3_42_load           |   in|   32|   ap_stable|                         exp_buf_3_42_load|        scalar|
|exp_buf_3_43_load           |   in|   32|   ap_stable|                         exp_buf_3_43_load|        scalar|
|exp_buf_3_44_load           |   in|   32|   ap_stable|                         exp_buf_3_44_load|        scalar|
|exp_buf_3_45_load           |   in|   32|   ap_stable|                         exp_buf_3_45_load|        scalar|
|exp_buf_3_46_load           |   in|   32|   ap_stable|                         exp_buf_3_46_load|        scalar|
|exp_buf_3_47_load           |   in|   32|   ap_stable|                         exp_buf_3_47_load|        scalar|
|exp_buf_3_48_load           |   in|   32|   ap_stable|                         exp_buf_3_48_load|        scalar|
|exp_buf_3_49_load           |   in|   32|   ap_stable|                         exp_buf_3_49_load|        scalar|
|exp_buf_3_50_load           |   in|   32|   ap_stable|                         exp_buf_3_50_load|        scalar|
|exp_buf_3_51_load           |   in|   32|   ap_stable|                         exp_buf_3_51_load|        scalar|
|exp_buf_3_52_load           |   in|   32|   ap_stable|                         exp_buf_3_52_load|        scalar|
|exp_buf_3_53_load           |   in|   32|   ap_stable|                         exp_buf_3_53_load|        scalar|
|exp_buf_3_54_load           |   in|   32|   ap_stable|                         exp_buf_3_54_load|        scalar|
|exp_buf_3_55_load           |   in|   32|   ap_stable|                         exp_buf_3_55_load|        scalar|
|exp_buf_3_56_load           |   in|   32|   ap_stable|                         exp_buf_3_56_load|        scalar|
|exp_buf_3_57_load           |   in|   32|   ap_stable|                         exp_buf_3_57_load|        scalar|
|exp_buf_3_58_load           |   in|   32|   ap_stable|                         exp_buf_3_58_load|        scalar|
|exp_buf_3_59_load           |   in|   32|   ap_stable|                         exp_buf_3_59_load|        scalar|
|exp_buf_3_60_load           |   in|   32|   ap_stable|                         exp_buf_3_60_load|        scalar|
|exp_buf_3_61_load           |   in|   32|   ap_stable|                         exp_buf_3_61_load|        scalar|
|exp_buf_3_62_load           |   in|   32|   ap_stable|                         exp_buf_3_62_load|        scalar|
|exp_buf_3_63_load           |   in|   32|   ap_stable|                         exp_buf_3_63_load|        scalar|
+----------------------------+-----+-----+------------+------------------------------------------+--------------+

