

================================================================
== Vitis HLS Report for 'load_logits_and_find_max'
================================================================
* Date:           Sat Mar 14 16:27:07 2026

* Version:        2025.1 (Build 6135595 on May 21 2025)
* Project:        Prometheus_SoC
* Solution:       hls (Vivado IP Flow Target)
* Product family: zynq
* Target device:  xc7z020-clg400-1


================================================================
== Performance Estimates
================================================================
+ Timing: 
    * Summary: 
    +--------+----------+----------+------------+
    |  Clock |  Target  | Estimated| Uncertainty|
    +--------+----------+----------+------------+
    |ap_clk  |  11.80 ns|  7.198 ns|     3.19 ns|
    +--------+----------+----------+------------+

+ Latency: 
    * Summary: 
    +---------+---------+-----------+----------+-----+-----+---------+
    |  Latency (cycles) |  Latency (absolute)  |  Interval | Pipeline|
    |   min   |   max   |    min    |    max   | min | max |   Type  |
    +---------+---------+-----------+----------+-----+-----+---------+
    |        7|       70|  82.600 ns|  0.826 us|    7|   70|       no|
    +---------+---------+-----------+----------+-----+-----+---------+

    + Detail: 
        * Instance: 
        +--------------------------------------------------------+---------------------------------------------+---------+---------+-----------+----------+-----+-----+------------------------------------------------+
        |                                                        |                                             |  Latency (cycles) |  Latency (absolute)  |  Interval |                    Pipeline                    |
        |                        Instance                        |                    Module                   |   min   |   max   |    min    |    max   | min | max |                      Type                      |
        +--------------------------------------------------------+---------------------------------------------+---------+---------+-----------+----------+-----+-----+------------------------------------------------+
        |grp_load_logits_and_find_max_Pipeline_load_loop_fu_568  |load_logits_and_find_max_Pipeline_load_loop  |        5|       68|  59.000 ns|  0.802 us|    2|   65|  loop auto-rewind stp (delay=0 clock cycles(s))|
        +--------------------------------------------------------+---------------------------------------------+---------+---------+-----------+----------+-----+-----+------------------------------------------------+

        * Loop: 
        N/A



================================================================
== Utilization Estimates
================================================================
* Summary: 
+-----------------+---------+-----+--------+-------+-----+
|       Name      | BRAM_18K| DSP |   FF   |  LUT  | URAM|
+-----------------+---------+-----+--------+-------+-----+
|DSP              |        -|    -|       -|      -|    -|
|Expression       |        -|    -|       0|     14|    -|
|FIFO             |        -|    -|       -|      -|    -|
|Instance         |        -|    -|     668|    876|    -|
|Memory           |        -|    -|       -|      -|    -|
|Multiplexer      |        -|    -|       0|   2324|    -|
|Register         |        -|    -|    8203|      -|    -|
+-----------------+---------+-----+--------+-------+-----+
|Total            |        0|    0|    8871|   3214|    0|
+-----------------+---------+-----+--------+-------+-----+
|Available        |      280|  220|  106400|  53200|    0|
+-----------------+---------+-----+--------+-------+-----+
|Utilization (%)  |        0|    0|       8|      6|    0|
+-----------------+---------+-----+--------+-------+-----+

+ Detail: 
    * Instance: 
    +--------------------------------------------------------+---------------------------------------------+---------+----+-----+-----+-----+
    |                        Instance                        |                    Module                   | BRAM_18K| DSP|  FF | LUT | URAM|
    +--------------------------------------------------------+---------------------------------------------+---------+----+-----+-----+-----+
    |grp_load_logits_and_find_max_Pipeline_load_loop_fu_568  |load_logits_and_find_max_Pipeline_load_loop  |        0|   0|  668|  876|    0|
    +--------------------------------------------------------+---------------------------------------------+---------+----+-----+-----+-----+
    |Total                                                   |                                             |        0|   0|  668|  876|    0|
    +--------------------------------------------------------+---------------------------------------------+---------+----+-----+-----+-----+

    * DSP: 
    N/A

    * Memory: 
    N/A

    * FIFO: 
    N/A

    * Expression: 
    +----------------------+----------+----+---+----+------------+------------+
    |     Variable Name    | Operation| DSP| FF| LUT| Bitwidth P0| Bitwidth P1|
    +----------------------+----------+----+---+----+------------+------------+
    |add_ln155_fu_1092_p2  |         +|   0|  0|  14|           9|           2|
    +----------------------+----------+----+---+----+------------+------------+
    |Total                 |          |   0|  0|  14|           9|           2|
    +----------------------+----------+----+---+----+------------+------------+

    * Multiplexer: 
    +-----------------+----+-----------+-----+-----------+
    |       Name      | LUT| Input Size| Bits| Total Bits|
    +-----------------+----+-----------+-----+-----------+
    |ap_NS_fsm        |  20|          4|    1|          4|
    |logits_buf_0_0   |   9|          2|   32|         64|
    |logits_buf_0_1   |   9|          2|   32|         64|
    |logits_buf_0_10  |   9|          2|   32|         64|
    |logits_buf_0_11  |   9|          2|   32|         64|
    |logits_buf_0_12  |   9|          2|   32|         64|
    |logits_buf_0_13  |   9|          2|   32|         64|
    |logits_buf_0_14  |   9|          2|   32|         64|
    |logits_buf_0_15  |   9|          2|   32|         64|
    |logits_buf_0_16  |   9|          2|   32|         64|
    |logits_buf_0_17  |   9|          2|   32|         64|
    |logits_buf_0_18  |   9|          2|   32|         64|
    |logits_buf_0_19  |   9|          2|   32|         64|
    |logits_buf_0_2   |   9|          2|   32|         64|
    |logits_buf_0_20  |   9|          2|   32|         64|
    |logits_buf_0_21  |   9|          2|   32|         64|
    |logits_buf_0_22  |   9|          2|   32|         64|
    |logits_buf_0_23  |   9|          2|   32|         64|
    |logits_buf_0_24  |   9|          2|   32|         64|
    |logits_buf_0_25  |   9|          2|   32|         64|
    |logits_buf_0_26  |   9|          2|   32|         64|
    |logits_buf_0_27  |   9|          2|   32|         64|
    |logits_buf_0_28  |   9|          2|   32|         64|
    |logits_buf_0_29  |   9|          2|   32|         64|
    |logits_buf_0_3   |   9|          2|   32|         64|
    |logits_buf_0_30  |   9|          2|   32|         64|
    |logits_buf_0_31  |   9|          2|   32|         64|
    |logits_buf_0_32  |   9|          2|   32|         64|
    |logits_buf_0_33  |   9|          2|   32|         64|
    |logits_buf_0_34  |   9|          2|   32|         64|
    |logits_buf_0_35  |   9|          2|   32|         64|
    |logits_buf_0_36  |   9|          2|   32|         64|
    |logits_buf_0_37  |   9|          2|   32|         64|
    |logits_buf_0_38  |   9|          2|   32|         64|
    |logits_buf_0_39  |   9|          2|   32|         64|
    |logits_buf_0_4   |   9|          2|   32|         64|
    |logits_buf_0_40  |   9|          2|   32|         64|
    |logits_buf_0_41  |   9|          2|   32|         64|
    |logits_buf_0_42  |   9|          2|   32|         64|
    |logits_buf_0_43  |   9|          2|   32|         64|
    |logits_buf_0_44  |   9|          2|   32|         64|
    |logits_buf_0_45  |   9|          2|   32|         64|
    |logits_buf_0_46  |   9|          2|   32|         64|
    |logits_buf_0_47  |   9|          2|   32|         64|
    |logits_buf_0_48  |   9|          2|   32|         64|
    |logits_buf_0_49  |   9|          2|   32|         64|
    |logits_buf_0_5   |   9|          2|   32|         64|
    |logits_buf_0_50  |   9|          2|   32|         64|
    |logits_buf_0_51  |   9|          2|   32|         64|
    |logits_buf_0_52  |   9|          2|   32|         64|
    |logits_buf_0_53  |   9|          2|   32|         64|
    |logits_buf_0_54  |   9|          2|   32|         64|
    |logits_buf_0_55  |   9|          2|   32|         64|
    |logits_buf_0_56  |   9|          2|   32|         64|
    |logits_buf_0_57  |   9|          2|   32|         64|
    |logits_buf_0_58  |   9|          2|   32|         64|
    |logits_buf_0_59  |   9|          2|   32|         64|
    |logits_buf_0_6   |   9|          2|   32|         64|
    |logits_buf_0_60  |   9|          2|   32|         64|
    |logits_buf_0_61  |   9|          2|   32|         64|
    |logits_buf_0_62  |   9|          2|   32|         64|
    |logits_buf_0_63  |   9|          2|   32|         64|
    |logits_buf_0_7   |   9|          2|   32|         64|
    |logits_buf_0_8   |   9|          2|   32|         64|
    |logits_buf_0_9   |   9|          2|   32|         64|
    |logits_buf_1_0   |   9|          2|   32|         64|
    |logits_buf_1_1   |   9|          2|   32|         64|
    |logits_buf_1_10  |   9|          2|   32|         64|
    |logits_buf_1_11  |   9|          2|   32|         64|
    |logits_buf_1_12  |   9|          2|   32|         64|
    |logits_buf_1_13  |   9|          2|   32|         64|
    |logits_buf_1_14  |   9|          2|   32|         64|
    |logits_buf_1_15  |   9|          2|   32|         64|
    |logits_buf_1_16  |   9|          2|   32|         64|
    |logits_buf_1_17  |   9|          2|   32|         64|
    |logits_buf_1_18  |   9|          2|   32|         64|
    |logits_buf_1_19  |   9|          2|   32|         64|
    |logits_buf_1_2   |   9|          2|   32|         64|
    |logits_buf_1_20  |   9|          2|   32|         64|
    |logits_buf_1_21  |   9|          2|   32|         64|
    |logits_buf_1_22  |   9|          2|   32|         64|
    |logits_buf_1_23  |   9|          2|   32|         64|
    |logits_buf_1_24  |   9|          2|   32|         64|
    |logits_buf_1_25  |   9|          2|   32|         64|
    |logits_buf_1_26  |   9|          2|   32|         64|
    |logits_buf_1_27  |   9|          2|   32|         64|
    |logits_buf_1_28  |   9|          2|   32|         64|
    |logits_buf_1_29  |   9|          2|   32|         64|
    |logits_buf_1_3   |   9|          2|   32|         64|
    |logits_buf_1_30  |   9|          2|   32|         64|
    |logits_buf_1_31  |   9|          2|   32|         64|
    |logits_buf_1_32  |   9|          2|   32|         64|
    |logits_buf_1_33  |   9|          2|   32|         64|
    |logits_buf_1_34  |   9|          2|   32|         64|
    |logits_buf_1_35  |   9|          2|   32|         64|
    |logits_buf_1_36  |   9|          2|   32|         64|
    |logits_buf_1_37  |   9|          2|   32|         64|
    |logits_buf_1_38  |   9|          2|   32|         64|
    |logits_buf_1_39  |   9|          2|   32|         64|
    |logits_buf_1_4   |   9|          2|   32|         64|
    |logits_buf_1_40  |   9|          2|   32|         64|
    |logits_buf_1_41  |   9|          2|   32|         64|
    |logits_buf_1_42  |   9|          2|   32|         64|
    |logits_buf_1_43  |   9|          2|   32|         64|
    |logits_buf_1_44  |   9|          2|   32|         64|
    |logits_buf_1_45  |   9|          2|   32|         64|
    |logits_buf_1_46  |   9|          2|   32|         64|
    |logits_buf_1_47  |   9|          2|   32|         64|
    |logits_buf_1_48  |   9|          2|   32|         64|
    |logits_buf_1_49  |   9|          2|   32|         64|
    |logits_buf_1_5   |   9|          2|   32|         64|
    |logits_buf_1_50  |   9|          2|   32|         64|
    |logits_buf_1_51  |   9|          2|   32|         64|
    |logits_buf_1_52  |   9|          2|   32|         64|
    |logits_buf_1_53  |   9|          2|   32|         64|
    |logits_buf_1_54  |   9|          2|   32|         64|
    |logits_buf_1_55  |   9|          2|   32|         64|
    |logits_buf_1_56  |   9|          2|   32|         64|
    |logits_buf_1_57  |   9|          2|   32|         64|
    |logits_buf_1_58  |   9|          2|   32|         64|
    |logits_buf_1_59  |   9|          2|   32|         64|
    |logits_buf_1_6   |   9|          2|   32|         64|
    |logits_buf_1_60  |   9|          2|   32|         64|
    |logits_buf_1_61  |   9|          2|   32|         64|
    |logits_buf_1_62  |   9|          2|   32|         64|
    |logits_buf_1_63  |   9|          2|   32|         64|
    |logits_buf_1_7   |   9|          2|   32|         64|
    |logits_buf_1_8   |   9|          2|   32|         64|
    |logits_buf_1_9   |   9|          2|   32|         64|
    |logits_buf_2_0   |   9|          2|   32|         64|
    |logits_buf_2_1   |   9|          2|   32|         64|
    |logits_buf_2_10  |   9|          2|   32|         64|
    |logits_buf_2_11  |   9|          2|   32|         64|
    |logits_buf_2_12  |   9|          2|   32|         64|
    |logits_buf_2_13  |   9|          2|   32|         64|
    |logits_buf_2_14  |   9|          2|   32|         64|
    |logits_buf_2_15  |   9|          2|   32|         64|
    |logits_buf_2_16  |   9|          2|   32|         64|
    |logits_buf_2_17  |   9|          2|   32|         64|
    |logits_buf_2_18  |   9|          2|   32|         64|
    |logits_buf_2_19  |   9|          2|   32|         64|
    |logits_buf_2_2   |   9|          2|   32|         64|
    |logits_buf_2_20  |   9|          2|   32|         64|
    |logits_buf_2_21  |   9|          2|   32|         64|
    |logits_buf_2_22  |   9|          2|   32|         64|
    |logits_buf_2_23  |   9|          2|   32|         64|
    |logits_buf_2_24  |   9|          2|   32|         64|
    |logits_buf_2_25  |   9|          2|   32|         64|
    |logits_buf_2_26  |   9|          2|   32|         64|
    |logits_buf_2_27  |   9|          2|   32|         64|
    |logits_buf_2_28  |   9|          2|   32|         64|
    |logits_buf_2_29  |   9|          2|   32|         64|
    |logits_buf_2_3   |   9|          2|   32|         64|
    |logits_buf_2_30  |   9|          2|   32|         64|
    |logits_buf_2_31  |   9|          2|   32|         64|
    |logits_buf_2_32  |   9|          2|   32|         64|
    |logits_buf_2_33  |   9|          2|   32|         64|
    |logits_buf_2_34  |   9|          2|   32|         64|
    |logits_buf_2_35  |   9|          2|   32|         64|
    |logits_buf_2_36  |   9|          2|   32|         64|
    |logits_buf_2_37  |   9|          2|   32|         64|
    |logits_buf_2_38  |   9|          2|   32|         64|
    |logits_buf_2_39  |   9|          2|   32|         64|
    |logits_buf_2_4   |   9|          2|   32|         64|
    |logits_buf_2_40  |   9|          2|   32|         64|
    |logits_buf_2_41  |   9|          2|   32|         64|
    |logits_buf_2_42  |   9|          2|   32|         64|
    |logits_buf_2_43  |   9|          2|   32|         64|
    |logits_buf_2_44  |   9|          2|   32|         64|
    |logits_buf_2_45  |   9|          2|   32|         64|
    |logits_buf_2_46  |   9|          2|   32|         64|
    |logits_buf_2_47  |   9|          2|   32|         64|
    |logits_buf_2_48  |   9|          2|   32|         64|
    |logits_buf_2_49  |   9|          2|   32|         64|
    |logits_buf_2_5   |   9|          2|   32|         64|
    |logits_buf_2_50  |   9|          2|   32|         64|
    |logits_buf_2_51  |   9|          2|   32|         64|
    |logits_buf_2_52  |   9|          2|   32|         64|
    |logits_buf_2_53  |   9|          2|   32|         64|
    |logits_buf_2_54  |   9|          2|   32|         64|
    |logits_buf_2_55  |   9|          2|   32|         64|
    |logits_buf_2_56  |   9|          2|   32|         64|
    |logits_buf_2_57  |   9|          2|   32|         64|
    |logits_buf_2_58  |   9|          2|   32|         64|
    |logits_buf_2_59  |   9|          2|   32|         64|
    |logits_buf_2_6   |   9|          2|   32|         64|
    |logits_buf_2_60  |   9|          2|   32|         64|
    |logits_buf_2_61  |   9|          2|   32|         64|
    |logits_buf_2_62  |   9|          2|   32|         64|
    |logits_buf_2_63  |   9|          2|   32|         64|
    |logits_buf_2_7   |   9|          2|   32|         64|
    |logits_buf_2_8   |   9|          2|   32|         64|
    |logits_buf_2_9   |   9|          2|   32|         64|
    |logits_buf_3_0   |   9|          2|   32|         64|
    |logits_buf_3_1   |   9|          2|   32|         64|
    |logits_buf_3_10  |   9|          2|   32|         64|
    |logits_buf_3_11  |   9|          2|   32|         64|
    |logits_buf_3_12  |   9|          2|   32|         64|
    |logits_buf_3_13  |   9|          2|   32|         64|
    |logits_buf_3_14  |   9|          2|   32|         64|
    |logits_buf_3_15  |   9|          2|   32|         64|
    |logits_buf_3_16  |   9|          2|   32|         64|
    |logits_buf_3_17  |   9|          2|   32|         64|
    |logits_buf_3_18  |   9|          2|   32|         64|
    |logits_buf_3_19  |   9|          2|   32|         64|
    |logits_buf_3_2   |   9|          2|   32|         64|
    |logits_buf_3_20  |   9|          2|   32|         64|
    |logits_buf_3_21  |   9|          2|   32|         64|
    |logits_buf_3_22  |   9|          2|   32|         64|
    |logits_buf_3_23  |   9|          2|   32|         64|
    |logits_buf_3_24  |   9|          2|   32|         64|
    |logits_buf_3_25  |   9|          2|   32|         64|
    |logits_buf_3_26  |   9|          2|   32|         64|
    |logits_buf_3_27  |   9|          2|   32|         64|
    |logits_buf_3_28  |   9|          2|   32|         64|
    |logits_buf_3_29  |   9|          2|   32|         64|
    |logits_buf_3_3   |   9|          2|   32|         64|
    |logits_buf_3_30  |   9|          2|   32|         64|
    |logits_buf_3_31  |   9|          2|   32|         64|
    |logits_buf_3_32  |   9|          2|   32|         64|
    |logits_buf_3_33  |   9|          2|   32|         64|
    |logits_buf_3_34  |   9|          2|   32|         64|
    |logits_buf_3_35  |   9|          2|   32|         64|
    |logits_buf_3_36  |   9|          2|   32|         64|
    |logits_buf_3_37  |   9|          2|   32|         64|
    |logits_buf_3_38  |   9|          2|   32|         64|
    |logits_buf_3_39  |   9|          2|   32|         64|
    |logits_buf_3_4   |   9|          2|   32|         64|
    |logits_buf_3_40  |   9|          2|   32|         64|
    |logits_buf_3_41  |   9|          2|   32|         64|
    |logits_buf_3_42  |   9|          2|   32|         64|
    |logits_buf_3_43  |   9|          2|   32|         64|
    |logits_buf_3_44  |   9|          2|   32|         64|
    |logits_buf_3_45  |   9|          2|   32|         64|
    |logits_buf_3_46  |   9|          2|   32|         64|
    |logits_buf_3_47  |   9|          2|   32|         64|
    |logits_buf_3_48  |   9|          2|   32|         64|
    |logits_buf_3_49  |   9|          2|   32|         64|
    |logits_buf_3_5   |   9|          2|   32|         64|
    |logits_buf_3_50  |   9|          2|   32|         64|
    |logits_buf_3_51  |   9|          2|   32|         64|
    |logits_buf_3_52  |   9|          2|   32|         64|
    |logits_buf_3_53  |   9|          2|   32|         64|
    |logits_buf_3_54  |   9|          2|   32|         64|
    |logits_buf_3_55  |   9|          2|   32|         64|
    |logits_buf_3_56  |   9|          2|   32|         64|
    |logits_buf_3_57  |   9|          2|   32|         64|
    |logits_buf_3_58  |   9|          2|   32|         64|
    |logits_buf_3_59  |   9|          2|   32|         64|
    |logits_buf_3_6   |   9|          2|   32|         64|
    |logits_buf_3_60  |   9|          2|   32|         64|
    |logits_buf_3_61  |   9|          2|   32|         64|
    |logits_buf_3_62  |   9|          2|   32|         64|
    |logits_buf_3_63  |   9|          2|   32|         64|
    |logits_buf_3_7   |   9|          2|   32|         64|
    |logits_buf_3_8   |   9|          2|   32|         64|
    |logits_buf_3_9   |   9|          2|   32|         64|
    +-----------------+----+-----------+-----+-----------+
    |Total            |2324|        516| 8193|      16388|
    +-----------------+----+-----------+-----+-----------+

    * Register: 
    +---------------------------------------------------------------------+----+----+-----+-----------+
    |                                 Name                                | FF | LUT| Bits| Const Bits|
    +---------------------------------------------------------------------+----+----+-----+-----------+
    |ap_CS_fsm                                                            |   3|   0|    3|          0|
    |grp_load_logits_and_find_max_Pipeline_load_loop_fu_568_ap_start_reg  |   1|   0|    1|          0|
    |logits_buf_0_0_reg                                                   |  32|   0|   32|          0|
    |logits_buf_0_10_reg                                                  |  32|   0|   32|          0|
    |logits_buf_0_11_reg                                                  |  32|   0|   32|          0|
    |logits_buf_0_12_reg                                                  |  32|   0|   32|          0|
    |logits_buf_0_13_reg                                                  |  32|   0|   32|          0|
    |logits_buf_0_14_reg                                                  |  32|   0|   32|          0|
    |logits_buf_0_15_reg                                                  |  32|   0|   32|          0|
    |logits_buf_0_16_reg                                                  |  32|   0|   32|          0|
    |logits_buf_0_17_reg                                                  |  32|   0|   32|          0|
    |logits_buf_0_18_reg                                                  |  32|   0|   32|          0|
    |logits_buf_0_19_reg                                                  |  32|   0|   32|          0|
    |logits_buf_0_1_reg                                                   |  32|   0|   32|          0|
    |logits_buf_0_20_reg                                                  |  32|   0|   32|          0|
    |logits_buf_0_21_reg                                                  |  32|   0|   32|          0|
    |logits_buf_0_22_reg                                                  |  32|   0|   32|          0|
    |logits_buf_0_23_reg                                                  |  32|   0|   32|          0|
    |logits_buf_0_24_reg                                                  |  32|   0|   32|          0|
    |logits_buf_0_25_reg                                                  |  32|   0|   32|          0|
    |logits_buf_0_26_reg                                                  |  32|   0|   32|          0|
    |logits_buf_0_27_reg                                                  |  32|   0|   32|          0|
    |logits_buf_0_28_reg                                                  |  32|   0|   32|          0|
    |logits_buf_0_29_reg                                                  |  32|   0|   32|          0|
    |logits_buf_0_2_reg                                                   |  32|   0|   32|          0|
    |logits_buf_0_30_reg                                                  |  32|   0|   32|          0|
    |logits_buf_0_31_reg                                                  |  32|   0|   32|          0|
    |logits_buf_0_32_reg                                                  |  32|   0|   32|          0|
    |logits_buf_0_33_reg                                                  |  32|   0|   32|          0|
    |logits_buf_0_34_reg                                                  |  32|   0|   32|          0|
    |logits_buf_0_35_reg                                                  |  32|   0|   32|          0|
    |logits_buf_0_36_reg                                                  |  32|   0|   32|          0|
    |logits_buf_0_37_reg                                                  |  32|   0|   32|          0|
    |logits_buf_0_38_reg                                                  |  32|   0|   32|          0|
    |logits_buf_0_39_reg                                                  |  32|   0|   32|          0|
    |logits_buf_0_3_reg                                                   |  32|   0|   32|          0|
    |logits_buf_0_40_reg                                                  |  32|   0|   32|          0|
    |logits_buf_0_41_reg                                                  |  32|   0|   32|          0|
    |logits_buf_0_42_reg                                                  |  32|   0|   32|          0|
    |logits_buf_0_43_reg                                                  |  32|   0|   32|          0|
    |logits_buf_0_44_reg                                                  |  32|   0|   32|          0|
    |logits_buf_0_45_reg                                                  |  32|   0|   32|          0|
    |logits_buf_0_46_reg                                                  |  32|   0|   32|          0|
    |logits_buf_0_47_reg                                                  |  32|   0|   32|          0|
    |logits_buf_0_48_reg                                                  |  32|   0|   32|          0|
    |logits_buf_0_49_reg                                                  |  32|   0|   32|          0|
    |logits_buf_0_4_reg                                                   |  32|   0|   32|          0|
    |logits_buf_0_50_reg                                                  |  32|   0|   32|          0|
    |logits_buf_0_51_reg                                                  |  32|   0|   32|          0|
    |logits_buf_0_52_reg                                                  |  32|   0|   32|          0|
    |logits_buf_0_53_reg                                                  |  32|   0|   32|          0|
    |logits_buf_0_54_reg                                                  |  32|   0|   32|          0|
    |logits_buf_0_55_reg                                                  |  32|   0|   32|          0|
    |logits_buf_0_56_reg                                                  |  32|   0|   32|          0|
    |logits_buf_0_57_reg                                                  |  32|   0|   32|          0|
    |logits_buf_0_58_reg                                                  |  32|   0|   32|          0|
    |logits_buf_0_59_reg                                                  |  32|   0|   32|          0|
    |logits_buf_0_5_reg                                                   |  32|   0|   32|          0|
    |logits_buf_0_60_reg                                                  |  32|   0|   32|          0|
    |logits_buf_0_61_reg                                                  |  32|   0|   32|          0|
    |logits_buf_0_62_reg                                                  |  32|   0|   32|          0|
    |logits_buf_0_63_reg                                                  |  32|   0|   32|          0|
    |logits_buf_0_6_reg                                                   |  32|   0|   32|          0|
    |logits_buf_0_7_reg                                                   |  32|   0|   32|          0|
    |logits_buf_0_8_reg                                                   |  32|   0|   32|          0|
    |logits_buf_0_9_reg                                                   |  32|   0|   32|          0|
    |logits_buf_1_0_reg                                                   |  32|   0|   32|          0|
    |logits_buf_1_10_reg                                                  |  32|   0|   32|          0|
    |logits_buf_1_11_reg                                                  |  32|   0|   32|          0|
    |logits_buf_1_12_reg                                                  |  32|   0|   32|          0|
    |logits_buf_1_13_reg                                                  |  32|   0|   32|          0|
    |logits_buf_1_14_reg                                                  |  32|   0|   32|          0|
    |logits_buf_1_15_reg                                                  |  32|   0|   32|          0|
    |logits_buf_1_16_reg                                                  |  32|   0|   32|          0|
    |logits_buf_1_17_reg                                                  |  32|   0|   32|          0|
    |logits_buf_1_18_reg                                                  |  32|   0|   32|          0|
    |logits_buf_1_19_reg                                                  |  32|   0|   32|          0|
    |logits_buf_1_1_reg                                                   |  32|   0|   32|          0|
    |logits_buf_1_20_reg                                                  |  32|   0|   32|          0|
    |logits_buf_1_21_reg                                                  |  32|   0|   32|          0|
    |logits_buf_1_22_reg                                                  |  32|   0|   32|          0|
    |logits_buf_1_23_reg                                                  |  32|   0|   32|          0|
    |logits_buf_1_24_reg                                                  |  32|   0|   32|          0|
    |logits_buf_1_25_reg                                                  |  32|   0|   32|          0|
    |logits_buf_1_26_reg                                                  |  32|   0|   32|          0|
    |logits_buf_1_27_reg                                                  |  32|   0|   32|          0|
    |logits_buf_1_28_reg                                                  |  32|   0|   32|          0|
    |logits_buf_1_29_reg                                                  |  32|   0|   32|          0|
    |logits_buf_1_2_reg                                                   |  32|   0|   32|          0|
    |logits_buf_1_30_reg                                                  |  32|   0|   32|          0|
    |logits_buf_1_31_reg                                                  |  32|   0|   32|          0|
    |logits_buf_1_32_reg                                                  |  32|   0|   32|          0|
    |logits_buf_1_33_reg                                                  |  32|   0|   32|          0|
    |logits_buf_1_34_reg                                                  |  32|   0|   32|          0|
    |logits_buf_1_35_reg                                                  |  32|   0|   32|          0|
    |logits_buf_1_36_reg                                                  |  32|   0|   32|          0|
    |logits_buf_1_37_reg                                                  |  32|   0|   32|          0|
    |logits_buf_1_38_reg                                                  |  32|   0|   32|          0|
    |logits_buf_1_39_reg                                                  |  32|   0|   32|          0|
    |logits_buf_1_3_reg                                                   |  32|   0|   32|          0|
    |logits_buf_1_40_reg                                                  |  32|   0|   32|          0|
    |logits_buf_1_41_reg                                                  |  32|   0|   32|          0|
    |logits_buf_1_42_reg                                                  |  32|   0|   32|          0|
    |logits_buf_1_43_reg                                                  |  32|   0|   32|          0|
    |logits_buf_1_44_reg                                                  |  32|   0|   32|          0|
    |logits_buf_1_45_reg                                                  |  32|   0|   32|          0|
    |logits_buf_1_46_reg                                                  |  32|   0|   32|          0|
    |logits_buf_1_47_reg                                                  |  32|   0|   32|          0|
    |logits_buf_1_48_reg                                                  |  32|   0|   32|          0|
    |logits_buf_1_49_reg                                                  |  32|   0|   32|          0|
    |logits_buf_1_4_reg                                                   |  32|   0|   32|          0|
    |logits_buf_1_50_reg                                                  |  32|   0|   32|          0|
    |logits_buf_1_51_reg                                                  |  32|   0|   32|          0|
    |logits_buf_1_52_reg                                                  |  32|   0|   32|          0|
    |logits_buf_1_53_reg                                                  |  32|   0|   32|          0|
    |logits_buf_1_54_reg                                                  |  32|   0|   32|          0|
    |logits_buf_1_55_reg                                                  |  32|   0|   32|          0|
    |logits_buf_1_56_reg                                                  |  32|   0|   32|          0|
    |logits_buf_1_57_reg                                                  |  32|   0|   32|          0|
    |logits_buf_1_58_reg                                                  |  32|   0|   32|          0|
    |logits_buf_1_59_reg                                                  |  32|   0|   32|          0|
    |logits_buf_1_5_reg                                                   |  32|   0|   32|          0|
    |logits_buf_1_60_reg                                                  |  32|   0|   32|          0|
    |logits_buf_1_61_reg                                                  |  32|   0|   32|          0|
    |logits_buf_1_62_reg                                                  |  32|   0|   32|          0|
    |logits_buf_1_63_reg                                                  |  32|   0|   32|          0|
    |logits_buf_1_6_reg                                                   |  32|   0|   32|          0|
    |logits_buf_1_7_reg                                                   |  32|   0|   32|          0|
    |logits_buf_1_8_reg                                                   |  32|   0|   32|          0|
    |logits_buf_1_9_reg                                                   |  32|   0|   32|          0|
    |logits_buf_2_0_reg                                                   |  32|   0|   32|          0|
    |logits_buf_2_10_reg                                                  |  32|   0|   32|          0|
    |logits_buf_2_11_reg                                                  |  32|   0|   32|          0|
    |logits_buf_2_12_reg                                                  |  32|   0|   32|          0|
    |logits_buf_2_13_reg                                                  |  32|   0|   32|          0|
    |logits_buf_2_14_reg                                                  |  32|   0|   32|          0|
    |logits_buf_2_15_reg                                                  |  32|   0|   32|          0|
    |logits_buf_2_16_reg                                                  |  32|   0|   32|          0|
    |logits_buf_2_17_reg                                                  |  32|   0|   32|          0|
    |logits_buf_2_18_reg                                                  |  32|   0|   32|          0|
    |logits_buf_2_19_reg                                                  |  32|   0|   32|          0|
    |logits_buf_2_1_reg                                                   |  32|   0|   32|          0|
    |logits_buf_2_20_reg                                                  |  32|   0|   32|          0|
    |logits_buf_2_21_reg                                                  |  32|   0|   32|          0|
    |logits_buf_2_22_reg                                                  |  32|   0|   32|          0|
    |logits_buf_2_23_reg                                                  |  32|   0|   32|          0|
    |logits_buf_2_24_reg                                                  |  32|   0|   32|          0|
    |logits_buf_2_25_reg                                                  |  32|   0|   32|          0|
    |logits_buf_2_26_reg                                                  |  32|   0|   32|          0|
    |logits_buf_2_27_reg                                                  |  32|   0|   32|          0|
    |logits_buf_2_28_reg                                                  |  32|   0|   32|          0|
    |logits_buf_2_29_reg                                                  |  32|   0|   32|          0|
    |logits_buf_2_2_reg                                                   |  32|   0|   32|          0|
    |logits_buf_2_30_reg                                                  |  32|   0|   32|          0|
    |logits_buf_2_31_reg                                                  |  32|   0|   32|          0|
    |logits_buf_2_32_reg                                                  |  32|   0|   32|          0|
    |logits_buf_2_33_reg                                                  |  32|   0|   32|          0|
    |logits_buf_2_34_reg                                                  |  32|   0|   32|          0|
    |logits_buf_2_35_reg                                                  |  32|   0|   32|          0|
    |logits_buf_2_36_reg                                                  |  32|   0|   32|          0|
    |logits_buf_2_37_reg                                                  |  32|   0|   32|          0|
    |logits_buf_2_38_reg                                                  |  32|   0|   32|          0|
    |logits_buf_2_39_reg                                                  |  32|   0|   32|          0|
    |logits_buf_2_3_reg                                                   |  32|   0|   32|          0|
    |logits_buf_2_40_reg                                                  |  32|   0|   32|          0|
    |logits_buf_2_41_reg                                                  |  32|   0|   32|          0|
    |logits_buf_2_42_reg                                                  |  32|   0|   32|          0|
    |logits_buf_2_43_reg                                                  |  32|   0|   32|          0|
    |logits_buf_2_44_reg                                                  |  32|   0|   32|          0|
    |logits_buf_2_45_reg                                                  |  32|   0|   32|          0|
    |logits_buf_2_46_reg                                                  |  32|   0|   32|          0|
    |logits_buf_2_47_reg                                                  |  32|   0|   32|          0|
    |logits_buf_2_48_reg                                                  |  32|   0|   32|          0|
    |logits_buf_2_49_reg                                                  |  32|   0|   32|          0|
    |logits_buf_2_4_reg                                                   |  32|   0|   32|          0|
    |logits_buf_2_50_reg                                                  |  32|   0|   32|          0|
    |logits_buf_2_51_reg                                                  |  32|   0|   32|          0|
    |logits_buf_2_52_reg                                                  |  32|   0|   32|          0|
    |logits_buf_2_53_reg                                                  |  32|   0|   32|          0|
    |logits_buf_2_54_reg                                                  |  32|   0|   32|          0|
    |logits_buf_2_55_reg                                                  |  32|   0|   32|          0|
    |logits_buf_2_56_reg                                                  |  32|   0|   32|          0|
    |logits_buf_2_57_reg                                                  |  32|   0|   32|          0|
    |logits_buf_2_58_reg                                                  |  32|   0|   32|          0|
    |logits_buf_2_59_reg                                                  |  32|   0|   32|          0|
    |logits_buf_2_5_reg                                                   |  32|   0|   32|          0|
    |logits_buf_2_60_reg                                                  |  32|   0|   32|          0|
    |logits_buf_2_61_reg                                                  |  32|   0|   32|          0|
    |logits_buf_2_62_reg                                                  |  32|   0|   32|          0|
    |logits_buf_2_63_reg                                                  |  32|   0|   32|          0|
    |logits_buf_2_6_reg                                                   |  32|   0|   32|          0|
    |logits_buf_2_7_reg                                                   |  32|   0|   32|          0|
    |logits_buf_2_8_reg                                                   |  32|   0|   32|          0|
    |logits_buf_2_9_reg                                                   |  32|   0|   32|          0|
    |logits_buf_3_0_reg                                                   |  32|   0|   32|          0|
    |logits_buf_3_10_reg                                                  |  32|   0|   32|          0|
    |logits_buf_3_11_reg                                                  |  32|   0|   32|          0|
    |logits_buf_3_12_reg                                                  |  32|   0|   32|          0|
    |logits_buf_3_13_reg                                                  |  32|   0|   32|          0|
    |logits_buf_3_14_reg                                                  |  32|   0|   32|          0|
    |logits_buf_3_15_reg                                                  |  32|   0|   32|          0|
    |logits_buf_3_16_reg                                                  |  32|   0|   32|          0|
    |logits_buf_3_17_reg                                                  |  32|   0|   32|          0|
    |logits_buf_3_18_reg                                                  |  32|   0|   32|          0|
    |logits_buf_3_19_reg                                                  |  32|   0|   32|          0|
    |logits_buf_3_1_reg                                                   |  32|   0|   32|          0|
    |logits_buf_3_20_reg                                                  |  32|   0|   32|          0|
    |logits_buf_3_21_reg                                                  |  32|   0|   32|          0|
    |logits_buf_3_22_reg                                                  |  32|   0|   32|          0|
    |logits_buf_3_23_reg                                                  |  32|   0|   32|          0|
    |logits_buf_3_24_reg                                                  |  32|   0|   32|          0|
    |logits_buf_3_25_reg                                                  |  32|   0|   32|          0|
    |logits_buf_3_26_reg                                                  |  32|   0|   32|          0|
    |logits_buf_3_27_reg                                                  |  32|   0|   32|          0|
    |logits_buf_3_28_reg                                                  |  32|   0|   32|          0|
    |logits_buf_3_29_reg                                                  |  32|   0|   32|          0|
    |logits_buf_3_2_reg                                                   |  32|   0|   32|          0|
    |logits_buf_3_30_reg                                                  |  32|   0|   32|          0|
    |logits_buf_3_31_reg                                                  |  32|   0|   32|          0|
    |logits_buf_3_32_reg                                                  |  32|   0|   32|          0|
    |logits_buf_3_33_reg                                                  |  32|   0|   32|          0|
    |logits_buf_3_34_reg                                                  |  32|   0|   32|          0|
    |logits_buf_3_35_reg                                                  |  32|   0|   32|          0|
    |logits_buf_3_36_reg                                                  |  32|   0|   32|          0|
    |logits_buf_3_37_reg                                                  |  32|   0|   32|          0|
    |logits_buf_3_38_reg                                                  |  32|   0|   32|          0|
    |logits_buf_3_39_reg                                                  |  32|   0|   32|          0|
    |logits_buf_3_3_reg                                                   |  32|   0|   32|          0|
    |logits_buf_3_40_reg                                                  |  32|   0|   32|          0|
    |logits_buf_3_41_reg                                                  |  32|   0|   32|          0|
    |logits_buf_3_42_reg                                                  |  32|   0|   32|          0|
    |logits_buf_3_43_reg                                                  |  32|   0|   32|          0|
    |logits_buf_3_44_reg                                                  |  32|   0|   32|          0|
    |logits_buf_3_45_reg                                                  |  32|   0|   32|          0|
    |logits_buf_3_46_reg                                                  |  32|   0|   32|          0|
    |logits_buf_3_47_reg                                                  |  32|   0|   32|          0|
    |logits_buf_3_48_reg                                                  |  32|   0|   32|          0|
    |logits_buf_3_49_reg                                                  |  32|   0|   32|          0|
    |logits_buf_3_4_reg                                                   |  32|   0|   32|          0|
    |logits_buf_3_50_reg                                                  |  32|   0|   32|          0|
    |logits_buf_3_51_reg                                                  |  32|   0|   32|          0|
    |logits_buf_3_52_reg                                                  |  32|   0|   32|          0|
    |logits_buf_3_53_reg                                                  |  32|   0|   32|          0|
    |logits_buf_3_54_reg                                                  |  32|   0|   32|          0|
    |logits_buf_3_55_reg                                                  |  32|   0|   32|          0|
    |logits_buf_3_56_reg                                                  |  32|   0|   32|          0|
    |logits_buf_3_57_reg                                                  |  32|   0|   32|          0|
    |logits_buf_3_58_reg                                                  |  32|   0|   32|          0|
    |logits_buf_3_59_reg                                                  |  32|   0|   32|          0|
    |logits_buf_3_5_reg                                                   |  32|   0|   32|          0|
    |logits_buf_3_60_reg                                                  |  32|   0|   32|          0|
    |logits_buf_3_61_reg                                                  |  32|   0|   32|          0|
    |logits_buf_3_62_reg                                                  |  32|   0|   32|          0|
    |logits_buf_3_63_reg                                                  |  32|   0|   32|          0|
    |logits_buf_3_6_reg                                                   |  32|   0|   32|          0|
    |logits_buf_3_7_reg                                                   |  32|   0|   32|          0|
    |logits_buf_3_8_reg                                                   |  32|   0|   32|          0|
    |logits_buf_3_9_reg                                                   |  32|   0|   32|          0|
    |trunc_ln_reg_1128                                                    |   7|   0|    7|          0|
    +---------------------------------------------------------------------+----+----+-----+-----------+
    |Total                                                                |8203|   0| 8203|          0|
    +---------------------------------------------------------------------+----+----+-----+-----------+



================================================================
== Interface
================================================================
* Summary: 
+------------------------+-----+-----+------------+--------------------------+--------------+
|        RTL Ports       | Dir | Bits|  Protocol  |       Source Object      |    C Type    |
+------------------------+-----+-----+------------+--------------------------+--------------+
|ap_clk                  |   in|    1|  ap_ctrl_hs|  load_logits_and_find_max|  return value|
|ap_rst                  |   in|    1|  ap_ctrl_hs|  load_logits_and_find_max|  return value|
|ap_start                |   in|    1|  ap_ctrl_hs|  load_logits_and_find_max|  return value|
|ap_done                 |  out|    1|  ap_ctrl_hs|  load_logits_and_find_max|  return value|
|ap_idle                 |  out|    1|  ap_ctrl_hs|  load_logits_and_find_max|  return value|
|ap_ready                |  out|    1|  ap_ctrl_hs|  load_logits_and_find_max|  return value|
|ap_return               |  out|   32|  ap_ctrl_hs|  load_logits_and_find_max|  return value|
|mem_address0            |  out|   14|   ap_memory|                       mem|         array|
|mem_ce0                 |  out|    1|   ap_memory|                       mem|         array|
|mem_q0                  |   in|  128|   ap_memory|                       mem|         array|
|in_l                    |   in|   14|     ap_none|                      in_l|        scalar|
|n                       |   in|    9|     ap_none|                         n|        scalar|
|logits_buf_0_0          |  out|   32|      ap_vld|            logits_buf_0_0|       pointer|
|logits_buf_0_0_ap_vld   |  out|    1|      ap_vld|            logits_buf_0_0|       pointer|
|logits_buf_0_1          |  out|   32|      ap_vld|            logits_buf_0_1|       pointer|
|logits_buf_0_1_ap_vld   |  out|    1|      ap_vld|            logits_buf_0_1|       pointer|
|logits_buf_0_2          |  out|   32|      ap_vld|            logits_buf_0_2|       pointer|
|logits_buf_0_2_ap_vld   |  out|    1|      ap_vld|            logits_buf_0_2|       pointer|
|logits_buf_0_3          |  out|   32|      ap_vld|            logits_buf_0_3|       pointer|
|logits_buf_0_3_ap_vld   |  out|    1|      ap_vld|            logits_buf_0_3|       pointer|
|logits_buf_0_4          |  out|   32|      ap_vld|            logits_buf_0_4|       pointer|
|logits_buf_0_4_ap_vld   |  out|    1|      ap_vld|            logits_buf_0_4|       pointer|
|logits_buf_0_5          |  out|   32|      ap_vld|            logits_buf_0_5|       pointer|
|logits_buf_0_5_ap_vld   |  out|    1|      ap_vld|            logits_buf_0_5|       pointer|
|logits_buf_0_6          |  out|   32|      ap_vld|            logits_buf_0_6|       pointer|
|logits_buf_0_6_ap_vld   |  out|    1|      ap_vld|            logits_buf_0_6|       pointer|
|logits_buf_0_7          |  out|   32|      ap_vld|            logits_buf_0_7|       pointer|
|logits_buf_0_7_ap_vld   |  out|    1|      ap_vld|            logits_buf_0_7|       pointer|
|logits_buf_0_8          |  out|   32|      ap_vld|            logits_buf_0_8|       pointer|
|logits_buf_0_8_ap_vld   |  out|    1|      ap_vld|            logits_buf_0_8|       pointer|
|logits_buf_0_9          |  out|   32|      ap_vld|            logits_buf_0_9|       pointer|
|logits_buf_0_9_ap_vld   |  out|    1|      ap_vld|            logits_buf_0_9|       pointer|
|logits_buf_0_10         |  out|   32|      ap_vld|           logits_buf_0_10|       pointer|
|logits_buf_0_10_ap_vld  |  out|    1|      ap_vld|           logits_buf_0_10|       pointer|
|logits_buf_0_11         |  out|   32|      ap_vld|           logits_buf_0_11|       pointer|
|logits_buf_0_11_ap_vld  |  out|    1|      ap_vld|           logits_buf_0_11|       pointer|
|logits_buf_0_12         |  out|   32|      ap_vld|           logits_buf_0_12|       pointer|
|logits_buf_0_12_ap_vld  |  out|    1|      ap_vld|           logits_buf_0_12|       pointer|
|logits_buf_0_13         |  out|   32|      ap_vld|           logits_buf_0_13|       pointer|
|logits_buf_0_13_ap_vld  |  out|    1|      ap_vld|           logits_buf_0_13|       pointer|
|logits_buf_0_14         |  out|   32|      ap_vld|           logits_buf_0_14|       pointer|
|logits_buf_0_14_ap_vld  |  out|    1|      ap_vld|           logits_buf_0_14|       pointer|
|logits_buf_0_15         |  out|   32|      ap_vld|           logits_buf_0_15|       pointer|
|logits_buf_0_15_ap_vld  |  out|    1|      ap_vld|           logits_buf_0_15|       pointer|
|logits_buf_0_16         |  out|   32|      ap_vld|           logits_buf_0_16|       pointer|
|logits_buf_0_16_ap_vld  |  out|    1|      ap_vld|           logits_buf_0_16|       pointer|
|logits_buf_0_17         |  out|   32|      ap_vld|           logits_buf_0_17|       pointer|
|logits_buf_0_17_ap_vld  |  out|    1|      ap_vld|           logits_buf_0_17|       pointer|
|logits_buf_0_18         |  out|   32|      ap_vld|           logits_buf_0_18|       pointer|
|logits_buf_0_18_ap_vld  |  out|    1|      ap_vld|           logits_buf_0_18|       pointer|
|logits_buf_0_19         |  out|   32|      ap_vld|           logits_buf_0_19|       pointer|
|logits_buf_0_19_ap_vld  |  out|    1|      ap_vld|           logits_buf_0_19|       pointer|
|logits_buf_0_20         |  out|   32|      ap_vld|           logits_buf_0_20|       pointer|
|logits_buf_0_20_ap_vld  |  out|    1|      ap_vld|           logits_buf_0_20|       pointer|
|logits_buf_0_21         |  out|   32|      ap_vld|           logits_buf_0_21|       pointer|
|logits_buf_0_21_ap_vld  |  out|    1|      ap_vld|           logits_buf_0_21|       pointer|
|logits_buf_0_22         |  out|   32|      ap_vld|           logits_buf_0_22|       pointer|
|logits_buf_0_22_ap_vld  |  out|    1|      ap_vld|           logits_buf_0_22|       pointer|
|logits_buf_0_23         |  out|   32|      ap_vld|           logits_buf_0_23|       pointer|
|logits_buf_0_23_ap_vld  |  out|    1|      ap_vld|           logits_buf_0_23|       pointer|
|logits_buf_0_24         |  out|   32|      ap_vld|           logits_buf_0_24|       pointer|
|logits_buf_0_24_ap_vld  |  out|    1|      ap_vld|           logits_buf_0_24|       pointer|
|logits_buf_0_25         |  out|   32|      ap_vld|           logits_buf_0_25|       pointer|
|logits_buf_0_25_ap_vld  |  out|    1|      ap_vld|           logits_buf_0_25|       pointer|
|logits_buf_0_26         |  out|   32|      ap_vld|           logits_buf_0_26|       pointer|
|logits_buf_0_26_ap_vld  |  out|    1|      ap_vld|           logits_buf_0_26|       pointer|
|logits_buf_0_27         |  out|   32|      ap_vld|           logits_buf_0_27|       pointer|
|logits_buf_0_27_ap_vld  |  out|    1|      ap_vld|           logits_buf_0_27|       pointer|
|logits_buf_0_28         |  out|   32|      ap_vld|           logits_buf_0_28|       pointer|
|logits_buf_0_28_ap_vld  |  out|    1|      ap_vld|           logits_buf_0_28|       pointer|
|logits_buf_0_29         |  out|   32|      ap_vld|           logits_buf_0_29|       pointer|
|logits_buf_0_29_ap_vld  |  out|    1|      ap_vld|           logits_buf_0_29|       pointer|
|logits_buf_0_30         |  out|   32|      ap_vld|           logits_buf_0_30|       pointer|
|logits_buf_0_30_ap_vld  |  out|    1|      ap_vld|           logits_buf_0_30|       pointer|
|logits_buf_0_31         |  out|   32|      ap_vld|           logits_buf_0_31|       pointer|
|logits_buf_0_31_ap_vld  |  out|    1|      ap_vld|           logits_buf_0_31|       pointer|
|logits_buf_0_32         |  out|   32|      ap_vld|           logits_buf_0_32|       pointer|
|logits_buf_0_32_ap_vld  |  out|    1|      ap_vld|           logits_buf_0_32|       pointer|
|logits_buf_0_33         |  out|   32|      ap_vld|           logits_buf_0_33|       pointer|
|logits_buf_0_33_ap_vld  |  out|    1|      ap_vld|           logits_buf_0_33|       pointer|
|logits_buf_0_34         |  out|   32|      ap_vld|           logits_buf_0_34|       pointer|
|logits_buf_0_34_ap_vld  |  out|    1|      ap_vld|           logits_buf_0_34|       pointer|
|logits_buf_0_35         |  out|   32|      ap_vld|           logits_buf_0_35|       pointer|
|logits_buf_0_35_ap_vld  |  out|    1|      ap_vld|           logits_buf_0_35|       pointer|
|logits_buf_0_36         |  out|   32|      ap_vld|           logits_buf_0_36|       pointer|
|logits_buf_0_36_ap_vld  |  out|    1|      ap_vld|           logits_buf_0_36|       pointer|
|logits_buf_0_37         |  out|   32|      ap_vld|           logits_buf_0_37|       pointer|
|logits_buf_0_37_ap_vld  |  out|    1|      ap_vld|           logits_buf_0_37|       pointer|
|logits_buf_0_38         |  out|   32|      ap_vld|           logits_buf_0_38|       pointer|
|logits_buf_0_38_ap_vld  |  out|    1|      ap_vld|           logits_buf_0_38|       pointer|
|logits_buf_0_39         |  out|   32|      ap_vld|           logits_buf_0_39|       pointer|
|logits_buf_0_39_ap_vld  |  out|    1|      ap_vld|           logits_buf_0_39|       pointer|
|logits_buf_0_40         |  out|   32|      ap_vld|           logits_buf_0_40|       pointer|
|logits_buf_0_40_ap_vld  |  out|    1|      ap_vld|           logits_buf_0_40|       pointer|
|logits_buf_0_41         |  out|   32|      ap_vld|           logits_buf_0_41|       pointer|
|logits_buf_0_41_ap_vld  |  out|    1|      ap_vld|           logits_buf_0_41|       pointer|
|logits_buf_0_42         |  out|   32|      ap_vld|           logits_buf_0_42|       pointer|
|logits_buf_0_42_ap_vld  |  out|    1|      ap_vld|           logits_buf_0_42|       pointer|
|logits_buf_0_43         |  out|   32|      ap_vld|           logits_buf_0_43|       pointer|
|logits_buf_0_43_ap_vld  |  out|    1|      ap_vld|           logits_buf_0_43|       pointer|
|logits_buf_0_44         |  out|   32|      ap_vld|           logits_buf_0_44|       pointer|
|logits_buf_0_44_ap_vld  |  out|    1|      ap_vld|           logits_buf_0_44|       pointer|
|logits_buf_0_45         |  out|   32|      ap_vld|           logits_buf_0_45|       pointer|
|logits_buf_0_45_ap_vld  |  out|    1|      ap_vld|           logits_buf_0_45|       pointer|
|logits_buf_0_46         |  out|   32|      ap_vld|           logits_buf_0_46|       pointer|
|logits_buf_0_46_ap_vld  |  out|    1|      ap_vld|           logits_buf_0_46|       pointer|
|logits_buf_0_47         |  out|   32|      ap_vld|           logits_buf_0_47|       pointer|
|logits_buf_0_47_ap_vld  |  out|    1|      ap_vld|           logits_buf_0_47|       pointer|
|logits_buf_0_48         |  out|   32|      ap_vld|           logits_buf_0_48|       pointer|
|logits_buf_0_48_ap_vld  |  out|    1|      ap_vld|           logits_buf_0_48|       pointer|
|logits_buf_0_49         |  out|   32|      ap_vld|           logits_buf_0_49|       pointer|
|logits_buf_0_49_ap_vld  |  out|    1|      ap_vld|           logits_buf_0_49|       pointer|
|logits_buf_0_50         |  out|   32|      ap_vld|           logits_buf_0_50|       pointer|
|logits_buf_0_50_ap_vld  |  out|    1|      ap_vld|           logits_buf_0_50|       pointer|
|logits_buf_0_51         |  out|   32|      ap_vld|           logits_buf_0_51|       pointer|
|logits_buf_0_51_ap_vld  |  out|    1|      ap_vld|           logits_buf_0_51|       pointer|
|logits_buf_0_52         |  out|   32|      ap_vld|           logits_buf_0_52|       pointer|
|logits_buf_0_52_ap_vld  |  out|    1|      ap_vld|           logits_buf_0_52|       pointer|
|logits_buf_0_53         |  out|   32|      ap_vld|           logits_buf_0_53|       pointer|
|logits_buf_0_53_ap_vld  |  out|    1|      ap_vld|           logits_buf_0_53|       pointer|
|logits_buf_0_54         |  out|   32|      ap_vld|           logits_buf_0_54|       pointer|
|logits_buf_0_54_ap_vld  |  out|    1|      ap_vld|           logits_buf_0_54|       pointer|
|logits_buf_0_55         |  out|   32|      ap_vld|           logits_buf_0_55|       pointer|
|logits_buf_0_55_ap_vld  |  out|    1|      ap_vld|           logits_buf_0_55|       pointer|
|logits_buf_0_56         |  out|   32|      ap_vld|           logits_buf_0_56|       pointer|
|logits_buf_0_56_ap_vld  |  out|    1|      ap_vld|           logits_buf_0_56|       pointer|
|logits_buf_0_57         |  out|   32|      ap_vld|           logits_buf_0_57|       pointer|
|logits_buf_0_57_ap_vld  |  out|    1|      ap_vld|           logits_buf_0_57|       pointer|
|logits_buf_0_58         |  out|   32|      ap_vld|           logits_buf_0_58|       pointer|
|logits_buf_0_58_ap_vld  |  out|    1|      ap_vld|           logits_buf_0_58|       pointer|
|logits_buf_0_59         |  out|   32|      ap_vld|           logits_buf_0_59|       pointer|
|logits_buf_0_59_ap_vld  |  out|    1|      ap_vld|           logits_buf_0_59|       pointer|
|logits_buf_0_60         |  out|   32|      ap_vld|           logits_buf_0_60|       pointer|
|logits_buf_0_60_ap_vld  |  out|    1|      ap_vld|           logits_buf_0_60|       pointer|
|logits_buf_0_61         |  out|   32|      ap_vld|           logits_buf_0_61|       pointer|
|logits_buf_0_61_ap_vld  |  out|    1|      ap_vld|           logits_buf_0_61|       pointer|
|logits_buf_0_62         |  out|   32|      ap_vld|           logits_buf_0_62|       pointer|
|logits_buf_0_62_ap_vld  |  out|    1|      ap_vld|           logits_buf_0_62|       pointer|
|logits_buf_0_63         |  out|   32|      ap_vld|           logits_buf_0_63|       pointer|
|logits_buf_0_63_ap_vld  |  out|    1|      ap_vld|           logits_buf_0_63|       pointer|
|logits_buf_1_0          |  out|   32|      ap_vld|            logits_buf_1_0|       pointer|
|logits_buf_1_0_ap_vld   |  out|    1|      ap_vld|            logits_buf_1_0|       pointer|
|logits_buf_1_1          |  out|   32|      ap_vld|            logits_buf_1_1|       pointer|
|logits_buf_1_1_ap_vld   |  out|    1|      ap_vld|            logits_buf_1_1|       pointer|
|logits_buf_1_2          |  out|   32|      ap_vld|            logits_buf_1_2|       pointer|
|logits_buf_1_2_ap_vld   |  out|    1|      ap_vld|            logits_buf_1_2|       pointer|
|logits_buf_1_3          |  out|   32|      ap_vld|            logits_buf_1_3|       pointer|
|logits_buf_1_3_ap_vld   |  out|    1|      ap_vld|            logits_buf_1_3|       pointer|
|logits_buf_1_4          |  out|   32|      ap_vld|            logits_buf_1_4|       pointer|
|logits_buf_1_4_ap_vld   |  out|    1|      ap_vld|            logits_buf_1_4|       pointer|
|logits_buf_1_5          |  out|   32|      ap_vld|            logits_buf_1_5|       pointer|
|logits_buf_1_5_ap_vld   |  out|    1|      ap_vld|            logits_buf_1_5|       pointer|
|logits_buf_1_6          |  out|   32|      ap_vld|            logits_buf_1_6|       pointer|
|logits_buf_1_6_ap_vld   |  out|    1|      ap_vld|            logits_buf_1_6|       pointer|
|logits_buf_1_7          |  out|   32|      ap_vld|            logits_buf_1_7|       pointer|
|logits_buf_1_7_ap_vld   |  out|    1|      ap_vld|            logits_buf_1_7|       pointer|
|logits_buf_1_8          |  out|   32|      ap_vld|            logits_buf_1_8|       pointer|
|logits_buf_1_8_ap_vld   |  out|    1|      ap_vld|            logits_buf_1_8|       pointer|
|logits_buf_1_9          |  out|   32|      ap_vld|            logits_buf_1_9|       pointer|
|logits_buf_1_9_ap_vld   |  out|    1|      ap_vld|            logits_buf_1_9|       pointer|
|logits_buf_1_10         |  out|   32|      ap_vld|           logits_buf_1_10|       pointer|
|logits_buf_1_10_ap_vld  |  out|    1|      ap_vld|           logits_buf_1_10|       pointer|
|logits_buf_1_11         |  out|   32|      ap_vld|           logits_buf_1_11|       pointer|
|logits_buf_1_11_ap_vld  |  out|    1|      ap_vld|           logits_buf_1_11|       pointer|
|logits_buf_1_12         |  out|   32|      ap_vld|           logits_buf_1_12|       pointer|
|logits_buf_1_12_ap_vld  |  out|    1|      ap_vld|           logits_buf_1_12|       pointer|
|logits_buf_1_13         |  out|   32|      ap_vld|           logits_buf_1_13|       pointer|
|logits_buf_1_13_ap_vld  |  out|    1|      ap_vld|           logits_buf_1_13|       pointer|
|logits_buf_1_14         |  out|   32|      ap_vld|           logits_buf_1_14|       pointer|
|logits_buf_1_14_ap_vld  |  out|    1|      ap_vld|           logits_buf_1_14|       pointer|
|logits_buf_1_15         |  out|   32|      ap_vld|           logits_buf_1_15|       pointer|
|logits_buf_1_15_ap_vld  |  out|    1|      ap_vld|           logits_buf_1_15|       pointer|
|logits_buf_1_16         |  out|   32|      ap_vld|           logits_buf_1_16|       pointer|
|logits_buf_1_16_ap_vld  |  out|    1|      ap_vld|           logits_buf_1_16|       pointer|
|logits_buf_1_17         |  out|   32|      ap_vld|           logits_buf_1_17|       pointer|
|logits_buf_1_17_ap_vld  |  out|    1|      ap_vld|           logits_buf_1_17|       pointer|
|logits_buf_1_18         |  out|   32|      ap_vld|           logits_buf_1_18|       pointer|
|logits_buf_1_18_ap_vld  |  out|    1|      ap_vld|           logits_buf_1_18|       pointer|
|logits_buf_1_19         |  out|   32|      ap_vld|           logits_buf_1_19|       pointer|
|logits_buf_1_19_ap_vld  |  out|    1|      ap_vld|           logits_buf_1_19|       pointer|
|logits_buf_1_20         |  out|   32|      ap_vld|           logits_buf_1_20|       pointer|
|logits_buf_1_20_ap_vld  |  out|    1|      ap_vld|           logits_buf_1_20|       pointer|
|logits_buf_1_21         |  out|   32|      ap_vld|           logits_buf_1_21|       pointer|
|logits_buf_1_21_ap_vld  |  out|    1|      ap_vld|           logits_buf_1_21|       pointer|
|logits_buf_1_22         |  out|   32|      ap_vld|           logits_buf_1_22|       pointer|
|logits_buf_1_22_ap_vld  |  out|    1|      ap_vld|           logits_buf_1_22|       pointer|
|logits_buf_1_23         |  out|   32|      ap_vld|           logits_buf_1_23|       pointer|
|logits_buf_1_23_ap_vld  |  out|    1|      ap_vld|           logits_buf_1_23|       pointer|
|logits_buf_1_24         |  out|   32|      ap_vld|           logits_buf_1_24|       pointer|
|logits_buf_1_24_ap_vld  |  out|    1|      ap_vld|           logits_buf_1_24|       pointer|
|logits_buf_1_25         |  out|   32|      ap_vld|           logits_buf_1_25|       pointer|
|logits_buf_1_25_ap_vld  |  out|    1|      ap_vld|           logits_buf_1_25|       pointer|
|logits_buf_1_26         |  out|   32|      ap_vld|           logits_buf_1_26|       pointer|
|logits_buf_1_26_ap_vld  |  out|    1|      ap_vld|           logits_buf_1_26|       pointer|
|logits_buf_1_27         |  out|   32|      ap_vld|           logits_buf_1_27|       pointer|
|logits_buf_1_27_ap_vld  |  out|    1|      ap_vld|           logits_buf_1_27|       pointer|
|logits_buf_1_28         |  out|   32|      ap_vld|           logits_buf_1_28|       pointer|
|logits_buf_1_28_ap_vld  |  out|    1|      ap_vld|           logits_buf_1_28|       pointer|
|logits_buf_1_29         |  out|   32|      ap_vld|           logits_buf_1_29|       pointer|
|logits_buf_1_29_ap_vld  |  out|    1|      ap_vld|           logits_buf_1_29|       pointer|
|logits_buf_1_30         |  out|   32|      ap_vld|           logits_buf_1_30|       pointer|
|logits_buf_1_30_ap_vld  |  out|    1|      ap_vld|           logits_buf_1_30|       pointer|
|logits_buf_1_31         |  out|   32|      ap_vld|           logits_buf_1_31|       pointer|
|logits_buf_1_31_ap_vld  |  out|    1|      ap_vld|           logits_buf_1_31|       pointer|
|logits_buf_1_32         |  out|   32|      ap_vld|           logits_buf_1_32|       pointer|
|logits_buf_1_32_ap_vld  |  out|    1|      ap_vld|           logits_buf_1_32|       pointer|
|logits_buf_1_33         |  out|   32|      ap_vld|           logits_buf_1_33|       pointer|
|logits_buf_1_33_ap_vld  |  out|    1|      ap_vld|           logits_buf_1_33|       pointer|
|logits_buf_1_34         |  out|   32|      ap_vld|           logits_buf_1_34|       pointer|
|logits_buf_1_34_ap_vld  |  out|    1|      ap_vld|           logits_buf_1_34|       pointer|
|logits_buf_1_35         |  out|   32|      ap_vld|           logits_buf_1_35|       pointer|
|logits_buf_1_35_ap_vld  |  out|    1|      ap_vld|           logits_buf_1_35|       pointer|
|logits_buf_1_36         |  out|   32|      ap_vld|           logits_buf_1_36|       pointer|
|logits_buf_1_36_ap_vld  |  out|    1|      ap_vld|           logits_buf_1_36|       pointer|
|logits_buf_1_37         |  out|   32|      ap_vld|           logits_buf_1_37|       pointer|
|logits_buf_1_37_ap_vld  |  out|    1|      ap_vld|           logits_buf_1_37|       pointer|
|logits_buf_1_38         |  out|   32|      ap_vld|           logits_buf_1_38|       pointer|
|logits_buf_1_38_ap_vld  |  out|    1|      ap_vld|           logits_buf_1_38|       pointer|
|logits_buf_1_39         |  out|   32|      ap_vld|           logits_buf_1_39|       pointer|
|logits_buf_1_39_ap_vld  |  out|    1|      ap_vld|           logits_buf_1_39|       pointer|
|logits_buf_1_40         |  out|   32|      ap_vld|           logits_buf_1_40|       pointer|
|logits_buf_1_40_ap_vld  |  out|    1|      ap_vld|           logits_buf_1_40|       pointer|
|logits_buf_1_41         |  out|   32|      ap_vld|           logits_buf_1_41|       pointer|
|logits_buf_1_41_ap_vld  |  out|    1|      ap_vld|           logits_buf_1_41|       pointer|
|logits_buf_1_42         |  out|   32|      ap_vld|           logits_buf_1_42|       pointer|
|logits_buf_1_42_ap_vld  |  out|    1|      ap_vld|           logits_buf_1_42|       pointer|
|logits_buf_1_43         |  out|   32|      ap_vld|           logits_buf_1_43|       pointer|
|logits_buf_1_43_ap_vld  |  out|    1|      ap_vld|           logits_buf_1_43|       pointer|
|logits_buf_1_44         |  out|   32|      ap_vld|           logits_buf_1_44|       pointer|
|logits_buf_1_44_ap_vld  |  out|    1|      ap_vld|           logits_buf_1_44|       pointer|
|logits_buf_1_45         |  out|   32|      ap_vld|           logits_buf_1_45|       pointer|
|logits_buf_1_45_ap_vld  |  out|    1|      ap_vld|           logits_buf_1_45|       pointer|
|logits_buf_1_46         |  out|   32|      ap_vld|           logits_buf_1_46|       pointer|
|logits_buf_1_46_ap_vld  |  out|    1|      ap_vld|           logits_buf_1_46|       pointer|
|logits_buf_1_47         |  out|   32|      ap_vld|           logits_buf_1_47|       pointer|
|logits_buf_1_47_ap_vld  |  out|    1|      ap_vld|           logits_buf_1_47|       pointer|
|logits_buf_1_48         |  out|   32|      ap_vld|           logits_buf_1_48|       pointer|
|logits_buf_1_48_ap_vld  |  out|    1|      ap_vld|           logits_buf_1_48|       pointer|
|logits_buf_1_49         |  out|   32|      ap_vld|           logits_buf_1_49|       pointer|
|logits_buf_1_49_ap_vld  |  out|    1|      ap_vld|           logits_buf_1_49|       pointer|
|logits_buf_1_50         |  out|   32|      ap_vld|           logits_buf_1_50|       pointer|
|logits_buf_1_50_ap_vld  |  out|    1|      ap_vld|           logits_buf_1_50|       pointer|
|logits_buf_1_51         |  out|   32|      ap_vld|           logits_buf_1_51|       pointer|
|logits_buf_1_51_ap_vld  |  out|    1|      ap_vld|           logits_buf_1_51|       pointer|
|logits_buf_1_52         |  out|   32|      ap_vld|           logits_buf_1_52|       pointer|
|logits_buf_1_52_ap_vld  |  out|    1|      ap_vld|           logits_buf_1_52|       pointer|
|logits_buf_1_53         |  out|   32|      ap_vld|           logits_buf_1_53|       pointer|
|logits_buf_1_53_ap_vld  |  out|    1|      ap_vld|           logits_buf_1_53|       pointer|
|logits_buf_1_54         |  out|   32|      ap_vld|           logits_buf_1_54|       pointer|
|logits_buf_1_54_ap_vld  |  out|    1|      ap_vld|           logits_buf_1_54|       pointer|
|logits_buf_1_55         |  out|   32|      ap_vld|           logits_buf_1_55|       pointer|
|logits_buf_1_55_ap_vld  |  out|    1|      ap_vld|           logits_buf_1_55|       pointer|
|logits_buf_1_56         |  out|   32|      ap_vld|           logits_buf_1_56|       pointer|
|logits_buf_1_56_ap_vld  |  out|    1|      ap_vld|           logits_buf_1_56|       pointer|
|logits_buf_1_57         |  out|   32|      ap_vld|           logits_buf_1_57|       pointer|
|logits_buf_1_57_ap_vld  |  out|    1|      ap_vld|           logits_buf_1_57|       pointer|
|logits_buf_1_58         |  out|   32|      ap_vld|           logits_buf_1_58|       pointer|
|logits_buf_1_58_ap_vld  |  out|    1|      ap_vld|           logits_buf_1_58|       pointer|
|logits_buf_1_59         |  out|   32|      ap_vld|           logits_buf_1_59|       pointer|
|logits_buf_1_59_ap_vld  |  out|    1|      ap_vld|           logits_buf_1_59|       pointer|
|logits_buf_1_60         |  out|   32|      ap_vld|           logits_buf_1_60|       pointer|
|logits_buf_1_60_ap_vld  |  out|    1|      ap_vld|           logits_buf_1_60|       pointer|
|logits_buf_1_61         |  out|   32|      ap_vld|           logits_buf_1_61|       pointer|
|logits_buf_1_61_ap_vld  |  out|    1|      ap_vld|           logits_buf_1_61|       pointer|
|logits_buf_1_62         |  out|   32|      ap_vld|           logits_buf_1_62|       pointer|
|logits_buf_1_62_ap_vld  |  out|    1|      ap_vld|           logits_buf_1_62|       pointer|
|logits_buf_1_63         |  out|   32|      ap_vld|           logits_buf_1_63|       pointer|
|logits_buf_1_63_ap_vld  |  out|    1|      ap_vld|           logits_buf_1_63|       pointer|
|logits_buf_2_0          |  out|   32|      ap_vld|            logits_buf_2_0|       pointer|
|logits_buf_2_0_ap_vld   |  out|    1|      ap_vld|            logits_buf_2_0|       pointer|
|logits_buf_2_1          |  out|   32|      ap_vld|            logits_buf_2_1|       pointer|
|logits_buf_2_1_ap_vld   |  out|    1|      ap_vld|            logits_buf_2_1|       pointer|
|logits_buf_2_2          |  out|   32|      ap_vld|            logits_buf_2_2|       pointer|
|logits_buf_2_2_ap_vld   |  out|    1|      ap_vld|            logits_buf_2_2|       pointer|
|logits_buf_2_3          |  out|   32|      ap_vld|            logits_buf_2_3|       pointer|
|logits_buf_2_3_ap_vld   |  out|    1|      ap_vld|            logits_buf_2_3|       pointer|
|logits_buf_2_4          |  out|   32|      ap_vld|            logits_buf_2_4|       pointer|
|logits_buf_2_4_ap_vld   |  out|    1|      ap_vld|            logits_buf_2_4|       pointer|
|logits_buf_2_5          |  out|   32|      ap_vld|            logits_buf_2_5|       pointer|
|logits_buf_2_5_ap_vld   |  out|    1|      ap_vld|            logits_buf_2_5|       pointer|
|logits_buf_2_6          |  out|   32|      ap_vld|            logits_buf_2_6|       pointer|
|logits_buf_2_6_ap_vld   |  out|    1|      ap_vld|            logits_buf_2_6|       pointer|
|logits_buf_2_7          |  out|   32|      ap_vld|            logits_buf_2_7|       pointer|
|logits_buf_2_7_ap_vld   |  out|    1|      ap_vld|            logits_buf_2_7|       pointer|
|logits_buf_2_8          |  out|   32|      ap_vld|            logits_buf_2_8|       pointer|
|logits_buf_2_8_ap_vld   |  out|    1|      ap_vld|            logits_buf_2_8|       pointer|
|logits_buf_2_9          |  out|   32|      ap_vld|            logits_buf_2_9|       pointer|
|logits_buf_2_9_ap_vld   |  out|    1|      ap_vld|            logits_buf_2_9|       pointer|
|logits_buf_2_10         |  out|   32|      ap_vld|           logits_buf_2_10|       pointer|
|logits_buf_2_10_ap_vld  |  out|    1|      ap_vld|           logits_buf_2_10|       pointer|
|logits_buf_2_11         |  out|   32|      ap_vld|           logits_buf_2_11|       pointer|
|logits_buf_2_11_ap_vld  |  out|    1|      ap_vld|           logits_buf_2_11|       pointer|
|logits_buf_2_12         |  out|   32|      ap_vld|           logits_buf_2_12|       pointer|
|logits_buf_2_12_ap_vld  |  out|    1|      ap_vld|           logits_buf_2_12|       pointer|
|logits_buf_2_13         |  out|   32|      ap_vld|           logits_buf_2_13|       pointer|
|logits_buf_2_13_ap_vld  |  out|    1|      ap_vld|           logits_buf_2_13|       pointer|
|logits_buf_2_14         |  out|   32|      ap_vld|           logits_buf_2_14|       pointer|
|logits_buf_2_14_ap_vld  |  out|    1|      ap_vld|           logits_buf_2_14|       pointer|
|logits_buf_2_15         |  out|   32|      ap_vld|           logits_buf_2_15|       pointer|
|logits_buf_2_15_ap_vld  |  out|    1|      ap_vld|           logits_buf_2_15|       pointer|
|logits_buf_2_16         |  out|   32|      ap_vld|           logits_buf_2_16|       pointer|
|logits_buf_2_16_ap_vld  |  out|    1|      ap_vld|           logits_buf_2_16|       pointer|
|logits_buf_2_17         |  out|   32|      ap_vld|           logits_buf_2_17|       pointer|
|logits_buf_2_17_ap_vld  |  out|    1|      ap_vld|           logits_buf_2_17|       pointer|
|logits_buf_2_18         |  out|   32|      ap_vld|           logits_buf_2_18|       pointer|
|logits_buf_2_18_ap_vld  |  out|    1|      ap_vld|           logits_buf_2_18|       pointer|
|logits_buf_2_19         |  out|   32|      ap_vld|           logits_buf_2_19|       pointer|
|logits_buf_2_19_ap_vld  |  out|    1|      ap_vld|           logits_buf_2_19|       pointer|
|logits_buf_2_20         |  out|   32|      ap_vld|           logits_buf_2_20|       pointer|
|logits_buf_2_20_ap_vld  |  out|    1|      ap_vld|           logits_buf_2_20|       pointer|
|logits_buf_2_21         |  out|   32|      ap_vld|           logits_buf_2_21|       pointer|
|logits_buf_2_21_ap_vld  |  out|    1|      ap_vld|           logits_buf_2_21|       pointer|
|logits_buf_2_22         |  out|   32|      ap_vld|           logits_buf_2_22|       pointer|
|logits_buf_2_22_ap_vld  |  out|    1|      ap_vld|           logits_buf_2_22|       pointer|
|logits_buf_2_23         |  out|   32|      ap_vld|           logits_buf_2_23|       pointer|
|logits_buf_2_23_ap_vld  |  out|    1|      ap_vld|           logits_buf_2_23|       pointer|
|logits_buf_2_24         |  out|   32|      ap_vld|           logits_buf_2_24|       pointer|
|logits_buf_2_24_ap_vld  |  out|    1|      ap_vld|           logits_buf_2_24|       pointer|
|logits_buf_2_25         |  out|   32|      ap_vld|           logits_buf_2_25|       pointer|
|logits_buf_2_25_ap_vld  |  out|    1|      ap_vld|           logits_buf_2_25|       pointer|
|logits_buf_2_26         |  out|   32|      ap_vld|           logits_buf_2_26|       pointer|
|logits_buf_2_26_ap_vld  |  out|    1|      ap_vld|           logits_buf_2_26|       pointer|
|logits_buf_2_27         |  out|   32|      ap_vld|           logits_buf_2_27|       pointer|
|logits_buf_2_27_ap_vld  |  out|    1|      ap_vld|           logits_buf_2_27|       pointer|
|logits_buf_2_28         |  out|   32|      ap_vld|           logits_buf_2_28|       pointer|
|logits_buf_2_28_ap_vld  |  out|    1|      ap_vld|           logits_buf_2_28|       pointer|
|logits_buf_2_29         |  out|   32|      ap_vld|           logits_buf_2_29|       pointer|
|logits_buf_2_29_ap_vld  |  out|    1|      ap_vld|           logits_buf_2_29|       pointer|
|logits_buf_2_30         |  out|   32|      ap_vld|           logits_buf_2_30|       pointer|
|logits_buf_2_30_ap_vld  |  out|    1|      ap_vld|           logits_buf_2_30|       pointer|
|logits_buf_2_31         |  out|   32|      ap_vld|           logits_buf_2_31|       pointer|
|logits_buf_2_31_ap_vld  |  out|    1|      ap_vld|           logits_buf_2_31|       pointer|
|logits_buf_2_32         |  out|   32|      ap_vld|           logits_buf_2_32|       pointer|
|logits_buf_2_32_ap_vld  |  out|    1|      ap_vld|           logits_buf_2_32|       pointer|
|logits_buf_2_33         |  out|   32|      ap_vld|           logits_buf_2_33|       pointer|
|logits_buf_2_33_ap_vld  |  out|    1|      ap_vld|           logits_buf_2_33|       pointer|
|logits_buf_2_34         |  out|   32|      ap_vld|           logits_buf_2_34|       pointer|
|logits_buf_2_34_ap_vld  |  out|    1|      ap_vld|           logits_buf_2_34|       pointer|
|logits_buf_2_35         |  out|   32|      ap_vld|           logits_buf_2_35|       pointer|
|logits_buf_2_35_ap_vld  |  out|    1|      ap_vld|           logits_buf_2_35|       pointer|
|logits_buf_2_36         |  out|   32|      ap_vld|           logits_buf_2_36|       pointer|
|logits_buf_2_36_ap_vld  |  out|    1|      ap_vld|           logits_buf_2_36|       pointer|
|logits_buf_2_37         |  out|   32|      ap_vld|           logits_buf_2_37|       pointer|
|logits_buf_2_37_ap_vld  |  out|    1|      ap_vld|           logits_buf_2_37|       pointer|
|logits_buf_2_38         |  out|   32|      ap_vld|           logits_buf_2_38|       pointer|
|logits_buf_2_38_ap_vld  |  out|    1|      ap_vld|           logits_buf_2_38|       pointer|
|logits_buf_2_39         |  out|   32|      ap_vld|           logits_buf_2_39|       pointer|
|logits_buf_2_39_ap_vld  |  out|    1|      ap_vld|           logits_buf_2_39|       pointer|
|logits_buf_2_40         |  out|   32|      ap_vld|           logits_buf_2_40|       pointer|
|logits_buf_2_40_ap_vld  |  out|    1|      ap_vld|           logits_buf_2_40|       pointer|
|logits_buf_2_41         |  out|   32|      ap_vld|           logits_buf_2_41|       pointer|
|logits_buf_2_41_ap_vld  |  out|    1|      ap_vld|           logits_buf_2_41|       pointer|
|logits_buf_2_42         |  out|   32|      ap_vld|           logits_buf_2_42|       pointer|
|logits_buf_2_42_ap_vld  |  out|    1|      ap_vld|           logits_buf_2_42|       pointer|
|logits_buf_2_43         |  out|   32|      ap_vld|           logits_buf_2_43|       pointer|
|logits_buf_2_43_ap_vld  |  out|    1|      ap_vld|           logits_buf_2_43|       pointer|
|logits_buf_2_44         |  out|   32|      ap_vld|           logits_buf_2_44|       pointer|
|logits_buf_2_44_ap_vld  |  out|    1|      ap_vld|           logits_buf_2_44|       pointer|
|logits_buf_2_45         |  out|   32|      ap_vld|           logits_buf_2_45|       pointer|
|logits_buf_2_45_ap_vld  |  out|    1|      ap_vld|           logits_buf_2_45|       pointer|
|logits_buf_2_46         |  out|   32|      ap_vld|           logits_buf_2_46|       pointer|
|logits_buf_2_46_ap_vld  |  out|    1|      ap_vld|           logits_buf_2_46|       pointer|
|logits_buf_2_47         |  out|   32|      ap_vld|           logits_buf_2_47|       pointer|
|logits_buf_2_47_ap_vld  |  out|    1|      ap_vld|           logits_buf_2_47|       pointer|
|logits_buf_2_48         |  out|   32|      ap_vld|           logits_buf_2_48|       pointer|
|logits_buf_2_48_ap_vld  |  out|    1|      ap_vld|           logits_buf_2_48|       pointer|
|logits_buf_2_49         |  out|   32|      ap_vld|           logits_buf_2_49|       pointer|
|logits_buf_2_49_ap_vld  |  out|    1|      ap_vld|           logits_buf_2_49|       pointer|
|logits_buf_2_50         |  out|   32|      ap_vld|           logits_buf_2_50|       pointer|
|logits_buf_2_50_ap_vld  |  out|    1|      ap_vld|           logits_buf_2_50|       pointer|
|logits_buf_2_51         |  out|   32|      ap_vld|           logits_buf_2_51|       pointer|
|logits_buf_2_51_ap_vld  |  out|    1|      ap_vld|           logits_buf_2_51|       pointer|
|logits_buf_2_52         |  out|   32|      ap_vld|           logits_buf_2_52|       pointer|
|logits_buf_2_52_ap_vld  |  out|    1|      ap_vld|           logits_buf_2_52|       pointer|
|logits_buf_2_53         |  out|   32|      ap_vld|           logits_buf_2_53|       pointer|
|logits_buf_2_53_ap_vld  |  out|    1|      ap_vld|           logits_buf_2_53|       pointer|
|logits_buf_2_54         |  out|   32|      ap_vld|           logits_buf_2_54|       pointer|
|logits_buf_2_54_ap_vld  |  out|    1|      ap_vld|           logits_buf_2_54|       pointer|
|logits_buf_2_55         |  out|   32|      ap_vld|           logits_buf_2_55|       pointer|
|logits_buf_2_55_ap_vld  |  out|    1|      ap_vld|           logits_buf_2_55|       pointer|
|logits_buf_2_56         |  out|   32|      ap_vld|           logits_buf_2_56|       pointer|
|logits_buf_2_56_ap_vld  |  out|    1|      ap_vld|           logits_buf_2_56|       pointer|
|logits_buf_2_57         |  out|   32|      ap_vld|           logits_buf_2_57|       pointer|
|logits_buf_2_57_ap_vld  |  out|    1|      ap_vld|           logits_buf_2_57|       pointer|
|logits_buf_2_58         |  out|   32|      ap_vld|           logits_buf_2_58|       pointer|
|logits_buf_2_58_ap_vld  |  out|    1|      ap_vld|           logits_buf_2_58|       pointer|
|logits_buf_2_59         |  out|   32|      ap_vld|           logits_buf_2_59|       pointer|
|logits_buf_2_59_ap_vld  |  out|    1|      ap_vld|           logits_buf_2_59|       pointer|
|logits_buf_2_60         |  out|   32|      ap_vld|           logits_buf_2_60|       pointer|
|logits_buf_2_60_ap_vld  |  out|    1|      ap_vld|           logits_buf_2_60|       pointer|
|logits_buf_2_61         |  out|   32|      ap_vld|           logits_buf_2_61|       pointer|
|logits_buf_2_61_ap_vld  |  out|    1|      ap_vld|           logits_buf_2_61|       pointer|
|logits_buf_2_62         |  out|   32|      ap_vld|           logits_buf_2_62|       pointer|
|logits_buf_2_62_ap_vld  |  out|    1|      ap_vld|           logits_buf_2_62|       pointer|
|logits_buf_2_63         |  out|   32|      ap_vld|           logits_buf_2_63|       pointer|
|logits_buf_2_63_ap_vld  |  out|    1|      ap_vld|           logits_buf_2_63|       pointer|
|logits_buf_3_0          |  out|   32|      ap_vld|            logits_buf_3_0|       pointer|
|logits_buf_3_0_ap_vld   |  out|    1|      ap_vld|            logits_buf_3_0|       pointer|
|logits_buf_3_1          |  out|   32|      ap_vld|            logits_buf_3_1|       pointer|
|logits_buf_3_1_ap_vld   |  out|    1|      ap_vld|            logits_buf_3_1|       pointer|
|logits_buf_3_2          |  out|   32|      ap_vld|            logits_buf_3_2|       pointer|
|logits_buf_3_2_ap_vld   |  out|    1|      ap_vld|            logits_buf_3_2|       pointer|
|logits_buf_3_3          |  out|   32|      ap_vld|            logits_buf_3_3|       pointer|
|logits_buf_3_3_ap_vld   |  out|    1|      ap_vld|            logits_buf_3_3|       pointer|
|logits_buf_3_4          |  out|   32|      ap_vld|            logits_buf_3_4|       pointer|
|logits_buf_3_4_ap_vld   |  out|    1|      ap_vld|            logits_buf_3_4|       pointer|
|logits_buf_3_5          |  out|   32|      ap_vld|            logits_buf_3_5|       pointer|
|logits_buf_3_5_ap_vld   |  out|    1|      ap_vld|            logits_buf_3_5|       pointer|
|logits_buf_3_6          |  out|   32|      ap_vld|            logits_buf_3_6|       pointer|
|logits_buf_3_6_ap_vld   |  out|    1|      ap_vld|            logits_buf_3_6|       pointer|
|logits_buf_3_7          |  out|   32|      ap_vld|            logits_buf_3_7|       pointer|
|logits_buf_3_7_ap_vld   |  out|    1|      ap_vld|            logits_buf_3_7|       pointer|
|logits_buf_3_8          |  out|   32|      ap_vld|            logits_buf_3_8|       pointer|
|logits_buf_3_8_ap_vld   |  out|    1|      ap_vld|            logits_buf_3_8|       pointer|
|logits_buf_3_9          |  out|   32|      ap_vld|            logits_buf_3_9|       pointer|
|logits_buf_3_9_ap_vld   |  out|    1|      ap_vld|            logits_buf_3_9|       pointer|
|logits_buf_3_10         |  out|   32|      ap_vld|           logits_buf_3_10|       pointer|
|logits_buf_3_10_ap_vld  |  out|    1|      ap_vld|           logits_buf_3_10|       pointer|
|logits_buf_3_11         |  out|   32|      ap_vld|           logits_buf_3_11|       pointer|
|logits_buf_3_11_ap_vld  |  out|    1|      ap_vld|           logits_buf_3_11|       pointer|
|logits_buf_3_12         |  out|   32|      ap_vld|           logits_buf_3_12|       pointer|
|logits_buf_3_12_ap_vld  |  out|    1|      ap_vld|           logits_buf_3_12|       pointer|
|logits_buf_3_13         |  out|   32|      ap_vld|           logits_buf_3_13|       pointer|
|logits_buf_3_13_ap_vld  |  out|    1|      ap_vld|           logits_buf_3_13|       pointer|
|logits_buf_3_14         |  out|   32|      ap_vld|           logits_buf_3_14|       pointer|
|logits_buf_3_14_ap_vld  |  out|    1|      ap_vld|           logits_buf_3_14|       pointer|
|logits_buf_3_15         |  out|   32|      ap_vld|           logits_buf_3_15|       pointer|
|logits_buf_3_15_ap_vld  |  out|    1|      ap_vld|           logits_buf_3_15|       pointer|
|logits_buf_3_16         |  out|   32|      ap_vld|           logits_buf_3_16|       pointer|
|logits_buf_3_16_ap_vld  |  out|    1|      ap_vld|           logits_buf_3_16|       pointer|
|logits_buf_3_17         |  out|   32|      ap_vld|           logits_buf_3_17|       pointer|
|logits_buf_3_17_ap_vld  |  out|    1|      ap_vld|           logits_buf_3_17|       pointer|
|logits_buf_3_18         |  out|   32|      ap_vld|           logits_buf_3_18|       pointer|
|logits_buf_3_18_ap_vld  |  out|    1|      ap_vld|           logits_buf_3_18|       pointer|
|logits_buf_3_19         |  out|   32|      ap_vld|           logits_buf_3_19|       pointer|
|logits_buf_3_19_ap_vld  |  out|    1|      ap_vld|           logits_buf_3_19|       pointer|
|logits_buf_3_20         |  out|   32|      ap_vld|           logits_buf_3_20|       pointer|
|logits_buf_3_20_ap_vld  |  out|    1|      ap_vld|           logits_buf_3_20|       pointer|
|logits_buf_3_21         |  out|   32|      ap_vld|           logits_buf_3_21|       pointer|
|logits_buf_3_21_ap_vld  |  out|    1|      ap_vld|           logits_buf_3_21|       pointer|
|logits_buf_3_22         |  out|   32|      ap_vld|           logits_buf_3_22|       pointer|
|logits_buf_3_22_ap_vld  |  out|    1|      ap_vld|           logits_buf_3_22|       pointer|
|logits_buf_3_23         |  out|   32|      ap_vld|           logits_buf_3_23|       pointer|
|logits_buf_3_23_ap_vld  |  out|    1|      ap_vld|           logits_buf_3_23|       pointer|
|logits_buf_3_24         |  out|   32|      ap_vld|           logits_buf_3_24|       pointer|
|logits_buf_3_24_ap_vld  |  out|    1|      ap_vld|           logits_buf_3_24|       pointer|
|logits_buf_3_25         |  out|   32|      ap_vld|           logits_buf_3_25|       pointer|
|logits_buf_3_25_ap_vld  |  out|    1|      ap_vld|           logits_buf_3_25|       pointer|
|logits_buf_3_26         |  out|   32|      ap_vld|           logits_buf_3_26|       pointer|
|logits_buf_3_26_ap_vld  |  out|    1|      ap_vld|           logits_buf_3_26|       pointer|
|logits_buf_3_27         |  out|   32|      ap_vld|           logits_buf_3_27|       pointer|
|logits_buf_3_27_ap_vld  |  out|    1|      ap_vld|           logits_buf_3_27|       pointer|
|logits_buf_3_28         |  out|   32|      ap_vld|           logits_buf_3_28|       pointer|
|logits_buf_3_28_ap_vld  |  out|    1|      ap_vld|           logits_buf_3_28|       pointer|
|logits_buf_3_29         |  out|   32|      ap_vld|           logits_buf_3_29|       pointer|
|logits_buf_3_29_ap_vld  |  out|    1|      ap_vld|           logits_buf_3_29|       pointer|
|logits_buf_3_30         |  out|   32|      ap_vld|           logits_buf_3_30|       pointer|
|logits_buf_3_30_ap_vld  |  out|    1|      ap_vld|           logits_buf_3_30|       pointer|
|logits_buf_3_31         |  out|   32|      ap_vld|           logits_buf_3_31|       pointer|
|logits_buf_3_31_ap_vld  |  out|    1|      ap_vld|           logits_buf_3_31|       pointer|
|logits_buf_3_32         |  out|   32|      ap_vld|           logits_buf_3_32|       pointer|
|logits_buf_3_32_ap_vld  |  out|    1|      ap_vld|           logits_buf_3_32|       pointer|
|logits_buf_3_33         |  out|   32|      ap_vld|           logits_buf_3_33|       pointer|
|logits_buf_3_33_ap_vld  |  out|    1|      ap_vld|           logits_buf_3_33|       pointer|
|logits_buf_3_34         |  out|   32|      ap_vld|           logits_buf_3_34|       pointer|
|logits_buf_3_34_ap_vld  |  out|    1|      ap_vld|           logits_buf_3_34|       pointer|
|logits_buf_3_35         |  out|   32|      ap_vld|           logits_buf_3_35|       pointer|
|logits_buf_3_35_ap_vld  |  out|    1|      ap_vld|           logits_buf_3_35|       pointer|
|logits_buf_3_36         |  out|   32|      ap_vld|           logits_buf_3_36|       pointer|
|logits_buf_3_36_ap_vld  |  out|    1|      ap_vld|           logits_buf_3_36|       pointer|
|logits_buf_3_37         |  out|   32|      ap_vld|           logits_buf_3_37|       pointer|
|logits_buf_3_37_ap_vld  |  out|    1|      ap_vld|           logits_buf_3_37|       pointer|
|logits_buf_3_38         |  out|   32|      ap_vld|           logits_buf_3_38|       pointer|
|logits_buf_3_38_ap_vld  |  out|    1|      ap_vld|           logits_buf_3_38|       pointer|
|logits_buf_3_39         |  out|   32|      ap_vld|           logits_buf_3_39|       pointer|
|logits_buf_3_39_ap_vld  |  out|    1|      ap_vld|           logits_buf_3_39|       pointer|
|logits_buf_3_40         |  out|   32|      ap_vld|           logits_buf_3_40|       pointer|
|logits_buf_3_40_ap_vld  |  out|    1|      ap_vld|           logits_buf_3_40|       pointer|
|logits_buf_3_41         |  out|   32|      ap_vld|           logits_buf_3_41|       pointer|
|logits_buf_3_41_ap_vld  |  out|    1|      ap_vld|           logits_buf_3_41|       pointer|
|logits_buf_3_42         |  out|   32|      ap_vld|           logits_buf_3_42|       pointer|
|logits_buf_3_42_ap_vld  |  out|    1|      ap_vld|           logits_buf_3_42|       pointer|
|logits_buf_3_43         |  out|   32|      ap_vld|           logits_buf_3_43|       pointer|
|logits_buf_3_43_ap_vld  |  out|    1|      ap_vld|           logits_buf_3_43|       pointer|
|logits_buf_3_44         |  out|   32|      ap_vld|           logits_buf_3_44|       pointer|
|logits_buf_3_44_ap_vld  |  out|    1|      ap_vld|           logits_buf_3_44|       pointer|
|logits_buf_3_45         |  out|   32|      ap_vld|           logits_buf_3_45|       pointer|
|logits_buf_3_45_ap_vld  |  out|    1|      ap_vld|           logits_buf_3_45|       pointer|
|logits_buf_3_46         |  out|   32|      ap_vld|           logits_buf_3_46|       pointer|
|logits_buf_3_46_ap_vld  |  out|    1|      ap_vld|           logits_buf_3_46|       pointer|
|logits_buf_3_47         |  out|   32|      ap_vld|           logits_buf_3_47|       pointer|
|logits_buf_3_47_ap_vld  |  out|    1|      ap_vld|           logits_buf_3_47|       pointer|
|logits_buf_3_48         |  out|   32|      ap_vld|           logits_buf_3_48|       pointer|
|logits_buf_3_48_ap_vld  |  out|    1|      ap_vld|           logits_buf_3_48|       pointer|
|logits_buf_3_49         |  out|   32|      ap_vld|           logits_buf_3_49|       pointer|
|logits_buf_3_49_ap_vld  |  out|    1|      ap_vld|           logits_buf_3_49|       pointer|
|logits_buf_3_50         |  out|   32|      ap_vld|           logits_buf_3_50|       pointer|
|logits_buf_3_50_ap_vld  |  out|    1|      ap_vld|           logits_buf_3_50|       pointer|
|logits_buf_3_51         |  out|   32|      ap_vld|           logits_buf_3_51|       pointer|
|logits_buf_3_51_ap_vld  |  out|    1|      ap_vld|           logits_buf_3_51|       pointer|
|logits_buf_3_52         |  out|   32|      ap_vld|           logits_buf_3_52|       pointer|
|logits_buf_3_52_ap_vld  |  out|    1|      ap_vld|           logits_buf_3_52|       pointer|
|logits_buf_3_53         |  out|   32|      ap_vld|           logits_buf_3_53|       pointer|
|logits_buf_3_53_ap_vld  |  out|    1|      ap_vld|           logits_buf_3_53|       pointer|
|logits_buf_3_54         |  out|   32|      ap_vld|           logits_buf_3_54|       pointer|
|logits_buf_3_54_ap_vld  |  out|    1|      ap_vld|           logits_buf_3_54|       pointer|
|logits_buf_3_55         |  out|   32|      ap_vld|           logits_buf_3_55|       pointer|
|logits_buf_3_55_ap_vld  |  out|    1|      ap_vld|           logits_buf_3_55|       pointer|
|logits_buf_3_56         |  out|   32|      ap_vld|           logits_buf_3_56|       pointer|
|logits_buf_3_56_ap_vld  |  out|    1|      ap_vld|           logits_buf_3_56|       pointer|
|logits_buf_3_57         |  out|   32|      ap_vld|           logits_buf_3_57|       pointer|
|logits_buf_3_57_ap_vld  |  out|    1|      ap_vld|           logits_buf_3_57|       pointer|
|logits_buf_3_58         |  out|   32|      ap_vld|           logits_buf_3_58|       pointer|
|logits_buf_3_58_ap_vld  |  out|    1|      ap_vld|           logits_buf_3_58|       pointer|
|logits_buf_3_59         |  out|   32|      ap_vld|           logits_buf_3_59|       pointer|
|logits_buf_3_59_ap_vld  |  out|    1|      ap_vld|           logits_buf_3_59|       pointer|
|logits_buf_3_60         |  out|   32|      ap_vld|           logits_buf_3_60|       pointer|
|logits_buf_3_60_ap_vld  |  out|    1|      ap_vld|           logits_buf_3_60|       pointer|
|logits_buf_3_61         |  out|   32|      ap_vld|           logits_buf_3_61|       pointer|
|logits_buf_3_61_ap_vld  |  out|    1|      ap_vld|           logits_buf_3_61|       pointer|
|logits_buf_3_62         |  out|   32|      ap_vld|           logits_buf_3_62|       pointer|
|logits_buf_3_62_ap_vld  |  out|    1|      ap_vld|           logits_buf_3_62|       pointer|
|logits_buf_3_63         |  out|   32|      ap_vld|           logits_buf_3_63|       pointer|
|logits_buf_3_63_ap_vld  |  out|    1|      ap_vld|           logits_buf_3_63|       pointer|
+------------------------+-----+-----+------------+--------------------------+--------------+

