

================================================================
== Vitis HLS Report for 'normalize_and_store'
================================================================
* Date:           Sat Mar 14 16:27:08 2026

* Version:        2025.1 (Build 6135595 on May 21 2025)
* Project:        Prometheus_SoC
* Solution:       hls (Vivado IP Flow Target)
* Product family: zynq
* Target device:  xc7z020-clg400-1


================================================================
== Performance Estimates
================================================================
+ Timing: 
    * Summary: 
    +--------+----------+----------+------------+
    |  Clock |  Target  | Estimated| Uncertainty|
    +--------+----------+----------+------------+
    |ap_clk  |  11.80 ns|  8.510 ns|     3.19 ns|
    +--------+----------+----------+------------+

+ Latency: 
    * Summary: 
    +---------+---------+-----------+----------+-----+-----+----------+
    |  Latency (cycles) |  Latency (absolute)  |  Interval | Pipeline |
    |   min   |   max   |    min    |    max   | min | max |   Type   |
    +---------+---------+-----------+----------+-----+-----+----------+
    |        6|       72|  70.800 ns|  0.850 us|    6|   71|  dataflow|
    +---------+---------+-----------+----------+-----+-----+----------+

    + Detail: 
        * Instance: 
        +----------------------+-------------------+---------+---------+-----------+----------+-----+-----+---------+
        |                      |                   |  Latency (cycles) |  Latency (absolute)  |  Interval | Pipeline|
        |       Instance       |       Module      |   min   |   max   |    min    |    max   | min | max |   Type  |
        +----------------------+-------------------+---------+---------+-----------+----------+-----+-----+---------+
        |emit_prob_stream_U0   |emit_prob_stream   |        5|       68|  59.000 ns|  0.802 us|    5|   68|       no|
        |write_prob_stream_U0  |write_prob_stream  |        4|       70|  47.200 ns|  0.826 us|    4|   70|       no|
        +----------------------+-------------------+---------+---------+-----------+----------+-----+-----+---------+

        * Loop: 
        N/A



================================================================
== Utilization Estimates
================================================================
* Summary: 
+-----------------+---------+-----+--------+-------+-----+
|       Name      | BRAM_18K| DSP |   FF   |  LUT  | URAM|
+-----------------+---------+-----+--------+-------+-----+
|DSP              |        -|    -|       -|      -|    -|
|Expression       |        -|    -|       0|     12|    -|
|FIFO             |        8|    -|     158|     80|    -|
|Instance         |        -|   16|    8831|   2803|    -|
|Memory           |        -|    -|       -|      -|    -|
|Multiplexer      |        -|    -|       0|     18|    -|
|Register         |        -|    -|       3|      -|    -|
+-----------------+---------+-----+--------+-------+-----+
|Total            |        8|   16|    8992|   2913|    0|
+-----------------+---------+-----+--------+-------+-----+
|Available        |      280|  220|  106400|  53200|    0|
+-----------------+---------+-----+--------+-------+-----+
|Utilization (%)  |        2|    7|       8|      5|    0|
+-----------------+---------+-----+--------+-------+-----+

+ Detail: 
    * Instance: 
    +----------------------+-------------------+---------+----+------+------+-----+
    |       Instance       |       Module      | BRAM_18K| DSP|  FF  |  LUT | URAM|
    +----------------------+-------------------+---------+----+------+------+-----+
    |emit_prob_stream_U0   |emit_prob_stream   |        0|  16|  8550|  1481|    0|
    |write_prob_stream_U0  |write_prob_stream  |        0|   0|   281|  1322|    0|
    +----------------------+-------------------+---------+----+------+------+-----+
    |Total                 |                   |        0|  16|  8831|  2803|    0|
    +----------------------+-------------------+---------+----+------+------+-----+

    * DSP: 
    N/A

    * Memory: 
    N/A

    * FIFO: 
    +---------------+---------+-----+----+-----+------+-----+---------+
    |      Name     | BRAM_18K|  FF | LUT| URAM| Depth| Bits| Size:D*B|
    +---------------+---------+-----+----+-----+------+-----+---------+
    |prob_stream_U  |        8|  158|   0|    -|    16|  132|     2112|
    +---------------+---------+-----+----+-----+------+-----+---------+
    |Total          |        8|  158|   0|    0|    16|  132|     2112|
    +---------------+---------+-----+----+-----+------+-----+---------+

    * Expression: 
    +---------------------------------------+----------+----+---+----+------------+------------+
    |             Variable Name             | Operation| DSP| FF| LUT| Bitwidth P0| Bitwidth P1|
    +---------------------------------------+----------+----+---+----+------------+------------+
    |ap_idle                                |       and|   0|  0|   2|           1|           1|
    |ap_sync_ready                          |       and|   0|  0|   2|           1|           1|
    |emit_prob_stream_U0_ap_start           |       and|   0|  0|   2|           1|           1|
    |write_prob_stream_U0_ap_start          |       and|   0|  0|   2|           1|           1|
    |ap_sync_emit_prob_stream_U0_ap_ready   |        or|   0|  0|   2|           1|           1|
    |ap_sync_write_prob_stream_U0_ap_ready  |        or|   0|  0|   2|           1|           1|
    +---------------------------------------+----------+----+---+----+------------+------------+
    |Total                                  |          |   0|  0|  12|           6|           6|
    +---------------------------------------+----------+----+---+----+------------+------------+

    * Multiplexer: 
    +-------------------------------------------+----+-----------+-----+-----------+
    |                    Name                   | LUT| Input Size| Bits| Total Bits|
    +-------------------------------------------+----+-----------+-----+-----------+
    |ap_sync_reg_emit_prob_stream_U0_ap_ready   |   9|          2|    1|          2|
    |ap_sync_reg_write_prob_stream_U0_ap_ready  |   9|          2|    1|          2|
    +-------------------------------------------+----+-----------+-----+-----------+
    |Total                                      |  18|          4|    2|          4|
    +-------------------------------------------+----+-----------+-----+-----------+

    * Register: 
    +-------------------------------------------+---+----+-----+-----------+
    |                    Name                   | FF| LUT| Bits| Const Bits|
    +-------------------------------------------+---+----+-----+-----------+
    |ap_sync_ready                              |  1|   0|    1|          0|
    |ap_sync_reg_emit_prob_stream_U0_ap_ready   |  1|   0|    1|          0|
    |ap_sync_reg_write_prob_stream_U0_ap_ready  |  1|   0|    1|          0|
    +-------------------------------------------+---+----+-----+-----------+
    |Total                                      |  3|   0|    3|          0|
    +-------------------------------------------+---+----+-----+-----------+



================================================================
== Interface
================================================================
* Summary: 
+---------------------+-----+-----+------------+---------------------+--------------+
|      RTL Ports      | Dir | Bits|  Protocol  |    Source Object    |    C Type    |
+---------------------+-----+-----+------------+---------------------+--------------+
|mem_address0         |  out|   14|   ap_memory|                  mem|         array|
|mem_ce0              |  out|    1|   ap_memory|                  mem|         array|
|mem_d0               |  out|  128|   ap_memory|                  mem|         array|
|mem_q0               |   in|  128|   ap_memory|                  mem|         array|
|mem_we0              |  out|    1|   ap_memory|                  mem|         array|
|mem_address1         |  out|   14|   ap_memory|                  mem|         array|
|mem_ce1              |  out|    1|   ap_memory|                  mem|         array|
|mem_d1               |  out|  128|   ap_memory|                  mem|         array|
|mem_q1               |   in|  128|   ap_memory|                  mem|         array|
|mem_we1              |  out|    1|   ap_memory|                  mem|         array|
|pr_l                 |   in|   14|     ap_none|                 pr_l|        scalar|
|pr_l_ap_vld          |   in|    1|     ap_none|                 pr_l|        scalar|
|n                    |   in|    9|     ap_none|                    n|        scalar|
|n_ap_vld             |   in|    1|     ap_none|                    n|        scalar|
|exp_buf_0_0          |   in|   32|     ap_none|          exp_buf_0_0|       pointer|
|exp_buf_0_0_ap_vld   |   in|    1|     ap_none|          exp_buf_0_0|       pointer|
|exp_buf_0_1          |   in|   32|     ap_none|          exp_buf_0_1|       pointer|
|exp_buf_0_1_ap_vld   |   in|    1|     ap_none|          exp_buf_0_1|       pointer|
|exp_buf_0_2          |   in|   32|     ap_none|          exp_buf_0_2|       pointer|
|exp_buf_0_2_ap_vld   |   in|    1|     ap_none|          exp_buf_0_2|       pointer|
|exp_buf_0_3          |   in|   32|     ap_none|          exp_buf_0_3|       pointer|
|exp_buf_0_3_ap_vld   |   in|    1|     ap_none|          exp_buf_0_3|       pointer|
|exp_buf_0_4          |   in|   32|     ap_none|          exp_buf_0_4|       pointer|
|exp_buf_0_4_ap_vld   |   in|    1|     ap_none|          exp_buf_0_4|       pointer|
|exp_buf_0_5          |   in|   32|     ap_none|          exp_buf_0_5|       pointer|
|exp_buf_0_5_ap_vld   |   in|    1|     ap_none|          exp_buf_0_5|       pointer|
|exp_buf_0_6          |   in|   32|     ap_none|          exp_buf_0_6|       pointer|
|exp_buf_0_6_ap_vld   |   in|    1|     ap_none|          exp_buf_0_6|       pointer|
|exp_buf_0_7          |   in|   32|     ap_none|          exp_buf_0_7|       pointer|
|exp_buf_0_7_ap_vld   |   in|    1|     ap_none|          exp_buf_0_7|       pointer|
|exp_buf_0_8          |   in|   32|     ap_none|          exp_buf_0_8|       pointer|
|exp_buf_0_8_ap_vld   |   in|    1|     ap_none|          exp_buf_0_8|       pointer|
|exp_buf_0_9          |   in|   32|     ap_none|          exp_buf_0_9|       pointer|
|exp_buf_0_9_ap_vld   |   in|    1|     ap_none|          exp_buf_0_9|       pointer|
|exp_buf_0_10         |   in|   32|     ap_none|         exp_buf_0_10|       pointer|
|exp_buf_0_10_ap_vld  |   in|    1|     ap_none|         exp_buf_0_10|       pointer|
|exp_buf_0_11         |   in|   32|     ap_none|         exp_buf_0_11|       pointer|
|exp_buf_0_11_ap_vld  |   in|    1|     ap_none|         exp_buf_0_11|       pointer|
|exp_buf_0_12         |   in|   32|     ap_none|         exp_buf_0_12|       pointer|
|exp_buf_0_12_ap_vld  |   in|    1|     ap_none|         exp_buf_0_12|       pointer|
|exp_buf_0_13         |   in|   32|     ap_none|         exp_buf_0_13|       pointer|
|exp_buf_0_13_ap_vld  |   in|    1|     ap_none|         exp_buf_0_13|       pointer|
|exp_buf_0_14         |   in|   32|     ap_none|         exp_buf_0_14|       pointer|
|exp_buf_0_14_ap_vld  |   in|    1|     ap_none|         exp_buf_0_14|       pointer|
|exp_buf_0_15         |   in|   32|     ap_none|         exp_buf_0_15|       pointer|
|exp_buf_0_15_ap_vld  |   in|    1|     ap_none|         exp_buf_0_15|       pointer|
|exp_buf_0_16         |   in|   32|     ap_none|         exp_buf_0_16|       pointer|
|exp_buf_0_16_ap_vld  |   in|    1|     ap_none|         exp_buf_0_16|       pointer|
|exp_buf_0_17         |   in|   32|     ap_none|         exp_buf_0_17|       pointer|
|exp_buf_0_17_ap_vld  |   in|    1|     ap_none|         exp_buf_0_17|       pointer|
|exp_buf_0_18         |   in|   32|     ap_none|         exp_buf_0_18|       pointer|
|exp_buf_0_18_ap_vld  |   in|    1|     ap_none|         exp_buf_0_18|       pointer|
|exp_buf_0_19         |   in|   32|     ap_none|         exp_buf_0_19|       pointer|
|exp_buf_0_19_ap_vld  |   in|    1|     ap_none|         exp_buf_0_19|       pointer|
|exp_buf_0_20         |   in|   32|     ap_none|         exp_buf_0_20|       pointer|
|exp_buf_0_20_ap_vld  |   in|    1|     ap_none|         exp_buf_0_20|       pointer|
|exp_buf_0_21         |   in|   32|     ap_none|         exp_buf_0_21|       pointer|
|exp_buf_0_21_ap_vld  |   in|    1|     ap_none|         exp_buf_0_21|       pointer|
|exp_buf_0_22         |   in|   32|     ap_none|         exp_buf_0_22|       pointer|
|exp_buf_0_22_ap_vld  |   in|    1|     ap_none|         exp_buf_0_22|       pointer|
|exp_buf_0_23         |   in|   32|     ap_none|         exp_buf_0_23|       pointer|
|exp_buf_0_23_ap_vld  |   in|    1|     ap_none|         exp_buf_0_23|       pointer|
|exp_buf_0_24         |   in|   32|     ap_none|         exp_buf_0_24|       pointer|
|exp_buf_0_24_ap_vld  |   in|    1|     ap_none|         exp_buf_0_24|       pointer|
|exp_buf_0_25         |   in|   32|     ap_none|         exp_buf_0_25|       pointer|
|exp_buf_0_25_ap_vld  |   in|    1|     ap_none|         exp_buf_0_25|       pointer|
|exp_buf_0_26         |   in|   32|     ap_none|         exp_buf_0_26|       pointer|
|exp_buf_0_26_ap_vld  |   in|    1|     ap_none|         exp_buf_0_26|       pointer|
|exp_buf_0_27         |   in|   32|     ap_none|         exp_buf_0_27|       pointer|
|exp_buf_0_27_ap_vld  |   in|    1|     ap_none|         exp_buf_0_27|       pointer|
|exp_buf_0_28         |   in|   32|     ap_none|         exp_buf_0_28|       pointer|
|exp_buf_0_28_ap_vld  |   in|    1|     ap_none|         exp_buf_0_28|       pointer|
|exp_buf_0_29         |   in|   32|     ap_none|         exp_buf_0_29|       pointer|
|exp_buf_0_29_ap_vld  |   in|    1|     ap_none|         exp_buf_0_29|       pointer|
|exp_buf_0_30         |   in|   32|     ap_none|         exp_buf_0_30|       pointer|
|exp_buf_0_30_ap_vld  |   in|    1|     ap_none|         exp_buf_0_30|       pointer|
|exp_buf_0_31         |   in|   32|     ap_none|         exp_buf_0_31|       pointer|
|exp_buf_0_31_ap_vld  |   in|    1|     ap_none|         exp_buf_0_31|       pointer|
|exp_buf_0_32         |   in|   32|     ap_none|         exp_buf_0_32|       pointer|
|exp_buf_0_32_ap_vld  |   in|    1|     ap_none|         exp_buf_0_32|       pointer|
|exp_buf_0_33         |   in|   32|     ap_none|         exp_buf_0_33|       pointer|
|exp_buf_0_33_ap_vld  |   in|    1|     ap_none|         exp_buf_0_33|       pointer|
|exp_buf_0_34         |   in|   32|     ap_none|         exp_buf_0_34|       pointer|
|exp_buf_0_34_ap_vld  |   in|    1|     ap_none|         exp_buf_0_34|       pointer|
|exp_buf_0_35         |   in|   32|     ap_none|         exp_buf_0_35|       pointer|
|exp_buf_0_35_ap_vld  |   in|    1|     ap_none|         exp_buf_0_35|       pointer|
|exp_buf_0_36         |   in|   32|     ap_none|         exp_buf_0_36|       pointer|
|exp_buf_0_36_ap_vld  |   in|    1|     ap_none|         exp_buf_0_36|       pointer|
|exp_buf_0_37         |   in|   32|     ap_none|         exp_buf_0_37|       pointer|
|exp_buf_0_37_ap_vld  |   in|    1|     ap_none|         exp_buf_0_37|       pointer|
|exp_buf_0_38         |   in|   32|     ap_none|         exp_buf_0_38|       pointer|
|exp_buf_0_38_ap_vld  |   in|    1|     ap_none|         exp_buf_0_38|       pointer|
|exp_buf_0_39         |   in|   32|     ap_none|         exp_buf_0_39|       pointer|
|exp_buf_0_39_ap_vld  |   in|    1|     ap_none|         exp_buf_0_39|       pointer|
|exp_buf_0_40         |   in|   32|     ap_none|         exp_buf_0_40|       pointer|
|exp_buf_0_40_ap_vld  |   in|    1|     ap_none|         exp_buf_0_40|       pointer|
|exp_buf_0_41         |   in|   32|     ap_none|         exp_buf_0_41|       pointer|
|exp_buf_0_41_ap_vld  |   in|    1|     ap_none|         exp_buf_0_41|       pointer|
|exp_buf_0_42         |   in|   32|     ap_none|         exp_buf_0_42|       pointer|
|exp_buf_0_42_ap_vld  |   in|    1|     ap_none|         exp_buf_0_42|       pointer|
|exp_buf_0_43         |   in|   32|     ap_none|         exp_buf_0_43|       pointer|
|exp_buf_0_43_ap_vld  |   in|    1|     ap_none|         exp_buf_0_43|       pointer|
|exp_buf_0_44         |   in|   32|     ap_none|         exp_buf_0_44|       pointer|
|exp_buf_0_44_ap_vld  |   in|    1|     ap_none|         exp_buf_0_44|       pointer|
|exp_buf_0_45         |   in|   32|     ap_none|         exp_buf_0_45|       pointer|
|exp_buf_0_45_ap_vld  |   in|    1|     ap_none|         exp_buf_0_45|       pointer|
|exp_buf_0_46         |   in|   32|     ap_none|         exp_buf_0_46|       pointer|
|exp_buf_0_46_ap_vld  |   in|    1|     ap_none|         exp_buf_0_46|       pointer|
|exp_buf_0_47         |   in|   32|     ap_none|         exp_buf_0_47|       pointer|
|exp_buf_0_47_ap_vld  |   in|    1|     ap_none|         exp_buf_0_47|       pointer|
|exp_buf_0_48         |   in|   32|     ap_none|         exp_buf_0_48|       pointer|
|exp_buf_0_48_ap_vld  |   in|    1|     ap_none|         exp_buf_0_48|       pointer|
|exp_buf_0_49         |   in|   32|     ap_none|         exp_buf_0_49|       pointer|
|exp_buf_0_49_ap_vld  |   in|    1|     ap_none|         exp_buf_0_49|       pointer|
|exp_buf_0_50         |   in|   32|     ap_none|         exp_buf_0_50|       pointer|
|exp_buf_0_50_ap_vld  |   in|    1|     ap_none|         exp_buf_0_50|       pointer|
|exp_buf_0_51         |   in|   32|     ap_none|         exp_buf_0_51|       pointer|
|exp_buf_0_51_ap_vld  |   in|    1|     ap_none|         exp_buf_0_51|       pointer|
|exp_buf_0_52         |   in|   32|     ap_none|         exp_buf_0_52|       pointer|
|exp_buf_0_52_ap_vld  |   in|    1|     ap_none|         exp_buf_0_52|       pointer|
|exp_buf_0_53         |   in|   32|     ap_none|         exp_buf_0_53|       pointer|
|exp_buf_0_53_ap_vld  |   in|    1|     ap_none|         exp_buf_0_53|       pointer|
|exp_buf_0_54         |   in|   32|     ap_none|         exp_buf_0_54|       pointer|
|exp_buf_0_54_ap_vld  |   in|    1|     ap_none|         exp_buf_0_54|       pointer|
|exp_buf_0_55         |   in|   32|     ap_none|         exp_buf_0_55|       pointer|
|exp_buf_0_55_ap_vld  |   in|    1|     ap_none|         exp_buf_0_55|       pointer|
|exp_buf_0_56         |   in|   32|     ap_none|         exp_buf_0_56|       pointer|
|exp_buf_0_56_ap_vld  |   in|    1|     ap_none|         exp_buf_0_56|       pointer|
|exp_buf_0_57         |   in|   32|     ap_none|         exp_buf_0_57|       pointer|
|exp_buf_0_57_ap_vld  |   in|    1|     ap_none|         exp_buf_0_57|       pointer|
|exp_buf_0_58         |   in|   32|     ap_none|         exp_buf_0_58|       pointer|
|exp_buf_0_58_ap_vld  |   in|    1|     ap_none|         exp_buf_0_58|       pointer|
|exp_buf_0_59         |   in|   32|     ap_none|         exp_buf_0_59|       pointer|
|exp_buf_0_59_ap_vld  |   in|    1|     ap_none|         exp_buf_0_59|       pointer|
|exp_buf_0_60         |   in|   32|     ap_none|         exp_buf_0_60|       pointer|
|exp_buf_0_60_ap_vld  |   in|    1|     ap_none|         exp_buf_0_60|       pointer|
|exp_buf_0_61         |   in|   32|     ap_none|         exp_buf_0_61|       pointer|
|exp_buf_0_61_ap_vld  |   in|    1|     ap_none|         exp_buf_0_61|       pointer|
|exp_buf_0_62         |   in|   32|     ap_none|         exp_buf_0_62|       pointer|
|exp_buf_0_62_ap_vld  |   in|    1|     ap_none|         exp_buf_0_62|       pointer|
|exp_buf_0_63         |   in|   32|     ap_none|         exp_buf_0_63|       pointer|
|exp_buf_0_63_ap_vld  |   in|    1|     ap_none|         exp_buf_0_63|       pointer|
|exp_buf_1_0          |   in|   32|     ap_none|          exp_buf_1_0|       pointer|
|exp_buf_1_0_ap_vld   |   in|    1|     ap_none|          exp_buf_1_0|       pointer|
|exp_buf_1_1          |   in|   32|     ap_none|          exp_buf_1_1|       pointer|
|exp_buf_1_1_ap_vld   |   in|    1|     ap_none|          exp_buf_1_1|       pointer|
|exp_buf_1_2          |   in|   32|     ap_none|          exp_buf_1_2|       pointer|
|exp_buf_1_2_ap_vld   |   in|    1|     ap_none|          exp_buf_1_2|       pointer|
|exp_buf_1_3          |   in|   32|     ap_none|          exp_buf_1_3|       pointer|
|exp_buf_1_3_ap_vld   |   in|    1|     ap_none|          exp_buf_1_3|       pointer|
|exp_buf_1_4          |   in|   32|     ap_none|          exp_buf_1_4|       pointer|
|exp_buf_1_4_ap_vld   |   in|    1|     ap_none|          exp_buf_1_4|       pointer|
|exp_buf_1_5          |   in|   32|     ap_none|          exp_buf_1_5|       pointer|
|exp_buf_1_5_ap_vld   |   in|    1|     ap_none|          exp_buf_1_5|       pointer|
|exp_buf_1_6          |   in|   32|     ap_none|          exp_buf_1_6|       pointer|
|exp_buf_1_6_ap_vld   |   in|    1|     ap_none|          exp_buf_1_6|       pointer|
|exp_buf_1_7          |   in|   32|     ap_none|          exp_buf_1_7|       pointer|
|exp_buf_1_7_ap_vld   |   in|    1|     ap_none|          exp_buf_1_7|       pointer|
|exp_buf_1_8          |   in|   32|     ap_none|          exp_buf_1_8|       pointer|
|exp_buf_1_8_ap_vld   |   in|    1|     ap_none|          exp_buf_1_8|       pointer|
|exp_buf_1_9          |   in|   32|     ap_none|          exp_buf_1_9|       pointer|
|exp_buf_1_9_ap_vld   |   in|    1|     ap_none|          exp_buf_1_9|       pointer|
|exp_buf_1_10         |   in|   32|     ap_none|         exp_buf_1_10|       pointer|
|exp_buf_1_10_ap_vld  |   in|    1|     ap_none|         exp_buf_1_10|       pointer|
|exp_buf_1_11         |   in|   32|     ap_none|         exp_buf_1_11|       pointer|
|exp_buf_1_11_ap_vld  |   in|    1|     ap_none|         exp_buf_1_11|       pointer|
|exp_buf_1_12         |   in|   32|     ap_none|         exp_buf_1_12|       pointer|
|exp_buf_1_12_ap_vld  |   in|    1|     ap_none|         exp_buf_1_12|       pointer|
|exp_buf_1_13         |   in|   32|     ap_none|         exp_buf_1_13|       pointer|
|exp_buf_1_13_ap_vld  |   in|    1|     ap_none|         exp_buf_1_13|       pointer|
|exp_buf_1_14         |   in|   32|     ap_none|         exp_buf_1_14|       pointer|
|exp_buf_1_14_ap_vld  |   in|    1|     ap_none|         exp_buf_1_14|       pointer|
|exp_buf_1_15         |   in|   32|     ap_none|         exp_buf_1_15|       pointer|
|exp_buf_1_15_ap_vld  |   in|    1|     ap_none|         exp_buf_1_15|       pointer|
|exp_buf_1_16         |   in|   32|     ap_none|         exp_buf_1_16|       pointer|
|exp_buf_1_16_ap_vld  |   in|    1|     ap_none|         exp_buf_1_16|       pointer|
|exp_buf_1_17         |   in|   32|     ap_none|         exp_buf_1_17|       pointer|
|exp_buf_1_17_ap_vld  |   in|    1|     ap_none|         exp_buf_1_17|       pointer|
|exp_buf_1_18         |   in|   32|     ap_none|         exp_buf_1_18|       pointer|
|exp_buf_1_18_ap_vld  |   in|    1|     ap_none|         exp_buf_1_18|       pointer|
|exp_buf_1_19         |   in|   32|     ap_none|         exp_buf_1_19|       pointer|
|exp_buf_1_19_ap_vld  |   in|    1|     ap_none|         exp_buf_1_19|       pointer|
|exp_buf_1_20         |   in|   32|     ap_none|         exp_buf_1_20|       pointer|
|exp_buf_1_20_ap_vld  |   in|    1|     ap_none|         exp_buf_1_20|       pointer|
|exp_buf_1_21         |   in|   32|     ap_none|         exp_buf_1_21|       pointer|
|exp_buf_1_21_ap_vld  |   in|    1|     ap_none|         exp_buf_1_21|       pointer|
|exp_buf_1_22         |   in|   32|     ap_none|         exp_buf_1_22|       pointer|
|exp_buf_1_22_ap_vld  |   in|    1|     ap_none|         exp_buf_1_22|       pointer|
|exp_buf_1_23         |   in|   32|     ap_none|         exp_buf_1_23|       pointer|
|exp_buf_1_23_ap_vld  |   in|    1|     ap_none|         exp_buf_1_23|       pointer|
|exp_buf_1_24         |   in|   32|     ap_none|         exp_buf_1_24|       pointer|
|exp_buf_1_24_ap_vld  |   in|    1|     ap_none|         exp_buf_1_24|       pointer|
|exp_buf_1_25         |   in|   32|     ap_none|         exp_buf_1_25|       pointer|
|exp_buf_1_25_ap_vld  |   in|    1|     ap_none|         exp_buf_1_25|       pointer|
|exp_buf_1_26         |   in|   32|     ap_none|         exp_buf_1_26|       pointer|
|exp_buf_1_26_ap_vld  |   in|    1|     ap_none|         exp_buf_1_26|       pointer|
|exp_buf_1_27         |   in|   32|     ap_none|         exp_buf_1_27|       pointer|
|exp_buf_1_27_ap_vld  |   in|    1|     ap_none|         exp_buf_1_27|       pointer|
|exp_buf_1_28         |   in|   32|     ap_none|         exp_buf_1_28|       pointer|
|exp_buf_1_28_ap_vld  |   in|    1|     ap_none|         exp_buf_1_28|       pointer|
|exp_buf_1_29         |   in|   32|     ap_none|         exp_buf_1_29|       pointer|
|exp_buf_1_29_ap_vld  |   in|    1|     ap_none|         exp_buf_1_29|       pointer|
|exp_buf_1_30         |   in|   32|     ap_none|         exp_buf_1_30|       pointer|
|exp_buf_1_30_ap_vld  |   in|    1|     ap_none|         exp_buf_1_30|       pointer|
|exp_buf_1_31         |   in|   32|     ap_none|         exp_buf_1_31|       pointer|
|exp_buf_1_31_ap_vld  |   in|    1|     ap_none|         exp_buf_1_31|       pointer|
|exp_buf_1_32         |   in|   32|     ap_none|         exp_buf_1_32|       pointer|
|exp_buf_1_32_ap_vld  |   in|    1|     ap_none|         exp_buf_1_32|       pointer|
|exp_buf_1_33         |   in|   32|     ap_none|         exp_buf_1_33|       pointer|
|exp_buf_1_33_ap_vld  |   in|    1|     ap_none|         exp_buf_1_33|       pointer|
|exp_buf_1_34         |   in|   32|     ap_none|         exp_buf_1_34|       pointer|
|exp_buf_1_34_ap_vld  |   in|    1|     ap_none|         exp_buf_1_34|       pointer|
|exp_buf_1_35         |   in|   32|     ap_none|         exp_buf_1_35|       pointer|
|exp_buf_1_35_ap_vld  |   in|    1|     ap_none|         exp_buf_1_35|       pointer|
|exp_buf_1_36         |   in|   32|     ap_none|         exp_buf_1_36|       pointer|
|exp_buf_1_36_ap_vld  |   in|    1|     ap_none|         exp_buf_1_36|       pointer|
|exp_buf_1_37         |   in|   32|     ap_none|         exp_buf_1_37|       pointer|
|exp_buf_1_37_ap_vld  |   in|    1|     ap_none|         exp_buf_1_37|       pointer|
|exp_buf_1_38         |   in|   32|     ap_none|         exp_buf_1_38|       pointer|
|exp_buf_1_38_ap_vld  |   in|    1|     ap_none|         exp_buf_1_38|       pointer|
|exp_buf_1_39         |   in|   32|     ap_none|         exp_buf_1_39|       pointer|
|exp_buf_1_39_ap_vld  |   in|    1|     ap_none|         exp_buf_1_39|       pointer|
|exp_buf_1_40         |   in|   32|     ap_none|         exp_buf_1_40|       pointer|
|exp_buf_1_40_ap_vld  |   in|    1|     ap_none|         exp_buf_1_40|       pointer|
|exp_buf_1_41         |   in|   32|     ap_none|         exp_buf_1_41|       pointer|
|exp_buf_1_41_ap_vld  |   in|    1|     ap_none|         exp_buf_1_41|       pointer|
|exp_buf_1_42         |   in|   32|     ap_none|         exp_buf_1_42|       pointer|
|exp_buf_1_42_ap_vld  |   in|    1|     ap_none|         exp_buf_1_42|       pointer|
|exp_buf_1_43         |   in|   32|     ap_none|         exp_buf_1_43|       pointer|
|exp_buf_1_43_ap_vld  |   in|    1|     ap_none|         exp_buf_1_43|       pointer|
|exp_buf_1_44         |   in|   32|     ap_none|         exp_buf_1_44|       pointer|
|exp_buf_1_44_ap_vld  |   in|    1|     ap_none|         exp_buf_1_44|       pointer|
|exp_buf_1_45         |   in|   32|     ap_none|         exp_buf_1_45|       pointer|
|exp_buf_1_45_ap_vld  |   in|    1|     ap_none|         exp_buf_1_45|       pointer|
|exp_buf_1_46         |   in|   32|     ap_none|         exp_buf_1_46|       pointer|
|exp_buf_1_46_ap_vld  |   in|    1|     ap_none|         exp_buf_1_46|       pointer|
|exp_buf_1_47         |   in|   32|     ap_none|         exp_buf_1_47|       pointer|
|exp_buf_1_47_ap_vld  |   in|    1|     ap_none|         exp_buf_1_47|       pointer|
|exp_buf_1_48         |   in|   32|     ap_none|         exp_buf_1_48|       pointer|
|exp_buf_1_48_ap_vld  |   in|    1|     ap_none|         exp_buf_1_48|       pointer|
|exp_buf_1_49         |   in|   32|     ap_none|         exp_buf_1_49|       pointer|
|exp_buf_1_49_ap_vld  |   in|    1|     ap_none|         exp_buf_1_49|       pointer|
|exp_buf_1_50         |   in|   32|     ap_none|         exp_buf_1_50|       pointer|
|exp_buf_1_50_ap_vld  |   in|    1|     ap_none|         exp_buf_1_50|       pointer|
|exp_buf_1_51         |   in|   32|     ap_none|         exp_buf_1_51|       pointer|
|exp_buf_1_51_ap_vld  |   in|    1|     ap_none|         exp_buf_1_51|       pointer|
|exp_buf_1_52         |   in|   32|     ap_none|         exp_buf_1_52|       pointer|
|exp_buf_1_52_ap_vld  |   in|    1|     ap_none|         exp_buf_1_52|       pointer|
|exp_buf_1_53         |   in|   32|     ap_none|         exp_buf_1_53|       pointer|
|exp_buf_1_53_ap_vld  |   in|    1|     ap_none|         exp_buf_1_53|       pointer|
|exp_buf_1_54         |   in|   32|     ap_none|         exp_buf_1_54|       pointer|
|exp_buf_1_54_ap_vld  |   in|    1|     ap_none|         exp_buf_1_54|       pointer|
|exp_buf_1_55         |   in|   32|     ap_none|         exp_buf_1_55|       pointer|
|exp_buf_1_55_ap_vld  |   in|    1|     ap_none|         exp_buf_1_55|       pointer|
|exp_buf_1_56         |   in|   32|     ap_none|         exp_buf_1_56|       pointer|
|exp_buf_1_56_ap_vld  |   in|    1|     ap_none|         exp_buf_1_56|       pointer|
|exp_buf_1_57         |   in|   32|     ap_none|         exp_buf_1_57|       pointer|
|exp_buf_1_57_ap_vld  |   in|    1|     ap_none|         exp_buf_1_57|       pointer|
|exp_buf_1_58         |   in|   32|     ap_none|         exp_buf_1_58|       pointer|
|exp_buf_1_58_ap_vld  |   in|    1|     ap_none|         exp_buf_1_58|       pointer|
|exp_buf_1_59         |   in|   32|     ap_none|         exp_buf_1_59|       pointer|
|exp_buf_1_59_ap_vld  |   in|    1|     ap_none|         exp_buf_1_59|       pointer|
|exp_buf_1_60         |   in|   32|     ap_none|         exp_buf_1_60|       pointer|
|exp_buf_1_60_ap_vld  |   in|    1|     ap_none|         exp_buf_1_60|       pointer|
|exp_buf_1_61         |   in|   32|     ap_none|         exp_buf_1_61|       pointer|
|exp_buf_1_61_ap_vld  |   in|    1|     ap_none|         exp_buf_1_61|       pointer|
|exp_buf_1_62         |   in|   32|     ap_none|         exp_buf_1_62|       pointer|
|exp_buf_1_62_ap_vld  |   in|    1|     ap_none|         exp_buf_1_62|       pointer|
|exp_buf_1_63         |   in|   32|     ap_none|         exp_buf_1_63|       pointer|
|exp_buf_1_63_ap_vld  |   in|    1|     ap_none|         exp_buf_1_63|       pointer|
|exp_buf_2_0          |   in|   32|     ap_none|          exp_buf_2_0|       pointer|
|exp_buf_2_0_ap_vld   |   in|    1|     ap_none|          exp_buf_2_0|       pointer|
|exp_buf_2_1          |   in|   32|     ap_none|          exp_buf_2_1|       pointer|
|exp_buf_2_1_ap_vld   |   in|    1|     ap_none|          exp_buf_2_1|       pointer|
|exp_buf_2_2          |   in|   32|     ap_none|          exp_buf_2_2|       pointer|
|exp_buf_2_2_ap_vld   |   in|    1|     ap_none|          exp_buf_2_2|       pointer|
|exp_buf_2_3          |   in|   32|     ap_none|          exp_buf_2_3|       pointer|
|exp_buf_2_3_ap_vld   |   in|    1|     ap_none|          exp_buf_2_3|       pointer|
|exp_buf_2_4          |   in|   32|     ap_none|          exp_buf_2_4|       pointer|
|exp_buf_2_4_ap_vld   |   in|    1|     ap_none|          exp_buf_2_4|       pointer|
|exp_buf_2_5          |   in|   32|     ap_none|          exp_buf_2_5|       pointer|
|exp_buf_2_5_ap_vld   |   in|    1|     ap_none|          exp_buf_2_5|       pointer|
|exp_buf_2_6          |   in|   32|     ap_none|          exp_buf_2_6|       pointer|
|exp_buf_2_6_ap_vld   |   in|    1|     ap_none|          exp_buf_2_6|       pointer|
|exp_buf_2_7          |   in|   32|     ap_none|          exp_buf_2_7|       pointer|
|exp_buf_2_7_ap_vld   |   in|    1|     ap_none|          exp_buf_2_7|       pointer|
|exp_buf_2_8          |   in|   32|     ap_none|          exp_buf_2_8|       pointer|
|exp_buf_2_8_ap_vld   |   in|    1|     ap_none|          exp_buf_2_8|       pointer|
|exp_buf_2_9          |   in|   32|     ap_none|          exp_buf_2_9|       pointer|
|exp_buf_2_9_ap_vld   |   in|    1|     ap_none|          exp_buf_2_9|       pointer|
|exp_buf_2_10         |   in|   32|     ap_none|         exp_buf_2_10|       pointer|
|exp_buf_2_10_ap_vld  |   in|    1|     ap_none|         exp_buf_2_10|       pointer|
|exp_buf_2_11         |   in|   32|     ap_none|         exp_buf_2_11|       pointer|
|exp_buf_2_11_ap_vld  |   in|    1|     ap_none|         exp_buf_2_11|       pointer|
|exp_buf_2_12         |   in|   32|     ap_none|         exp_buf_2_12|       pointer|
|exp_buf_2_12_ap_vld  |   in|    1|     ap_none|         exp_buf_2_12|       pointer|
|exp_buf_2_13         |   in|   32|     ap_none|         exp_buf_2_13|       pointer|
|exp_buf_2_13_ap_vld  |   in|    1|     ap_none|         exp_buf_2_13|       pointer|
|exp_buf_2_14         |   in|   32|     ap_none|         exp_buf_2_14|       pointer|
|exp_buf_2_14_ap_vld  |   in|    1|     ap_none|         exp_buf_2_14|       pointer|
|exp_buf_2_15         |   in|   32|     ap_none|         exp_buf_2_15|       pointer|
|exp_buf_2_15_ap_vld  |   in|    1|     ap_none|         exp_buf_2_15|       pointer|
|exp_buf_2_16         |   in|   32|     ap_none|         exp_buf_2_16|       pointer|
|exp_buf_2_16_ap_vld  |   in|    1|     ap_none|         exp_buf_2_16|       pointer|
|exp_buf_2_17         |   in|   32|     ap_none|         exp_buf_2_17|       pointer|
|exp_buf_2_17_ap_vld  |   in|    1|     ap_none|         exp_buf_2_17|       pointer|
|exp_buf_2_18         |   in|   32|     ap_none|         exp_buf_2_18|       pointer|
|exp_buf_2_18_ap_vld  |   in|    1|     ap_none|         exp_buf_2_18|       pointer|
|exp_buf_2_19         |   in|   32|     ap_none|         exp_buf_2_19|       pointer|
|exp_buf_2_19_ap_vld  |   in|    1|     ap_none|         exp_buf_2_19|       pointer|
|exp_buf_2_20         |   in|   32|     ap_none|         exp_buf_2_20|       pointer|
|exp_buf_2_20_ap_vld  |   in|    1|     ap_none|         exp_buf_2_20|       pointer|
|exp_buf_2_21         |   in|   32|     ap_none|         exp_buf_2_21|       pointer|
|exp_buf_2_21_ap_vld  |   in|    1|     ap_none|         exp_buf_2_21|       pointer|
|exp_buf_2_22         |   in|   32|     ap_none|         exp_buf_2_22|       pointer|
|exp_buf_2_22_ap_vld  |   in|    1|     ap_none|         exp_buf_2_22|       pointer|
|exp_buf_2_23         |   in|   32|     ap_none|         exp_buf_2_23|       pointer|
|exp_buf_2_23_ap_vld  |   in|    1|     ap_none|         exp_buf_2_23|       pointer|
|exp_buf_2_24         |   in|   32|     ap_none|         exp_buf_2_24|       pointer|
|exp_buf_2_24_ap_vld  |   in|    1|     ap_none|         exp_buf_2_24|       pointer|
|exp_buf_2_25         |   in|   32|     ap_none|         exp_buf_2_25|       pointer|
|exp_buf_2_25_ap_vld  |   in|    1|     ap_none|         exp_buf_2_25|       pointer|
|exp_buf_2_26         |   in|   32|     ap_none|         exp_buf_2_26|       pointer|
|exp_buf_2_26_ap_vld  |   in|    1|     ap_none|         exp_buf_2_26|       pointer|
|exp_buf_2_27         |   in|   32|     ap_none|         exp_buf_2_27|       pointer|
|exp_buf_2_27_ap_vld  |   in|    1|     ap_none|         exp_buf_2_27|       pointer|
|exp_buf_2_28         |   in|   32|     ap_none|         exp_buf_2_28|       pointer|
|exp_buf_2_28_ap_vld  |   in|    1|     ap_none|         exp_buf_2_28|       pointer|
|exp_buf_2_29         |   in|   32|     ap_none|         exp_buf_2_29|       pointer|
|exp_buf_2_29_ap_vld  |   in|    1|     ap_none|         exp_buf_2_29|       pointer|
|exp_buf_2_30         |   in|   32|     ap_none|         exp_buf_2_30|       pointer|
|exp_buf_2_30_ap_vld  |   in|    1|     ap_none|         exp_buf_2_30|       pointer|
|exp_buf_2_31         |   in|   32|     ap_none|         exp_buf_2_31|       pointer|
|exp_buf_2_31_ap_vld  |   in|    1|     ap_none|         exp_buf_2_31|       pointer|
|exp_buf_2_32         |   in|   32|     ap_none|         exp_buf_2_32|       pointer|
|exp_buf_2_32_ap_vld  |   in|    1|     ap_none|         exp_buf_2_32|       pointer|
|exp_buf_2_33         |   in|   32|     ap_none|         exp_buf_2_33|       pointer|
|exp_buf_2_33_ap_vld  |   in|    1|     ap_none|         exp_buf_2_33|       pointer|
|exp_buf_2_34         |   in|   32|     ap_none|         exp_buf_2_34|       pointer|
|exp_buf_2_34_ap_vld  |   in|    1|     ap_none|         exp_buf_2_34|       pointer|
|exp_buf_2_35         |   in|   32|     ap_none|         exp_buf_2_35|       pointer|
|exp_buf_2_35_ap_vld  |   in|    1|     ap_none|         exp_buf_2_35|       pointer|
|exp_buf_2_36         |   in|   32|     ap_none|         exp_buf_2_36|       pointer|
|exp_buf_2_36_ap_vld  |   in|    1|     ap_none|         exp_buf_2_36|       pointer|
|exp_buf_2_37         |   in|   32|     ap_none|         exp_buf_2_37|       pointer|
|exp_buf_2_37_ap_vld  |   in|    1|     ap_none|         exp_buf_2_37|       pointer|
|exp_buf_2_38         |   in|   32|     ap_none|         exp_buf_2_38|       pointer|
|exp_buf_2_38_ap_vld  |   in|    1|     ap_none|         exp_buf_2_38|       pointer|
|exp_buf_2_39         |   in|   32|     ap_none|         exp_buf_2_39|       pointer|
|exp_buf_2_39_ap_vld  |   in|    1|     ap_none|         exp_buf_2_39|       pointer|
|exp_buf_2_40         |   in|   32|     ap_none|         exp_buf_2_40|       pointer|
|exp_buf_2_40_ap_vld  |   in|    1|     ap_none|         exp_buf_2_40|       pointer|
|exp_buf_2_41         |   in|   32|     ap_none|         exp_buf_2_41|       pointer|
|exp_buf_2_41_ap_vld  |   in|    1|     ap_none|         exp_buf_2_41|       pointer|
|exp_buf_2_42         |   in|   32|     ap_none|         exp_buf_2_42|       pointer|
|exp_buf_2_42_ap_vld  |   in|    1|     ap_none|         exp_buf_2_42|       pointer|
|exp_buf_2_43         |   in|   32|     ap_none|         exp_buf_2_43|       pointer|
|exp_buf_2_43_ap_vld  |   in|    1|     ap_none|         exp_buf_2_43|       pointer|
|exp_buf_2_44         |   in|   32|     ap_none|         exp_buf_2_44|       pointer|
|exp_buf_2_44_ap_vld  |   in|    1|     ap_none|         exp_buf_2_44|       pointer|
|exp_buf_2_45         |   in|   32|     ap_none|         exp_buf_2_45|       pointer|
|exp_buf_2_45_ap_vld  |   in|    1|     ap_none|         exp_buf_2_45|       pointer|
|exp_buf_2_46         |   in|   32|     ap_none|         exp_buf_2_46|       pointer|
|exp_buf_2_46_ap_vld  |   in|    1|     ap_none|         exp_buf_2_46|       pointer|
|exp_buf_2_47         |   in|   32|     ap_none|         exp_buf_2_47|       pointer|
|exp_buf_2_47_ap_vld  |   in|    1|     ap_none|         exp_buf_2_47|       pointer|
|exp_buf_2_48         |   in|   32|     ap_none|         exp_buf_2_48|       pointer|
|exp_buf_2_48_ap_vld  |   in|    1|     ap_none|         exp_buf_2_48|       pointer|
|exp_buf_2_49         |   in|   32|     ap_none|         exp_buf_2_49|       pointer|
|exp_buf_2_49_ap_vld  |   in|    1|     ap_none|         exp_buf_2_49|       pointer|
|exp_buf_2_50         |   in|   32|     ap_none|         exp_buf_2_50|       pointer|
|exp_buf_2_50_ap_vld  |   in|    1|     ap_none|         exp_buf_2_50|       pointer|
|exp_buf_2_51         |   in|   32|     ap_none|         exp_buf_2_51|       pointer|
|exp_buf_2_51_ap_vld  |   in|    1|     ap_none|         exp_buf_2_51|       pointer|
|exp_buf_2_52         |   in|   32|     ap_none|         exp_buf_2_52|       pointer|
|exp_buf_2_52_ap_vld  |   in|    1|     ap_none|         exp_buf_2_52|       pointer|
|exp_buf_2_53         |   in|   32|     ap_none|         exp_buf_2_53|       pointer|
|exp_buf_2_53_ap_vld  |   in|    1|     ap_none|         exp_buf_2_53|       pointer|
|exp_buf_2_54         |   in|   32|     ap_none|         exp_buf_2_54|       pointer|
|exp_buf_2_54_ap_vld  |   in|    1|     ap_none|         exp_buf_2_54|       pointer|
|exp_buf_2_55         |   in|   32|     ap_none|         exp_buf_2_55|       pointer|
|exp_buf_2_55_ap_vld  |   in|    1|     ap_none|         exp_buf_2_55|       pointer|
|exp_buf_2_56         |   in|   32|     ap_none|         exp_buf_2_56|       pointer|
|exp_buf_2_56_ap_vld  |   in|    1|     ap_none|         exp_buf_2_56|       pointer|
|exp_buf_2_57         |   in|   32|     ap_none|         exp_buf_2_57|       pointer|
|exp_buf_2_57_ap_vld  |   in|    1|     ap_none|         exp_buf_2_57|       pointer|
|exp_buf_2_58         |   in|   32|     ap_none|         exp_buf_2_58|       pointer|
|exp_buf_2_58_ap_vld  |   in|    1|     ap_none|         exp_buf_2_58|       pointer|
|exp_buf_2_59         |   in|   32|     ap_none|         exp_buf_2_59|       pointer|
|exp_buf_2_59_ap_vld  |   in|    1|     ap_none|         exp_buf_2_59|       pointer|
|exp_buf_2_60         |   in|   32|     ap_none|         exp_buf_2_60|       pointer|
|exp_buf_2_60_ap_vld  |   in|    1|     ap_none|         exp_buf_2_60|       pointer|
|exp_buf_2_61         |   in|   32|     ap_none|         exp_buf_2_61|       pointer|
|exp_buf_2_61_ap_vld  |   in|    1|     ap_none|         exp_buf_2_61|       pointer|
|exp_buf_2_62         |   in|   32|     ap_none|         exp_buf_2_62|       pointer|
|exp_buf_2_62_ap_vld  |   in|    1|     ap_none|         exp_buf_2_62|       pointer|
|exp_buf_2_63         |   in|   32|     ap_none|         exp_buf_2_63|       pointer|
|exp_buf_2_63_ap_vld  |   in|    1|     ap_none|         exp_buf_2_63|       pointer|
|exp_buf_3_0          |   in|   32|     ap_none|          exp_buf_3_0|       pointer|
|exp_buf_3_0_ap_vld   |   in|    1|     ap_none|          exp_buf_3_0|       pointer|
|exp_buf_3_1          |   in|   32|     ap_none|          exp_buf_3_1|       pointer|
|exp_buf_3_1_ap_vld   |   in|    1|     ap_none|          exp_buf_3_1|       pointer|
|exp_buf_3_2          |   in|   32|     ap_none|          exp_buf_3_2|       pointer|
|exp_buf_3_2_ap_vld   |   in|    1|     ap_none|          exp_buf_3_2|       pointer|
|exp_buf_3_3          |   in|   32|     ap_none|          exp_buf_3_3|       pointer|
|exp_buf_3_3_ap_vld   |   in|    1|     ap_none|          exp_buf_3_3|       pointer|
|exp_buf_3_4          |   in|   32|     ap_none|          exp_buf_3_4|       pointer|
|exp_buf_3_4_ap_vld   |   in|    1|     ap_none|          exp_buf_3_4|       pointer|
|exp_buf_3_5          |   in|   32|     ap_none|          exp_buf_3_5|       pointer|
|exp_buf_3_5_ap_vld   |   in|    1|     ap_none|          exp_buf_3_5|       pointer|
|exp_buf_3_6          |   in|   32|     ap_none|          exp_buf_3_6|       pointer|
|exp_buf_3_6_ap_vld   |   in|    1|     ap_none|          exp_buf_3_6|       pointer|
|exp_buf_3_7          |   in|   32|     ap_none|          exp_buf_3_7|       pointer|
|exp_buf_3_7_ap_vld   |   in|    1|     ap_none|          exp_buf_3_7|       pointer|
|exp_buf_3_8          |   in|   32|     ap_none|          exp_buf_3_8|       pointer|
|exp_buf_3_8_ap_vld   |   in|    1|     ap_none|          exp_buf_3_8|       pointer|
|exp_buf_3_9          |   in|   32|     ap_none|          exp_buf_3_9|       pointer|
|exp_buf_3_9_ap_vld   |   in|    1|     ap_none|          exp_buf_3_9|       pointer|
|exp_buf_3_10         |   in|   32|     ap_none|         exp_buf_3_10|       pointer|
|exp_buf_3_10_ap_vld  |   in|    1|     ap_none|         exp_buf_3_10|       pointer|
|exp_buf_3_11         |   in|   32|     ap_none|         exp_buf_3_11|       pointer|
|exp_buf_3_11_ap_vld  |   in|    1|     ap_none|         exp_buf_3_11|       pointer|
|exp_buf_3_12         |   in|   32|     ap_none|         exp_buf_3_12|       pointer|
|exp_buf_3_12_ap_vld  |   in|    1|     ap_none|         exp_buf_3_12|       pointer|
|exp_buf_3_13         |   in|   32|     ap_none|         exp_buf_3_13|       pointer|
|exp_buf_3_13_ap_vld  |   in|    1|     ap_none|         exp_buf_3_13|       pointer|
|exp_buf_3_14         |   in|   32|     ap_none|         exp_buf_3_14|       pointer|
|exp_buf_3_14_ap_vld  |   in|    1|     ap_none|         exp_buf_3_14|       pointer|
|exp_buf_3_15         |   in|   32|     ap_none|         exp_buf_3_15|       pointer|
|exp_buf_3_15_ap_vld  |   in|    1|     ap_none|         exp_buf_3_15|       pointer|
|exp_buf_3_16         |   in|   32|     ap_none|         exp_buf_3_16|       pointer|
|exp_buf_3_16_ap_vld  |   in|    1|     ap_none|         exp_buf_3_16|       pointer|
|exp_buf_3_17         |   in|   32|     ap_none|         exp_buf_3_17|       pointer|
|exp_buf_3_17_ap_vld  |   in|    1|     ap_none|         exp_buf_3_17|       pointer|
|exp_buf_3_18         |   in|   32|     ap_none|         exp_buf_3_18|       pointer|
|exp_buf_3_18_ap_vld  |   in|    1|     ap_none|         exp_buf_3_18|       pointer|
|exp_buf_3_19         |   in|   32|     ap_none|         exp_buf_3_19|       pointer|
|exp_buf_3_19_ap_vld  |   in|    1|     ap_none|         exp_buf_3_19|       pointer|
|exp_buf_3_20         |   in|   32|     ap_none|         exp_buf_3_20|       pointer|
|exp_buf_3_20_ap_vld  |   in|    1|     ap_none|         exp_buf_3_20|       pointer|
|exp_buf_3_21         |   in|   32|     ap_none|         exp_buf_3_21|       pointer|
|exp_buf_3_21_ap_vld  |   in|    1|     ap_none|         exp_buf_3_21|       pointer|
|exp_buf_3_22         |   in|   32|     ap_none|         exp_buf_3_22|       pointer|
|exp_buf_3_22_ap_vld  |   in|    1|     ap_none|         exp_buf_3_22|       pointer|
|exp_buf_3_23         |   in|   32|     ap_none|         exp_buf_3_23|       pointer|
|exp_buf_3_23_ap_vld  |   in|    1|     ap_none|         exp_buf_3_23|       pointer|
|exp_buf_3_24         |   in|   32|     ap_none|         exp_buf_3_24|       pointer|
|exp_buf_3_24_ap_vld  |   in|    1|     ap_none|         exp_buf_3_24|       pointer|
|exp_buf_3_25         |   in|   32|     ap_none|         exp_buf_3_25|       pointer|
|exp_buf_3_25_ap_vld  |   in|    1|     ap_none|         exp_buf_3_25|       pointer|
|exp_buf_3_26         |   in|   32|     ap_none|         exp_buf_3_26|       pointer|
|exp_buf_3_26_ap_vld  |   in|    1|     ap_none|         exp_buf_3_26|       pointer|
|exp_buf_3_27         |   in|   32|     ap_none|         exp_buf_3_27|       pointer|
|exp_buf_3_27_ap_vld  |   in|    1|     ap_none|         exp_buf_3_27|       pointer|
|exp_buf_3_28         |   in|   32|     ap_none|         exp_buf_3_28|       pointer|
|exp_buf_3_28_ap_vld  |   in|    1|     ap_none|         exp_buf_3_28|       pointer|
|exp_buf_3_29         |   in|   32|     ap_none|         exp_buf_3_29|       pointer|
|exp_buf_3_29_ap_vld  |   in|    1|     ap_none|         exp_buf_3_29|       pointer|
|exp_buf_3_30         |   in|   32|     ap_none|         exp_buf_3_30|       pointer|
|exp_buf_3_30_ap_vld  |   in|    1|     ap_none|         exp_buf_3_30|       pointer|
|exp_buf_3_31         |   in|   32|     ap_none|         exp_buf_3_31|       pointer|
|exp_buf_3_31_ap_vld  |   in|    1|     ap_none|         exp_buf_3_31|       pointer|
|exp_buf_3_32         |   in|   32|     ap_none|         exp_buf_3_32|       pointer|
|exp_buf_3_32_ap_vld  |   in|    1|     ap_none|         exp_buf_3_32|       pointer|
|exp_buf_3_33         |   in|   32|     ap_none|         exp_buf_3_33|       pointer|
|exp_buf_3_33_ap_vld  |   in|    1|     ap_none|         exp_buf_3_33|       pointer|
|exp_buf_3_34         |   in|   32|     ap_none|         exp_buf_3_34|       pointer|
|exp_buf_3_34_ap_vld  |   in|    1|     ap_none|         exp_buf_3_34|       pointer|
|exp_buf_3_35         |   in|   32|     ap_none|         exp_buf_3_35|       pointer|
|exp_buf_3_35_ap_vld  |   in|    1|     ap_none|         exp_buf_3_35|       pointer|
|exp_buf_3_36         |   in|   32|     ap_none|         exp_buf_3_36|       pointer|
|exp_buf_3_36_ap_vld  |   in|    1|     ap_none|         exp_buf_3_36|       pointer|
|exp_buf_3_37         |   in|   32|     ap_none|         exp_buf_3_37|       pointer|
|exp_buf_3_37_ap_vld  |   in|    1|     ap_none|         exp_buf_3_37|       pointer|
|exp_buf_3_38         |   in|   32|     ap_none|         exp_buf_3_38|       pointer|
|exp_buf_3_38_ap_vld  |   in|    1|     ap_none|         exp_buf_3_38|       pointer|
|exp_buf_3_39         |   in|   32|     ap_none|         exp_buf_3_39|       pointer|
|exp_buf_3_39_ap_vld  |   in|    1|     ap_none|         exp_buf_3_39|       pointer|
|exp_buf_3_40         |   in|   32|     ap_none|         exp_buf_3_40|       pointer|
|exp_buf_3_40_ap_vld  |   in|    1|     ap_none|         exp_buf_3_40|       pointer|
|exp_buf_3_41         |   in|   32|     ap_none|         exp_buf_3_41|       pointer|
|exp_buf_3_41_ap_vld  |   in|    1|     ap_none|         exp_buf_3_41|       pointer|
|exp_buf_3_42         |   in|   32|     ap_none|         exp_buf_3_42|       pointer|
|exp_buf_3_42_ap_vld  |   in|    1|     ap_none|         exp_buf_3_42|       pointer|
|exp_buf_3_43         |   in|   32|     ap_none|         exp_buf_3_43|       pointer|
|exp_buf_3_43_ap_vld  |   in|    1|     ap_none|         exp_buf_3_43|       pointer|
|exp_buf_3_44         |   in|   32|     ap_none|         exp_buf_3_44|       pointer|
|exp_buf_3_44_ap_vld  |   in|    1|     ap_none|         exp_buf_3_44|       pointer|
|exp_buf_3_45         |   in|   32|     ap_none|         exp_buf_3_45|       pointer|
|exp_buf_3_45_ap_vld  |   in|    1|     ap_none|         exp_buf_3_45|       pointer|
|exp_buf_3_46         |   in|   32|     ap_none|         exp_buf_3_46|       pointer|
|exp_buf_3_46_ap_vld  |   in|    1|     ap_none|         exp_buf_3_46|       pointer|
|exp_buf_3_47         |   in|   32|     ap_none|         exp_buf_3_47|       pointer|
|exp_buf_3_47_ap_vld  |   in|    1|     ap_none|         exp_buf_3_47|       pointer|
|exp_buf_3_48         |   in|   32|     ap_none|         exp_buf_3_48|       pointer|
|exp_buf_3_48_ap_vld  |   in|    1|     ap_none|         exp_buf_3_48|       pointer|
|exp_buf_3_49         |   in|   32|     ap_none|         exp_buf_3_49|       pointer|
|exp_buf_3_49_ap_vld  |   in|    1|     ap_none|         exp_buf_3_49|       pointer|
|exp_buf_3_50         |   in|   32|     ap_none|         exp_buf_3_50|       pointer|
|exp_buf_3_50_ap_vld  |   in|    1|     ap_none|         exp_buf_3_50|       pointer|
|exp_buf_3_51         |   in|   32|     ap_none|         exp_buf_3_51|       pointer|
|exp_buf_3_51_ap_vld  |   in|    1|     ap_none|         exp_buf_3_51|       pointer|
|exp_buf_3_52         |   in|   32|     ap_none|         exp_buf_3_52|       pointer|
|exp_buf_3_52_ap_vld  |   in|    1|     ap_none|         exp_buf_3_52|       pointer|
|exp_buf_3_53         |   in|   32|     ap_none|         exp_buf_3_53|       pointer|
|exp_buf_3_53_ap_vld  |   in|    1|     ap_none|         exp_buf_3_53|       pointer|
|exp_buf_3_54         |   in|   32|     ap_none|         exp_buf_3_54|       pointer|
|exp_buf_3_54_ap_vld  |   in|    1|     ap_none|         exp_buf_3_54|       pointer|
|exp_buf_3_55         |   in|   32|     ap_none|         exp_buf_3_55|       pointer|
|exp_buf_3_55_ap_vld  |   in|    1|     ap_none|         exp_buf_3_55|       pointer|
|exp_buf_3_56         |   in|   32|     ap_none|         exp_buf_3_56|       pointer|
|exp_buf_3_56_ap_vld  |   in|    1|     ap_none|         exp_buf_3_56|       pointer|
|exp_buf_3_57         |   in|   32|     ap_none|         exp_buf_3_57|       pointer|
|exp_buf_3_57_ap_vld  |   in|    1|     ap_none|         exp_buf_3_57|       pointer|
|exp_buf_3_58         |   in|   32|     ap_none|         exp_buf_3_58|       pointer|
|exp_buf_3_58_ap_vld  |   in|    1|     ap_none|         exp_buf_3_58|       pointer|
|exp_buf_3_59         |   in|   32|     ap_none|         exp_buf_3_59|       pointer|
|exp_buf_3_59_ap_vld  |   in|    1|     ap_none|         exp_buf_3_59|       pointer|
|exp_buf_3_60         |   in|   32|     ap_none|         exp_buf_3_60|       pointer|
|exp_buf_3_60_ap_vld  |   in|    1|     ap_none|         exp_buf_3_60|       pointer|
|exp_buf_3_61         |   in|   32|     ap_none|         exp_buf_3_61|       pointer|
|exp_buf_3_61_ap_vld  |   in|    1|     ap_none|         exp_buf_3_61|       pointer|
|exp_buf_3_62         |   in|   32|     ap_none|         exp_buf_3_62|       pointer|
|exp_buf_3_62_ap_vld  |   in|    1|     ap_none|         exp_buf_3_62|       pointer|
|exp_buf_3_63         |   in|   32|     ap_none|         exp_buf_3_63|       pointer|
|exp_buf_3_63_ap_vld  |   in|    1|     ap_none|         exp_buf_3_63|       pointer|
|inv_sum_q30          |   in|   31|     ap_none|          inv_sum_q30|        scalar|
|inv_sum_q30_ap_vld   |   in|    1|     ap_none|          inv_sum_q30|        scalar|
|ap_clk               |   in|    1|  ap_ctrl_hs|  normalize_and_store|  return value|
|ap_rst               |   in|    1|  ap_ctrl_hs|  normalize_and_store|  return value|
|ap_start             |   in|    1|  ap_ctrl_hs|  normalize_and_store|  return value|
|ap_done              |  out|    1|  ap_ctrl_hs|  normalize_and_store|  return value|
|ap_ready             |  out|    1|  ap_ctrl_hs|  normalize_and_store|  return value|
|ap_idle              |  out|    1|  ap_ctrl_hs|  normalize_and_store|  return value|
|ap_continue          |   in|    1|  ap_ctrl_hs|  normalize_and_store|  return value|
+---------------------+-----+-----+------------+---------------------+--------------+

