

================================================================
== Vitis HLS Report for 'prometheus_soc'
================================================================
* Date:           Sat Mar 14 16:27:08 2026

* Version:        2025.1 (Build 6135595 on May 21 2025)
* Project:        Prometheus_SoC
* Solution:       hls (Vivado IP Flow Target)
* Product family: zynq
* Target device:  xc7z020-clg400-1


================================================================
== Performance Estimates
================================================================
+ Timing: 
    * Summary: 
    +--------+----------+----------+------------+
    |  Clock |  Target  | Estimated| Uncertainty|
    +--------+----------+----------+------------+
    |ap_clk  |  11.80 ns|  8.522 ns|     3.19 ns|
    +--------+----------+----------+------------+

+ Latency: 
    * Summary: 
    +---------+---------+----------+----------+-----+-----+---------+
    |  Latency (cycles) |  Latency (absolute) |  Interval | Pipeline|
    |   min   |   max   |    min   |    max   | min | max |   Type  |
    +---------+---------+----------+----------+-----+-----+---------+
    |        ?|        ?|         ?|         ?|    ?|    ?|       no|
    +---------+---------+----------+----------+-----+-----+---------+

    + Detail: 
        * Instance: 
        +---------------------------------------------------+-----------------------------------------+---------+---------+----------+----------+-----+-----+------------------------------------------------+
        |                                                   |                                         |  Latency (cycles) |  Latency (absolute) |  Interval |                    Pipeline                    |
        |                      Instance                     |                  Module                 |   min   |   max   |    min   |    max   | min | max |                      Type                      |
        +---------------------------------------------------+-----------------------------------------+---------+---------+----------+----------+-----+-----+------------------------------------------------+
        |grp_prometheus_soc_Pipeline_VITIS_LOOP_48_1_fu_56  |prometheus_soc_Pipeline_VITIS_LOOP_48_1  |       34|       34|  0.401 us|  0.401 us|   33|   33|  loop auto-rewind stp (delay=0 clock cycles(s))|
        |grp_prometheus_soc_Pipeline_PROGRAM_LOOP_fu_62     |prometheus_soc_Pipeline_PROGRAM_LOOP     |        ?|        ?|         ?|         ?|    ?|    ?|                                              no|
        +---------------------------------------------------+-----------------------------------------+---------+---------+----------+----------+-----+-----+------------------------------------------------+

        * Loop: 
        N/A



================================================================
== Utilization Estimates
================================================================
* Summary: 
+-----------------+---------+-----+--------+-------+-----+
|       Name      | BRAM_18K| DSP |   FF   |  LUT  | URAM|
+-----------------+---------+-----+--------+-------+-----+
|DSP              |        -|    -|       -|      -|    -|
|Expression       |        -|    -|       0|      2|    -|
|FIFO             |        -|    -|       -|      -|    -|
|Instance         |       16|   34|   54244|  18169|    -|
|Memory           |        1|    -|       0|      0|    0|
|Multiplexer      |        -|    -|       0|     87|    -|
|Register         |        -|    -|       7|      -|    -|
+-----------------+---------+-----+--------+-------+-----+
|Total            |       17|   34|   54251|  18258|    0|
+-----------------+---------+-----+--------+-------+-----+
|Available        |      280|  220|  106400|  53200|    0|
+-----------------+---------+-----+--------+-------+-----+
|Utilization (%)  |        6|   15|      50|     34|    0|
+-----------------+---------+-----+--------+-------+-----+

+ Detail: 
    * Instance: 
    +---------------------------------------------------+-----------------------------------------+---------+----+-------+-------+-----+
    |                      Instance                     |                  Module                 | BRAM_18K| DSP|   FF  |  LUT  | URAM|
    +---------------------------------------------------+-----------------------------------------+---------+----+-------+-------+-----+
    |grp_prometheus_soc_Pipeline_PROGRAM_LOOP_fu_62     |prometheus_soc_Pipeline_PROGRAM_LOOP     |       16|  34|  54236|  18114|    0|
    |grp_prometheus_soc_Pipeline_VITIS_LOOP_48_1_fu_56  |prometheus_soc_Pipeline_VITIS_LOOP_48_1  |        0|   0|      8|     55|    0|
    +---------------------------------------------------+-----------------------------------------+---------+----+-------+-------+-----+
    |Total                                              |                                         |       16|  34|  54244|  18169|    0|
    +---------------------------------------------------+-----------------------------------------+---------+----+-------+-------+-----+

    * DSP: 
    N/A

    * Memory: 
    +------------+------------------------+---------+---+----+-----+------+-----+------+-------------+
    |   Memory   |         Module         | BRAM_18K| FF| LUT| URAM| Words| Bits| Banks| W*Bits*Banks|
    +------------+------------------------+---------+---+----+-----+------+-----+------+-------------+
    |reg_file_U  |reg_file_RAM_AUTO_1R1W  |        1|  0|   0|    0|    32|   32|     1|         1024|
    +------------+------------------------+---------+---+----+-----+------+-----+------+-------------+
    |Total       |                        |        1|  0|   0|    0|    32|   32|     1|         1024|
    +------------+------------------------+---------+---+----+-----+------+-----+------+-------------+

    * FIFO: 
    N/A

    * Expression: 
    +--------------+----------+----+---+----+------------+------------+
    | Variable Name| Operation| DSP| FF| LUT| Bitwidth P0| Bitwidth P1|
    +--------------+----------+----+---+----+------------+------------+
    |reg_file_we0  |        or|   0|  0|   2|           1|           1|
    +--------------+----------+----+---+----+------------+------------+
    |Total         |          |   0|  0|   2|           1|           1|
    +--------------+----------+----+---+----+------------+------------+

    * Multiplexer: 
    +-------------------+----+-----------+-----+-----------+
    |        Name       | LUT| Input Size| Bits| Total Bits|
    +-------------------+----+-----------+-----+-----------+
    |ap_NS_fsm          |  31|          6|    1|          6|
    |reg_file_address0  |  14|          3|    5|         15|
    |reg_file_ce0       |  14|          3|    1|          3|
    |reg_file_d0        |  14|          3|   32|         96|
    |reg_file_we0       |  14|          3|    1|          3|
    +-------------------+----+-----------+-----+-----------+
    |Total              |  87|         18|   40|        123|
    +-------------------+----+-----------+-----+-----------+

    * Register: 
    +----------------------------------------------------------------+---+----+-----+-----------+
    |                              Name                              | FF| LUT| Bits| Const Bits|
    +----------------------------------------------------------------+---+----+-----+-----------+
    |ap_CS_fsm                                                       |  5|   0|    5|          0|
    |grp_prometheus_soc_Pipeline_PROGRAM_LOOP_fu_62_ap_start_reg     |  1|   0|    1|          0|
    |grp_prometheus_soc_Pipeline_VITIS_LOOP_48_1_fu_56_ap_start_reg  |  1|   0|    1|          0|
    +----------------------------------------------------------------+---+----+-----+-----------+
    |Total                                                           |  7|   0|    7|          0|
    +----------------------------------------------------------------+---+----+-----+-----------+



================================================================
== Interface
================================================================
* Summary: 
+--------------+-----+-----+------------+----------------+--------------+
|   RTL Ports  | Dir | Bits|  Protocol  |  Source Object |    C Type    |
+--------------+-----+-----+------------+----------------+--------------+
|ap_clk        |   in|    1|  ap_ctrl_hs|  prometheus_soc|  return value|
|ap_rst        |   in|    1|  ap_ctrl_hs|  prometheus_soc|  return value|
|ap_start      |   in|    1|  ap_ctrl_hs|  prometheus_soc|  return value|
|ap_done       |  out|    1|  ap_ctrl_hs|  prometheus_soc|  return value|
|ap_idle       |  out|    1|  ap_ctrl_hs|  prometheus_soc|  return value|
|ap_ready      |  out|    1|  ap_ctrl_hs|  prometheus_soc|  return value|
|mem_address0  |  out|   14|   ap_memory|             mem|         array|
|mem_ce0       |  out|    1|   ap_memory|             mem|         array|
|mem_we0       |  out|    1|   ap_memory|             mem|         array|
|mem_d0        |  out|  128|   ap_memory|             mem|         array|
|mem_q0        |   in|  128|   ap_memory|             mem|         array|
|pstrb         |   in|    4|     ap_none|           pstrb|       pointer|
+--------------+-----+-----+------------+----------------+--------------+

