

================================================================
== Vitis HLS Report for 'write_prob_stream'
================================================================
* Date:           Sat Mar 14 16:27:08 2026

* Version:        2025.1 (Build 6135595 on May 21 2025)
* Project:        Prometheus_SoC
* Solution:       hls (Vivado IP Flow Target)
* Product family: zynq
* Target device:  xc7z020-clg400-1


================================================================
== Performance Estimates
================================================================
+ Timing: 
    * Summary: 
    +--------+----------+----------+------------+
    |  Clock |  Target  | Estimated| Uncertainty|
    +--------+----------+----------+------------+
    |ap_clk  |  11.80 ns|  7.553 ns|     3.19 ns|
    +--------+----------+----------+------------+

+ Latency: 
    * Summary: 
    +---------+---------+-----------+----------+-----+-----+---------+
    |  Latency (cycles) |  Latency (absolute)  |  Interval | Pipeline|
    |   min   |   max   |    min    |    max   | min | max |   Type  |
    +---------+---------+-----------+----------+-----+-----+---------+
    |        4|       70|  47.200 ns|  0.826 us|    4|   70|       no|
    +---------+---------+-----------+----------+-----+-----+---------+

    + Detail: 
        * Instance: 
        +-------------------------------------------------------+--------------------------------------------+---------+---------+-----------+----------+-----+-----+------------------------------------------------+
        |                                                       |                                            |  Latency (cycles) |  Latency (absolute)  |  Interval |                    Pipeline                    |
        |                        Instance                       |                   Module                   |   min   |   max   |    min    |    max   | min | max |                      Type                      |
        +-------------------------------------------------------+--------------------------------------------+---------+---------+-----------+----------+-----+-----+------------------------------------------------+
        |grp_write_prob_stream_Pipeline_prob_write_loop_fu_101  |write_prob_stream_Pipeline_prob_write_loop  |        2|       66|  23.600 ns|  0.779 us|    1|   65|  loop auto-rewind stp (delay=0 clock cycles(s))|
        +-------------------------------------------------------+--------------------------------------------+---------+---------+-----------+----------+-----+-----+------------------------------------------------+

        * Loop: 
        N/A



================================================================
== Utilization Estimates
================================================================
* Summary: 
+-----------------+---------+-----+--------+-------+-----+
|       Name      | BRAM_18K| DSP |   FF   |  LUT  | URAM|
+-----------------+---------+-----+--------+-------+-----+
|DSP              |        -|    -|       -|      -|    -|
|Expression       |        -|    -|       0|   1115|    -|
|FIFO             |        -|    -|       -|      -|    -|
|Instance         |        -|    -|      30|     94|    -|
|Memory           |        -|    -|       -|      -|    -|
|Multiplexer      |        -|    -|       0|    113|    -|
|Register         |        -|    -|     251|      -|    -|
+-----------------+---------+-----+--------+-------+-----+
|Total            |        0|    0|     281|   1322|    0|
+-----------------+---------+-----+--------+-------+-----+
|Available        |      280|  220|  106400|  53200|    0|
+-----------------+---------+-----+--------+-------+-----+
|Utilization (%)  |        0|    0|      ~0|      2|    0|
+-----------------+---------+-----+--------+-------+-----+

+ Detail: 
    * Instance: 
    +-------------------------------------------------------+--------------------------------------------+---------+----+----+----+-----+
    |                        Instance                       |                   Module                   | BRAM_18K| DSP| FF | LUT| URAM|
    +-------------------------------------------------------+--------------------------------------------+---------+----+----+----+-----+
    |grp_write_prob_stream_Pipeline_prob_write_loop_fu_101  |write_prob_stream_Pipeline_prob_write_loop  |        0|   0|  30|  94|    0|
    +-------------------------------------------------------+--------------------------------------------+---------+----+----+----+-----+
    |Total                                                  |                                            |        0|   0|  30|  94|    0|
    +-------------------------------------------------------+--------------------------------------------+---------+----+----+----+-----+

    * DSP: 
    N/A

    * Memory: 
    N/A

    * FIFO: 
    N/A

    * Expression: 
    +----------------------+----------+----+---+-----+------------+------------+
    |     Variable Name    | Operation| DSP| FF| LUT | Bitwidth P0| Bitwidth P1|
    +----------------------+----------+----+---+-----+------------+------------+
    |add_ln380_fu_136_p2   |         +|   0|  0|   17|          14|          14|
    |line_1_fu_187_p4      |      1003|   0|  0|  143|         128|          32|
    |line_3_fu_213_p4      |      1003|   0|  0|  143|         128|          32|
    |line_5_fu_247_p4      |      1003|   0|  0|  143|         128|          32|
    |line_7_fu_261_p4      |      1003|   0|  0|  143|         128|          32|
    |icmp_ln378_fu_127_p2  |      icmp|   0|  0|   10|           2|           1|
    |ap_block_state1       |        or|   0|  0|    2|           1|           1|
    |mem_we0               |        or|   0|  0|    2|           1|           1|
    |line_2_fu_197_p3      |    select|   0|  0|  128|           1|         128|
    |line_4_fu_223_p3      |    select|   0|  0|  128|           1|         128|
    |line_6_fu_255_p3      |    select|   0|  0|  128|           1|         128|
    |line_8_fu_270_p3      |    select|   0|  0|  128|           1|         128|
    +----------------------+----------+----+---+-----+------------+------------+
    |Total                 |          |   0|  0| 1115|         534|         657|
    +----------------------+----------+----+---+-----+------------+------------+

    * Multiplexer: 
    +--------------------+----+-----------+-----+-----------+
    |        Name        | LUT| Input Size| Bits| Total Bits|
    +--------------------+----+-----------+-----+-----------+
    |ap_NS_fsm           |  31|          6|    1|          6|
    |ap_done             |   9|          2|    1|          2|
    |mem_address0        |   9|          2|   14|         28|
    |mem_address0_local  |  14|          3|   14|         42|
    |mem_ce0             |   9|          2|    1|          2|
    |mem_d0              |   9|          2|  128|        256|
    |mem_we0             |   9|          2|    1|          2|
    |prob_stream_blk_n   |   9|          2|    1|          2|
    |prob_stream_read    |  14|          3|    1|          3|
    +--------------------+----+-----------+-----+-----------+
    |Total               | 113|         24|  162|        343|
    +--------------------+----+-----------+-----+-----------+

    * Register: 
    +--------------------------------------------------------------------+-----+----+-----+-----------+
    |                                Name                                |  FF | LUT| Bits| Const Bits|
    +--------------------------------------------------------------------+-----+----+-----+-----------+
    |add_ln380_reg_294                                                   |   14|   0|   14|          0|
    |ap_CS_fsm                                                           |    5|   0|    5|          0|
    |ap_done_reg                                                         |    1|   0|    1|          0|
    |full_blocks_reg_284                                                 |    7|   0|    7|          0|
    |grp_write_prob_stream_Pipeline_prob_write_loop_fu_101_ap_start_reg  |    1|   0|    1|          0|
    |icmp_ln378_reg_290                                                  |    1|   0|    1|          0|
    |line_4_reg_314                                                      |  128|   0|  128|          0|
    |mem_addr_reg_299                                                    |   14|   0|   14|          0|
    |pkt_v2_reg_304                                                      |   32|   0|   32|          0|
    |pkt_v3_reg_309                                                      |   32|   0|   32|          0|
    |pr_l_read_reg_278                                                   |   14|   0|   14|          0|
    |tmp_2_reg_320                                                       |    1|   0|    1|          0|
    |tmp_3_reg_325                                                       |    1|   0|    1|          0|
    +--------------------------------------------------------------------+-----+----+-----+-----------+
    |Total                                                               |  251|   0|  251|          0|
    +--------------------------------------------------------------------+-----+----+-----+-----------+



================================================================
== Interface
================================================================
* Summary: 
+----------------------------+-----+-----+------------+-------------------+--------------+
|          RTL Ports         | Dir | Bits|  Protocol  |   Source Object   |    C Type    |
+----------------------------+-----+-----+------------+-------------------+--------------+
|ap_clk                      |   in|    1|  ap_ctrl_hs|  write_prob_stream|  return value|
|ap_rst                      |   in|    1|  ap_ctrl_hs|  write_prob_stream|  return value|
|ap_start                    |   in|    1|  ap_ctrl_hs|  write_prob_stream|  return value|
|ap_done                     |  out|    1|  ap_ctrl_hs|  write_prob_stream|  return value|
|ap_continue                 |   in|    1|  ap_ctrl_hs|  write_prob_stream|  return value|
|ap_idle                     |  out|    1|  ap_ctrl_hs|  write_prob_stream|  return value|
|ap_ready                    |  out|    1|  ap_ctrl_hs|  write_prob_stream|  return value|
|mem_address0                |  out|   14|   ap_memory|                mem|         array|
|mem_ce0                     |  out|    1|   ap_memory|                mem|         array|
|mem_we0                     |  out|    1|   ap_memory|                mem|         array|
|mem_d0                      |  out|  128|   ap_memory|                mem|         array|
|mem_q0                      |   in|  128|   ap_memory|                mem|         array|
|pr_l                        |   in|   14|   ap_stable|               pr_l|        scalar|
|n                           |   in|    9|   ap_stable|                  n|        scalar|
|prob_stream_dout            |   in|  132|     ap_fifo|        prob_stream|       pointer|
|prob_stream_empty_n         |   in|    1|     ap_fifo|        prob_stream|       pointer|
|prob_stream_read            |  out|    1|     ap_fifo|        prob_stream|       pointer|
|prob_stream_num_data_valid  |   in|    5|     ap_fifo|        prob_stream|       pointer|
|prob_stream_fifo_cap        |   in|    5|     ap_fifo|        prob_stream|       pointer|
+----------------------------+-----+-----+------------+-------------------+--------------+

