

================================================================
== Vitis HLS Report for 'cpu_Pipeline_PROGRAM_LOOP'
================================================================
* Date:           Fri Feb 20 20:36:06 2026

* Version:        2025.1 (Build 6135595 on May 21 2025)
* Project:        loop_component
* Solution:       hls (Vivado IP Flow Target)
* Product family: zynq
* Target device:  xc7z020-clg400-1


================================================================
== Performance Estimates
================================================================
+ Timing: 
    * Summary: 
    +--------+----------+----------+------------+
    |  Clock |  Target  | Estimated| Uncertainty|
    +--------+----------+----------+------------+
    |ap_clk  |  10.00 ns|  6.988 ns|     2.70 ns|
    +--------+----------+----------+------------+

+ Latency: 
    * Summary: 
    +---------+---------+----------+----------+-----+-----+---------+
    |  Latency (cycles) |  Latency (absolute) |  Interval | Pipeline|
    |   min   |   max   |    min   |    max   | min | max |   Type  |
    +---------+---------+----------+----------+-----+-----+---------+
    |        ?|        ?|         ?|         ?|    ?|    ?|       no|
    +---------+---------+----------+----------+-----+-----+---------+

    + Detail: 
        * Instance: 
        N/A

        * Loop: 
        +----------------+---------+---------+----------+-----------+-----------+------+----------+
        |                |  Latency (cycles) | Iteration|  Initiation Interval  | Trip |          |
        |    Loop Name   |   min   |   max   |  Latency |  achieved |   target  | Count| Pipelined|
        +----------------+---------+---------+----------+-----------+-----------+------+----------+
        |- PROGRAM_LOOP  |        ?|        ?|         6|          5|          1|     ?|       yes|
        +----------------+---------+---------+----------+-----------+-----------+------+----------+



================================================================
== Utilization Estimates
================================================================
* Summary: 
+-----------------+---------+-----+--------+-------+-----+
|       Name      | BRAM_18K| DSP |   FF   |  LUT  | URAM|
+-----------------+---------+-----+--------+-------+-----+
|DSP              |        -|    -|       -|      -|    -|
|Expression       |        -|    -|       0|   1587|    -|
|FIFO             |        -|    -|       -|      -|    -|
|Instance         |        -|   12|     495|    150|    -|
|Memory           |        -|    -|       -|      -|    -|
|Multiplexer      |        -|    -|       0|    344|    -|
|Register         |        -|    -|     691|      -|    -|
+-----------------+---------+-----+--------+-------+-----+
|Total            |        0|   12|    1186|   2081|    0|
+-----------------+---------+-----+--------+-------+-----+
|Available        |      280|  220|  106400|  53200|    0|
+-----------------+---------+-----+--------+-------+-----+
|Utilization (%)  |        0|    5|       1|      3|    0|
+-----------------+---------+-----+--------+-------+-----+

+ Detail: 
    * Instance: 
    +-------------------------+----------------------+---------+----+-----+----+-----+
    |         Instance        |        Module        | BRAM_18K| DSP|  FF | LUT| URAM|
    +-------------------------+----------------------+---------+----+-----+----+-----+
    |mul_32ns_32ns_64_2_1_U2  |mul_32ns_32ns_64_2_1  |        0|   4|  165|  50|    0|
    |mul_32ns_32s_64_2_1_U3   |mul_32ns_32s_64_2_1   |        0|   4|  165|  50|    0|
    |mul_32s_32s_64_2_1_U4    |mul_32s_32s_64_2_1    |        0|   4|  165|  50|    0|
    +-------------------------+----------------------+---------+----+-----+----+-----+
    |Total                    |                      |        0|  12|  495| 150|    0|
    +-------------------------+----------------------+---------+----+-----+----+-----+

    * DSP: 
    N/A

    * Memory: 
    N/A

    * FIFO: 
    N/A

    * Expression: 
    +------------------------------+----------+----+---+-----+------------+------------+
    |         Variable Name        | Operation| DSP| FF| LUT | Bitwidth P0| Bitwidth P1|
    +------------------------------+----------+----+---+-----+------------+------------+
    |addr_1_fu_653_p2              |         +|   0|  0|   39|          32|          32|
    |grp_fu_330_p2                 |         +|   0|  0|   39|          32|          32|
    |grp_fu_340_p2                 |         +|   0|  0|   39|          32|          32|
    |next_pc_4_fu_906_p2           |         +|   0|  0|   39|          32|           3|
    |res_24_fu_1065_p2             |         +|   0|  0|   39|          32|          32|
    |res_23_fu_1061_p2             |         -|   0|  0|   39|          32|          32|
    |and_ln180_fu_1056_p2          |       and|   0|  0|    2|           1|           1|
    |and_ln188_fu_878_p2           |       and|   0|  0|    2|           1|           1|
    |ap_condition_144              |       and|   0|  0|    2|           1|           1|
    |ap_condition_181              |       and|   0|  0|    2|           1|           1|
    |ap_condition_315              |       and|   0|  0|    2|           1|           1|
    |ap_predicate_pred367_state6   |       and|   0|  0|    2|           1|           1|
    |ap_predicate_pred370_state6   |       and|   0|  0|    2|           1|           1|
    |ap_predicate_pred371_state6   |       and|   0|  0|    2|           1|           1|
    |ap_predicate_pred375_state6   |       and|   0|  0|    2|           1|           1|
    |ap_predicate_pred381_state5   |       and|   0|  0|    2|           1|           1|
    |ap_predicate_pred385_state5   |       and|   0|  0|    2|           1|           1|
    |ap_predicate_pred391_state5   |       and|   0|  0|    2|           1|           1|
    |ap_predicate_pred397_state5   |       and|   0|  0|    2|           1|           1|
    |ap_predicate_pred403_state5   |       and|   0|  0|    2|           1|           1|
    |ap_predicate_pred409_state5   |       and|   0|  0|    2|           1|           1|
    |res_28_fu_1114_p2             |       and|   0|  0|   32|          32|          32|
    |res_13_fu_840_p2              |      ashr|   0|  0|  100|          32|          32|
    |res_35_fu_892_p2              |      ashr|   0|  0|  100|          32|          32|
    |grp_fu_312_p2                 |      icmp|   0|  0|   11|           3|           2|
    |grp_fu_317_p2                 |      icmp|   0|  0|   14|           7|           6|
    |grp_fu_322_p2                 |      icmp|   0|  0|   39|          32|          32|
    |grp_fu_326_p2                 |      icmp|   0|  0|   39|          32|          32|
    |grp_fu_335_p2                 |      icmp|   0|  0|   14|           7|           6|
    |icmp_ln144_fu_683_p2          |      icmp|   0|  0|   14|           7|           1|
    |icmp_ln14_1_fu_704_p2         |      icmp|   0|  0|   11|           3|           1|
    |icmp_ln14_2_fu_1133_p2        |      icmp|   0|  0|   14|           7|           6|
    |icmp_ln14_3_fu_1138_p2        |      icmp|   0|  0|   14|           7|           6|
    |icmp_ln14_fu_699_p2           |      icmp|   0|  0|   11|           3|           3|
    |icmp_ln173_fu_862_p2          |      icmp|   0|  0|   14|           7|           5|
    |icmp_ln210_fu_776_p2          |      icmp|   0|  0|   10|           2|           1|
    |icmp_ln214_fu_802_p2          |      icmp|   0|  0|   17|          14|           1|
    |icmp_ln233_fu_752_p2          |      icmp|   0|  0|   10|           2|           1|
    |icmp_ln237_fu_757_p2          |      icmp|   0|  0|   17|          14|           1|
    |icmp_ln296_fu_1149_p2         |      icmp|   0|  0|   13|           5|           1|
    |icmp_ln40_fu_357_p2           |      icmp|   0|  0|   10|           2|           1|
    |icmp_ln44_fu_373_p2           |      icmp|   0|  0|   17|          14|           1|
    |res_16_fu_1082_p2             |      icmp|   0|  0|   39|          32|          32|
    |res_30_fu_1017_p2             |      icmp|   0|  0|   39|          32|          32|
    |take_1_fu_744_p2              |      icmp|   0|  0|   39|          32|          32|
    |take_fu_748_p2                |      icmp|   0|  0|   39|          32|          32|
    |res_14_fu_845_p2              |      lshr|   0|  0|  100|          32|          32|
    |res_36_fu_887_p2              |      lshr|   0|  0|  100|          32|          32|
    |ap_condition_372              |        or|   0|  0|    2|           1|           1|
    |ap_condition_377              |        or|   0|  0|    2|           1|           1|
    |ap_predicate_pred1388_state7  |        or|   0|  0|    2|           1|           1|
    |ap_predicate_pred440_state6   |        or|   0|  0|    2|           1|           1|
    |ap_predicate_pred447_state6   |        or|   0|  0|    2|           1|           1|
    |ap_predicate_pred471_state6   |        or|   0|  0|    2|           1|           1|
    |ap_predicate_pred492_state6   |        or|   0|  0|    2|           1|           1|
    |ap_predicate_pred513_state6   |        or|   0|  0|    2|           1|           1|
    |ap_predicate_pred534_state6   |        or|   0|  0|    2|           1|           1|
    |ap_predicate_pred554_state6   |        or|   0|  0|    2|           1|           1|
    |ap_predicate_pred575_state6   |        or|   0|  0|    2|           1|           1|
    |ap_predicate_pred596_state6   |        or|   0|  0|    2|           1|           1|
    |ap_predicate_pred655_state6   |        or|   0|  0|    2|           1|           1|
    |ap_predicate_pred663_state6   |        or|   0|  0|    2|           1|           1|
    |ap_predicate_pred672_state6   |        or|   0|  0|    2|           1|           1|
    |ap_predicate_pred681_state6   |        or|   0|  0|    2|           1|           1|
    |ap_predicate_pred689_state6   |        or|   0|  0|    2|           1|           1|
    |ap_predicate_tran6to8_state6  |        or|   0|  0|    2|           1|           1|
    |or_ln14_1_fu_1143_p2          |        or|   0|  0|    2|           1|           1|
    |or_ln14_fu_709_p2             |        or|   0|  0|    2|           1|           1|
    |or_ln210_fu_808_p2            |        or|   0|  0|    2|           1|           1|
    |or_ln233_fu_762_p2            |        or|   0|  0|    2|           1|           1|
    |or_ln40_fu_379_p2             |        or|   0|  0|    2|           1|           1|
    |res_27_fu_1119_p2             |        or|   0|  0|   32|          32|          32|
    |next_pc_3_fu_944_p3           |    select|   0|  0|   32|           1|          32|
    |op2_1_fu_867_p3               |    select|   0|  0|   32|           1|          32|
    |res_15_fu_850_p3              |    select|   0|  0|   32|           1|          32|
    |res_25_fu_1069_p3             |    select|   0|  0|   32|           1|          32|
    |res_12_fu_857_p2              |       shl|   0|  0|  100|          32|          32|
    |res_29_fu_901_p2              |       shl|   0|  0|  100|          32|          32|
    |ap_enable_pp0                 |       xor|   0|  0|    2|           1|           2|
    |ap_enable_reg_pp0_iter1       |       xor|   0|  0|    2|           2|           1|
    |res_26_fu_1124_p2             |       xor|   0|  0|   32|          32|          32|
    |take_3_fu_738_p2              |       xor|   0|  0|    2|           1|           2|
    |take_6_fu_732_p2              |       xor|   0|  0|    2|           1|           2|
    +------------------------------+----------+----+---+-----+------------+------------+
    |Total                         |          |   0|  0| 1587|         823|         859|
    +------------------------------+----------+----+---+-----+------------+------------+

    * Multiplexer: 
    +-------------------------------------+----+-----------+-----+-----------+
    |                 Name                | LUT| Input Size| Bits| Total Bits|
    +-------------------------------------+----+-----------+-----+-----------+
    |ap_NS_fsm                            |  48|          9|    1|          9|
    |ap_enable_reg_pp0_iter1              |  14|          3|    1|          3|
    |ap_phi_mux_imm_phi_fu_213_p12        |  37|          7|   32|        224|
    |ap_phi_mux_res_17_phi_fu_250_p44     |  53|         10|   32|        320|
    |ap_phi_reg_pp0_iter0_take_4_reg_229  |  31|          6|    1|          6|
    |ap_phi_reg_pp0_iter1_res_17_reg_246  |  65|         12|   32|        384|
    |imm_reg_210                          |  37|          7|   32|        224|
    |mem_address0_local                   |  20|          4|   16|         64|
    |pc_fu_144                            |  25|          5|   32|        160|
    |reg_file_address0_local              |  14|          3|    5|         15|
    +-------------------------------------+----+-----------+-----+-----------+
    |Total                                | 344|         66|  184|       1409|
    +-------------------------------------+----+-----------+-----+-----------+

    * Register: 
    +-------------------------------------+----+----+-----+-----------+
    |                 Name                | FF | LUT| Bits| Const Bits|
    +-------------------------------------+----+----+-----+-----------+
    |and_ln188_reg_1469                   |   1|   0|    1|          0|
    |ap_CS_fsm                            |   8|   0|    8|          0|
    |ap_enable_reg_pp0_iter0              |   1|   0|    1|          0|
    |ap_enable_reg_pp0_iter0_reg          |   1|   0|    1|          0|
    |ap_enable_reg_pp0_iter1              |   1|   0|    1|          0|
    |ap_phi_reg_pp0_iter0_take_4_reg_229  |   1|   0|    1|          0|
    |ap_phi_reg_pp0_iter1_res_17_reg_246  |  32|   0|   32|          0|
    |ap_predicate_pred1388_state7         |   1|   0|    1|          0|
    |ap_predicate_pred367_state6          |   1|   0|    1|          0|
    |ap_predicate_pred370_state6          |   1|   0|    1|          0|
    |ap_predicate_pred371_state6          |   1|   0|    1|          0|
    |ap_predicate_pred375_state6          |   1|   0|    1|          0|
    |ap_predicate_pred381_state5          |   1|   0|    1|          0|
    |ap_predicate_pred385_state5          |   1|   0|    1|          0|
    |ap_predicate_pred391_state5          |   1|   0|    1|          0|
    |ap_predicate_pred397_state5          |   1|   0|    1|          0|
    |ap_predicate_pred403_state5          |   1|   0|    1|          0|
    |ap_predicate_pred409_state5          |   1|   0|    1|          0|
    |ap_predicate_pred440_state6          |   1|   0|    1|          0|
    |ap_predicate_pred447_state6          |   1|   0|    1|          0|
    |ap_predicate_pred471_state6          |   1|   0|    1|          0|
    |ap_predicate_pred492_state6          |   1|   0|    1|          0|
    |ap_predicate_pred513_state6          |   1|   0|    1|          0|
    |ap_predicate_pred534_state6          |   1|   0|    1|          0|
    |ap_predicate_pred554_state6          |   1|   0|    1|          0|
    |ap_predicate_pred575_state6          |   1|   0|    1|          0|
    |ap_predicate_pred596_state6          |   1|   0|    1|          0|
    |ap_predicate_pred655_state6          |   1|   0|    1|          0|
    |ap_predicate_pred663_state6          |   1|   0|    1|          0|
    |ap_predicate_pred672_state6          |   1|   0|    1|          0|
    |ap_predicate_pred681_state6          |   1|   0|    1|          0|
    |ap_predicate_pred689_state6          |   1|   0|    1|          0|
    |func3_reg_1225                       |   3|   0|    3|          0|
    |func7_reg_1234                       |   7|   0|    7|          0|
    |icmp_ln134_reg_1368                  |   1|   0|    1|          0|
    |icmp_ln144_reg_1356                  |   1|   0|    1|          0|
    |icmp_ln14_1_reg_1360                 |   1|   0|    1|          0|
    |icmp_ln180_1_reg_1378                |   1|   0|    1|          0|
    |icmp_ln188_1_reg_1373                |   1|   0|    1|          0|
    |icmp_ln203_reg_1352                  |   1|   0|    1|          0|
    |icmp_ln226_reg_1333                  |   1|   0|    1|          0|
    |immI_reg_1241                        |  12|   0|   12|          0|
    |imm_reg_210                          |  32|   0|   32|          0|
    |lshr_ln2_reg_1342                    |  16|   0|   16|          0|
    |op2_1_reg_1458                       |  32|   0|   32|          0|
    |opcode_reg_1201                      |   7|   0|    7|          0|
    |or_ln14_reg_1364                     |   1|   0|    1|          0|
    |or_ln210_reg_1417                    |   1|   0|    1|          0|
    |or_ln233_reg_1413                    |   1|   0|    1|          0|
    |or_ln40_reg_1192                     |   1|   0|    1|          0|
    |pc_1_reg_1186                        |  32|   0|   32|          0|
    |pc_fu_144                            |  32|   0|   32|          0|
    |prod_ss_reg_1499                     |  64|   0|   64|          0|
    |rd_reg_1213                          |   5|   0|    5|          0|
    |res_12_reg_1453                      |  32|   0|   32|          0|
    |res_15_reg_1448                      |  32|   0|   32|          0|
    |res_16_reg_1525                      |   1|   0|    1|          0|
    |res_29_reg_1483                      |  32|   0|   32|          0|
    |res_30_reg_1515                      |   1|   0|    1|          0|
    |res_33_reg_1510                      |  32|   0|   32|          0|
    |res_34_reg_1505                      |  32|   0|   32|          0|
    |res_35_reg_1478                      |  32|   0|   32|          0|
    |res_36_reg_1473                      |  32|   0|   32|          0|
    |rs2_reg_1220                         |   5|   0|    5|          0|
    |src1_reg_1297                        |  32|   0|   32|          0|
    |src2_reg_1321                        |  32|   0|   32|          0|
    |tmp_10_reg_1347                      |  14|   0|   14|          0|
    |tmp_2_reg_1246                       |   4|   0|    4|          0|
    |tmp_3_reg_1251                       |   6|   0|    6|          0|
    |tmp_4_reg_1256                       |   1|   0|    1|          0|
    |tmp_5_reg_1261                       |   1|   0|    1|          0|
    |tmp_6_reg_1277                       |   8|   0|    8|          0|
    |tmp_8_reg_1272                       |   1|   0|    1|          0|
    |tmp_reg_1282                         |  20|   0|   20|          0|
    |tmp_s_reg_1267                       |  10|   0|   10|          0|
    |trunc_ln231_reg_1337                 |   2|   0|    2|          0|
    |trunc_ln56_1_reg_1209                |   6|   0|    6|          0|
    +-------------------------------------+----+----+-----+-----------+
    |Total                                | 691|   0|  691|          0|
    +-------------------------------------+----+----+-----+-----------+



================================================================
== Interface
================================================================
* Summary: 
+-------------------+-----+-----+------------+---------------------------+--------------+
|     RTL Ports     | Dir | Bits|  Protocol  |       Source Object       |    C Type    |
+-------------------+-----+-----+------------+---------------------------+--------------+
|ap_clk             |   in|    1|  ap_ctrl_hs|  cpu_Pipeline_PROGRAM_LOOP|  return value|
|ap_rst             |   in|    1|  ap_ctrl_hs|  cpu_Pipeline_PROGRAM_LOOP|  return value|
|ap_start           |   in|    1|  ap_ctrl_hs|  cpu_Pipeline_PROGRAM_LOOP|  return value|
|ap_done            |  out|    1|  ap_ctrl_hs|  cpu_Pipeline_PROGRAM_LOOP|  return value|
|ap_idle            |  out|    1|  ap_ctrl_hs|  cpu_Pipeline_PROGRAM_LOOP|  return value|
|ap_ready           |  out|    1|  ap_ctrl_hs|  cpu_Pipeline_PROGRAM_LOOP|  return value|
|reg_file_address0  |  out|    5|   ap_memory|                   reg_file|         array|
|reg_file_ce0       |  out|    1|   ap_memory|                   reg_file|         array|
|reg_file_we0       |  out|    1|   ap_memory|                   reg_file|         array|
|reg_file_d0        |  out|   32|   ap_memory|                   reg_file|         array|
|reg_file_q0        |   in|   32|   ap_memory|                   reg_file|         array|
|reg_file_address1  |  out|    5|   ap_memory|                   reg_file|         array|
|reg_file_ce1       |  out|    1|   ap_memory|                   reg_file|         array|
|reg_file_q1        |   in|   32|   ap_memory|                   reg_file|         array|
|mem_address0       |  out|   16|   ap_memory|                        mem|         array|
|mem_ce0            |  out|    1|   ap_memory|                        mem|         array|
|mem_we0            |  out|    1|   ap_memory|                        mem|         array|
|mem_d0             |  out|   32|   ap_memory|                        mem|         array|
|mem_q0             |   in|   32|   ap_memory|                        mem|         array|
+-------------------+-----+-----+------------+---------------------------+--------------+

