================================================================
== Design Size Report
================================================================

* Total Instructions per Compilation Phase
+---------------+-----------------------------+--------------+----------------------------------------------------------------------------------------+
| Phase         | Step                        | Instructions | Description                                                                            |
+---------------+-----------------------------+--------------+----------------------------------------------------------------------------------------+
| Compile/Link  |                             | 3,995        | After all functions are compiled and linked into a single design                       |
|               |                             |              |                                                                                        |
| Unroll/Inline |                             |              | After user unroll and inline pragmas are applied                                       |
|               | (1) unroll                  |   412        | user unroll pragmas are applied                                                        |
|               | (2) simplification          |   337        | simplification of applied user unroll pragmas                                          |
|               | (3) inline                  |   336        | user inline pragmas are applied                                                        |
|               | (4) simplification          |   334        | simplification of applied user inline pragmas                                          |
|               |                             |              |                                                                                        |
| Array/Struct  |                             |              | After user array partition and struct aggregate/disaggregate pragmas are applied       |
|               | (1) array partition         |   344        | user array partition pragmas are applied                                               |
|               | (2) simplification          |   344        | simplification of applied user array partition & struct aggregate/disaggregate pragmas |
|               | (3) aggregate/disaggregate  |   344        | user struct aggregate/disaggregate pragmas are applied                                 |
|               | (4) array reshape           |   344        | apply array reshape pragmas                                                            |
|               | (5) access patterns         |   354        | array access pattern optmizations                                                      |
|               |                             |              |                                                                                        |
| Performance   |                             |              | After transformations are applied to meet performance pragma targets                   |
|               | (1) loop simplification     |   354        | loop and instruction simplification                                                    |
|               | (2) parallelization         |   352        | loops are unrolled or pipelined to meet performance targets                            |
|               | (3) array partition         |   352        | arrays are partitioned to meet performance targets                                     |
|               | (4) simplification          |   352        | simplification of design after performance transformations                             |
|               |                             |              |                                                                                        |
| HW Transforms |                             |              | After hardware transfomations                                                          |
|               | (1) lowering                |   379        | initial conversion to HW specific instructions                                         |
|               | (2) optimizations           |   384        | high level synthesis optimizations                                                     |
+---------------+-----------------------------+--------------+----------------------------------------------------------------------------------------+

* Instructions per Function for each Compilation Phase
+--------------------+--------------------------+--------------+---------------+--------------+-------------+---------------+
| Function           | Location                 | Compile/Link | Unroll/Inline | Array/Struct | Performance | HW Transforms |
+--------------------+--------------------------+--------------+---------------+--------------+-------------+---------------+
| + softmax_accel    | softmax_accel_hls.cc:154 | 3,995        | 334           | 354          | 352         | 384           |
|    exp_approx_q16  | softmax_accel_hls.cc:49  | 1,844        |               |              |             |               |
|    recip_sum_q2_30 | softmax_accel_hls.cc:110 | 1,244        |               |              |             |               |
+--------------------+--------------------------+--------------+---------------+--------------+-------------+---------------+

* Design Size Message Settings
+---------------------------------------------+--------+------------------------------------------------------------------+
| Message Setting                             | Value  | Description                                                      |
+---------------------------------------------+--------+------------------------------------------------------------------+
| config_compile -design_size_maximum_warning | 100000 | Show a warning when total design instructions exceeds this value |
+---------------------------------------------+--------+------------------------------------------------------------------+


