

================================================================
== Vitis HLS Report for 'softmax_accel_Pipeline_VITIS_LOOP_202_3'
================================================================
* Date:           Sat Feb 28 17:58:40 2026

* Version:        2025.1 (Build 6135595 on May 21 2025)
* Project:        Prometheus
* Solution:       hls (Vivado IP Flow Target)
* Product family: zynq
* Target device:  xc7z020-clg400-1


================================================================
== Performance Estimates
================================================================
+ Timing: 
    * Summary: 
    +--------+----------+----------+------------+
    |  Clock |  Target  | Estimated| Uncertainty|
    +--------+----------+----------+------------+
    |ap_clk  |  11.80 ns|  8.614 ns|     3.19 ns|
    +--------+----------+----------+------------+

+ Latency: 
    * Summary: 
    +---------+---------+----------+----------+-----+-----+------------------------------------------------+
    |  Latency (cycles) |  Latency (absolute) |  Interval |                    Pipeline                    |
    |   min   |   max   |    min   |    max   | min | max |                      Type                      |
    +---------+---------+----------+----------+-----+-----+------------------------------------------------+
    |       10|      265|  0.118 us|  3.127 us|    2|  257|  loop auto-rewind stp (delay=0 clock cycles(s))|
    +---------+---------+----------+----------+-----+-----+------------------------------------------------+

    + Detail: 
        * Instance: 
        N/A

        * Loop: 
        +--------------------+---------+---------+----------+-----------+-----------+---------+----------+
        |                    |  Latency (cycles) | Iteration|  Initiation Interval  |   Trip  |          |
        |      Loop Name     |   min   |   max   |  Latency |  achieved |   target  |  Count  | Pipelined|
        +--------------------+---------+---------+----------+-----------+-----------+---------+----------+
        |- VITIS_LOOP_202_3  |        8|      263|         9|          1|          1|  1 ~ 256|       yes|
        +--------------------+---------+---------+----------+-----------+-----------+---------+----------+



================================================================
== Utilization Estimates
================================================================
* Summary: 
+-----------------+---------+-----+--------+-------+-----+
|       Name      | BRAM_18K| DSP |   FF   |  LUT  | URAM|
+-----------------+---------+-----+--------+-------+-----+
|DSP              |        -|    -|       -|      -|    -|
|Expression       |        -|    -|       0|    143|    -|
|FIFO             |        -|    -|       -|      -|    -|
|Instance         |        -|    4|       0|     20|    -|
|Memory           |        -|    -|       -|      -|    -|
|Multiplexer      |        -|    -|       0|     63|    -|
|Register         |        -|    -|     223|      -|    -|
+-----------------+---------+-----+--------+-------+-----+
|Total            |        0|    4|     223|    226|    0|
+-----------------+---------+-----+--------+-------+-----+
|Available        |      280|  220|  106400|  53200|    0|
+-----------------+---------+-----+--------+-------+-----+
|Utilization (%)  |        0|    1|      ~0|     ~0|    0|
+-----------------+---------+-----+--------+-------+-----+

+ Detail: 
    * Instance: 
    +--------------------------+----------------------+---------+----+---+----+-----+
    |         Instance         |        Module        | BRAM_18K| DSP| FF| LUT| URAM|
    +--------------------------+----------------------+---------+----+---+----+-----+
    |mul_32ns_31ns_62_1_1_U17  |mul_32ns_31ns_62_1_1  |        0|   4|  0|  20|    0|
    +--------------------------+----------------------+---------+----+---+----+-----+
    |Total                     |                      |        0|   4|  0|  20|    0|
    +--------------------------+----------------------+---------+----+---+----+-----+

    * DSP: 
    N/A

    * Memory: 
    N/A

    * FIFO: 
    N/A

    * Expression: 
    +--------------------------------+----------+----+---+----+------------+------------+
    |          Variable Name         | Operation| DSP| FF| LUT| Bitwidth P0| Bitwidth P1|
    +--------------------------------+----------+----+---+----+------------+------------+
    |add_ln202_fu_181_p2             |         +|   0|  0|  14|           9|           1|
    |add_ln208_1_fu_221_p2           |         +|   0|  0|  71|          64|          64|
    |add_ln208_fu_204_p2             |         +|   0|  0|  38|          31|          31|
    |ap_block_pp0_stage0_01001_grp1  |       and|   0|  0|   2|           1|           1|
    |icmp_ln202_fu_175_p2            |      icmp|   0|  0|  14|           9|           9|
    |ap_block_pp0_stage0_11001       |        or|   0|  0|   2|           1|           1|
    |ap_enable_pp0                   |       xor|   0|  0|   2|           1|           2|
    +--------------------------------+----------+----+---+----+------------+------------+
    |Total                           |          |   0|  0| 143|         116|         109|
    +--------------------------------+----------+----+---+----+------------+------------+

    * Multiplexer: 
    +-------------------------+----+-----------+-----+-----------+
    |           Name          | LUT| Input Size| Bits| Total Bits|
    +-------------------------+----+-----------+-----+-----------+
    |ap_done_int              |   9|          2|    1|          2|
    |ap_enable_reg_pp0_iter1  |   9|          2|    1|          2|
    |ap_sig_allocacmp_i_1     |   9|          2|    9|         18|
    |gmem_blk_n_AW            |   9|          2|    1|          2|
    |gmem_blk_n_B             |   9|          2|    1|          2|
    |gmem_blk_n_W             |   9|          2|    1|          2|
    |i_fu_94                  |   9|          2|    9|         18|
    +-------------------------+----+-----------+-----+-----------+
    |Total                    |  63|         14|   23|         46|
    +-------------------------+----+-----------+-----+-----------+

    * Register: 
    +----------------------------------+----+----+-----+-----------+
    |               Name               | FF | LUT| Bits| Const Bits|
    +----------------------------------+----+----+-----+-----------+
    |ap_CS_fsm                         |   1|   0|    1|          0|
    |ap_done_reg                       |   1|   0|    1|          0|
    |ap_enable_reg_pp0_iter1           |   1|   0|    1|          0|
    |ap_enable_reg_pp0_iter2           |   1|   0|    1|          0|
    |ap_enable_reg_pp0_iter3           |   1|   0|    1|          0|
    |ap_enable_reg_pp0_iter4           |   1|   0|    1|          0|
    |ap_enable_reg_pp0_iter5           |   1|   0|    1|          0|
    |ap_enable_reg_pp0_iter6           |   1|   0|    1|          0|
    |ap_enable_reg_pp0_iter7           |   1|   0|    1|          0|
    |ap_enable_reg_pp0_iter8           |   1|   0|    1|          0|
    |ap_loop_exit_ready_pp0_iter1_reg  |   1|   0|    1|          0|
    |ap_loop_exit_ready_pp0_iter2_reg  |   1|   0|    1|          0|
    |ap_loop_exit_ready_pp0_iter3_reg  |   1|   0|    1|          0|
    |ap_loop_exit_ready_pp0_iter4_reg  |   1|   0|    1|          0|
    |ap_loop_exit_ready_pp0_iter5_reg  |   1|   0|    1|          0|
    |ap_loop_exit_ready_pp0_iter6_reg  |   1|   0|    1|          0|
    |ap_loop_exit_ready_pp0_iter7_reg  |   1|   0|    1|          0|
    |exp_buf_load_reg_296              |  32|   0|   32|          0|
    |gmem_addr_reg_301                 |  64|   0|   64|          0|
    |i_fu_94                           |   9|   0|    9|          0|
    |p_q16_reg_308                     |  32|   0|   32|          0|
    |trunc_ln208_reg_291               |   8|   0|    8|          0|
    |zext_ln202_1_cast_reg_272         |  30|   0|   31|          1|
    |zext_ln208_cast_reg_277           |  31|   0|   62|         31|
    +----------------------------------+----+----+-----+-----------+
    |Total                             | 223|   0|  255|         32|
    +----------------------------------+----+----+-----+-----------+



================================================================
== Interface
================================================================
* Summary: 
+-----------------------+-----+-----+------------+-----------------------------------------+--------------+
|       RTL Ports       | Dir | Bits|  Protocol  |              Source Object              |    C Type    |
+-----------------------+-----+-----+------------+-----------------------------------------+--------------+
|ap_clk                 |   in|    1|  ap_ctrl_hs|  softmax_accel_Pipeline_VITIS_LOOP_202_3|  return value|
|ap_rst                 |   in|    1|  ap_ctrl_hs|  softmax_accel_Pipeline_VITIS_LOOP_202_3|  return value|
|ap_start               |   in|    1|  ap_ctrl_hs|  softmax_accel_Pipeline_VITIS_LOOP_202_3|  return value|
|ap_done                |  out|    1|  ap_ctrl_hs|  softmax_accel_Pipeline_VITIS_LOOP_202_3|  return value|
|ap_idle                |  out|    1|  ap_ctrl_hs|  softmax_accel_Pipeline_VITIS_LOOP_202_3|  return value|
|ap_ready               |  out|    1|  ap_ctrl_hs|  softmax_accel_Pipeline_VITIS_LOOP_202_3|  return value|
|m_axi_gmem_0_AWVALID   |  out|    1|       m_axi|                                     gmem|       pointer|
|m_axi_gmem_0_AWREADY   |   in|    1|       m_axi|                                     gmem|       pointer|
|m_axi_gmem_0_AWADDR    |  out|   64|       m_axi|                                     gmem|       pointer|
|m_axi_gmem_0_AWID      |  out|    1|       m_axi|                                     gmem|       pointer|
|m_axi_gmem_0_AWLEN     |  out|   32|       m_axi|                                     gmem|       pointer|
|m_axi_gmem_0_AWSIZE    |  out|    3|       m_axi|                                     gmem|       pointer|
|m_axi_gmem_0_AWBURST   |  out|    2|       m_axi|                                     gmem|       pointer|
|m_axi_gmem_0_AWLOCK    |  out|    2|       m_axi|                                     gmem|       pointer|
|m_axi_gmem_0_AWCACHE   |  out|    4|       m_axi|                                     gmem|       pointer|
|m_axi_gmem_0_AWPROT    |  out|    3|       m_axi|                                     gmem|       pointer|
|m_axi_gmem_0_AWQOS     |  out|    4|       m_axi|                                     gmem|       pointer|
|m_axi_gmem_0_AWREGION  |  out|    4|       m_axi|                                     gmem|       pointer|
|m_axi_gmem_0_AWUSER    |  out|    1|       m_axi|                                     gmem|       pointer|
|m_axi_gmem_0_WVALID    |  out|    1|       m_axi|                                     gmem|       pointer|
|m_axi_gmem_0_WREADY    |   in|    1|       m_axi|                                     gmem|       pointer|
|m_axi_gmem_0_WDATA     |  out|   32|       m_axi|                                     gmem|       pointer|
|m_axi_gmem_0_WSTRB     |  out|    4|       m_axi|                                     gmem|       pointer|
|m_axi_gmem_0_WLAST     |  out|    1|       m_axi|                                     gmem|       pointer|
|m_axi_gmem_0_WID       |  out|    1|       m_axi|                                     gmem|       pointer|
|m_axi_gmem_0_WUSER     |  out|    1|       m_axi|                                     gmem|       pointer|
|m_axi_gmem_0_ARVALID   |  out|    1|       m_axi|                                     gmem|       pointer|
|m_axi_gmem_0_ARREADY   |   in|    1|       m_axi|                                     gmem|       pointer|
|m_axi_gmem_0_ARADDR    |  out|   64|       m_axi|                                     gmem|       pointer|
|m_axi_gmem_0_ARID      |  out|    1|       m_axi|                                     gmem|       pointer|
|m_axi_gmem_0_ARLEN     |  out|   32|       m_axi|                                     gmem|       pointer|
|m_axi_gmem_0_ARSIZE    |  out|    3|       m_axi|                                     gmem|       pointer|
|m_axi_gmem_0_ARBURST   |  out|    2|       m_axi|                                     gmem|       pointer|
|m_axi_gmem_0_ARLOCK    |  out|    2|       m_axi|                                     gmem|       pointer|
|m_axi_gmem_0_ARCACHE   |  out|    4|       m_axi|                                     gmem|       pointer|
|m_axi_gmem_0_ARPROT    |  out|    3|       m_axi|                                     gmem|       pointer|
|m_axi_gmem_0_ARQOS     |  out|    4|       m_axi|                                     gmem|       pointer|
|m_axi_gmem_0_ARREGION  |  out|    4|       m_axi|                                     gmem|       pointer|
|m_axi_gmem_0_ARUSER    |  out|    1|       m_axi|                                     gmem|       pointer|
|m_axi_gmem_0_RVALID    |   in|    1|       m_axi|                                     gmem|       pointer|
|m_axi_gmem_0_RREADY    |  out|    1|       m_axi|                                     gmem|       pointer|
|m_axi_gmem_0_RDATA     |   in|   32|       m_axi|                                     gmem|       pointer|
|m_axi_gmem_0_RLAST     |   in|    1|       m_axi|                                     gmem|       pointer|
|m_axi_gmem_0_RID       |   in|    1|       m_axi|                                     gmem|       pointer|
|m_axi_gmem_0_RFIFONUM  |   in|    9|       m_axi|                                     gmem|       pointer|
|m_axi_gmem_0_RUSER     |   in|    1|       m_axi|                                     gmem|       pointer|
|m_axi_gmem_0_RRESP     |   in|    2|       m_axi|                                     gmem|       pointer|
|m_axi_gmem_0_BVALID    |   in|    1|       m_axi|                                     gmem|       pointer|
|m_axi_gmem_0_BREADY    |  out|    1|       m_axi|                                     gmem|       pointer|
|m_axi_gmem_0_BRESP     |   in|    2|       m_axi|                                     gmem|       pointer|
|m_axi_gmem_0_BID       |   in|    1|       m_axi|                                     gmem|       pointer|
|m_axi_gmem_0_BUSER     |   in|    1|       m_axi|                                     gmem|       pointer|
|select_ln169           |   in|    9|     ap_none|                             select_ln169|        scalar|
|exp_buf_address0       |  out|    8|   ap_memory|                                  exp_buf|         array|
|exp_buf_ce0            |  out|    1|   ap_memory|                                  exp_buf|         array|
|exp_buf_q0             |   in|   32|   ap_memory|                                  exp_buf|         array|
|zext_ln208             |   in|   31|     ap_none|                               zext_ln208|        scalar|
|zext_ln202_1           |   in|   30|     ap_none|                             zext_ln202_1|        scalar|
|mem                    |   in|   64|     ap_none|                                      mem|        scalar|
+-----------------------+-----+-----+------------+-----------------------------------------+--------------+

