

================================================================
== Vitis HLS Report for 'softmax_accel'
================================================================
* Date:           Fri Feb 27 18:14:38 2026

* Version:        2025.1 (Build 6135595 on May 21 2025)
* Project:        Prometheus
* Solution:       hls (Vivado IP Flow Target)
* Product family: zynq
* Target device:  xc7z020-clg400-1


================================================================
== Performance Estimates
================================================================
+ Timing: 
    * Summary: 
    +--------+----------+----------+------------+
    |  Clock |  Target  | Estimated| Uncertainty|
    +--------+----------+----------+------------+
    |ap_clk  |  11.80 ns|  8.614 ns|     3.19 ns|
    +--------+----------+----------+------------+

+ Latency: 
    * Summary: 
    +---------+---------+-----------+----------+-----+-----+---------+
    |  Latency (cycles) |  Latency (absolute)  |  Interval | Pipeline|
    |   min   |   max   |    min    |    max   | min | max |   Type  |
    +---------+---------+-----------+----------+-----+-----+---------+
    |        1|      830|  11.800 ns|  9.794 us|    2|  831|       no|
    +---------+---------+-----------+----------+-----+-----+---------+

    + Detail: 
        * Instance: 
        +----------------------------------------------------+-----------------------------------------+---------+---------+-----------+----------+-----+-----+------------------------------------------------+
        |                                                    |                                         |  Latency (cycles) |  Latency (absolute)  |  Interval |                    Pipeline                    |
        |                      Instance                      |                  Module                 |   min   |   max   |    min    |    max   | min | max |                      Type                      |
        +----------------------------------------------------+-----------------------------------------+---------+---------+-----------+----------+-----+-----+------------------------------------------------+
        |grp_softmax_accel_Pipeline_VITIS_LOOP_177_1_fu_679  |softmax_accel_Pipeline_VITIS_LOOP_177_1  |        2|      258|  23.600 ns|  3.044 us|    1|  256|  loop auto-rewind stp (delay=0 clock cycles(s))|
        |grp_softmax_accel_Pipeline_VITIS_LOOP_188_2_fu_689  |softmax_accel_Pipeline_VITIS_LOOP_188_2  |       12|      267|   0.142 us|  3.151 us|    2|  257|  loop auto-rewind stp (delay=0 clock cycles(s))|
        |grp_softmax_accel_Pipeline_VITIS_LOOP_202_3_fu_702  |softmax_accel_Pipeline_VITIS_LOOP_202_3  |       10|      265|   0.118 us|  3.127 us|    2|  257|  loop auto-rewind stp (delay=0 clock cycles(s))|
        +----------------------------------------------------+-----------------------------------------+---------+---------+-----------+----------+-----+-----+------------------------------------------------+

        * Loop: 
        N/A



================================================================
== Utilization Estimates
================================================================
* Summary: 
+-----------------+---------+-----+--------+-------+-----+
|       Name      | BRAM_18K| DSP |   FF   |  LUT  | URAM|
+-----------------+---------+-----+--------+-------+-----+
|DSP              |        -|    -|       -|      -|    -|
|Expression       |        -|    -|       0|   1466|    -|
|FIFO             |        -|    -|       -|      -|    -|
|Instance         |        2|    7|    2164|   2660|    -|
|Memory           |        1|    -|      62|     16|    -|
|Multiplexer      |        -|    -|       0|    859|    -|
|Register         |        -|    -|     961|      -|    -|
+-----------------+---------+-----+--------+-------+-----+
|Total            |        3|    7|    3187|   5001|    0|
+-----------------+---------+-----+--------+-------+-----+
|Available        |      280|  220|  106400|  53200|    0|
+-----------------+---------+-----+--------+-------+-----+
|Utilization (%)  |        1|    3|       2|      9|    0|
+-----------------+---------+-----+--------+-------+-----+

+ Detail: 
    * Instance: 
    +----------------------------------------------------+-----------------------------------------+---------+----+-----+------+-----+
    |                      Instance                      |                  Module                 | BRAM_18K| DSP|  FF |  LUT | URAM|
    +----------------------------------------------------+-----------------------------------------+---------+----+-----+------+-----+
    |control_s_axi_U                                     |control_s_axi                            |        0|   0|  258|   424|    0|
    |gmem_m_axi_U                                        |gmem_m_axi                               |        2|   0|  770|   742|    0|
    |mul_31s_16ns_47_1_1_U25                             |mul_31s_16ns_47_1_1                      |        0|   2|    0|    23|    0|
    |grp_softmax_accel_Pipeline_VITIS_LOOP_177_1_fu_679  |softmax_accel_Pipeline_VITIS_LOOP_177_1  |        0|   0|   80|   157|    0|
    |grp_softmax_accel_Pipeline_VITIS_LOOP_188_2_fu_689  |softmax_accel_Pipeline_VITIS_LOOP_188_2  |        0|   1|  833|  1088|    0|
    |grp_softmax_accel_Pipeline_VITIS_LOOP_202_3_fu_702  |softmax_accel_Pipeline_VITIS_LOOP_202_3  |        0|   4|  223|   226|    0|
    +----------------------------------------------------+-----------------------------------------+---------+----+-----+------+-----+
    |Total                                               |                                         |        2|   7| 2164|  2660|    0|
    +----------------------------------------------------+-----------------------------------------+---------+----+-----+------+-----+

    * DSP: 
    N/A

    * Memory: 
    +---------------+--------------------------+---------+----+----+-----+------+-----+------+-------------+
    |     Memory    |          Module          | BRAM_18K| FF | LUT| URAM| Words| Bits| Banks| W*Bits*Banks|
    +---------------+--------------------------+---------+----+----+-----+------+-----+------+-------------+
    |RECIP_B_Q30_U  |RECIP_B_Q30_ROM_AUTO_1R   |        0|  31|   8|    0|    16|   31|     1|          496|
    |RECIP_M_Q30_U  |RECIP_M_Q30_ROM_AUTO_1R   |        0|  31|   8|    0|    16|   31|     1|          496|
    |exp_buf_U      |exp_buf_RAM_1P_BRAM_1R1W  |        1|   0|   0|    0|   256|   32|     1|         8192|
    +---------------+--------------------------+---------+----+----+-----+------+-----+------+-------------+
    |Total          |                          |        1|  62|  16|    0|   288|   94|     3|         9184|
    +---------------+--------------------------+---------+----+----+-----+------+-----+------+-------------+

    * FIFO: 
    N/A

    * Expression: 
    +-------------------------+----------+----+---+-----+------------+------------+
    |      Variable Name      | Operation| DSP| FF| LUT | Bitwidth P0| Bitwidth P1|
    +-------------------------+----------+----+---+-----+------------+------------+
    |add_ln127_fu_1216_p2     |         +|   0|  0|   13|           5|           5|
    |add_ln137_fu_1303_p2     |         +|   0|  0|   39|          32|          32|
    |add_ln176_fu_995_p2      |         +|   0|  0|   71|          64|          64|
    |add_ln177_1_fu_1066_p2   |         +|   0|  0|   40|          33|           3|
    |add_ln177_2_fu_1076_p2   |         +|   0|  0|   71|          64|          64|
    |add_ln177_fu_1060_p2     |         +|   0|  0|   15|           8|           2|
    |add_ln221_fu_1406_p2     |         +|   0|  0|   71|          64|          64|
    |add_ln222_1_fu_1448_p2   |         +|   0|  0|   71|          64|          64|
    |add_ln222_fu_1431_p2     |         +|   0|  0|   38|          31|           1|
    |add_ln223_1_fu_1490_p2   |         +|   0|  0|   71|          64|          64|
    |add_ln223_fu_1473_p2     |         +|   0|  0|   38|          31|           2|
    |inv_x_q30_fu_1264_p2     |         +|   0|  0|   39|          32|          32|
    |sub_ln126_fu_1181_p2     |         -|   0|  0|   13|           4|           5|
    |sub_ln145_fu_1274_p2     |         -|   0|  0|   14|           6|           5|
    |ap_block_state44         |       and|   0|  0|    2|           1|           1|
    |ap_condition_892         |       and|   0|  0|    2|           1|           1|
    |ap_condition_895         |       and|   0|  0|    2|           1|           1|
    |ap_condition_898         |       and|   0|  0|    2|           1|           1|
    |ap_condition_901         |       and|   0|  0|    2|           1|           1|
    |ap_condition_904         |       and|   0|  0|    2|           1|           1|
    |ap_condition_907         |       and|   0|  0|    2|           1|           1|
    |ap_condition_910         |       and|   0|  0|    2|           1|           1|
    |ap_condition_913         |       and|   0|  0|    2|           1|           1|
    |ap_condition_916         |       and|   0|  0|    2|           1|           1|
    |ap_condition_919         |       and|   0|  0|    2|           1|           1|
    |ap_condition_922         |       and|   0|  0|    2|           1|           1|
    |ap_condition_925         |       and|   0|  0|    2|           1|           1|
    |ap_condition_928         |       and|   0|  0|    2|           1|           1|
    |ap_condition_932         |       and|   0|  0|    2|           1|           1|
    |ap_condition_935         |       and|   0|  0|    2|           1|           1|
    |ap_condition_938         |       and|   0|  0|    2|           1|           1|
    |ap_condition_941         |       and|   0|  0|    2|           1|           1|
    |ap_condition_944         |       and|   0|  0|    2|           1|           1|
    |ap_condition_947         |       and|   0|  0|    2|           1|           1|
    |ap_condition_950         |       and|   0|  0|    2|           1|           1|
    |ap_condition_953         |       and|   0|  0|    2|           1|           1|
    |ap_condition_956         |       and|   0|  0|    2|           1|           1|
    |ap_condition_959         |       and|   0|  0|    2|           1|           1|
    |ap_condition_962         |       and|   0|  0|    2|           1|           1|
    |ap_condition_965         |       and|   0|  0|    2|           1|           1|
    |ap_condition_968         |       and|   0|  0|    2|           1|           1|
    |ap_condition_971         |       and|   0|  0|    2|           1|           1|
    |ap_condition_974         |       and|   0|  0|    2|           1|           1|
    |ap_condition_977         |       and|   0|  0|    2|           1|           1|
    |ap_condition_979         |       and|   0|  0|    2|           1|           1|
    |inv_sum_1_fu_1317_p2     |      ashr|   0|  0|  100|          32|          32|
    |icmp_ln112_fu_1151_p2    |      icmp|   0|  0|   39|          32|           1|
    |icmp_ln148_fu_1357_p2    |      icmp|   0|  0|   23|          16|           1|
    |icmp_ln168_fu_961_p2     |      icmp|   0|  0|   39|          32|           1|
    |icmp_ln169_fu_967_p2     |      icmp|   0|  0|   39|          32|           9|
    |icmp_ln177_fu_1050_p2    |      icmp|   0|  0|   15|           8|           1|
    |icmp_ln197_fu_1130_p2    |      icmp|   0|  0|   47|          40|           1|
    |lshr_ln127_fu_1226_p2    |      lshr|   0|  0|  100|          32|          32|
    |ap_block_state37_io      |        or|   0|  0|    2|           1|           1|
    |empty_fu_1091_p3         |    select|   0|  0|    8|           1|           8|
    |inv_sum_3_fu_1339_p3     |    select|   0|  0|   47|           1|           1|
    |inv_sum_q30_fu_1367_p3   |    select|   0|  0|   31|           1|           2|
    |select_ln119_fu_1165_p3  |    select|   0|  0|    2|           1|           2|
    |select_ln169_fu_1021_p3  |    select|   0|  0|   10|           1|          10|
    |select_ln188_fu_1113_p3  |    select|   0|  0|    9|           1|           9|
    |select_ln217_fu_1387_p3  |    select|   0|  0|    6|           1|           6|
    |sum_2_fu_1140_p3         |    select|   0|  0|   32|           1|           1|
    |shl_ln126_fu_1191_p2     |       shl|   0|  0|  100|          32|          32|
    |shl_ln145_fu_1284_p2     |       shl|   0|  0|  149|          48|          48|
    |xor_ln119_fu_1159_p2     |       xor|   0|  0|    2|           1|           2|
    +-------------------------+----------+----+---+-----+------------+------------+
    |Total                    |          |   0|  0| 1466|         847|         638|
    +-------------------------+----------+----+---+-----+------------+------------+

    * Multiplexer: 
    +----------------------------+-----+-----------+-----+-----------+
    |            Name            | LUT | Input Size| Bits| Total Bits|
    +----------------------------+-----+-----------+-----+-----------+
    |RECIP_B_Q30_address0_local  |   14|          3|    4|         12|
    |RECIP_M_Q30_address0_local  |   14|          3|    4|         12|
    |ap_NS_fsm                   |  197|         45|    1|         45|
    |exp_buf_address0            |   14|          3|    8|         24|
    |exp_buf_ce0                 |   14|          3|    1|          3|
    |exp_buf_we0                 |    9|          2|    1|          2|
    |gmem_0_ARADDR               |   31|          6|   64|        384|
    |gmem_0_ARLEN                |   31|          6|   32|        192|
    |gmem_0_ARVALID              |   20|          4|    1|          4|
    |gmem_0_AWADDR               |   25|          5|   64|        320|
    |gmem_0_AWLEN                |   14|          3|   32|         96|
    |gmem_0_AWVALID              |   14|          3|    1|          3|
    |gmem_0_BREADY               |   14|          3|    1|          3|
    |gmem_0_RREADY               |   20|          4|    1|          4|
    |gmem_0_WDATA                |   25|          5|   32|        160|
    |gmem_0_WSTRB                |   14|          3|    4|         12|
    |gmem_0_WVALID               |   14|          3|    1|          3|
    |gmem_blk_n_AR               |    9|          2|    1|          2|
    |gmem_blk_n_AW               |    9|          2|    1|          2|
    |gmem_blk_n_B                |    9|          2|    1|          2|
    |gmem_blk_n_R                |    9|          2|    1|          2|
    |gmem_blk_n_W                |    9|          2|    1|          2|
    |grp_fu_714_p0               |   14|          3|   31|         93|
    |grp_fu_714_p1               |   14|          3|   16|         48|
    |inv_sum_2_reg_527           |    9|          2|   48|         96|
    |inv_sum_q30_1_reg_536       |    9|          2|   31|         62|
    |msb_reg_395                 |  142|         32|    5|        160|
    |shift_dbg_reg_548           |  142|         32|    5|        160|
    +----------------------------+-----+-----------+-----+-----------+
    |Total                       |  859|        188|  393|       1908|
    +----------------------------+-----+-----------+-----+-----------+

    * Register: 
    +-----------------------------------------------------------------+----+----+-----+-----------+
    |                               Name                              | FF | LUT| Bits| Const Bits|
    +-----------------------------------------------------------------+----+----+-----+-----------+
    |and_ln_reg_1560                                                  |  30|   0|   32|          2|
    |ap_CS_fsm                                                        |  44|   0|   44|          0|
    |empty_reg_1602                                                   |   8|   0|    8|          0|
    |gmem_addr_2_reg_1935                                             |  64|   0|   64|          0|
    |gmem_addr_3_reg_1942                                             |  64|   0|   64|          0|
    |gmem_addr_4_reg_1949                                             |  64|   0|   64|          0|
    |gmem_addr_reg_1585                                               |  64|   0|   64|          0|
    |grp_softmax_accel_Pipeline_VITIS_LOOP_177_1_fu_679_ap_start_reg  |   1|   0|    1|          0|
    |grp_softmax_accel_Pipeline_VITIS_LOOP_188_2_fu_689_ap_start_reg  |   1|   0|    1|          0|
    |grp_softmax_accel_Pipeline_VITIS_LOOP_202_3_fu_702_ap_start_reg  |   1|   0|    1|          0|
    |icmp_ln112_reg_1682                                              |   1|   0|    1|          0|
    |icmp_ln168_reg_1551                                              |   1|   0|    1|          0|
    |icmp_ln169_reg_1555                                              |   1|   0|    1|          0|
    |icmp_ln177_reg_1591                                              |   1|   0|    1|          0|
    |inv_sum_2_reg_527                                                |  48|   0|   48|          0|
    |inv_sum_q30_1_reg_536                                            |  31|   0|   31|          0|
    |max_x_reg_1617                                                   |  32|   0|   32|          0|
    |mem_read_reg_1525                                                |  64|   0|   64|          0|
    |msb_reg_395                                                      |   5|   0|    5|          0|
    |prob_base_read_reg_1520                                          |  32|   0|   32|          0|
    |reg_945                                                          |  31|   0|   31|          0|
    |reg_949                                                          |  31|   0|   31|          0|
    |reg_953                                                          |  32|   0|   32|          0|
    |select_ln169_reg_1577                                            |   9|   0|    9|          0|
    |select_ln188_reg_1622                                            |   9|   0|    9|          0|
    |shift_dbg_reg_548                                                |   5|   0|    5|          0|
    |sum_2_reg_1635                                                   |  32|   0|   32|          0|
    |tmp_1_reg_1571                                                   |  30|   0|   30|          0|
    |tmp_2_reg_1832                                                   |  30|   0|   30|          0|
    |trunc_ln127_reg_1802                                             |  16|   0|   16|          0|
    |trunc_ln154_reg_1546                                             |   9|   0|    9|          0|
    |trunc_ln1_reg_1565                                               |  62|   0|   62|          0|
    |trunc_ln2_reg_1596                                               |  62|   0|   62|          0|
    |x_q1_15_reg_1787                                                 |  16|   0|   16|          0|
    |zext_ln184_reg_1676                                              |  30|   0|   31|          1|
    +-----------------------------------------------------------------+----+----+-----+-----------+
    |Total                                                            | 961|   0|  964|          3|
    +-----------------------------------------------------------------+----+----+-----+-----------+



================================================================
== Interface
================================================================
* Summary: 
+-----------------------+-----+-----+------------+---------------+--------------+
|       RTL Ports       | Dir | Bits|  Protocol  | Source Object |    C Type    |
+-----------------------+-----+-----+------------+---------------+--------------+
|s_axi_control_AWVALID  |   in|    1|       s_axi|        control|        scalar|
|s_axi_control_AWREADY  |  out|    1|       s_axi|        control|        scalar|
|s_axi_control_AWADDR   |   in|    6|       s_axi|        control|        scalar|
|s_axi_control_WVALID   |   in|    1|       s_axi|        control|        scalar|
|s_axi_control_WREADY   |  out|    1|       s_axi|        control|        scalar|
|s_axi_control_WDATA    |   in|   32|       s_axi|        control|        scalar|
|s_axi_control_WSTRB    |   in|    4|       s_axi|        control|        scalar|
|s_axi_control_ARVALID  |   in|    1|       s_axi|        control|        scalar|
|s_axi_control_ARREADY  |  out|    1|       s_axi|        control|        scalar|
|s_axi_control_ARADDR   |   in|    6|       s_axi|        control|        scalar|
|s_axi_control_RVALID   |  out|    1|       s_axi|        control|        scalar|
|s_axi_control_RREADY   |   in|    1|       s_axi|        control|        scalar|
|s_axi_control_RDATA    |  out|   32|       s_axi|        control|        scalar|
|s_axi_control_RRESP    |  out|    2|       s_axi|        control|        scalar|
|s_axi_control_BVALID   |  out|    1|       s_axi|        control|        scalar|
|s_axi_control_BREADY   |   in|    1|       s_axi|        control|        scalar|
|s_axi_control_BRESP    |  out|    2|       s_axi|        control|        scalar|
|ap_clk                 |   in|    1|  ap_ctrl_hs|  softmax_accel|  return value|
|ap_rst_n               |   in|    1|  ap_ctrl_hs|  softmax_accel|  return value|
|interrupt              |  out|    1|  ap_ctrl_hs|  softmax_accel|  return value|
|m_axi_gmem_AWVALID     |  out|    1|       m_axi|           gmem|       pointer|
|m_axi_gmem_AWREADY     |   in|    1|       m_axi|           gmem|       pointer|
|m_axi_gmem_AWADDR      |  out|   64|       m_axi|           gmem|       pointer|
|m_axi_gmem_AWID        |  out|    1|       m_axi|           gmem|       pointer|
|m_axi_gmem_AWLEN       |  out|    8|       m_axi|           gmem|       pointer|
|m_axi_gmem_AWSIZE      |  out|    3|       m_axi|           gmem|       pointer|
|m_axi_gmem_AWBURST     |  out|    2|       m_axi|           gmem|       pointer|
|m_axi_gmem_AWLOCK      |  out|    2|       m_axi|           gmem|       pointer|
|m_axi_gmem_AWCACHE     |  out|    4|       m_axi|           gmem|       pointer|
|m_axi_gmem_AWPROT      |  out|    3|       m_axi|           gmem|       pointer|
|m_axi_gmem_AWQOS       |  out|    4|       m_axi|           gmem|       pointer|
|m_axi_gmem_AWREGION    |  out|    4|       m_axi|           gmem|       pointer|
|m_axi_gmem_AWUSER      |  out|    1|       m_axi|           gmem|       pointer|
|m_axi_gmem_WVALID      |  out|    1|       m_axi|           gmem|       pointer|
|m_axi_gmem_WREADY      |   in|    1|       m_axi|           gmem|       pointer|
|m_axi_gmem_WDATA       |  out|   32|       m_axi|           gmem|       pointer|
|m_axi_gmem_WSTRB       |  out|    4|       m_axi|           gmem|       pointer|
|m_axi_gmem_WLAST       |  out|    1|       m_axi|           gmem|       pointer|
|m_axi_gmem_WID         |  out|    1|       m_axi|           gmem|       pointer|
|m_axi_gmem_WUSER       |  out|    1|       m_axi|           gmem|       pointer|
|m_axi_gmem_ARVALID     |  out|    1|       m_axi|           gmem|       pointer|
|m_axi_gmem_ARREADY     |   in|    1|       m_axi|           gmem|       pointer|
|m_axi_gmem_ARADDR      |  out|   64|       m_axi|           gmem|       pointer|
|m_axi_gmem_ARID        |  out|    1|       m_axi|           gmem|       pointer|
|m_axi_gmem_ARLEN       |  out|    8|       m_axi|           gmem|       pointer|
|m_axi_gmem_ARSIZE      |  out|    3|       m_axi|           gmem|       pointer|
|m_axi_gmem_ARBURST     |  out|    2|       m_axi|           gmem|       pointer|
|m_axi_gmem_ARLOCK      |  out|    2|       m_axi|           gmem|       pointer|
|m_axi_gmem_ARCACHE     |  out|    4|       m_axi|           gmem|       pointer|
|m_axi_gmem_ARPROT      |  out|    3|       m_axi|           gmem|       pointer|
|m_axi_gmem_ARQOS       |  out|    4|       m_axi|           gmem|       pointer|
|m_axi_gmem_ARREGION    |  out|    4|       m_axi|           gmem|       pointer|
|m_axi_gmem_ARUSER      |  out|    1|       m_axi|           gmem|       pointer|
|m_axi_gmem_RVALID      |   in|    1|       m_axi|           gmem|       pointer|
|m_axi_gmem_RREADY      |  out|    1|       m_axi|           gmem|       pointer|
|m_axi_gmem_RDATA       |   in|   32|       m_axi|           gmem|       pointer|
|m_axi_gmem_RLAST       |   in|    1|       m_axi|           gmem|       pointer|
|m_axi_gmem_RID         |   in|    1|       m_axi|           gmem|       pointer|
|m_axi_gmem_RUSER       |   in|    1|       m_axi|           gmem|       pointer|
|m_axi_gmem_RRESP       |   in|    2|       m_axi|           gmem|       pointer|
|m_axi_gmem_BVALID      |   in|    1|       m_axi|           gmem|       pointer|
|m_axi_gmem_BREADY      |  out|    1|       m_axi|           gmem|       pointer|
|m_axi_gmem_BRESP       |   in|    2|       m_axi|           gmem|       pointer|
|m_axi_gmem_BID         |   in|    1|       m_axi|           gmem|       pointer|
|m_axi_gmem_BUSER       |   in|    1|       m_axi|           gmem|       pointer|
+-----------------------+-----+-----+------------+---------------+--------------+

