Copyright 1986-2022 Xilinx, Inc. All Rights Reserved. Copyright 2022-2025 Advanced Micro Devices, Inc. All Rights Reserved.
---------------------------------------------------------------------------------------------------------------------------------------------------------------------------
| Tool Version : Vivado v.2025.1 (lin64) Build 6140274 Wed May 21 22:58:25 MDT 2025
| Date         : Wed Mar 18 19:11:43 2026
| Host         : gondor running 64-bit Ubuntu 24.04.3 LTS
| Command      : report_drc -file baseline_cpu_pynq_z1_wrapper_drc_opted.rpt -pb baseline_cpu_pynq_z1_wrapper_drc_opted.pb -rpx baseline_cpu_pynq_z1_wrapper_drc_opted.rpx
| Design       : baseline_cpu_pynq_z1_wrapper
| Device       : xc7z020clg400-1
| Speed File   : -1
| Design State : Synthesized
---------------------------------------------------------------------------------------------------------------------------------------------------------------------------

Report DRC

Table of Contents
-----------------
1. REPORT SUMMARY
2. REPORT DETAILS

1. REPORT SUMMARY
-----------------
            Netlist: netlist
          Floorplan: design_1
      Design limits: <entire design considered>
           Ruledeck: default
             Max checks: <unlimited>
             Checks found: 36
+--------+----------+------------------------+--------+
| Rule   | Severity | Description            | Checks |
+--------+----------+------------------------+--------+
| DPIP-1 | Warning  | Input pipelining       | 16     |
| DPOP-1 | Warning  | PREG Output pipelining | 8      |
| DPOP-2 | Warning  | MREG Output pipelining | 12     |
+--------+----------+------------------------+--------+

2. REPORT DETAILS
-----------------
DPIP-1#1 Warning
Input pipelining  
DSP baseline_cpu_pynq_z1_i/baseline_cpu_0/inst/u_cpu/grp_cpu_Pipeline_PROGRAM_LOOP_fu_187/mul_32ns_32ns_64_1_1_U32/tmp_product input baseline_cpu_pynq_z1_i/baseline_cpu_0/inst/u_cpu/grp_cpu_Pipeline_PROGRAM_LOOP_fu_187/mul_32ns_32ns_64_1_1_U32/tmp_product/A[29:0] is not pipelined. Pipelining DSP48 input will improve performance.
Related violations: <none>

DPIP-1#2 Warning
Input pipelining  
DSP baseline_cpu_pynq_z1_i/baseline_cpu_0/inst/u_cpu/grp_cpu_Pipeline_PROGRAM_LOOP_fu_187/mul_32ns_32ns_64_1_1_U32/tmp_product input baseline_cpu_pynq_z1_i/baseline_cpu_0/inst/u_cpu/grp_cpu_Pipeline_PROGRAM_LOOP_fu_187/mul_32ns_32ns_64_1_1_U32/tmp_product/B[17:0] is not pipelined. Pipelining DSP48 input will improve performance.
Related violations: <none>

DPIP-1#3 Warning
Input pipelining  
DSP baseline_cpu_pynq_z1_i/baseline_cpu_0/inst/u_cpu/grp_cpu_Pipeline_PROGRAM_LOOP_fu_187/mul_32ns_32ns_64_1_1_U32/tmp_product__0 input baseline_cpu_pynq_z1_i/baseline_cpu_0/inst/u_cpu/grp_cpu_Pipeline_PROGRAM_LOOP_fu_187/mul_32ns_32ns_64_1_1_U32/tmp_product__0/A[29:0] is not pipelined. Pipelining DSP48 input will improve performance.
Related violations: <none>

DPIP-1#4 Warning
Input pipelining  
DSP baseline_cpu_pynq_z1_i/baseline_cpu_0/inst/u_cpu/grp_cpu_Pipeline_PROGRAM_LOOP_fu_187/mul_32ns_32ns_64_1_1_U32/tmp_product__0 input baseline_cpu_pynq_z1_i/baseline_cpu_0/inst/u_cpu/grp_cpu_Pipeline_PROGRAM_LOOP_fu_187/mul_32ns_32ns_64_1_1_U32/tmp_product__0/B[17:0] is not pipelined. Pipelining DSP48 input will improve performance.
Related violations: <none>

DPIP-1#5 Warning
Input pipelining  
DSP baseline_cpu_pynq_z1_i/baseline_cpu_0/inst/u_cpu/grp_cpu_Pipeline_PROGRAM_LOOP_fu_187/mul_32s_32s_64_1_1_U34/tmp_product input baseline_cpu_pynq_z1_i/baseline_cpu_0/inst/u_cpu/grp_cpu_Pipeline_PROGRAM_LOOP_fu_187/mul_32s_32s_64_1_1_U34/tmp_product/A[29:0] is not pipelined. Pipelining DSP48 input will improve performance.
Related violations: <none>

DPIP-1#6 Warning
Input pipelining  
DSP baseline_cpu_pynq_z1_i/baseline_cpu_0/inst/u_cpu/grp_cpu_Pipeline_PROGRAM_LOOP_fu_187/mul_32s_32s_64_1_1_U34/tmp_product input baseline_cpu_pynq_z1_i/baseline_cpu_0/inst/u_cpu/grp_cpu_Pipeline_PROGRAM_LOOP_fu_187/mul_32s_32s_64_1_1_U34/tmp_product/B[17:0] is not pipelined. Pipelining DSP48 input will improve performance.
Related violations: <none>

DPIP-1#7 Warning
Input pipelining  
DSP baseline_cpu_pynq_z1_i/baseline_cpu_0/inst/u_cpu/grp_cpu_Pipeline_PROGRAM_LOOP_fu_187/mul_32s_32s_64_1_1_U34/tmp_product__0 input baseline_cpu_pynq_z1_i/baseline_cpu_0/inst/u_cpu/grp_cpu_Pipeline_PROGRAM_LOOP_fu_187/mul_32s_32s_64_1_1_U34/tmp_product__0/A[29:0] is not pipelined. Pipelining DSP48 input will improve performance.
Related violations: <none>

DPIP-1#8 Warning
Input pipelining  
DSP baseline_cpu_pynq_z1_i/baseline_cpu_0/inst/u_cpu/grp_cpu_Pipeline_PROGRAM_LOOP_fu_187/mul_32s_32s_64_1_1_U34/tmp_product__0 input baseline_cpu_pynq_z1_i/baseline_cpu_0/inst/u_cpu/grp_cpu_Pipeline_PROGRAM_LOOP_fu_187/mul_32s_32s_64_1_1_U34/tmp_product__0/B[17:0] is not pipelined. Pipelining DSP48 input will improve performance.
Related violations: <none>

DPIP-1#9 Warning
Input pipelining  
DSP baseline_cpu_pynq_z1_i/baseline_cpu_0/inst/u_cpu/grp_cpu_Pipeline_PROGRAM_LOOP_fu_187/prod_ss_reg_5681_reg input baseline_cpu_pynq_z1_i/baseline_cpu_0/inst/u_cpu/grp_cpu_Pipeline_PROGRAM_LOOP_fu_187/prod_ss_reg_5681_reg/A[29:0] is not pipelined. Pipelining DSP48 input will improve performance.
Related violations: <none>

DPIP-1#10 Warning
Input pipelining  
DSP baseline_cpu_pynq_z1_i/baseline_cpu_0/inst/u_cpu/grp_cpu_Pipeline_PROGRAM_LOOP_fu_187/prod_ss_reg_5681_reg input baseline_cpu_pynq_z1_i/baseline_cpu_0/inst/u_cpu/grp_cpu_Pipeline_PROGRAM_LOOP_fu_187/prod_ss_reg_5681_reg/B[17:0] is not pipelined. Pipelining DSP48 input will improve performance.
Related violations: <none>

DPIP-1#11 Warning
Input pipelining  
DSP baseline_cpu_pynq_z1_i/baseline_cpu_0/inst/u_cpu/grp_cpu_Pipeline_PROGRAM_LOOP_fu_187/prod_ss_reg_5681_reg__0 input baseline_cpu_pynq_z1_i/baseline_cpu_0/inst/u_cpu/grp_cpu_Pipeline_PROGRAM_LOOP_fu_187/prod_ss_reg_5681_reg__0/A[29:0] is not pipelined. Pipelining DSP48 input will improve performance.
Related violations: <none>

DPIP-1#12 Warning
Input pipelining  
DSP baseline_cpu_pynq_z1_i/baseline_cpu_0/inst/u_cpu/grp_cpu_Pipeline_PROGRAM_LOOP_fu_187/prod_ss_reg_5681_reg__0 input baseline_cpu_pynq_z1_i/baseline_cpu_0/inst/u_cpu/grp_cpu_Pipeline_PROGRAM_LOOP_fu_187/prod_ss_reg_5681_reg__0/B[17:0] is not pipelined. Pipelining DSP48 input will improve performance.
Related violations: <none>

DPIP-1#13 Warning
Input pipelining  
DSP baseline_cpu_pynq_z1_i/baseline_cpu_0/inst/u_cpu/grp_cpu_Pipeline_PROGRAM_LOOP_fu_187/res_19_reg_5692_reg input baseline_cpu_pynq_z1_i/baseline_cpu_0/inst/u_cpu/grp_cpu_Pipeline_PROGRAM_LOOP_fu_187/res_19_reg_5692_reg/A[29:0] is not pipelined. Pipelining DSP48 input will improve performance.
Related violations: <none>

DPIP-1#14 Warning
Input pipelining  
DSP baseline_cpu_pynq_z1_i/baseline_cpu_0/inst/u_cpu/grp_cpu_Pipeline_PROGRAM_LOOP_fu_187/res_19_reg_5692_reg input baseline_cpu_pynq_z1_i/baseline_cpu_0/inst/u_cpu/grp_cpu_Pipeline_PROGRAM_LOOP_fu_187/res_19_reg_5692_reg/B[17:0] is not pipelined. Pipelining DSP48 input will improve performance.
Related violations: <none>

DPIP-1#15 Warning
Input pipelining  
DSP baseline_cpu_pynq_z1_i/baseline_cpu_0/inst/u_cpu/grp_cpu_Pipeline_PROGRAM_LOOP_fu_187/res_19_reg_5692_reg__0 input baseline_cpu_pynq_z1_i/baseline_cpu_0/inst/u_cpu/grp_cpu_Pipeline_PROGRAM_LOOP_fu_187/res_19_reg_5692_reg__0/A[29:0] is not pipelined. Pipelining DSP48 input will improve performance.
Related violations: <none>

DPIP-1#16 Warning
Input pipelining  
DSP baseline_cpu_pynq_z1_i/baseline_cpu_0/inst/u_cpu/grp_cpu_Pipeline_PROGRAM_LOOP_fu_187/res_19_reg_5692_reg__0 input baseline_cpu_pynq_z1_i/baseline_cpu_0/inst/u_cpu/grp_cpu_Pipeline_PROGRAM_LOOP_fu_187/res_19_reg_5692_reg__0/B[17:0] is not pipelined. Pipelining DSP48 input will improve performance.
Related violations: <none>

DPOP-1#1 Warning
PREG Output pipelining  
DSP baseline_cpu_pynq_z1_i/baseline_cpu_0/inst/u_cpu/grp_cpu_Pipeline_PROGRAM_LOOP_fu_187/mul_32ns_32ns_64_1_1_U32/tmp_product output baseline_cpu_pynq_z1_i/baseline_cpu_0/inst/u_cpu/grp_cpu_Pipeline_PROGRAM_LOOP_fu_187/mul_32ns_32ns_64_1_1_U32/tmp_product/P[47:0] is not pipelined (PREG=0). Pipelining the DSP48 output will improve performance and often saves power so it is suggested whenever possible to fully pipeline this function.  If this DSP48 function was inferred, it is suggested to describe an additional register stage after this function.  If the DSP48 was instantiated in the design, it is suggested to set the PREG attribute to 1.
Related violations: <none>

DPOP-1#2 Warning
PREG Output pipelining  
DSP baseline_cpu_pynq_z1_i/baseline_cpu_0/inst/u_cpu/grp_cpu_Pipeline_PROGRAM_LOOP_fu_187/mul_32ns_32ns_64_1_1_U32/tmp_product__0 output baseline_cpu_pynq_z1_i/baseline_cpu_0/inst/u_cpu/grp_cpu_Pipeline_PROGRAM_LOOP_fu_187/mul_32ns_32ns_64_1_1_U32/tmp_product__0/P[47:0] is not pipelined (PREG=0). Pipelining the DSP48 output will improve performance and often saves power so it is suggested whenever possible to fully pipeline this function.  If this DSP48 function was inferred, it is suggested to describe an additional register stage after this function.  If the DSP48 was instantiated in the design, it is suggested to set the PREG attribute to 1.
Related violations: <none>

DPOP-1#3 Warning
PREG Output pipelining  
DSP baseline_cpu_pynq_z1_i/baseline_cpu_0/inst/u_cpu/grp_cpu_Pipeline_PROGRAM_LOOP_fu_187/mul_32ns_32s_64_1_1_U33/tmp_product output baseline_cpu_pynq_z1_i/baseline_cpu_0/inst/u_cpu/grp_cpu_Pipeline_PROGRAM_LOOP_fu_187/mul_32ns_32s_64_1_1_U33/tmp_product/P[47:0] is not pipelined (PREG=0). Pipelining the DSP48 output will improve performance and often saves power so it is suggested whenever possible to fully pipeline this function.  If this DSP48 function was inferred, it is suggested to describe an additional register stage after this function.  If the DSP48 was instantiated in the design, it is suggested to set the PREG attribute to 1.
Related violations: <none>

DPOP-1#4 Warning
PREG Output pipelining  
DSP baseline_cpu_pynq_z1_i/baseline_cpu_0/inst/u_cpu/grp_cpu_Pipeline_PROGRAM_LOOP_fu_187/mul_32ns_32s_64_1_1_U33/tmp_product__0 output baseline_cpu_pynq_z1_i/baseline_cpu_0/inst/u_cpu/grp_cpu_Pipeline_PROGRAM_LOOP_fu_187/mul_32ns_32s_64_1_1_U33/tmp_product__0/P[47:0] is not pipelined (PREG=0). Pipelining the DSP48 output will improve performance and often saves power so it is suggested whenever possible to fully pipeline this function.  If this DSP48 function was inferred, it is suggested to describe an additional register stage after this function.  If the DSP48 was instantiated in the design, it is suggested to set the PREG attribute to 1.
Related violations: <none>

DPOP-1#5 Warning
PREG Output pipelining  
DSP baseline_cpu_pynq_z1_i/baseline_cpu_0/inst/u_cpu/grp_cpu_Pipeline_PROGRAM_LOOP_fu_187/mul_32ns_32s_64_1_1_U33/tmp_product__1 output baseline_cpu_pynq_z1_i/baseline_cpu_0/inst/u_cpu/grp_cpu_Pipeline_PROGRAM_LOOP_fu_187/mul_32ns_32s_64_1_1_U33/tmp_product__1/P[47:0] is not pipelined (PREG=0). Pipelining the DSP48 output will improve performance and often saves power so it is suggested whenever possible to fully pipeline this function.  If this DSP48 function was inferred, it is suggested to describe an additional register stage after this function.  If the DSP48 was instantiated in the design, it is suggested to set the PREG attribute to 1.
Related violations: <none>

DPOP-1#6 Warning
PREG Output pipelining  
DSP baseline_cpu_pynq_z1_i/baseline_cpu_0/inst/u_cpu/grp_cpu_Pipeline_PROGRAM_LOOP_fu_187/mul_32ns_32s_64_1_1_U33/tmp_product__2 output baseline_cpu_pynq_z1_i/baseline_cpu_0/inst/u_cpu/grp_cpu_Pipeline_PROGRAM_LOOP_fu_187/mul_32ns_32s_64_1_1_U33/tmp_product__2/P[47:0] is not pipelined (PREG=0). Pipelining the DSP48 output will improve performance and often saves power so it is suggested whenever possible to fully pipeline this function.  If this DSP48 function was inferred, it is suggested to describe an additional register stage after this function.  If the DSP48 was instantiated in the design, it is suggested to set the PREG attribute to 1.
Related violations: <none>

DPOP-1#7 Warning
PREG Output pipelining  
DSP baseline_cpu_pynq_z1_i/baseline_cpu_0/inst/u_cpu/grp_cpu_Pipeline_PROGRAM_LOOP_fu_187/mul_32s_32s_64_1_1_U34/tmp_product output baseline_cpu_pynq_z1_i/baseline_cpu_0/inst/u_cpu/grp_cpu_Pipeline_PROGRAM_LOOP_fu_187/mul_32s_32s_64_1_1_U34/tmp_product/P[47:0] is not pipelined (PREG=0). Pipelining the DSP48 output will improve performance and often saves power so it is suggested whenever possible to fully pipeline this function.  If this DSP48 function was inferred, it is suggested to describe an additional register stage after this function.  If the DSP48 was instantiated in the design, it is suggested to set the PREG attribute to 1.
Related violations: <none>

DPOP-1#8 Warning
PREG Output pipelining  
DSP baseline_cpu_pynq_z1_i/baseline_cpu_0/inst/u_cpu/grp_cpu_Pipeline_PROGRAM_LOOP_fu_187/mul_32s_32s_64_1_1_U34/tmp_product__0 output baseline_cpu_pynq_z1_i/baseline_cpu_0/inst/u_cpu/grp_cpu_Pipeline_PROGRAM_LOOP_fu_187/mul_32s_32s_64_1_1_U34/tmp_product__0/P[47:0] is not pipelined (PREG=0). Pipelining the DSP48 output will improve performance and often saves power so it is suggested whenever possible to fully pipeline this function.  If this DSP48 function was inferred, it is suggested to describe an additional register stage after this function.  If the DSP48 was instantiated in the design, it is suggested to set the PREG attribute to 1.
Related violations: <none>

DPOP-2#1 Warning
MREG Output pipelining  
DSP baseline_cpu_pynq_z1_i/baseline_cpu_0/inst/u_cpu/grp_cpu_Pipeline_PROGRAM_LOOP_fu_187/mul_32ns_32ns_64_1_1_U32/tmp_product multiplier stage baseline_cpu_pynq_z1_i/baseline_cpu_0/inst/u_cpu/grp_cpu_Pipeline_PROGRAM_LOOP_fu_187/mul_32ns_32ns_64_1_1_U32/tmp_product/P[47:0] is not pipelined (MREG=0). Pipelining the multiplier function will improve performance and will save significant power so it is suggested whenever possible to fully pipeline this function.  If this multiplier was inferred, it is suggested to describe an additional register stage after this function.  If there is no registered adder/accumulator following the multiply function, two pipeline stages are suggested to allow both the MREG and PREG registers to be used.  If the DSP48 was instantiated in the design, it is suggested to set both the MREG and PREG attributes to 1 when performing multiply functions.
Related violations: <none>

DPOP-2#2 Warning
MREG Output pipelining  
DSP baseline_cpu_pynq_z1_i/baseline_cpu_0/inst/u_cpu/grp_cpu_Pipeline_PROGRAM_LOOP_fu_187/mul_32ns_32ns_64_1_1_U32/tmp_product__0 multiplier stage baseline_cpu_pynq_z1_i/baseline_cpu_0/inst/u_cpu/grp_cpu_Pipeline_PROGRAM_LOOP_fu_187/mul_32ns_32ns_64_1_1_U32/tmp_product__0/P[47:0] is not pipelined (MREG=0). Pipelining the multiplier function will improve performance and will save significant power so it is suggested whenever possible to fully pipeline this function.  If this multiplier was inferred, it is suggested to describe an additional register stage after this function.  If there is no registered adder/accumulator following the multiply function, two pipeline stages are suggested to allow both the MREG and PREG registers to be used.  If the DSP48 was instantiated in the design, it is suggested to set both the MREG and PREG attributes to 1 when performing multiply functions.
Related violations: <none>

DPOP-2#3 Warning
MREG Output pipelining  
DSP baseline_cpu_pynq_z1_i/baseline_cpu_0/inst/u_cpu/grp_cpu_Pipeline_PROGRAM_LOOP_fu_187/mul_32ns_32s_64_1_1_U33/tmp_product multiplier stage baseline_cpu_pynq_z1_i/baseline_cpu_0/inst/u_cpu/grp_cpu_Pipeline_PROGRAM_LOOP_fu_187/mul_32ns_32s_64_1_1_U33/tmp_product/P[47:0] is not pipelined (MREG=0). Pipelining the multiplier function will improve performance and will save significant power so it is suggested whenever possible to fully pipeline this function.  If this multiplier was inferred, it is suggested to describe an additional register stage after this function.  If there is no registered adder/accumulator following the multiply function, two pipeline stages are suggested to allow both the MREG and PREG registers to be used.  If the DSP48 was instantiated in the design, it is suggested to set both the MREG and PREG attributes to 1 when performing multiply functions.
Related violations: <none>

DPOP-2#4 Warning
MREG Output pipelining  
DSP baseline_cpu_pynq_z1_i/baseline_cpu_0/inst/u_cpu/grp_cpu_Pipeline_PROGRAM_LOOP_fu_187/mul_32ns_32s_64_1_1_U33/tmp_product__0 multiplier stage baseline_cpu_pynq_z1_i/baseline_cpu_0/inst/u_cpu/grp_cpu_Pipeline_PROGRAM_LOOP_fu_187/mul_32ns_32s_64_1_1_U33/tmp_product__0/P[47:0] is not pipelined (MREG=0). Pipelining the multiplier function will improve performance and will save significant power so it is suggested whenever possible to fully pipeline this function.  If this multiplier was inferred, it is suggested to describe an additional register stage after this function.  If there is no registered adder/accumulator following the multiply function, two pipeline stages are suggested to allow both the MREG and PREG registers to be used.  If the DSP48 was instantiated in the design, it is suggested to set both the MREG and PREG attributes to 1 when performing multiply functions.
Related violations: <none>

DPOP-2#5 Warning
MREG Output pipelining  
DSP baseline_cpu_pynq_z1_i/baseline_cpu_0/inst/u_cpu/grp_cpu_Pipeline_PROGRAM_LOOP_fu_187/mul_32ns_32s_64_1_1_U33/tmp_product__1 multiplier stage baseline_cpu_pynq_z1_i/baseline_cpu_0/inst/u_cpu/grp_cpu_Pipeline_PROGRAM_LOOP_fu_187/mul_32ns_32s_64_1_1_U33/tmp_product__1/P[47:0] is not pipelined (MREG=0). Pipelining the multiplier function will improve performance and will save significant power so it is suggested whenever possible to fully pipeline this function.  If this multiplier was inferred, it is suggested to describe an additional register stage after this function.  If there is no registered adder/accumulator following the multiply function, two pipeline stages are suggested to allow both the MREG and PREG registers to be used.  If the DSP48 was instantiated in the design, it is suggested to set both the MREG and PREG attributes to 1 when performing multiply functions.
Related violations: <none>

DPOP-2#6 Warning
MREG Output pipelining  
DSP baseline_cpu_pynq_z1_i/baseline_cpu_0/inst/u_cpu/grp_cpu_Pipeline_PROGRAM_LOOP_fu_187/mul_32ns_32s_64_1_1_U33/tmp_product__2 multiplier stage baseline_cpu_pynq_z1_i/baseline_cpu_0/inst/u_cpu/grp_cpu_Pipeline_PROGRAM_LOOP_fu_187/mul_32ns_32s_64_1_1_U33/tmp_product__2/P[47:0] is not pipelined (MREG=0). Pipelining the multiplier function will improve performance and will save significant power so it is suggested whenever possible to fully pipeline this function.  If this multiplier was inferred, it is suggested to describe an additional register stage after this function.  If there is no registered adder/accumulator following the multiply function, two pipeline stages are suggested to allow both the MREG and PREG registers to be used.  If the DSP48 was instantiated in the design, it is suggested to set both the MREG and PREG attributes to 1 when performing multiply functions.
Related violations: <none>

DPOP-2#7 Warning
MREG Output pipelining  
DSP baseline_cpu_pynq_z1_i/baseline_cpu_0/inst/u_cpu/grp_cpu_Pipeline_PROGRAM_LOOP_fu_187/mul_32s_32s_64_1_1_U34/tmp_product multiplier stage baseline_cpu_pynq_z1_i/baseline_cpu_0/inst/u_cpu/grp_cpu_Pipeline_PROGRAM_LOOP_fu_187/mul_32s_32s_64_1_1_U34/tmp_product/P[47:0] is not pipelined (MREG=0). Pipelining the multiplier function will improve performance and will save significant power so it is suggested whenever possible to fully pipeline this function.  If this multiplier was inferred, it is suggested to describe an additional register stage after this function.  If there is no registered adder/accumulator following the multiply function, two pipeline stages are suggested to allow both the MREG and PREG registers to be used.  If the DSP48 was instantiated in the design, it is suggested to set both the MREG and PREG attributes to 1 when performing multiply functions.
Related violations: <none>

DPOP-2#8 Warning
MREG Output pipelining  
DSP baseline_cpu_pynq_z1_i/baseline_cpu_0/inst/u_cpu/grp_cpu_Pipeline_PROGRAM_LOOP_fu_187/mul_32s_32s_64_1_1_U34/tmp_product__0 multiplier stage baseline_cpu_pynq_z1_i/baseline_cpu_0/inst/u_cpu/grp_cpu_Pipeline_PROGRAM_LOOP_fu_187/mul_32s_32s_64_1_1_U34/tmp_product__0/P[47:0] is not pipelined (MREG=0). Pipelining the multiplier function will improve performance and will save significant power so it is suggested whenever possible to fully pipeline this function.  If this multiplier was inferred, it is suggested to describe an additional register stage after this function.  If there is no registered adder/accumulator following the multiply function, two pipeline stages are suggested to allow both the MREG and PREG registers to be used.  If the DSP48 was instantiated in the design, it is suggested to set both the MREG and PREG attributes to 1 when performing multiply functions.
Related violations: <none>

DPOP-2#9 Warning
MREG Output pipelining  
DSP baseline_cpu_pynq_z1_i/baseline_cpu_0/inst/u_cpu/grp_cpu_Pipeline_PROGRAM_LOOP_fu_187/prod_ss_reg_5681_reg multiplier stage baseline_cpu_pynq_z1_i/baseline_cpu_0/inst/u_cpu/grp_cpu_Pipeline_PROGRAM_LOOP_fu_187/prod_ss_reg_5681_reg/P[47:0] is not pipelined (MREG=0). Pipelining the multiplier function will improve performance and will save significant power so it is suggested whenever possible to fully pipeline this function.  If this multiplier was inferred, it is suggested to describe an additional register stage after this function.  If there is no registered adder/accumulator following the multiply function, two pipeline stages are suggested to allow both the MREG and PREG registers to be used.  If the DSP48 was instantiated in the design, it is suggested to set both the MREG and PREG attributes to 1 when performing multiply functions.
Related violations: <none>

DPOP-2#10 Warning
MREG Output pipelining  
DSP baseline_cpu_pynq_z1_i/baseline_cpu_0/inst/u_cpu/grp_cpu_Pipeline_PROGRAM_LOOP_fu_187/prod_ss_reg_5681_reg__0 multiplier stage baseline_cpu_pynq_z1_i/baseline_cpu_0/inst/u_cpu/grp_cpu_Pipeline_PROGRAM_LOOP_fu_187/prod_ss_reg_5681_reg__0/P[47:0] is not pipelined (MREG=0). Pipelining the multiplier function will improve performance and will save significant power so it is suggested whenever possible to fully pipeline this function.  If this multiplier was inferred, it is suggested to describe an additional register stage after this function.  If there is no registered adder/accumulator following the multiply function, two pipeline stages are suggested to allow both the MREG and PREG registers to be used.  If the DSP48 was instantiated in the design, it is suggested to set both the MREG and PREG attributes to 1 when performing multiply functions.
Related violations: <none>

DPOP-2#11 Warning
MREG Output pipelining  
DSP baseline_cpu_pynq_z1_i/baseline_cpu_0/inst/u_cpu/grp_cpu_Pipeline_PROGRAM_LOOP_fu_187/res_19_reg_5692_reg multiplier stage baseline_cpu_pynq_z1_i/baseline_cpu_0/inst/u_cpu/grp_cpu_Pipeline_PROGRAM_LOOP_fu_187/res_19_reg_5692_reg/P[47:0] is not pipelined (MREG=0). Pipelining the multiplier function will improve performance and will save significant power so it is suggested whenever possible to fully pipeline this function.  If this multiplier was inferred, it is suggested to describe an additional register stage after this function.  If there is no registered adder/accumulator following the multiply function, two pipeline stages are suggested to allow both the MREG and PREG registers to be used.  If the DSP48 was instantiated in the design, it is suggested to set both the MREG and PREG attributes to 1 when performing multiply functions.
Related violations: <none>

DPOP-2#12 Warning
MREG Output pipelining  
DSP baseline_cpu_pynq_z1_i/baseline_cpu_0/inst/u_cpu/grp_cpu_Pipeline_PROGRAM_LOOP_fu_187/res_19_reg_5692_reg__0 multiplier stage baseline_cpu_pynq_z1_i/baseline_cpu_0/inst/u_cpu/grp_cpu_Pipeline_PROGRAM_LOOP_fu_187/res_19_reg_5692_reg__0/P[47:0] is not pipelined (MREG=0). Pipelining the multiplier function will improve performance and will save significant power so it is suggested whenever possible to fully pipeline this function.  If this multiplier was inferred, it is suggested to describe an additional register stage after this function.  If there is no registered adder/accumulator following the multiply function, two pipeline stages are suggested to allow both the MREG and PREG registers to be used.  If the DSP48 was instantiated in the design, it is suggested to set both the MREG and PREG attributes to 1 when performing multiply functions.
Related violations: <none>


