

================================================================
== Vitis HLS Report for 'emit_exp_stream'
================================================================
* Date:           Sat Mar 14 13:29:02 2026

* Version:        2025.1 (Build 6135595 on May 21 2025)
* Project:        Prometheus_streaming
* Solution:       hls (Vivado IP Flow Target)
* Product family: zynq
* Target device:  xc7z020-clg400-1


================================================================
== Performance Estimates
================================================================
+ Timing: 
    * Summary: 
    +--------+----------+----------+------------+
    |  Clock |  Target  | Estimated| Uncertainty|
    +--------+----------+----------+------------+
    |ap_clk  |  11.80 ns|  8.206 ns|     3.19 ns|
    +--------+----------+----------+------------+

+ Latency: 
    * Summary: 
    +---------+---------+----------+----------+-----+-----+------------------------------------------------+
    |  Latency (cycles) |  Latency (absolute) |  Interval |                    Pipeline                    |
    |   min   |   max   |    min   |    max   | min | max |                      Type                      |
    +---------+---------+----------+----------+-----+-----+------------------------------------------------+
    |       11|      266|  0.130 us|  3.139 us|    2|  257|  loop auto-rewind stp (delay=0 clock cycles(s))|
    +---------+---------+----------+----------+-----+-----+------------------------------------------------+

    + Detail: 
        * Instance: 
        N/A

        * Loop: 
        +-----------------+---------+---------+----------+-----------+-----------+---------+----------+
        |                 |  Latency (cycles) | Iteration|  Initiation Interval  |   Trip  |          |
        |    Loop Name    |   min   |   max   |  Latency |  achieved |   target  |  Count  | Pipelined|
        +-----------------+---------+---------+----------+-----------+-----------+---------+----------+
        |- exp_emit_loop  |        9|      264|        10|          1|          1|  1 ~ 256|       yes|
        +-----------------+---------+---------+----------+-----------+-----------+---------+----------+



================================================================
== Utilization Estimates
================================================================
* Summary: 
+-----------------+---------+-----+--------+-------+-----+
|       Name      | BRAM_18K| DSP |   FF   |  LUT  | URAM|
+-----------------+---------+-----+--------+-------+-----+
|DSP              |        -|    -|       -|      -|    -|
|Expression       |        -|    -|       0|    765|    -|
|FIFO             |        -|    -|       -|      -|    -|
|Instance         |        -|    1|       0|     15|    -|
|Memory           |        0|    -|      36|      5|    -|
|Multiplexer      |        -|    -|       0|     54|    -|
|Register         |        -|    -|     729|    160|    -|
+-----------------+---------+-----+--------+-------+-----+
|Total            |        0|    1|     765|    999|    0|
+-----------------+---------+-----+--------+-------+-----+
|Available        |      280|  220|  106400|  53200|    0|
+-----------------+---------+-----+--------+-------+-----+
|Utilization (%)  |        0|   ~0|      ~0|      1|    0|
+-----------------+---------+-----+--------+-------+-----+

+ Detail: 
    * Instance: 
    +--------------------------+----------------------+---------+----+---+----+-----+
    |         Instance         |        Module        | BRAM_18K| DSP| FF| LUT| URAM|
    +--------------------------+----------------------+---------+----+---+----+-----+
    |mul_12ns_18s_30_1_1_U11   |mul_12ns_18s_30_1_1   |        0|   1|  0|   6|    0|
    |sparsemux_7_2_32_1_1_U12  |sparsemux_7_2_32_1_1  |        0|   0|  0|   9|    0|
    +--------------------------+----------------------+---------+----+---+----+-----+
    |Total                     |                      |        0|   1|  0|  15|    0|
    +--------------------------+----------------------+---------+----+---+----+-----+

    * DSP: 
    N/A

    * Memory: 
    +----------------+------------------------------------------+---------+----+----+-----+------+-----+------+-------------+
    |     Memory     |                  Module                  | BRAM_18K| FF | LUT| URAM| Words| Bits| Banks| W*Bits*Banks|
    +----------------+------------------------------------------+---------+----+----+-----+------+-----+------+-------------+
    |EXP2_PTS_Q16_U  |emit_exp_stream_EXP2_PTS_Q16_ROM_AUTO_1R  |        0|  36|   5|    0|    17|   18|     1|          306|
    +----------------+------------------------------------------+---------+----+----+-----+------+-----+------+-------------+
    |Total           |                                          |        0|  36|   5|    0|    17|   18|     1|          306|
    +----------------+------------------------------------------+---------+----+----+-----+------+-----+------+-------------+

    * FIFO: 
    N/A

    * Expression: 
    +--------------------------------+----------+----+---+-----+------------+------------+
    |          Variable Name         | Operation| DSP| FF| LUT | Bitwidth P0| Bitwidth P1|
    +--------------------------------+----------+----+---+-----+------------+------------+
    |add_ln155_fu_213_p2             |         +|   0|  0|   14|           9|           1|
    |add_ln58_1_fu_321_p2            |         +|   0|  0|   50|          50|          50|
    |add_ln58_2_fu_338_p2            |         +|   0|  0|   50|          50|          50|
    |add_ln58_fu_305_p2              |         +|   0|  0|   50|          50|          50|
    |add_ln68_fu_421_p2              |         +|   0|  0|   13|           5|           1|
    |t64_fu_354_p2                   |         +|   0|  0|   50|          50|          50|
    |y_frac_fu_467_p2                |         +|   0|  0|   27|          20|          20|
    |centered_fu_229_p2              |         -|   0|  0|   39|          32|          32|
    |dy_fu_432_p2                    |         -|   0|  0|   25|          18|          18|
    |sh_2_fu_510_p2                  |         -|   0|  0|   24|           1|          17|
    |sub_ln58_1_fu_288_p2            |         -|   0|  0|   50|          50|          50|
    |sub_ln58_fu_270_p2              |         -|   0|  0|   50|          50|          50|
    |and_ln81_fu_542_p2              |       and|   0|  0|    2|           1|           1|
    |ap_condition_217                |       and|   0|  0|    2|           1|           1|
    |icmp_ln155_fu_207_p2            |      icmp|   0|  0|   14|           9|           9|
    |icmp_ln56_fu_234_p2             |      icmp|   0|  0|   39|          32|          21|
    |icmp_ln77_fu_408_p2             |      icmp|   0|  0|   12|          12|           1|
    |icmp_ln81_fu_530_p2             |      icmp|   0|  0|   12|          12|           1|
    |y_fu_555_p6                     |      lshr|   0|  0|  100|          32|          32|
    |ap_block_pp0_stage0_01001_grp1  |        or|   0|  0|    2|           1|           1|
    |sh_1_fu_490_p3                  |    select|   0|  0|    4|           1|           2|
    |x_q16_1_fu_239_p3               |    select|   0|  0|   32|           1|          21|
    |y_fu_555_p2                     |       shl|   0|  0|  100|          32|          32|
    |ap_enable_pp0                   |       xor|   0|  0|    2|           1|           2|
    |xor_ln75_fu_476_p2              |       xor|   0|  0|    2|           1|           2|
    +--------------------------------+----------+----+---+-----+------------+------------+
    |Total                           |          |   0|  0|  765|         521|         515|
    +--------------------------------+----------+----+---+-----+------------+------------+

    * Multiplexer: 
    +-------------------------+----+-----------+-----+-----------+
    |           Name          | LUT| Input Size| Bits| Total Bits|
    +-------------------------+----+-----------+-----+-----------+
    |ap_done_int              |   9|          2|    1|          2|
    |ap_enable_reg_pp0_iter1  |   9|          2|    1|          2|
    |ap_sig_allocacmp_i_4     |   9|          2|    9|         18|
    |exp_stream_blk_n         |   9|          2|    1|          2|
    |i_fu_138                 |   9|          2|    9|         18|
    |real_start               |   9|          2|    1|          2|
    +-------------------------+----+-----------+-----+-----------+
    |Total                    |  54|         12|   22|         44|
    +-------------------------+----+-----------+-----+-----------+

    * Register: 
    +----------------------------------+----+----+-----+-----------+
    |               Name               | FF | LUT| Bits| Const Bits|
    +----------------------------------+----+----+-----+-----------+
    |add_ln58_1_reg_615                |  44|   0|   50|          6|
    |ap_CS_fsm                         |   1|   0|    1|          0|
    |ap_done_reg                       |   1|   0|    1|          0|
    |ap_enable_reg_pp0_iter1           |   1|   0|    1|          0|
    |ap_enable_reg_pp0_iter2           |   1|   0|    1|          0|
    |ap_enable_reg_pp0_iter3           |   1|   0|    1|          0|
    |ap_enable_reg_pp0_iter4           |   1|   0|    1|          0|
    |ap_enable_reg_pp0_iter5           |   1|   0|    1|          0|
    |ap_enable_reg_pp0_iter6           |   1|   0|    1|          0|
    |ap_enable_reg_pp0_iter7           |   1|   0|    1|          0|
    |ap_enable_reg_pp0_iter8           |   1|   0|    1|          0|
    |ap_enable_reg_pp0_iter9           |   1|   0|    1|          0|
    |ap_loop_exit_ready_pp0_iter1_reg  |   1|   0|    1|          0|
    |ap_loop_exit_ready_pp0_iter2_reg  |   1|   0|    1|          0|
    |ap_loop_exit_ready_pp0_iter3_reg  |   1|   0|    1|          0|
    |ap_loop_exit_ready_pp0_iter4_reg  |   1|   0|    1|          0|
    |ap_loop_exit_ready_pp0_iter5_reg  |   1|   0|    1|          0|
    |ap_loop_exit_ready_pp0_iter6_reg  |   1|   0|    1|          0|
    |ap_loop_exit_ready_pp0_iter7_reg  |   1|   0|    1|          0|
    |ap_loop_exit_ready_pp0_iter8_reg  |   1|   0|    1|          0|
    |centered_reg_596                  |  32|   0|   32|          0|
    |dy_reg_667                        |  18|   0|   18|          0|
    |i_fu_138                          |   9|   0|    9|          0|
    |icmp_ln77_reg_647                 |   1|   0|    1|          0|
    |idx_reg_635                       |   4|   0|    4|          0|
    |k_reg_630                         |  16|   0|   16|          0|
    |max_x_read_reg_582                |  32|   0|   32|          0|
    |rem_reg_625                       |  12|   0|   12|          0|
    |start_once_reg                    |   1|   0|    1|          0|
    |sub_ln58_1_reg_610                |  38|   0|   50|         12|
    |t64_reg_620                       |  48|   0|   50|          2|
    |tmp_71_reg_641                    |   1|   0|    1|          0|
    |x_q16_1_reg_602                   |  32|   0|   32|          0|
    |x_q16_1_reg_602_pp0_iter3_reg     |  32|   0|   32|          0|
    |y0_reg_662                        |  18|   0|   18|          0|
    |y_frac_reg_672                    |  20|   0|   20|          0|
    |y_reg_677                         |  32|   0|   32|          0|
    |icmp_ln77_reg_647                 |  64|  32|    1|          0|
    |k_reg_630                         |  64|  32|   16|          0|
    |rem_reg_625                       |  64|  32|   12|          0|
    |t64_reg_620                       |  64|  32|   50|          2|
    |tmp_71_reg_641                    |  64|  32|    1|          0|
    +----------------------------------+----+----+-----+-----------+
    |Total                             | 729| 160|  509|         22|
    +----------------------------------+----+----+-----+-----------+



================================================================
== Interface
================================================================
* Summary: 
+---------------------------+-----+-----+------------+-----------------+--------------+
|         RTL Ports         | Dir | Bits|  Protocol  |  Source Object  |    C Type    |
+---------------------------+-----+-----+------------+-----------------+--------------+
|ap_clk                     |   in|    1|  ap_ctrl_hs|  emit_exp_stream|  return value|
|ap_rst                     |   in|    1|  ap_ctrl_hs|  emit_exp_stream|  return value|
|ap_start                   |   in|    1|  ap_ctrl_hs|  emit_exp_stream|  return value|
|start_full_n               |   in|    1|  ap_ctrl_hs|  emit_exp_stream|  return value|
|ap_done                    |  out|    1|  ap_ctrl_hs|  emit_exp_stream|  return value|
|ap_continue                |   in|    1|  ap_ctrl_hs|  emit_exp_stream|  return value|
|ap_idle                    |  out|    1|  ap_ctrl_hs|  emit_exp_stream|  return value|
|ap_ready                   |  out|    1|  ap_ctrl_hs|  emit_exp_stream|  return value|
|start_out                  |  out|    1|  ap_ctrl_hs|  emit_exp_stream|  return value|
|start_write                |  out|    1|  ap_ctrl_hs|  emit_exp_stream|  return value|
|exp_stream_din             |  out|   32|     ap_fifo|       exp_stream|       pointer|
|exp_stream_full_n          |   in|    1|     ap_fifo|       exp_stream|       pointer|
|exp_stream_write           |  out|    1|     ap_fifo|       exp_stream|       pointer|
|exp_stream_num_data_valid  |   in|   32|     ap_fifo|       exp_stream|       pointer|
|exp_stream_fifo_cap        |   in|   32|     ap_fifo|       exp_stream|       pointer|
|logits_buf_address0        |  out|    8|   ap_stable|       logits_buf|         array|
|logits_buf_ce0             |  out|    1|   ap_stable|       logits_buf|         array|
|logits_buf_q0              |   in|   32|   ap_stable|       logits_buf|         array|
|n                          |   in|    9|   ap_stable|                n|        scalar|
|max_x                      |   in|   32|   ap_stable|            max_x|        scalar|
+---------------------------+-----+-----+------------+-----------------+--------------+

