

================================================================
== Vitis HLS Report for 'generate_exp_buffer'
================================================================
* Date:           Sat Mar 14 13:29:02 2026

* Version:        2025.1 (Build 6135595 on May 21 2025)
* Project:        Prometheus_streaming
* Solution:       hls (Vivado IP Flow Target)
* Product family: zynq
* Target device:  xc7z020-clg400-1


================================================================
== Performance Estimates
================================================================
+ Timing: 
    * Summary: 
    +--------+----------+----------+------------+
    |  Clock |  Target  | Estimated| Uncertainty|
    +--------+----------+----------+------------+
    |ap_clk  |  11.80 ns|  8.206 ns|     3.19 ns|
    +--------+----------+----------+------------+

+ Latency: 
    * Summary: 
    +---------+---------+----------+----------+-----+-----+----------+
    |  Latency (cycles) |  Latency (absolute) |  Interval | Pipeline |
    |   min   |   max   |    min   |    max   | min | max |   Type   |
    +---------+---------+----------+----------+-----+-----+----------+
    |       12|      267|  0.142 us|  3.151 us|    2|  257|  dataflow|
    +---------+---------+----------+----------+-----+-----+----------+

    + Detail: 
        * Instance: 
        +---------------------+------------------+---------+---------+-----------+----------+-----+-----+------------------------------------------------+
        |                     |                  |  Latency (cycles) |  Latency (absolute)  |  Interval |                    Pipeline                    |
        |       Instance      |      Module      |   min   |   max   |    min    |    max   | min | max |                      Type                      |
        +---------------------+------------------+---------+---------+-----------+----------+-----+-----+------------------------------------------------+
        |emit_exp_stream_U0   |emit_exp_stream   |       11|      266|   0.130 us|  3.139 us|    2|  257|  loop auto-rewind stp (delay=0 clock cycles(s))|
        |cache_exp_stream_U0  |cache_exp_stream  |        3|      258|  35.400 ns|  3.044 us|    2|  257|  loop auto-rewind stp (delay=0 clock cycles(s))|
        +---------------------+------------------+---------+---------+-----------+----------+-----+-----+------------------------------------------------+

        * Loop: 
        N/A



================================================================
== Utilization Estimates
================================================================
* Summary: 
+-----------------+---------+-----+--------+-------+-----+
|       Name      | BRAM_18K| DSP |   FF   |  LUT  | URAM|
+-----------------+---------+-----+--------+-------+-----+
|DSP              |        -|    -|       -|      -|    -|
|Expression       |        -|    -|       0|      2|    -|
|FIFO             |        -|    -|      99|     85|    -|
|Instance         |        0|    1|     866|   1157|    -|
|Memory           |        -|    -|       -|      -|    -|
|Multiplexer      |        -|    -|       -|      -|    -|
|Register         |        -|    -|       -|      -|    -|
+-----------------+---------+-----+--------+-------+-----+
|Total            |        0|    1|     965|   1244|    0|
+-----------------+---------+-----+--------+-------+-----+
|Available        |      280|  220|  106400|  53200|    0|
+-----------------+---------+-----+--------+-------+-----+
|Utilization (%)  |        0|   ~0|      ~0|      2|    0|
+-----------------+---------+-----+--------+-------+-----+

+ Detail: 
    * Instance: 
    +---------------------+------------------+---------+----+-----+-----+-----+
    |       Instance      |      Module      | BRAM_18K| DSP|  FF | LUT | URAM|
    +---------------------+------------------+---------+----+-----+-----+-----+
    |cache_exp_stream_U0  |cache_exp_stream  |        0|   0|  101|  158|    0|
    |emit_exp_stream_U0   |emit_exp_stream   |        0|   1|  765|  999|    0|
    +---------------------+------------------+---------+----+-----+-----+-----+
    |Total                |                  |        0|   1|  866| 1157|    0|
    +---------------------+------------------+---------+----+-----+-----+-----+

    * DSP: 
    N/A

    * Memory: 
    N/A

    * FIFO: 
    +--------------+---------+----+----+-----+------+-----+---------+
    |     Name     | BRAM_18K| FF | LUT| URAM| Depth| Bits| Size:D*B|
    +--------------+---------+----+----+-----+------+-----+---------+
    |exp_stream_U  |        0|  99|   0|    -|    32|   32|     1024|
    +--------------+---------+----+----+-----+------+-----+---------+
    |Total         |        0|  99|   0|    0|    32|   32|     1024|
    +--------------+---------+----+----+-----+------+-----+---------+

    * Expression: 
    +--------------+----------+----+---+----+------------+------------+
    | Variable Name| Operation| DSP| FF| LUT| Bitwidth P0| Bitwidth P1|
    +--------------+----------+----+---+----+------------+------------+
    |ap_idle       |       and|   0|  0|   2|           1|           1|
    +--------------+----------+----+---+----+------------+------------+
    |Total         |          |   0|  0|   2|           1|           1|
    +--------------+----------+----+---+----+------------+------------+

    * Multiplexer: 
    N/A

    * Register: 
    N/A



================================================================
== Interface
================================================================
* Summary: 
+---------------------+-----+-----+------------+---------------------+--------------+
|      RTL Ports      | Dir | Bits|  Protocol  |    Source Object    |    C Type    |
+---------------------+-----+-----+------------+---------------------+--------------+
|logits_buf_address0  |  out|    8|   ap_memory|           logits_buf|         array|
|logits_buf_ce0       |  out|    1|   ap_memory|           logits_buf|         array|
|logits_buf_d0        |  out|   32|   ap_memory|           logits_buf|         array|
|logits_buf_q0        |   in|   32|   ap_memory|           logits_buf|         array|
|logits_buf_we0       |  out|    1|   ap_memory|           logits_buf|         array|
|n                    |   in|    9|     ap_none|                    n|        scalar|
|n_ap_vld             |   in|    1|     ap_none|                    n|        scalar|
|max_x                |   in|   32|     ap_none|                max_x|        scalar|
|max_x_ap_vld         |   in|    1|     ap_none|                max_x|        scalar|
|exp_buf_address0     |  out|    8|   ap_memory|              exp_buf|         array|
|exp_buf_ce0          |  out|    1|   ap_memory|              exp_buf|         array|
|exp_buf_d0           |  out|   32|   ap_memory|              exp_buf|         array|
|exp_buf_q0           |   in|   32|   ap_memory|              exp_buf|         array|
|exp_buf_we0          |  out|    1|   ap_memory|              exp_buf|         array|
|sum64_out            |  out|   40|      ap_vld|            sum64_out|       pointer|
|sum64_out_ap_vld     |  out|    1|      ap_vld|            sum64_out|       pointer|
|ap_clk               |   in|    1|  ap_ctrl_hs|  generate_exp_buffer|  return value|
|ap_rst               |   in|    1|  ap_ctrl_hs|  generate_exp_buffer|  return value|
|ap_start             |   in|    1|  ap_ctrl_hs|  generate_exp_buffer|  return value|
|ap_done              |  out|    1|  ap_ctrl_hs|  generate_exp_buffer|  return value|
|ap_ready             |  out|    1|  ap_ctrl_hs|  generate_exp_buffer|  return value|
|ap_idle              |  out|    1|  ap_ctrl_hs|  generate_exp_buffer|  return value|
|ap_continue          |   in|    1|  ap_ctrl_hs|  generate_exp_buffer|  return value|
+---------------------+-----+-----+------------+---------------------+--------------+

