

================================================================
== Vitis HLS Report for 'softmax_accel'
================================================================
* Date:           Sat Mar 14 13:29:03 2026

* Version:        2025.1 (Build 6135595 on May 21 2025)
* Project:        Prometheus_streaming
* Solution:       hls (Vivado IP Flow Target)
* Product family: zynq
* Target device:  xc7z020-clg400-1


================================================================
== Performance Estimates
================================================================
+ Timing: 
    * Summary: 
    +--------+----------+----------+------------+
    |  Clock |  Target  | Estimated| Uncertainty|
    +--------+----------+----------+------------+
    |ap_clk  |  11.80 ns|  8.614 ns|     3.19 ns|
    +--------+----------+----------+------------+

+ Latency: 
    * Summary: 
    +---------+---------+-----------+----------+-----+-----+---------+
    |  Latency (cycles) |  Latency (absolute)  |  Interval | Pipeline|
    |   min   |   max   |    min    |    max   | min | max |   Type  |
    +---------+---------+-----------+----------+-----+-----+---------+
    |        1|      833|  11.800 ns|  9.829 us|    2|  834|       no|
    +---------+---------+-----------+----------+-----+-----+---------+

    + Detail: 
        * Instance: 
        +-------------------------------------+--------------------------+---------+---------+----------+----------+-----+-----+----------+
        |                                     |                          |  Latency (cycles) |  Latency (absolute) |  Interval | Pipeline |
        |               Instance              |          Module          |   min   |   max   |    min   |    max   | min | max |   Type   |
        +-------------------------------------+--------------------------+---------+---------+----------+----------+-----+-----+----------+
        |grp_load_logits_and_find_max_fu_650  |load_logits_and_find_max  |       15|      270|  0.177 us|  3.186 us|   15|  270|        no|
        |grp_generate_exp_buffer_fu_660       |generate_exp_buffer       |       12|      267|  0.142 us|  3.151 us|    2|  257|  dataflow|
        |grp_normalize_and_store_fu_671       |normalize_and_store       |       12|      267|  0.142 us|  3.151 us|    2|  257|  dataflow|
        +-------------------------------------+--------------------------+---------+---------+----------+----------+-----+-----+----------+

        * Loop: 
        N/A



================================================================
== Utilization Estimates
================================================================
* Summary: 
+-----------------+---------+-----+--------+-------+-----+
|       Name      | BRAM_18K| DSP |   FF   |  LUT  | URAM|
+-----------------+---------+-----+--------+-------+-----+
|DSP              |        -|    -|       -|      -|    -|
|Expression       |        -|    -|       0|   1241|    -|
|FIFO             |        -|    -|       -|      -|    -|
|Instance         |        2|    7|    2531|   3301|    -|
|Memory           |        2|    -|      62|     16|    -|
|Multiplexer      |        -|    -|       0|    757|    -|
|Register         |        -|    -|     745|      -|    -|
+-----------------+---------+-----+--------+-------+-----+
|Total            |        4|    7|    3338|   5315|    0|
+-----------------+---------+-----+--------+-------+-----+
|Available        |      280|  220|  106400|  53200|    0|
+-----------------+---------+-----+--------+-------+-----+
|Utilization (%)  |        1|    3|       3|      9|    0|
+-----------------+---------+-----+--------+-------+-----+

+ Detail: 
    * Instance: 
    +-------------------------------------+--------------------------+---------+----+-----+------+-----+
    |               Instance              |          Module          | BRAM_18K| DSP|  FF |  LUT | URAM|
    +-------------------------------------+--------------------------+---------+----+-----+------+-----+
    |control_s_axi_U                      |control_s_axi             |        0|   0|  258|   424|    0|
    |grp_generate_exp_buffer_fu_660       |generate_exp_buffer       |        0|   1|  965|  1244|    0|
    |gmem_m_axi_U                         |gmem_m_axi                |        2|   0|  770|   742|    0|
    |grp_load_logits_and_find_max_fu_650  |load_logits_and_find_max  |        0|   0|  173|   450|    0|
    |mul_31s_16ns_47_1_1_U50              |mul_31s_16ns_47_1_1       |        0|   2|    0|    23|    0|
    |grp_normalize_and_store_fu_671       |normalize_and_store       |        0|   4|  365|   418|    0|
    +-------------------------------------+--------------------------+---------+----+-----+------+-----+
    |Total                                |                          |        2|   7| 2531|  3301|    0|
    +-------------------------------------+--------------------------+---------+----+-----+------+-----+

    * DSP: 
    N/A

    * Memory: 
    +---------------+-----------------------------+---------+----+----+-----+------+-----+------+-------------+
    |     Memory    |            Module           | BRAM_18K| FF | LUT| URAM| Words| Bits| Banks| W*Bits*Banks|
    +---------------+-----------------------------+---------+----+----+-----+------+-----+------+-------------+
    |RECIP_B_Q30_U  |RECIP_B_Q30_ROM_AUTO_1R      |        0|  31|   8|    0|    16|   31|     1|          496|
    |RECIP_M_Q30_U  |RECIP_M_Q30_ROM_AUTO_1R      |        0|  31|   8|    0|    16|   31|     1|          496|
    |logits_buf_U   |logits_buf_RAM_1P_BRAM_1R1W  |        1|   0|   0|    0|   256|   32|     1|         8192|
    |exp_buf_U      |logits_buf_RAM_1P_BRAM_1R1W  |        1|   0|   0|    0|   256|   32|     1|         8192|
    +---------------+-----------------------------+---------+----+----+-----+------+-----+------+-------------+
    |Total          |                             |        2|  62|  16|    0|   544|  126|     4|        17376|
    +---------------+-----------------------------+---------+----+----+-----+------+-----+------+-------------+

    * FIFO: 
    N/A

    * Expression: 
    +-------------------------------------------------+----------+----+---+-----+------------+------------+
    |                  Variable Name                  | Operation| DSP| FF| LUT | Bitwidth P0| Bitwidth P1|
    +-------------------------------------------------+----------+----+---+-----+------------+------------+
    |add_ln102_fu_1074_p2                             |         +|   0|  0|   13|           5|           5|
    |add_ln112_fu_1161_p2                             |         +|   0|  0|   39|          32|          32|
    |add_ln294_fu_1244_p2                             |         +|   0|  0|   71|          64|          64|
    |add_ln295_1_fu_1286_p2                           |         +|   0|  0|   71|          64|          64|
    |add_ln295_fu_1269_p2                             |         +|   0|  0|   38|          31|           1|
    |add_ln296_1_fu_1339_p2                           |         +|   0|  0|   71|          64|          64|
    |add_ln296_fu_1322_p2                             |         +|   0|  0|   38|          31|           2|
    |inv_x_q30_fu_1122_p2                             |         +|   0|  0|   39|          32|          32|
    |sub_ln101_fu_1039_p2                             |         -|   0|  0|   13|           4|           5|
    |sub_ln117_fu_1132_p2                             |         -|   0|  0|   14|           6|           5|
    |ap_block_state33                                 |       and|   0|  0|    2|           1|           1|
    |ap_condition_814                                 |       and|   0|  0|    2|           1|           1|
    |ap_condition_817                                 |       and|   0|  0|    2|           1|           1|
    |ap_condition_820                                 |       and|   0|  0|    2|           1|           1|
    |ap_condition_823                                 |       and|   0|  0|    2|           1|           1|
    |ap_condition_826                                 |       and|   0|  0|    2|           1|           1|
    |ap_condition_829                                 |       and|   0|  0|    2|           1|           1|
    |ap_condition_832                                 |       and|   0|  0|    2|           1|           1|
    |ap_condition_835                                 |       and|   0|  0|    2|           1|           1|
    |ap_condition_838                                 |       and|   0|  0|    2|           1|           1|
    |ap_condition_841                                 |       and|   0|  0|    2|           1|           1|
    |ap_condition_844                                 |       and|   0|  0|    2|           1|           1|
    |ap_condition_847                                 |       and|   0|  0|    2|           1|           1|
    |ap_condition_850                                 |       and|   0|  0|    2|           1|           1|
    |ap_condition_854                                 |       and|   0|  0|    2|           1|           1|
    |ap_condition_857                                 |       and|   0|  0|    2|           1|           1|
    |ap_condition_860                                 |       and|   0|  0|    2|           1|           1|
    |ap_condition_863                                 |       and|   0|  0|    2|           1|           1|
    |ap_condition_866                                 |       and|   0|  0|    2|           1|           1|
    |ap_condition_869                                 |       and|   0|  0|    2|           1|           1|
    |ap_condition_872                                 |       and|   0|  0|    2|           1|           1|
    |ap_condition_875                                 |       and|   0|  0|    2|           1|           1|
    |ap_condition_878                                 |       and|   0|  0|    2|           1|           1|
    |ap_condition_881                                 |       and|   0|  0|    2|           1|           1|
    |ap_condition_884                                 |       and|   0|  0|    2|           1|           1|
    |ap_condition_887                                 |       and|   0|  0|    2|           1|           1|
    |ap_condition_890                                 |       and|   0|  0|    2|           1|           1|
    |ap_condition_893                                 |       and|   0|  0|    2|           1|           1|
    |ap_condition_896                                 |       and|   0|  0|    2|           1|           1|
    |ap_condition_899                                 |       and|   0|  0|    2|           1|           1|
    |ap_condition_901                                 |       and|   0|  0|    2|           1|           1|
    |inv_sum_1_fu_1175_p2                             |      ashr|   0|  0|  100|          32|          32|
    |icmp_ln120_fu_1215_p2                            |      icmp|   0|  0|   23|          16|           1|
    |icmp_ln271_fu_930_p2                             |      icmp|   0|  0|   39|          32|           1|
    |icmp_ln272_fu_936_p2                             |      icmp|   0|  0|   39|          32|           9|
    |icmp_ln289_fu_988_p2                             |      icmp|   0|  0|   47|          40|           1|
    |icmp_ln89_fu_1009_p2                             |      icmp|   0|  0|   39|          32|           1|
    |lshr_ln102_fu_1084_p2                            |      lshr|   0|  0|  100|          32|          32|
    |ap_block_state19_io                              |        or|   0|  0|    2|           1|           1|
    |ap_sync_grp_generate_exp_buffer_fu_660_ap_ready  |        or|   0|  0|    2|           1|           1|
    |ap_sync_grp_normalize_and_store_fu_671_ap_ready  |        or|   0|  0|    2|           1|           1|
    |inv_sum_3_fu_1197_p3                             |    select|   0|  0|   47|           1|           1|
    |inv_sum_q30_fu_1225_p3                           |    select|   0|  0|   31|           1|           2|
    |select_ln249_fu_1314_p3                          |    select|   0|  0|    6|           1|           6|
    |select_ln272_fu_942_p3                           |    select|   0|  0|   10|           1|          10|
    |select_ln94_fu_1023_p3                           |    select|   0|  0|    2|           1|           2|
    |sum_q16_1_fu_998_p3                              |    select|   0|  0|   32|           1|           1|
    |shl_ln101_fu_1049_p2                             |       shl|   0|  0|  100|          32|          32|
    |shl_ln117_fu_1142_p2                             |       shl|   0|  0|  149|          48|          48|
    |xor_ln94_fu_1017_p2                              |       xor|   0|  0|    2|           1|           2|
    +-------------------------------------------------+----------+----+---+-----+------------+------------+
    |Total                                            |          |   0|  0| 1241|         670|         489|
    +-------------------------------------------------+----------+----+---+-----+------------+------------+

    * Multiplexer: 
    +----------------------------+-----+-----------+-----+-----------+
    |            Name            | LUT | Input Size| Bits| Total Bits|
    +----------------------------+-----+-----------+-----+-----------+
    |RECIP_B_Q30_address0_local  |   14|          3|    4|         12|
    |RECIP_M_Q30_address0_local  |   14|          3|    4|         12|
    |ap_NS_fsm                   |  151|         34|    1|         34|
    |exp_buf_address0            |   14|          3|    8|         24|
    |exp_buf_ce0                 |   14|          3|    1|          3|
    |exp_buf_we0                 |    9|          2|    1|          2|
    |gmem_0_ARVALID              |    9|          2|    1|          2|
    |gmem_0_AWADDR               |   25|          5|   64|        320|
    |gmem_0_AWLEN                |   14|          3|   32|         96|
    |gmem_0_AWVALID              |   14|          3|    1|          3|
    |gmem_0_BREADY               |   14|          3|    1|          3|
    |gmem_0_RREADY               |    9|          2|    1|          2|
    |gmem_0_WDATA                |   25|          5|   32|        160|
    |gmem_0_WSTRB                |   14|          3|    4|         12|
    |gmem_0_WVALID               |   14|          3|    1|          3|
    |gmem_blk_n_AW               |    9|          2|    1|          2|
    |gmem_blk_n_B                |    9|          2|    1|          2|
    |gmem_blk_n_W                |    9|          2|    1|          2|
    |grp_fu_683_p0               |   14|          3|   31|         93|
    |grp_fu_683_p1               |   14|          3|   16|         48|
    |inv_sum_2_reg_498           |    9|          2|   48|         96|
    |inv_sum_q30_1_reg_507       |    9|          2|   31|         62|
    |logits_buf_address0         |   14|          3|    8|         24|
    |logits_buf_ce0              |   14|          3|    1|          3|
    |logits_buf_we0              |    9|          2|    1|          2|
    |msb_reg_366                 |  142|         32|    5|        160|
    |phi_ln254_reg_519           |  142|         32|    5|        160|
    |sum64_fu_270                |    9|          2|   40|         80|
    +----------------------------+-----+-----------+-----+-----------+
    |Total                       |  757|        167|  345|       1422|
    +----------------------------+-----+-----------+-----+-----------+

    * Register: 
    +-----------------------------------------------------+----+----+-----+-----------+
    |                         Name                        | FF | LUT| Bits| Const Bits|
    +-----------------------------------------------------+----+----+-----+-----------+
    |ap_CS_fsm                                            |  33|   0|   33|          0|
    |ap_sync_reg_grp_generate_exp_buffer_fu_660_ap_done   |   1|   0|    1|          0|
    |ap_sync_reg_grp_generate_exp_buffer_fu_660_ap_ready  |   1|   0|    1|          0|
    |ap_sync_reg_grp_normalize_and_store_fu_671_ap_done   |   1|   0|    1|          0|
    |ap_sync_reg_grp_normalize_and_store_fu_671_ap_ready  |   1|   0|    1|          0|
    |gmem_addr_1_reg_1621                                 |  64|   0|   64|          0|
    |gmem_addr_2_reg_1726                                 |  64|   0|   64|          0|
    |gmem_addr_reg_1614                                   |  64|   0|   64|          0|
    |grp_generate_exp_buffer_fu_660_ap_start_reg          |   1|   0|    1|          0|
    |grp_load_logits_and_find_max_fu_650_ap_start_reg     |   1|   0|    1|          0|
    |grp_normalize_and_store_fu_671_ap_start_reg          |   1|   0|    1|          0|
    |icmp_ln271_reg_1385                                  |   1|   0|    1|          0|
    |inv_sum_2_reg_498                                    |  48|   0|   48|          0|
    |inv_sum_q30_1_reg_507                                |  31|   0|   31|          0|
    |max_x_reg_1412                                       |  32|   0|   32|          0|
    |mem_read_reg_1369                                    |  64|   0|   64|          0|
    |msb_reg_366                                          |   5|   0|    5|          0|
    |phi_ln254_reg_519                                    |   5|   0|    5|          0|
    |reg_914                                              |  31|   0|   31|          0|
    |reg_918                                              |  31|   0|   31|          0|
    |reg_922                                              |  32|   0|   32|          0|
    |select_ln272_reg_1389                                |   9|   0|    9|          0|
    |sum64_fu_270                                         |  40|   0|   40|          0|
    |sum_q16_1_reg_1418                                   |  32|   0|   32|          0|
    |tmp_s_reg_1406                                       |  30|   0|   30|          0|
    |trunc_ln102_reg_1584                                 |  16|   0|   16|          0|
    |trunc_ln1_reg_1396                                   |  30|   0|   30|          0|
    |trunc_ln2_reg_1401                                   |  30|   0|   30|          0|
    |x_q1_15_reg_1569                                     |  16|   0|   16|          0|
    |zext_ln276_reg_1459                                  |  30|   0|   31|          1|
    +-----------------------------------------------------+----+----+-----+-----------+
    |Total                                                | 745|   0|  746|          1|
    +-----------------------------------------------------+----+----+-----+-----------+



================================================================
== Interface
================================================================
* Summary: 
+-----------------------+-----+-----+------------+---------------+--------------+
|       RTL Ports       | Dir | Bits|  Protocol  | Source Object |    C Type    |
+-----------------------+-----+-----+------------+---------------+--------------+
|s_axi_control_AWVALID  |   in|    1|       s_axi|        control|        scalar|
|s_axi_control_AWREADY  |  out|    1|       s_axi|        control|        scalar|
|s_axi_control_AWADDR   |   in|    6|       s_axi|        control|        scalar|
|s_axi_control_WVALID   |   in|    1|       s_axi|        control|        scalar|
|s_axi_control_WREADY   |  out|    1|       s_axi|        control|        scalar|
|s_axi_control_WDATA    |   in|   32|       s_axi|        control|        scalar|
|s_axi_control_WSTRB    |   in|    4|       s_axi|        control|        scalar|
|s_axi_control_ARVALID  |   in|    1|       s_axi|        control|        scalar|
|s_axi_control_ARREADY  |  out|    1|       s_axi|        control|        scalar|
|s_axi_control_ARADDR   |   in|    6|       s_axi|        control|        scalar|
|s_axi_control_RVALID   |  out|    1|       s_axi|        control|        scalar|
|s_axi_control_RREADY   |   in|    1|       s_axi|        control|        scalar|
|s_axi_control_RDATA    |  out|   32|       s_axi|        control|        scalar|
|s_axi_control_RRESP    |  out|    2|       s_axi|        control|        scalar|
|s_axi_control_BVALID   |  out|    1|       s_axi|        control|        scalar|
|s_axi_control_BREADY   |   in|    1|       s_axi|        control|        scalar|
|s_axi_control_BRESP    |  out|    2|       s_axi|        control|        scalar|
|ap_clk                 |   in|    1|  ap_ctrl_hs|  softmax_accel|  return value|
|ap_rst_n               |   in|    1|  ap_ctrl_hs|  softmax_accel|  return value|
|interrupt              |  out|    1|  ap_ctrl_hs|  softmax_accel|  return value|
|m_axi_gmem_AWVALID     |  out|    1|       m_axi|           gmem|       pointer|
|m_axi_gmem_AWREADY     |   in|    1|       m_axi|           gmem|       pointer|
|m_axi_gmem_AWADDR      |  out|   64|       m_axi|           gmem|       pointer|
|m_axi_gmem_AWID        |  out|    1|       m_axi|           gmem|       pointer|
|m_axi_gmem_AWLEN       |  out|    8|       m_axi|           gmem|       pointer|
|m_axi_gmem_AWSIZE      |  out|    3|       m_axi|           gmem|       pointer|
|m_axi_gmem_AWBURST     |  out|    2|       m_axi|           gmem|       pointer|
|m_axi_gmem_AWLOCK      |  out|    2|       m_axi|           gmem|       pointer|
|m_axi_gmem_AWCACHE     |  out|    4|       m_axi|           gmem|       pointer|
|m_axi_gmem_AWPROT      |  out|    3|       m_axi|           gmem|       pointer|
|m_axi_gmem_AWQOS       |  out|    4|       m_axi|           gmem|       pointer|
|m_axi_gmem_AWREGION    |  out|    4|       m_axi|           gmem|       pointer|
|m_axi_gmem_AWUSER      |  out|    1|       m_axi|           gmem|       pointer|
|m_axi_gmem_WVALID      |  out|    1|       m_axi|           gmem|       pointer|
|m_axi_gmem_WREADY      |   in|    1|       m_axi|           gmem|       pointer|
|m_axi_gmem_WDATA       |  out|   32|       m_axi|           gmem|       pointer|
|m_axi_gmem_WSTRB       |  out|    4|       m_axi|           gmem|       pointer|
|m_axi_gmem_WLAST       |  out|    1|       m_axi|           gmem|       pointer|
|m_axi_gmem_WID         |  out|    1|       m_axi|           gmem|       pointer|
|m_axi_gmem_WUSER       |  out|    1|       m_axi|           gmem|       pointer|
|m_axi_gmem_ARVALID     |  out|    1|       m_axi|           gmem|       pointer|
|m_axi_gmem_ARREADY     |   in|    1|       m_axi|           gmem|       pointer|
|m_axi_gmem_ARADDR      |  out|   64|       m_axi|           gmem|       pointer|
|m_axi_gmem_ARID        |  out|    1|       m_axi|           gmem|       pointer|
|m_axi_gmem_ARLEN       |  out|    8|       m_axi|           gmem|       pointer|
|m_axi_gmem_ARSIZE      |  out|    3|       m_axi|           gmem|       pointer|
|m_axi_gmem_ARBURST     |  out|    2|       m_axi|           gmem|       pointer|
|m_axi_gmem_ARLOCK      |  out|    2|       m_axi|           gmem|       pointer|
|m_axi_gmem_ARCACHE     |  out|    4|       m_axi|           gmem|       pointer|
|m_axi_gmem_ARPROT      |  out|    3|       m_axi|           gmem|       pointer|
|m_axi_gmem_ARQOS       |  out|    4|       m_axi|           gmem|       pointer|
|m_axi_gmem_ARREGION    |  out|    4|       m_axi|           gmem|       pointer|
|m_axi_gmem_ARUSER      |  out|    1|       m_axi|           gmem|       pointer|
|m_axi_gmem_RVALID      |   in|    1|       m_axi|           gmem|       pointer|
|m_axi_gmem_RREADY      |  out|    1|       m_axi|           gmem|       pointer|
|m_axi_gmem_RDATA       |   in|   32|       m_axi|           gmem|       pointer|
|m_axi_gmem_RLAST       |   in|    1|       m_axi|           gmem|       pointer|
|m_axi_gmem_RID         |   in|    1|       m_axi|           gmem|       pointer|
|m_axi_gmem_RUSER       |   in|    1|       m_axi|           gmem|       pointer|
|m_axi_gmem_RRESP       |   in|    2|       m_axi|           gmem|       pointer|
|m_axi_gmem_BVALID      |   in|    1|       m_axi|           gmem|       pointer|
|m_axi_gmem_BREADY      |  out|    1|       m_axi|           gmem|       pointer|
|m_axi_gmem_BRESP       |   in|    2|       m_axi|           gmem|       pointer|
|m_axi_gmem_BID         |   in|    1|       m_axi|           gmem|       pointer|
|m_axi_gmem_BUSER       |   in|    1|       m_axi|           gmem|       pointer|
+-----------------------+-----+-----+------------+---------------+--------------+

