

================================================================
== Vitis HLS Report for 'write_prob_stream'
================================================================
* Date:           Sat Mar 14 13:29:03 2026

* Version:        2025.1 (Build 6135595 on May 21 2025)
* Project:        Prometheus_streaming
* Solution:       hls (Vivado IP Flow Target)
* Product family: zynq
* Target device:  xc7z020-clg400-1


================================================================
== Performance Estimates
================================================================
+ Timing: 
    * Summary: 
    +--------+----------+----------+------------+
    |  Clock |  Target  | Estimated| Uncertainty|
    +--------+----------+----------+------------+
    |ap_clk  |  11.80 ns|  8.614 ns|     3.19 ns|
    +--------+----------+----------+------------+

+ Latency: 
    * Summary: 
    +---------+---------+----------+----------+-----+-----+------------------------------------------------+
    |  Latency (cycles) |  Latency (absolute) |  Interval |                    Pipeline                    |
    |   min   |   max   |    min   |    max   | min | max |                      Type                      |
    +---------+---------+----------+----------+-----+-----+------------------------------------------------+
    |        9|      264|  0.106 us|  3.115 us|    2|  257|  loop auto-rewind stp (delay=0 clock cycles(s))|
    +---------+---------+----------+----------+-----+-----+------------------------------------------------+

    + Detail: 
        * Instance: 
        N/A

        * Loop: 
        +-------------------+---------+---------+----------+-----------+-----------+---------+----------+
        |                   |  Latency (cycles) | Iteration|  Initiation Interval  |   Trip  |          |
        |     Loop Name     |   min   |   max   |  Latency |  achieved |   target  |  Count  | Pipelined|
        +-------------------+---------+---------+----------+-----------+-----------+---------+----------+
        |- prob_write_loop  |        7|      262|         8|          1|          1|  1 ~ 256|       yes|
        +-------------------+---------+---------+----------+-----------+-----------+---------+----------+



================================================================
== Utilization Estimates
================================================================
* Summary: 
+-----------------+---------+-----+--------+-------+-----+
|       Name      | BRAM_18K| DSP |   FF   |  LUT  | URAM|
+-----------------+---------+-----+--------+-------+-----+
|DSP              |        -|    -|       -|      -|    -|
|Expression       |        -|    -|       0|    151|    -|
|FIFO             |        -|    -|       -|      -|    -|
|Instance         |        -|    -|       -|      -|    -|
|Memory           |        -|    -|       -|      -|    -|
|Multiplexer      |        -|    -|       0|     72|    -|
|Register         |        -|    -|     123|      -|    -|
+-----------------+---------+-----+--------+-------+-----+
|Total            |        0|    0|     123|    223|    0|
+-----------------+---------+-----+--------+-------+-----+
|Available        |      280|  220|  106400|  53200|    0|
+-----------------+---------+-----+--------+-------+-----+
|Utilization (%)  |        0|    0|      ~0|     ~0|    0|
+-----------------+---------+-----+--------+-------+-----+

+ Detail: 
    * Instance: 
    N/A

    * DSP: 
    N/A

    * Memory: 
    N/A

    * FIFO: 
    N/A

    * Expression: 
    +--------------------------------+----------+----+---+----+------------+------------+
    |          Variable Name         | Operation| DSP| FF| LUT| Bitwidth P0| Bitwidth P1|
    +--------------------------------+----------+----+---+----+------------+------------+
    |add_ln222_fu_148_p2             |         +|   0|  0|  14|           9|           1|
    |add_ln224_1_fu_180_p2           |         +|   0|  0|  71|          64|          64|
    |add_ln224_fu_162_p2             |         +|   0|  0|  38|          31|          31|
    |ap_condition_258                |       and|   0|  0|   2|           1|           1|
    |icmp_ln222_fu_142_p2            |      icmp|   0|  0|  14|           9|           9|
    |ap_block_pp0_stage0_01001_grp1  |        or|   0|  0|   2|           1|           1|
    |ap_block_pp0_stage0_11001       |        or|   0|  0|   2|           1|           1|
    |ap_block_pp0_stage0_11001_grp1  |        or|   0|  0|   2|           1|           1|
    |ap_block_pp0_stage0_11001_grp2  |        or|   0|  0|   2|           1|           1|
    |ap_block_pp0_stage0_11001_grp4  |        or|   0|  0|   2|           1|           1|
    |ap_enable_pp0                   |       xor|   0|  0|   2|           1|           2|
    +--------------------------------+----------+----+---+----+------------+------------+
    |Total                           |          |   0|  0| 151|         120|         113|
    +--------------------------------+----------+----+---+----+------------+------------+

    * Multiplexer: 
    +-------------------------+----+-----------+-----+-----------+
    |           Name          | LUT| Input Size| Bits| Total Bits|
    +-------------------------+----+-----------+-----+-----------+
    |ap_done_int              |   9|          2|    1|          2|
    |ap_enable_reg_pp0_iter1  |   9|          2|    1|          2|
    |ap_sig_allocacmp_i_1     |   9|          2|    9|         18|
    |gmem_blk_n_AW            |   9|          2|    1|          2|
    |gmem_blk_n_B             |   9|          2|    1|          2|
    |gmem_blk_n_W             |   9|          2|    1|          2|
    |i_fu_82                  |   9|          2|    9|         18|
    |prob_stream_blk_n        |   9|          2|    1|          2|
    +-------------------------+----+-----------+-----+-----------+
    |Total                    |  72|         16|   24|         48|
    +-------------------------+----+-----------+-----+-----------+

    * Register: 
    +-------------------------------------------+----+----+-----+-----------+
    |                    Name                   | FF | LUT| Bits| Const Bits|
    +-------------------------------------------+----+----+-----+-----------+
    |ap_CS_fsm                                  |   1|   0|    1|          0|
    |ap_block_pp0_stage0_subdone_grp1_done_reg  |   1|   0|    1|          0|
    |ap_block_pp0_stage0_subdone_grp2_done_reg  |   1|   0|    1|          0|
    |ap_block_pp0_stage0_subdone_grp4_done_reg  |   1|   0|    1|          0|
    |ap_done_reg                                |   1|   0|    1|          0|
    |ap_enable_reg_pp0_iter1                    |   1|   0|    1|          0|
    |ap_enable_reg_pp0_iter2                    |   1|   0|    1|          0|
    |ap_enable_reg_pp0_iter3                    |   1|   0|    1|          0|
    |ap_enable_reg_pp0_iter4                    |   1|   0|    1|          0|
    |ap_enable_reg_pp0_iter5                    |   1|   0|    1|          0|
    |ap_enable_reg_pp0_iter6                    |   1|   0|    1|          0|
    |ap_enable_reg_pp0_iter7                    |   1|   0|    1|          0|
    |ap_loop_exit_ready_pp0_iter1_reg           |   1|   0|    1|          0|
    |ap_loop_exit_ready_pp0_iter2_reg           |   1|   0|    1|          0|
    |ap_loop_exit_ready_pp0_iter3_reg           |   1|   0|    1|          0|
    |ap_loop_exit_ready_pp0_iter4_reg           |   1|   0|    1|          0|
    |ap_loop_exit_ready_pp0_iter5_reg           |   1|   0|    1|          0|
    |ap_loop_exit_ready_pp0_iter6_reg           |   1|   0|    1|          0|
    |gmem_addr_reg_222                          |  64|   0|   64|          0|
    |i_fu_82                                    |   9|   0|    9|          0|
    |prob_stream_read_reg_229                   |  32|   0|   32|          0|
    +-------------------------------------------+----+----+-----+-----------+
    |Total                                      | 123|   0|  123|          0|
    +-------------------------------------------+----+----+-----+-----------+



================================================================
== Interface
================================================================
* Summary: 
+----------------------------+-----+-----+------------+-------------------+--------------+
|          RTL Ports         | Dir | Bits|  Protocol  |   Source Object   |    C Type    |
+----------------------------+-----+-----+------------+-------------------+--------------+
|ap_clk                      |   in|    1|  ap_ctrl_hs|  write_prob_stream|  return value|
|ap_rst                      |   in|    1|  ap_ctrl_hs|  write_prob_stream|  return value|
|ap_start                    |   in|    1|  ap_ctrl_hs|  write_prob_stream|  return value|
|ap_done                     |  out|    1|  ap_ctrl_hs|  write_prob_stream|  return value|
|ap_continue                 |   in|    1|  ap_ctrl_hs|  write_prob_stream|  return value|
|ap_idle                     |  out|    1|  ap_ctrl_hs|  write_prob_stream|  return value|
|ap_ready                    |  out|    1|  ap_ctrl_hs|  write_prob_stream|  return value|
|prob_stream_dout            |   in|   32|     ap_fifo|        prob_stream|       pointer|
|prob_stream_empty_n         |   in|    1|     ap_fifo|        prob_stream|       pointer|
|prob_stream_read            |  out|    1|     ap_fifo|        prob_stream|       pointer|
|prob_stream_num_data_valid  |   in|    6|     ap_fifo|        prob_stream|       pointer|
|prob_stream_fifo_cap        |   in|    6|     ap_fifo|        prob_stream|       pointer|
|m_axi_gmem_0_AWVALID        |  out|    1|       m_axi|               gmem|       pointer|
|m_axi_gmem_0_AWREADY        |   in|    1|       m_axi|               gmem|       pointer|
|m_axi_gmem_0_AWADDR         |  out|   64|       m_axi|               gmem|       pointer|
|m_axi_gmem_0_AWID           |  out|    1|       m_axi|               gmem|       pointer|
|m_axi_gmem_0_AWLEN          |  out|   32|       m_axi|               gmem|       pointer|
|m_axi_gmem_0_AWSIZE         |  out|    3|       m_axi|               gmem|       pointer|
|m_axi_gmem_0_AWBURST        |  out|    2|       m_axi|               gmem|       pointer|
|m_axi_gmem_0_AWLOCK         |  out|    2|       m_axi|               gmem|       pointer|
|m_axi_gmem_0_AWCACHE        |  out|    4|       m_axi|               gmem|       pointer|
|m_axi_gmem_0_AWPROT         |  out|    3|       m_axi|               gmem|       pointer|
|m_axi_gmem_0_AWQOS          |  out|    4|       m_axi|               gmem|       pointer|
|m_axi_gmem_0_AWREGION       |  out|    4|       m_axi|               gmem|       pointer|
|m_axi_gmem_0_AWUSER         |  out|    1|       m_axi|               gmem|       pointer|
|m_axi_gmem_0_WVALID         |  out|    1|       m_axi|               gmem|       pointer|
|m_axi_gmem_0_WREADY         |   in|    1|       m_axi|               gmem|       pointer|
|m_axi_gmem_0_WDATA          |  out|   32|       m_axi|               gmem|       pointer|
|m_axi_gmem_0_WSTRB          |  out|    4|       m_axi|               gmem|       pointer|
|m_axi_gmem_0_WLAST          |  out|    1|       m_axi|               gmem|       pointer|
|m_axi_gmem_0_WID            |  out|    1|       m_axi|               gmem|       pointer|
|m_axi_gmem_0_WUSER          |  out|    1|       m_axi|               gmem|       pointer|
|m_axi_gmem_0_ARVALID        |  out|    1|       m_axi|               gmem|       pointer|
|m_axi_gmem_0_ARREADY        |   in|    1|       m_axi|               gmem|       pointer|
|m_axi_gmem_0_ARADDR         |  out|   64|       m_axi|               gmem|       pointer|
|m_axi_gmem_0_ARID           |  out|    1|       m_axi|               gmem|       pointer|
|m_axi_gmem_0_ARLEN          |  out|   32|       m_axi|               gmem|       pointer|
|m_axi_gmem_0_ARSIZE         |  out|    3|       m_axi|               gmem|       pointer|
|m_axi_gmem_0_ARBURST        |  out|    2|       m_axi|               gmem|       pointer|
|m_axi_gmem_0_ARLOCK         |  out|    2|       m_axi|               gmem|       pointer|
|m_axi_gmem_0_ARCACHE        |  out|    4|       m_axi|               gmem|       pointer|
|m_axi_gmem_0_ARPROT         |  out|    3|       m_axi|               gmem|       pointer|
|m_axi_gmem_0_ARQOS          |  out|    4|       m_axi|               gmem|       pointer|
|m_axi_gmem_0_ARREGION       |  out|    4|       m_axi|               gmem|       pointer|
|m_axi_gmem_0_ARUSER         |  out|    1|       m_axi|               gmem|       pointer|
|m_axi_gmem_0_RVALID         |   in|    1|       m_axi|               gmem|       pointer|
|m_axi_gmem_0_RREADY         |  out|    1|       m_axi|               gmem|       pointer|
|m_axi_gmem_0_RDATA          |   in|   32|       m_axi|               gmem|       pointer|
|m_axi_gmem_0_RLAST          |   in|    1|       m_axi|               gmem|       pointer|
|m_axi_gmem_0_RID            |   in|    1|       m_axi|               gmem|       pointer|
|m_axi_gmem_0_RFIFONUM       |   in|    9|       m_axi|               gmem|       pointer|
|m_axi_gmem_0_RUSER          |   in|    1|       m_axi|               gmem|       pointer|
|m_axi_gmem_0_RRESP          |   in|    2|       m_axi|               gmem|       pointer|
|m_axi_gmem_0_BVALID         |   in|    1|       m_axi|               gmem|       pointer|
|m_axi_gmem_0_BREADY         |  out|    1|       m_axi|               gmem|       pointer|
|m_axi_gmem_0_BRESP          |   in|    2|       m_axi|               gmem|       pointer|
|m_axi_gmem_0_BID            |   in|    1|       m_axi|               gmem|       pointer|
|m_axi_gmem_0_BUSER          |   in|    1|       m_axi|               gmem|       pointer|
|mem                         |   in|   64|   ap_stable|                mem|        scalar|
|pr_w                        |   in|   30|   ap_stable|               pr_w|        scalar|
|n                           |   in|    9|   ap_stable|                  n|        scalar|
+----------------------------+-----+-----+------------+-------------------+--------------+

