================================================================
== Vivado Place & Route Results
================================================================
+ General Information:
    * Date:            Sat Mar 14 14:26:45 EDT 2026
    * Version:         2025.1 (Build 6135595 on May 21 2025)
    * Project:         Prometheus_streaming_w4
    * Solution:        hls (Vivado IP Flow Target)
    * Product family:  zynq
    * Target device:   xc7z020-clg400-1


================================================================
== Run Constraints & Options
================================================================
+ Design Constraints & Options:
    * Place & Route target clock:  11.8 ns
    * C-Synthesis target clock:    11.8 ns
    * C-Synthesis uncertainty:     27%

+ RTL Synthesis Options:
    * config_export -vivado_synth_strategy:     default
    * config_export -vivado_synth_design_args:  -directive sdx_optimization_effort_high

+ Place & Route Options:
    * config_export -vivado_impl_strategy:  default
    * config_export -vivado_phys_opt:       auto

+ Reporting Options:
    * config_export -vivado_report_level:      2
    * config_export -vivado_max_timing_paths:  10


================================================================
== Place & Route Resource Summary
================================================================
LUT:              5278
FF:               6269
DSP:              22
BRAM:             20
URAM:             0
SRL:              259


================================================================
== Place & Route Timing Summary
================================================================
* Timing was met
+----------------+-------------+
| Timing         | Period (ns) |
+----------------+-------------+
| Target         | 11.800      |
| Post-Synthesis | 7.744       |
| Post-Route     | 8.850       |
+----------------+-------------+


================================================================
== Place & Route Resources
================================================================
+----------------------------------------------------------------+------+------+-----+------+------+-----+--------+------+---------+----------+--------+
| Name                                                           | LUT  | FF   | DSP | BRAM | URAM | SRL | Pragma | Impl | Latency | Variable | Source |
+----------------------------------------------------------------+------+------+-----+------+------+-----+--------+------+---------+----------+--------+
| inst                                                           | 5278 | 6269 | 22  | 20   |      |     |        |      |         |          |        |
|   (inst)                                                       | 327  | 1032 |     |      |      |     |        |      |         |          |        |
|   RECIP_B_Q30_U                                                |      |      |     |      |      |     |        |      |         |          |        |
|   RECIP_M_Q30_U                                                |      |      |     |      |      |     |        |      |         |          |        |
|   control_s_axi_U                                              | 239  | 245  |     |      |      |     |        |      |         |          |        |
|   exp_buf_1_U                                                  |      |      |     |      |      |     |        |      |         |          |        |
|   exp_buf_2_U                                                  |      |      |     |      |      |     |        |      |         |          |        |
|   exp_buf_3_U                                                  |      |      |     |      |      |     |        |      |         |          |        |
|   exp_buf_U                                                    |      |      |     |      |      |     |        |      |         |          |        |
|   gmem_m_axi_U                                                 | 1396 | 2154 |     | 4    |      |     |        |      |         |          |        |
|   grp_generate_exp_buffer_fu_705                               | 1701 | 1371 | 4   | 4    |      |     |        |      |         |          |        |
|         mul_12ns_18s_30_1_1_U23                                | 209  |      | 1   |      |      |     |        |      |         |          |        |
|         mul_12ns_18s_30_1_1_U25                                | 207  |      | 1   |      |      |     |        |      |         |          |        |
|         mul_12ns_18s_30_1_1_U27                                | 207  |      | 1   |      |      |     |        |      |         |          |        |
|         mul_12ns_18s_30_1_1_U29                                | 207  |      | 1   |      |      |     |        |      |         |          |        |
|     exp_stream_U                                               | 89   | 21   |     | 4    |      |     |        |      |         |          |        |
|     start_for_cache_exp_stream_U0_U                            |      |      |     |      |      |     |        |      |         |          |        |
|   grp_load_logits_and_find_max_fu_687                          | 349  | 453  |     |      |      |     |        |      |         |          |        |
|     (grp_load_logits_and_find_max_fu_687)                      | 105  | 80   |     |      |      |     |        |      |         |          |        |
|     grp_load_logits_and_find_max_Pipeline_load_loop_fu_100     | 244  | 373  |     |      |      |     |        |      |         |          |        |
|       (grp_load_logits_and_find_max_Pipeline_load_loop_fu_100) | 204  | 371  |     |      |      |     |        |      |         |          |        |
|       flow_control_loop_pipe_sequential_init_U                 |      |      |     |      |      |     |        |      |         |          |        |
|   grp_normalize_and_store_fu_720                               | 814  | 971  | 16  | 4    |      |     |        |      |         |          |        |
|     emit_prob_stream_U0                                        | 301  | 117  | 16  |      |      |     |        |      |         |          |        |
|       grp_emit_prob_stream_Pipeline_prob_emit_loop_fu_64       | 293  | 98   | 16  |      |      |     |        |      |         |          |        |
|         (grp_emit_prob_stream_Pipeline_prob_emit_loop_fu_64)   | 82   | 96   | 8   |      |      |     |        |      |         |          |        |
|         flow_control_loop_pipe_sequential_init_U               |      |      |     |      |      |     |        |      |         |          |        |
|         mul_32ns_31ns_62_1_1_U80                               |      |      |     |      |      |     |        |      |         |          |        |
|         mul_32ns_31ns_62_1_1_U81                               |      |      |     |      |      |     |        |      |         |          |        |
|         mul_32ns_31ns_62_1_1_U82                               |      |      |     |      |      |     |        |      |         |          |        |
|         mul_32ns_31ns_62_1_1_U83                               |      |      |     |      |      |     |        |      |         |          |        |
|     prob_stream_U                                              |      |      |     |      |      |     |        |      |         |          |        |
|     write_prob_stream_U0                                       | 489  | 830  |     |      |      |     |        |      |         |          |        |
|       (write_prob_stream_U0)                                   | 115  | 625  |     |      |      |     |        |      |         |          |        |
|   logits_buf_1_U                                               |      |      |     |      |      |     |        |      |         |          |        |
|   logits_buf_2_U                                               |      |      |     |      |      |     |        |      |         |          |        |
|   logits_buf_3_U                                               |      |      |     |      |      |     |        |      |         |          |        |
|   logits_buf_U                                                 |      |      |     |      |      |     |        |      |         |          |        |
|   mul_31s_16ns_47_1_1_U120                                     | 272  |      | 2   |      |      |     |        |      |         |          |        |
|   partset_128ns_128ns_32s_7ns_128_1_1_U123                     |      |      |     |      |      |     |        |      |         |          |        |
+----------------------------------------------------------------+------+------+-----+------+------+-----+--------+------+---------+----------+--------+


================================================================
== Place & Route Fail Fast
================================================================
+-----------------------------------------------------------+-----------+--------+--------+
| Criteria                                                  | Guideline | Actual | Status |
+-----------------------------------------------------------+-----------+--------+--------+
| LUT                                                       | 70%       | 9.92%  | OK     |
| FD                                                        | 50%       | 5.89%  | OK     |
| LUTRAM+SRL                                                | 25%       | 1.49%  | OK     |
| MUXF7                                                     | 15%       | 0.01%  | OK     |
| DSP                                                       | 80%       | 10.00% | OK     |
| RAMB/FIFO                                                 | 80%       | 7.14%  | OK     |
| DSP+RAMB+URAM (Avg)                                       | 70%       | 8.57%  | OK     |
| BUFGCE* + BUFGCTRL                                        | 24        | 0      | OK     |
| DONT_TOUCH (cells/nets)                                   | 0         | 0      | OK     |
| MARK_DEBUG (nets)                                         | 0         | 0      | OK     |
| Control Sets                                              | 998       | 152    | OK     |
| Average Fanout for modules > 100k cells                   | 4         | 2.75   | OK     |
| Max Average Fanout for modules > 100k cells               | 4         | 0      | OK     |
| Non-FD high fanout nets > 10k loads                       | 0         | 0      | OK     |
+-----------------------------------------------------------+-----------+--------+--------+
| TIMING-6 (No common primary clock between related clocks) | 0         | 0      | OK     |
| TIMING-7 (No common node between related clocks)          | 0         | 0      | OK     |
| TIMING-8 (No common period between related clocks)        | 0         | 0      | OK     |
| TIMING-14 (LUT on the clock tree)                         | 0         | 0      | OK     |
| TIMING-35 (No common node in paths with the same clock)   | 0         | 0      | OK     |
+-----------------------------------------------------------+-----------+--------+--------+
| Number of paths above max LUT budgeting (0.575ns)         | 0         | 0      | OK     |
| Number of paths above max Net budgeting (0.403ns)         | 0         | 0      | OK     |
+-----------------------------------------------------------+-----------+--------+--------+


================================================================
== Place & Route Timing Paths
================================================================
* Timing was met
+-------+-------+---------------------+--------------------------------------------------+--------------+------------+----------------+----------------+--------------+
| Path  | SLACK | STARTPOINT PIN      | ENDPOINT PIN                                     | LOGIC LEVELS | MAX FANOUT | DATAPATH DELAY | DATAPATH LOGIC | DATAPATH NET |
|       |       |                     |                                                  |              |            |                |          DELAY |        DELAY |
+-------+-------+---------------------+--------------------------------------------------+--------------+------------+----------------+----------------+--------------+
| Path1 | 2.950 | ap_CS_fsm_reg[11]/C | reg_974_reg[1]/D                                 |            3 |         20 |          8.797 |          4.731 |        4.066 |
| Path2 | 2.989 | ap_CS_fsm_reg[11]/C | mul_31s_16ns_47_1_1_U120/tmp_product__0/PCIN[0]  |            2 |         20 |          7.327 |          4.802 |        2.525 |
| Path3 | 2.989 | ap_CS_fsm_reg[11]/C | mul_31s_16ns_47_1_1_U120/tmp_product__0/PCIN[10] |            2 |         20 |          7.327 |          4.802 |        2.525 |
| Path4 | 2.989 | ap_CS_fsm_reg[11]/C | mul_31s_16ns_47_1_1_U120/tmp_product__0/PCIN[11] |            2 |         20 |          7.327 |          4.802 |        2.525 |
| Path5 | 2.989 | ap_CS_fsm_reg[11]/C | mul_31s_16ns_47_1_1_U120/tmp_product__0/PCIN[12] |            2 |         20 |          7.327 |          4.802 |        2.525 |
+-------+-------+---------------------+--------------------------------------------------+--------------+------------+----------------+----------------+--------------+

    +----------------------------------------------+----------------------+
    | Path1 Cells                                  | Primitive Type       |
    +----------------------------------------------+----------------------+
    | ap_CS_fsm_reg[11]                            | FLOP_LATCH.flop.FDRE |
    | mul_31s_16ns_47_1_1_U120/tmp_product_i_12__3 | LUT.others.LUT3      |
    | mul_31s_16ns_47_1_1_U120/tmp_product         | MULT.dsp.DSP48E1     |
    | mul_31s_16ns_47_1_1_U120/reg_974[1]_i_1      | LUT.others.LUT4      |
    | reg_974_reg[1]                               | FLOP_LATCH.flop.FDRE |
    | ap_CS_fsm_reg[11]                            | FLOP_LATCH.flop.FDRE |
    | mul_31s_16ns_47_1_1_U120/tmp_product_i_12__3 | LUT.others.LUT3      |
    | mul_31s_16ns_47_1_1_U120/tmp_product         | MULT.dsp.DSP48E1     |
    | mul_31s_16ns_47_1_1_U120/tmp_product__0      | MULT.dsp.DSP48E1     |
    | ap_CS_fsm_reg[11]                            | FLOP_LATCH.flop.FDRE |
    | mul_31s_16ns_47_1_1_U120/tmp_product_i_12__3 | LUT.others.LUT3      |
    | mul_31s_16ns_47_1_1_U120/tmp_product         | MULT.dsp.DSP48E1     |
    | mul_31s_16ns_47_1_1_U120/tmp_product__0      | MULT.dsp.DSP48E1     |
    | ap_CS_fsm_reg[11]                            | FLOP_LATCH.flop.FDRE |
    | mul_31s_16ns_47_1_1_U120/tmp_product_i_12__3 | LUT.others.LUT3      |
    | mul_31s_16ns_47_1_1_U120/tmp_product         | MULT.dsp.DSP48E1     |
    | mul_31s_16ns_47_1_1_U120/tmp_product__0      | MULT.dsp.DSP48E1     |
    | ap_CS_fsm_reg[11]                            | FLOP_LATCH.flop.FDRE |
    | mul_31s_16ns_47_1_1_U120/tmp_product_i_12__3 | LUT.others.LUT3      |
    | mul_31s_16ns_47_1_1_U120/tmp_product         | MULT.dsp.DSP48E1     |
    | mul_31s_16ns_47_1_1_U120/tmp_product__0      | MULT.dsp.DSP48E1     |
    +----------------------------------------------+----------------------+

    +----------------------------------------------+----------------------+
    | Path2 Cells                                  | Primitive Type       |
    +----------------------------------------------+----------------------+
    | ap_CS_fsm_reg[11]                            | FLOP_LATCH.flop.FDRE |
    | mul_31s_16ns_47_1_1_U120/tmp_product_i_12__3 | LUT.others.LUT3      |
    | mul_31s_16ns_47_1_1_U120/tmp_product         | MULT.dsp.DSP48E1     |
    | mul_31s_16ns_47_1_1_U120/reg_974[1]_i_1      | LUT.others.LUT4      |
    | reg_974_reg[1]                               | FLOP_LATCH.flop.FDRE |
    | ap_CS_fsm_reg[11]                            | FLOP_LATCH.flop.FDRE |
    | mul_31s_16ns_47_1_1_U120/tmp_product_i_12__3 | LUT.others.LUT3      |
    | mul_31s_16ns_47_1_1_U120/tmp_product         | MULT.dsp.DSP48E1     |
    | mul_31s_16ns_47_1_1_U120/tmp_product__0      | MULT.dsp.DSP48E1     |
    | ap_CS_fsm_reg[11]                            | FLOP_LATCH.flop.FDRE |
    | mul_31s_16ns_47_1_1_U120/tmp_product_i_12__3 | LUT.others.LUT3      |
    | mul_31s_16ns_47_1_1_U120/tmp_product         | MULT.dsp.DSP48E1     |
    | mul_31s_16ns_47_1_1_U120/tmp_product__0      | MULT.dsp.DSP48E1     |
    | ap_CS_fsm_reg[11]                            | FLOP_LATCH.flop.FDRE |
    | mul_31s_16ns_47_1_1_U120/tmp_product_i_12__3 | LUT.others.LUT3      |
    | mul_31s_16ns_47_1_1_U120/tmp_product         | MULT.dsp.DSP48E1     |
    | mul_31s_16ns_47_1_1_U120/tmp_product__0      | MULT.dsp.DSP48E1     |
    | ap_CS_fsm_reg[11]                            | FLOP_LATCH.flop.FDRE |
    | mul_31s_16ns_47_1_1_U120/tmp_product_i_12__3 | LUT.others.LUT3      |
    | mul_31s_16ns_47_1_1_U120/tmp_product         | MULT.dsp.DSP48E1     |
    | mul_31s_16ns_47_1_1_U120/tmp_product__0      | MULT.dsp.DSP48E1     |
    +----------------------------------------------+----------------------+

    +----------------------------------------------+----------------------+
    | Path3 Cells                                  | Primitive Type       |
    +----------------------------------------------+----------------------+
    | ap_CS_fsm_reg[11]                            | FLOP_LATCH.flop.FDRE |
    | mul_31s_16ns_47_1_1_U120/tmp_product_i_12__3 | LUT.others.LUT3      |
    | mul_31s_16ns_47_1_1_U120/tmp_product         | MULT.dsp.DSP48E1     |
    | mul_31s_16ns_47_1_1_U120/reg_974[1]_i_1      | LUT.others.LUT4      |
    | reg_974_reg[1]                               | FLOP_LATCH.flop.FDRE |
    | ap_CS_fsm_reg[11]                            | FLOP_LATCH.flop.FDRE |
    | mul_31s_16ns_47_1_1_U120/tmp_product_i_12__3 | LUT.others.LUT3      |
    | mul_31s_16ns_47_1_1_U120/tmp_product         | MULT.dsp.DSP48E1     |
    | mul_31s_16ns_47_1_1_U120/tmp_product__0      | MULT.dsp.DSP48E1     |
    | ap_CS_fsm_reg[11]                            | FLOP_LATCH.flop.FDRE |
    | mul_31s_16ns_47_1_1_U120/tmp_product_i_12__3 | LUT.others.LUT3      |
    | mul_31s_16ns_47_1_1_U120/tmp_product         | MULT.dsp.DSP48E1     |
    | mul_31s_16ns_47_1_1_U120/tmp_product__0      | MULT.dsp.DSP48E1     |
    | ap_CS_fsm_reg[11]                            | FLOP_LATCH.flop.FDRE |
    | mul_31s_16ns_47_1_1_U120/tmp_product_i_12__3 | LUT.others.LUT3      |
    | mul_31s_16ns_47_1_1_U120/tmp_product         | MULT.dsp.DSP48E1     |
    | mul_31s_16ns_47_1_1_U120/tmp_product__0      | MULT.dsp.DSP48E1     |
    | ap_CS_fsm_reg[11]                            | FLOP_LATCH.flop.FDRE |
    | mul_31s_16ns_47_1_1_U120/tmp_product_i_12__3 | LUT.others.LUT3      |
    | mul_31s_16ns_47_1_1_U120/tmp_product         | MULT.dsp.DSP48E1     |
    | mul_31s_16ns_47_1_1_U120/tmp_product__0      | MULT.dsp.DSP48E1     |
    +----------------------------------------------+----------------------+

    +----------------------------------------------+----------------------+
    | Path4 Cells                                  | Primitive Type       |
    +----------------------------------------------+----------------------+
    | ap_CS_fsm_reg[11]                            | FLOP_LATCH.flop.FDRE |
    | mul_31s_16ns_47_1_1_U120/tmp_product_i_12__3 | LUT.others.LUT3      |
    | mul_31s_16ns_47_1_1_U120/tmp_product         | MULT.dsp.DSP48E1     |
    | mul_31s_16ns_47_1_1_U120/reg_974[1]_i_1      | LUT.others.LUT4      |
    | reg_974_reg[1]                               | FLOP_LATCH.flop.FDRE |
    | ap_CS_fsm_reg[11]                            | FLOP_LATCH.flop.FDRE |
    | mul_31s_16ns_47_1_1_U120/tmp_product_i_12__3 | LUT.others.LUT3      |
    | mul_31s_16ns_47_1_1_U120/tmp_product         | MULT.dsp.DSP48E1     |
    | mul_31s_16ns_47_1_1_U120/tmp_product__0      | MULT.dsp.DSP48E1     |
    | ap_CS_fsm_reg[11]                            | FLOP_LATCH.flop.FDRE |
    | mul_31s_16ns_47_1_1_U120/tmp_product_i_12__3 | LUT.others.LUT3      |
    | mul_31s_16ns_47_1_1_U120/tmp_product         | MULT.dsp.DSP48E1     |
    | mul_31s_16ns_47_1_1_U120/tmp_product__0      | MULT.dsp.DSP48E1     |
    | ap_CS_fsm_reg[11]                            | FLOP_LATCH.flop.FDRE |
    | mul_31s_16ns_47_1_1_U120/tmp_product_i_12__3 | LUT.others.LUT3      |
    | mul_31s_16ns_47_1_1_U120/tmp_product         | MULT.dsp.DSP48E1     |
    | mul_31s_16ns_47_1_1_U120/tmp_product__0      | MULT.dsp.DSP48E1     |
    | ap_CS_fsm_reg[11]                            | FLOP_LATCH.flop.FDRE |
    | mul_31s_16ns_47_1_1_U120/tmp_product_i_12__3 | LUT.others.LUT3      |
    | mul_31s_16ns_47_1_1_U120/tmp_product         | MULT.dsp.DSP48E1     |
    | mul_31s_16ns_47_1_1_U120/tmp_product__0      | MULT.dsp.DSP48E1     |
    +----------------------------------------------+----------------------+

    +----------------------------------------------+----------------------+
    | Path5 Cells                                  | Primitive Type       |
    +----------------------------------------------+----------------------+
    | ap_CS_fsm_reg[11]                            | FLOP_LATCH.flop.FDRE |
    | mul_31s_16ns_47_1_1_U120/tmp_product_i_12__3 | LUT.others.LUT3      |
    | mul_31s_16ns_47_1_1_U120/tmp_product         | MULT.dsp.DSP48E1     |
    | mul_31s_16ns_47_1_1_U120/reg_974[1]_i_1      | LUT.others.LUT4      |
    | reg_974_reg[1]                               | FLOP_LATCH.flop.FDRE |
    | ap_CS_fsm_reg[11]                            | FLOP_LATCH.flop.FDRE |
    | mul_31s_16ns_47_1_1_U120/tmp_product_i_12__3 | LUT.others.LUT3      |
    | mul_31s_16ns_47_1_1_U120/tmp_product         | MULT.dsp.DSP48E1     |
    | mul_31s_16ns_47_1_1_U120/tmp_product__0      | MULT.dsp.DSP48E1     |
    | ap_CS_fsm_reg[11]                            | FLOP_LATCH.flop.FDRE |
    | mul_31s_16ns_47_1_1_U120/tmp_product_i_12__3 | LUT.others.LUT3      |
    | mul_31s_16ns_47_1_1_U120/tmp_product         | MULT.dsp.DSP48E1     |
    | mul_31s_16ns_47_1_1_U120/tmp_product__0      | MULT.dsp.DSP48E1     |
    | ap_CS_fsm_reg[11]                            | FLOP_LATCH.flop.FDRE |
    | mul_31s_16ns_47_1_1_U120/tmp_product_i_12__3 | LUT.others.LUT3      |
    | mul_31s_16ns_47_1_1_U120/tmp_product         | MULT.dsp.DSP48E1     |
    | mul_31s_16ns_47_1_1_U120/tmp_product__0      | MULT.dsp.DSP48E1     |
    | ap_CS_fsm_reg[11]                            | FLOP_LATCH.flop.FDRE |
    | mul_31s_16ns_47_1_1_U120/tmp_product_i_12__3 | LUT.others.LUT3      |
    | mul_31s_16ns_47_1_1_U120/tmp_product         | MULT.dsp.DSP48E1     |
    | mul_31s_16ns_47_1_1_U120/tmp_product__0      | MULT.dsp.DSP48E1     |
    +----------------------------------------------+----------------------+


================================================================
== Place & Route Vivado Reports
================================================================
+--------------------------+-----------------------------------------------------------------------+
| Report Type              | Report Location                                                       |
+--------------------------+-----------------------------------------------------------------------+
| design_analysis          | impl/verilog/report/softmax_accel_design_analysis_routed.rpt          |
| failfast                 | impl/verilog/report/softmax_accel_failfast_routed.rpt                 |
| power                    | impl/verilog/report/softmax_accel_power_routed.rpt                    |
| status                   | impl/verilog/report/softmax_accel_status_routed.rpt                   |
| timing                   | impl/verilog/report/softmax_accel_timing_routed.rpt                   |
| timing_paths             | impl/verilog/report/softmax_accel_timing_paths_routed.rpt             |
| utilization              | impl/verilog/report/softmax_accel_utilization_routed.rpt              |
| utilization_hierarchical | impl/verilog/report/softmax_accel_utilization_hierarchical_routed.rpt |
+--------------------------+-----------------------------------------------------------------------+


