

================================================================
== Synthesis Summary Report of 'softmax_accel'
================================================================
+ General Information: 
    * Date:           Sat Mar 14 14:59:14 2026
    * Version:        2025.1 (Build 6135595 on May 21 2025)
    * Project:        Prometheus_streaming_w4
    * Solution:       hls (Vivado IP Flow Target)
    * Product family: zynq
    * Target device:  xc7z020-clg400-1
    

+ Performance & Resource Estimates: 
    
    PS: '+' for module; 'o' for loop; '*' for dataflow
    +-------------------------------------------------+---------+-------+---------+-----------+----------+---------+------+----------+----------+----------+------------+-------------+-----+
    |                     Modules                     |  Issue  |       |       Latency       | Iteration|         | Trip |          |          |          |            |             |     |
    |                     & Loops                     |   Type  | Slack | (cycles)|    (ns)   |  Latency | Interval| Count| Pipelined|   BRAM   |    DSP   |     FF     |     LUT     | URAM|
    +-------------------------------------------------+---------+-------+---------+-----------+----------+---------+------+----------+----------+----------+------------+-------------+-----+
    |+ softmax_accel                                  |   Timing|  -0.00|      276|  3.257e+03|         -|      277|     -|        no|  32 (11%)|  22 (10%)|   7395 (6%)|  12101 (22%)|    -|
    | + load_logits_and_find_max                      |   Timing|  -0.00|       80|    944.000|         -|       80|     -|        no|         -|         -|  1017 (~0%)|    1161 (2%)|    -|
    |  + load_logits_and_find_max_Pipeline_load_loop  |   Timing|  -0.00|       69|    814.200|         -|       65|     -|    rewind|         -|         -|   937 (~0%)|     870 (1%)|    -|
    |   o load_loop                                   |        -|   8.61|       67|    790.600|         5|        1|    64|       yes|         -|         -|           -|            -|    -|
    | + generate_exp_buffer*                          |        -|   0.40|       76|    896.800|         -|       74|     -|  dataflow|    8 (2%)|    4 (1%)|   2344 (2%)|    4384 (8%)|    -|
    |  + emit_exp_stream                              |        -|   0.40|       73|    861.400|         -|       73|     -|        no|         -|    4 (1%)|   2007 (1%)|    3866 (7%)|    -|
    |   + emit_exp_stream_Pipeline_exp_emit_loop      |        -|   0.40|       72|    849.600|         -|       65|     -|    rewind|         -|    4 (1%)|   1954 (1%)|    3818 (7%)|    -|
    |    o exp_emit_loop                              |        -|   8.61|       70|    826.000|         8|        1|    64|       yes|         -|         -|           -|            -|    -|
    |  + cache_exp_stream                             |        -|   1.55|       69|    814.200|         -|       69|     -|        no|         -|         -|   179 (~0%)|    436 (~0%)|    -|
    |   + cache_exp_stream_Pipeline_cache_exp_loop    |        -|   1.55|       67|    790.600|         -|       65|     -|    rewind|         -|         -|   127 (~0%)|    382 (~0%)|    -|
    |    o cache_exp_loop                             |        -|   8.61|       65|    767.000|         3|        1|    64|       yes|         -|         -|           -|            -|    -|
    | + normalize_and_store*                          |   Timing|  -0.00|       92|  1.086e+03|         -|       90|     -|  dataflow|    8 (2%)|   16 (7%)|   1615 (1%)|    2425 (4%)|    -|
    |  + emit_prob_stream                             |        -|   0.10|       69|    814.200|         -|       69|     -|        no|         -|   16 (7%)|   612 (~0%)|    517 (~0%)|    -|
    |   + emit_prob_stream_Pipeline_prob_emit_loop    |        -|   0.10|       68|    802.400|         -|       65|     -|    rewind|         -|   16 (7%)|   561 (~0%)|    478 (~0%)|    -|
    |    o prob_emit_loop                             |        -|   8.61|       66|    778.800|         4|        1|    64|       yes|         -|         -|           -|            -|    -|
    |  + write_prob_stream                            |   Timing|  -0.00|       89|  1.050e+03|         -|       89|     -|        no|         -|         -|   842 (~0%)|    1798 (3%)|    -|
    |   + write_prob_stream_Pipeline_prob_write_loop  |   Timing|  -0.00|       72|    849.600|         -|       65|     -|    rewind|         -|         -|   210 (~0%)|    215 (~0%)|    -|
    |    o prob_write_loop                            |        -|   8.61|       70|    826.000|         8|        1|    64|       yes|         -|         -|           -|            -|    -|
    +-------------------------------------------------+---------+-------+---------+-----------+----------+---------+------+----------+----------+----------+------------+-------------+-----+


================================================================
== HW Interfaces
================================================================
* M_AXI
+------------+------------+------------+---------------+---------+--------+----------+-----------+--------------+--------------+-------------+-------------+-------------------+
| Interface  | Read/Write | Data Width | Address Width | Latency | Offset | Register | Max Widen | Max Read     | Max Write    | Num Read    | Num Write   | Resource Estimate |
|            |            | (SW->HW)   |               |         |        |          | Bitwidth  | Burst Length | Burst Length | Outstanding | Outstanding |                   |
+------------+------------+------------+---------------+---------+--------+----------+-----------+--------------+--------------+-------------+-------------+-------------------+
| m_axi_gmem | READ_WRITE | 128 -> 128 | 64            | 0       | slave  | 0        | 0         | 16           | 16           | 16          | 16          | BRAM=8            |
+------------+------------+------------+---------------+---------+--------+----------+-----------+--------------+--------------+-------------+-------------+-------------------+

* S_AXILITE Interfaces
+---------------+------------+---------------+--------+----------+
| Interface     | Data Width | Address Width | Offset | Register |
+---------------+------------+---------------+--------+----------+
| s_axi_control | 32         | 6             | 16     | 0        |
+---------------+------------+---------------+--------+----------+

* S_AXILITE Registers
+---------------+------------+--------+-------+--------+----------------------------------+----------------------------------------------------------------------+
| Interface     | Register   | Offset | Width | Access | Description                      | Bit Fields                                                           |
+---------------+------------+--------+-------+--------+----------------------------------+----------------------------------------------------------------------+
| s_axi_control | CTRL       | 0x00   | 32    | RW     | Control signals                  | 0=AP_START 1=AP_DONE 2=AP_IDLE 3=AP_READY 7=AUTO_RESTART 9=INTERRUPT |
| s_axi_control | GIER       | 0x04   | 32    | RW     | Global Interrupt Enable Register | 0=Enable                                                             |
| s_axi_control | IP_IER     | 0x08   | 32    | RW     | IP Interrupt Enable Register     | 0=CHAN0_INT_EN 1=CHAN1_INT_EN                                        |
| s_axi_control | IP_ISR     | 0x0c   | 32    | RW     | IP Interrupt Status Register     | 0=CHAN0_INT_ST 1=CHAN1_INT_ST                                        |
| s_axi_control | mem_1      | 0x10   | 32    | W      | Data signal of mem               |                                                                      |
| s_axi_control | mem_2      | 0x14   | 32    | W      | Data signal of mem               |                                                                      |
| s_axi_control | input_base | 0x1c   | 32    | W      | Data signal of input_base        |                                                                      |
| s_axi_control | prob_base  | 0x24   | 32    | W      | Data signal of prob_base         |                                                                      |
| s_axi_control | dbg_base   | 0x2c   | 32    | W      | Data signal of dbg_base          |                                                                      |
| s_axi_control | n          | 0x34   | 32    | W      | Data signal of n                 |                                                                      |
+---------------+------------+--------+-------+--------+----------------------------------+----------------------------------------------------------------------+

* TOP LEVEL CONTROL
+-----------+------------+-----------+
| Interface | Type       | Ports     |
+-----------+------------+-----------+
| ap_clk    | clock      | ap_clk    |
| ap_rst_n  | reset      | ap_rst_n  |
| interrupt | interrupt  | interrupt |
| ap_ctrl   | ap_ctrl_hs |           |
+-----------+------------+-----------+


================================================================
== SW I/O Information
================================================================
* Top Function Arguments
+------------+-----------+--------------+
| Argument   | Direction | Datatype     |
+------------+-----------+--------------+
| mem        | inout     | pointer      |
| input_base | in        | unsigned int |
| prob_base  | in        | unsigned int |
| dbg_base   | in        | unsigned int |
| n          | in        | unsigned int |
+------------+-----------+--------------+

* SW-to-HW Mapping
+------------+---------------+-----------+----------+--------------------------------------+
| Argument   | HW Interface  | HW Type   | HW Usage | HW Info                              |
+------------+---------------+-----------+----------+--------------------------------------+
| mem        | m_axi_gmem    | interface |          | channel=0                            |
| mem        | s_axi_control | register  | offset   | name=mem_1 offset=0x10 range=32      |
| mem        | s_axi_control | register  | offset   | name=mem_2 offset=0x14 range=32      |
| input_base | s_axi_control | register  |          | name=input_base offset=0x1c range=32 |
| prob_base  | s_axi_control | register  |          | name=prob_base offset=0x24 range=32  |
| dbg_base   | s_axi_control | register  |          | name=dbg_base offset=0x2c range=32   |
| n          | s_axi_control | register  |          | name=n offset=0x34 range=32          |
+------------+---------------+-----------+----------+--------------------------------------+


================================================================
== M_AXI Burst Information
================================================================
 Note: All burst requests might be further partitioned into multiple requests during RTL generation based on max_read_burst_length or max_write_burst_length settings.

* Inferred Burst Summary
+--------------+-----------+----------+-------+-----------+----------------------------+
| HW Interface | Direction | Length   | Width | Loop      | Loop Location              |
+--------------+-----------+----------+-------+-----------+----------------------------+
| m_axi_gmem   | read      | variable | 128   | load_loop | softmax_accel_hls.cc:204:3 |
+--------------+-----------+----------+-------+-----------+----------------------------+

* All M_AXI Variable Accesses
+--------------+----------+-----------------------------+-----------+--------------+----------+-----------+----------------------------+------------+--------------------------------------------------------------------------------------------------------+
| HW Interface | Variable | Access Location             | Direction | Burst Status | Length   | Loop      | Loop Location              | Resolution | Problem                                                                                                |
+--------------+----------+-----------------------------+-----------+--------------+----------+-----------+----------------------------+------------+--------------------------------------------------------------------------------------------------------+
| m_axi_gmem   | mem      | softmax_accel_hls.cc:188:17 | write     | Fail         |          |           |                            | 214-227    | Volatile or Atomic access cannot be transformed                                                        |
| m_axi_gmem   | mem      | softmax_accel_hls.cc:207:22 | read      | Widen Fail   |          | load_loop | softmax_accel_hls.cc:204:3 | 214-353    | Could not widen since type i128 size is greater than or equal to the max_widen_bitwidth threshold of 0 |
| m_axi_gmem   | mem      | softmax_accel_hls.cc:207:22 | read      | Inferred     | variable | load_loop | softmax_accel_hls.cc:204:3 |            |                                                                                                        |
| m_axi_gmem   | mem      | softmax_accel_hls.cc:398:21 | write     | Fail         |          |           |                            | 214-227    | Volatile or Atomic access cannot be transformed                                                        |
| m_axi_gmem   | mem      | softmax_accel_hls.cc:410:29 | write     | Fail         |          |           |                            | 214-227    | Volatile or Atomic access cannot be transformed                                                        |
+--------------+----------+-----------------------------+-----------+--------------+----------+-----------+----------------------------+------------+--------------------------------------------------------------------------------------------------------+

    * Resolution URL: docs.xilinx.com/access/sources/dita/topic?Doc_Version=2025.1%20English&url=ug1448-hls-guidance&resourceid=XXX-YYY.html (replace XXX-YYY with column value)

================================================================
== Bind Op Report
================================================================
+-------------------------------------------------+-----+--------+--------------+-----------+--------------------------+---------+
| Name                                            | DSP | Pragma | Variable     | Op        | Impl                     | Latency |
+-------------------------------------------------+-----+--------+--------------+-----------+--------------------------+---------+
| + softmax_accel                                 | 22  |        |              |           |                          |         |
|   icmp_ln457_fu_982_p2                          |     |        | icmp_ln457   | seteq     | auto                     | 0       |
|   icmp_ln458_fu_988_p2                          |     |        | icmp_ln458   | setgt     | auto                     | 0       |
|   select_ln458_fu_994_p3                        |     |        | select_ln458 | select    | auto_sel                 | 0       |
|   icmp_ln477_fu_1032_p2                         |     |        | icmp_ln477   | seteq     | auto                     | 0       |
|   sum_q16_2_fu_1042_p3                          |     |        | sum_q16_2    | select    | auto_sel                 | 0       |
|   icmp_ln95_fu_1063_p2                          |     |        | icmp_ln95    | seteq     | auto                     | 0       |
|   xor_ln100_fu_1071_p2                          |     |        | xor_ln100    | xor       | auto                     | 0       |
|   select_ln100_fu_1077_p3                       |     |        | select_ln100 | select    | auto_sel                 | 0       |
|   sub_ln107_fu_1093_p2                          |     |        | sub_ln107    | sub       | fabric                   | 0       |
|   shl_ln107_fu_1103_p2                          |     |        | shl_ln107    | shl       | auto_pipe                | 0       |
|   mul_31s_16ns_47_1_1_U120                      | 2   |        | mx           | mul       | auto                     | 0       |
|   inv_x_q30_fu_1176_p2                          |     |        | inv_x_q30    | add       | fabric                   | 0       |
|   sub_ln123_fu_1186_p2                          |     |        | sub_ln123    | sub       | fabric                   | 0       |
|   shl_ln123_fu_1196_p2                          |     |        | shl_ln123    | shl       | auto_pipe                | 0       |
|   add_ln108_fu_1128_p2                          |     |        | add_ln108    | add       | fabric                   | 0       |
|   lshr_ln108_fu_1138_p2                         |     |        | lshr_ln108   | lshr      | auto_pipe                | 0       |
|   mul_31s_16ns_47_1_1_U120                      | 2   |        | mul_ln117    | mul       | auto                     | 0       |
|   add_ln118_fu_1215_p2                          |     |        | add_ln118    | add       | fabric                   | 0       |
|   inv_sum_1_fu_1229_p2                          |     |        | inv_sum_1    | ashr      | auto_pipe                | 0       |
|   inv_sum_3_fu_1251_p3                          |     |        | inv_sum_3    | select    | auto_sel                 | 0       |
|   icmp_ln126_fu_1269_p2                         |     |        | icmp_ln126   | setne     | auto                     | 0       |
|   inv_sum_q30_fu_1279_p3                        |     |        | inv_sum_q30  | select    | auto_sel                 | 0       |
|   add_ln186_fu_1316_p2                          |     |        | add_ln186    | add       | fabric                   | 0       |
|   shl_ln179_fu_1359_p2                          |     |        | shl_ln179    | shl       | auto_pipe                | 0       |
|   partset_128ns_128ns_32ns_7ns_128_1_1_U121     |     |        | line         | partset   | auto                     | 0       |
|   add_ln483_fu_1374_p2                          |     |        | add_ln483    | add       | fabric                   | 0       |
|   add_ln186_1_fu_1401_p2                        |     |        | add_ln186_1  | add       | fabric                   | 0       |
|   shl_ln179_3_fu_1448_p2                        |     |        | shl_ln179_3  | shl       | auto_pipe                | 0       |
|   partset_128ns_128ns_32ns_7ns_128_1_1_U122     |     |        | line_9       | partset   | auto                     | 0       |
|   add_ln484_fu_1463_p2                          |     |        | add_ln484    | add       | fabric                   | 0       |
|   select_ln435_fu_1471_p3                       |     |        | select_ln435 | select    | auto_sel                 | 0       |
|   add_ln186_2_fu_1500_p2                        |     |        | add_ln186_2  | add       | fabric                   | 0       |
|   shl_ln179_4_fu_1550_p2                        |     |        | shl_ln179_4  | shl       | auto_pipe                | 0       |
|   partset_128ns_128ns_32s_7ns_128_1_1_U123      |     |        | line_10      | partset   | auto                     | 0       |
|  + load_logits_and_find_max                     | 0   |        |              |           |                          |         |
|    add_ln169_fu_118_p2                          |     |        | add_ln169    | add       | fabric                   | 0       |
|    add_ln204_fu_146_p2                          |     |        | add_ln204    | add       | fabric                   | 0       |
|   + load_logits_and_find_max_Pipeline_load_loop | 0   |        |              |           |                          |         |
|     icmp_ln204_fu_317_p2                        |     |        | icmp_ln204   | seteq     | auto                     | 0       |
|     add_ln204_fu_323_p2                         |     |        | add_ln204    | add       | fabric                   | 0       |
|     icmp_ln215_fu_345_p2                        |     |        | icmp_ln215   | setlt     | auto                     | 0       |
|     icmp_ln220_fu_363_p2                        |     |        | icmp_ln220   | setlt     | auto                     | 0       |
|     icmp_ln225_fu_381_p2                        |     |        | icmp_ln225   | setlt     | auto                     | 0       |
|     icmp_ln230_fu_399_p2                        |     |        | icmp_ln230   | setlt     | auto                     | 0       |
|     m0_fu_504_p3                                |     |        | m0           | select    | auto_sel                 | 0       |
|     m1_fu_520_p3                                |     |        | m1           | select    | auto_sel                 | 0       |
|     m2_fu_536_p3                                |     |        | m2           | select    | auto_sel                 | 0       |
|     m3_fu_552_p3                                |     |        | m3           | select    | auto_sel                 | 0       |
|     icmp_ln146_fu_560_p2                        |     |        | icmp_ln146   | setgt     | auto                     | 0       |
|     m01_fu_566_p3                               |     |        | m01          | select    | auto_sel                 | 0       |
|     icmp_ln147_fu_574_p2                        |     |        | icmp_ln147   | setgt     | auto                     | 0       |
|     m23_fu_580_p3                               |     |        | m23          | select    | auto_sel                 | 0       |
|     icmp_ln148_fu_588_p2                        |     |        | icmp_ln148   | setgt     | auto                     | 0       |
|     local_max_fu_594_p3                         |     |        | local_max    | select    | auto_sel                 | 0       |
|     icmp_ln237_fu_451_p2                        |     |        | icmp_ln237   | seteq     | auto                     | 0       |
|     icmp_ln237_1_fu_605_p2                      |     |        | icmp_ln237_1 | setgt     | auto                     | 0       |
|     or_ln237_fu_610_p2                          |     |        | or_ln237     | or        | auto                     | 0       |
|     max_x_2_fu_615_p3                           |     |        | max_x_2      | select    | auto_sel                 | 0       |
|  + generate_exp_buffer                          | 4   |        |              |           |                          |         |
|   + emit_exp_stream                             | 4   |        |              |           |                          |         |
|     add_ln169_fu_83_p2                          |     |        | add_ln169    | add       | fabric                   | 0       |
|    + emit_exp_stream_Pipeline_exp_emit_loop     | 4   |        |              |           |                          |         |
|      icmp_ln256_fu_347_p2                       |     |        | icmp_ln256   | seteq     | auto                     | 0       |
|      add_ln256_fu_353_p2                        |     |        | add_ln256    | add       | fabric                   | 0       |
|      pkt_keep_fu_383_p2                         |     |        | pkt_keep     | setlt     | auto                     | 0       |
|      x_q16_fu_448_p2                            |     |        | x_q16        | sub       | fabric                   | 0       |
|      icmp_ln62_fu_468_p2                        |     |        | icmp_ln62    | setlt     | auto                     | 0       |
|      x_q16_1_fu_473_p3                          |     |        | x_q16_1      | select    | auto_sel                 | 0       |
|      sparsemux_33_4_17_1_1_U18                  |     |        | y0           | sparsemux | compactencoding_dontcare | 0       |
|      sparsemux_33_4_18_1_1_U22                  |     |        | y1           | sparsemux | compactencoding_dontcare | 0       |
|      dy_fu_1550_p2                              |     |        | dy           | sub       | fabric                   | 0       |
|      mul_12ns_18s_30_1_1_U23                    | 1   |        | interp       | mul       | auto                     | 0       |
|      y_frac_fu_1894_p2                          |     |        | y_frac       | add       | fabric                   | 0       |
|      xor_ln81_fu_1904_p2                        |     |        | xor_ln81     | xor       | auto                     | 0       |
|      icmp_ln83_fu_993_p2                        |     |        | icmp_ln83    | setgt     | auto                     | 0       |
|      sh_1_fu_1918_p3                            |     |        | sh_1         | select    | auto_sel                 | 0       |
|      y_15_fu_1993_p2                            |     |        | y_2          | shl       | auto_pipe                | 0       |
|      sh_2_fu_1938_p2                            |     |        | sh_2         | sub       | fabric                   | 0       |
|      y_15_fu_1993_p4                            |     |        | y_3          | lshr      | auto_pipe                | 0       |
|      and_ln81_fu_1954_p2                        |     |        | and_ln81     | and       | auto                     | 0       |
|      icmp_ln87_fu_1969_p2                       |     |        | icmp_ln87    | setlt     | auto                     | 0       |
|      and_ln87_fu_1975_p2                        |     |        | and_ln87     | and       | auto                     | 0       |
|      and_ln87_1_fu_1980_p2                      |     |        | and_ln87_1   | and       | auto                     | 0       |
|      sparsemux_7_2_32_1_1_U30                   |     |        | y_15         | sparsemux | onehotencoding_realdef   | 0       |
|      icmp_ln270_fu_401_p2                       |     |        | icmp_ln270   | setlt     | auto                     | 0       |
|      x_q16_2_fu_453_p2                          |     |        | x_q16_2      | sub       | fabric                   | 0       |
|      icmp_ln62_1_fu_528_p2                      |     |        | icmp_ln62_1  | setlt     | auto                     | 0       |
|      x_q16_3_fu_533_p3                          |     |        | x_q16_3      | select    | auto_sel                 | 0       |
|      sparsemux_33_4_17_1_1_U19                  |     |        | y0_1         | sparsemux | compactencoding_dontcare | 0       |
|      sparsemux_33_4_18_1_1_U24                  |     |        | y1_1         | sparsemux | compactencoding_dontcare | 0       |
|      dy_1_fu_1653_p2                            |     |        | dy_1         | sub       | fabric                   | 0       |
|      mul_12ns_18s_30_1_1_U25                    | 1   |        | interp_1     | mul       | auto                     | 0       |
|      y_frac_1_fu_2019_p2                        |     |        | y_frac_1     | add       | fabric                   | 0       |
|      xor_ln81_1_fu_2029_p2                      |     |        | xor_ln81_1   | xor       | auto                     | 0       |
|      icmp_ln83_1_fu_1152_p2                     |     |        | icmp_ln83_1  | setgt     | auto                     | 0       |
|      sh_4_fu_2043_p3                            |     |        | sh_4         | select    | auto_sel                 | 0       |
|      y_16_fu_2108_p2                            |     |        | y_6          | shl       | auto_pipe                | 0       |
|      sh_5_fu_2063_p2                            |     |        | sh_5         | sub       | fabric                   | 0       |
|      icmp_ln87_1_fu_2083_p2                     |     |        | icmp_ln87_1  | setgt     | auto                     | 0       |
|      y_16_fu_2108_p6                            |     |        | y_7          | lshr      | auto_pipe                | 0       |
|      and_ln87_2_fu_2095_p2                      |     |        | and_ln87_2   | and       | auto                     | 0       |
|      sparsemux_7_2_32_1_1_U31                   |     |        | y_16         | sparsemux | onehotencoding_realdef   | 0       |
|      pkt_v1_2_fu_2128_p3                        |     |        | pkt_v1_2     | select    | auto_sel                 | 0       |
|      pkt_keep_8_fu_2389_p3                      |     |        | pkt_keep_8   | select    | auto_sel                 | 0       |
|      icmp_ln274_fu_419_p2                       |     |        | icmp_ln274   | setlt     | auto                     | 0       |
|      x_q16_4_fu_458_p2                          |     |        | x_q16_4      | sub       | fabric                   | 0       |
|      icmp_ln62_2_fu_588_p2                      |     |        | icmp_ln62_2  | setlt     | auto                     | 0       |
|      x_q16_5_fu_593_p3                          |     |        | x_q16_5      | select    | auto_sel                 | 0       |
|      sparsemux_33_4_17_1_1_U20                  |     |        | y0_2         | sparsemux | compactencoding_dontcare | 0       |
|      sparsemux_33_4_18_1_1_U26                  |     |        | y1_2         | sparsemux | compactencoding_dontcare | 0       |
|      dy_2_fu_1756_p2                            |     |        | dy_2         | sub       | fabric                   | 0       |
|      mul_12ns_18s_30_1_1_U27                    | 1   |        | interp_2     | mul       | auto                     | 0       |
|      y_frac_2_fu_2141_p2                        |     |        | y_frac_2     | add       | fabric                   | 0       |
|      xor_ln81_2_fu_2151_p2                      |     |        | xor_ln81_2   | xor       | auto                     | 0       |
|      icmp_ln83_2_fu_1311_p2                     |     |        | icmp_ln83_2  | setgt     | auto                     | 0       |
|      sh_7_fu_2165_p3                            |     |        | sh_7         | select    | auto_sel                 | 0       |
|      y_fu_2230_p2                               |     |        | y_8          | shl       | auto_pipe                | 0       |
|      sh_8_fu_2185_p2                            |     |        | sh_8         | sub       | fabric                   | 0       |
|      icmp_ln87_2_fu_2205_p2                     |     |        | icmp_ln87_2  | setgt     | auto                     | 0       |
|      y_fu_2230_p6                               |     |        | y_9          | lshr      | auto_pipe                | 0       |
|      and_ln87_3_fu_2217_p2                      |     |        | and_ln87_3   | and       | auto                     | 0       |
|      sparsemux_7_2_32_1_1_U32                   |     |        | y            | sparsemux | onehotencoding_realdef   | 0       |
|      pkt_v2_2_fu_2250_p3                        |     |        | pkt_v2_2     | select    | auto_sel                 | 0       |
|      pkt_keep_2_fu_2408_p3                      |     |        | pkt_keep_2   | select    | auto_sel                 | 0       |
|      icmp_ln278_fu_437_p2                       |     |        | icmp_ln278   | setlt     | auto                     | 0       |
|      x_q16_6_fu_463_p2                          |     |        | x_q16_6      | sub       | fabric                   | 0       |
|      icmp_ln62_3_fu_648_p2                      |     |        | icmp_ln62_3  | setlt     | auto                     | 0       |
|      x_q16_7_fu_653_p3                          |     |        | x_q16_7      | select    | auto_sel                 | 0       |
|      sparsemux_33_4_17_1_1_U21                  |     |        | y0_3         | sparsemux | compactencoding_dontcare | 0       |
|      sparsemux_33_4_18_1_1_U28                  |     |        | y1_3         | sparsemux | compactencoding_dontcare | 0       |
|      dy_3_fu_1859_p2                            |     |        | dy_3         | sub       | fabric                   | 0       |
|      mul_12ns_18s_30_1_1_U29                    | 1   |        | interp_3     | mul       | auto                     | 0       |
|      y_frac_3_fu_2263_p2                        |     |        | y_frac_3     | add       | fabric                   | 0       |
|      xor_ln81_3_fu_2273_p2                      |     |        | xor_ln81_3   | xor       | auto                     | 0       |
|      icmp_ln83_3_fu_1470_p2                     |     |        | icmp_ln83_3  | setgt     | auto                     | 0       |
|      sh_10_fu_2287_p3                           |     |        | sh_10        | select    | auto_sel                 | 0       |
|      y_17_fu_2352_p2                            |     |        | y_12         | shl       | auto_pipe                | 0       |
|      sh_11_fu_2307_p2                           |     |        | sh_11        | sub       | fabric                   | 0       |
|      icmp_ln87_3_fu_2327_p2                     |     |        | icmp_ln87_3  | setgt     | auto                     | 0       |
|      y_17_fu_2352_p6                            |     |        | y_13         | lshr      | auto_pipe                | 0       |
|      and_ln87_4_fu_2339_p2                      |     |        | and_ln87_4   | and       | auto                     | 0       |
|      sparsemux_7_2_32_1_1_U33                   |     |        | y_17         | sparsemux | onehotencoding_realdef   | 0       |
|      pkt_v3_2_fu_2372_p3                        |     |        | pkt_v3_2     | select    | auto_sel                 | 0       |
|      pkt_keep_3_fu_2429_p3                      |     |        | pkt_keep_3   | select    | auto_sel                 | 0       |
|   + cache_exp_stream                            | 0   |        |              |           |                          |         |
|     add_ln169_fu_87_p2                          |     |        | add_ln169    | add       | fabric                   | 0       |
|    + cache_exp_stream_Pipeline_cache_exp_loop   | 0   |        |              |           |                          |         |
|      icmp_ln299_fu_192_p2                       |     |        | icmp_ln299   | seteq     | auto                     | 0       |
|      add_ln299_fu_198_p2                        |     |        | add_ln299    | add       | fabric                   | 0       |
|      s0_1_fu_286_p3                             |     |        | s0_1         | select    | auto_sel                 | 0       |
|      s1_1_fu_298_p3                             |     |        | s1_1         | select    | auto_sel                 | 0       |
|      s2_1_fu_310_p3                             |     |        | s2_1         | select    | auto_sel                 | 0       |
|      s3_1_fu_322_p3                             |     |        | s3_1         | select    | auto_sel                 | 0       |
|      add_ln309_fu_334_p2                        |     |        | add_ln309    | add       | fabric                   | 0       |
|      add_ln309_1_fu_340_p2                      |     |        | add_ln309_1  | add       | fabric                   | 0       |
|      add_ln309_2_fu_355_p2                      |     |        | add_ln309_2  | add       | fabric                   | 0       |
|      sum64_1_fu_365_p2                          |     |        | sum64_1      | add       | fabric                   | 0       |
|  + normalize_and_store                          | 16  |        |              |           |                          |         |
|   + emit_prob_stream                            | 16  |        |              |           |                          |         |
|     add_ln169_fu_83_p2                          |     |        | add_ln169    | add       | fabric                   | 0       |
|    + emit_prob_stream_Pipeline_prob_emit_loop   | 16  |        |              |           |                          |         |
|      icmp_ln342_fu_203_p2                       |     |        | icmp_ln342   | seteq     | auto                     | 0       |
|      add_ln342_fu_209_p2                        |     |        | add_ln342    | add       | fabric                   | 0       |
|      pkt_keep_fu_239_p2                         |     |        | pkt_keep     | setlt     | auto                     | 0       |
|      mul_32ns_31ns_62_1_1_U80                   | 4   |        | prod0        | mul       | auto                     | 0       |
|      pkt_v0_1_fu_360_p3                         |     |        | pkt_v0_1     | select    | auto_sel                 | 0       |
|      icmp_ln357_fu_257_p2                       |     |        | icmp_ln357   | setlt     | auto                     | 0       |
|      mul_32ns_31ns_62_1_1_U81                   | 4   |        | prod1        | mul       | auto                     | 0       |
|      pkt_v1_1_fu_376_p3                         |     |        | pkt_v1_1     | select    | auto_sel                 | 0       |
|      pkt_keep_4_fu_382_p3                       |     |        | pkt_keep_4   | select    | auto_sel                 | 0       |
|      icmp_ln362_fu_275_p2                       |     |        | icmp_ln362   | setlt     | auto                     | 0       |
|      mul_32ns_31ns_62_1_1_U82                   | 4   |        | prod2        | mul       | auto                     | 0       |
|      pkt_v2_1_fu_401_p3                         |     |        | pkt_v2_1     | select    | auto_sel                 | 0       |
|      pkt_keep_2_fu_407_p3                       |     |        | pkt_keep_2   | select    | auto_sel                 | 0       |
|      icmp_ln367_fu_293_p2                       |     |        | icmp_ln367   | setlt     | auto                     | 0       |
|      mul_32ns_31ns_62_1_1_U83                   | 4   |        | prod3        | mul       | auto                     | 0       |
|      pkt_v3_1_fu_428_p3                         |     |        | pkt_v3_1     | select    | auto_sel                 | 0       |
|      pkt_keep_3_fu_434_p3                       |     |        | pkt_keep_3   | select    | auto_sel                 | 0       |
|   + write_prob_stream                           | 0   |        |              |           |                          |         |
|     icmp_ln401_fu_186_p2                        |     |        | icmp_ln401   | seteq     | auto                     | 0       |
|     add_ln403_fu_198_p2                         |     |        | add_ln403    | add       | fabric                   | 0       |
|     add_ln403_1_fu_216_p2                       |     |        | add_ln403_1  | add       | fabric                   | 0       |
|     line_2_fu_315_p3                            |     |        | line_2       | select    | auto_sel                 | 0       |
|     line_4_fu_330_p3                            |     |        | line_4       | select    | auto_sel                 | 0       |
|     line_6_fu_346_p3                            |     |        | line_6       | select    | auto_sel                 | 0       |
|     line_8_fu_362_p3                            |     |        | line_8       | select    | auto_sel                 | 0       |
|    + write_prob_stream_Pipeline_prob_write_loop | 0   |        |              |           |                          |         |
|      icmp_ln388_fu_142_p2                       |     |        | icmp_ln388   | seteq     | auto                     | 0       |
|      add_ln388_fu_148_p2                        |     |        | add_ln388    | add       | fabric                   | 0       |
|      add_ln398_fu_162_p2                        |     |        | add_ln398    | add       | fabric                   | 0       |
|      add_ln398_1_fu_180_p2                      |     |        | add_ln398_1  | add       | fabric                   | 0       |
+-------------------------------------------------+-----+--------+--------------+-----------+--------------------------+---------+


================================================================
== Storage Report
================================================================
+------------------------+--------------+-----------+------+------+--------+--------------+--------+---------+------------------+
| Name                   | Usage        | Type      | BRAM | URAM | Pragma | Variable     | Impl   | Latency | Bitwidth, Depth, |
|                        |              |           |      |      |        |              |        |         | Banks            |
+------------------------+--------------+-----------+------+------+--------+--------------+--------+---------+------------------+
| + softmax_accel        |              |           | 32   | 0    |        |              |        |         |                  |
|   control_s_axi_U      | interface    | s_axilite |      |      |        |              |        |         |                  |
|   gmem_m_axi_U         | interface    | m_axi     | 8    |      |        |              |        |         |                  |
|   logits_buf_U         | ram_2p array |           | 1    |      | yes    | logits_buf   | bram   | 1       | 32, 64, 1        |
|   logits_buf_1_U       | ram_2p array |           | 1    |      | yes    | logits_buf_1 | bram   | 1       | 32, 64, 1        |
|   logits_buf_2_U       | ram_2p array |           | 1    |      | yes    | logits_buf_2 | bram   | 1       | 32, 64, 1        |
|   logits_buf_3_U       | ram_2p array |           | 1    |      | yes    | logits_buf_3 | bram   | 1       | 32, 64, 1        |
|   exp_buf_U            | ram_2p array |           | 1    |      | yes    | exp_buf      | bram   | 1       | 32, 64, 1        |
|   exp_buf_1_U          | ram_2p array |           | 1    |      | yes    | exp_buf_1    | bram   | 1       | 32, 64, 1        |
|   exp_buf_2_U          | ram_2p array |           | 1    |      | yes    | exp_buf_2    | bram   | 1       | 32, 64, 1        |
|   exp_buf_3_U          | ram_2p array |           | 1    |      | yes    | exp_buf_3    | bram   | 1       | 32, 64, 1        |
|   RECIP_M_Q30_U        | rom_1p       |           |      |      |        | RECIP_M_Q30  | auto   | 1       | 31, 16, 1        |
|   RECIP_B_Q30_U        | rom_1p       |           |      |      |        | RECIP_B_Q30  | auto   | 1       | 31, 16, 1        |
|  + generate_exp_buffer |              |           | 8    | 0    |        |              |        |         |                  |
|    exp_stream_U        | fifo channel | stream    | 8    |      |        | exp_stream   | memory | 0       | 132, 16, 1       |
|  + normalize_and_store |              |           | 8    | 0    |        |              |        |         |                  |
|    prob_stream_U       | fifo channel | stream    | 8    |      |        | prob_stream  | memory | 0       | 132, 16, 1       |
+------------------------+--------------+-----------+------+------+--------+--------------+--------+---------+------------------+


================================================================
== Pragma Report
================================================================
* Inferred Pragmas
+-----------------+------------------------------------------------+----------------------------------------------------------------+-----------------------------------+
| Type            | Options                                        | Location                                                       | Inferred From                     |
+-----------------+------------------------------------------------+----------------------------------------------------------------+-----------------------------------+
| ARRAY_PARTITION | dim=1 type=complete variable=_ZL12EXP2_PTS_Q16 | variable EXP2_PTS_Q16 in softmax_accel softmax_accel_hls.cc:35 | pipeline softmax_accel_hls.cc:257 |
+-----------------+------------------------------------------------+----------------------------------------------------------------+-----------------------------------+

* Valid Pragma Syntax
+-----------------+----------------------------------------------------+------------------------------------------------------------------+
| Type            | Options                                            | Location                                                         |
+-----------------+----------------------------------------------------+------------------------------------------------------------------+
| INLINE          |                                                    | softmax_accel_hls.cc:60 in exp_approx_q16                        |
| INLINE          |                                                    | softmax_accel_hls.cc:94 in recip_sum_q2_30                       |
| UNROLL          |                                                    | softmax_accel_hls.cc:99 in recip_sum_q2_30                       |
| INLINE          |                                                    | softmax_accel_hls.cc:131 in min_i32                              |
| INLINE          |                                                    | softmax_accel_hls.cc:140 in reduce_max4                          |
| INLINE          |                                                    | softmax_accel_hls.cc:156 in reduce_sum4                          |
| INLINE          |                                                    | softmax_accel_hls.cc:168 in num_blocks                           |
| INLINE          |                                                    | softmax_accel_hls.cc:173 in unpack_word                          |
| INLINE          |                                                    | softmax_accel_hls.cc:178 in pack_word                            |
| INLINE          |                                                    | softmax_accel_hls.cc:183 in store_word                           |
| INLINE          | off                                                | softmax_accel_hls.cc:197 in load_logits_and_find_max             |
| ARRAY_PARTITION | variable=logits_buf cyclic factor=4 dim=1          | softmax_accel_hls.cc:198 in load_logits_and_find_max, logits_buf |
| PIPELINE        | ii=1                                               | softmax_accel_hls.cc:205 in load_logits_and_find_max             |
| INLINE          | off                                                | softmax_accel_hls.cc:250 in emit_exp_stream                      |
| ARRAY_PARTITION | variable=logits_buf cyclic factor=4 dim=1          | softmax_accel_hls.cc:251 in emit_exp_stream, logits_buf          |
| PIPELINE        | ii=1                                               | softmax_accel_hls.cc:257 in emit_exp_stream                      |
| INLINE          | off                                                | softmax_accel_hls.cc:292 in cache_exp_stream                     |
| ARRAY_PARTITION | variable=exp_buf cyclic factor=4 dim=1             | softmax_accel_hls.cc:293 in cache_exp_stream, exp_buf            |
| PIPELINE        | ii=1                                               | softmax_accel_hls.cc:300 in cache_exp_stream                     |
| INLINE          | off                                                | softmax_accel_hls.cc:321 in generate_exp_buffer                  |
| DATAFLOW        |                                                    | softmax_accel_hls.cc:322 in generate_exp_buffer                  |
| STREAM          | variable=exp_stream depth=16                       | softmax_accel_hls.cc:325 in generate_exp_buffer, exp_stream      |
| INLINE          | off                                                | softmax_accel_hls.cc:336 in emit_prob_stream                     |
| ARRAY_PARTITION | variable=exp_buf cyclic factor=4 dim=1             | softmax_accel_hls.cc:337 in emit_prob_stream, exp_buf            |
| PIPELINE        | ii=1                                               | softmax_accel_hls.cc:343 in emit_prob_stream                     |
| INLINE          | off                                                | softmax_accel_hls.cc:382 in write_prob_stream                    |
| PIPELINE        | ii=1                                               | softmax_accel_hls.cc:389 in write_prob_stream                    |
| INLINE          | off                                                | softmax_accel_hls.cc:420 in normalize_and_store                  |
| DATAFLOW        |                                                    | softmax_accel_hls.cc:421 in normalize_and_store                  |
| STREAM          | variable=prob_stream depth=16                      | softmax_accel_hls.cc:424 in normalize_and_store, prob_stream     |
| INLINE          |                                                    | softmax_accel_hls.cc:431 in derive_shift_dbg                     |
| UNROLL          |                                                    | softmax_accel_hls.cc:434 in derive_shift_dbg                     |
| INTERFACE       | m_axi port=mem offset=slave bundle=gmem depth=4096 | softmax_accel_hls.cc:449 in softmax_accel, mem                   |
| INTERFACE       | s_axilite port=mem bundle=control                  | softmax_accel_hls.cc:450 in softmax_accel, mem                   |
| INTERFACE       | s_axilite port=input_base bundle=control           | softmax_accel_hls.cc:451 in softmax_accel, input_base            |
| INTERFACE       | s_axilite port=prob_base bundle=control            | softmax_accel_hls.cc:452 in softmax_accel, prob_base             |
| INTERFACE       | s_axilite port=dbg_base bundle=control             | softmax_accel_hls.cc:453 in softmax_accel, dbg_base              |
| INTERFACE       | s_axilite port=n bundle=control                    | softmax_accel_hls.cc:454 in softmax_accel, n                     |
| INTERFACE       | s_axilite port=return bundle=control               | softmax_accel_hls.cc:455 in softmax_accel, return                |
| ARRAY_PARTITION | variable=logits_buf cyclic factor=4 dim=1          | softmax_accel_hls.cc:466 in softmax_accel, logits_buf            |
| ARRAY_PARTITION | variable=exp_buf cyclic factor=4 dim=1             | softmax_accel_hls.cc:467 in softmax_accel, exp_buf               |
| BIND_STORAGE    | variable=logits_buf type=ram_2p impl=bram          | softmax_accel_hls.cc:468 in softmax_accel, logits_buf            |
| BIND_STORAGE    | variable=exp_buf type=ram_2p impl=bram             | softmax_accel_hls.cc:469 in softmax_accel, exp_buf               |
+-----------------+----------------------------------------------------+------------------------------------------------------------------+


