

================================================================
== Vitis HLS Report for 'cpu_Pipeline_PROGRAM_LOOP'
================================================================
* Date:           Thu Feb 26 11:54:29 2026

* Version:        2025.1 (Build 6135595 on May 21 2025)
* Project:        extendo
* Solution:       hls (Vivado IP Flow Target)
* Product family: zynq
* Target device:  xc7z020-clg400-1


================================================================
== Performance Estimates
================================================================
+ Timing: 
    * Summary: 
    +--------+----------+-----------+------------+
    |  Clock |  Target  | Estimated | Uncertainty|
    +--------+----------+-----------+------------+
    |ap_clk  |  10.00 ns|  11.850 ns|     2.70 ns|
    +--------+----------+-----------+------------+

+ Latency: 
    * Summary: 
    +---------+---------+----------+----------+-----+-----+---------+
    |  Latency (cycles) |  Latency (absolute) |  Interval | Pipeline|
    |   min   |   max   |    min   |    max   | min | max |   Type  |
    +---------+---------+----------+----------+-----+-----+---------+
    |        ?|        ?|         ?|         ?|    ?|    ?|       no|
    +---------+---------+----------+----------+-----+-----+---------+

    + Detail: 
        * Instance: 
        N/A

        * Loop: 
        +----------------+---------+---------+----------+-----------+-----------+------+----------+
        |                |  Latency (cycles) | Iteration|  Initiation Interval  | Trip |          |
        |    Loop Name   |   min   |   max   |  Latency |  achieved |   target  | Count| Pipelined|
        +----------------+---------+---------+----------+-----------+-----------+------+----------+
        |- PROGRAM_LOOP  |        ?|        ?|         4|          3|          2|     ?|       yes|
        +----------------+---------+---------+----------+-----------+-----------+------+----------+



================================================================
== Utilization Estimates
================================================================
* Summary: 
+-----------------+---------+-----+--------+-------+-----+
|       Name      | BRAM_18K| DSP |   FF   |  LUT  | URAM|
+-----------------+---------+-----+--------+-------+-----+
|DSP              |        -|    -|       -|      -|    -|
|Expression       |        -|    -|       0|   1469|    -|
|FIFO             |        -|    -|       -|      -|    -|
|Instance         |        -|   12|     495|    150|    -|
|Memory           |        -|    -|       -|      -|    -|
|Multiplexer      |        -|    -|       0|    292|    -|
|Register         |        -|    -|     535|      -|    -|
+-----------------+---------+-----+--------+-------+-----+
|Total            |        0|   12|    1030|   1911|    0|
+-----------------+---------+-----+--------+-------+-----+
|Available        |      280|  220|  106400|  53200|    0|
+-----------------+---------+-----+--------+-------+-----+
|Utilization (%)  |        0|    5|      ~0|      3|    0|
+-----------------+---------+-----+--------+-------+-----+

+ Detail: 
    * Instance: 
    +-------------------------+----------------------+---------+----+-----+----+-----+
    |         Instance        |        Module        | BRAM_18K| DSP|  FF | LUT| URAM|
    +-------------------------+----------------------+---------+----+-----+----+-----+
    |mul_32ns_32ns_64_2_1_U2  |mul_32ns_32ns_64_2_1  |        0|   4|  165|  50|    0|
    |mul_32ns_32s_64_2_1_U3   |mul_32ns_32s_64_2_1   |        0|   4|  165|  50|    0|
    |mul_32s_32s_64_2_1_U4    |mul_32s_32s_64_2_1    |        0|   4|  165|  50|    0|
    +-------------------------+----------------------+---------+----+-----+----+-----+
    |Total                    |                      |        0|  12|  495| 150|    0|
    +-------------------------+----------------------+---------+----+-----+----+-----+

    * DSP: 
    N/A

    * Memory: 
    N/A

    * FIFO: 
    N/A

    * Expression: 
    +------------------------------+----------+----+---+-----+------------+------------+
    |         Variable Name        | Operation| DSP| FF| LUT | Bitwidth P0| Bitwidth P1|
    +------------------------------+----------+----+---+-----+------------+------------+
    |grp_fu_319_p2                 |         +|   0|  0|   39|          32|          32|
    |grp_fu_325_p2                 |         +|   0|  0|   39|          32|          32|
    |next_pc_4_fu_743_p2           |         +|   0|  0|   39|          32|           3|
    |res_24_fu_1051_p2             |         +|   0|  0|   39|          32|          32|
    |res_23_fu_1045_p2             |         -|   0|  0|   39|          32|          32|
    |and_ln183_fu_1135_p2          |       and|   0|  0|    2|           1|           1|
    |and_ln191_fu_983_p2           |       and|   0|  0|    2|           1|           1|
    |res_28_fu_1120_p2             |       and|   0|  0|   32|          32|          32|
    |res_13_fu_919_p2              |      ashr|   0|  0|  100|          32|          32|
    |res_35_fu_1004_p2             |      ashr|   0|  0|  100|          32|          32|
    |grp_fu_314_p2                 |      icmp|   0|  0|   11|           3|           2|
    |grp_fu_330_p2                 |      icmp|   0|  0|   39|          32|          32|
    |grp_fu_337_p2                 |      icmp|   0|  0|   39|          32|          32|
    |grp_fu_364_p2                 |      icmp|   0|  0|   17|          14|           1|
    |grp_fu_370_p2                 |      icmp|   0|  0|   14|           7|           6|
    |grp_fu_375_p2                 |      icmp|   0|  0|   14|           7|           6|
    |icmp_ln147_fu_636_p2          |      icmp|   0|  0|   14|           7|           1|
    |icmp_ln16_1_fu_660_p2         |      icmp|   0|  0|   11|           3|           1|
    |icmp_ln16_2_fu_1150_p2        |      icmp|   0|  0|   14|           7|           6|
    |icmp_ln16_3_fu_1155_p2        |      icmp|   0|  0|   14|           7|           6|
    |icmp_ln16_fu_654_p2           |      icmp|   0|  0|   11|           3|           3|
    |icmp_ln176_fu_955_p2          |      icmp|   0|  0|   14|           7|           5|
    |icmp_ln213_fu_852_p2          |      icmp|   0|  0|   10|           2|           1|
    |icmp_ln236_fu_826_p2          |      icmp|   0|  0|   10|           2|           1|
    |icmp_ln299_fu_1166_p2         |      icmp|   0|  0|   13|           5|           1|
    |icmp_ln43_fu_392_p2           |      icmp|   0|  0|   10|           2|           1|
    |icmp_ln47_fu_408_p2           |      icmp|   0|  0|   17|          14|           1|
    |res_16_fu_1062_p2             |      icmp|   0|  0|   39|          32|          32|
    |res_30_fu_972_p2              |      icmp|   0|  0|   39|          32|          32|
    |take_1_fu_795_p2              |      icmp|   0|  0|   39|          32|          32|
    |take_fu_802_p2                |      icmp|   0|  0|   39|          32|          32|
    |res_14_fu_925_p2              |      lshr|   0|  0|  100|          32|          32|
    |res_36_fu_993_p2              |      lshr|   0|  0|  100|          32|          32|
    |ap_predicate_tran5to6_state4  |        or|   0|  0|    2|           1|           1|
    |or_ln16_1_fu_1160_p2          |        or|   0|  0|    2|           1|           1|
    |or_ln16_fu_666_p2             |        or|   0|  0|    2|           1|           1|
    |or_ln213_fu_858_p2            |        or|   0|  0|    2|           1|           1|
    |or_ln236_fu_832_p2            |        or|   0|  0|    2|           1|           1|
    |or_ln43_fu_414_p2             |        or|   0|  0|    2|           1|           1|
    |res_27_fu_1125_p2             |        or|   0|  0|   32|          32|          32|
    |next_pc_3_fu_809_p3           |    select|   0|  0|   32|           1|          32|
    |op2_1_fu_960_p3               |    select|   0|  0|   32|           1|          32|
    |res_15_fu_931_p3              |    select|   0|  0|   32|           1|          32|
    |res_25_fu_1139_p3             |    select|   0|  0|   32|           1|          32|
    |res_12_fu_944_p2              |       shl|   0|  0|  100|          32|          32|
    |res_29_fu_1019_p2             |       shl|   0|  0|  100|          32|          32|
    |ap_enable_pp0                 |       xor|   0|  0|    2|           1|           2|
    |res_26_fu_1130_p2             |       xor|   0|  0|   32|          32|          32|
    |take_3_fu_788_p2              |       xor|   0|  0|    2|           1|           2|
    |take_6_fu_781_p2              |       xor|   0|  0|    2|           1|           2|
    +------------------------------+----------+----+---+-----+------------+------------+
    |Total                         |          |   0|  0| 1469|         745|         795|
    +------------------------------+----------+----+---+-----+------------+------------+

    * Multiplexer: 
    +-------------------------------------+----+-----------+-----+-----------+
    |                 Name                | LUT| Input Size| Bits| Total Bits|
    +-------------------------------------+----+-----------+-----+-----------+
    |ap_NS_fsm                            |  37|          7|    1|          7|
    |ap_enable_reg_pp0_iter1              |   9|          2|    1|          2|
    |ap_phi_mux_imm_phi_fu_214_p12        |  37|          7|   32|        224|
    |ap_phi_mux_res_17_phi_fu_251_p44     |  93|         19|   32|        608|
    |ap_phi_mux_take_4_phi_fu_233_p12     |  37|          7|    1|          7|
    |ap_phi_reg_pp0_iter1_res_17_reg_247  |  20|          4|   32|        128|
    |mem_address0_local                   |  20|          4|   16|         64|
    |pc_fu_144                            |  25|          5|   32|        160|
    |reg_file_address0_local              |  14|          3|    5|         15|
    +-------------------------------------+----+-----------+-----+-----------+
    |Total                                | 292|         58|  152|       1215|
    +-------------------------------------+----+-----------+-----+-----------+

    * Register: 
    +-------------------------------------+----+----+-----+-----------+
    |                 Name                | FF | LUT| Bits| Const Bits|
    +-------------------------------------+----+----+-----+-----------+
    |and_ln191_reg_1398                   |   1|   0|    1|          0|
    |ap_CS_fsm                            |   6|   0|    6|          0|
    |ap_enable_reg_pp0_iter0              |   1|   0|    1|          0|
    |ap_enable_reg_pp0_iter0_reg          |   1|   0|    1|          0|
    |ap_enable_reg_pp0_iter1              |   1|   0|    1|          0|
    |ap_exit_tran_regpp0                  |   1|   0|    2|          1|
    |ap_phi_reg_pp0_iter1_res_17_reg_247  |  32|   0|   32|          0|
    |func3_reg_1242                       |   3|   0|    3|          0|
    |func7_reg_1246                       |   7|   0|    7|          0|
    |icmp_ln147_reg_1316                  |   1|   0|    1|          0|
    |icmp_ln16_1_reg_1320                 |   1|   0|    1|          0|
    |icmp_ln183_1_reg_1422                |   1|   0|    1|          0|
    |icmp_ln183_reg_1417                  |   1|   0|    1|          0|
    |icmp_ln206_reg_1312                  |   1|   0|    1|          0|
    |icmp_ln229_reg_1308                  |   1|   0|    1|          0|
    |immI_reg_1252                        |  12|   0|   12|          0|
    |op2_1_reg_1386                       |  32|   0|   32|          0|
    |opcode_reg_1218                      |   7|   0|    7|          0|
    |or_ln16_reg_1324                     |   1|   0|    1|          0|
    |or_ln213_reg_1345                    |   1|   0|    1|          0|
    |or_ln236_reg_1341                    |   1|   0|    1|          0|
    |or_ln43_reg_1209                     |   1|   0|    1|          0|
    |pc_1_reg_1203                        |  32|   0|   32|          0|
    |pc_fu_144                            |  32|   0|   32|          0|
    |rd_reg_1230                          |   5|   0|    5|          0|
    |res_12_reg_1381                      |  32|   0|   32|          0|
    |res_15_reg_1376                      |  32|   0|   32|          0|
    |res_16_reg_1437                      |   1|   0|    1|          0|
    |res_23_reg_1427                      |  32|   0|   32|          0|
    |res_24_reg_1432                      |  32|   0|   32|          0|
    |res_29_reg_1412                      |  32|   0|   32|          0|
    |res_30_reg_1393                      |   1|   0|    1|          0|
    |res_35_reg_1407                      |  32|   0|   32|          0|
    |res_36_reg_1402                      |  32|   0|   32|          0|
    |res_reg_1442                         |  32|   0|   32|          0|
    |rs2_reg_1237                         |   5|   0|    5|          0|
    |src1_reg_1328                        |  32|   0|   32|          0|
    |tmp_2_reg_1257                       |   4|   0|    4|          0|
    |tmp_3_reg_1262                       |   6|   0|    6|          0|
    |tmp_4_reg_1267                       |   1|   0|    1|          0|
    |tmp_5_reg_1272                       |   1|   0|    1|          0|
    |tmp_6_reg_1288                       |   8|   0|    8|          0|
    |tmp_8_reg_1283                       |   1|   0|    1|          0|
    |tmp_reg_1293                         |  20|   0|   20|          0|
    |tmp_s_reg_1278                       |  10|   0|   10|          0|
    |trunc_ln59_1_reg_1226                |   6|   0|    6|          0|
    +-------------------------------------+----+----+-----+-----------+
    |Total                                | 535|   0|  536|          1|
    +-------------------------------------+----+----+-----+-----------+



================================================================
== Interface
================================================================
* Summary: 
+-------------------+-----+-----+------------+---------------------------+--------------+
|     RTL Ports     | Dir | Bits|  Protocol  |       Source Object       |    C Type    |
+-------------------+-----+-----+------------+---------------------------+--------------+
|ap_clk             |   in|    1|  ap_ctrl_hs|  cpu_Pipeline_PROGRAM_LOOP|  return value|
|ap_rst             |   in|    1|  ap_ctrl_hs|  cpu_Pipeline_PROGRAM_LOOP|  return value|
|ap_start           |   in|    1|  ap_ctrl_hs|  cpu_Pipeline_PROGRAM_LOOP|  return value|
|ap_done            |  out|    1|  ap_ctrl_hs|  cpu_Pipeline_PROGRAM_LOOP|  return value|
|ap_idle            |  out|    1|  ap_ctrl_hs|  cpu_Pipeline_PROGRAM_LOOP|  return value|
|ap_ready           |  out|    1|  ap_ctrl_hs|  cpu_Pipeline_PROGRAM_LOOP|  return value|
|reg_file_address0  |  out|    5|   ap_memory|                   reg_file|         array|
|reg_file_ce0       |  out|    1|   ap_memory|                   reg_file|         array|
|reg_file_we0       |  out|    1|   ap_memory|                   reg_file|         array|
|reg_file_d0        |  out|   32|   ap_memory|                   reg_file|         array|
|reg_file_q0        |   in|   32|   ap_memory|                   reg_file|         array|
|reg_file_address1  |  out|    5|   ap_memory|                   reg_file|         array|
|reg_file_ce1       |  out|    1|   ap_memory|                   reg_file|         array|
|reg_file_q1        |   in|   32|   ap_memory|                   reg_file|         array|
|mem_address0       |  out|   16|   ap_memory|                        mem|         array|
|mem_ce0            |  out|    1|   ap_memory|                        mem|         array|
|mem_we0            |  out|    1|   ap_memory|                        mem|         array|
|mem_d0             |  out|   32|   ap_memory|                        mem|         array|
|mem_q0             |   in|   32|   ap_memory|                        mem|         array|
+-------------------+-----+-----+------------+---------------------------+--------------+

