

================================================================
== Vitis HLS Report for 'cpu'
================================================================
* Date:           Wed Feb 25 12:20:59 2026

* Version:        2025.1 (Build 6135595 on May 21 2025)
* Project:        extendo
* Solution:       hls (Vivado IP Flow Target)
* Product family: zynq
* Target device:  xc7z020-clg400-1


================================================================
== Performance Estimates
================================================================
+ Timing: 
    * Summary: 
    +--------+----------+-----------+------------+
    |  Clock |  Target  | Estimated | Uncertainty|
    +--------+----------+-----------+------------+
    |ap_clk  |  10.00 ns|  15.980 ns|     2.70 ns|
    +--------+----------+-----------+------------+

+ Latency: 
    * Summary: 
    +---------+---------+----------+----------+-----+-----+---------+
    |  Latency (cycles) |  Latency (absolute) |  Interval | Pipeline|
    |   min   |   max   |    min   |    max   | min | max |   Type  |
    +---------+---------+----------+----------+-----+-----+---------+
    |        ?|        ?|         ?|         ?|    ?|    ?|       no|
    +---------+---------+----------+----------+-----+-----+---------+

    + Detail: 
        * Instance: 
        +-----------------------------------------+------------------------------+---------+---------+----------+----------+-----+-----+------------------------------------------------+
        |                                         |                              |  Latency (cycles) |  Latency (absolute) |  Interval |                    Pipeline                    |
        |                 Instance                |            Module            |   min   |   max   |    min   |    max   | min | max |                      Type                      |
        +-----------------------------------------+------------------------------+---------+---------+----------+----------+-----+-----+------------------------------------------------+
        |grp_cpu_Pipeline_VITIS_LOOP_24_1_fu_152  |cpu_Pipeline_VITIS_LOOP_24_1  |       34|       34|  0.340 us|  0.340 us|   33|   33|  loop auto-rewind stp (delay=0 clock cycles(s))|
        |grp_cpu_Pipeline_PROGRAM_LOOP_fu_187     |cpu_Pipeline_PROGRAM_LOOP     |        ?|        ?|         ?|         ?|    ?|    ?|                                              no|
        +-----------------------------------------+------------------------------+---------+---------+----------+----------+-----+-----+------------------------------------------------+

        * Loop: 
        N/A



================================================================
== Utilization Estimates
================================================================
* Summary: 
+-----------------+---------+-----+--------+-------+-----+
|       Name      | BRAM_18K| DSP |   FF   |  LUT  | URAM|
+-----------------+---------+-----+--------+-------+-----+
|DSP              |        -|    -|       -|      -|    -|
|Expression       |        -|    -|       -|      -|    -|
|FIFO             |        -|    -|       -|      -|    -|
|Instance         |        -|   12|    1983|   2968|    -|
|Memory           |        -|    -|       -|      -|    -|
|Multiplexer      |        -|    -|       0|     25|    -|
|Register         |        -|    -|       6|      -|    -|
+-----------------+---------+-----+--------+-------+-----+
|Total            |        0|   12|    1989|   2993|    0|
+-----------------+---------+-----+--------+-------+-----+
|Available        |      280|  220|  106400|  53200|    0|
+-----------------+---------+-----+--------+-------+-----+
|Utilization (%)  |        0|    5|       1|      5|    0|
+-----------------+---------+-----+--------+-------+-----+

+ Detail: 
    * Instance: 
    +-----------------------------------------+------------------------------+---------+----+------+------+-----+
    |                 Instance                |            Module            | BRAM_18K| DSP|  FF  |  LUT | URAM|
    +-----------------------------------------+------------------------------+---------+----+------+------+-----+
    |grp_cpu_Pipeline_PROGRAM_LOOP_fu_187     |cpu_Pipeline_PROGRAM_LOOP     |        0|  12|  1975|  2913|    0|
    |grp_cpu_Pipeline_VITIS_LOOP_24_1_fu_152  |cpu_Pipeline_VITIS_LOOP_24_1  |        0|   0|     8|    55|    0|
    +-----------------------------------------+------------------------------+---------+----+------+------+-----+
    |Total                                    |                              |        0|  12|  1983|  2968|    0|
    +-----------------------------------------+------------------------------+---------+----+------+------+-----+

    * DSP: 
    N/A

    * Memory: 
    N/A

    * FIFO: 
    N/A

    * Expression: 
    N/A

    * Multiplexer: 
    +-----------+----+-----------+-----+-----------+
    |    Name   | LUT| Input Size| Bits| Total Bits|
    +-----------+----+-----------+-----+-----------+
    |ap_NS_fsm  |  25|          5|    1|          5|
    +-----------+----+-----------+-----+-----------+
    |Total      |  25|          5|    1|          5|
    +-----------+----+-----------+-----+-----------+

    * Register: 
    +------------------------------------------------------+---+----+-----+-----------+
    |                         Name                         | FF| LUT| Bits| Const Bits|
    +------------------------------------------------------+---+----+-----+-----------+
    |ap_CS_fsm                                             |  4|   0|    4|          0|
    |grp_cpu_Pipeline_PROGRAM_LOOP_fu_187_ap_start_reg     |  1|   0|    1|          0|
    |grp_cpu_Pipeline_VITIS_LOOP_24_1_fu_152_ap_start_reg  |  1|   0|    1|          0|
    +------------------------------------------------------+---+----+-----+-----------+
    |Total                                                 |  6|   0|    6|          0|
    +------------------------------------------------------+---+----+-----+-----------+



================================================================
== Interface
================================================================
* Summary: 
+--------------+-----+-----+------------+--------------+--------------+
|   RTL Ports  | Dir | Bits|  Protocol  | Source Object|    C Type    |
+--------------+-----+-----+------------+--------------+--------------+
|ap_clk        |   in|    1|  ap_ctrl_hs|           cpu|  return value|
|ap_rst        |   in|    1|  ap_ctrl_hs|           cpu|  return value|
|ap_start      |   in|    1|  ap_ctrl_hs|           cpu|  return value|
|ap_done       |  out|    1|  ap_ctrl_hs|           cpu|  return value|
|ap_idle       |  out|    1|  ap_ctrl_hs|           cpu|  return value|
|ap_ready      |  out|    1|  ap_ctrl_hs|           cpu|  return value|
|mem_address0  |  out|   16|   ap_memory|           mem|         array|
|mem_ce0       |  out|    1|   ap_memory|           mem|         array|
|mem_we0       |  out|    1|   ap_memory|           mem|         array|
|mem_d0        |  out|   32|   ap_memory|           mem|         array|
|mem_q0        |   in|   32|   ap_memory|           mem|         array|
|pstrb         |   in|    4|     ap_none|         pstrb|       pointer|
+--------------+-----+-----+------------+--------------+--------------+

