

================================================================
== Synthesis Summary Report of 'cpu'
================================================================
+ General Information: 
    * Date:           Thu Feb 26 11:54:29 2026
    * Version:        2025.1 (Build 6135595 on May 21 2025)
    * Project:        extendo
    * Solution:       hls (Vivado IP Flow Target)
    * Product family: zynq
    * Target device:  xc7z020-clg400-1
    

+ Performance & Resource Estimates: 
    
    PS: '+' for module; 'o' for loop; '*' for dataflow
    +---------------------------------+---------+-------+---------+---------+----------+---------+------+----------+---------+---------+------------+-----------+-----+
    |             Modules             |  Issue  |       |      Latency      | Iteration|         | Trip |          |         |         |            |           |     |
    |             & Loops             |   Type  | Slack | (cycles)|   (ns)  |  Latency | Interval| Count| Pipelined|  BRAM   |   DSP   |     FF     |    LUT    | URAM|
    +---------------------------------+---------+-------+---------+---------+----------+---------+------+----------+---------+---------+------------+-----------+-----+
    |+ cpu                            |   Timing|  -4.55|        -|        -|         -|        -|     -|        no|  2 (~0%)|  12 (5%)|  1045 (~0%)|  2064 (3%)|    -|
    | + cpu_Pipeline_VITIS_LOOP_24_1  |        -|   0.63|       34|  340.000|         -|       33|     -|    rewind|        -|        -|     8 (~0%)|   55 (~0%)|    -|
    |  o VITIS_LOOP_24_1              |        -|   7.30|       32|  320.000|         1|        1|    32|       yes|        -|        -|           -|          -|    -|
    | + cpu_Pipeline_PROGRAM_LOOP     |   Timing|  -4.55|        -|        -|         -|        -|     -|        no|        -|  12 (5%)|  1030 (~0%)|  1911 (3%)|    -|
    |  o PROGRAM_LOOP                 |       II|   7.30|        -|        -|         4|        3|     -|       yes|        -|        -|           -|          -|    -|
    +---------------------------------+---------+-------+---------+---------+----------+---------+------+----------+---------+---------+------------+-----------+-----+


================================================================
== HW Interfaces
================================================================
* AP_MEMORY
+--------------+-----------+----------+
| Port         | Direction | Bitwidth |
+--------------+-----------+----------+
| mem_address0 | out       | 16       |
| mem_d0       | out       | 32       |
| mem_q0       | in        | 32       |
+--------------+-----------+----------+

* Other Ports
+-------+---------+-----------+----------+
| Port  | Mode    | Direction | Bitwidth |
+-------+---------+-----------+----------+
| pstrb | ap_none | in        | 4        |
+-------+---------+-----------+----------+

* TOP LEVEL CONTROL
+-----------+------------+-----------------------------------+
| Interface | Type       | Ports                             |
+-----------+------------+-----------------------------------+
| ap_clk    | clock      | ap_clk                            |
| ap_rst    | reset      | ap_rst                            |
| ap_ctrl   | ap_ctrl_hs | ap_done ap_idle ap_ready ap_start |
+-----------+------------+-----------------------------------+


================================================================
== SW I/O Information
================================================================
* Top Function Arguments
+----------+-----------+--------------+
| Argument | Direction | Datatype     |
+----------+-----------+--------------+
| mem      | inout     | ap_uint<32>* |
| pstrb    | unused    | pointer      |
+----------+-----------+--------------+

* SW-to-HW Mapping
+----------+--------------+---------+----------+
| Argument | HW Interface | HW Type | HW Usage |
+----------+--------------+---------+----------+
| mem      | mem_address0 | port    | offset   |
| mem      | mem_ce0      | port    |          |
| mem      | mem_we0      | port    |          |
| mem      | mem_d0       | port    |          |
| mem      | mem_q0       | port    |          |
| pstrb    | pstrb        | port    |          |
+----------+--------------+---------+----------+


================================================================
== Bind Op Report
================================================================
+---------------------------------+-----+--------+--------------+--------+-----------+---------+
| Name                            | DSP | Pragma | Variable     | Op     | Impl      | Latency |
+---------------------------------+-----+--------+--------------+--------+-----------+---------+
| + cpu                           | 12  |        |              |        |           |         |
|  + cpu_Pipeline_VITIS_LOOP_24_1 | 0   |        |              |        |           |         |
|    icmp_ln24_fu_54_p2           |     |        | icmp_ln24    | seteq  | auto      | 0       |
|    add_ln24_fu_60_p2            |     |        | add_ln24     | add    | fabric    | 0       |
|  + cpu_Pipeline_PROGRAM_LOOP    | 12  |        |              |        |           |         |
|    icmp_ln43_fu_392_p2          |     |        | icmp_ln43    | setne  | auto      | 0       |
|    icmp_ln47_fu_408_p2          |     |        | icmp_ln47    | setne  | auto      | 0       |
|    or_ln43_fu_414_p2            |     |        | or_ln43      | or     | auto      | 0       |
|    next_pc_4_fu_743_p2          |     |        | next_pc_4    | add    | fabric    | 0       |
|    grp_fu_319_p2                |     |        | add_ln279    | add    | fabric    | 0       |
|    grp_fu_325_p2                |     |        | next_pc      | add    | fabric    | 0       |
|    grp_fu_330_p2                |     |        | icmp_ln260   | setlt  | auto      | 0       |
|    take_6_fu_781_p2             |     |        | take_6       | xor    | auto      | 0       |
|    grp_fu_330_p2                |     |        | take_5       | setlt  | auto      | 0       |
|    grp_fu_337_p2                |     |        | icmp_ln258   | setlt  | auto      | 0       |
|    take_3_fu_788_p2             |     |        | take_3       | xor    | auto      | 0       |
|    grp_fu_337_p2                |     |        | take_2       | setlt  | auto      | 0       |
|    take_1_fu_795_p2             |     |        | take_1       | setne  | auto      | 0       |
|    take_fu_802_p2               |     |        | take         | seteq  | auto      | 0       |
|    grp_fu_325_p2                |     |        | add_ln266    | add    | fabric    | 0       |
|    next_pc_3_fu_809_p3          |     |        | next_pc_3    | select | auto_sel  | 0       |
|    grp_fu_314_p2                |     |        | icmp_ln229   | seteq  | auto      | 0       |
|    grp_fu_319_p2                |     |        | addr_1       | add    | fabric    | 0       |
|    icmp_ln236_fu_826_p2         |     |        | icmp_ln236   | setne  | auto      | 0       |
|    grp_fu_364_p2                |     |        | icmp_ln240   | setne  | auto      | 0       |
|    or_ln236_fu_832_p2           |     |        | or_ln236     | or     | auto      | 0       |
|    grp_fu_314_p2                |     |        | icmp_ln206   | seteq  | auto      | 0       |
|    grp_fu_319_p2                |     |        | addr         | add    | fabric    | 0       |
|    icmp_ln213_fu_852_p2         |     |        | icmp_ln213   | setne  | auto      | 0       |
|    grp_fu_364_p2                |     |        | icmp_ln217   | setne  | auto      | 0       |
|    or_ln213_fu_858_p2           |     |        | or_ln213     | or     | auto      | 0       |
|    icmp_ln147_fu_636_p2         |     |        | icmp_ln147   | seteq  | auto      | 0       |
|    mul_32s_32s_64_2_1_U4        | 4   |        | prod_ss      | mul    | auto      | 1       |
|    mul_32ns_32ns_64_2_1_U2      | 4   |        | prod_uu      | mul    | auto      | 1       |
|    mul_32ns_32s_64_2_1_U3       | 4   |        | prod_su      | mul    | auto      | 1       |
|    icmp_ln16_fu_654_p2          |     |        | icmp_ln16    | seteq  | auto      | 0       |
|    icmp_ln16_1_fu_660_p2        |     |        | icmp_ln16_1  | seteq  | auto      | 0       |
|    or_ln16_fu_666_p2            |     |        | or_ln16      | or     | auto      | 0       |
|    grp_fu_370_p2                |     |        | icmp_ln137   | seteq  | auto      | 0       |
|    res_13_fu_919_p2             |     |        | res_13       | ashr   | auto_pipe | 0       |
|    res_14_fu_925_p2             |     |        | res_14       | lshr   | auto_pipe | 0       |
|    res_15_fu_931_p3             |     |        | res_15       | select | auto_sel  | 0       |
|    res_12_fu_944_p2             |     |        | res_12       | shl    | auto_pipe | 0       |
|    icmp_ln176_fu_955_p2         |     |        | icmp_ln176   | seteq  | auto      | 0       |
|    op2_1_fu_960_p3              |     |        | op2_1        | select | auto_sel  | 0       |
|    res_30_fu_972_p2             |     |        | res_30       | setlt  | auto      | 0       |
|    grp_fu_375_p2                |     |        | icmp_ln191   | seteq  | auto      | 0       |
|    grp_fu_370_p2                |     |        | icmp_ln191_1 | seteq  | auto      | 0       |
|    and_ln191_fu_983_p2          |     |        | and_ln191    | and    | auto      | 0       |
|    res_36_fu_993_p2             |     |        | res_36       | lshr   | auto_pipe | 0       |
|    res_35_fu_1004_p2            |     |        | res_35       | ashr   | auto_pipe | 0       |
|    res_29_fu_1019_p2            |     |        | res_29       | shl    | auto_pipe | 0       |
|    res_28_fu_1120_p2            |     |        | res_28       | and    | auto      | 0       |
|    res_27_fu_1125_p2            |     |        | res_27       | or     | auto      | 0       |
|    res_26_fu_1130_p2            |     |        | res_26       | xor    | auto      | 0       |
|    grp_fu_375_p2                |     |        | icmp_ln183   | seteq  | auto      | 0       |
|    grp_fu_370_p2                |     |        | icmp_ln183_1 | seteq  | auto      | 0       |
|    and_ln183_fu_1135_p2         |     |        | and_ln183    | and    | auto      | 0       |
|    res_23_fu_1045_p2            |     |        | res_23       | sub    | fabric    | 0       |
|    res_24_fu_1051_p2            |     |        | res_24       | add    | fabric    | 0       |
|    res_25_fu_1139_p3            |     |        | res_25       | select | auto_sel  | 0       |
|    res_16_fu_1062_p2            |     |        | res_16       | setlt  | auto      | 0       |
|    grp_fu_325_p2                |     |        | res          | add    | fabric    | 0       |
|    icmp_ln16_2_fu_1150_p2       |     |        | icmp_ln16_2  | seteq  | auto      | 0       |
|    icmp_ln16_3_fu_1155_p2       |     |        | icmp_ln16_3  | seteq  | auto      | 0       |
|    or_ln16_1_fu_1160_p2         |     |        | or_ln16_1    | or     | auto      | 0       |
|    icmp_ln299_fu_1166_p2        |     |        | icmp_ln299   | seteq  | auto      | 0       |
+---------------------------------+-----+--------+--------------+--------+-----------+---------+


================================================================
== Storage Report
================================================================
+--------------+--------------+------+------+------+--------+----------+------+---------+------------------+
| Name         | Usage        | Type | BRAM | URAM | Pragma | Variable | Impl | Latency | Bitwidth, Depth, |
|              |              |      |      |      |        |          |      |         | Banks            |
+--------------+--------------+------+------+------+--------+----------+------+---------+------------------+
| + cpu        |              |      | 2    | 0    |        |          |      |         |                  |
|   reg_file_U | rom_np array |      | 2    |      |        | reg_file | auto | 1       | 32, 32, 1        |
+--------------+--------------+------+------+------+--------+----------+------+---------+------------------+


================================================================
== Pragma Report
================================================================
* Pragmas with Warnings
+----------+-------------------------------+----------------------------+----------------------------------------------------------------------------------------------------------------------------------+
| Type     | Options                       | Location                   | Messages                                                                                                                         |
+----------+-------------------------------+----------------------------+----------------------------------------------------------------------------------------------------------------------------------+
| RESOURCE | variable=mem core=RAM_1P_BRAM | riscv32i.cc:19 in cpu, mem | 'Resource pragma' is deprecated, use 'bind_op/bind_storage pragma' instead                                                       |
|          |                               |                            | The resource pragma (bind_storage) on top-level function argument, in 'call' is unsupported, please use INTERFACE pragma instead |
+----------+-------------------------------+----------------------------+----------------------------------------------------------------------------------------------------------------------------------+

* Valid Pragma Syntax
+-----------+--------------------+------------------------------+
| Type      | Options            | Location                     |
+-----------+--------------------+------------------------------+
| INTERFACE | ap_none port=pstrb | riscv32i.cc:18 in cpu, pstrb |
| PIPELINE  | ii=2               | riscv32i.cc:34 in cpu        |
+-----------+--------------------+------------------------------+


