

================================================================
== Synthesis Summary Report of 'cpu'
================================================================
+ General Information: 
    * Date:           Wed Feb 25 14:02:22 2026
    * Version:        2025.1 (Build 6135595 on May 21 2025)
    * Project:        extendo
    * Solution:       hls (Vivado IP Flow Target)
    * Product family: zynq
    * Target device:  xc7z020-clg400-1
    

+ Performance & Resource Estimates: 
    
    PS: '+' for module; 'o' for loop; '*' for dataflow
    +---------------------------------+---------+-------+---------+---------+----------+---------+------+----------+------+---------+-----------+-----------+-----+
    |             Modules             |  Issue  |       |      Latency      | Iteration|         | Trip |          |      |         |           |           |     |
    |             & Loops             |   Type  | Slack | (cycles)|   (ns)  |  Latency | Interval| Count| Pipelined| BRAM |   DSP   |     FF    |    LUT    | URAM|
    +---------------------------------+---------+-------+---------+---------+----------+---------+------+----------+------+---------+-----------+-----------+-----+
    |+ cpu                            |   Timing|  -7.40|        -|        -|         -|        -|     -|        no|     -|  12 (5%)|  2037 (1%)|  2987 (5%)|    -|
    | + cpu_Pipeline_VITIS_LOOP_22_1  |        -|   2.30|       34|  340.000|         -|       33|     -|    rewind|     -|        -|    8 (~0%)|   55 (~0%)|    -|
    |  o VITIS_LOOP_22_1              |        -|   7.30|       32|  320.000|         1|        1|    32|       yes|     -|        -|          -|          -|    -|
    | + cpu_Pipeline_PROGRAM_LOOP     |   Timing|  -7.40|        -|        -|         -|        -|     -|        no|     -|  12 (5%)|  2023 (1%)|  2907 (5%)|    -|
    |  o PROGRAM_LOOP                 |       II|   7.30|        -|        -|         3|        2|     -|       yes|     -|        -|          -|          -|    -|
    +---------------------------------+---------+-------+---------+---------+----------+---------+------+----------+------+---------+-----------+-----------+-----+


================================================================
== HW Interfaces
================================================================
* AP_MEMORY
+---------------+-----------+----------+
| Port          | Direction | Bitwidth |
+---------------+-----------+----------+
| dmem_address0 | out       | 16       |
| dmem_d0       | out       | 32       |
| dmem_q0       | in        | 32       |
| imem_address0 | out       | 16       |
| imem_q0       | in        | 32       |
+---------------+-----------+----------+

* Other Ports
+-------+---------+-----------+----------+
| Port  | Mode    | Direction | Bitwidth |
+-------+---------+-----------+----------+
| pstrb | ap_none | in        | 4        |
+-------+---------+-----------+----------+

* TOP LEVEL CONTROL
+-----------+------------+-----------------------------------+
| Interface | Type       | Ports                             |
+-----------+------------+-----------------------------------+
| ap_clk    | clock      | ap_clk                            |
| ap_rst    | reset      | ap_rst                            |
| ap_ctrl   | ap_ctrl_hs | ap_done ap_idle ap_ready ap_start |
+-----------+------------+-----------------------------------+


================================================================
== SW I/O Information
================================================================
* Top Function Arguments
+----------+-----------+--------------+
| Argument | Direction | Datatype     |
+----------+-----------+--------------+
| imem     | in        | ap_uint<32>* |
| dmem     | inout     | ap_uint<32>* |
| pstrb    | unused    | pointer      |
+----------+-----------+--------------+

* SW-to-HW Mapping
+----------+---------------+---------+----------+
| Argument | HW Interface  | HW Type | HW Usage |
+----------+---------------+---------+----------+
| imem     | imem_address0 | port    | offset   |
| imem     | imem_ce0      | port    |          |
| imem     | imem_q0       | port    |          |
| dmem     | dmem_address0 | port    | offset   |
| dmem     | dmem_ce0      | port    |          |
| dmem     | dmem_we0      | port    |          |
| dmem     | dmem_d0       | port    |          |
| dmem     | dmem_q0       | port    |          |
| pstrb    | pstrb         | port    |          |
+----------+---------------+---------+----------+


================================================================
== Bind Op Report
================================================================
+---------------------------------+-----+--------+--------------+-----------+--------------------------+---------+
| Name                            | DSP | Pragma | Variable     | Op        | Impl                     | Latency |
+---------------------------------+-----+--------+--------------+-----------+--------------------------+---------+
| + cpu                           | 12  |        |              |           |                          |         |
|  + cpu_Pipeline_VITIS_LOOP_22_1 | 0   |        |              |           |                          |         |
|    icmp_ln22_fu_503_p2          |     |        | icmp_ln22    | seteq     | auto                     | 0       |
|    add_ln22_fu_509_p2           |     |        | add_ln22     | add       | fabric                   | 0       |
|  + cpu_Pipeline_PROGRAM_LOOP    | 12  |        |              |           |                          |         |
|    icmp_ln41_fu_4273_p2         |     |        | icmp_ln41    | setne     | auto                     | 0       |
|    icmp_ln45_fu_4289_p2         |     |        | icmp_ln45    | setne     | auto                     | 0       |
|    or_ln41_fu_4295_p2           |     |        | or_ln41      | or        | auto                     | 0       |
|    sparsemux_65_5_32_1_1_U35    |     |        | src1         | sparsemux | compactencoding_dontcare | 0       |
|    sparsemux_65_5_32_1_1_U36    |     |        | src2         | sparsemux | compactencoding_dontcare | 0       |
|    next_pc_4_fu_4808_p2         |     |        | next_pc_4    | add       | fabric                   | 0       |
|    grp_fu_4200_p2               |     |        | add_ln237    | add       | fabric                   | 0       |
|    grp_fu_4205_p2               |     |        | next_pc      | add       | fabric                   | 0       |
|    grp_fu_4210_p2               |     |        | icmp_ln223   | setlt     | auto                     | 0       |
|    take_6_fu_4884_p2            |     |        | take_6       | xor       | auto                     | 0       |
|    grp_fu_4210_p2               |     |        | take_5       | setlt     | auto                     | 0       |
|    grp_fu_4215_p2               |     |        | icmp_ln221   | setlt     | auto                     | 0       |
|    take_3_fu_4891_p2            |     |        | take_3       | xor       | auto                     | 0       |
|    grp_fu_4215_p2               |     |        | take_2       | setlt     | auto                     | 0       |
|    take_1_fu_4898_p2            |     |        | take_1       | setne     | auto                     | 0       |
|    take_fu_4905_p2              |     |        | take         | seteq     | auto                     | 0       |
|    grp_fu_4205_p2               |     |        | add_ln226    | add       | fabric                   | 0       |
|    next_pc_3_fu_4912_p3         |     |        | next_pc_3    | select    | auto_sel                 | 0       |
|    grp_fu_4220_p2               |     |        | icmp_ln201   | seteq     | auto                     | 0       |
|    grp_fu_4200_p2               |     |        | addr_1       | add       | fabric                   | 0       |
|    icmp_ln207_fu_4929_p2        |     |        | icmp_ln207   | setne     | auto                     | 0       |
|    grp_fu_4245_p2               |     |        | icmp_ln208   | setne     | auto                     | 0       |
|    or_ln207_fu_4935_p2          |     |        | or_ln207     | or        | auto                     | 0       |
|    grp_fu_4220_p2               |     |        | icmp_ln187   | seteq     | auto                     | 0       |
|    grp_fu_4200_p2               |     |        | addr         | add       | fabric                   | 0       |
|    icmp_ln193_fu_4950_p2        |     |        | icmp_ln193   | setne     | auto                     | 0       |
|    grp_fu_4245_p2               |     |        | icmp_ln194   | setne     | auto                     | 0       |
|    or_ln193_fu_4956_p2          |     |        | or_ln193     | or        | auto                     | 0       |
|    icmp_ln136_fu_4980_p2        |     |        | icmp_ln136   | seteq     | auto                     | 0       |
|    mul_32s_32s_64_2_1_U34       | 4   |        | prod_ss      | mul       | auto                     | 1       |
|    mul_32ns_32ns_64_2_1_U32     | 4   |        | prod_uu      | mul       | auto                     | 1       |
|    mul_32ns_32s_64_2_1_U33      | 4   |        | prod_su      | mul       | auto                     | 1       |
|    grp_fu_4251_p2               |     |        | icmp_ln130   | seteq     | auto                     | 0       |
|    res_3_fu_5036_p2             |     |        | res_3        | ashr      | auto_pipe                | 0       |
|    res_4_fu_5042_p2             |     |        | res_4        | lshr      | auto_pipe                | 0       |
|    res_5_fu_5235_p3             |     |        | res_5        | select    | auto_sel                 | 0       |
|    res_2_fu_5053_p2             |     |        | res_2        | shl       | auto_pipe                | 0       |
|    icmp_ln160_fu_5064_p2        |     |        | icmp_ln160   | seteq     | auto                     | 0       |
|    op2_1_fu_5070_p3             |     |        | op2_1        | select    | auto_sel                 | 0       |
|    res_15_fu_5241_p2            |     |        | res_15       | setlt     | auto                     | 0       |
|    grp_fu_4256_p2               |     |        | icmp_ln174   | seteq     | auto                     | 0       |
|    grp_fu_4251_p2               |     |        | icmp_ln174_1 | seteq     | auto                     | 0       |
|    and_ln174_fu_5105_p2         |     |        | and_ln174    | and       | auto                     | 0       |
|    res_21_fu_5115_p2            |     |        | res_21       | lshr      | auto_pipe                | 0       |
|    res_20_fu_5126_p2            |     |        | res_20       | ashr      | auto_pipe                | 0       |
|    res_14_fu_5141_p2            |     |        | res_14       | shl       | auto_pipe                | 0       |
|    res_13_fu_5250_p2            |     |        | res_13       | and       | auto                     | 0       |
|    res_12_fu_5255_p2            |     |        | res_12       | or        | auto                     | 0       |
|    res_11_fu_5260_p2            |     |        | res_11       | xor       | auto                     | 0       |
|    grp_fu_4256_p2               |     |        | icmp_ln166   | seteq     | auto                     | 0       |
|    grp_fu_4251_p2               |     |        | icmp_ln166_1 | seteq     | auto                     | 0       |
|    and_ln166_fu_5265_p2         |     |        | and_ln166    | and       | auto                     | 0       |
|    res_8_fu_5269_p2             |     |        | res_8        | sub       | fabric                   | 0       |
|    res_9_fu_5273_p2             |     |        | res_9        | add       | fabric                   | 0       |
|    res_10_fu_5277_p3            |     |        | res_10       | select    | auto_sel                 | 0       |
|    res_7_fu_5286_p2             |     |        | res_7        | setlt     | auto                     | 0       |
|    grp_fu_4205_p2               |     |        | res          | add       | fabric                   | 0       |
|    icmp_ln14_fu_5295_p2         |     |        | icmp_ln14    | seteq     | auto                     | 0       |
|    icmp_ln14_1_fu_5300_p2       |     |        | icmp_ln14_1  | seteq     | auto                     | 0       |
|    or_ln14_fu_5305_p2           |     |        | or_ln14      | or        | auto                     | 0       |
|    icmp_ln254_fu_5311_p2        |     |        | icmp_ln254   | seteq     | auto                     | 0       |
+---------------------------------+-----+--------+--------------+-----------+--------------------------+---------+


================================================================
== Storage Report
================================================================
  No bind storage info in design

================================================================
== Pragma Report
================================================================
* Pragmas with Warnings
+----------+--------------------------------+-----------------------------+----------------------------------------------------------------------------------------------------------------------------------+
| Type     | Options                        | Location                    | Messages                                                                                                                         |
+----------+--------------------------------+-----------------------------+----------------------------------------------------------------------------------------------------------------------------------+
| RESOURCE | variable=imem core=RAM_1P_BRAM | riscv32i.cc:17 in cpu, imem | 'Resource pragma' is deprecated, use 'bind_op/bind_storage pragma' instead                                                       |
|          |                                |                             | The resource pragma (bind_storage) on top-level function argument, in 'call' is unsupported, please use INTERFACE pragma instead |
| RESOURCE | variable=dmem core=RAM_1P_BRAM | riscv32i.cc:18 in cpu, dmem | 'Resource pragma' is deprecated, use 'bind_op/bind_storage pragma' instead                                                       |
|          |                                |                             | The resource pragma (bind_storage) on top-level function argument, in 'call' is unsupported, please use INTERFACE pragma instead |
+----------+--------------------------------+-----------------------------+----------------------------------------------------------------------------------------------------------------------------------+

* Inferred Pragmas
+-----------------+---------------------------------------+-----------------------------------------+-------------------------+
| Type            | Options                               | Location                                | Inferred From           |
+-----------------+---------------------------------------+-----------------------------------------+-------------------------+
| ARRAY_PARTITION | dim=1 type=complete variable=reg_file | variable reg_file in cpu riscv32i.cc:20 | pipeline riscv32i.cc:32 |
+-----------------+---------------------------------------+-----------------------------------------+-------------------------+

* Valid Pragma Syntax
+-----------+--------------------+------------------------------+
| Type      | Options            | Location                     |
+-----------+--------------------+------------------------------+
| INTERFACE | ap_none port=pstrb | riscv32i.cc:16 in cpu, pstrb |
| PIPELINE  | ii=1               | riscv32i.cc:32 in cpu        |
+-----------+--------------------+------------------------------+


