

================================================================
== Vitis HLS Report for 'emit_prob_stream'
================================================================
* Date:           Sat Mar 14 14:59:14 2026

* Version:        2025.1 (Build 6135595 on May 21 2025)
* Project:        Prometheus_streaming_w4
* Solution:       hls (Vivado IP Flow Target)
* Product family: zynq
* Target device:  xc7z020-clg400-1


================================================================
== Performance Estimates
================================================================
+ Timing: 
    * Summary: 
    +--------+----------+----------+------------+
    |  Clock |  Target  | Estimated| Uncertainty|
    +--------+----------+----------+------------+
    |ap_clk  |  11.80 ns|  8.510 ns|     3.19 ns|
    +--------+----------+----------+------------+

+ Latency: 
    * Summary: 
    +---------+---------+-----------+----------+-----+-----+---------+
    |  Latency (cycles) |  Latency (absolute)  |  Interval | Pipeline|
    |   min   |   max   |    min    |    max   | min | max |   Type  |
    +---------+---------+-----------+----------+-----+-----+---------+
    |        6|       69|  70.800 ns|  0.814 us|    6|   69|       no|
    +---------+---------+-----------+----------+-----+-----+---------+

    + Detail: 
        * Instance: 
        +----------------------------------------------------+------------------------------------------+---------+---------+-----------+----------+-----+-----+------------------------------------------------+
        |                                                    |                                          |  Latency (cycles) |  Latency (absolute)  |  Interval |                    Pipeline                    |
        |                      Instance                      |                  Module                  |   min   |   max   |    min    |    max   | min | max |                      Type                      |
        +----------------------------------------------------+------------------------------------------+---------+---------+-----------+----------+-----+-----+------------------------------------------------+
        |grp_emit_prob_stream_Pipeline_prob_emit_loop_fu_64  |emit_prob_stream_Pipeline_prob_emit_loop  |        5|       68|  59.000 ns|  0.802 us|    2|   65|  loop auto-rewind stp (delay=0 clock cycles(s))|
        +----------------------------------------------------+------------------------------------------+---------+---------+-----------+----------+-----+-----+------------------------------------------------+

        * Loop: 
        N/A



================================================================
== Utilization Estimates
================================================================
* Summary: 
+-----------------+---------+-----+--------+-------+-----+
|       Name      | BRAM_18K| DSP |   FF   |  LUT  | URAM|
+-----------------+---------+-----+--------+-------+-----+
|DSP              |        -|    -|       -|      -|    -|
|Expression       |        -|    -|       0|     16|    -|
|FIFO             |        -|    -|       -|      -|    -|
|Instance         |        -|   16|     561|    478|    -|
|Memory           |        -|    -|       -|      -|    -|
|Multiplexer      |        -|    -|       0|     23|    -|
|Register         |        -|    -|      51|      -|    -|
+-----------------+---------+-----+--------+-------+-----+
|Total            |        0|   16|     612|    517|    0|
+-----------------+---------+-----+--------+-------+-----+
|Available        |      280|  220|  106400|  53200|    0|
+-----------------+---------+-----+--------+-------+-----+
|Utilization (%)  |        0|    7|      ~0|     ~0|    0|
+-----------------+---------+-----+--------+-------+-----+

+ Detail: 
    * Instance: 
    +----------------------------------------------------+------------------------------------------+---------+----+-----+-----+-----+
    |                      Instance                      |                  Module                  | BRAM_18K| DSP|  FF | LUT | URAM|
    +----------------------------------------------------+------------------------------------------+---------+----+-----+-----+-----+
    |grp_emit_prob_stream_Pipeline_prob_emit_loop_fu_64  |emit_prob_stream_Pipeline_prob_emit_loop  |        0|  16|  561|  478|    0|
    +----------------------------------------------------+------------------------------------------+---------+----+-----+-----+-----+
    |Total                                               |                                          |        0|  16|  561|  478|    0|
    +----------------------------------------------------+------------------------------------------+---------+----+-----+-----+-----+

    * DSP: 
    N/A

    * Memory: 
    N/A

    * FIFO: 
    N/A

    * Expression: 
    +--------------------+----------+----+---+----+------------+------------+
    |    Variable Name   | Operation| DSP| FF| LUT| Bitwidth P0| Bitwidth P1|
    +--------------------+----------+----+---+----+------------+------------+
    |add_ln169_fu_83_p2  |         +|   0|  0|  14|           9|           2|
    |ap_block_state1     |        or|   0|  0|   2|           1|           1|
    +--------------------+----------+----+---+----+------------+------------+
    |Total               |          |   0|  0|  16|          10|           3|
    +--------------------+----------+----+---+----+------------+------------+

    * Multiplexer: 
    +-----------+----+-----------+-----+-----------+
    |    Name   | LUT| Input Size| Bits| Total Bits|
    +-----------+----+-----------+-----+-----------+
    |ap_NS_fsm  |  14|          3|    1|          3|
    |ap_done    |   9|          2|    1|          2|
    +-----------+----+-----------+-----+-----------+
    |Total      |  23|          5|    2|          5|
    +-----------+----+-----------+-----+-----------+

    * Register: 
    +-----------------------------------------------------------------+----+----+-----+-----------+
    |                               Name                              | FF | LUT| Bits| Const Bits|
    +-----------------------------------------------------------------+----+----+-----+-----------+
    |ap_CS_fsm                                                        |   2|   0|    2|          0|
    |ap_done_reg                                                      |   1|   0|    1|          0|
    |grp_emit_prob_stream_Pipeline_prob_emit_loop_fu_64_ap_start_reg  |   1|   0|    1|          0|
    |inv_sum_q30_read_reg_100                                         |  31|   0|   31|          0|
    |n_read_reg_105                                                   |   9|   0|    9|          0|
    |trunc_ln_reg_110                                                 |   7|   0|    7|          0|
    +-----------------------------------------------------------------+----+----+-----+-----------+
    |Total                                                            |  51|   0|   51|          0|
    +-----------------------------------------------------------------+----+----+-----+-----------+



================================================================
== Interface
================================================================
* Summary: 
+----------------------------+-----+-----+------------+------------------+--------------+
|          RTL Ports         | Dir | Bits|  Protocol  |   Source Object  |    C Type    |
+----------------------------+-----+-----+------------+------------------+--------------+
|ap_clk                      |   in|    1|  ap_ctrl_hs|  emit_prob_stream|  return value|
|ap_rst                      |   in|    1|  ap_ctrl_hs|  emit_prob_stream|  return value|
|ap_start                    |   in|    1|  ap_ctrl_hs|  emit_prob_stream|  return value|
|ap_done                     |  out|    1|  ap_ctrl_hs|  emit_prob_stream|  return value|
|ap_continue                 |   in|    1|  ap_ctrl_hs|  emit_prob_stream|  return value|
|ap_idle                     |  out|    1|  ap_ctrl_hs|  emit_prob_stream|  return value|
|ap_ready                    |  out|    1|  ap_ctrl_hs|  emit_prob_stream|  return value|
|exp_buf_0_address0          |  out|    6|   ap_stable|         exp_buf_0|         array|
|exp_buf_0_ce0               |  out|    1|   ap_stable|         exp_buf_0|         array|
|exp_buf_0_q0                |   in|   32|   ap_stable|         exp_buf_0|         array|
|exp_buf_1_address0          |  out|    6|   ap_stable|         exp_buf_1|         array|
|exp_buf_1_ce0               |  out|    1|   ap_stable|         exp_buf_1|         array|
|exp_buf_1_q0                |   in|   32|   ap_stable|         exp_buf_1|         array|
|exp_buf_2_address0          |  out|    6|   ap_stable|         exp_buf_2|         array|
|exp_buf_2_ce0               |  out|    1|   ap_stable|         exp_buf_2|         array|
|exp_buf_2_q0                |   in|   32|   ap_stable|         exp_buf_2|         array|
|exp_buf_3_address0          |  out|    6|   ap_stable|         exp_buf_3|         array|
|exp_buf_3_ce0               |  out|    1|   ap_stable|         exp_buf_3|         array|
|exp_buf_3_q0                |   in|   32|   ap_stable|         exp_buf_3|         array|
|n                           |   in|    9|   ap_stable|                 n|        scalar|
|inv_sum_q30                 |   in|   31|   ap_stable|       inv_sum_q30|        scalar|
|prob_stream_din             |  out|  132|     ap_fifo|       prob_stream|       pointer|
|prob_stream_full_n          |   in|    1|     ap_fifo|       prob_stream|       pointer|
|prob_stream_write           |  out|    1|     ap_fifo|       prob_stream|       pointer|
|prob_stream_num_data_valid  |   in|   32|     ap_fifo|       prob_stream|       pointer|
|prob_stream_fifo_cap        |   in|   32|     ap_fifo|       prob_stream|       pointer|
+----------------------------+-----+-----+------------+------------------+--------------+

