

================================================================
== Vitis HLS Report for 'emit_prob_stream_Pipeline_prob_emit_loop'
================================================================
* Date:           Sat Mar 14 14:59:14 2026

* Version:        2025.1 (Build 6135595 on May 21 2025)
* Project:        Prometheus_streaming_w4
* Solution:       hls (Vivado IP Flow Target)
* Product family: zynq
* Target device:  xc7z020-clg400-1


================================================================
== Performance Estimates
================================================================
+ Timing: 
    * Summary: 
    +--------+----------+----------+------------+
    |  Clock |  Target  | Estimated| Uncertainty|
    +--------+----------+----------+------------+
    |ap_clk  |  11.80 ns|  8.510 ns|     3.19 ns|
    +--------+----------+----------+------------+

+ Latency: 
    * Summary: 
    +---------+---------+-----------+----------+-----+-----+------------------------------------------------+
    |  Latency (cycles) |  Latency (absolute)  |  Interval |                    Pipeline                    |
    |   min   |   max   |    min    |    max   | min | max |                      Type                      |
    +---------+---------+-----------+----------+-----+-----+------------------------------------------------+
    |        5|       68|  59.000 ns|  0.802 us|    2|   65|  loop auto-rewind stp (delay=0 clock cycles(s))|
    +---------+---------+-----------+----------+-----+-----+------------------------------------------------+

    + Detail: 
        * Instance: 
        N/A

        * Loop: 
        +------------------+---------+---------+----------+-----------+-----------+--------+----------+
        |                  |  Latency (cycles) | Iteration|  Initiation Interval  |  Trip  |          |
        |     Loop Name    |   min   |   max   |  Latency |  achieved |   target  |  Count | Pipelined|
        +------------------+---------+---------+----------+-----------+-----------+--------+----------+
        |- prob_emit_loop  |        3|       66|         4|          1|          1|  1 ~ 64|       yes|
        +------------------+---------+---------+----------+-----------+-----------+--------+----------+



================================================================
== Utilization Estimates
================================================================
* Summary: 
+-----------------+---------+-----+--------+-------+-----+
|       Name      | BRAM_18K| DSP |   FF   |  LUT  | URAM|
+-----------------+---------+-----+--------+-------+-----+
|DSP              |        -|    -|       -|      -|    -|
|Expression       |        -|    -|       0|    225|    -|
|FIFO             |        -|    -|       -|      -|    -|
|Instance         |        -|   16|       0|     80|    -|
|Memory           |        -|    -|       -|      -|    -|
|Multiplexer      |        -|    -|       0|     45|    -|
|Register         |        -|    -|     561|    128|    -|
+-----------------+---------+-----+--------+-------+-----+
|Total            |        0|   16|     561|    478|    0|
+-----------------+---------+-----+--------+-------+-----+
|Available        |      280|  220|  106400|  53200|    0|
+-----------------+---------+-----+--------+-------+-----+
|Utilization (%)  |        0|    7|      ~0|     ~0|    0|
+-----------------+---------+-----+--------+-------+-----+

+ Detail: 
    * Instance: 
    +--------------------------+----------------------+---------+----+---+----+-----+
    |         Instance         |        Module        | BRAM_18K| DSP| FF| LUT| URAM|
    +--------------------------+----------------------+---------+----+---+----+-----+
    |mul_32ns_31ns_62_1_1_U80  |mul_32ns_31ns_62_1_1  |        0|   4|  0|  20|    0|
    |mul_32ns_31ns_62_1_1_U81  |mul_32ns_31ns_62_1_1  |        0|   4|  0|  20|    0|
    |mul_32ns_31ns_62_1_1_U82  |mul_32ns_31ns_62_1_1  |        0|   4|  0|  20|    0|
    |mul_32ns_31ns_62_1_1_U83  |mul_32ns_31ns_62_1_1  |        0|   4|  0|  20|    0|
    +--------------------------+----------------------+---------+----+---+----+-----+
    |Total                     |                      |        0|  16|  0|  80|    0|
    +--------------------------+----------------------+---------+----+---+----+-----+

    * DSP: 
    N/A

    * Memory: 
    N/A

    * FIFO: 
    N/A

    * Expression: 
    +--------------------------------+----------+----+---+----+------------+------------+
    |          Variable Name         | Operation| DSP| FF| LUT| Bitwidth P0| Bitwidth P1|
    +--------------------------------+----------+----+---+----+------------+------------+
    |add_ln342_fu_209_p2             |         +|   0|  0|  14|           7|           1|
    |ap_block_pp0_stage0_01001_grp1  |       and|   0|  0|   2|           1|           1|
    |icmp_ln342_fu_203_p2            |      icmp|   0|  0|  14|           7|           7|
    |icmp_ln357_fu_257_p2            |      icmp|   0|  0|  14|           9|           9|
    |icmp_ln362_fu_275_p2            |      icmp|   0|  0|  14|           9|           9|
    |icmp_ln367_fu_293_p2            |      icmp|   0|  0|  14|           9|           9|
    |pkt_keep_fu_239_p2              |      icmp|   0|  0|  14|           9|           9|
    |pkt_keep_2_fu_407_p3            |    select|   0|  0|   3|           1|           3|
    |pkt_keep_3_fu_434_p3            |    select|   0|  0|   4|           1|           4|
    |pkt_keep_4_fu_382_p3            |    select|   0|  0|   2|           1|           2|
    |pkt_v0_1_fu_360_p3              |    select|   0|  0|  32|           1|          32|
    |pkt_v1_1_fu_376_p3              |    select|   0|  0|  32|           1|          32|
    |pkt_v2_1_fu_401_p3              |    select|   0|  0|  32|           1|          32|
    |pkt_v3_1_fu_428_p3              |    select|   0|  0|  32|           1|          32|
    |ap_enable_pp0                   |       xor|   0|  0|   2|           1|           2|
    +--------------------------------+----------+----+---+----+------------+------------+
    |Total                           |          |   0|  0| 225|          59|         184|
    +--------------------------------+----------+----+---+----+------------+------------+

    * Multiplexer: 
    +-------------------------+----+-----------+-----+-----------+
    |           Name          | LUT| Input Size| Bits| Total Bits|
    +-------------------------+----+-----------+-----+-----------+
    |ap_done_int              |   9|          2|    1|          2|
    |ap_enable_reg_pp0_iter1  |   9|          2|    1|          2|
    |ap_sig_allocacmp_blk_3   |   9|          2|    7|         14|
    |blk_fu_94                |   9|          2|    7|         14|
    |prob_stream_blk_n        |   9|          2|    1|          2|
    +-------------------------+----+-----------+-----+-----------+
    |Total                    |  45|         10|   17|         34|
    +-------------------------+----+-----------+-----+-----------+

    * Register: 
    +----------------------------------+----+----+-----+-----------+
    |               Name               | FF | LUT| Bits| Const Bits|
    +----------------------------------+----+----+-----+-----------+
    |ap_CS_fsm                         |   1|   0|    1|          0|
    |ap_done_reg                       |   1|   0|    1|          0|
    |ap_enable_reg_pp0_iter1           |   1|   0|    1|          0|
    |ap_enable_reg_pp0_iter2           |   1|   0|    1|          0|
    |ap_enable_reg_pp0_iter3           |   1|   0|    1|          0|
    |ap_loop_exit_ready_pp0_iter1_reg  |   1|   0|    1|          0|
    |ap_loop_exit_ready_pp0_iter2_reg  |   1|   0|    1|          0|
    |blk_fu_94                         |   7|   0|    7|          0|
    |exp_buf_0_load_reg_520            |  32|   0|   32|          0|
    |exp_buf_1_load_reg_525            |  32|   0|   32|          0|
    |exp_buf_2_load_reg_530            |  32|   0|   32|          0|
    |exp_buf_3_load_reg_535            |  32|   0|   32|          0|
    |icmp_ln357_reg_487                |   1|   0|    1|          0|
    |icmp_ln362_reg_498                |   1|   0|    1|          0|
    |icmp_ln367_reg_509                |   1|   0|    1|          0|
    |pkt_keep_reg_475                  |   1|   0|    1|          0|
    |pkt_v0_reg_540                    |  32|   0|   32|          0|
    |pkt_v1_reg_545                    |  32|   0|   32|          0|
    |pkt_v2_reg_550                    |  32|   0|   32|          0|
    |pkt_v3_reg_555                    |  32|   0|   32|          0|
    |zext_ln342_cast_reg_463           |  31|   0|   62|         31|
    |icmp_ln357_reg_487                |  64|  32|    1|          0|
    |icmp_ln362_reg_498                |  64|  32|    1|          0|
    |icmp_ln367_reg_509                |  64|  32|    1|          0|
    |pkt_keep_reg_475                  |  64|  32|    1|          0|
    +----------------------------------+----+----+-----+-----------+
    |Total                             | 561| 128|  340|         31|
    +----------------------------------+----+----+-----+-----------+



================================================================
== Interface
================================================================
* Summary: 
+----------------------------+-----+-----+------------+------------------------------------------+--------------+
|          RTL Ports         | Dir | Bits|  Protocol  |               Source Object              |    C Type    |
+----------------------------+-----+-----+------------+------------------------------------------+--------------+
|ap_clk                      |   in|    1|  ap_ctrl_hs|  emit_prob_stream_Pipeline_prob_emit_loop|  return value|
|ap_rst                      |   in|    1|  ap_ctrl_hs|  emit_prob_stream_Pipeline_prob_emit_loop|  return value|
|ap_start                    |   in|    1|  ap_ctrl_hs|  emit_prob_stream_Pipeline_prob_emit_loop|  return value|
|ap_done                     |  out|    1|  ap_ctrl_hs|  emit_prob_stream_Pipeline_prob_emit_loop|  return value|
|ap_idle                     |  out|    1|  ap_ctrl_hs|  emit_prob_stream_Pipeline_prob_emit_loop|  return value|
|ap_ready                    |  out|    1|  ap_ctrl_hs|  emit_prob_stream_Pipeline_prob_emit_loop|  return value|
|prob_stream_din             |  out|  132|     ap_fifo|                               prob_stream|       pointer|
|prob_stream_full_n          |   in|    1|     ap_fifo|                               prob_stream|       pointer|
|prob_stream_write           |  out|    1|     ap_fifo|                               prob_stream|       pointer|
|prob_stream_num_data_valid  |   in|   32|     ap_fifo|                               prob_stream|       pointer|
|prob_stream_fifo_cap        |   in|   32|     ap_fifo|                               prob_stream|       pointer|
|trunc_ln                    |   in|    7|   ap_stable|                                  trunc_ln|        scalar|
|n                           |   in|    9|   ap_stable|                                         n|        scalar|
|exp_buf_0_address0          |  out|    6|   ap_stable|                                 exp_buf_0|         array|
|exp_buf_0_ce0               |  out|    1|   ap_stable|                                 exp_buf_0|         array|
|exp_buf_0_q0                |   in|   32|   ap_stable|                                 exp_buf_0|         array|
|zext_ln342                  |   in|   31|   ap_stable|                                zext_ln342|        scalar|
|exp_buf_1_address0          |  out|    6|   ap_stable|                                 exp_buf_1|         array|
|exp_buf_1_ce0               |  out|    1|   ap_stable|                                 exp_buf_1|         array|
|exp_buf_1_q0                |   in|   32|   ap_stable|                                 exp_buf_1|         array|
|exp_buf_2_address0          |  out|    6|   ap_stable|                                 exp_buf_2|         array|
|exp_buf_2_ce0               |  out|    1|   ap_stable|                                 exp_buf_2|         array|
|exp_buf_2_q0                |   in|   32|   ap_stable|                                 exp_buf_2|         array|
|exp_buf_3_address0          |  out|    6|   ap_stable|                                 exp_buf_3|         array|
|exp_buf_3_ce0               |  out|    1|   ap_stable|                                 exp_buf_3|         array|
|exp_buf_3_q0                |   in|   32|   ap_stable|                                 exp_buf_3|         array|
+----------------------------+-----+-----+------------+------------------------------------------+--------------+

