

================================================================
== Vitis HLS Report for 'emit_exp_stream_Pipeline_exp_emit_loop'
================================================================
* Date:           Sat Mar 14 14:59:14 2026

* Version:        2025.1 (Build 6135595 on May 21 2025)
* Project:        Prometheus_streaming_w4
* Solution:       hls (Vivado IP Flow Target)
* Product family: zynq
* Target device:  xc7z020-clg400-1


================================================================
== Performance Estimates
================================================================
+ Timing: 
    * Summary: 
    +--------+----------+----------+------------+
    |  Clock |  Target  | Estimated| Uncertainty|
    +--------+----------+----------+------------+
    |ap_clk  |  11.80 ns|  8.206 ns|     3.19 ns|
    +--------+----------+----------+------------+

+ Latency: 
    * Summary: 
    +---------+---------+----------+----------+-----+-----+------------------------------------------------+
    |  Latency (cycles) |  Latency (absolute) |  Interval |                    Pipeline                    |
    |   min   |   max   |    min   |    max   | min | max |                      Type                      |
    +---------+---------+----------+----------+-----+-----+------------------------------------------------+
    |        9|       72|  0.106 us|  0.850 us|    2|   65|  loop auto-rewind stp (delay=0 clock cycles(s))|
    +---------+---------+----------+----------+-----+-----+------------------------------------------------+

    + Detail: 
        * Instance: 
        N/A

        * Loop: 
        +-----------------+---------+---------+----------+-----------+-----------+--------+----------+
        |                 |  Latency (cycles) | Iteration|  Initiation Interval  |  Trip  |          |
        |    Loop Name    |   min   |   max   |  Latency |  achieved |   target  |  Count | Pipelined|
        +-----------------+---------+---------+----------+-----------+-----------+--------+----------+
        |- exp_emit_loop  |        7|       70|         8|          1|          1|  1 ~ 64|       yes|
        +-----------------+---------+---------+----------+-----------+-----------+--------+----------+



================================================================
== Utilization Estimates
================================================================
* Summary: 
+-----------------+---------+-----+--------+-------+-----+
|       Name      | BRAM_18K| DSP |   FF   |  LUT  | URAM|
+-----------------+---------+-----+--------+-------+-----+
|DSP              |        -|    -|       -|      -|    -|
|Expression       |        -|    -|       0|   3065|    -|
|FIFO             |        -|    -|       -|      -|    -|
|Instance         |        -|    4|       0|    580|    -|
|Memory           |        -|    -|       -|      -|    -|
|Multiplexer      |        -|    -|       0|     45|    -|
|Register         |        -|    -|    1954|    128|    -|
+-----------------+---------+-----+--------+-------+-----+
|Total            |        0|    4|    1954|   3818|    0|
+-----------------+---------+-----+--------+-------+-----+
|Available        |      280|  220|  106400|  53200|    0|
+-----------------+---------+-----+--------+-------+-----+
|Utilization (%)  |        0|    1|       1|      7|    0|
+-----------------+---------+-----+--------+-------+-----+

+ Detail: 
    * Instance: 
    +---------------------------+-----------------------+---------+----+---+----+-----+
    |          Instance         |         Module        | BRAM_18K| DSP| FF| LUT| URAM|
    +---------------------------+-----------------------+---------+----+---+----+-----+
    |mul_12ns_18s_30_1_1_U23    |mul_12ns_18s_30_1_1    |        0|   1|  0|   6|    0|
    |mul_12ns_18s_30_1_1_U25    |mul_12ns_18s_30_1_1    |        0|   1|  0|   6|    0|
    |mul_12ns_18s_30_1_1_U27    |mul_12ns_18s_30_1_1    |        0|   1|  0|   6|    0|
    |mul_12ns_18s_30_1_1_U29    |mul_12ns_18s_30_1_1    |        0|   1|  0|   6|    0|
    |sparsemux_33_4_17_1_1_U18  |sparsemux_33_4_17_1_1  |        0|   0|  0|  65|    0|
    |sparsemux_33_4_17_1_1_U19  |sparsemux_33_4_17_1_1  |        0|   0|  0|  65|    0|
    |sparsemux_33_4_17_1_1_U20  |sparsemux_33_4_17_1_1  |        0|   0|  0|  65|    0|
    |sparsemux_33_4_17_1_1_U21  |sparsemux_33_4_17_1_1  |        0|   0|  0|  65|    0|
    |sparsemux_33_4_18_1_1_U22  |sparsemux_33_4_18_1_1  |        0|   0|  0|  65|    0|
    |sparsemux_33_4_18_1_1_U24  |sparsemux_33_4_18_1_1  |        0|   0|  0|  65|    0|
    |sparsemux_33_4_18_1_1_U26  |sparsemux_33_4_18_1_1  |        0|   0|  0|  65|    0|
    |sparsemux_33_4_18_1_1_U28  |sparsemux_33_4_18_1_1  |        0|   0|  0|  65|    0|
    |sparsemux_7_2_32_1_1_U30   |sparsemux_7_2_32_1_1   |        0|   0|  0|   9|    0|
    |sparsemux_7_2_32_1_1_U31   |sparsemux_7_2_32_1_1   |        0|   0|  0|   9|    0|
    |sparsemux_7_2_32_1_1_U32   |sparsemux_7_2_32_1_1   |        0|   0|  0|   9|    0|
    |sparsemux_7_2_32_1_1_U33   |sparsemux_7_2_32_1_1   |        0|   0|  0|   9|    0|
    +---------------------------+-----------------------+---------+----+---+----+-----+
    |Total                      |                       |        0|   4|  0| 580|    0|
    +---------------------------+-----------------------+---------+----+---+----+-----+

    * DSP: 
    N/A

    * Memory: 
    N/A

    * FIFO: 
    N/A

    * Expression: 
    +--------------------------------+----------+----+---+-----+------------+------------+
    |          Variable Name         | Operation| DSP| FF| LUT | Bitwidth P0| Bitwidth P1|
    +--------------------------------+----------+----+---+-----+------------+------------+
    |add_ln256_fu_353_p2             |         +|   0|  0|   14|           7|           1|
    |add_ln64_10_fu_1169_p2          |         +|   0|  0|   50|          50|          50|
    |add_ln64_12_fu_818_p2           |         +|   0|  0|   50|          50|          50|
    |add_ln64_13_fu_834_p2           |         +|   0|  0|   50|          50|          50|
    |add_ln64_14_fu_1328_p2          |         +|   0|  0|   50|          50|          50|
    |add_ln64_1_fu_735_p2            |         +|   0|  0|   50|          50|          50|
    |add_ln64_2_fu_851_p2            |         +|   0|  0|   50|          50|          50|
    |add_ln64_4_fu_752_p2            |         +|   0|  0|   50|          50|          50|
    |add_ln64_5_fu_768_p2            |         +|   0|  0|   50|          50|          50|
    |add_ln64_6_fu_1010_p2           |         +|   0|  0|   50|          50|          50|
    |add_ln64_8_fu_785_p2            |         +|   0|  0|   50|          50|          50|
    |add_ln64_9_fu_801_p2            |         +|   0|  0|   50|          50|          50|
    |add_ln64_fu_719_p2              |         +|   0|  0|   50|          50|          50|
    |t64_1_fu_1026_p2                |         +|   0|  0|   50|          50|          50|
    |t64_2_fu_1185_p2                |         +|   0|  0|   50|          50|          50|
    |t64_3_fu_1344_p2                |         +|   0|  0|   50|          50|          50|
    |t64_fu_867_p2                   |         +|   0|  0|   50|          50|          50|
    |y_frac_1_fu_2019_p2             |         +|   0|  0|   26|          19|          19|
    |y_frac_2_fu_2141_p2             |         +|   0|  0|   26|          19|          19|
    |y_frac_3_fu_2263_p2             |         +|   0|  0|   26|          19|          19|
    |y_frac_fu_1894_p2               |         +|   0|  0|   26|          19|          19|
    |dy_1_fu_1653_p2                 |         -|   0|  0|   25|          18|          18|
    |dy_2_fu_1756_p2                 |         -|   0|  0|   25|          18|          18|
    |dy_3_fu_1859_p2                 |         -|   0|  0|   25|          18|          18|
    |dy_fu_1550_p2                   |         -|   0|  0|   25|          18|          18|
    |sh_11_fu_2307_p2                |         -|   0|  0|   24|           1|          17|
    |sh_2_fu_1938_p2                 |         -|   0|  0|   24|           1|          17|
    |sh_5_fu_2063_p2                 |         -|   0|  0|   24|           1|          17|
    |sh_8_fu_2185_p2                 |         -|   0|  0|   24|           1|          17|
    |sub_ln64_1_fu_522_p2            |         -|   0|  0|   50|          50|          50|
    |sub_ln64_2_fu_564_p2            |         -|   0|  0|   50|          50|          50|
    |sub_ln64_3_fu_582_p2            |         -|   0|  0|   50|          50|          50|
    |sub_ln64_4_fu_624_p2            |         -|   0|  0|   50|          50|          50|
    |sub_ln64_5_fu_642_p2            |         -|   0|  0|   50|          50|          50|
    |sub_ln64_6_fu_684_p2            |         -|   0|  0|   50|          50|          50|
    |sub_ln64_7_fu_702_p2            |         -|   0|  0|   50|          50|          50|
    |sub_ln64_fu_504_p2              |         -|   0|  0|   50|          50|          50|
    |x_q16_2_fu_453_p2               |         -|   0|  0|   39|          32|          32|
    |x_q16_4_fu_458_p2               |         -|   0|  0|   39|          32|          32|
    |x_q16_6_fu_463_p2               |         -|   0|  0|   39|          32|          32|
    |x_q16_fu_448_p2                 |         -|   0|  0|   39|          32|          32|
    |and_ln81_fu_1954_p2             |       and|   0|  0|    2|           1|           1|
    |and_ln87_1_fu_1980_p2           |       and|   0|  0|    2|           1|           1|
    |and_ln87_2_fu_2095_p2           |       and|   0|  0|    2|           1|           1|
    |and_ln87_3_fu_2217_p2           |       and|   0|  0|    2|           1|           1|
    |and_ln87_4_fu_2339_p2           |       and|   0|  0|    2|           1|           1|
    |and_ln87_fu_1975_p2             |       and|   0|  0|    2|           1|           1|
    |ap_block_pp0_stage0_01001_grp1  |       and|   0|  0|    2|           1|           1|
    |icmp_ln256_fu_347_p2            |      icmp|   0|  0|   14|           7|           7|
    |icmp_ln270_fu_401_p2            |      icmp|   0|  0|   14|           9|           9|
    |icmp_ln274_fu_419_p2            |      icmp|   0|  0|   14|           9|           9|
    |icmp_ln278_fu_437_p2            |      icmp|   0|  0|   14|           9|           9|
    |icmp_ln62_1_fu_528_p2           |      icmp|   0|  0|   39|          32|          21|
    |icmp_ln62_2_fu_588_p2           |      icmp|   0|  0|   39|          32|          21|
    |icmp_ln62_3_fu_648_p2           |      icmp|   0|  0|   39|          32|          21|
    |icmp_ln62_fu_468_p2             |      icmp|   0|  0|   39|          32|          21|
    |icmp_ln83_1_fu_1152_p2          |      icmp|   0|  0|   12|          12|           1|
    |icmp_ln83_2_fu_1311_p2          |      icmp|   0|  0|   12|          12|           1|
    |icmp_ln83_3_fu_1470_p2          |      icmp|   0|  0|   12|          12|           1|
    |icmp_ln83_fu_993_p2             |      icmp|   0|  0|   12|          12|           1|
    |icmp_ln87_1_fu_2083_p2          |      icmp|   0|  0|   12|          12|           1|
    |icmp_ln87_2_fu_2205_p2          |      icmp|   0|  0|   12|          12|           1|
    |icmp_ln87_3_fu_2327_p2          |      icmp|   0|  0|   12|          12|           1|
    |icmp_ln87_fu_1969_p2            |      icmp|   0|  0|   12|          12|           1|
    |pkt_keep_fu_383_p2              |      icmp|   0|  0|   14|           9|           9|
    |y_15_fu_1993_p4                 |      lshr|   0|  0|  100|          32|          32|
    |y_16_fu_2108_p6                 |      lshr|   0|  0|  100|          32|          32|
    |y_17_fu_2352_p6                 |      lshr|   0|  0|  100|          32|          32|
    |y_fu_2230_p6                    |      lshr|   0|  0|  100|          32|          32|
    |pkt_keep_2_fu_2408_p3           |    select|   0|  0|    3|           1|           3|
    |pkt_keep_3_fu_2429_p3           |    select|   0|  0|    4|           1|           4|
    |pkt_keep_8_fu_2389_p3           |    select|   0|  0|    2|           1|           2|
    |pkt_v1_2_fu_2128_p3             |    select|   0|  0|   32|           1|          32|
    |pkt_v2_2_fu_2250_p3             |    select|   0|  0|   32|           1|          32|
    |pkt_v3_2_fu_2372_p3             |    select|   0|  0|   32|           1|          32|
    |sh_10_fu_2287_p3                |    select|   0|  0|    4|           1|           2|
    |sh_1_fu_1918_p3                 |    select|   0|  0|    4|           1|           2|
    |sh_4_fu_2043_p3                 |    select|   0|  0|    4|           1|           2|
    |sh_7_fu_2165_p3                 |    select|   0|  0|    4|           1|           2|
    |x_q16_1_fu_473_p3               |    select|   0|  0|   32|           1|          21|
    |x_q16_3_fu_533_p3               |    select|   0|  0|   32|           1|          21|
    |x_q16_5_fu_593_p3               |    select|   0|  0|   32|           1|          21|
    |x_q16_7_fu_653_p3               |    select|   0|  0|   32|           1|          21|
    |y_15_fu_1993_p2                 |       shl|   0|  0|  100|          32|          32|
    |y_16_fu_2108_p2                 |       shl|   0|  0|  100|          32|          32|
    |y_17_fu_2352_p2                 |       shl|   0|  0|  100|          32|          32|
    |y_fu_2230_p2                    |       shl|   0|  0|  100|          32|          32|
    |ap_enable_pp0                   |       xor|   0|  0|    2|           1|           2|
    |xor_ln81_1_fu_2029_p2           |       xor|   0|  0|    2|           1|           2|
    |xor_ln81_2_fu_2151_p2           |       xor|   0|  0|    2|           1|           2|
    |xor_ln81_3_fu_2273_p2           |       xor|   0|  0|    2|           1|           2|
    |xor_ln81_fu_1904_p2             |       xor|   0|  0|    2|           1|           2|
    +--------------------------------+----------+----+---+-----+------------+------------+
    |Total                           |          |   0|  0| 3065|        2036|        2150|
    +--------------------------------+----------+----+---+-----+------------+------------+

    * Multiplexer: 
    +-------------------------+----+-----------+-----+-----------+
    |           Name          | LUT| Input Size| Bits| Total Bits|
    +-------------------------+----+-----------+-----+-----------+
    |ap_done_int              |   9|          2|    1|          2|
    |ap_enable_reg_pp0_iter1  |   9|          2|    1|          2|
    |ap_sig_allocacmp_blk_4   |   9|          2|    7|         14|
    |blk_fu_258               |   9|          2|    7|         14|
    |exp_stream_blk_n         |   9|          2|    1|          2|
    +-------------------------+----+-----------+-----+-----------+
    |Total                    |  45|         10|   17|         34|
    +-------------------------+----+-----------+-----+-----------+

    * Register: 
    +------------------------------------+----+----+-----+-----------+
    |                Name                | FF | LUT| Bits| Const Bits|
    +------------------------------------+----+----+-----+-----------+
    |add_ln64_13_reg_2603                |  44|   0|   50|          6|
    |add_ln64_1_reg_2588                 |  44|   0|   50|          6|
    |add_ln64_5_reg_2593                 |  44|   0|   50|          6|
    |add_ln64_9_reg_2598                 |  44|   0|   50|          6|
    |ap_CS_fsm                           |   1|   0|    1|          0|
    |ap_done_reg                         |   1|   0|    1|          0|
    |ap_enable_reg_pp0_iter1             |   1|   0|    1|          0|
    |ap_enable_reg_pp0_iter2             |   1|   0|    1|          0|
    |ap_enable_reg_pp0_iter3             |   1|   0|    1|          0|
    |ap_enable_reg_pp0_iter4             |   1|   0|    1|          0|
    |ap_enable_reg_pp0_iter5             |   1|   0|    1|          0|
    |ap_enable_reg_pp0_iter6             |   1|   0|    1|          0|
    |ap_enable_reg_pp0_iter7             |   1|   0|    1|          0|
    |ap_loop_exit_ready_pp0_iter1_reg    |   1|   0|    1|          0|
    |ap_loop_exit_ready_pp0_iter2_reg    |   1|   0|    1|          0|
    |ap_loop_exit_ready_pp0_iter3_reg    |   1|   0|    1|          0|
    |ap_loop_exit_ready_pp0_iter4_reg    |   1|   0|    1|          0|
    |ap_loop_exit_ready_pp0_iter5_reg    |   1|   0|    1|          0|
    |ap_loop_exit_ready_pp0_iter6_reg    |   1|   0|    1|          0|
    |blk_fu_258                          |   7|   0|    7|          0|
    |icmp_ln270_reg_2479                 |   1|   0|    1|          0|
    |icmp_ln274_reg_2490                 |   1|   0|    1|          0|
    |icmp_ln278_reg_2501                 |   1|   0|    1|          0|
    |icmp_ln83_1_reg_2677                |   1|   0|    1|          0|
    |icmp_ln83_1_reg_2677_pp0_iter5_reg  |   1|   0|    1|          0|
    |icmp_ln83_2_reg_2714                |   1|   0|    1|          0|
    |icmp_ln83_2_reg_2714_pp0_iter5_reg  |   1|   0|    1|          0|
    |icmp_ln83_3_reg_2751                |   1|   0|    1|          0|
    |icmp_ln83_3_reg_2751_pp0_iter5_reg  |   1|   0|    1|          0|
    |icmp_ln83_reg_2640                  |   1|   0|    1|          0|
    |icmp_ln83_reg_2640_pp0_iter5_reg    |   1|   0|    1|          0|
    |idx_1_reg_2660                      |   4|   0|    4|          0|
    |idx_2_reg_2697                      |   4|   0|    4|          0|
    |idx_3_reg_2734                      |   4|   0|    4|          0|
    |idx_reg_2623                        |   4|   0|    4|          0|
    |k_1_reg_2655                        |  16|   0|   16|          0|
    |k_1_reg_2655_pp0_iter5_reg          |  16|   0|   16|          0|
    |k_2_reg_2692                        |  16|   0|   16|          0|
    |k_2_reg_2692_pp0_iter5_reg          |  16|   0|   16|          0|
    |k_3_reg_2729                        |  16|   0|   16|          0|
    |k_3_reg_2729_pp0_iter5_reg          |  16|   0|   16|          0|
    |k_reg_2618                          |  16|   0|   16|          0|
    |k_reg_2618_pp0_iter5_reg            |  16|   0|   16|          0|
    |max_x_read_reg_2454                 |  32|   0|   32|          0|
    |pkt_keep_reg_2466                   |   1|   0|    1|          0|
    |pkt_v1_2_reg_2781                   |  32|   0|   32|          0|
    |pkt_v2_2_reg_2786                   |  32|   0|   32|          0|
    |pkt_v3_2_reg_2791                   |  32|   0|   32|          0|
    |rem_1_reg_2650                      |  12|   0|   12|          0|
    |rem_2_reg_2687                      |  12|   0|   12|          0|
    |rem_3_reg_2724                      |  12|   0|   12|          0|
    |rem_reg_2613                        |  12|   0|   12|          0|
    |sub_ln64_1_reg_2544                 |  38|   0|   50|         12|
    |sub_ln64_3_reg_2557                 |  38|   0|   50|         12|
    |sub_ln64_5_reg_2570                 |  38|   0|   50|         12|
    |sub_ln64_7_reg_2583                 |  38|   0|   50|         12|
    |t64_1_reg_2645                      |  48|   0|   50|          2|
    |t64_1_reg_2645_pp0_iter5_reg        |  48|   0|   50|          2|
    |t64_2_reg_2682                      |  48|   0|   50|          2|
    |t64_2_reg_2682_pp0_iter5_reg        |  48|   0|   50|          2|
    |t64_3_reg_2719                      |  48|   0|   50|          2|
    |t64_3_reg_2719_pp0_iter5_reg        |  48|   0|   50|          2|
    |t64_reg_2608                        |  48|   0|   50|          2|
    |t64_reg_2608_pp0_iter5_reg          |  48|   0|   50|          2|
    |tmp_100_reg_2708                    |   1|   0|    1|          0|
    |tmp_100_reg_2708_pp0_iter5_reg      |   1|   0|    1|          0|
    |tmp_110_reg_2745                    |   1|   0|    1|          0|
    |tmp_110_reg_2745_pp0_iter5_reg      |   1|   0|    1|          0|
    |tmp_80_reg_2634                     |   1|   0|    1|          0|
    |tmp_80_reg_2634_pp0_iter5_reg       |   1|   0|    1|          0|
    |tmp_90_reg_2671                     |   1|   0|    1|          0|
    |tmp_90_reg_2671_pp0_iter5_reg       |   1|   0|    1|          0|
    |trunc_ln1_reg_2756                  |  18|   0|   18|          0|
    |trunc_ln78_1_reg_2761               |  18|   0|   18|          0|
    |trunc_ln78_2_reg_2766               |  18|   0|   18|          0|
    |trunc_ln78_3_reg_2771               |  18|   0|   18|          0|
    |x_q16_1_reg_2536                    |  32|   0|   32|          0|
    |x_q16_1_reg_2536_pp0_iter3_reg      |  32|   0|   32|          0|
    |x_q16_2_reg_2518                    |  32|   0|   32|          0|
    |x_q16_3_reg_2549                    |  32|   0|   32|          0|
    |x_q16_3_reg_2549_pp0_iter3_reg      |  32|   0|   32|          0|
    |x_q16_4_reg_2524                    |  32|   0|   32|          0|
    |x_q16_5_reg_2562                    |  32|   0|   32|          0|
    |x_q16_5_reg_2562_pp0_iter3_reg      |  32|   0|   32|          0|
    |x_q16_6_reg_2530                    |  32|   0|   32|          0|
    |x_q16_7_reg_2575                    |  32|   0|   32|          0|
    |x_q16_7_reg_2575_pp0_iter3_reg      |  32|   0|   32|          0|
    |x_q16_reg_2512                      |  32|   0|   32|          0|
    |y0_1_reg_2665                       |  17|   0|   17|          0|
    |y0_1_reg_2665_pp0_iter5_reg         |  17|   0|   17|          0|
    |y0_2_reg_2702                       |  17|   0|   17|          0|
    |y0_2_reg_2702_pp0_iter5_reg         |  17|   0|   17|          0|
    |y0_3_reg_2739                       |  17|   0|   17|          0|
    |y0_3_reg_2739_pp0_iter5_reg         |  17|   0|   17|          0|
    |y0_reg_2628                         |  17|   0|   17|          0|
    |y0_reg_2628_pp0_iter5_reg           |  17|   0|   17|          0|
    |y_15_reg_2776                       |  32|   0|   32|          0|
    |icmp_ln270_reg_2479                 |  64|  32|    1|          0|
    |icmp_ln274_reg_2490                 |  64|  32|    1|          0|
    |icmp_ln278_reg_2501                 |  64|  32|    1|          0|
    |pkt_keep_reg_2466                   |  64|  32|    1|          0|
    +------------------------------------+----+----+-----+-----------+
    |Total                               |1954| 128| 1790|         88|
    +------------------------------------+----+----+-----+-----------+



================================================================
== Interface
================================================================
* Summary: 
+---------------------------+-----+-----+------------+----------------------------------------+--------------+
|         RTL Ports         | Dir | Bits|  Protocol  |              Source Object             |    C Type    |
+---------------------------+-----+-----+------------+----------------------------------------+--------------+
|ap_clk                     |   in|    1|  ap_ctrl_hs|  emit_exp_stream_Pipeline_exp_emit_loop|  return value|
|ap_rst                     |   in|    1|  ap_ctrl_hs|  emit_exp_stream_Pipeline_exp_emit_loop|  return value|
|ap_start                   |   in|    1|  ap_ctrl_hs|  emit_exp_stream_Pipeline_exp_emit_loop|  return value|
|ap_done                    |  out|    1|  ap_ctrl_hs|  emit_exp_stream_Pipeline_exp_emit_loop|  return value|
|ap_idle                    |  out|    1|  ap_ctrl_hs|  emit_exp_stream_Pipeline_exp_emit_loop|  return value|
|ap_ready                   |  out|    1|  ap_ctrl_hs|  emit_exp_stream_Pipeline_exp_emit_loop|  return value|
|exp_stream_din             |  out|  132|     ap_fifo|                              exp_stream|       pointer|
|exp_stream_full_n          |   in|    1|     ap_fifo|                              exp_stream|       pointer|
|exp_stream_write           |  out|    1|     ap_fifo|                              exp_stream|       pointer|
|exp_stream_num_data_valid  |   in|   32|     ap_fifo|                              exp_stream|       pointer|
|exp_stream_fifo_cap        |   in|   32|     ap_fifo|                              exp_stream|       pointer|
|trunc_ln                   |   in|    7|   ap_stable|                                trunc_ln|        scalar|
|n                          |   in|    9|   ap_stable|                                       n|        scalar|
|logits_buf_0_address0      |  out|    6|   ap_stable|                            logits_buf_0|         array|
|logits_buf_0_ce0           |  out|    1|   ap_stable|                            logits_buf_0|         array|
|logits_buf_0_q0            |   in|   32|   ap_stable|                            logits_buf_0|         array|
|max_x                      |   in|   32|   ap_stable|                                   max_x|        scalar|
|logits_buf_1_address0      |  out|    6|   ap_stable|                            logits_buf_1|         array|
|logits_buf_1_ce0           |  out|    1|   ap_stable|                            logits_buf_1|         array|
|logits_buf_1_q0            |   in|   32|   ap_stable|                            logits_buf_1|         array|
|logits_buf_2_address0      |  out|    6|   ap_stable|                            logits_buf_2|         array|
|logits_buf_2_ce0           |  out|    1|   ap_stable|                            logits_buf_2|         array|
|logits_buf_2_q0            |   in|   32|   ap_stable|                            logits_buf_2|         array|
|logits_buf_3_address0      |  out|    6|   ap_stable|                            logits_buf_3|         array|
|logits_buf_3_ce0           |  out|    1|   ap_stable|                            logits_buf_3|         array|
|logits_buf_3_q0            |   in|   32|   ap_stable|                            logits_buf_3|         array|
+---------------------------+-----+-----+------------+----------------------------------------+--------------+

