

================================================================
== Vitis HLS Report for 'load_logits_and_find_max_Pipeline_load_loop'
================================================================
* Date:           Sat Mar 14 14:59:14 2026

* Version:        2025.1 (Build 6135595 on May 21 2025)
* Project:        Prometheus_streaming_w4
* Solution:       hls (Vivado IP Flow Target)
* Product family: zynq
* Target device:  xc7z020-clg400-1


================================================================
== Performance Estimates
================================================================
+ Timing: 
    * Summary: 
    +--------+----------+----------+------------+
    |  Clock |  Target  | Estimated| Uncertainty|
    +--------+----------+----------+------------+
    |ap_clk  |  11.80 ns|  8.614 ns|     3.19 ns|
    +--------+----------+----------+------------+

+ Latency: 
    * Summary: 
    +---------+---------+-----------+----------+-----+-----+------------------------------------------------+
    |  Latency (cycles) |  Latency (absolute)  |  Interval |                    Pipeline                    |
    |   min   |   max   |    min    |    max   | min | max |                      Type                      |
    +---------+---------+-----------+----------+-----+-----+------------------------------------------------+
    |        6|       69|  70.800 ns|  0.814 us|    2|   65|  loop auto-rewind stp (delay=0 clock cycles(s))|
    +---------+---------+-----------+----------+-----+-----+------------------------------------------------+

    + Detail: 
        * Instance: 
        N/A

        * Loop: 
        +-------------+---------+---------+----------+-----------+-----------+--------+----------+
        |             |  Latency (cycles) | Iteration|  Initiation Interval  |  Trip  |          |
        |  Loop Name  |   min   |   max   |  Latency |  achieved |   target  |  Count | Pipelined|
        +-------------+---------+---------+----------+-----------+-----------+--------+----------+
        |- load_loop  |        4|       67|         5|          1|          1|  1 ~ 64|       yes|
        +-------------+---------+---------+----------+-----------+-----------+--------+----------+



================================================================
== Utilization Estimates
================================================================
* Summary: 
+-----------------+---------+-----+--------+-------+-----+
|       Name      | BRAM_18K| DSP |   FF   |  LUT  | URAM|
+-----------------+---------+-----+--------+-------+-----+
|DSP              |        -|    -|       -|      -|    -|
|Expression       |        -|    -|       0|    524|    -|
|FIFO             |        -|    -|       -|      -|    -|
|Instance         |        -|    -|       -|      -|    -|
|Memory           |        -|    -|       -|      -|    -|
|Multiplexer      |        -|    -|       0|    186|    -|
|Register         |        -|    -|     937|    160|    -|
+-----------------+---------+-----+--------+-------+-----+
|Total            |        0|    0|     937|    870|    0|
+-----------------+---------+-----+--------+-------+-----+
|Available        |      280|  220|  106400|  53200|    0|
+-----------------+---------+-----+--------+-------+-----+
|Utilization (%)  |        0|    0|      ~0|      1|    0|
+-----------------+---------+-----+--------+-------+-----+

+ Detail: 
    * Instance: 
    N/A

    * DSP: 
    N/A

    * Memory: 
    N/A

    * FIFO: 
    N/A

    * Expression: 
    +----------------------------------+----------+----+---+----+------------+------------+
    |           Variable Name          | Operation| DSP| FF| LUT| Bitwidth P0| Bitwidth P1|
    +----------------------------------+----------+----+---+----+------------+------------+
    |add_ln204_fu_323_p2               |         +|   0|  0|  14|           7|           1|
    |ap_block_pp0_stage0_11001         |       and|   0|  0|   2|           1|           1|
    |ap_block_state2_pp0_stage0_iter1  |       and|   0|  0|   2|           1|           1|
    |ap_condition_251                  |       and|   0|  0|   2|           1|           1|
    |icmp_ln146_fu_560_p2              |      icmp|   0|  0|  39|          32|          32|
    |icmp_ln147_fu_574_p2              |      icmp|   0|  0|  39|          32|          32|
    |icmp_ln148_fu_588_p2              |      icmp|   0|  0|  39|          32|          32|
    |icmp_ln204_fu_317_p2              |      icmp|   0|  0|  14|           7|           7|
    |icmp_ln215_fu_345_p2              |      icmp|   0|  0|  14|           9|           9|
    |icmp_ln220_fu_363_p2              |      icmp|   0|  0|  14|           9|           9|
    |icmp_ln225_fu_381_p2              |      icmp|   0|  0|  14|           9|           9|
    |icmp_ln230_fu_399_p2              |      icmp|   0|  0|  14|           9|           9|
    |icmp_ln237_1_fu_605_p2            |      icmp|   0|  0|  39|          32|          32|
    |icmp_ln237_fu_451_p2              |      icmp|   0|  0|  14|           7|           1|
    |or_ln237_fu_610_p2                |        or|   0|  0|   2|           1|           1|
    |local_max_fu_594_p3               |    select|   0|  0|  32|           1|          32|
    |m01_fu_566_p3                     |    select|   0|  0|  32|           1|          32|
    |m0_fu_504_p3                      |    select|   0|  0|  33|           1|          32|
    |m1_fu_520_p3                      |    select|   0|  0|  33|           1|          32|
    |m23_fu_580_p3                     |    select|   0|  0|  32|           1|          32|
    |m2_fu_536_p3                      |    select|   0|  0|  33|           1|          32|
    |m3_fu_552_p3                      |    select|   0|  0|  33|           1|          32|
    |max_x_2_fu_615_p3                 |    select|   0|  0|  32|           1|          32|
    |ap_enable_pp0                     |       xor|   0|  0|   2|           1|           2|
    +----------------------------------+----------+----+---+----+------------+------------+
    |Total                             |          |   0|  0| 524|         198|         435|
    +----------------------------------+----------+----+---+----+------------+------------+

    * Multiplexer: 
    +-----------------------------------+----+-----------+-----+-----------+
    |                Name               | LUT| Input Size| Bits| Total Bits|
    +-----------------------------------+----+-----------+-----+-----------+
    |ap_done_int                        |   9|          2|    1|          2|
    |ap_enable_reg_pp0_iter1            |   9|          2|    1|          2|
    |ap_phi_mux_keep_1_phi_fu_243_p4    |  14|          3|    2|          6|
    |ap_phi_mux_keep_2_phi_fu_263_p4    |  14|          3|    3|          9|
    |ap_phi_mux_keep_3_phi_fu_283_p4    |  14|          3|    4|         12|
    |ap_phi_reg_pp0_iter1_keep_reg_216  |   9|          2|    1|          2|
    |ap_phi_reg_pp0_iter1_x0_1_reg_229  |   9|          2|   32|         64|
    |ap_phi_reg_pp0_iter1_x1_1_reg_249  |   9|          2|   32|         64|
    |ap_phi_reg_pp0_iter1_x2_1_reg_269  |   9|          2|   32|         64|
    |ap_phi_reg_pp0_iter1_x3_1_reg_289  |   9|          2|   32|         64|
    |ap_phi_reg_pp0_iter3_keep_reg_216  |   9|          2|    1|          2|
    |ap_phi_reg_pp0_iter3_x0_1_reg_229  |   9|          2|   32|         64|
    |ap_phi_reg_pp0_iter3_x1_1_reg_249  |   9|          2|   32|         64|
    |ap_phi_reg_pp0_iter3_x2_1_reg_269  |   9|          2|   32|         64|
    |ap_phi_reg_pp0_iter3_x3_1_reg_289  |   9|          2|   32|         64|
    |ap_sig_allocacmp_blk_2             |   9|          2|    7|         14|
    |blk_fu_114                         |   9|          2|    7|         14|
    |gmem_blk_n_R                       |   9|          2|    1|          2|
    |max_x_fu_110                       |   9|          2|   32|         64|
    +-----------------------------------+----+-----------+-----+-----------+
    |Total                              | 186|         41|  316|        641|
    +-----------------------------------+----+-----------+-----+-----------+

    * Register: 
    +-------------------------------------------+-----+----+-----+-----------+
    |                    Name                   |  FF | LUT| Bits| Const Bits|
    +-------------------------------------------+-----+----+-----+-----------+
    |ap_CS_fsm                                  |    1|   0|    1|          0|
    |ap_block_pp0_stage0_subdone_grp0_done_reg  |    1|   0|    1|          0|
    |ap_done_reg                                |    1|   0|    1|          0|
    |ap_enable_reg_pp0_iter1                    |    1|   0|    1|          0|
    |ap_enable_reg_pp0_iter2                    |    1|   0|    1|          0|
    |ap_enable_reg_pp0_iter3                    |    1|   0|    1|          0|
    |ap_enable_reg_pp0_iter4                    |    1|   0|    1|          0|
    |ap_loop_exit_ready_pp0_iter1_reg           |    1|   0|    1|          0|
    |ap_loop_exit_ready_pp0_iter2_reg           |    1|   0|    1|          0|
    |ap_loop_exit_ready_pp0_iter3_reg           |    1|   0|    1|          0|
    |ap_phi_reg_pp0_iter1_keep_reg_216          |    1|   0|    1|          0|
    |ap_phi_reg_pp0_iter1_x0_1_reg_229          |   32|   0|   32|          0|
    |ap_phi_reg_pp0_iter1_x1_1_reg_249          |   32|   0|   32|          0|
    |ap_phi_reg_pp0_iter1_x2_1_reg_269          |   32|   0|   32|          0|
    |ap_phi_reg_pp0_iter1_x3_1_reg_289          |   32|   0|   32|          0|
    |ap_phi_reg_pp0_iter2_keep_reg_216          |    1|   0|    1|          0|
    |ap_phi_reg_pp0_iter2_x0_1_reg_229          |   32|   0|   32|          0|
    |ap_phi_reg_pp0_iter2_x1_1_reg_249          |   32|   0|   32|          0|
    |ap_phi_reg_pp0_iter2_x2_1_reg_269          |   32|   0|   32|          0|
    |ap_phi_reg_pp0_iter2_x3_1_reg_289          |   32|   0|   32|          0|
    |ap_phi_reg_pp0_iter3_keep_reg_216          |    1|   0|    1|          0|
    |ap_phi_reg_pp0_iter3_x0_1_reg_229          |   32|   0|   32|          0|
    |ap_phi_reg_pp0_iter3_x1_1_reg_249          |   32|   0|   32|          0|
    |ap_phi_reg_pp0_iter3_x2_1_reg_269          |   32|   0|   32|          0|
    |ap_phi_reg_pp0_iter3_x3_1_reg_289          |   32|   0|   32|          0|
    |blk_2_reg_651                              |    7|   0|    7|          0|
    |blk_2_reg_651_pp0_iter1_reg                |    7|   0|    7|          0|
    |blk_fu_114                                 |    7|   0|    7|          0|
    |icmp_ln204_reg_657                         |    1|   0|    1|          0|
    |icmp_ln215_reg_661                         |    1|   0|    1|          0|
    |icmp_ln220_reg_665                         |    1|   0|    1|          0|
    |icmp_ln225_reg_669                         |    1|   0|    1|          0|
    |icmp_ln230_reg_673                         |    1|   0|    1|          0|
    |icmp_ln237_reg_705                         |    1|   0|    1|          0|
    |icmp_ln237_reg_705_pp0_iter3_reg           |    1|   0|    1|          0|
    |line_reg_677                               |  128|   0|  128|          0|
    |local_max_reg_710                          |   32|   0|   32|          0|
    |max_x_fu_110                               |   32|   0|   32|          0|
    |icmp_ln204_reg_657                         |   64|  32|    1|          0|
    |icmp_ln215_reg_661                         |   64|  32|    1|          0|
    |icmp_ln220_reg_665                         |   64|  32|    1|          0|
    |icmp_ln225_reg_669                         |   64|  32|    1|          0|
    |icmp_ln230_reg_673                         |   64|  32|    1|          0|
    +-------------------------------------------+-----+----+-----+-----------+
    |Total                                      |  937| 160|  622|          0|
    +-------------------------------------------+-----+----+-----+-----------+



================================================================
== Interface
================================================================
* Summary: 
+-----------------------+-----+-----+------------+---------------------------------------------+--------------+
|       RTL Ports       | Dir | Bits|  Protocol  |                Source Object                |    C Type    |
+-----------------------+-----+-----+------------+---------------------------------------------+--------------+
|ap_clk                 |   in|    1|  ap_ctrl_hs|  load_logits_and_find_max_Pipeline_load_loop|  return value|
|ap_rst                 |   in|    1|  ap_ctrl_hs|  load_logits_and_find_max_Pipeline_load_loop|  return value|
|ap_start               |   in|    1|  ap_ctrl_hs|  load_logits_and_find_max_Pipeline_load_loop|  return value|
|ap_done                |  out|    1|  ap_ctrl_hs|  load_logits_and_find_max_Pipeline_load_loop|  return value|
|ap_idle                |  out|    1|  ap_ctrl_hs|  load_logits_and_find_max_Pipeline_load_loop|  return value|
|ap_ready               |  out|    1|  ap_ctrl_hs|  load_logits_and_find_max_Pipeline_load_loop|  return value|
|m_axi_gmem_0_AWVALID   |  out|    1|       m_axi|                                         gmem|       pointer|
|m_axi_gmem_0_AWREADY   |   in|    1|       m_axi|                                         gmem|       pointer|
|m_axi_gmem_0_AWADDR    |  out|   64|       m_axi|                                         gmem|       pointer|
|m_axi_gmem_0_AWID      |  out|    1|       m_axi|                                         gmem|       pointer|
|m_axi_gmem_0_AWLEN     |  out|   32|       m_axi|                                         gmem|       pointer|
|m_axi_gmem_0_AWSIZE    |  out|    3|       m_axi|                                         gmem|       pointer|
|m_axi_gmem_0_AWBURST   |  out|    2|       m_axi|                                         gmem|       pointer|
|m_axi_gmem_0_AWLOCK    |  out|    2|       m_axi|                                         gmem|       pointer|
|m_axi_gmem_0_AWCACHE   |  out|    4|       m_axi|                                         gmem|       pointer|
|m_axi_gmem_0_AWPROT    |  out|    3|       m_axi|                                         gmem|       pointer|
|m_axi_gmem_0_AWQOS     |  out|    4|       m_axi|                                         gmem|       pointer|
|m_axi_gmem_0_AWREGION  |  out|    4|       m_axi|                                         gmem|       pointer|
|m_axi_gmem_0_AWUSER    |  out|    1|       m_axi|                                         gmem|       pointer|
|m_axi_gmem_0_WVALID    |  out|    1|       m_axi|                                         gmem|       pointer|
|m_axi_gmem_0_WREADY    |   in|    1|       m_axi|                                         gmem|       pointer|
|m_axi_gmem_0_WDATA     |  out|  128|       m_axi|                                         gmem|       pointer|
|m_axi_gmem_0_WSTRB     |  out|   16|       m_axi|                                         gmem|       pointer|
|m_axi_gmem_0_WLAST     |  out|    1|       m_axi|                                         gmem|       pointer|
|m_axi_gmem_0_WID       |  out|    1|       m_axi|                                         gmem|       pointer|
|m_axi_gmem_0_WUSER     |  out|    1|       m_axi|                                         gmem|       pointer|
|m_axi_gmem_0_ARVALID   |  out|    1|       m_axi|                                         gmem|       pointer|
|m_axi_gmem_0_ARREADY   |   in|    1|       m_axi|                                         gmem|       pointer|
|m_axi_gmem_0_ARADDR    |  out|   64|       m_axi|                                         gmem|       pointer|
|m_axi_gmem_0_ARID      |  out|    1|       m_axi|                                         gmem|       pointer|
|m_axi_gmem_0_ARLEN     |  out|   32|       m_axi|                                         gmem|       pointer|
|m_axi_gmem_0_ARSIZE    |  out|    3|       m_axi|                                         gmem|       pointer|
|m_axi_gmem_0_ARBURST   |  out|    2|       m_axi|                                         gmem|       pointer|
|m_axi_gmem_0_ARLOCK    |  out|    2|       m_axi|                                         gmem|       pointer|
|m_axi_gmem_0_ARCACHE   |  out|    4|       m_axi|                                         gmem|       pointer|
|m_axi_gmem_0_ARPROT    |  out|    3|       m_axi|                                         gmem|       pointer|
|m_axi_gmem_0_ARQOS     |  out|    4|       m_axi|                                         gmem|       pointer|
|m_axi_gmem_0_ARREGION  |  out|    4|       m_axi|                                         gmem|       pointer|
|m_axi_gmem_0_ARUSER    |  out|    1|       m_axi|                                         gmem|       pointer|
|m_axi_gmem_0_RVALID    |   in|    1|       m_axi|                                         gmem|       pointer|
|m_axi_gmem_0_RREADY    |  out|    1|       m_axi|                                         gmem|       pointer|
|m_axi_gmem_0_RDATA     |   in|  128|       m_axi|                                         gmem|       pointer|
|m_axi_gmem_0_RLAST     |   in|    1|       m_axi|                                         gmem|       pointer|
|m_axi_gmem_0_RID       |   in|    1|       m_axi|                                         gmem|       pointer|
|m_axi_gmem_0_RFIFONUM  |   in|    9|       m_axi|                                         gmem|       pointer|
|m_axi_gmem_0_RUSER     |   in|    1|       m_axi|                                         gmem|       pointer|
|m_axi_gmem_0_RRESP     |   in|    2|       m_axi|                                         gmem|       pointer|
|m_axi_gmem_0_BVALID    |   in|    1|       m_axi|                                         gmem|       pointer|
|m_axi_gmem_0_BREADY    |  out|    1|       m_axi|                                         gmem|       pointer|
|m_axi_gmem_0_BRESP     |   in|    2|       m_axi|                                         gmem|       pointer|
|m_axi_gmem_0_BID       |   in|    1|       m_axi|                                         gmem|       pointer|
|m_axi_gmem_0_BUSER     |   in|    1|       m_axi|                                         gmem|       pointer|
|blocks                 |   in|    7|     ap_none|                                       blocks|        scalar|
|n                      |   in|    9|     ap_none|                                            n|        scalar|
|sext_ln204             |   in|   60|     ap_none|                                   sext_ln204|        scalar|
|logits_buf_3_address1  |  out|    6|   ap_memory|                                 logits_buf_3|         array|
|logits_buf_3_ce1       |  out|    1|   ap_memory|                                 logits_buf_3|         array|
|logits_buf_3_we1       |  out|    1|   ap_memory|                                 logits_buf_3|         array|
|logits_buf_3_d1        |  out|   32|   ap_memory|                                 logits_buf_3|         array|
|logits_buf_2_address1  |  out|    6|   ap_memory|                                 logits_buf_2|         array|
|logits_buf_2_ce1       |  out|    1|   ap_memory|                                 logits_buf_2|         array|
|logits_buf_2_we1       |  out|    1|   ap_memory|                                 logits_buf_2|         array|
|logits_buf_2_d1        |  out|   32|   ap_memory|                                 logits_buf_2|         array|
|logits_buf_1_address1  |  out|    6|   ap_memory|                                 logits_buf_1|         array|
|logits_buf_1_ce1       |  out|    1|   ap_memory|                                 logits_buf_1|         array|
|logits_buf_1_we1       |  out|    1|   ap_memory|                                 logits_buf_1|         array|
|logits_buf_1_d1        |  out|   32|   ap_memory|                                 logits_buf_1|         array|
|logits_buf_0_address1  |  out|    6|   ap_memory|                                 logits_buf_0|         array|
|logits_buf_0_ce1       |  out|    1|   ap_memory|                                 logits_buf_0|         array|
|logits_buf_0_we1       |  out|    1|   ap_memory|                                 logits_buf_0|         array|
|logits_buf_0_d1        |  out|   32|   ap_memory|                                 logits_buf_0|         array|
|max_x_out              |  out|   32|      ap_vld|                                    max_x_out|       pointer|
|max_x_out_ap_vld       |  out|    1|      ap_vld|                                    max_x_out|       pointer|
+-----------------------+-----+-----+------------+---------------------------------------------+--------------+

