

================================================================
== Vitis HLS Report for 'normalize_and_store'
================================================================
* Date:           Sat Mar 14 14:59:14 2026

* Version:        2025.1 (Build 6135595 on May 21 2025)
* Project:        Prometheus_streaming_w4
* Solution:       hls (Vivado IP Flow Target)
* Product family: zynq
* Target device:  xc7z020-clg400-1


================================================================
== Performance Estimates
================================================================
+ Timing: 
    * Summary: 
    +--------+----------+----------+------------+
    |  Clock |  Target  | Estimated| Uncertainty|
    +--------+----------+----------+------------+
    |ap_clk  |  11.80 ns|  8.614 ns|     3.19 ns|
    +--------+----------+----------+------------+

+ Latency: 
    * Summary: 
    +---------+---------+-----------+----------+-----+-----+----------+
    |  Latency (cycles) |  Latency (absolute)  |  Interval | Pipeline |
    |   min   |   max   |    min    |    max   | min | max |   Type   |
    +---------+---------+-----------+----------+-----+-----+----------+
    |        7|       92|  82.600 ns|  1.086 us|    7|   90|  dataflow|
    +---------+---------+-----------+----------+-----+-----+----------+

    + Detail: 
        * Instance: 
        +----------------------+-------------------+---------+---------+-----------+----------+-----+-----+---------+
        |                      |                   |  Latency (cycles) |  Latency (absolute)  |  Interval | Pipeline|
        |       Instance       |       Module      |   min   |   max   |    min    |    max   | min | max |   Type  |
        +----------------------+-------------------+---------+---------+-----------+----------+-----+-----+---------+
        |emit_prob_stream_U0   |emit_prob_stream   |        6|       69|  70.800 ns|  0.814 us|    6|   69|       no|
        |write_prob_stream_U0  |write_prob_stream  |        4|       89|  47.200 ns|  1.050 us|    4|   89|       no|
        +----------------------+-------------------+---------+---------+-----------+----------+-----+-----+---------+

        * Loop: 
        N/A



================================================================
== Utilization Estimates
================================================================
* Summary: 
+-----------------+---------+-----+--------+-------+-----+
|       Name      | BRAM_18K| DSP |   FF   |  LUT  | URAM|
+-----------------+---------+-----+--------+-------+-----+
|DSP              |        -|    -|       -|      -|    -|
|Expression       |        -|    -|       0|     12|    -|
|FIFO             |        8|    -|     158|     80|    -|
|Instance         |        -|   16|    1454|   2313|    -|
|Memory           |        -|    -|       -|      -|    -|
|Multiplexer      |        -|    -|       0|     18|    -|
|Register         |        -|    -|       3|      -|    -|
+-----------------+---------+-----+--------+-------+-----+
|Total            |        8|   16|    1615|   2423|    0|
+-----------------+---------+-----+--------+-------+-----+
|Available        |      280|  220|  106400|  53200|    0|
+-----------------+---------+-----+--------+-------+-----+
|Utilization (%)  |        2|    7|       1|      4|    0|
+-----------------+---------+-----+--------+-------+-----+

+ Detail: 
    * Instance: 
    +----------------------+-------------------+---------+----+-----+------+-----+
    |       Instance       |       Module      | BRAM_18K| DSP|  FF |  LUT | URAM|
    +----------------------+-------------------+---------+----+-----+------+-----+
    |emit_prob_stream_U0   |emit_prob_stream   |        0|  16|  612|   517|    0|
    |write_prob_stream_U0  |write_prob_stream  |        0|   0|  842|  1796|    0|
    +----------------------+-------------------+---------+----+-----+------+-----+
    |Total                 |                   |        0|  16| 1454|  2313|    0|
    +----------------------+-------------------+---------+----+-----+------+-----+

    * DSP: 
    N/A

    * Memory: 
    N/A

    * FIFO: 
    +---------------+---------+-----+----+-----+------+-----+---------+
    |      Name     | BRAM_18K|  FF | LUT| URAM| Depth| Bits| Size:D*B|
    +---------------+---------+-----+----+-----+------+-----+---------+
    |prob_stream_U  |        8|  158|   0|    -|    16|  132|     2112|
    +---------------+---------+-----+----+-----+------+-----+---------+
    |Total          |        8|  158|   0|    0|    16|  132|     2112|
    +---------------+---------+-----+----+-----+------+-----+---------+

    * Expression: 
    +---------------------------------------+----------+----+---+----+------------+------------+
    |             Variable Name             | Operation| DSP| FF| LUT| Bitwidth P0| Bitwidth P1|
    +---------------------------------------+----------+----+---+----+------------+------------+
    |ap_idle                                |       and|   0|  0|   2|           1|           1|
    |ap_sync_ready                          |       and|   0|  0|   2|           1|           1|
    |emit_prob_stream_U0_ap_start           |       and|   0|  0|   2|           1|           1|
    |write_prob_stream_U0_ap_start          |       and|   0|  0|   2|           1|           1|
    |ap_sync_emit_prob_stream_U0_ap_ready   |        or|   0|  0|   2|           1|           1|
    |ap_sync_write_prob_stream_U0_ap_ready  |        or|   0|  0|   2|           1|           1|
    +---------------------------------------+----------+----+---+----+------------+------------+
    |Total                                  |          |   0|  0|  12|           6|           6|
    +---------------------------------------+----------+----+---+----+------------+------------+

    * Multiplexer: 
    +-------------------------------------------+----+-----------+-----+-----------+
    |                    Name                   | LUT| Input Size| Bits| Total Bits|
    +-------------------------------------------+----+-----------+-----+-----------+
    |ap_sync_reg_emit_prob_stream_U0_ap_ready   |   9|          2|    1|          2|
    |ap_sync_reg_write_prob_stream_U0_ap_ready  |   9|          2|    1|          2|
    +-------------------------------------------+----+-----------+-----+-----------+
    |Total                                      |  18|          4|    2|          4|
    +-------------------------------------------+----+-----------+-----+-----------+

    * Register: 
    +-------------------------------------------+---+----+-----+-----------+
    |                    Name                   | FF| LUT| Bits| Const Bits|
    +-------------------------------------------+---+----+-----+-----------+
    |ap_sync_ready                              |  1|   0|    1|          0|
    |ap_sync_reg_emit_prob_stream_U0_ap_ready   |  1|   0|    1|          0|
    |ap_sync_reg_write_prob_stream_U0_ap_ready  |  1|   0|    1|          0|
    +-------------------------------------------+---+----+-----+-----------+
    |Total                                      |  3|   0|    3|          0|
    +-------------------------------------------+---+----+-----+-----------+



================================================================
== Interface
================================================================
* Summary: 
+-----------------------+-----+-----+------------+---------------------+--------------+
|       RTL Ports       | Dir | Bits|  Protocol  |    Source Object    |    C Type    |
+-----------------------+-----+-----+------------+---------------------+--------------+
|m_axi_gmem_0_AWVALID   |  out|    1|       m_axi|                 gmem|       pointer|
|m_axi_gmem_0_AWREADY   |   in|    1|       m_axi|                 gmem|       pointer|
|m_axi_gmem_0_AWADDR    |  out|   64|       m_axi|                 gmem|       pointer|
|m_axi_gmem_0_AWID      |  out|    1|       m_axi|                 gmem|       pointer|
|m_axi_gmem_0_AWLEN     |  out|   32|       m_axi|                 gmem|       pointer|
|m_axi_gmem_0_AWSIZE    |  out|    3|       m_axi|                 gmem|       pointer|
|m_axi_gmem_0_AWBURST   |  out|    2|       m_axi|                 gmem|       pointer|
|m_axi_gmem_0_AWLOCK    |  out|    2|       m_axi|                 gmem|       pointer|
|m_axi_gmem_0_AWCACHE   |  out|    4|       m_axi|                 gmem|       pointer|
|m_axi_gmem_0_AWPROT    |  out|    3|       m_axi|                 gmem|       pointer|
|m_axi_gmem_0_AWQOS     |  out|    4|       m_axi|                 gmem|       pointer|
|m_axi_gmem_0_AWREGION  |  out|    4|       m_axi|                 gmem|       pointer|
|m_axi_gmem_0_AWUSER    |  out|    1|       m_axi|                 gmem|       pointer|
|m_axi_gmem_0_WVALID    |  out|    1|       m_axi|                 gmem|       pointer|
|m_axi_gmem_0_WREADY    |   in|    1|       m_axi|                 gmem|       pointer|
|m_axi_gmem_0_WDATA     |  out|  128|       m_axi|                 gmem|       pointer|
|m_axi_gmem_0_WSTRB     |  out|   16|       m_axi|                 gmem|       pointer|
|m_axi_gmem_0_WLAST     |  out|    1|       m_axi|                 gmem|       pointer|
|m_axi_gmem_0_WID       |  out|    1|       m_axi|                 gmem|       pointer|
|m_axi_gmem_0_WUSER     |  out|    1|       m_axi|                 gmem|       pointer|
|m_axi_gmem_0_ARVALID   |  out|    1|       m_axi|                 gmem|       pointer|
|m_axi_gmem_0_ARREADY   |   in|    1|       m_axi|                 gmem|       pointer|
|m_axi_gmem_0_ARADDR    |  out|   64|       m_axi|                 gmem|       pointer|
|m_axi_gmem_0_ARID      |  out|    1|       m_axi|                 gmem|       pointer|
|m_axi_gmem_0_ARLEN     |  out|   32|       m_axi|                 gmem|       pointer|
|m_axi_gmem_0_ARSIZE    |  out|    3|       m_axi|                 gmem|       pointer|
|m_axi_gmem_0_ARBURST   |  out|    2|       m_axi|                 gmem|       pointer|
|m_axi_gmem_0_ARLOCK    |  out|    2|       m_axi|                 gmem|       pointer|
|m_axi_gmem_0_ARCACHE   |  out|    4|       m_axi|                 gmem|       pointer|
|m_axi_gmem_0_ARPROT    |  out|    3|       m_axi|                 gmem|       pointer|
|m_axi_gmem_0_ARQOS     |  out|    4|       m_axi|                 gmem|       pointer|
|m_axi_gmem_0_ARREGION  |  out|    4|       m_axi|                 gmem|       pointer|
|m_axi_gmem_0_ARUSER    |  out|    1|       m_axi|                 gmem|       pointer|
|m_axi_gmem_0_RVALID    |   in|    1|       m_axi|                 gmem|       pointer|
|m_axi_gmem_0_RREADY    |  out|    1|       m_axi|                 gmem|       pointer|
|m_axi_gmem_0_RDATA     |   in|  128|       m_axi|                 gmem|       pointer|
|m_axi_gmem_0_RLAST     |   in|    1|       m_axi|                 gmem|       pointer|
|m_axi_gmem_0_RID       |   in|    1|       m_axi|                 gmem|       pointer|
|m_axi_gmem_0_RFIFONUM  |   in|    9|       m_axi|                 gmem|       pointer|
|m_axi_gmem_0_RUSER     |   in|    1|       m_axi|                 gmem|       pointer|
|m_axi_gmem_0_RRESP     |   in|    2|       m_axi|                 gmem|       pointer|
|m_axi_gmem_0_BVALID    |   in|    1|       m_axi|                 gmem|       pointer|
|m_axi_gmem_0_BREADY    |  out|    1|       m_axi|                 gmem|       pointer|
|m_axi_gmem_0_BRESP     |   in|    2|       m_axi|                 gmem|       pointer|
|m_axi_gmem_0_BID       |   in|    1|       m_axi|                 gmem|       pointer|
|m_axi_gmem_0_BUSER     |   in|    1|       m_axi|                 gmem|       pointer|
|mem                    |   in|   64|     ap_none|                  mem|        scalar|
|mem_ap_vld             |   in|    1|     ap_none|                  mem|        scalar|
|pr_l                   |   in|   28|     ap_none|                 pr_l|        scalar|
|pr_l_ap_vld            |   in|    1|     ap_none|                 pr_l|        scalar|
|n                      |   in|    9|     ap_none|                    n|        scalar|
|n_ap_vld               |   in|    1|     ap_none|                    n|        scalar|
|exp_buf_0_address0     |  out|    6|   ap_memory|            exp_buf_0|         array|
|exp_buf_0_ce0          |  out|    1|   ap_memory|            exp_buf_0|         array|
|exp_buf_0_d0           |  out|   32|   ap_memory|            exp_buf_0|         array|
|exp_buf_0_q0           |   in|   32|   ap_memory|            exp_buf_0|         array|
|exp_buf_0_we0          |  out|    1|   ap_memory|            exp_buf_0|         array|
|exp_buf_0_address1     |  out|    6|   ap_memory|            exp_buf_0|         array|
|exp_buf_0_ce1          |  out|    1|   ap_memory|            exp_buf_0|         array|
|exp_buf_0_d1           |  out|   32|   ap_memory|            exp_buf_0|         array|
|exp_buf_0_q1           |   in|   32|   ap_memory|            exp_buf_0|         array|
|exp_buf_0_we1          |  out|    1|   ap_memory|            exp_buf_0|         array|
|exp_buf_1_address0     |  out|    6|   ap_memory|            exp_buf_1|         array|
|exp_buf_1_ce0          |  out|    1|   ap_memory|            exp_buf_1|         array|
|exp_buf_1_d0           |  out|   32|   ap_memory|            exp_buf_1|         array|
|exp_buf_1_q0           |   in|   32|   ap_memory|            exp_buf_1|         array|
|exp_buf_1_we0          |  out|    1|   ap_memory|            exp_buf_1|         array|
|exp_buf_1_address1     |  out|    6|   ap_memory|            exp_buf_1|         array|
|exp_buf_1_ce1          |  out|    1|   ap_memory|            exp_buf_1|         array|
|exp_buf_1_d1           |  out|   32|   ap_memory|            exp_buf_1|         array|
|exp_buf_1_q1           |   in|   32|   ap_memory|            exp_buf_1|         array|
|exp_buf_1_we1          |  out|    1|   ap_memory|            exp_buf_1|         array|
|exp_buf_2_address0     |  out|    6|   ap_memory|            exp_buf_2|         array|
|exp_buf_2_ce0          |  out|    1|   ap_memory|            exp_buf_2|         array|
|exp_buf_2_d0           |  out|   32|   ap_memory|            exp_buf_2|         array|
|exp_buf_2_q0           |   in|   32|   ap_memory|            exp_buf_2|         array|
|exp_buf_2_we0          |  out|    1|   ap_memory|            exp_buf_2|         array|
|exp_buf_2_address1     |  out|    6|   ap_memory|            exp_buf_2|         array|
|exp_buf_2_ce1          |  out|    1|   ap_memory|            exp_buf_2|         array|
|exp_buf_2_d1           |  out|   32|   ap_memory|            exp_buf_2|         array|
|exp_buf_2_q1           |   in|   32|   ap_memory|            exp_buf_2|         array|
|exp_buf_2_we1          |  out|    1|   ap_memory|            exp_buf_2|         array|
|exp_buf_3_address0     |  out|    6|   ap_memory|            exp_buf_3|         array|
|exp_buf_3_ce0          |  out|    1|   ap_memory|            exp_buf_3|         array|
|exp_buf_3_d0           |  out|   32|   ap_memory|            exp_buf_3|         array|
|exp_buf_3_q0           |   in|   32|   ap_memory|            exp_buf_3|         array|
|exp_buf_3_we0          |  out|    1|   ap_memory|            exp_buf_3|         array|
|exp_buf_3_address1     |  out|    6|   ap_memory|            exp_buf_3|         array|
|exp_buf_3_ce1          |  out|    1|   ap_memory|            exp_buf_3|         array|
|exp_buf_3_d1           |  out|   32|   ap_memory|            exp_buf_3|         array|
|exp_buf_3_q1           |   in|   32|   ap_memory|            exp_buf_3|         array|
|exp_buf_3_we1          |  out|    1|   ap_memory|            exp_buf_3|         array|
|inv_sum_q30            |   in|   31|     ap_none|          inv_sum_q30|        scalar|
|inv_sum_q30_ap_vld     |   in|    1|     ap_none|          inv_sum_q30|        scalar|
|ap_clk                 |   in|    1|  ap_ctrl_hs|  normalize_and_store|  return value|
|ap_rst                 |   in|    1|  ap_ctrl_hs|  normalize_and_store|  return value|
|ap_start               |   in|    1|  ap_ctrl_hs|  normalize_and_store|  return value|
|ap_done                |  out|    1|  ap_ctrl_hs|  normalize_and_store|  return value|
|ap_ready               |  out|    1|  ap_ctrl_hs|  normalize_and_store|  return value|
|ap_idle                |  out|    1|  ap_ctrl_hs|  normalize_and_store|  return value|
|ap_continue            |   in|    1|  ap_ctrl_hs|  normalize_and_store|  return value|
+-----------------------+-----+-----+------------+---------------------+--------------+

