

================================================================
== Vitis HLS Report for 'softmax_accel'
================================================================
* Date:           Sat Mar 14 14:59:14 2026

* Version:        2025.1 (Build 6135595 on May 21 2025)
* Project:        Prometheus_streaming_w4
* Solution:       hls (Vivado IP Flow Target)
* Product family: zynq
* Target device:  xc7z020-clg400-1


================================================================
== Performance Estimates
================================================================
+ Timing: 
    * Summary: 
    +--------+----------+----------+------------+
    |  Clock |  Target  | Estimated| Uncertainty|
    +--------+----------+----------+------------+
    |ap_clk  |  11.80 ns|  8.614 ns|     3.19 ns|
    +--------+----------+----------+------------+

+ Latency: 
    * Summary: 
    +---------+---------+-----------+----------+-----+-----+---------+
    |  Latency (cycles) |  Latency (absolute)  |  Interval | Pipeline|
    |   min   |   max   |    min    |    max   | min | max |   Type  |
    +---------+---------+-----------+----------+-----+-----+---------+
    |        1|      276|  11.800 ns|  3.257 us|    2|  277|       no|
    +---------+---------+-----------+----------+-----+-----+---------+

    + Detail: 
        * Instance: 
        +-------------------------------------+--------------------------+---------+---------+-----------+----------+-----+-----+----------+
        |                                     |                          |  Latency (cycles) |  Latency (absolute)  |  Interval | Pipeline |
        |               Instance              |          Module          |   min   |   max   |    min    |    max   | min | max |   Type   |
        +-------------------------------------+--------------------------+---------+---------+-----------+----------+-----+-----+----------+
        |grp_load_logits_and_find_max_fu_687  |load_logits_and_find_max  |       17|       80|   0.201 us|  0.944 us|   17|   80|        no|
        |grp_generate_exp_buffer_fu_705       |generate_exp_buffer       |       13|       76|   0.153 us|  0.897 us|   11|   74|  dataflow|
        |grp_normalize_and_store_fu_720       |normalize_and_store       |        7|       92|  82.600 ns|  1.086 us|    7|   90|  dataflow|
        +-------------------------------------+--------------------------+---------+---------+-----------+----------+-----+-----+----------+

        * Loop: 
        N/A



================================================================
== Utilization Estimates
================================================================
* Summary: 
+-----------------+---------+-----+--------+-------+-----+
|       Name      | BRAM_18K| DSP |   FF   |  LUT  | URAM|
+-----------------+---------+-----+--------+-------+-----+
|DSP              |        -|    -|       -|      -|    -|
|Expression       |        -|    -|       0|   1346|    -|
|FIFO             |        -|    -|       -|      -|    -|
|Instance         |       24|   22|    6105|   9793|    -|
|Memory           |        8|    -|      62|     16|    -|
|Multiplexer      |        -|    -|       0|    944|    -|
|Register         |        -|    -|    1228|      -|    -|
+-----------------+---------+-----+--------+-------+-----+
|Total            |       32|   22|    7395|  12099|    0|
+-----------------+---------+-----+--------+-------+-----+
|Available        |      280|  220|  106400|  53200|    0|
+-----------------+---------+-----+--------+-------+-----+
|Utilization (%)  |       11|   10|       6|     22|    0|
+-----------------+---------+-----+--------+-------+-----+

+ Detail: 
    * Instance: 
    +-------------------------------------------+--------------------------------------+---------+----+------+------+-----+
    |                  Instance                 |                Module                | BRAM_18K| DSP|  FF  |  LUT | URAM|
    +-------------------------------------------+--------------------------------------+---------+----+------+------+-----+
    |control_s_axi_U                            |control_s_axi                         |        0|   0|   258|   424|    0|
    |grp_generate_exp_buffer_fu_705             |generate_exp_buffer                   |        8|   4|  2344|  4384|    0|
    |gmem_m_axi_U                               |gmem_m_axi                            |        8|   0|   871|   949|    0|
    |grp_load_logits_and_find_max_fu_687        |load_logits_and_find_max              |        0|   0|  1017|  1161|    0|
    |mul_31s_16ns_47_1_1_U120                   |mul_31s_16ns_47_1_1                   |        0|   2|     0|    23|    0|
    |grp_normalize_and_store_fu_720             |normalize_and_store                   |        8|  16|  1615|  2423|    0|
    |partset_128ns_128ns_32ns_7ns_128_1_1_U121  |partset_128ns_128ns_32ns_7ns_128_1_1  |        0|   0|     0|   143|    0|
    |partset_128ns_128ns_32ns_7ns_128_1_1_U122  |partset_128ns_128ns_32ns_7ns_128_1_1  |        0|   0|     0|   143|    0|
    |partset_128ns_128ns_32s_7ns_128_1_1_U123   |partset_128ns_128ns_32s_7ns_128_1_1   |        0|   0|     0|   143|    0|
    +-------------------------------------------+--------------------------------------+---------+----+------+------+-----+
    |Total                                      |                                      |       24|  22|  6105|  9793|    0|
    +-------------------------------------------+--------------------------------------+---------+----+------+------+-----+

    * DSP: 
    N/A

    * Memory: 
    +----------------+-----------------------------+---------+----+----+-----+------+-----+------+-------------+
    |     Memory     |            Module           | BRAM_18K| FF | LUT| URAM| Words| Bits| Banks| W*Bits*Banks|
    +----------------+-----------------------------+---------+----+----+-----+------+-----+------+-------------+
    |RECIP_B_Q30_U   |RECIP_B_Q30_ROM_AUTO_1R      |        0|  31|   8|    0|    16|   31|     1|          496|
    |RECIP_M_Q30_U   |RECIP_M_Q30_ROM_AUTO_1R      |        0|  31|   8|    0|    16|   31|     1|          496|
    |logits_buf_U    |logits_buf_RAM_2P_BRAM_1R1W  |        1|   0|   0|    0|    64|   32|     1|         2048|
    |logits_buf_1_U  |logits_buf_RAM_2P_BRAM_1R1W  |        1|   0|   0|    0|    64|   32|     1|         2048|
    |logits_buf_2_U  |logits_buf_RAM_2P_BRAM_1R1W  |        1|   0|   0|    0|    64|   32|     1|         2048|
    |logits_buf_3_U  |logits_buf_RAM_2P_BRAM_1R1W  |        1|   0|   0|    0|    64|   32|     1|         2048|
    |exp_buf_U       |logits_buf_RAM_2P_BRAM_1R1W  |        1|   0|   0|    0|    64|   32|     1|         2048|
    |exp_buf_1_U     |logits_buf_RAM_2P_BRAM_1R1W  |        1|   0|   0|    0|    64|   32|     1|         2048|
    |exp_buf_2_U     |logits_buf_RAM_2P_BRAM_1R1W  |        1|   0|   0|    0|    64|   32|     1|         2048|
    |exp_buf_3_U     |logits_buf_RAM_2P_BRAM_1R1W  |        1|   0|   0|    0|    64|   32|     1|         2048|
    +----------------+-----------------------------+---------+----+----+-----+------+-----+------+-------------+
    |Total           |                             |        8|  62|  16|    0|   544|  318|    10|        17376|
    +----------------+-----------------------------+---------+----+----+-----+------+-----+------+-------------+

    * FIFO: 
    N/A

    * Expression: 
    +-------------------------------------------------+----------+----+---+-----+------------+------------+
    |                  Variable Name                  | Operation| DSP| FF| LUT | Bitwidth P0| Bitwidth P1|
    +-------------------------------------------------+----------+----+---+-----+------------+------------+
    |add_ln108_fu_1128_p2                             |         +|   0|  0|   13|           5|           5|
    |add_ln118_fu_1215_p2                             |         +|   0|  0|   39|          32|          32|
    |add_ln186_1_fu_1401_p2                           |         +|   0|  0|   71|          64|          64|
    |add_ln186_2_fu_1500_p2                           |         +|   0|  0|   71|          64|          64|
    |add_ln186_fu_1316_p2                             |         +|   0|  0|   71|          64|          64|
    |add_ln483_fu_1374_p2                             |         +|   0|  0|   38|          31|           1|
    |add_ln484_fu_1463_p2                             |         +|   0|  0|   38|          31|           2|
    |inv_x_q30_fu_1176_p2                             |         +|   0|  0|   39|          32|          32|
    |sub_ln107_fu_1093_p2                             |         -|   0|  0|   13|           4|           5|
    |sub_ln123_fu_1186_p2                             |         -|   0|  0|   14|           6|           5|
    |ap_block_state32                                 |       and|   0|  0|    2|           1|           1|
    |ap_condition_1033                                |       and|   0|  0|    2|           1|           1|
    |ap_condition_1036                                |       and|   0|  0|    2|           1|           1|
    |ap_condition_1039                                |       and|   0|  0|    2|           1|           1|
    |ap_condition_1042                                |       and|   0|  0|    2|           1|           1|
    |ap_condition_1045                                |       and|   0|  0|    2|           1|           1|
    |ap_condition_1048                                |       and|   0|  0|    2|           1|           1|
    |ap_condition_1051                                |       and|   0|  0|    2|           1|           1|
    |ap_condition_1054                                |       and|   0|  0|    2|           1|           1|
    |ap_condition_1057                                |       and|   0|  0|    2|           1|           1|
    |ap_condition_1060                                |       and|   0|  0|    2|           1|           1|
    |ap_condition_1063                                |       and|   0|  0|    2|           1|           1|
    |ap_condition_1066                                |       and|   0|  0|    2|           1|           1|
    |ap_condition_1069                                |       and|   0|  0|    2|           1|           1|
    |ap_condition_1073                                |       and|   0|  0|    2|           1|           1|
    |ap_condition_1076                                |       and|   0|  0|    2|           1|           1|
    |ap_condition_1079                                |       and|   0|  0|    2|           1|           1|
    |ap_condition_1082                                |       and|   0|  0|    2|           1|           1|
    |ap_condition_1085                                |       and|   0|  0|    2|           1|           1|
    |ap_condition_1088                                |       and|   0|  0|    2|           1|           1|
    |ap_condition_1091                                |       and|   0|  0|    2|           1|           1|
    |ap_condition_1094                                |       and|   0|  0|    2|           1|           1|
    |ap_condition_1097                                |       and|   0|  0|    2|           1|           1|
    |ap_condition_1100                                |       and|   0|  0|    2|           1|           1|
    |ap_condition_1103                                |       and|   0|  0|    2|           1|           1|
    |ap_condition_1106                                |       and|   0|  0|    2|           1|           1|
    |ap_condition_1109                                |       and|   0|  0|    2|           1|           1|
    |ap_condition_1112                                |       and|   0|  0|    2|           1|           1|
    |ap_condition_1115                                |       and|   0|  0|    2|           1|           1|
    |ap_condition_1118                                |       and|   0|  0|    2|           1|           1|
    |ap_condition_1120                                |       and|   0|  0|    2|           1|           1|
    |inv_sum_1_fu_1229_p2                             |      ashr|   0|  0|  100|          32|          32|
    |icmp_ln126_fu_1269_p2                            |      icmp|   0|  0|   23|          16|           1|
    |icmp_ln457_fu_982_p2                             |      icmp|   0|  0|   39|          32|           1|
    |icmp_ln458_fu_988_p2                             |      icmp|   0|  0|   39|          32|           9|
    |icmp_ln477_fu_1032_p2                            |      icmp|   0|  0|   47|          40|           1|
    |icmp_ln95_fu_1063_p2                             |      icmp|   0|  0|   39|          32|           1|
    |lshr_ln108_fu_1138_p2                            |      lshr|   0|  0|  100|          32|          32|
    |ap_block_state18_io                              |        or|   0|  0|    2|           1|           1|
    |ap_sync_grp_generate_exp_buffer_fu_705_ap_ready  |        or|   0|  0|    2|           1|           1|
    |ap_sync_grp_normalize_and_store_fu_720_ap_ready  |        or|   0|  0|    2|           1|           1|
    |inv_sum_3_fu_1251_p3                             |    select|   0|  0|   47|           1|           1|
    |inv_sum_q30_fu_1279_p3                           |    select|   0|  0|   31|           1|           2|
    |select_ln100_fu_1077_p3                          |    select|   0|  0|    2|           1|           2|
    |select_ln435_fu_1471_p3                          |    select|   0|  0|    6|           1|           6|
    |select_ln458_fu_994_p3                           |    select|   0|  0|   10|           1|          10|
    |sum_q16_2_fu_1042_p3                             |    select|   0|  0|   32|           1|           1|
    |shl_ln107_fu_1103_p2                             |       shl|   0|  0|  100|          32|          32|
    |shl_ln123_fu_1196_p2                             |       shl|   0|  0|  149|          48|          48|
    |shl_ln179_3_fu_1448_p2                           |       shl|   0|  0|   35|           4|          16|
    |shl_ln179_4_fu_1550_p2                           |       shl|   0|  0|   35|           4|          16|
    |shl_ln179_fu_1359_p2                             |       shl|   0|  0|   35|           4|          16|
    |xor_ln100_fu_1071_p2                             |       xor|   0|  0|    2|           1|           2|
    +-------------------------------------------------+----------+----+---+-----+------------+------------+
    |Total                                            |          |   0|  0| 1346|         682|         537|
    +-------------------------------------------------+----------+----+---+-----+------------+------------+

    * Multiplexer: 
    +----------------------------+-----+-----------+-----+-----------+
    |            Name            | LUT | Input Size| Bits| Total Bits|
    +----------------------------+-----+-----------+-----+-----------+
    |RECIP_B_Q30_address0_local  |   14|          3|    4|         12|
    |RECIP_M_Q30_address0_local  |   14|          3|    4|         12|
    |ap_NS_fsm                   |  147|         33|    1|         33|
    |exp_buf_1_ce0               |    9|          2|    1|          2|
    |exp_buf_1_ce1               |    9|          2|    1|          2|
    |exp_buf_1_we1               |    9|          2|    1|          2|
    |exp_buf_2_ce0               |    9|          2|    1|          2|
    |exp_buf_2_ce1               |    9|          2|    1|          2|
    |exp_buf_2_we1               |    9|          2|    1|          2|
    |exp_buf_3_ce0               |    9|          2|    1|          2|
    |exp_buf_3_ce1               |    9|          2|    1|          2|
    |exp_buf_3_we1               |    9|          2|    1|          2|
    |exp_buf_ce0                 |    9|          2|    1|          2|
    |exp_buf_ce1                 |    9|          2|    1|          2|
    |exp_buf_we1                 |    9|          2|    1|          2|
    |gmem_0_ARADDR               |   14|          3|   64|        192|
    |gmem_0_ARLEN                |   14|          3|   32|         96|
    |gmem_0_ARVALID              |   14|          3|    1|          3|
    |gmem_0_AWADDR               |   25|          5|   64|        320|
    |gmem_0_AWLEN                |   14|          3|   32|         96|
    |gmem_0_AWVALID              |   14|          3|    1|          3|
    |gmem_0_BREADY               |   14|          3|    1|          3|
    |gmem_0_RREADY               |   14|          3|    1|          3|
    |gmem_0_WDATA                |   25|          5|  128|        640|
    |gmem_0_WSTRB                |   25|          5|   16|         80|
    |gmem_0_WVALID               |   14|          3|    1|          3|
    |gmem_blk_n_AW               |    9|          2|    1|          2|
    |gmem_blk_n_B                |    9|          2|    1|          2|
    |gmem_blk_n_W                |    9|          2|    1|          2|
    |grp_fu_735_p0               |   14|          3|   31|         93|
    |grp_fu_735_p1               |   14|          3|   16|         48|
    |inv_sum_2_reg_535           |    9|          2|   48|         96|
    |inv_sum_q30_1_reg_544       |    9|          2|   31|         62|
    |logits_buf_1_ce0            |    9|          2|    1|          2|
    |logits_buf_1_ce1            |    9|          2|    1|          2|
    |logits_buf_1_we1            |    9|          2|    1|          2|
    |logits_buf_2_ce0            |    9|          2|    1|          2|
    |logits_buf_2_ce1            |    9|          2|    1|          2|
    |logits_buf_2_we1            |    9|          2|    1|          2|
    |logits_buf_3_ce0            |    9|          2|    1|          2|
    |logits_buf_3_ce1            |    9|          2|    1|          2|
    |logits_buf_3_we1            |    9|          2|    1|          2|
    |logits_buf_ce0              |    9|          2|    1|          2|
    |logits_buf_ce1              |    9|          2|    1|          2|
    |logits_buf_we1              |    9|          2|    1|          2|
    |msb_reg_403                 |  142|         32|    5|        160|
    |sum64_fu_308                |    9|          2|   40|         80|
    |word_5_reg_556              |  142|         32|    5|        160|
    +----------------------------+-----+-----------+-----+-----------+
    |Total                       |  944|        208|  553|       2249|
    +----------------------------+-----+-----------+-----+-----------+

    * Register: 
    +-----------------------------------------------------+-----+----+-----+-----------+
    |                         Name                        |  FF | LUT| Bits| Const Bits|
    +-----------------------------------------------------+-----+----+-----+-----------+
    |add_ln484_reg_1872                                   |   31|   0|   31|          0|
    |ap_CS_fsm                                            |   32|   0|   32|          0|
    |ap_sync_reg_grp_generate_exp_buffer_fu_705_ap_done   |    1|   0|    1|          0|
    |ap_sync_reg_grp_generate_exp_buffer_fu_705_ap_ready  |    1|   0|    1|          0|
    |ap_sync_reg_grp_normalize_and_store_fu_720_ap_done   |    1|   0|    1|          0|
    |ap_sync_reg_grp_normalize_and_store_fu_720_ap_ready  |    1|   0|    1|          0|
    |dbg_base_read_reg_1566                               |   32|   0|   32|          0|
    |grp_generate_exp_buffer_fu_705_ap_start_reg          |    1|   0|    1|          0|
    |grp_load_logits_and_find_max_fu_687_ap_start_reg     |    1|   0|    1|          0|
    |grp_normalize_and_store_fu_720_ap_start_reg          |    1|   0|    1|          0|
    |icmp_ln457_reg_1589                                  |    1|   0|    1|          0|
    |icmp_ln95_reg_1663                                   |    1|   0|    1|          0|
    |inv_sum_2_reg_535                                    |   48|   0|   48|          0|
    |inv_sum_q30_1_reg_544                                |   31|   0|   31|          0|
    |line_10_reg_1998                                     |  128|   0|  128|          0|
    |line_9_reg_1867                                      |  128|   0|  128|          0|
    |line_reg_1840                                        |  128|   0|  128|          0|
    |max_x_reg_1610                                       |   32|   0|   32|          0|
    |mem_read_reg_1573                                    |   64|   0|   64|          0|
    |msb_reg_403                                          |    5|   0|    5|          0|
    |reg_966                                              |   31|   0|   31|          0|
    |reg_970                                              |   31|   0|   31|          0|
    |reg_974                                              |   32|   0|   32|          0|
    |select_ln458_reg_1593                                |    9|   0|    9|          0|
    |shl_ln179_3_reg_1862                                 |   16|   0|   16|          0|
    |shl_ln179_4_reg_1993                                 |   16|   0|   16|          0|
    |shl_ln179_reg_1835                                   |   16|   0|   16|          0|
    |sum64_fu_308                                         |   40|   0|   40|          0|
    |sum_q16_2_reg_1616                                   |   32|   0|   32|          0|
    |tmp_1_reg_1813                                       |   28|   0|   28|          0|
    |tmp_2_reg_1818                                       |    2|   0|    2|          0|
    |trunc_ln108_reg_1783                                 |   16|   0|   16|          0|
    |trunc_ln179_1_reg_1981                               |    2|   0|    2|          0|
    |trunc_ln179_reg_1850                                 |    2|   0|    2|          0|
    |trunc_ln186_1_reg_1845                               |   60|   0|   60|          0|
    |trunc_ln186_2_reg_1976                               |   60|   0|   60|          0|
    |trunc_ln3_reg_1605                                   |   28|   0|   28|          0|
    |trunc_ln9_reg_1824                                   |   60|   0|   60|          0|
    |trunc_ln_reg_1600                                    |   28|   0|   28|          0|
    |word_5_reg_556                                       |    5|   0|    5|          0|
    |x_q1_15_reg_1768                                     |   16|   0|   16|          0|
    |zext_ln462_reg_1657                                  |   30|   0|   31|          1|
    +-----------------------------------------------------+-----+----+-----+-----------+
    |Total                                                | 1228|   0| 1229|          1|
    +-----------------------------------------------------+-----+----+-----+-----------+



================================================================
== Interface
================================================================
* Summary: 
+-----------------------+-----+-----+------------+---------------+--------------+
|       RTL Ports       | Dir | Bits|  Protocol  | Source Object |    C Type    |
+-----------------------+-----+-----+------------+---------------+--------------+
|s_axi_control_AWVALID  |   in|    1|       s_axi|        control|        scalar|
|s_axi_control_AWREADY  |  out|    1|       s_axi|        control|        scalar|
|s_axi_control_AWADDR   |   in|    6|       s_axi|        control|        scalar|
|s_axi_control_WVALID   |   in|    1|       s_axi|        control|        scalar|
|s_axi_control_WREADY   |  out|    1|       s_axi|        control|        scalar|
|s_axi_control_WDATA    |   in|   32|       s_axi|        control|        scalar|
|s_axi_control_WSTRB    |   in|    4|       s_axi|        control|        scalar|
|s_axi_control_ARVALID  |   in|    1|       s_axi|        control|        scalar|
|s_axi_control_ARREADY  |  out|    1|       s_axi|        control|        scalar|
|s_axi_control_ARADDR   |   in|    6|       s_axi|        control|        scalar|
|s_axi_control_RVALID   |  out|    1|       s_axi|        control|        scalar|
|s_axi_control_RREADY   |   in|    1|       s_axi|        control|        scalar|
|s_axi_control_RDATA    |  out|   32|       s_axi|        control|        scalar|
|s_axi_control_RRESP    |  out|    2|       s_axi|        control|        scalar|
|s_axi_control_BVALID   |  out|    1|       s_axi|        control|        scalar|
|s_axi_control_BREADY   |   in|    1|       s_axi|        control|        scalar|
|s_axi_control_BRESP    |  out|    2|       s_axi|        control|        scalar|
|ap_clk                 |   in|    1|  ap_ctrl_hs|  softmax_accel|  return value|
|ap_rst_n               |   in|    1|  ap_ctrl_hs|  softmax_accel|  return value|
|interrupt              |  out|    1|  ap_ctrl_hs|  softmax_accel|  return value|
|m_axi_gmem_AWVALID     |  out|    1|       m_axi|           gmem|       pointer|
|m_axi_gmem_AWREADY     |   in|    1|       m_axi|           gmem|       pointer|
|m_axi_gmem_AWADDR      |  out|   64|       m_axi|           gmem|       pointer|
|m_axi_gmem_AWID        |  out|    1|       m_axi|           gmem|       pointer|
|m_axi_gmem_AWLEN       |  out|    8|       m_axi|           gmem|       pointer|
|m_axi_gmem_AWSIZE      |  out|    3|       m_axi|           gmem|       pointer|
|m_axi_gmem_AWBURST     |  out|    2|       m_axi|           gmem|       pointer|
|m_axi_gmem_AWLOCK      |  out|    2|       m_axi|           gmem|       pointer|
|m_axi_gmem_AWCACHE     |  out|    4|       m_axi|           gmem|       pointer|
|m_axi_gmem_AWPROT      |  out|    3|       m_axi|           gmem|       pointer|
|m_axi_gmem_AWQOS       |  out|    4|       m_axi|           gmem|       pointer|
|m_axi_gmem_AWREGION    |  out|    4|       m_axi|           gmem|       pointer|
|m_axi_gmem_AWUSER      |  out|    1|       m_axi|           gmem|       pointer|
|m_axi_gmem_WVALID      |  out|    1|       m_axi|           gmem|       pointer|
|m_axi_gmem_WREADY      |   in|    1|       m_axi|           gmem|       pointer|
|m_axi_gmem_WDATA       |  out|  128|       m_axi|           gmem|       pointer|
|m_axi_gmem_WSTRB       |  out|   16|       m_axi|           gmem|       pointer|
|m_axi_gmem_WLAST       |  out|    1|       m_axi|           gmem|       pointer|
|m_axi_gmem_WID         |  out|    1|       m_axi|           gmem|       pointer|
|m_axi_gmem_WUSER       |  out|    1|       m_axi|           gmem|       pointer|
|m_axi_gmem_ARVALID     |  out|    1|       m_axi|           gmem|       pointer|
|m_axi_gmem_ARREADY     |   in|    1|       m_axi|           gmem|       pointer|
|m_axi_gmem_ARADDR      |  out|   64|       m_axi|           gmem|       pointer|
|m_axi_gmem_ARID        |  out|    1|       m_axi|           gmem|       pointer|
|m_axi_gmem_ARLEN       |  out|    8|       m_axi|           gmem|       pointer|
|m_axi_gmem_ARSIZE      |  out|    3|       m_axi|           gmem|       pointer|
|m_axi_gmem_ARBURST     |  out|    2|       m_axi|           gmem|       pointer|
|m_axi_gmem_ARLOCK      |  out|    2|       m_axi|           gmem|       pointer|
|m_axi_gmem_ARCACHE     |  out|    4|       m_axi|           gmem|       pointer|
|m_axi_gmem_ARPROT      |  out|    3|       m_axi|           gmem|       pointer|
|m_axi_gmem_ARQOS       |  out|    4|       m_axi|           gmem|       pointer|
|m_axi_gmem_ARREGION    |  out|    4|       m_axi|           gmem|       pointer|
|m_axi_gmem_ARUSER      |  out|    1|       m_axi|           gmem|       pointer|
|m_axi_gmem_RVALID      |   in|    1|       m_axi|           gmem|       pointer|
|m_axi_gmem_RREADY      |  out|    1|       m_axi|           gmem|       pointer|
|m_axi_gmem_RDATA       |   in|  128|       m_axi|           gmem|       pointer|
|m_axi_gmem_RLAST       |   in|    1|       m_axi|           gmem|       pointer|
|m_axi_gmem_RID         |   in|    1|       m_axi|           gmem|       pointer|
|m_axi_gmem_RUSER       |   in|    1|       m_axi|           gmem|       pointer|
|m_axi_gmem_RRESP       |   in|    2|       m_axi|           gmem|       pointer|
|m_axi_gmem_BVALID      |   in|    1|       m_axi|           gmem|       pointer|
|m_axi_gmem_BREADY      |  out|    1|       m_axi|           gmem|       pointer|
|m_axi_gmem_BRESP       |   in|    2|       m_axi|           gmem|       pointer|
|m_axi_gmem_BID         |   in|    1|       m_axi|           gmem|       pointer|
|m_axi_gmem_BUSER       |   in|    1|       m_axi|           gmem|       pointer|
+-----------------------+-----+-----+------------+---------------+--------------+

