

================================================================
== Vitis HLS Report for 'write_prob_stream'
================================================================
* Date:           Sat Mar 14 14:59:14 2026

* Version:        2025.1 (Build 6135595 on May 21 2025)
* Project:        Prometheus_streaming_w4
* Solution:       hls (Vivado IP Flow Target)
* Product family: zynq
* Target device:  xc7z020-clg400-1


================================================================
== Performance Estimates
================================================================
+ Timing: 
    * Summary: 
    +--------+----------+----------+------------+
    |  Clock |  Target  | Estimated| Uncertainty|
    +--------+----------+----------+------------+
    |ap_clk  |  11.80 ns|  8.614 ns|     3.19 ns|
    +--------+----------+----------+------------+

+ Latency: 
    * Summary: 
    +---------+---------+-----------+----------+-----+-----+---------+
    |  Latency (cycles) |  Latency (absolute)  |  Interval | Pipeline|
    |   min   |   max   |    min    |    max   | min | max |   Type  |
    +---------+---------+-----------+----------+-----+-----+---------+
    |        4|       89|  47.200 ns|  1.050 us|    4|   89|       no|
    +---------+---------+-----------+----------+-----+-----+---------+

    + Detail: 
        * Instance: 
        +-------------------------------------------------------+--------------------------------------------+---------+---------+-----------+----------+-----+-----+------------------------------------------------+
        |                                                       |                                            |  Latency (cycles) |  Latency (absolute)  |  Interval |                    Pipeline                    |
        |                        Instance                       |                   Module                   |   min   |   max   |    min    |    max   | min | max |                      Type                      |
        +-------------------------------------------------------+--------------------------------------------+---------+---------+-----------+----------+-----+-----+------------------------------------------------+
        |grp_write_prob_stream_Pipeline_prob_write_loop_fu_158  |write_prob_stream_Pipeline_prob_write_loop  |        2|       72|  23.600 ns|  0.850 us|    1|   65|  loop auto-rewind stp (delay=0 clock cycles(s))|
        +-------------------------------------------------------+--------------------------------------------+---------+---------+-----------+----------+-----+-----+------------------------------------------------+

        * Loop: 
        N/A



================================================================
== Utilization Estimates
================================================================
* Summary: 
+-----------------+---------+-----+--------+-------+-----+
|       Name      | BRAM_18K| DSP |   FF   |  LUT  | URAM|
+-----------------+---------+-----+--------+-------+-----+
|DSP              |        -|    -|       -|      -|    -|
|Expression       |        -|    -|       0|   1207|    -|
|FIFO             |        -|    -|       -|      -|    -|
|Instance         |        -|    -|     210|    213|    -|
|Memory           |        -|    -|       -|      -|    -|
|Multiplexer      |        -|    -|       0|    376|    -|
|Register         |        -|    -|     632|      -|    -|
+-----------------+---------+-----+--------+-------+-----+
|Total            |        0|    0|     842|   1796|    0|
+-----------------+---------+-----+--------+-------+-----+
|Available        |      280|  220|  106400|  53200|    0|
+-----------------+---------+-----+--------+-------+-----+
|Utilization (%)  |        0|    0|      ~0|      3|    0|
+-----------------+---------+-----+--------+-------+-----+

+ Detail: 
    * Instance: 
    +-------------------------------------------------------+--------------------------------------------+---------+----+-----+-----+-----+
    |                        Instance                       |                   Module                   | BRAM_18K| DSP|  FF | LUT | URAM|
    +-------------------------------------------------------+--------------------------------------------+---------+----+-----+-----+-----+
    |grp_write_prob_stream_Pipeline_prob_write_loop_fu_158  |write_prob_stream_Pipeline_prob_write_loop  |        0|   0|  210|  213|    0|
    +-------------------------------------------------------+--------------------------------------------+---------+----+-----+-----+-----+
    |Total                                                  |                                            |        0|   0|  210|  213|    0|
    +-------------------------------------------------------+--------------------------------------------+---------+----+-----+-----+-----+

    * DSP: 
    N/A

    * Memory: 
    N/A

    * FIFO: 
    N/A

    * Expression: 
    +-----------------------+----------+----+---+-----+------------+------------+
    |     Variable Name     | Operation| DSP| FF| LUT | Bitwidth P0| Bitwidth P1|
    +-----------------------+----------+----+---+-----+------------+------------+
    |add_ln403_1_fu_216_p2  |         +|   0|  0|   71|          64|          64|
    |add_ln403_fu_198_p2    |         +|   0|  0|   36|          29|          29|
    |line_1_fu_307_p4       |      1003|   0|  0|  143|         128|          32|
    |line_3_fu_321_p4       |      1003|   0|  0|  143|         128|          32|
    |line_5_fu_337_p4       |      1003|   0|  0|  143|         128|          32|
    |line_7_fu_353_p4       |      1003|   0|  0|  143|         128|          32|
    |ap_block_state18       |       and|   0|  0|    2|           1|           1|
    |icmp_ln401_fu_186_p2   |      icmp|   0|  0|   10|           2|           1|
    |ap_block_state1        |        or|   0|  0|    2|           1|           1|
    |ap_block_state11       |        or|   0|  0|    2|           1|           1|
    |line_2_fu_315_p3       |    select|   0|  0|  128|           1|         128|
    |line_4_fu_330_p3       |    select|   0|  0|  128|           1|         128|
    |line_6_fu_346_p3       |    select|   0|  0|  128|           1|         128|
    |line_8_fu_362_p3       |    select|   0|  0|  128|           1|         128|
    +-----------------------+----------+----+---+-----+------------+------------+
    |Total                  |          |   0|  0| 1207|         614|         737|
    +-----------------------+----------+----+---+-----+------------+------------+

    * Multiplexer: 
    +-----------------------+----+-----------+-----+-----------+
    |          Name         | LUT| Input Size| Bits| Total Bits|
    +-----------------------+----+-----------+-----+-----------+
    |ap_NS_fsm              |  93|         19|    1|         19|
    |ap_done                |   9|          2|    1|          2|
    |gmem_blk_n_AR          |   9|          2|    1|          2|
    |gmem_blk_n_AW          |   9|          2|    1|          2|
    |gmem_blk_n_B           |   9|          2|    1|          2|
    |gmem_blk_n_R           |   9|          2|    1|          2|
    |gmem_blk_n_W           |   9|          2|    1|          2|
    |m_axi_gmem_0_AWADDR    |  14|          3|   64|        192|
    |m_axi_gmem_0_AWBURST   |   9|          2|    2|          4|
    |m_axi_gmem_0_AWCACHE   |   9|          2|    4|          8|
    |m_axi_gmem_0_AWID      |   9|          2|    1|          2|
    |m_axi_gmem_0_AWLEN     |  14|          3|   32|         96|
    |m_axi_gmem_0_AWLOCK    |   9|          2|    2|          4|
    |m_axi_gmem_0_AWPROT    |   9|          2|    3|          6|
    |m_axi_gmem_0_AWQOS     |   9|          2|    4|          8|
    |m_axi_gmem_0_AWREGION  |   9|          2|    4|          8|
    |m_axi_gmem_0_AWSIZE    |   9|          2|    3|          6|
    |m_axi_gmem_0_AWUSER    |   9|          2|    1|          2|
    |m_axi_gmem_0_AWVALID   |  14|          3|    1|          3|
    |m_axi_gmem_0_BREADY    |  14|          3|    1|          3|
    |m_axi_gmem_0_WDATA     |  14|          3|  128|        384|
    |m_axi_gmem_0_WID       |   9|          2|    1|          2|
    |m_axi_gmem_0_WLAST     |   9|          2|    1|          2|
    |m_axi_gmem_0_WSTRB     |  14|          3|   16|         48|
    |m_axi_gmem_0_WUSER     |   9|          2|    1|          2|
    |m_axi_gmem_0_WVALID    |  14|          3|    1|          3|
    |prob_stream_blk_n      |   9|          2|    1|          2|
    |prob_stream_read       |  14|          3|    1|          3|
    +-----------------------+----+-----------+-----+-----------+
    |Total                  | 376|         81|  279|        819|
    +-----------------------+----+-----------+-----+-----------+

    * Register: 
    +--------------------------------------------------------------------+-----+----+-----+-----------+
    |                                Name                                |  FF | LUT| Bits| Const Bits|
    +--------------------------------------------------------------------+-----+----+-----+-----------+
    |ap_CS_fsm                                                           |   18|   0|   18|          0|
    |ap_done_reg                                                         |    1|   0|    1|          0|
    |full_blocks_reg_381                                                 |    7|   0|    7|          0|
    |gmem_addr_reg_396                                                   |   64|   0|   64|          0|
    |grp_write_prob_stream_Pipeline_prob_write_loop_fu_158_ap_start_reg  |    1|   0|    1|          0|
    |icmp_ln401_reg_387                                                  |    1|   0|    1|          0|
    |line_8_reg_451                                                      |  128|   0|  128|          0|
    |line_reg_425                                                        |  128|   0|  128|          0|
    |mem_read_reg_375                                                    |   64|   0|   64|          0|
    |pkt_v0_reg_405                                                      |   32|   0|   32|          0|
    |pkt_v1_reg_410                                                      |   32|   0|   32|          0|
    |pkt_v2_reg_415                                                      |   32|   0|   32|          0|
    |pkt_v3_reg_420                                                      |   32|   0|   32|          0|
    |pr_l_read_reg_369                                                   |   28|   0|   28|          0|
    |tmp_1_reg_436                                                       |    1|   0|    1|          0|
    |tmp_2_reg_441                                                       |    1|   0|    1|          0|
    |tmp_3_reg_446                                                       |    1|   0|    1|          0|
    |tmp_reg_431                                                         |    1|   0|    1|          0|
    |trunc_ln2_reg_391                                                   |   60|   0|   60|          0|
    +--------------------------------------------------------------------+-----+----+-----+-----------+
    |Total                                                               |  632|   0|  632|          0|
    +--------------------------------------------------------------------+-----+----+-----+-----------+



================================================================
== Interface
================================================================
* Summary: 
+----------------------------+-----+-----+------------+-------------------+--------------+
|          RTL Ports         | Dir | Bits|  Protocol  |   Source Object   |    C Type    |
+----------------------------+-----+-----+------------+-------------------+--------------+
|ap_clk                      |   in|    1|  ap_ctrl_hs|  write_prob_stream|  return value|
|ap_rst                      |   in|    1|  ap_ctrl_hs|  write_prob_stream|  return value|
|ap_start                    |   in|    1|  ap_ctrl_hs|  write_prob_stream|  return value|
|ap_done                     |  out|    1|  ap_ctrl_hs|  write_prob_stream|  return value|
|ap_continue                 |   in|    1|  ap_ctrl_hs|  write_prob_stream|  return value|
|ap_idle                     |  out|    1|  ap_ctrl_hs|  write_prob_stream|  return value|
|ap_ready                    |  out|    1|  ap_ctrl_hs|  write_prob_stream|  return value|
|m_axi_gmem_0_AWVALID        |  out|    1|       m_axi|               gmem|       pointer|
|m_axi_gmem_0_AWREADY        |   in|    1|       m_axi|               gmem|       pointer|
|m_axi_gmem_0_AWADDR         |  out|   64|       m_axi|               gmem|       pointer|
|m_axi_gmem_0_AWID           |  out|    1|       m_axi|               gmem|       pointer|
|m_axi_gmem_0_AWLEN          |  out|   32|       m_axi|               gmem|       pointer|
|m_axi_gmem_0_AWSIZE         |  out|    3|       m_axi|               gmem|       pointer|
|m_axi_gmem_0_AWBURST        |  out|    2|       m_axi|               gmem|       pointer|
|m_axi_gmem_0_AWLOCK         |  out|    2|       m_axi|               gmem|       pointer|
|m_axi_gmem_0_AWCACHE        |  out|    4|       m_axi|               gmem|       pointer|
|m_axi_gmem_0_AWPROT         |  out|    3|       m_axi|               gmem|       pointer|
|m_axi_gmem_0_AWQOS          |  out|    4|       m_axi|               gmem|       pointer|
|m_axi_gmem_0_AWREGION       |  out|    4|       m_axi|               gmem|       pointer|
|m_axi_gmem_0_AWUSER         |  out|    1|       m_axi|               gmem|       pointer|
|m_axi_gmem_0_WVALID         |  out|    1|       m_axi|               gmem|       pointer|
|m_axi_gmem_0_WREADY         |   in|    1|       m_axi|               gmem|       pointer|
|m_axi_gmem_0_WDATA          |  out|  128|       m_axi|               gmem|       pointer|
|m_axi_gmem_0_WSTRB          |  out|   16|       m_axi|               gmem|       pointer|
|m_axi_gmem_0_WLAST          |  out|    1|       m_axi|               gmem|       pointer|
|m_axi_gmem_0_WID            |  out|    1|       m_axi|               gmem|       pointer|
|m_axi_gmem_0_WUSER          |  out|    1|       m_axi|               gmem|       pointer|
|m_axi_gmem_0_ARVALID        |  out|    1|       m_axi|               gmem|       pointer|
|m_axi_gmem_0_ARREADY        |   in|    1|       m_axi|               gmem|       pointer|
|m_axi_gmem_0_ARADDR         |  out|   64|       m_axi|               gmem|       pointer|
|m_axi_gmem_0_ARID           |  out|    1|       m_axi|               gmem|       pointer|
|m_axi_gmem_0_ARLEN          |  out|   32|       m_axi|               gmem|       pointer|
|m_axi_gmem_0_ARSIZE         |  out|    3|       m_axi|               gmem|       pointer|
|m_axi_gmem_0_ARBURST        |  out|    2|       m_axi|               gmem|       pointer|
|m_axi_gmem_0_ARLOCK         |  out|    2|       m_axi|               gmem|       pointer|
|m_axi_gmem_0_ARCACHE        |  out|    4|       m_axi|               gmem|       pointer|
|m_axi_gmem_0_ARPROT         |  out|    3|       m_axi|               gmem|       pointer|
|m_axi_gmem_0_ARQOS          |  out|    4|       m_axi|               gmem|       pointer|
|m_axi_gmem_0_ARREGION       |  out|    4|       m_axi|               gmem|       pointer|
|m_axi_gmem_0_ARUSER         |  out|    1|       m_axi|               gmem|       pointer|
|m_axi_gmem_0_RVALID         |   in|    1|       m_axi|               gmem|       pointer|
|m_axi_gmem_0_RREADY         |  out|    1|       m_axi|               gmem|       pointer|
|m_axi_gmem_0_RDATA          |   in|  128|       m_axi|               gmem|       pointer|
|m_axi_gmem_0_RLAST          |   in|    1|       m_axi|               gmem|       pointer|
|m_axi_gmem_0_RID            |   in|    1|       m_axi|               gmem|       pointer|
|m_axi_gmem_0_RFIFONUM       |   in|    9|       m_axi|               gmem|       pointer|
|m_axi_gmem_0_RUSER          |   in|    1|       m_axi|               gmem|       pointer|
|m_axi_gmem_0_RRESP          |   in|    2|       m_axi|               gmem|       pointer|
|m_axi_gmem_0_BVALID         |   in|    1|       m_axi|               gmem|       pointer|
|m_axi_gmem_0_BREADY         |  out|    1|       m_axi|               gmem|       pointer|
|m_axi_gmem_0_BRESP          |   in|    2|       m_axi|               gmem|       pointer|
|m_axi_gmem_0_BID            |   in|    1|       m_axi|               gmem|       pointer|
|m_axi_gmem_0_BUSER          |   in|    1|       m_axi|               gmem|       pointer|
|mem                         |   in|   64|   ap_stable|                mem|        scalar|
|pr_l                        |   in|   28|   ap_stable|               pr_l|        scalar|
|n                           |   in|    9|   ap_stable|                  n|        scalar|
|prob_stream_dout            |   in|  132|     ap_fifo|        prob_stream|       pointer|
|prob_stream_empty_n         |   in|    1|     ap_fifo|        prob_stream|       pointer|
|prob_stream_read            |  out|    1|     ap_fifo|        prob_stream|       pointer|
|prob_stream_num_data_valid  |   in|    5|     ap_fifo|        prob_stream|       pointer|
|prob_stream_fifo_cap        |   in|    5|     ap_fifo|        prob_stream|       pointer|
+----------------------------+-----+-----+------------+-------------------+--------------+

