

================================================================
== Vitis HLS Report for 'cpu'
================================================================
* Date:           Wed Feb 25 14:02:22 2026

* Version:        2025.1 (Build 6135595 on May 21 2025)
* Project:        extendo
* Solution:       hls (Vivado IP Flow Target)
* Product family: zynq
* Target device:  xc7z020-clg400-1


================================================================
== Performance Estimates
================================================================
+ Timing: 
    * Summary: 
    +--------+----------+-----------+------------+
    |  Clock |  Target  | Estimated | Uncertainty|
    +--------+----------+-----------+------------+
    |ap_clk  |  10.00 ns|  14.698 ns|     2.70 ns|
    +--------+----------+-----------+------------+

+ Latency: 
    * Summary: 
    +---------+---------+----------+----------+-----+-----+---------+
    |  Latency (cycles) |  Latency (absolute) |  Interval | Pipeline|
    |   min   |   max   |    min   |    max   | min | max |   Type  |
    +---------+---------+----------+----------+-----+-----+---------+
    |        ?|        ?|         ?|         ?|    ?|    ?|       no|
    +---------+---------+----------+----------+-----+-----+---------+

    + Detail: 
        * Instance: 
        +-----------------------------------------+------------------------------+---------+---------+----------+----------+-----+-----+------------------------------------------------+
        |                                         |                              |  Latency (cycles) |  Latency (absolute) |  Interval |                    Pipeline                    |
        |                 Instance                |            Module            |   min   |   max   |    min   |    max   | min | max |                      Type                      |
        +-----------------------------------------+------------------------------+---------+---------+----------+----------+-----+-----+------------------------------------------------+
        |grp_cpu_Pipeline_VITIS_LOOP_22_1_fu_154  |cpu_Pipeline_VITIS_LOOP_22_1  |       34|       34|  0.340 us|  0.340 us|   33|   33|  loop auto-rewind stp (delay=0 clock cycles(s))|
        |grp_cpu_Pipeline_PROGRAM_LOOP_fu_189     |cpu_Pipeline_PROGRAM_LOOP     |        ?|        ?|         ?|         ?|    ?|    ?|                                              no|
        +-----------------------------------------+------------------------------+---------+---------+----------+----------+-----+-----+------------------------------------------------+

        * Loop: 
        N/A



================================================================
== Utilization Estimates
================================================================
* Summary: 
+-----------------+---------+-----+--------+-------+-----+
|       Name      | BRAM_18K| DSP |   FF   |  LUT  | URAM|
+-----------------+---------+-----+--------+-------+-----+
|DSP              |        -|    -|       -|      -|    -|
|Expression       |        -|    -|       -|      -|    -|
|FIFO             |        -|    -|       -|      -|    -|
|Instance         |        -|   12|    2031|   2962|    -|
|Memory           |        -|    -|       -|      -|    -|
|Multiplexer      |        -|    -|       0|     25|    -|
|Register         |        -|    -|       6|      -|    -|
+-----------------+---------+-----+--------+-------+-----+
|Total            |        0|   12|    2037|   2987|    0|
+-----------------+---------+-----+--------+-------+-----+
|Available        |      280|  220|  106400|  53200|    0|
+-----------------+---------+-----+--------+-------+-----+
|Utilization (%)  |        0|    5|       1|      5|    0|
+-----------------+---------+-----+--------+-------+-----+

+ Detail: 
    * Instance: 
    +-----------------------------------------+------------------------------+---------+----+------+------+-----+
    |                 Instance                |            Module            | BRAM_18K| DSP|  FF  |  LUT | URAM|
    +-----------------------------------------+------------------------------+---------+----+------+------+-----+
    |grp_cpu_Pipeline_PROGRAM_LOOP_fu_189     |cpu_Pipeline_PROGRAM_LOOP     |        0|  12|  2023|  2907|    0|
    |grp_cpu_Pipeline_VITIS_LOOP_22_1_fu_154  |cpu_Pipeline_VITIS_LOOP_22_1  |        0|   0|     8|    55|    0|
    +-----------------------------------------+------------------------------+---------+----+------+------+-----+
    |Total                                    |                              |        0|  12|  2031|  2962|    0|
    +-----------------------------------------+------------------------------+---------+----+------+------+-----+

    * DSP: 
    N/A

    * Memory: 
    N/A

    * FIFO: 
    N/A

    * Expression: 
    N/A

    * Multiplexer: 
    +-----------+----+-----------+-----+-----------+
    |    Name   | LUT| Input Size| Bits| Total Bits|
    +-----------+----+-----------+-----+-----------+
    |ap_NS_fsm  |  25|          5|    1|          5|
    +-----------+----+-----------+-----+-----------+
    |Total      |  25|          5|    1|          5|
    +-----------+----+-----------+-----+-----------+

    * Register: 
    +------------------------------------------------------+---+----+-----+-----------+
    |                         Name                         | FF| LUT| Bits| Const Bits|
    +------------------------------------------------------+---+----+-----+-----------+
    |ap_CS_fsm                                             |  4|   0|    4|          0|
    |grp_cpu_Pipeline_PROGRAM_LOOP_fu_189_ap_start_reg     |  1|   0|    1|          0|
    |grp_cpu_Pipeline_VITIS_LOOP_22_1_fu_154_ap_start_reg  |  1|   0|    1|          0|
    +------------------------------------------------------+---+----+-----+-----------+
    |Total                                                 |  6|   0|    6|          0|
    +------------------------------------------------------+---+----+-----+-----------+



================================================================
== Interface
================================================================
* Summary: 
+---------------+-----+-----+------------+--------------+--------------+
|   RTL Ports   | Dir | Bits|  Protocol  | Source Object|    C Type    |
+---------------+-----+-----+------------+--------------+--------------+
|ap_clk         |   in|    1|  ap_ctrl_hs|           cpu|  return value|
|ap_rst         |   in|    1|  ap_ctrl_hs|           cpu|  return value|
|ap_start       |   in|    1|  ap_ctrl_hs|           cpu|  return value|
|ap_done        |  out|    1|  ap_ctrl_hs|           cpu|  return value|
|ap_idle        |  out|    1|  ap_ctrl_hs|           cpu|  return value|
|ap_ready       |  out|    1|  ap_ctrl_hs|           cpu|  return value|
|imem_address0  |  out|   16|   ap_memory|          imem|         array|
|imem_ce0       |  out|    1|   ap_memory|          imem|         array|
|imem_q0        |   in|   32|   ap_memory|          imem|         array|
|dmem_address0  |  out|   16|   ap_memory|          dmem|         array|
|dmem_ce0       |  out|    1|   ap_memory|          dmem|         array|
|dmem_we0       |  out|    1|   ap_memory|          dmem|         array|
|dmem_d0        |  out|   32|   ap_memory|          dmem|         array|
|dmem_q0        |   in|   32|   ap_memory|          dmem|         array|
|pstrb          |   in|    4|     ap_none|         pstrb|       pointer|
+---------------+-----+-----+------------+--------------+--------------+

============================================================
+ Verbose Summary: Synthesis Manager
============================================================
InlineROM: 1
ExposeGlobal: 0
============================================================
+ Verbose Summary: CDFG Model
============================================================
IsTopModel: 1
ResetActiveHigh: 1
IsCombinational: 2
IsDatapathOnly: 2
HasWiredReturn: 1
HasMFsm: 0
HasVarLatency: 1
IsPipeline: 0
IsRtlPipelined: 0
IsInstanceOverlapped: 0
IsDontTouch: 0
HasImplIP: 0
IsGatedGlobalClock: 0


============================================================
+ Verbose Summary: Schedule
============================================================
* Number of FSM states : 4
* Pipeline : 0
* Dataflow Pipeline: 0

* FSM state transitions: 
1 --> 2 
2 --> 3 
3 --> 4 
4 --> 

* FSM state operations: 

State 1 <SV = 0> <Delay = 0.00>
ST_1 : Operation 5 [1/1] (0.00ns)   --->   "%reg_file_loc = alloca i64 1"   --->   Operation 5 'alloca' 'reg_file_loc' <Predicate = true> <Delay = 0.00>
ST_1 : Operation 6 [1/1] (0.00ns)   --->   "%reg_file_1_loc = alloca i64 1"   --->   Operation 6 'alloca' 'reg_file_1_loc' <Predicate = true> <Delay = 0.00>
ST_1 : Operation 7 [1/1] (0.00ns)   --->   "%reg_file_2_loc = alloca i64 1"   --->   Operation 7 'alloca' 'reg_file_2_loc' <Predicate = true> <Delay = 0.00>
ST_1 : Operation 8 [1/1] (0.00ns)   --->   "%reg_file_3_loc = alloca i64 1"   --->   Operation 8 'alloca' 'reg_file_3_loc' <Predicate = true> <Delay = 0.00>
ST_1 : Operation 9 [1/1] (0.00ns)   --->   "%reg_file_4_loc = alloca i64 1"   --->   Operation 9 'alloca' 'reg_file_4_loc' <Predicate = true> <Delay = 0.00>
ST_1 : Operation 10 [1/1] (0.00ns)   --->   "%reg_file_5_loc = alloca i64 1"   --->   Operation 10 'alloca' 'reg_file_5_loc' <Predicate = true> <Delay = 0.00>
ST_1 : Operation 11 [1/1] (0.00ns)   --->   "%reg_file_6_loc = alloca i64 1"   --->   Operation 11 'alloca' 'reg_file_6_loc' <Predicate = true> <Delay = 0.00>
ST_1 : Operation 12 [1/1] (0.00ns)   --->   "%reg_file_7_loc = alloca i64 1"   --->   Operation 12 'alloca' 'reg_file_7_loc' <Predicate = true> <Delay = 0.00>
ST_1 : Operation 13 [1/1] (0.00ns)   --->   "%reg_file_8_loc = alloca i64 1"   --->   Operation 13 'alloca' 'reg_file_8_loc' <Predicate = true> <Delay = 0.00>
ST_1 : Operation 14 [1/1] (0.00ns)   --->   "%reg_file_9_loc = alloca i64 1"   --->   Operation 14 'alloca' 'reg_file_9_loc' <Predicate = true> <Delay = 0.00>
ST_1 : Operation 15 [1/1] (0.00ns)   --->   "%reg_file_10_loc = alloca i64 1"   --->   Operation 15 'alloca' 'reg_file_10_loc' <Predicate = true> <Delay = 0.00>
ST_1 : Operation 16 [1/1] (0.00ns)   --->   "%reg_file_11_loc = alloca i64 1"   --->   Operation 16 'alloca' 'reg_file_11_loc' <Predicate = true> <Delay = 0.00>
ST_1 : Operation 17 [1/1] (0.00ns)   --->   "%reg_file_12_loc = alloca i64 1"   --->   Operation 17 'alloca' 'reg_file_12_loc' <Predicate = true> <Delay = 0.00>
ST_1 : Operation 18 [1/1] (0.00ns)   --->   "%reg_file_13_loc = alloca i64 1"   --->   Operation 18 'alloca' 'reg_file_13_loc' <Predicate = true> <Delay = 0.00>
ST_1 : Operation 19 [1/1] (0.00ns)   --->   "%reg_file_14_loc = alloca i64 1"   --->   Operation 19 'alloca' 'reg_file_14_loc' <Predicate = true> <Delay = 0.00>
ST_1 : Operation 20 [1/1] (0.00ns)   --->   "%reg_file_15_loc = alloca i64 1"   --->   Operation 20 'alloca' 'reg_file_15_loc' <Predicate = true> <Delay = 0.00>
ST_1 : Operation 21 [1/1] (0.00ns)   --->   "%reg_file_16_loc = alloca i64 1"   --->   Operation 21 'alloca' 'reg_file_16_loc' <Predicate = true> <Delay = 0.00>
ST_1 : Operation 22 [1/1] (0.00ns)   --->   "%reg_file_17_loc = alloca i64 1"   --->   Operation 22 'alloca' 'reg_file_17_loc' <Predicate = true> <Delay = 0.00>
ST_1 : Operation 23 [1/1] (0.00ns)   --->   "%reg_file_18_loc = alloca i64 1"   --->   Operation 23 'alloca' 'reg_file_18_loc' <Predicate = true> <Delay = 0.00>
ST_1 : Operation 24 [1/1] (0.00ns)   --->   "%reg_file_19_loc = alloca i64 1"   --->   Operation 24 'alloca' 'reg_file_19_loc' <Predicate = true> <Delay = 0.00>
ST_1 : Operation 25 [1/1] (0.00ns)   --->   "%reg_file_20_loc = alloca i64 1"   --->   Operation 25 'alloca' 'reg_file_20_loc' <Predicate = true> <Delay = 0.00>
ST_1 : Operation 26 [1/1] (0.00ns)   --->   "%reg_file_21_loc = alloca i64 1"   --->   Operation 26 'alloca' 'reg_file_21_loc' <Predicate = true> <Delay = 0.00>
ST_1 : Operation 27 [1/1] (0.00ns)   --->   "%reg_file_22_loc = alloca i64 1"   --->   Operation 27 'alloca' 'reg_file_22_loc' <Predicate = true> <Delay = 0.00>
ST_1 : Operation 28 [1/1] (0.00ns)   --->   "%reg_file_23_loc = alloca i64 1"   --->   Operation 28 'alloca' 'reg_file_23_loc' <Predicate = true> <Delay = 0.00>
ST_1 : Operation 29 [1/1] (0.00ns)   --->   "%reg_file_24_loc = alloca i64 1"   --->   Operation 29 'alloca' 'reg_file_24_loc' <Predicate = true> <Delay = 0.00>
ST_1 : Operation 30 [1/1] (0.00ns)   --->   "%reg_file_25_loc = alloca i64 1"   --->   Operation 30 'alloca' 'reg_file_25_loc' <Predicate = true> <Delay = 0.00>
ST_1 : Operation 31 [1/1] (0.00ns)   --->   "%reg_file_26_loc = alloca i64 1"   --->   Operation 31 'alloca' 'reg_file_26_loc' <Predicate = true> <Delay = 0.00>
ST_1 : Operation 32 [1/1] (0.00ns)   --->   "%reg_file_27_loc = alloca i64 1"   --->   Operation 32 'alloca' 'reg_file_27_loc' <Predicate = true> <Delay = 0.00>
ST_1 : Operation 33 [1/1] (0.00ns)   --->   "%reg_file_28_loc = alloca i64 1"   --->   Operation 33 'alloca' 'reg_file_28_loc' <Predicate = true> <Delay = 0.00>
ST_1 : Operation 34 [1/1] (0.00ns)   --->   "%reg_file_29_loc = alloca i64 1"   --->   Operation 34 'alloca' 'reg_file_29_loc' <Predicate = true> <Delay = 0.00>
ST_1 : Operation 35 [1/1] (0.00ns)   --->   "%reg_file_30_loc = alloca i64 1"   --->   Operation 35 'alloca' 'reg_file_30_loc' <Predicate = true> <Delay = 0.00>
ST_1 : Operation 36 [2/2] (0.00ns)   --->   "%call_ln0 = call void @cpu_Pipeline_VITIS_LOOP_22_1, i32 %reg_file_30_loc, i32 %reg_file_29_loc, i32 %reg_file_28_loc, i32 %reg_file_27_loc, i32 %reg_file_26_loc, i32 %reg_file_25_loc, i32 %reg_file_24_loc, i32 %reg_file_23_loc, i32 %reg_file_22_loc, i32 %reg_file_21_loc, i32 %reg_file_20_loc, i32 %reg_file_19_loc, i32 %reg_file_18_loc, i32 %reg_file_17_loc, i32 %reg_file_16_loc, i32 %reg_file_15_loc, i32 %reg_file_14_loc, i32 %reg_file_13_loc, i32 %reg_file_12_loc, i32 %reg_file_11_loc, i32 %reg_file_10_loc, i32 %reg_file_9_loc, i32 %reg_file_8_loc, i32 %reg_file_7_loc, i32 %reg_file_6_loc, i32 %reg_file_5_loc, i32 %reg_file_4_loc, i32 %reg_file_3_loc, i32 %reg_file_2_loc, i32 %reg_file_1_loc, i32 %reg_file_loc"   --->   Operation 36 'call' 'call_ln0' <Predicate = true> <Delay = 0.00> <CoreType = "Generic">   --->   Generic Core

State 2 <SV = 1> <Delay = 5.00>
ST_2 : Operation 37 [1/2] (5.00ns)   --->   "%call_ln0 = call void @cpu_Pipeline_VITIS_LOOP_22_1, i32 %reg_file_30_loc, i32 %reg_file_29_loc, i32 %reg_file_28_loc, i32 %reg_file_27_loc, i32 %reg_file_26_loc, i32 %reg_file_25_loc, i32 %reg_file_24_loc, i32 %reg_file_23_loc, i32 %reg_file_22_loc, i32 %reg_file_21_loc, i32 %reg_file_20_loc, i32 %reg_file_19_loc, i32 %reg_file_18_loc, i32 %reg_file_17_loc, i32 %reg_file_16_loc, i32 %reg_file_15_loc, i32 %reg_file_14_loc, i32 %reg_file_13_loc, i32 %reg_file_12_loc, i32 %reg_file_11_loc, i32 %reg_file_10_loc, i32 %reg_file_9_loc, i32 %reg_file_8_loc, i32 %reg_file_7_loc, i32 %reg_file_6_loc, i32 %reg_file_5_loc, i32 %reg_file_4_loc, i32 %reg_file_3_loc, i32 %reg_file_2_loc, i32 %reg_file_1_loc, i32 %reg_file_loc"   --->   Operation 37 'call' 'call_ln0' <Predicate = true> <Delay = 5.00> <CoreType = "Generic">   --->   Generic Core

State 3 <SV = 2> <Delay = 0.00>
ST_3 : Operation 38 [1/1] (0.00ns)   --->   "%reg_file_30_loc_load = load i32 %reg_file_30_loc"   --->   Operation 38 'load' 'reg_file_30_loc_load' <Predicate = true> <Delay = 0.00>
ST_3 : Operation 39 [1/1] (0.00ns)   --->   "%reg_file_29_loc_load = load i32 %reg_file_29_loc"   --->   Operation 39 'load' 'reg_file_29_loc_load' <Predicate = true> <Delay = 0.00>
ST_3 : Operation 40 [1/1] (0.00ns)   --->   "%reg_file_28_loc_load = load i32 %reg_file_28_loc"   --->   Operation 40 'load' 'reg_file_28_loc_load' <Predicate = true> <Delay = 0.00>
ST_3 : Operation 41 [1/1] (0.00ns)   --->   "%reg_file_27_loc_load = load i32 %reg_file_27_loc"   --->   Operation 41 'load' 'reg_file_27_loc_load' <Predicate = true> <Delay = 0.00>
ST_3 : Operation 42 [1/1] (0.00ns)   --->   "%reg_file_26_loc_load = load i32 %reg_file_26_loc"   --->   Operation 42 'load' 'reg_file_26_loc_load' <Predicate = true> <Delay = 0.00>
ST_3 : Operation 43 [1/1] (0.00ns)   --->   "%reg_file_25_loc_load = load i32 %reg_file_25_loc"   --->   Operation 43 'load' 'reg_file_25_loc_load' <Predicate = true> <Delay = 0.00>
ST_3 : Operation 44 [1/1] (0.00ns)   --->   "%reg_file_24_loc_load = load i32 %reg_file_24_loc"   --->   Operation 44 'load' 'reg_file_24_loc_load' <Predicate = true> <Delay = 0.00>
ST_3 : Operation 45 [1/1] (0.00ns)   --->   "%reg_file_23_loc_load = load i32 %reg_file_23_loc"   --->   Operation 45 'load' 'reg_file_23_loc_load' <Predicate = true> <Delay = 0.00>
ST_3 : Operation 46 [1/1] (0.00ns)   --->   "%reg_file_22_loc_load = load i32 %reg_file_22_loc"   --->   Operation 46 'load' 'reg_file_22_loc_load' <Predicate = true> <Delay = 0.00>
ST_3 : Operation 47 [1/1] (0.00ns)   --->   "%reg_file_21_loc_load = load i32 %reg_file_21_loc"   --->   Operation 47 'load' 'reg_file_21_loc_load' <Predicate = true> <Delay = 0.00>
ST_3 : Operation 48 [1/1] (0.00ns)   --->   "%reg_file_20_loc_load = load i32 %reg_file_20_loc"   --->   Operation 48 'load' 'reg_file_20_loc_load' <Predicate = true> <Delay = 0.00>
ST_3 : Operation 49 [1/1] (0.00ns)   --->   "%reg_file_19_loc_load = load i32 %reg_file_19_loc"   --->   Operation 49 'load' 'reg_file_19_loc_load' <Predicate = true> <Delay = 0.00>
ST_3 : Operation 50 [1/1] (0.00ns)   --->   "%reg_file_18_loc_load = load i32 %reg_file_18_loc"   --->   Operation 50 'load' 'reg_file_18_loc_load' <Predicate = true> <Delay = 0.00>
ST_3 : Operation 51 [1/1] (0.00ns)   --->   "%reg_file_17_loc_load = load i32 %reg_file_17_loc"   --->   Operation 51 'load' 'reg_file_17_loc_load' <Predicate = true> <Delay = 0.00>
ST_3 : Operation 52 [1/1] (0.00ns)   --->   "%reg_file_16_loc_load = load i32 %reg_file_16_loc"   --->   Operation 52 'load' 'reg_file_16_loc_load' <Predicate = true> <Delay = 0.00>
ST_3 : Operation 53 [1/1] (0.00ns)   --->   "%reg_file_15_loc_load = load i32 %reg_file_15_loc"   --->   Operation 53 'load' 'reg_file_15_loc_load' <Predicate = true> <Delay = 0.00>
ST_3 : Operation 54 [1/1] (0.00ns)   --->   "%reg_file_14_loc_load = load i32 %reg_file_14_loc"   --->   Operation 54 'load' 'reg_file_14_loc_load' <Predicate = true> <Delay = 0.00>
ST_3 : Operation 55 [1/1] (0.00ns)   --->   "%reg_file_13_loc_load = load i32 %reg_file_13_loc"   --->   Operation 55 'load' 'reg_file_13_loc_load' <Predicate = true> <Delay = 0.00>
ST_3 : Operation 56 [1/1] (0.00ns)   --->   "%reg_file_12_loc_load = load i32 %reg_file_12_loc"   --->   Operation 56 'load' 'reg_file_12_loc_load' <Predicate = true> <Delay = 0.00>
ST_3 : Operation 57 [1/1] (0.00ns)   --->   "%reg_file_11_loc_load = load i32 %reg_file_11_loc"   --->   Operation 57 'load' 'reg_file_11_loc_load' <Predicate = true> <Delay = 0.00>
ST_3 : Operation 58 [1/1] (0.00ns)   --->   "%reg_file_10_loc_load = load i32 %reg_file_10_loc"   --->   Operation 58 'load' 'reg_file_10_loc_load' <Predicate = true> <Delay = 0.00>
ST_3 : Operation 59 [1/1] (0.00ns)   --->   "%reg_file_9_loc_load = load i32 %reg_file_9_loc"   --->   Operation 59 'load' 'reg_file_9_loc_load' <Predicate = true> <Delay = 0.00>
ST_3 : Operation 60 [1/1] (0.00ns)   --->   "%reg_file_8_loc_load = load i32 %reg_file_8_loc"   --->   Operation 60 'load' 'reg_file_8_loc_load' <Predicate = true> <Delay = 0.00>
ST_3 : Operation 61 [1/1] (0.00ns)   --->   "%reg_file_7_loc_load = load i32 %reg_file_7_loc"   --->   Operation 61 'load' 'reg_file_7_loc_load' <Predicate = true> <Delay = 0.00>
ST_3 : Operation 62 [1/1] (0.00ns)   --->   "%reg_file_6_loc_load = load i32 %reg_file_6_loc"   --->   Operation 62 'load' 'reg_file_6_loc_load' <Predicate = true> <Delay = 0.00>
ST_3 : Operation 63 [1/1] (0.00ns)   --->   "%reg_file_5_loc_load = load i32 %reg_file_5_loc"   --->   Operation 63 'load' 'reg_file_5_loc_load' <Predicate = true> <Delay = 0.00>
ST_3 : Operation 64 [1/1] (0.00ns)   --->   "%reg_file_4_loc_load = load i32 %reg_file_4_loc"   --->   Operation 64 'load' 'reg_file_4_loc_load' <Predicate = true> <Delay = 0.00>
ST_3 : Operation 65 [1/1] (0.00ns)   --->   "%reg_file_3_loc_load = load i32 %reg_file_3_loc"   --->   Operation 65 'load' 'reg_file_3_loc_load' <Predicate = true> <Delay = 0.00>
ST_3 : Operation 66 [1/1] (0.00ns)   --->   "%reg_file_2_loc_load = load i32 %reg_file_2_loc"   --->   Operation 66 'load' 'reg_file_2_loc_load' <Predicate = true> <Delay = 0.00>
ST_3 : Operation 67 [1/1] (0.00ns)   --->   "%reg_file_1_loc_load = load i32 %reg_file_1_loc"   --->   Operation 67 'load' 'reg_file_1_loc_load' <Predicate = true> <Delay = 0.00>
ST_3 : Operation 68 [1/1] (0.00ns)   --->   "%reg_file_loc_load = load i32 %reg_file_loc"   --->   Operation 68 'load' 'reg_file_loc_load' <Predicate = true> <Delay = 0.00>
ST_3 : Operation 69 [2/2] (0.00ns)   --->   "%call_ln0 = call void @cpu_Pipeline_PROGRAM_LOOP, i32 %reg_file_30_loc_load, i32 %reg_file_29_loc_load, i32 %reg_file_28_loc_load, i32 %reg_file_27_loc_load, i32 %reg_file_26_loc_load, i32 %reg_file_25_loc_load, i32 %reg_file_24_loc_load, i32 %reg_file_23_loc_load, i32 %reg_file_22_loc_load, i32 %reg_file_21_loc_load, i32 %reg_file_20_loc_load, i32 %reg_file_19_loc_load, i32 %reg_file_18_loc_load, i32 %reg_file_17_loc_load, i32 %reg_file_16_loc_load, i32 %reg_file_15_loc_load, i32 %reg_file_14_loc_load, i32 %reg_file_13_loc_load, i32 %reg_file_12_loc_load, i32 %reg_file_11_loc_load, i32 %reg_file_10_loc_load, i32 %reg_file_9_loc_load, i32 %reg_file_8_loc_load, i32 %reg_file_7_loc_load, i32 %reg_file_6_loc_load, i32 %reg_file_5_loc_load, i32 %reg_file_4_loc_load, i32 %reg_file_3_loc_load, i32 %reg_file_2_loc_load, i32 %reg_file_1_loc_load, i32 %reg_file_loc_load, i32 %imem, i32 %dmem"   --->   Operation 69 'call' 'call_ln0' <Predicate = true> <Delay = 0.00> <CoreType = "Generic">   --->   Generic Core

State 4 <SV = 3> <Delay = 0.00>
ST_4 : Operation 70 [1/1] (0.00ns)   --->   "%spectopmodule_ln14 = spectopmodule void @_ssdm_op_SpecTopModule, void @empty_2" [riscv32i.cc:14]   --->   Operation 70 'spectopmodule' 'spectopmodule_ln14' <Predicate = true> <Delay = 0.00>
ST_4 : Operation 71 [1/1] (0.00ns)   --->   "%specinterface_ln0 = specinterface void @_ssdm_op_SpecInterface, i32 %imem, void @empty, i32 0, i32 0, void @empty_0, i32 4294967295, i32 0, void @empty_0, void @empty_0, void @empty_0, i32 0, i32 0, i32 0, i32 0, void @empty_0, void @empty_0, i32 4294967295, i32 0, i32 0"   --->   Operation 71 'specinterface' 'specinterface_ln0' <Predicate = true> <Delay = 0.00>
ST_4 : Operation 72 [1/1] (0.00ns)   --->   "%specbitsmap_ln0 = specbitsmap void @_ssdm_op_SpecBitsMap, i32 %imem"   --->   Operation 72 'specbitsmap' 'specbitsmap_ln0' <Predicate = true> <Delay = 0.00>
ST_4 : Operation 73 [1/1] (0.00ns)   --->   "%specinterface_ln0 = specinterface void @_ssdm_op_SpecInterface, i32 %dmem, void @empty, i32 0, i32 0, void @empty_0, i32 4294967295, i32 0, void @empty_0, void @empty_0, void @empty_0, i32 0, i32 0, i32 0, i32 0, void @empty_0, void @empty_0, i32 4294967295, i32 0, i32 0"   --->   Operation 73 'specinterface' 'specinterface_ln0' <Predicate = true> <Delay = 0.00>
ST_4 : Operation 74 [1/1] (0.00ns)   --->   "%specbitsmap_ln0 = specbitsmap void @_ssdm_op_SpecBitsMap, i32 %dmem"   --->   Operation 74 'specbitsmap' 'specbitsmap_ln0' <Predicate = true> <Delay = 0.00>
ST_4 : Operation 75 [1/1] (0.00ns)   --->   "%specbitsmap_ln0 = specbitsmap void @_ssdm_op_SpecBitsMap, i4 %pstrb"   --->   Operation 75 'specbitsmap' 'specbitsmap_ln0' <Predicate = true> <Delay = 0.00>
ST_4 : Operation 76 [1/1] (0.00ns)   --->   "%specinterface_ln0 = specinterface void @_ssdm_op_SpecInterface, i4 %pstrb, void @empty_1, i32 4294967295, i32 4294967295, void @empty_0, i32 0, i32 0, void @empty_0, void @empty_0, void @empty_0, i32 0, i32 0, i32 0, i32 0, void @empty_0, void @empty_0, i32 4294967295, i32 0, i32 0"   --->   Operation 76 'specinterface' 'specinterface_ln0' <Predicate = true> <Delay = 0.00>
ST_4 : Operation 77 [1/2] (0.00ns)   --->   "%call_ln0 = call void @cpu_Pipeline_PROGRAM_LOOP, i32 %reg_file_30_loc_load, i32 %reg_file_29_loc_load, i32 %reg_file_28_loc_load, i32 %reg_file_27_loc_load, i32 %reg_file_26_loc_load, i32 %reg_file_25_loc_load, i32 %reg_file_24_loc_load, i32 %reg_file_23_loc_load, i32 %reg_file_22_loc_load, i32 %reg_file_21_loc_load, i32 %reg_file_20_loc_load, i32 %reg_file_19_loc_load, i32 %reg_file_18_loc_load, i32 %reg_file_17_loc_load, i32 %reg_file_16_loc_load, i32 %reg_file_15_loc_load, i32 %reg_file_14_loc_load, i32 %reg_file_13_loc_load, i32 %reg_file_12_loc_load, i32 %reg_file_11_loc_load, i32 %reg_file_10_loc_load, i32 %reg_file_9_loc_load, i32 %reg_file_8_loc_load, i32 %reg_file_7_loc_load, i32 %reg_file_6_loc_load, i32 %reg_file_5_loc_load, i32 %reg_file_4_loc_load, i32 %reg_file_3_loc_load, i32 %reg_file_2_loc_load, i32 %reg_file_1_loc_load, i32 %reg_file_loc_load, i32 %imem, i32 %dmem"   --->   Operation 77 'call' 'call_ln0' <Predicate = true> <Delay = 0.00> <CoreType = "Generic">   --->   Generic Core
ST_4 : Operation 78 [1/1] (0.00ns)   --->   "%ret_ln260 = ret" [riscv32i.cc:260]   --->   Operation 78 'ret' 'ret_ln260' <Predicate = true> <Delay = 0.00>


============================================================
+ Verbose Summary: Binding
============================================================
STG Binding: 
---------------- STG Properties BEGIN ----------------
- Is combinational: 0
- Is one-state seq: 0
- Is datapath-only: 0
- Is pipelined: 0
- Is top level: 1
Port [ Return ] is wired: 1; IO mode=ap_ctrl_hs:ce=0
Port [ imem]:  wired=1; compound=1; hidden=0; nouse=0; global=0; static=0; extern=0; dir=0; type=1; pingpong=0; private_global=0; MemPort=[13]; IO mode=ap_memory:ce=0
Port [ dmem]:  wired=1; compound=1; hidden=0; nouse=0; global=0; static=0; extern=0; dir=2; type=1; pingpong=0; private_global=0; MemPort=[23]; IO mode=ap_memory:ce=0
Port [ pstrb]:  wired=1; compound=0; hidden=0; nouse=1; global=0; static=0; extern=0; dir=0; type=0; pingpong=0; private_global=0; IO mode=ap_none:ce=0
---------------- STG Properties END ------------------

---------------- Datapath Model BEGIN ----------------

<LifeTime>
<method=bitvector/>
reg_file_loc         (alloca       ) [ 01110]
reg_file_1_loc       (alloca       ) [ 01110]
reg_file_2_loc       (alloca       ) [ 01110]
reg_file_3_loc       (alloca       ) [ 01110]
reg_file_4_loc       (alloca       ) [ 01110]
reg_file_5_loc       (alloca       ) [ 01110]
reg_file_6_loc       (alloca       ) [ 01110]
reg_file_7_loc       (alloca       ) [ 01110]
reg_file_8_loc       (alloca       ) [ 01110]
reg_file_9_loc       (alloca       ) [ 01110]
reg_file_10_loc      (alloca       ) [ 01110]
reg_file_11_loc      (alloca       ) [ 01110]
reg_file_12_loc      (alloca       ) [ 01110]
reg_file_13_loc      (alloca       ) [ 01110]
reg_file_14_loc      (alloca       ) [ 01110]
reg_file_15_loc      (alloca       ) [ 01110]
reg_file_16_loc      (alloca       ) [ 01110]
reg_file_17_loc      (alloca       ) [ 01110]
reg_file_18_loc      (alloca       ) [ 01110]
reg_file_19_loc      (alloca       ) [ 01110]
reg_file_20_loc      (alloca       ) [ 01110]
reg_file_21_loc      (alloca       ) [ 01110]
reg_file_22_loc      (alloca       ) [ 01110]
reg_file_23_loc      (alloca       ) [ 01110]
reg_file_24_loc      (alloca       ) [ 01110]
reg_file_25_loc      (alloca       ) [ 01110]
reg_file_26_loc      (alloca       ) [ 01110]
reg_file_27_loc      (alloca       ) [ 01110]
reg_file_28_loc      (alloca       ) [ 01110]
reg_file_29_loc      (alloca       ) [ 01110]
reg_file_30_loc      (alloca       ) [ 01110]
call_ln0             (call         ) [ 00000]
reg_file_30_loc_load (load         ) [ 00001]
reg_file_29_loc_load (load         ) [ 00001]
reg_file_28_loc_load (load         ) [ 00001]
reg_file_27_loc_load (load         ) [ 00001]
reg_file_26_loc_load (load         ) [ 00001]
reg_file_25_loc_load (load         ) [ 00001]
reg_file_24_loc_load (load         ) [ 00001]
reg_file_23_loc_load (load         ) [ 00001]
reg_file_22_loc_load (load         ) [ 00001]
reg_file_21_loc_load (load         ) [ 00001]
reg_file_20_loc_load (load         ) [ 00001]
reg_file_19_loc_load (load         ) [ 00001]
reg_file_18_loc_load (load         ) [ 00001]
reg_file_17_loc_load (load         ) [ 00001]
reg_file_16_loc_load (load         ) [ 00001]
reg_file_15_loc_load (load         ) [ 00001]
reg_file_14_loc_load (load         ) [ 00001]
reg_file_13_loc_load (load         ) [ 00001]
reg_file_12_loc_load (load         ) [ 00001]
reg_file_11_loc_load (load         ) [ 00001]
reg_file_10_loc_load (load         ) [ 00001]
reg_file_9_loc_load  (load         ) [ 00001]
reg_file_8_loc_load  (load         ) [ 00001]
reg_file_7_loc_load  (load         ) [ 00001]
reg_file_6_loc_load  (load         ) [ 00001]
reg_file_5_loc_load  (load         ) [ 00001]
reg_file_4_loc_load  (load         ) [ 00001]
reg_file_3_loc_load  (load         ) [ 00001]
reg_file_2_loc_load  (load         ) [ 00001]
reg_file_1_loc_load  (load         ) [ 00001]
reg_file_loc_load    (load         ) [ 00001]
spectopmodule_ln14   (spectopmodule) [ 00000]
specinterface_ln0    (specinterface) [ 00000]
specbitsmap_ln0      (specbitsmap  ) [ 00000]
specinterface_ln0    (specinterface) [ 00000]
specbitsmap_ln0      (specbitsmap  ) [ 00000]
specbitsmap_ln0      (specbitsmap  ) [ 00000]
specinterface_ln0    (specinterface) [ 00000]
call_ln0             (call         ) [ 00000]
ret_ln260            (ret          ) [ 00000]
</LifeTime>

<model>

<comp_list>
<comp id="0" class="1000" name="imem">
<pin_list>
<pin id="1" dir="1" index="0" bw="1" slack="0"/>
</pin_list>
<bind>
<StgValue><ssdm name="imem"/><MemPortTyVec>1 3 </MemPortTyVec>
</StgValue>
</bind>
</comp>

<comp id="2" class="1000" name="dmem">
<pin_list>
<pin id="3" dir="1" index="0" bw="1" slack="0"/>
</pin_list>
<bind>
<StgValue><ssdm name="dmem"/><MemPortTyVec>2 3 </MemPortTyVec>
</StgValue>
</bind>
</comp>

<comp id="4" class="1000" name="pstrb">
<pin_list>
<pin id="5" dir="1" index="0" bw="1" slack="2147483647"/>
</pin_list>
<bind>
<StgValue><ssdm name="pstrb"/></StgValue>
</bind>
</comp>

<comp id="6" class="1001" name="const_6">
<pin_list>
<pin id="7" dir="1" index="0" bw="1" slack="0"/>
</pin_list>
<bind>
<StgValue><ssdm name=""/></StgValue>
</bind>
</comp>

<comp id="8" class="1001" name="const_8">
<pin_list>
<pin id="9" dir="1" index="0" bw="1" slack="0"/>
</pin_list>
<bind>
<StgValue><ssdm name="cpu_Pipeline_VITIS_LOOP_22_1"/></StgValue>
</bind>
</comp>

<comp id="10" class="1001" name="const_10">
<pin_list>
<pin id="11" dir="1" index="0" bw="1" slack="0"/>
</pin_list>
<bind>
<StgValue><ssdm name="cpu_Pipeline_PROGRAM_LOOP"/></StgValue>
</bind>
</comp>

<comp id="12" class="1001" name="const_12">
<pin_list>
<pin id="13" dir="1" index="0" bw="1" slack="2147483647"/>
</pin_list>
<bind>
<StgValue><ssdm name="_ssdm_op_SpecTopModule"/></StgValue>
</bind>
</comp>

<comp id="14" class="1001" name="const_14">
<pin_list>
<pin id="15" dir="1" index="0" bw="1" slack="2147483647"/>
</pin_list>
<bind>
<StgValue><ssdm name="empty_2"/></StgValue>
</bind>
</comp>

<comp id="16" class="1001" name="const_16">
<pin_list>
<pin id="17" dir="1" index="0" bw="1" slack="2147483647"/>
</pin_list>
<bind>
<StgValue><ssdm name="_ssdm_op_SpecInterface"/></StgValue>
</bind>
</comp>

<comp id="18" class="1001" name="const_18">
<pin_list>
<pin id="19" dir="1" index="0" bw="1" slack="2147483647"/>
</pin_list>
<bind>
<StgValue><ssdm name="empty"/></StgValue>
</bind>
</comp>

<comp id="20" class="1001" name="const_20">
<pin_list>
<pin id="21" dir="1" index="0" bw="1" slack="2147483647"/>
</pin_list>
<bind>
<StgValue><ssdm name=""/></StgValue>
</bind>
</comp>

<comp id="22" class="1001" name="const_22">
<pin_list>
<pin id="23" dir="1" index="0" bw="1" slack="2147483647"/>
</pin_list>
<bind>
<StgValue><ssdm name="empty_0"/></StgValue>
</bind>
</comp>

<comp id="24" class="1001" name="const_24">
<pin_list>
<pin id="25" dir="1" index="0" bw="1" slack="2147483647"/>
</pin_list>
<bind>
<StgValue><ssdm name=""/></StgValue>
</bind>
</comp>

<comp id="26" class="1001" name="const_26">
<pin_list>
<pin id="27" dir="1" index="0" bw="1" slack="2147483647"/>
</pin_list>
<bind>
<StgValue><ssdm name="_ssdm_op_SpecBitsMap"/></StgValue>
</bind>
</comp>

<comp id="28" class="1001" name="const_28">
<pin_list>
<pin id="29" dir="1" index="0" bw="1" slack="2147483647"/>
</pin_list>
<bind>
<StgValue><ssdm name="empty_1"/></StgValue>
</bind>
</comp>

<comp id="30" class="1004" name="reg_file_loc_fu_30">
<pin_list>
<pin id="31" dir="0" index="0" bw="1" slack="0"/>
<pin id="32" dir="1" index="1" bw="32" slack="0"/>
</pin_list>
<bind>
<opcode="alloca(26) " fcode="alloca"/>
<opset="reg_file_loc/1 "/>
</bind>
</comp>

<comp id="34" class="1004" name="reg_file_1_loc_fu_34">
<pin_list>
<pin id="35" dir="0" index="0" bw="1" slack="0"/>
<pin id="36" dir="1" index="1" bw="32" slack="0"/>
</pin_list>
<bind>
<opcode="alloca(26) " fcode="alloca"/>
<opset="reg_file_1_loc/1 "/>
</bind>
</comp>

<comp id="38" class="1004" name="reg_file_2_loc_fu_38">
<pin_list>
<pin id="39" dir="0" index="0" bw="1" slack="0"/>
<pin id="40" dir="1" index="1" bw="32" slack="0"/>
</pin_list>
<bind>
<opcode="alloca(26) " fcode="alloca"/>
<opset="reg_file_2_loc/1 "/>
</bind>
</comp>

<comp id="42" class="1004" name="reg_file_3_loc_fu_42">
<pin_list>
<pin id="43" dir="0" index="0" bw="1" slack="0"/>
<pin id="44" dir="1" index="1" bw="32" slack="0"/>
</pin_list>
<bind>
<opcode="alloca(26) " fcode="alloca"/>
<opset="reg_file_3_loc/1 "/>
</bind>
</comp>

<comp id="46" class="1004" name="reg_file_4_loc_fu_46">
<pin_list>
<pin id="47" dir="0" index="0" bw="1" slack="0"/>
<pin id="48" dir="1" index="1" bw="32" slack="0"/>
</pin_list>
<bind>
<opcode="alloca(26) " fcode="alloca"/>
<opset="reg_file_4_loc/1 "/>
</bind>
</comp>

<comp id="50" class="1004" name="reg_file_5_loc_fu_50">
<pin_list>
<pin id="51" dir="0" index="0" bw="1" slack="0"/>
<pin id="52" dir="1" index="1" bw="32" slack="0"/>
</pin_list>
<bind>
<opcode="alloca(26) " fcode="alloca"/>
<opset="reg_file_5_loc/1 "/>
</bind>
</comp>

<comp id="54" class="1004" name="reg_file_6_loc_fu_54">
<pin_list>
<pin id="55" dir="0" index="0" bw="1" slack="0"/>
<pin id="56" dir="1" index="1" bw="32" slack="0"/>
</pin_list>
<bind>
<opcode="alloca(26) " fcode="alloca"/>
<opset="reg_file_6_loc/1 "/>
</bind>
</comp>

<comp id="58" class="1004" name="reg_file_7_loc_fu_58">
<pin_list>
<pin id="59" dir="0" index="0" bw="1" slack="0"/>
<pin id="60" dir="1" index="1" bw="32" slack="0"/>
</pin_list>
<bind>
<opcode="alloca(26) " fcode="alloca"/>
<opset="reg_file_7_loc/1 "/>
</bind>
</comp>

<comp id="62" class="1004" name="reg_file_8_loc_fu_62">
<pin_list>
<pin id="63" dir="0" index="0" bw="1" slack="0"/>
<pin id="64" dir="1" index="1" bw="32" slack="0"/>
</pin_list>
<bind>
<opcode="alloca(26) " fcode="alloca"/>
<opset="reg_file_8_loc/1 "/>
</bind>
</comp>

<comp id="66" class="1004" name="reg_file_9_loc_fu_66">
<pin_list>
<pin id="67" dir="0" index="0" bw="1" slack="0"/>
<pin id="68" dir="1" index="1" bw="32" slack="0"/>
</pin_list>
<bind>
<opcode="alloca(26) " fcode="alloca"/>
<opset="reg_file_9_loc/1 "/>
</bind>
</comp>

<comp id="70" class="1004" name="reg_file_10_loc_fu_70">
<pin_list>
<pin id="71" dir="0" index="0" bw="1" slack="0"/>
<pin id="72" dir="1" index="1" bw="32" slack="0"/>
</pin_list>
<bind>
<opcode="alloca(26) " fcode="alloca"/>
<opset="reg_file_10_loc/1 "/>
</bind>
</comp>

<comp id="74" class="1004" name="reg_file_11_loc_fu_74">
<pin_list>
<pin id="75" dir="0" index="0" bw="1" slack="0"/>
<pin id="76" dir="1" index="1" bw="32" slack="0"/>
</pin_list>
<bind>
<opcode="alloca(26) " fcode="alloca"/>
<opset="reg_file_11_loc/1 "/>
</bind>
</comp>

<comp id="78" class="1004" name="reg_file_12_loc_fu_78">
<pin_list>
<pin id="79" dir="0" index="0" bw="1" slack="0"/>
<pin id="80" dir="1" index="1" bw="32" slack="0"/>
</pin_list>
<bind>
<opcode="alloca(26) " fcode="alloca"/>
<opset="reg_file_12_loc/1 "/>
</bind>
</comp>

<comp id="82" class="1004" name="reg_file_13_loc_fu_82">
<pin_list>
<pin id="83" dir="0" index="0" bw="1" slack="0"/>
<pin id="84" dir="1" index="1" bw="32" slack="0"/>
</pin_list>
<bind>
<opcode="alloca(26) " fcode="alloca"/>
<opset="reg_file_13_loc/1 "/>
</bind>
</comp>

<comp id="86" class="1004" name="reg_file_14_loc_fu_86">
<pin_list>
<pin id="87" dir="0" index="0" bw="1" slack="0"/>
<pin id="88" dir="1" index="1" bw="32" slack="0"/>
</pin_list>
<bind>
<opcode="alloca(26) " fcode="alloca"/>
<opset="reg_file_14_loc/1 "/>
</bind>
</comp>

<comp id="90" class="1004" name="reg_file_15_loc_fu_90">
<pin_list>
<pin id="91" dir="0" index="0" bw="1" slack="0"/>
<pin id="92" dir="1" index="1" bw="32" slack="0"/>
</pin_list>
<bind>
<opcode="alloca(26) " fcode="alloca"/>
<opset="reg_file_15_loc/1 "/>
</bind>
</comp>

<comp id="94" class="1004" name="reg_file_16_loc_fu_94">
<pin_list>
<pin id="95" dir="0" index="0" bw="1" slack="0"/>
<pin id="96" dir="1" index="1" bw="32" slack="0"/>
</pin_list>
<bind>
<opcode="alloca(26) " fcode="alloca"/>
<opset="reg_file_16_loc/1 "/>
</bind>
</comp>

<comp id="98" class="1004" name="reg_file_17_loc_fu_98">
<pin_list>
<pin id="99" dir="0" index="0" bw="1" slack="0"/>
<pin id="100" dir="1" index="1" bw="32" slack="0"/>
</pin_list>
<bind>
<opcode="alloca(26) " fcode="alloca"/>
<opset="reg_file_17_loc/1 "/>
</bind>
</comp>

<comp id="102" class="1004" name="reg_file_18_loc_fu_102">
<pin_list>
<pin id="103" dir="0" index="0" bw="1" slack="0"/>
<pin id="104" dir="1" index="1" bw="32" slack="0"/>
</pin_list>
<bind>
<opcode="alloca(26) " fcode="alloca"/>
<opset="reg_file_18_loc/1 "/>
</bind>
</comp>

<comp id="106" class="1004" name="reg_file_19_loc_fu_106">
<pin_list>
<pin id="107" dir="0" index="0" bw="1" slack="0"/>
<pin id="108" dir="1" index="1" bw="32" slack="0"/>
</pin_list>
<bind>
<opcode="alloca(26) " fcode="alloca"/>
<opset="reg_file_19_loc/1 "/>
</bind>
</comp>

<comp id="110" class="1004" name="reg_file_20_loc_fu_110">
<pin_list>
<pin id="111" dir="0" index="0" bw="1" slack="0"/>
<pin id="112" dir="1" index="1" bw="32" slack="0"/>
</pin_list>
<bind>
<opcode="alloca(26) " fcode="alloca"/>
<opset="reg_file_20_loc/1 "/>
</bind>
</comp>

<comp id="114" class="1004" name="reg_file_21_loc_fu_114">
<pin_list>
<pin id="115" dir="0" index="0" bw="1" slack="0"/>
<pin id="116" dir="1" index="1" bw="32" slack="0"/>
</pin_list>
<bind>
<opcode="alloca(26) " fcode="alloca"/>
<opset="reg_file_21_loc/1 "/>
</bind>
</comp>

<comp id="118" class="1004" name="reg_file_22_loc_fu_118">
<pin_list>
<pin id="119" dir="0" index="0" bw="1" slack="0"/>
<pin id="120" dir="1" index="1" bw="32" slack="0"/>
</pin_list>
<bind>
<opcode="alloca(26) " fcode="alloca"/>
<opset="reg_file_22_loc/1 "/>
</bind>
</comp>

<comp id="122" class="1004" name="reg_file_23_loc_fu_122">
<pin_list>
<pin id="123" dir="0" index="0" bw="1" slack="0"/>
<pin id="124" dir="1" index="1" bw="32" slack="0"/>
</pin_list>
<bind>
<opcode="alloca(26) " fcode="alloca"/>
<opset="reg_file_23_loc/1 "/>
</bind>
</comp>

<comp id="126" class="1004" name="reg_file_24_loc_fu_126">
<pin_list>
<pin id="127" dir="0" index="0" bw="1" slack="0"/>
<pin id="128" dir="1" index="1" bw="32" slack="0"/>
</pin_list>
<bind>
<opcode="alloca(26) " fcode="alloca"/>
<opset="reg_file_24_loc/1 "/>
</bind>
</comp>

<comp id="130" class="1004" name="reg_file_25_loc_fu_130">
<pin_list>
<pin id="131" dir="0" index="0" bw="1" slack="0"/>
<pin id="132" dir="1" index="1" bw="32" slack="0"/>
</pin_list>
<bind>
<opcode="alloca(26) " fcode="alloca"/>
<opset="reg_file_25_loc/1 "/>
</bind>
</comp>

<comp id="134" class="1004" name="reg_file_26_loc_fu_134">
<pin_list>
<pin id="135" dir="0" index="0" bw="1" slack="0"/>
<pin id="136" dir="1" index="1" bw="32" slack="0"/>
</pin_list>
<bind>
<opcode="alloca(26) " fcode="alloca"/>
<opset="reg_file_26_loc/1 "/>
</bind>
</comp>

<comp id="138" class="1004" name="reg_file_27_loc_fu_138">
<pin_list>
<pin id="139" dir="0" index="0" bw="1" slack="0"/>
<pin id="140" dir="1" index="1" bw="32" slack="0"/>
</pin_list>
<bind>
<opcode="alloca(26) " fcode="alloca"/>
<opset="reg_file_27_loc/1 "/>
</bind>
</comp>

<comp id="142" class="1004" name="reg_file_28_loc_fu_142">
<pin_list>
<pin id="143" dir="0" index="0" bw="1" slack="0"/>
<pin id="144" dir="1" index="1" bw="32" slack="0"/>
</pin_list>
<bind>
<opcode="alloca(26) " fcode="alloca"/>
<opset="reg_file_28_loc/1 "/>
</bind>
</comp>

<comp id="146" class="1004" name="reg_file_29_loc_fu_146">
<pin_list>
<pin id="147" dir="0" index="0" bw="1" slack="0"/>
<pin id="148" dir="1" index="1" bw="32" slack="0"/>
</pin_list>
<bind>
<opcode="alloca(26) " fcode="alloca"/>
<opset="reg_file_29_loc/1 "/>
</bind>
</comp>

<comp id="150" class="1004" name="reg_file_30_loc_fu_150">
<pin_list>
<pin id="151" dir="0" index="0" bw="1" slack="0"/>
<pin id="152" dir="1" index="1" bw="32" slack="0"/>
</pin_list>
<bind>
<opcode="alloca(26) " fcode="alloca"/>
<opset="reg_file_30_loc/1 "/>
</bind>
</comp>

<comp id="154" class="1004" name="grp_cpu_Pipeline_VITIS_LOOP_22_1_fu_154">
<pin_list>
<pin id="155" dir="0" index="0" bw="0" slack="0"/>
<pin id="156" dir="0" index="1" bw="32" slack="0"/>
<pin id="157" dir="0" index="2" bw="32" slack="0"/>
<pin id="158" dir="0" index="3" bw="32" slack="0"/>
<pin id="159" dir="0" index="4" bw="32" slack="0"/>
<pin id="160" dir="0" index="5" bw="32" slack="0"/>
<pin id="161" dir="0" index="6" bw="32" slack="0"/>
<pin id="162" dir="0" index="7" bw="32" slack="0"/>
<pin id="163" dir="0" index="8" bw="32" slack="0"/>
<pin id="164" dir="0" index="9" bw="32" slack="0"/>
<pin id="165" dir="0" index="10" bw="32" slack="0"/>
<pin id="166" dir="0" index="11" bw="32" slack="0"/>
<pin id="167" dir="0" index="12" bw="32" slack="0"/>
<pin id="168" dir="0" index="13" bw="32" slack="0"/>
<pin id="169" dir="0" index="14" bw="32" slack="0"/>
<pin id="170" dir="0" index="15" bw="32" slack="0"/>
<pin id="171" dir="0" index="16" bw="32" slack="0"/>
<pin id="172" dir="0" index="17" bw="32" slack="0"/>
<pin id="173" dir="0" index="18" bw="32" slack="0"/>
<pin id="174" dir="0" index="19" bw="32" slack="0"/>
<pin id="175" dir="0" index="20" bw="32" slack="0"/>
<pin id="176" dir="0" index="21" bw="32" slack="0"/>
<pin id="177" dir="0" index="22" bw="32" slack="0"/>
<pin id="178" dir="0" index="23" bw="32" slack="0"/>
<pin id="179" dir="0" index="24" bw="32" slack="0"/>
<pin id="180" dir="0" index="25" bw="32" slack="0"/>
<pin id="181" dir="0" index="26" bw="32" slack="0"/>
<pin id="182" dir="0" index="27" bw="32" slack="0"/>
<pin id="183" dir="0" index="28" bw="32" slack="0"/>
<pin id="184" dir="0" index="29" bw="32" slack="0"/>
<pin id="185" dir="0" index="30" bw="32" slack="0"/>
<pin id="186" dir="0" index="31" bw="32" slack="0"/>
<pin id="187" dir="1" index="32" bw="0" slack="2147483647"/>
</pin_list>
<bind>
<opcode="call(48) " fcode="call"/>
<opset="call_ln0/1 "/>
</bind>
</comp>

<comp id="189" class="1004" name="grp_cpu_Pipeline_PROGRAM_LOOP_fu_189">
<pin_list>
<pin id="190" dir="0" index="0" bw="0" slack="0"/>
<pin id="191" dir="0" index="1" bw="32" slack="0"/>
<pin id="192" dir="0" index="2" bw="32" slack="0"/>
<pin id="193" dir="0" index="3" bw="32" slack="0"/>
<pin id="194" dir="0" index="4" bw="32" slack="0"/>
<pin id="195" dir="0" index="5" bw="32" slack="0"/>
<pin id="196" dir="0" index="6" bw="32" slack="0"/>
<pin id="197" dir="0" index="7" bw="32" slack="0"/>
<pin id="198" dir="0" index="8" bw="32" slack="0"/>
<pin id="199" dir="0" index="9" bw="32" slack="0"/>
<pin id="200" dir="0" index="10" bw="32" slack="0"/>
<pin id="201" dir="0" index="11" bw="32" slack="0"/>
<pin id="202" dir="0" index="12" bw="32" slack="0"/>
<pin id="203" dir="0" index="13" bw="32" slack="0"/>
<pin id="204" dir="0" index="14" bw="32" slack="0"/>
<pin id="205" dir="0" index="15" bw="32" slack="0"/>
<pin id="206" dir="0" index="16" bw="32" slack="0"/>
<pin id="207" dir="0" index="17" bw="32" slack="0"/>
<pin id="208" dir="0" index="18" bw="32" slack="0"/>
<pin id="209" dir="0" index="19" bw="32" slack="0"/>
<pin id="210" dir="0" index="20" bw="32" slack="0"/>
<pin id="211" dir="0" index="21" bw="32" slack="0"/>
<pin id="212" dir="0" index="22" bw="32" slack="0"/>
<pin id="213" dir="0" index="23" bw="32" slack="0"/>
<pin id="214" dir="0" index="24" bw="32" slack="0"/>
<pin id="215" dir="0" index="25" bw="32" slack="0"/>
<pin id="216" dir="0" index="26" bw="32" slack="0"/>
<pin id="217" dir="0" index="27" bw="32" slack="0"/>
<pin id="218" dir="0" index="28" bw="32" slack="0"/>
<pin id="219" dir="0" index="29" bw="32" slack="0"/>
<pin id="220" dir="0" index="30" bw="32" slack="0"/>
<pin id="221" dir="0" index="31" bw="32" slack="0"/>
<pin id="222" dir="0" index="32" bw="32" slack="0"/>
<pin id="223" dir="0" index="33" bw="32" slack="0"/>
<pin id="224" dir="1" index="34" bw="0" slack="2147483647"/>
</pin_list>
<bind>
<opcode="call(48) " fcode="call"/>
<opset="call_ln0/3 "/>
</bind>
</comp>

<comp id="228" class="1004" name="reg_file_30_loc_load_load_fu_228">
<pin_list>
<pin id="229" dir="0" index="0" bw="32" slack="2"/>
<pin id="230" dir="1" index="1" bw="32" slack="0"/>
</pin_list>
<bind>
<opcode="load(27) " fcode="load"/>
<opset="reg_file_30_loc_load/3 "/>
</bind>
</comp>

<comp id="232" class="1004" name="reg_file_29_loc_load_load_fu_232">
<pin_list>
<pin id="233" dir="0" index="0" bw="32" slack="2"/>
<pin id="234" dir="1" index="1" bw="32" slack="0"/>
</pin_list>
<bind>
<opcode="load(27) " fcode="load"/>
<opset="reg_file_29_loc_load/3 "/>
</bind>
</comp>

<comp id="236" class="1004" name="reg_file_28_loc_load_load_fu_236">
<pin_list>
<pin id="237" dir="0" index="0" bw="32" slack="2"/>
<pin id="238" dir="1" index="1" bw="32" slack="0"/>
</pin_list>
<bind>
<opcode="load(27) " fcode="load"/>
<opset="reg_file_28_loc_load/3 "/>
</bind>
</comp>

<comp id="240" class="1004" name="reg_file_27_loc_load_load_fu_240">
<pin_list>
<pin id="241" dir="0" index="0" bw="32" slack="2"/>
<pin id="242" dir="1" index="1" bw="32" slack="0"/>
</pin_list>
<bind>
<opcode="load(27) " fcode="load"/>
<opset="reg_file_27_loc_load/3 "/>
</bind>
</comp>

<comp id="244" class="1004" name="reg_file_26_loc_load_load_fu_244">
<pin_list>
<pin id="245" dir="0" index="0" bw="32" slack="2"/>
<pin id="246" dir="1" index="1" bw="32" slack="0"/>
</pin_list>
<bind>
<opcode="load(27) " fcode="load"/>
<opset="reg_file_26_loc_load/3 "/>
</bind>
</comp>

<comp id="248" class="1004" name="reg_file_25_loc_load_load_fu_248">
<pin_list>
<pin id="249" dir="0" index="0" bw="32" slack="2"/>
<pin id="250" dir="1" index="1" bw="32" slack="0"/>
</pin_list>
<bind>
<opcode="load(27) " fcode="load"/>
<opset="reg_file_25_loc_load/3 "/>
</bind>
</comp>

<comp id="252" class="1004" name="reg_file_24_loc_load_load_fu_252">
<pin_list>
<pin id="253" dir="0" index="0" bw="32" slack="2"/>
<pin id="254" dir="1" index="1" bw="32" slack="0"/>
</pin_list>
<bind>
<opcode="load(27) " fcode="load"/>
<opset="reg_file_24_loc_load/3 "/>
</bind>
</comp>

<comp id="256" class="1004" name="reg_file_23_loc_load_load_fu_256">
<pin_list>
<pin id="257" dir="0" index="0" bw="32" slack="2"/>
<pin id="258" dir="1" index="1" bw="32" slack="0"/>
</pin_list>
<bind>
<opcode="load(27) " fcode="load"/>
<opset="reg_file_23_loc_load/3 "/>
</bind>
</comp>

<comp id="260" class="1004" name="reg_file_22_loc_load_load_fu_260">
<pin_list>
<pin id="261" dir="0" index="0" bw="32" slack="2"/>
<pin id="262" dir="1" index="1" bw="32" slack="0"/>
</pin_list>
<bind>
<opcode="load(27) " fcode="load"/>
<opset="reg_file_22_loc_load/3 "/>
</bind>
</comp>

<comp id="264" class="1004" name="reg_file_21_loc_load_load_fu_264">
<pin_list>
<pin id="265" dir="0" index="0" bw="32" slack="2"/>
<pin id="266" dir="1" index="1" bw="32" slack="0"/>
</pin_list>
<bind>
<opcode="load(27) " fcode="load"/>
<opset="reg_file_21_loc_load/3 "/>
</bind>
</comp>

<comp id="268" class="1004" name="reg_file_20_loc_load_load_fu_268">
<pin_list>
<pin id="269" dir="0" index="0" bw="32" slack="2"/>
<pin id="270" dir="1" index="1" bw="32" slack="0"/>
</pin_list>
<bind>
<opcode="load(27) " fcode="load"/>
<opset="reg_file_20_loc_load/3 "/>
</bind>
</comp>

<comp id="272" class="1004" name="reg_file_19_loc_load_load_fu_272">
<pin_list>
<pin id="273" dir="0" index="0" bw="32" slack="2"/>
<pin id="274" dir="1" index="1" bw="32" slack="0"/>
</pin_list>
<bind>
<opcode="load(27) " fcode="load"/>
<opset="reg_file_19_loc_load/3 "/>
</bind>
</comp>

<comp id="276" class="1004" name="reg_file_18_loc_load_load_fu_276">
<pin_list>
<pin id="277" dir="0" index="0" bw="32" slack="2"/>
<pin id="278" dir="1" index="1" bw="32" slack="0"/>
</pin_list>
<bind>
<opcode="load(27) " fcode="load"/>
<opset="reg_file_18_loc_load/3 "/>
</bind>
</comp>

<comp id="280" class="1004" name="reg_file_17_loc_load_load_fu_280">
<pin_list>
<pin id="281" dir="0" index="0" bw="32" slack="2"/>
<pin id="282" dir="1" index="1" bw="32" slack="0"/>
</pin_list>
<bind>
<opcode="load(27) " fcode="load"/>
<opset="reg_file_17_loc_load/3 "/>
</bind>
</comp>

<comp id="284" class="1004" name="reg_file_16_loc_load_load_fu_284">
<pin_list>
<pin id="285" dir="0" index="0" bw="32" slack="2"/>
<pin id="286" dir="1" index="1" bw="32" slack="0"/>
</pin_list>
<bind>
<opcode="load(27) " fcode="load"/>
<opset="reg_file_16_loc_load/3 "/>
</bind>
</comp>

<comp id="288" class="1004" name="reg_file_15_loc_load_load_fu_288">
<pin_list>
<pin id="289" dir="0" index="0" bw="32" slack="2"/>
<pin id="290" dir="1" index="1" bw="32" slack="0"/>
</pin_list>
<bind>
<opcode="load(27) " fcode="load"/>
<opset="reg_file_15_loc_load/3 "/>
</bind>
</comp>

<comp id="292" class="1004" name="reg_file_14_loc_load_load_fu_292">
<pin_list>
<pin id="293" dir="0" index="0" bw="32" slack="2"/>
<pin id="294" dir="1" index="1" bw="32" slack="0"/>
</pin_list>
<bind>
<opcode="load(27) " fcode="load"/>
<opset="reg_file_14_loc_load/3 "/>
</bind>
</comp>

<comp id="296" class="1004" name="reg_file_13_loc_load_load_fu_296">
<pin_list>
<pin id="297" dir="0" index="0" bw="32" slack="2"/>
<pin id="298" dir="1" index="1" bw="32" slack="0"/>
</pin_list>
<bind>
<opcode="load(27) " fcode="load"/>
<opset="reg_file_13_loc_load/3 "/>
</bind>
</comp>

<comp id="300" class="1004" name="reg_file_12_loc_load_load_fu_300">
<pin_list>
<pin id="301" dir="0" index="0" bw="32" slack="2"/>
<pin id="302" dir="1" index="1" bw="32" slack="0"/>
</pin_list>
<bind>
<opcode="load(27) " fcode="load"/>
<opset="reg_file_12_loc_load/3 "/>
</bind>
</comp>

<comp id="304" class="1004" name="reg_file_11_loc_load_load_fu_304">
<pin_list>
<pin id="305" dir="0" index="0" bw="32" slack="2"/>
<pin id="306" dir="1" index="1" bw="32" slack="0"/>
</pin_list>
<bind>
<opcode="load(27) " fcode="load"/>
<opset="reg_file_11_loc_load/3 "/>
</bind>
</comp>

<comp id="308" class="1004" name="reg_file_10_loc_load_load_fu_308">
<pin_list>
<pin id="309" dir="0" index="0" bw="32" slack="2"/>
<pin id="310" dir="1" index="1" bw="32" slack="0"/>
</pin_list>
<bind>
<opcode="load(27) " fcode="load"/>
<opset="reg_file_10_loc_load/3 "/>
</bind>
</comp>

<comp id="312" class="1004" name="reg_file_9_loc_load_load_fu_312">
<pin_list>
<pin id="313" dir="0" index="0" bw="32" slack="2"/>
<pin id="314" dir="1" index="1" bw="32" slack="0"/>
</pin_list>
<bind>
<opcode="load(27) " fcode="load"/>
<opset="reg_file_9_loc_load/3 "/>
</bind>
</comp>

<comp id="316" class="1004" name="reg_file_8_loc_load_load_fu_316">
<pin_list>
<pin id="317" dir="0" index="0" bw="32" slack="2"/>
<pin id="318" dir="1" index="1" bw="32" slack="0"/>
</pin_list>
<bind>
<opcode="load(27) " fcode="load"/>
<opset="reg_file_8_loc_load/3 "/>
</bind>
</comp>

<comp id="320" class="1004" name="reg_file_7_loc_load_load_fu_320">
<pin_list>
<pin id="321" dir="0" index="0" bw="32" slack="2"/>
<pin id="322" dir="1" index="1" bw="32" slack="0"/>
</pin_list>
<bind>
<opcode="load(27) " fcode="load"/>
<opset="reg_file_7_loc_load/3 "/>
</bind>
</comp>

<comp id="324" class="1004" name="reg_file_6_loc_load_load_fu_324">
<pin_list>
<pin id="325" dir="0" index="0" bw="32" slack="2"/>
<pin id="326" dir="1" index="1" bw="32" slack="0"/>
</pin_list>
<bind>
<opcode="load(27) " fcode="load"/>
<opset="reg_file_6_loc_load/3 "/>
</bind>
</comp>

<comp id="328" class="1004" name="reg_file_5_loc_load_load_fu_328">
<pin_list>
<pin id="329" dir="0" index="0" bw="32" slack="2"/>
<pin id="330" dir="1" index="1" bw="32" slack="0"/>
</pin_list>
<bind>
<opcode="load(27) " fcode="load"/>
<opset="reg_file_5_loc_load/3 "/>
</bind>
</comp>

<comp id="332" class="1004" name="reg_file_4_loc_load_load_fu_332">
<pin_list>
<pin id="333" dir="0" index="0" bw="32" slack="2"/>
<pin id="334" dir="1" index="1" bw="32" slack="0"/>
</pin_list>
<bind>
<opcode="load(27) " fcode="load"/>
<opset="reg_file_4_loc_load/3 "/>
</bind>
</comp>

<comp id="336" class="1004" name="reg_file_3_loc_load_load_fu_336">
<pin_list>
<pin id="337" dir="0" index="0" bw="32" slack="2"/>
<pin id="338" dir="1" index="1" bw="32" slack="0"/>
</pin_list>
<bind>
<opcode="load(27) " fcode="load"/>
<opset="reg_file_3_loc_load/3 "/>
</bind>
</comp>

<comp id="340" class="1004" name="reg_file_2_loc_load_load_fu_340">
<pin_list>
<pin id="341" dir="0" index="0" bw="32" slack="2"/>
<pin id="342" dir="1" index="1" bw="32" slack="0"/>
</pin_list>
<bind>
<opcode="load(27) " fcode="load"/>
<opset="reg_file_2_loc_load/3 "/>
</bind>
</comp>

<comp id="344" class="1004" name="reg_file_1_loc_load_load_fu_344">
<pin_list>
<pin id="345" dir="0" index="0" bw="32" slack="2"/>
<pin id="346" dir="1" index="1" bw="32" slack="0"/>
</pin_list>
<bind>
<opcode="load(27) " fcode="load"/>
<opset="reg_file_1_loc_load/3 "/>
</bind>
</comp>

<comp id="348" class="1004" name="reg_file_loc_load_load_fu_348">
<pin_list>
<pin id="349" dir="0" index="0" bw="32" slack="2"/>
<pin id="350" dir="1" index="1" bw="32" slack="0"/>
</pin_list>
<bind>
<opcode="load(27) " fcode="load"/>
<opset="reg_file_loc_load/3 "/>
</bind>
</comp>

<comp id="352" class="1005" name="reg_file_loc_reg_352">
<pin_list>
<pin id="353" dir="0" index="0" bw="32" slack="0"/>
<pin id="354" dir="1" index="1" bw="32" slack="0"/>
</pin_list>
<bind>
<opset="reg_file_loc "/>
</bind>
</comp>

<comp id="358" class="1005" name="reg_file_1_loc_reg_358">
<pin_list>
<pin id="359" dir="0" index="0" bw="32" slack="0"/>
<pin id="360" dir="1" index="1" bw="32" slack="0"/>
</pin_list>
<bind>
<opset="reg_file_1_loc "/>
</bind>
</comp>

<comp id="364" class="1005" name="reg_file_2_loc_reg_364">
<pin_list>
<pin id="365" dir="0" index="0" bw="32" slack="0"/>
<pin id="366" dir="1" index="1" bw="32" slack="0"/>
</pin_list>
<bind>
<opset="reg_file_2_loc "/>
</bind>
</comp>

<comp id="370" class="1005" name="reg_file_3_loc_reg_370">
<pin_list>
<pin id="371" dir="0" index="0" bw="32" slack="0"/>
<pin id="372" dir="1" index="1" bw="32" slack="0"/>
</pin_list>
<bind>
<opset="reg_file_3_loc "/>
</bind>
</comp>

<comp id="376" class="1005" name="reg_file_4_loc_reg_376">
<pin_list>
<pin id="377" dir="0" index="0" bw="32" slack="0"/>
<pin id="378" dir="1" index="1" bw="32" slack="0"/>
</pin_list>
<bind>
<opset="reg_file_4_loc "/>
</bind>
</comp>

<comp id="382" class="1005" name="reg_file_5_loc_reg_382">
<pin_list>
<pin id="383" dir="0" index="0" bw="32" slack="0"/>
<pin id="384" dir="1" index="1" bw="32" slack="0"/>
</pin_list>
<bind>
<opset="reg_file_5_loc "/>
</bind>
</comp>

<comp id="388" class="1005" name="reg_file_6_loc_reg_388">
<pin_list>
<pin id="389" dir="0" index="0" bw="32" slack="0"/>
<pin id="390" dir="1" index="1" bw="32" slack="0"/>
</pin_list>
<bind>
<opset="reg_file_6_loc "/>
</bind>
</comp>

<comp id="394" class="1005" name="reg_file_7_loc_reg_394">
<pin_list>
<pin id="395" dir="0" index="0" bw="32" slack="0"/>
<pin id="396" dir="1" index="1" bw="32" slack="0"/>
</pin_list>
<bind>
<opset="reg_file_7_loc "/>
</bind>
</comp>

<comp id="400" class="1005" name="reg_file_8_loc_reg_400">
<pin_list>
<pin id="401" dir="0" index="0" bw="32" slack="0"/>
<pin id="402" dir="1" index="1" bw="32" slack="0"/>
</pin_list>
<bind>
<opset="reg_file_8_loc "/>
</bind>
</comp>

<comp id="406" class="1005" name="reg_file_9_loc_reg_406">
<pin_list>
<pin id="407" dir="0" index="0" bw="32" slack="0"/>
<pin id="408" dir="1" index="1" bw="32" slack="0"/>
</pin_list>
<bind>
<opset="reg_file_9_loc "/>
</bind>
</comp>

<comp id="412" class="1005" name="reg_file_10_loc_reg_412">
<pin_list>
<pin id="413" dir="0" index="0" bw="32" slack="0"/>
<pin id="414" dir="1" index="1" bw="32" slack="0"/>
</pin_list>
<bind>
<opset="reg_file_10_loc "/>
</bind>
</comp>

<comp id="418" class="1005" name="reg_file_11_loc_reg_418">
<pin_list>
<pin id="419" dir="0" index="0" bw="32" slack="0"/>
<pin id="420" dir="1" index="1" bw="32" slack="0"/>
</pin_list>
<bind>
<opset="reg_file_11_loc "/>
</bind>
</comp>

<comp id="424" class="1005" name="reg_file_12_loc_reg_424">
<pin_list>
<pin id="425" dir="0" index="0" bw="32" slack="0"/>
<pin id="426" dir="1" index="1" bw="32" slack="0"/>
</pin_list>
<bind>
<opset="reg_file_12_loc "/>
</bind>
</comp>

<comp id="430" class="1005" name="reg_file_13_loc_reg_430">
<pin_list>
<pin id="431" dir="0" index="0" bw="32" slack="0"/>
<pin id="432" dir="1" index="1" bw="32" slack="0"/>
</pin_list>
<bind>
<opset="reg_file_13_loc "/>
</bind>
</comp>

<comp id="436" class="1005" name="reg_file_14_loc_reg_436">
<pin_list>
<pin id="437" dir="0" index="0" bw="32" slack="0"/>
<pin id="438" dir="1" index="1" bw="32" slack="0"/>
</pin_list>
<bind>
<opset="reg_file_14_loc "/>
</bind>
</comp>

<comp id="442" class="1005" name="reg_file_15_loc_reg_442">
<pin_list>
<pin id="443" dir="0" index="0" bw="32" slack="0"/>
<pin id="444" dir="1" index="1" bw="32" slack="0"/>
</pin_list>
<bind>
<opset="reg_file_15_loc "/>
</bind>
</comp>

<comp id="448" class="1005" name="reg_file_16_loc_reg_448">
<pin_list>
<pin id="449" dir="0" index="0" bw="32" slack="0"/>
<pin id="450" dir="1" index="1" bw="32" slack="0"/>
</pin_list>
<bind>
<opset="reg_file_16_loc "/>
</bind>
</comp>

<comp id="454" class="1005" name="reg_file_17_loc_reg_454">
<pin_list>
<pin id="455" dir="0" index="0" bw="32" slack="0"/>
<pin id="456" dir="1" index="1" bw="32" slack="0"/>
</pin_list>
<bind>
<opset="reg_file_17_loc "/>
</bind>
</comp>

<comp id="460" class="1005" name="reg_file_18_loc_reg_460">
<pin_list>
<pin id="461" dir="0" index="0" bw="32" slack="0"/>
<pin id="462" dir="1" index="1" bw="32" slack="0"/>
</pin_list>
<bind>
<opset="reg_file_18_loc "/>
</bind>
</comp>

<comp id="466" class="1005" name="reg_file_19_loc_reg_466">
<pin_list>
<pin id="467" dir="0" index="0" bw="32" slack="0"/>
<pin id="468" dir="1" index="1" bw="32" slack="0"/>
</pin_list>
<bind>
<opset="reg_file_19_loc "/>
</bind>
</comp>

<comp id="472" class="1005" name="reg_file_20_loc_reg_472">
<pin_list>
<pin id="473" dir="0" index="0" bw="32" slack="0"/>
<pin id="474" dir="1" index="1" bw="32" slack="0"/>
</pin_list>
<bind>
<opset="reg_file_20_loc "/>
</bind>
</comp>

<comp id="478" class="1005" name="reg_file_21_loc_reg_478">
<pin_list>
<pin id="479" dir="0" index="0" bw="32" slack="0"/>
<pin id="480" dir="1" index="1" bw="32" slack="0"/>
</pin_list>
<bind>
<opset="reg_file_21_loc "/>
</bind>
</comp>

<comp id="484" class="1005" name="reg_file_22_loc_reg_484">
<pin_list>
<pin id="485" dir="0" index="0" bw="32" slack="0"/>
<pin id="486" dir="1" index="1" bw="32" slack="0"/>
</pin_list>
<bind>
<opset="reg_file_22_loc "/>
</bind>
</comp>

<comp id="490" class="1005" name="reg_file_23_loc_reg_490">
<pin_list>
<pin id="491" dir="0" index="0" bw="32" slack="0"/>
<pin id="492" dir="1" index="1" bw="32" slack="0"/>
</pin_list>
<bind>
<opset="reg_file_23_loc "/>
</bind>
</comp>

<comp id="496" class="1005" name="reg_file_24_loc_reg_496">
<pin_list>
<pin id="497" dir="0" index="0" bw="32" slack="0"/>
<pin id="498" dir="1" index="1" bw="32" slack="0"/>
</pin_list>
<bind>
<opset="reg_file_24_loc "/>
</bind>
</comp>

<comp id="502" class="1005" name="reg_file_25_loc_reg_502">
<pin_list>
<pin id="503" dir="0" index="0" bw="32" slack="0"/>
<pin id="504" dir="1" index="1" bw="32" slack="0"/>
</pin_list>
<bind>
<opset="reg_file_25_loc "/>
</bind>
</comp>

<comp id="508" class="1005" name="reg_file_26_loc_reg_508">
<pin_list>
<pin id="509" dir="0" index="0" bw="32" slack="0"/>
<pin id="510" dir="1" index="1" bw="32" slack="0"/>
</pin_list>
<bind>
<opset="reg_file_26_loc "/>
</bind>
</comp>

<comp id="514" class="1005" name="reg_file_27_loc_reg_514">
<pin_list>
<pin id="515" dir="0" index="0" bw="32" slack="0"/>
<pin id="516" dir="1" index="1" bw="32" slack="0"/>
</pin_list>
<bind>
<opset="reg_file_27_loc "/>
</bind>
</comp>

<comp id="520" class="1005" name="reg_file_28_loc_reg_520">
<pin_list>
<pin id="521" dir="0" index="0" bw="32" slack="0"/>
<pin id="522" dir="1" index="1" bw="32" slack="0"/>
</pin_list>
<bind>
<opset="reg_file_28_loc "/>
</bind>
</comp>

<comp id="526" class="1005" name="reg_file_29_loc_reg_526">
<pin_list>
<pin id="527" dir="0" index="0" bw="32" slack="0"/>
<pin id="528" dir="1" index="1" bw="32" slack="0"/>
</pin_list>
<bind>
<opset="reg_file_29_loc "/>
</bind>
</comp>

<comp id="532" class="1005" name="reg_file_30_loc_reg_532">
<pin_list>
<pin id="533" dir="0" index="0" bw="32" slack="0"/>
<pin id="534" dir="1" index="1" bw="32" slack="0"/>
</pin_list>
<bind>
<opset="reg_file_30_loc "/>
</bind>
</comp>

</comp_list>

<net_list>
<net id="33"><net_src comp="6" pin="0"/><net_sink comp="30" pin=0"/></net>

<net id="37"><net_src comp="6" pin="0"/><net_sink comp="34" pin=0"/></net>

<net id="41"><net_src comp="6" pin="0"/><net_sink comp="38" pin=0"/></net>

<net id="45"><net_src comp="6" pin="0"/><net_sink comp="42" pin=0"/></net>

<net id="49"><net_src comp="6" pin="0"/><net_sink comp="46" pin=0"/></net>

<net id="53"><net_src comp="6" pin="0"/><net_sink comp="50" pin=0"/></net>

<net id="57"><net_src comp="6" pin="0"/><net_sink comp="54" pin=0"/></net>

<net id="61"><net_src comp="6" pin="0"/><net_sink comp="58" pin=0"/></net>

<net id="65"><net_src comp="6" pin="0"/><net_sink comp="62" pin=0"/></net>

<net id="69"><net_src comp="6" pin="0"/><net_sink comp="66" pin=0"/></net>

<net id="73"><net_src comp="6" pin="0"/><net_sink comp="70" pin=0"/></net>

<net id="77"><net_src comp="6" pin="0"/><net_sink comp="74" pin=0"/></net>

<net id="81"><net_src comp="6" pin="0"/><net_sink comp="78" pin=0"/></net>

<net id="85"><net_src comp="6" pin="0"/><net_sink comp="82" pin=0"/></net>

<net id="89"><net_src comp="6" pin="0"/><net_sink comp="86" pin=0"/></net>

<net id="93"><net_src comp="6" pin="0"/><net_sink comp="90" pin=0"/></net>

<net id="97"><net_src comp="6" pin="0"/><net_sink comp="94" pin=0"/></net>

<net id="101"><net_src comp="6" pin="0"/><net_sink comp="98" pin=0"/></net>

<net id="105"><net_src comp="6" pin="0"/><net_sink comp="102" pin=0"/></net>

<net id="109"><net_src comp="6" pin="0"/><net_sink comp="106" pin=0"/></net>

<net id="113"><net_src comp="6" pin="0"/><net_sink comp="110" pin=0"/></net>

<net id="117"><net_src comp="6" pin="0"/><net_sink comp="114" pin=0"/></net>

<net id="121"><net_src comp="6" pin="0"/><net_sink comp="118" pin=0"/></net>

<net id="125"><net_src comp="6" pin="0"/><net_sink comp="122" pin=0"/></net>

<net id="129"><net_src comp="6" pin="0"/><net_sink comp="126" pin=0"/></net>

<net id="133"><net_src comp="6" pin="0"/><net_sink comp="130" pin=0"/></net>

<net id="137"><net_src comp="6" pin="0"/><net_sink comp="134" pin=0"/></net>

<net id="141"><net_src comp="6" pin="0"/><net_sink comp="138" pin=0"/></net>

<net id="145"><net_src comp="6" pin="0"/><net_sink comp="142" pin=0"/></net>

<net id="149"><net_src comp="6" pin="0"/><net_sink comp="146" pin=0"/></net>

<net id="153"><net_src comp="6" pin="0"/><net_sink comp="150" pin=0"/></net>

<net id="188"><net_src comp="8" pin="0"/><net_sink comp="154" pin=0"/></net>

<net id="225"><net_src comp="10" pin="0"/><net_sink comp="189" pin=0"/></net>

<net id="226"><net_src comp="0" pin="0"/><net_sink comp="189" pin=32"/></net>

<net id="227"><net_src comp="2" pin="0"/><net_sink comp="189" pin=33"/></net>

<net id="231"><net_src comp="228" pin="1"/><net_sink comp="189" pin=1"/></net>

<net id="235"><net_src comp="232" pin="1"/><net_sink comp="189" pin=2"/></net>

<net id="239"><net_src comp="236" pin="1"/><net_sink comp="189" pin=3"/></net>

<net id="243"><net_src comp="240" pin="1"/><net_sink comp="189" pin=4"/></net>

<net id="247"><net_src comp="244" pin="1"/><net_sink comp="189" pin=5"/></net>

<net id="251"><net_src comp="248" pin="1"/><net_sink comp="189" pin=6"/></net>

<net id="255"><net_src comp="252" pin="1"/><net_sink comp="189" pin=7"/></net>

<net id="259"><net_src comp="256" pin="1"/><net_sink comp="189" pin=8"/></net>

<net id="263"><net_src comp="260" pin="1"/><net_sink comp="189" pin=9"/></net>

<net id="267"><net_src comp="264" pin="1"/><net_sink comp="189" pin=10"/></net>

<net id="271"><net_src comp="268" pin="1"/><net_sink comp="189" pin=11"/></net>

<net id="275"><net_src comp="272" pin="1"/><net_sink comp="189" pin=12"/></net>

<net id="279"><net_src comp="276" pin="1"/><net_sink comp="189" pin=13"/></net>

<net id="283"><net_src comp="280" pin="1"/><net_sink comp="189" pin=14"/></net>

<net id="287"><net_src comp="284" pin="1"/><net_sink comp="189" pin=15"/></net>

<net id="291"><net_src comp="288" pin="1"/><net_sink comp="189" pin=16"/></net>

<net id="295"><net_src comp="292" pin="1"/><net_sink comp="189" pin=17"/></net>

<net id="299"><net_src comp="296" pin="1"/><net_sink comp="189" pin=18"/></net>

<net id="303"><net_src comp="300" pin="1"/><net_sink comp="189" pin=19"/></net>

<net id="307"><net_src comp="304" pin="1"/><net_sink comp="189" pin=20"/></net>

<net id="311"><net_src comp="308" pin="1"/><net_sink comp="189" pin=21"/></net>

<net id="315"><net_src comp="312" pin="1"/><net_sink comp="189" pin=22"/></net>

<net id="319"><net_src comp="316" pin="1"/><net_sink comp="189" pin=23"/></net>

<net id="323"><net_src comp="320" pin="1"/><net_sink comp="189" pin=24"/></net>

<net id="327"><net_src comp="324" pin="1"/><net_sink comp="189" pin=25"/></net>

<net id="331"><net_src comp="328" pin="1"/><net_sink comp="189" pin=26"/></net>

<net id="335"><net_src comp="332" pin="1"/><net_sink comp="189" pin=27"/></net>

<net id="339"><net_src comp="336" pin="1"/><net_sink comp="189" pin=28"/></net>

<net id="343"><net_src comp="340" pin="1"/><net_sink comp="189" pin=29"/></net>

<net id="347"><net_src comp="344" pin="1"/><net_sink comp="189" pin=30"/></net>

<net id="351"><net_src comp="348" pin="1"/><net_sink comp="189" pin=31"/></net>

<net id="355"><net_src comp="30" pin="1"/><net_sink comp="352" pin=0"/></net>

<net id="356"><net_src comp="352" pin="1"/><net_sink comp="154" pin=31"/></net>

<net id="357"><net_src comp="352" pin="1"/><net_sink comp="348" pin=0"/></net>

<net id="361"><net_src comp="34" pin="1"/><net_sink comp="358" pin=0"/></net>

<net id="362"><net_src comp="358" pin="1"/><net_sink comp="154" pin=30"/></net>

<net id="363"><net_src comp="358" pin="1"/><net_sink comp="344" pin=0"/></net>

<net id="367"><net_src comp="38" pin="1"/><net_sink comp="364" pin=0"/></net>

<net id="368"><net_src comp="364" pin="1"/><net_sink comp="154" pin=29"/></net>

<net id="369"><net_src comp="364" pin="1"/><net_sink comp="340" pin=0"/></net>

<net id="373"><net_src comp="42" pin="1"/><net_sink comp="370" pin=0"/></net>

<net id="374"><net_src comp="370" pin="1"/><net_sink comp="154" pin=28"/></net>

<net id="375"><net_src comp="370" pin="1"/><net_sink comp="336" pin=0"/></net>

<net id="379"><net_src comp="46" pin="1"/><net_sink comp="376" pin=0"/></net>

<net id="380"><net_src comp="376" pin="1"/><net_sink comp="154" pin=27"/></net>

<net id="381"><net_src comp="376" pin="1"/><net_sink comp="332" pin=0"/></net>

<net id="385"><net_src comp="50" pin="1"/><net_sink comp="382" pin=0"/></net>

<net id="386"><net_src comp="382" pin="1"/><net_sink comp="154" pin=26"/></net>

<net id="387"><net_src comp="382" pin="1"/><net_sink comp="328" pin=0"/></net>

<net id="391"><net_src comp="54" pin="1"/><net_sink comp="388" pin=0"/></net>

<net id="392"><net_src comp="388" pin="1"/><net_sink comp="154" pin=25"/></net>

<net id="393"><net_src comp="388" pin="1"/><net_sink comp="324" pin=0"/></net>

<net id="397"><net_src comp="58" pin="1"/><net_sink comp="394" pin=0"/></net>

<net id="398"><net_src comp="394" pin="1"/><net_sink comp="154" pin=24"/></net>

<net id="399"><net_src comp="394" pin="1"/><net_sink comp="320" pin=0"/></net>

<net id="403"><net_src comp="62" pin="1"/><net_sink comp="400" pin=0"/></net>

<net id="404"><net_src comp="400" pin="1"/><net_sink comp="154" pin=23"/></net>

<net id="405"><net_src comp="400" pin="1"/><net_sink comp="316" pin=0"/></net>

<net id="409"><net_src comp="66" pin="1"/><net_sink comp="406" pin=0"/></net>

<net id="410"><net_src comp="406" pin="1"/><net_sink comp="154" pin=22"/></net>

<net id="411"><net_src comp="406" pin="1"/><net_sink comp="312" pin=0"/></net>

<net id="415"><net_src comp="70" pin="1"/><net_sink comp="412" pin=0"/></net>

<net id="416"><net_src comp="412" pin="1"/><net_sink comp="154" pin=21"/></net>

<net id="417"><net_src comp="412" pin="1"/><net_sink comp="308" pin=0"/></net>

<net id="421"><net_src comp="74" pin="1"/><net_sink comp="418" pin=0"/></net>

<net id="422"><net_src comp="418" pin="1"/><net_sink comp="154" pin=20"/></net>

<net id="423"><net_src comp="418" pin="1"/><net_sink comp="304" pin=0"/></net>

<net id="427"><net_src comp="78" pin="1"/><net_sink comp="424" pin=0"/></net>

<net id="428"><net_src comp="424" pin="1"/><net_sink comp="154" pin=19"/></net>

<net id="429"><net_src comp="424" pin="1"/><net_sink comp="300" pin=0"/></net>

<net id="433"><net_src comp="82" pin="1"/><net_sink comp="430" pin=0"/></net>

<net id="434"><net_src comp="430" pin="1"/><net_sink comp="154" pin=18"/></net>

<net id="435"><net_src comp="430" pin="1"/><net_sink comp="296" pin=0"/></net>

<net id="439"><net_src comp="86" pin="1"/><net_sink comp="436" pin=0"/></net>

<net id="440"><net_src comp="436" pin="1"/><net_sink comp="154" pin=17"/></net>

<net id="441"><net_src comp="436" pin="1"/><net_sink comp="292" pin=0"/></net>

<net id="445"><net_src comp="90" pin="1"/><net_sink comp="442" pin=0"/></net>

<net id="446"><net_src comp="442" pin="1"/><net_sink comp="154" pin=16"/></net>

<net id="447"><net_src comp="442" pin="1"/><net_sink comp="288" pin=0"/></net>

<net id="451"><net_src comp="94" pin="1"/><net_sink comp="448" pin=0"/></net>

<net id="452"><net_src comp="448" pin="1"/><net_sink comp="154" pin=15"/></net>

<net id="453"><net_src comp="448" pin="1"/><net_sink comp="284" pin=0"/></net>

<net id="457"><net_src comp="98" pin="1"/><net_sink comp="454" pin=0"/></net>

<net id="458"><net_src comp="454" pin="1"/><net_sink comp="154" pin=14"/></net>

<net id="459"><net_src comp="454" pin="1"/><net_sink comp="280" pin=0"/></net>

<net id="463"><net_src comp="102" pin="1"/><net_sink comp="460" pin=0"/></net>

<net id="464"><net_src comp="460" pin="1"/><net_sink comp="154" pin=13"/></net>

<net id="465"><net_src comp="460" pin="1"/><net_sink comp="276" pin=0"/></net>

<net id="469"><net_src comp="106" pin="1"/><net_sink comp="466" pin=0"/></net>

<net id="470"><net_src comp="466" pin="1"/><net_sink comp="154" pin=12"/></net>

<net id="471"><net_src comp="466" pin="1"/><net_sink comp="272" pin=0"/></net>

<net id="475"><net_src comp="110" pin="1"/><net_sink comp="472" pin=0"/></net>

<net id="476"><net_src comp="472" pin="1"/><net_sink comp="154" pin=11"/></net>

<net id="477"><net_src comp="472" pin="1"/><net_sink comp="268" pin=0"/></net>

<net id="481"><net_src comp="114" pin="1"/><net_sink comp="478" pin=0"/></net>

<net id="482"><net_src comp="478" pin="1"/><net_sink comp="154" pin=10"/></net>

<net id="483"><net_src comp="478" pin="1"/><net_sink comp="264" pin=0"/></net>

<net id="487"><net_src comp="118" pin="1"/><net_sink comp="484" pin=0"/></net>

<net id="488"><net_src comp="484" pin="1"/><net_sink comp="154" pin=9"/></net>

<net id="489"><net_src comp="484" pin="1"/><net_sink comp="260" pin=0"/></net>

<net id="493"><net_src comp="122" pin="1"/><net_sink comp="490" pin=0"/></net>

<net id="494"><net_src comp="490" pin="1"/><net_sink comp="154" pin=8"/></net>

<net id="495"><net_src comp="490" pin="1"/><net_sink comp="256" pin=0"/></net>

<net id="499"><net_src comp="126" pin="1"/><net_sink comp="496" pin=0"/></net>

<net id="500"><net_src comp="496" pin="1"/><net_sink comp="154" pin=7"/></net>

<net id="501"><net_src comp="496" pin="1"/><net_sink comp="252" pin=0"/></net>

<net id="505"><net_src comp="130" pin="1"/><net_sink comp="502" pin=0"/></net>

<net id="506"><net_src comp="502" pin="1"/><net_sink comp="154" pin=6"/></net>

<net id="507"><net_src comp="502" pin="1"/><net_sink comp="248" pin=0"/></net>

<net id="511"><net_src comp="134" pin="1"/><net_sink comp="508" pin=0"/></net>

<net id="512"><net_src comp="508" pin="1"/><net_sink comp="154" pin=5"/></net>

<net id="513"><net_src comp="508" pin="1"/><net_sink comp="244" pin=0"/></net>

<net id="517"><net_src comp="138" pin="1"/><net_sink comp="514" pin=0"/></net>

<net id="518"><net_src comp="514" pin="1"/><net_sink comp="154" pin=4"/></net>

<net id="519"><net_src comp="514" pin="1"/><net_sink comp="240" pin=0"/></net>

<net id="523"><net_src comp="142" pin="1"/><net_sink comp="520" pin=0"/></net>

<net id="524"><net_src comp="520" pin="1"/><net_sink comp="154" pin=3"/></net>

<net id="525"><net_src comp="520" pin="1"/><net_sink comp="236" pin=0"/></net>

<net id="529"><net_src comp="146" pin="1"/><net_sink comp="526" pin=0"/></net>

<net id="530"><net_src comp="526" pin="1"/><net_sink comp="154" pin=2"/></net>

<net id="531"><net_src comp="526" pin="1"/><net_sink comp="232" pin=0"/></net>

<net id="535"><net_src comp="150" pin="1"/><net_sink comp="532" pin=0"/></net>

<net id="536"><net_src comp="532" pin="1"/><net_sink comp="154" pin=1"/></net>

<net id="537"><net_src comp="532" pin="1"/><net_sink comp="228" pin=0"/></net>

</net_list>

</model> 
---------------- Datapath Model END ------------------

* FSMD analyzer results:
  - Output states:
	Port: dmem | {3 4 }
 - Input state : 
	Port: cpu : imem | {3 4 }
	Port: cpu : dmem | {3 4 }
  - Chain level:
	State 1
		call_ln0 : 1
	State 2
	State 3
		call_ln0 : 1
	State 4


============================================================
+ Verbose Summary: Datapath Resource usage 
============================================================

* Functional unit list:
|----------|-----------------------------------------|---------|---------|---------|---------|
| Operation|             Functional Unit             |   DSP   |  Delay  |    FF   |   LUT   |
|----------|-----------------------------------------|---------|---------|---------|---------|
|   call   | grp_cpu_Pipeline_VITIS_LOOP_22_1_fu_154 |    0    |    0    |   998   |    28   |
|          |   grp_cpu_Pipeline_PROGRAM_LOOP_fu_189  |    12   | 14.4113 |   4287  |   1961  |
|----------|-----------------------------------------|---------|---------|---------|---------|
|   Total  |                                         |    12   | 14.4113 |   5285  |   1989  |
|----------|-----------------------------------------|---------|---------|---------|---------|

Memories:
N/A

* Register list:
+-----------------------+--------+
|                       |   FF   |
+-----------------------+--------+
|reg_file_10_loc_reg_412|   32   |
|reg_file_11_loc_reg_418|   32   |
|reg_file_12_loc_reg_424|   32   |
|reg_file_13_loc_reg_430|   32   |
|reg_file_14_loc_reg_436|   32   |
|reg_file_15_loc_reg_442|   32   |
|reg_file_16_loc_reg_448|   32   |
|reg_file_17_loc_reg_454|   32   |
|reg_file_18_loc_reg_460|   32   |
|reg_file_19_loc_reg_466|   32   |
| reg_file_1_loc_reg_358|   32   |
|reg_file_20_loc_reg_472|   32   |
|reg_file_21_loc_reg_478|   32   |
|reg_file_22_loc_reg_484|   32   |
|reg_file_23_loc_reg_490|   32   |
|reg_file_24_loc_reg_496|   32   |
|reg_file_25_loc_reg_502|   32   |
|reg_file_26_loc_reg_508|   32   |
|reg_file_27_loc_reg_514|   32   |
|reg_file_28_loc_reg_520|   32   |
|reg_file_29_loc_reg_526|   32   |
| reg_file_2_loc_reg_364|   32   |
|reg_file_30_loc_reg_532|   32   |
| reg_file_3_loc_reg_370|   32   |
| reg_file_4_loc_reg_376|   32   |
| reg_file_5_loc_reg_382|   32   |
| reg_file_6_loc_reg_388|   32   |
| reg_file_7_loc_reg_394|   32   |
| reg_file_8_loc_reg_400|   32   |
| reg_file_9_loc_reg_406|   32   |
|  reg_file_loc_reg_352 |   32   |
+-----------------------+--------+
|         Total         |   992  |
+-----------------------+--------+

* Multiplexer (MUX) list: 
|--------|------|------|------|--------|
|  Comp  |  Pin | Size |  BW  | S x BW |
|--------|------|------|------|--------|
|  Total |      |      |      |    0   |
|--------|------|------|------|--------|



* Summary:
+-----------+--------+--------+--------+--------+
|           |   DSP  |  Delay |   FF   |   LUT  |
+-----------+--------+--------+--------+--------+
|  Function |   12   |   14   |  5285  |  1989  |
|   Memory  |    -   |    -   |    -   |    -   |
|Multiplexer|    -   |    -   |    -   |    -   |
|  Register |    -   |    -   |   992  |    -   |
+-----------+--------+--------+--------+--------+
|   Total   |   12   |   14   |  6277  |  1989  |
+-----------+--------+--------+--------+--------+
