

================================================================
== Vitis HLS Report for 'softmax_accel_Pipeline_VITIS_LOOP_188_2'
================================================================
* Date:           Fri Feb 27 18:14:38 2026

* Version:        2025.1 (Build 6135595 on May 21 2025)
* Project:        Prometheus
* Solution:       hls (Vivado IP Flow Target)
* Product family: zynq
* Target device:  xc7z020-clg400-1


================================================================
== Performance Estimates
================================================================
+ Timing: 
    * Summary: 
    +--------+----------+----------+------------+
    |  Clock |  Target  | Estimated| Uncertainty|
    +--------+----------+----------+------------+
    |ap_clk  |  11.80 ns|  8.614 ns|     3.19 ns|
    +--------+----------+----------+------------+

+ Latency: 
    * Summary: 
    +---------+---------+----------+----------+-----+-----+------------------------------------------------+
    |  Latency (cycles) |  Latency (absolute) |  Interval |                    Pipeline                    |
    |   min   |   max   |    min   |    max   | min | max |                      Type                      |
    +---------+---------+----------+----------+-----+-----+------------------------------------------------+
    |       12|      267|  0.142 us|  3.151 us|    2|  257|  loop auto-rewind stp (delay=0 clock cycles(s))|
    +---------+---------+----------+----------+-----+-----+------------------------------------------------+

    + Detail: 
        * Instance: 
        N/A

        * Loop: 
        +--------------------+---------+---------+----------+-----------+-----------+---------+----------+
        |                    |  Latency (cycles) | Iteration|  Initiation Interval  |   Trip  |          |
        |      Loop Name     |   min   |   max   |  Latency |  achieved |   target  |  Count  | Pipelined|
        +--------------------+---------+---------+----------+-----------+-----------+---------+----------+
        |- VITIS_LOOP_188_2  |       10|      265|        11|          1|          1|  1 ~ 256|       yes|
        +--------------------+---------+---------+----------+-----------+-----------+---------+----------+

============================================================
+ Verbose Summary: Synthesis Manager
============================================================
InlineROM: 1
ExposeGlobal: 0
============================================================
+ Verbose Summary: CDFG Model
============================================================
IsTopModel: 0
ResetActiveHigh: 1
IsCombinational: 0
IsDatapathOnly: 0
HasWiredReturn: 1
HasMFsm: 2
HasVarLatency: 1
IsPipeline: 0
IsRtlPipelined: 0
IsInstanceOverlapped: 0
IsDontTouch: 0
HasImplIP: 0
IsGatedGlobalClock: 0

+ Individual pipeline summary: 
  * Pipeline-0: initiation interval (II) = 1, depth = 11


============================================================
+ Verbose Summary: Schedule
============================================================
* Number of FSM states : 11
* Pipeline : 1
  Pipeline-0 : II = 1, D = 11, States = { 1 2 3 4 5 6 7 8 9 10 11 }
* Dataflow Pipeline: 0

* FSM state transitions: 
1 --> 2 
2 --> 3 
3 --> 4 
4 --> 5 
5 --> 6 
6 --> 7 
7 --> 8 
8 --> 9 
9 --> 10 
10 --> 11 
11 --> 

* FSM state operations: 

State 1 <SV = 0> <Delay = 4.99>
ST_1 : Operation 14 [1/1] (0.00ns)   --->   "%sum64 = alloca i32 1" [softmax_accel_hls.cc:187]   --->   Operation 14 'alloca' 'sum64' <Predicate = true> <Delay = 0.00>
ST_1 : Operation 15 [1/1] (0.00ns)   --->   "%i_1 = alloca i32 1" [softmax_accel_hls.cc:188]   --->   Operation 15 'alloca' 'i_1' <Predicate = true> <Delay = 0.00>
ST_1 : Operation 16 [1/1] (0.00ns)   --->   "%max_x_1_reload_read = read i32 @_ssdm_op_Read.ap_auto.i32, i32 %max_x_1_reload"   --->   Operation 16 'read' 'max_x_1_reload_read' <Predicate = true> <Delay = 0.00>
ST_1 : Operation 17 [1/1] (0.00ns)   --->   "%sext_ln176_read = read i62 @_ssdm_op_Read.ap_auto.i62, i62 %sext_ln176"   --->   Operation 17 'read' 'sext_ln176_read' <Predicate = true> <Delay = 0.00>
ST_1 : Operation 18 [1/1] (0.00ns)   --->   "%select_ln169_read = read i9 @_ssdm_op_Read.ap_auto.i9, i9 %select_ln169"   --->   Operation 18 'read' 'select_ln169_read' <Predicate = true> <Delay = 0.00>
ST_1 : Operation 19 [1/1] (0.00ns)   --->   "%sext_ln176_cast = sext i62 %sext_ln176_read"   --->   Operation 19 'sext' 'sext_ln176_cast' <Predicate = true> <Delay = 0.00>
ST_1 : Operation 20 [1/1] (0.00ns)   --->   "%specmemcore_ln0 = specmemcore void @_ssdm_op_SpecMemCore, i32 %exp_buf, i64 666, i64 18, i64 18446744073709551615"   --->   Operation 20 'specmemcore' 'specmemcore_ln0' <Predicate = true> <Delay = 0.00>
ST_1 : Operation 21 [1/1] (0.00ns)   --->   "%specinterface_ln0 = specinterface void @_ssdm_op_SpecInterface, i32 %gmem, void @empty, i32 0, i32 0, void @empty_0, i32 0, i32 16384, void @empty_1, void @empty_2, void @empty_0, i32 16, i32 16, i32 16, i32 16, void @empty_0, void @empty_0, i32 4294967295, i32 0, i32 0"   --->   Operation 21 'specinterface' 'specinterface_ln0' <Predicate = true> <Delay = 0.00>
ST_1 : Operation 22 [1/1] (1.58ns)   --->   "%store_ln188 = store i9 0, i9 %i_1" [softmax_accel_hls.cc:188]   --->   Operation 22 'store' 'store_ln188' <Predicate = true> <Delay = 1.58>
ST_1 : Operation 23 [1/1] (1.58ns)   --->   "%store_ln187 = store i40 0, i40 %sum64" [softmax_accel_hls.cc:187]   --->   Operation 23 'store' 'store_ln187' <Predicate = true> <Delay = 1.58>
ST_1 : Operation 24 [1/1] (0.00ns)   --->   "%br_ln0 = br void %for.body16"   --->   Operation 24 'br' 'br_ln0' <Predicate = true> <Delay = 0.00>
ST_1 : Operation 25 [1/1] (0.00ns)   --->   "%i = load i9 %i_1" [softmax_accel_hls.cc:188]   --->   Operation 25 'load' 'i' <Predicate = true> <Delay = 0.00>
ST_1 : Operation 26 [1/1] (0.00ns)   --->   "%specbitsmap_ln0 = specbitsmap void @_ssdm_op_SpecBitsMap, i32 %gmem"   --->   Operation 26 'specbitsmap' 'specbitsmap_ln0' <Predicate = true> <Delay = 0.00>
ST_1 : Operation 27 [1/1] (1.82ns)   --->   "%icmp_ln188 = icmp_eq  i9 %i, i9 %select_ln169_read" [softmax_accel_hls.cc:188]   --->   Operation 27 'icmp' 'icmp_ln188' <Predicate = true> <Delay = 1.82> <CoreInst = "Cmp">   --->   Core 9 'Cmp' <Latency = 0> <II = 1> <Delay = 1.82> <FuncUnit> <Opcode : 'seteq' 'setne' 'setle' 'setge' 'setlt' 'setgt'> <InPorts = 2> <OutPorts = 1>
ST_1 : Operation 28 [1/1] (0.00ns)   --->   "%speclooptripcount_ln0 = speclooptripcount void @_ssdm_op_SpecLoopTripCount, i64 1, i64 256, i64 128"   --->   Operation 28 'speclooptripcount' 'speclooptripcount_ln0' <Predicate = true> <Delay = 0.00>
ST_1 : Operation 29 [1/1] (1.82ns)   --->   "%add_ln188 = add i9 %i, i9 1" [softmax_accel_hls.cc:188]   --->   Operation 29 'add' 'add_ln188' <Predicate = true> <Delay = 1.82> <CoreInst = "Adder">   --->   Core 1 'Adder' <Latency = 0> <II = 1> <Delay = 1.82> <FuncUnit> <Opcode : 'add' 'sub'> <InPorts = 2> <OutPorts = 1>
ST_1 : Operation 30 [1/1] (0.00ns)   --->   "%br_ln188 = br i1 %icmp_ln188, void %for.body16.split_ifconv, void %for.end27.exitStub" [softmax_accel_hls.cc:188]   --->   Operation 30 'br' 'br_ln188' <Predicate = true> <Delay = 0.00>
ST_1 : Operation 31 [1/1] (1.58ns)   --->   "%store_ln188 = store i9 %add_ln188, i9 %i_1" [softmax_accel_hls.cc:188]   --->   Operation 31 'store' 'store_ln188' <Predicate = (!icmp_ln188)> <Delay = 1.58>

State 2 <SV = 1> <Delay = 8.61>
ST_2 : Operation 32 [1/1] (0.00ns)   --->   "%gmem_addr = getelementptr i32 %gmem, i64 %sext_ln176_cast" [softmax_accel_hls.cc:176]   --->   Operation 32 'getelementptr' 'gmem_addr' <Predicate = true> <Delay = 0.00>
ST_2 : Operation 33 [1/1] (8.61ns)   --->   "%xi = read i32 @_ssdm_op_Read.m_axi.p1i32, i32 %gmem_addr" [softmax_accel_hls.cc:190]   --->   Operation 33 'read' 'xi' <Predicate = true> <Delay = 8.61> <CoreInst = "m_axi">   --->   Core 111 'm_axi' <Latency = 3> <II = 1> <Delay = 1.00> <Adapter> <Opcode : 'read' 'write' 'readreq' 'writereq' 'writeresp'>

State 3 <SV = 2> <Delay = 2.55>
ST_3 : Operation 34 [1/1] (2.55ns)   --->   "%x = sub i32 %xi, i32 %max_x_1_reload_read" [softmax_accel_hls.cc:191]   --->   Operation 34 'sub' 'x' <Predicate = true> <Delay = 2.55> <CoreInst = "Adder">   --->   Core 1 'Adder' <Latency = 0> <II = 1> <Delay = 2.55> <FuncUnit> <Opcode : 'add' 'sub'> <InPorts = 2> <OutPorts = 1>

State 4 <SV = 3> <Delay = 8.20>
ST_4 : Operation 35 [1/1] (2.55ns)   --->   "%icmp_ln53 = icmp_slt  i32 %x, i32 4294443008" [softmax_accel_hls.cc:53->softmax_accel_hls.cc:192]   --->   Operation 35 'icmp' 'icmp_ln53' <Predicate = true> <Delay = 2.55> <CoreInst = "Cmp">   --->   Core 9 'Cmp' <Latency = 0> <II = 1> <Delay = 2.55> <FuncUnit> <Opcode : 'seteq' 'setne' 'setle' 'setge' 'setlt' 'setgt'> <InPorts = 2> <OutPorts = 1>
ST_4 : Operation 36 [1/1] (0.69ns)   --->   "%x_q16_1 = select i1 %icmp_ln53, i32 4294443008, i32 %x" [softmax_accel_hls.cc:53->softmax_accel_hls.cc:192]   --->   Operation 36 'select' 'x_q16_1' <Predicate = true> <Delay = 0.69> <CoreInst = "Sel">   --->   Core 73 'Sel' <Latency = 0> <II = 1> <Delay = 0.69> <FuncUnit> <Opcode : 'select'> <InPorts = 3> <OutPorts = 1>
ST_4 : Operation 37 [1/1] (0.00ns)   --->   "%tmp = bitconcatenate i49 @_ssdm_op_BitConcatenate.i49.i32.i17, i32 %x_q16_1, i17 0" [softmax_accel_hls.cc:56->softmax_accel_hls.cc:192]   --->   Operation 37 'bitconcatenate' 'tmp' <Predicate = true> <Delay = 0.00>
ST_4 : Operation 38 [1/1] (0.00ns)   --->   "%sext_ln56 = sext i49 %tmp" [softmax_accel_hls.cc:56->softmax_accel_hls.cc:192]   --->   Operation 38 'sext' 'sext_ln56' <Predicate = true> <Delay = 0.00>
ST_4 : Operation 39 [1/1] (0.00ns)   --->   "%tmp_1 = bitconcatenate i47 @_ssdm_op_BitConcatenate.i47.i32.i15, i32 %x_q16_1, i15 0" [softmax_accel_hls.cc:56->softmax_accel_hls.cc:192]   --->   Operation 39 'bitconcatenate' 'tmp_1' <Predicate = true> <Delay = 0.00>
ST_4 : Operation 40 [1/1] (0.00ns)   --->   "%sext_ln56_1 = sext i47 %tmp_1" [softmax_accel_hls.cc:56->softmax_accel_hls.cc:192]   --->   Operation 40 'sext' 'sext_ln56_1' <Predicate = true> <Delay = 0.00>
ST_4 : Operation 41 [1/1] (0.00ns) (grouped into TernaryAdder)   --->   "%sub_ln56 = sub i50 %sext_ln56, i50 %sext_ln56_1" [softmax_accel_hls.cc:56->softmax_accel_hls.cc:192]   --->   Operation 41 'sub' 'sub_ln56' <Predicate = true> <Delay = 0.00> <CoreInst = "TAddSub">   --->   Core 10 'TAddSub' <Latency = 0> <II = 1> <Delay = 2.47> <IPBlock> <Opcode : 'add' 'sub'> <InPorts = 3> <OutPorts = 1> <Sync> <CReg>
ST_4 : Operation 42 [1/1] (0.00ns)   --->   "%tmp_2 = bitconcatenate i44 @_ssdm_op_BitConcatenate.i44.i32.i12, i32 %x_q16_1, i12 0" [softmax_accel_hls.cc:56->softmax_accel_hls.cc:192]   --->   Operation 42 'bitconcatenate' 'tmp_2' <Predicate = true> <Delay = 0.00>
ST_4 : Operation 43 [1/1] (0.00ns)   --->   "%sext_ln56_2 = sext i44 %tmp_2" [softmax_accel_hls.cc:56->softmax_accel_hls.cc:192]   --->   Operation 43 'sext' 'sext_ln56_2' <Predicate = true> <Delay = 0.00>
ST_4 : Operation 44 [1/1] (4.95ns) (root node of TernaryAdder)   --->   "%sub_ln56_1 = sub i50 %sub_ln56, i50 %sext_ln56_2" [softmax_accel_hls.cc:56->softmax_accel_hls.cc:192]   --->   Operation 44 'sub' 'sub_ln56_1' <Predicate = true> <Delay = 4.95> <CoreInst = "TAddSub">   --->   Core 10 'TAddSub' <Latency = 0> <II = 1> <Delay = 2.47> <IPBlock> <Opcode : 'add' 'sub'> <InPorts = 3> <OutPorts = 1> <Sync> <CReg>

State 5 <SV = 4> <Delay = 4.95>
ST_5 : Operation 45 [1/1] (0.00ns)   --->   "%tmp_3 = bitconcatenate i40 @_ssdm_op_BitConcatenate.i40.i32.i8, i32 %x_q16_1, i8 0" [softmax_accel_hls.cc:56->softmax_accel_hls.cc:192]   --->   Operation 45 'bitconcatenate' 'tmp_3' <Predicate = true> <Delay = 0.00>
ST_5 : Operation 46 [1/1] (0.00ns)   --->   "%sext_ln56_3 = sext i40 %tmp_3" [softmax_accel_hls.cc:56->softmax_accel_hls.cc:192]   --->   Operation 46 'sext' 'sext_ln56_3' <Predicate = true> <Delay = 0.00>
ST_5 : Operation 47 [1/1] (0.00ns) (grouped into TernaryAdder)   --->   "%add_ln56 = add i50 %sub_ln56_1, i50 %sext_ln56_3" [softmax_accel_hls.cc:56->softmax_accel_hls.cc:192]   --->   Operation 47 'add' 'add_ln56' <Predicate = true> <Delay = 0.00> <CoreInst = "TAddSub">   --->   Core 10 'TAddSub' <Latency = 0> <II = 1> <Delay = 2.47> <IPBlock> <Opcode : 'add' 'sub'> <InPorts = 3> <OutPorts = 1> <Sync> <CReg>
ST_5 : Operation 48 [1/1] (0.00ns)   --->   "%tmp_4 = bitconcatenate i38 @_ssdm_op_BitConcatenate.i38.i32.i6, i32 %x_q16_1, i6 0" [softmax_accel_hls.cc:56->softmax_accel_hls.cc:192]   --->   Operation 48 'bitconcatenate' 'tmp_4' <Predicate = true> <Delay = 0.00>
ST_5 : Operation 49 [1/1] (0.00ns)   --->   "%sext_ln56_4 = sext i38 %tmp_4" [softmax_accel_hls.cc:56->softmax_accel_hls.cc:192]   --->   Operation 49 'sext' 'sext_ln56_4' <Predicate = true> <Delay = 0.00>
ST_5 : Operation 50 [1/1] (4.95ns) (root node of TernaryAdder)   --->   "%add_ln56_1 = add i50 %add_ln56, i50 %sext_ln56_4" [softmax_accel_hls.cc:56->softmax_accel_hls.cc:192]   --->   Operation 50 'add' 'add_ln56_1' <Predicate = true> <Delay = 4.95> <CoreInst = "TAddSub">   --->   Core 10 'TAddSub' <Latency = 0> <II = 1> <Delay = 2.47> <IPBlock> <Opcode : 'add' 'sub'> <InPorts = 3> <OutPorts = 1> <Sync> <CReg>

State 6 <SV = 5> <Delay = 6.50>
ST_6 : Operation 51 [1/1] (0.00ns)   --->   "%tmp_5 = bitconcatenate i36 @_ssdm_op_BitConcatenate.i36.i32.i4, i32 %x_q16_1, i4 0" [softmax_accel_hls.cc:56->softmax_accel_hls.cc:192]   --->   Operation 51 'bitconcatenate' 'tmp_5' <Predicate = true> <Delay = 0.00>
ST_6 : Operation 52 [1/1] (0.00ns)   --->   "%sext_ln56_5 = sext i36 %tmp_5" [softmax_accel_hls.cc:56->softmax_accel_hls.cc:192]   --->   Operation 52 'sext' 'sext_ln56_5' <Predicate = true> <Delay = 0.00>
ST_6 : Operation 53 [1/1] (0.00ns) (grouped into TernaryAdder)   --->   "%add_ln56_2 = add i50 %add_ln56_1, i50 %sext_ln56_5" [softmax_accel_hls.cc:56->softmax_accel_hls.cc:192]   --->   Operation 53 'add' 'add_ln56_2' <Predicate = true> <Delay = 0.00> <CoreInst = "TAddSub">   --->   Core 10 'TAddSub' <Latency = 0> <II = 1> <Delay = 2.47> <IPBlock> <Opcode : 'add' 'sub'> <InPorts = 3> <OutPorts = 1> <Sync> <CReg>
ST_6 : Operation 54 [1/1] (0.00ns)   --->   "%tmp_6 = bitconcatenate i34 @_ssdm_op_BitConcatenate.i34.i32.i2, i32 %x_q16_1, i2 0" [softmax_accel_hls.cc:56->softmax_accel_hls.cc:192]   --->   Operation 54 'bitconcatenate' 'tmp_6' <Predicate = true> <Delay = 0.00>
ST_6 : Operation 55 [1/1] (0.00ns)   --->   "%sext_ln56_6 = sext i34 %tmp_6" [softmax_accel_hls.cc:56->softmax_accel_hls.cc:192]   --->   Operation 55 'sext' 'sext_ln56_6' <Predicate = true> <Delay = 0.00>
ST_6 : Operation 56 [1/1] (4.95ns) (root node of TernaryAdder)   --->   "%t64 = add i50 %add_ln56_2, i50 %sext_ln56_6" [softmax_accel_hls.cc:56->softmax_accel_hls.cc:192]   --->   Operation 56 'add' 't64' <Predicate = true> <Delay = 4.95> <CoreInst = "TAddSub">   --->   Core 10 'TAddSub' <Latency = 0> <II = 1> <Delay = 2.47> <IPBlock> <Opcode : 'add' 'sub'> <InPorts = 3> <OutPorts = 1> <Sync> <CReg>
ST_6 : Operation 57 [1/1] (0.00ns)   --->   "%rem = partselect i12 @_ssdm_op_PartSelect.i12.i50.i32.i32, i50 %t64, i32 16, i32 27" [softmax_accel_hls.cc:57->softmax_accel_hls.cc:192]   --->   Operation 57 'partselect' 'rem' <Predicate = true> <Delay = 0.00>
ST_6 : Operation 58 [1/1] (0.00ns)   --->   "%k = partselect i16 @_ssdm_op_PartSelect.i16.i50.i32.i32, i50 %t64, i32 32, i32 47" [softmax_accel_hls.cc:60->softmax_accel_hls.cc:192]   --->   Operation 58 'partselect' 'k' <Predicate = true> <Delay = 0.00>
ST_6 : Operation 59 [1/1] (0.00ns)   --->   "%idx = partselect i4 @_ssdm_op_PartSelect.i4.i50.i32.i32, i50 %t64, i32 28, i32 31" [softmax_accel_hls.cc:64->softmax_accel_hls.cc:192]   --->   Operation 59 'partselect' 'idx' <Predicate = true> <Delay = 0.00>
ST_6 : Operation 60 [1/1] (0.00ns)   --->   "%tmp_7 = bitselect i1 @_ssdm_op_BitSelect.i1.i50.i32, i50 %t64, i32 47" [softmax_accel_hls.cc:78->softmax_accel_hls.cc:192]   --->   Operation 60 'bitselect' 'tmp_7' <Predicate = true> <Delay = 0.00>
ST_6 : Operation 61 [1/1] (0.00ns)   --->   "%tmp_8 = partselect i12 @_ssdm_op_PartSelect.i12.i50.i32.i32, i50 %t64, i32 36, i32 47" [softmax_accel_hls.cc:80->softmax_accel_hls.cc:192]   --->   Operation 61 'partselect' 'tmp_8' <Predicate = true> <Delay = 0.00>
ST_6 : Operation 62 [1/1] (1.54ns)   --->   "%icmp_ln80 = icmp_sgt  i12 %tmp_8, i12 0" [softmax_accel_hls.cc:80->softmax_accel_hls.cc:192]   --->   Operation 62 'icmp' 'icmp_ln80' <Predicate = true> <Delay = 1.54> <CoreInst = "Cmp">   --->   Core 9 'Cmp' <Latency = 0> <II = 1> <Delay = 1.54> <FuncUnit> <Opcode : 'seteq' 'setne' 'setle' 'setge' 'setlt' 'setgt'> <InPorts = 2> <OutPorts = 1>

State 7 <SV = 6> <Delay = 4.05>
ST_7 : Operation 63 [1/1] (0.00ns)   --->   "%zext_ln67_1 = zext i4 %idx" [softmax_accel_hls.cc:67->softmax_accel_hls.cc:192]   --->   Operation 63 'zext' 'zext_ln67_1' <Predicate = true> <Delay = 0.00>
ST_7 : Operation 64 [1/1] (0.00ns)   --->   "%zext_ln67 = zext i4 %idx" [softmax_accel_hls.cc:67->softmax_accel_hls.cc:192]   --->   Operation 64 'zext' 'zext_ln67' <Predicate = true> <Delay = 0.00>
ST_7 : Operation 65 [1/1] (0.00ns)   --->   "%EXP2_PTS_Q16_addr = getelementptr i18 %EXP2_PTS_Q16, i64 0, i64 %zext_ln67" [softmax_accel_hls.cc:67->softmax_accel_hls.cc:192]   --->   Operation 65 'getelementptr' 'EXP2_PTS_Q16_addr' <Predicate = true> <Delay = 0.00>
ST_7 : Operation 66 [2/2] (2.32ns)   --->   "%y0 = load i5 %EXP2_PTS_Q16_addr" [softmax_accel_hls.cc:67->softmax_accel_hls.cc:192]   --->   Operation 66 'load' 'y0' <Predicate = true> <Delay = 2.32> <CoreInst = "ROM">   --->   Core 94 'ROM' <Latency = 1> <II = 1> <Delay = 2.32> <Storage> <Opcode : 'load'> <Ports = 0> <Width = 18> <Depth = 17> <ROM>
ST_7 : Operation 67 [1/1] (1.73ns)   --->   "%add_ln68 = add i5 %zext_ln67_1, i5 1" [softmax_accel_hls.cc:68->softmax_accel_hls.cc:192]   --->   Operation 67 'add' 'add_ln68' <Predicate = true> <Delay = 1.73> <CoreInst = "Adder">   --->   Core 1 'Adder' <Latency = 0> <II = 1> <Delay = 1.73> <FuncUnit> <Opcode : 'add' 'sub'> <InPorts = 2> <OutPorts = 1>
ST_7 : Operation 68 [1/1] (0.00ns)   --->   "%zext_ln68 = zext i5 %add_ln68" [softmax_accel_hls.cc:68->softmax_accel_hls.cc:192]   --->   Operation 68 'zext' 'zext_ln68' <Predicate = true> <Delay = 0.00>
ST_7 : Operation 69 [1/1] (0.00ns)   --->   "%EXP2_PTS_Q16_addr_1 = getelementptr i18 %EXP2_PTS_Q16, i64 0, i64 %zext_ln68" [softmax_accel_hls.cc:68->softmax_accel_hls.cc:192]   --->   Operation 69 'getelementptr' 'EXP2_PTS_Q16_addr_1' <Predicate = true> <Delay = 0.00>
ST_7 : Operation 70 [2/2] (2.32ns)   --->   "%y1 = load i5 %EXP2_PTS_Q16_addr_1" [softmax_accel_hls.cc:68->softmax_accel_hls.cc:192]   --->   Operation 70 'load' 'y1' <Predicate = true> <Delay = 2.32> <CoreInst = "ROM">   --->   Core 94 'ROM' <Latency = 1> <II = 1> <Delay = 2.32> <Storage> <Opcode : 'load'> <Ports = 0> <Width = 18> <Depth = 17> <ROM>

State 8 <SV = 7> <Delay = 4.45>
ST_8 : Operation 71 [1/2] ( I:2.32ns O:2.32ns )   --->   "%y0 = load i5 %EXP2_PTS_Q16_addr" [softmax_accel_hls.cc:67->softmax_accel_hls.cc:192]   --->   Operation 71 'load' 'y0' <Predicate = true> <Delay = 2.32> <CoreInst = "ROM">   --->   Core 94 'ROM' <Latency = 1> <II = 1> <Delay = 2.32> <Storage> <Opcode : 'load'> <Ports = 0> <Width = 18> <Depth = 17> <ROM>
ST_8 : Operation 72 [1/2] ( I:2.32ns O:2.32ns )   --->   "%y1 = load i5 %EXP2_PTS_Q16_addr_1" [softmax_accel_hls.cc:68->softmax_accel_hls.cc:192]   --->   Operation 72 'load' 'y1' <Predicate = true> <Delay = 2.32> <CoreInst = "ROM">   --->   Core 94 'ROM' <Latency = 1> <II = 1> <Delay = 2.32> <Storage> <Opcode : 'load'> <Ports = 0> <Width = 18> <Depth = 17> <ROM>
ST_8 : Operation 73 [1/1] (2.13ns)   --->   "%dy = sub i18 %y1, i18 %y0" [softmax_accel_hls.cc:69->softmax_accel_hls.cc:192]   --->   Operation 73 'sub' 'dy' <Predicate = true> <Delay = 2.13> <CoreInst = "Adder">   --->   Core 1 'Adder' <Latency = 0> <II = 1> <Delay = 2.13> <FuncUnit> <Opcode : 'add' 'sub'> <InPorts = 2> <OutPorts = 1>

State 9 <SV = 8> <Delay = 7.72>
ST_9 : Operation 74 [1/1] (0.00ns)   --->   "%zext_ln67_2 = zext i18 %y0" [softmax_accel_hls.cc:67->softmax_accel_hls.cc:192]   --->   Operation 74 'zext' 'zext_ln67_2' <Predicate = true> <Delay = 0.00>
ST_9 : Operation 75 [1/1] (0.00ns)   --->   "%sext_ln72 = sext i18 %dy" [softmax_accel_hls.cc:72->softmax_accel_hls.cc:192]   --->   Operation 75 'sext' 'sext_ln72' <Predicate = true> <Delay = 0.00>
ST_9 : Operation 76 [1/1] (0.00ns)   --->   "%zext_ln72 = zext i12 %rem" [softmax_accel_hls.cc:72->softmax_accel_hls.cc:192]   --->   Operation 76 'zext' 'zext_ln72' <Predicate = true> <Delay = 0.00>
ST_9 : Operation 77 [1/1] (5.59ns)   --->   "%interp = mul i30 %sext_ln72, i30 %zext_ln72" [softmax_accel_hls.cc:72->softmax_accel_hls.cc:192]   --->   Operation 77 'mul' 'interp' <Predicate = true> <Delay = 5.59> <CoreInst = "Multiplier">   --->   Core 3 'Multiplier' <Latency = 0> <II = 1> <Delay = 5.59> <FuncUnit> <Opcode : 'mul'> <InPorts = 2> <OutPorts = 1>
ST_9 : Operation 78 [1/1] (0.00ns)   --->   "%trunc_ln3 = partselect i18 @_ssdm_op_PartSelect.i18.i30.i32.i32, i30 %interp, i32 12, i32 29" [softmax_accel_hls.cc:73->softmax_accel_hls.cc:192]   --->   Operation 78 'partselect' 'trunc_ln3' <Predicate = true> <Delay = 0.00>
ST_9 : Operation 79 [1/1] (0.00ns)   --->   "%sext_ln73 = sext i18 %trunc_ln3" [softmax_accel_hls.cc:73->softmax_accel_hls.cc:192]   --->   Operation 79 'sext' 'sext_ln73' <Predicate = true> <Delay = 0.00>
ST_9 : Operation 80 [1/1] (2.13ns)   --->   "%y_frac = add i20 %zext_ln67_2, i20 %sext_ln73" [softmax_accel_hls.cc:73->softmax_accel_hls.cc:192]   --->   Operation 80 'add' 'y_frac' <Predicate = true> <Delay = 2.13> <CoreInst = "Adder">   --->   Core 1 'Adder' <Latency = 0> <II = 1> <Delay = 2.13> <FuncUnit> <Opcode : 'add' 'sub'> <InPorts = 2> <OutPorts = 1>

State 10 <SV = 9> <Delay = 7.76>
ST_10 : Operation 81 [1/1] (0.00ns)   --->   "%sext_ln73_1 = sext i20 %y_frac" [softmax_accel_hls.cc:73->softmax_accel_hls.cc:192]   --->   Operation 81 'sext' 'sext_ln73_1' <Predicate = true> <Delay = 0.00>
ST_10 : Operation 82 [1/1] (0.00ns) (grouped into LUT with out node y)   --->   "%xor_ln78 = xor i1 %tmp_7, i1 1" [softmax_accel_hls.cc:78->softmax_accel_hls.cc:192]   --->   Operation 82 'xor' 'xor_ln78' <Predicate = true> <Delay = 0.00> <CoreInst = "LogicGate">   --->   Core 74 'LogicGate' <Latency = 0> <II = 1> <Delay = 0.97> <FuncUnit> <Opcode : 'and' 'or' 'xor'> <InPorts = 2> <OutPorts = 1>
ST_10 : Operation 83 [1/1] (0.00ns) (grouped into LUT with out node y_2)   --->   "%sh_1 = select i1 %icmp_ln80, i16 15, i16 %k" [softmax_accel_hls.cc:80->softmax_accel_hls.cc:192]   --->   Operation 83 'select' 'sh_1' <Predicate = true> <Delay = 0.00> <CoreInst = "Sel">   --->   Core 73 'Sel' <Latency = 0> <II = 1> <Delay = 0.80> <FuncUnit> <Opcode : 'select'> <InPorts = 3> <OutPorts = 1>
ST_10 : Operation 84 [1/1] (0.00ns) (grouped into LUT with out node y_2)   --->   "%zext_ln79 = zext i16 %sh_1" [softmax_accel_hls.cc:79->softmax_accel_hls.cc:192]   --->   Operation 84 'zext' 'zext_ln79' <Predicate = true> <Delay = 0.00>
ST_10 : Operation 85 [1/1] (4.09ns) (out node of the LUT)   --->   "%y_2 = shl i32 %sext_ln73_1, i32 %zext_ln79" [softmax_accel_hls.cc:81->softmax_accel_hls.cc:192]   --->   Operation 85 'shl' 'y_2' <Predicate = true> <Delay = 4.09> <CoreInst = "Shifter">   --->   Core 75 'Shifter' <Latency = 0> <II = 1> <Delay = 4.09> <FuncUnit> <Opcode : 'shl' 'lshr' 'ashr'> <InPorts = 2> <OutPorts = 1>
ST_10 : Operation 86 [1/1] (0.00ns)   --->   "%sext_ln83 = sext i16 %k" [softmax_accel_hls.cc:83->softmax_accel_hls.cc:192]   --->   Operation 86 'sext' 'sext_ln83' <Predicate = true> <Delay = 0.00>
ST_10 : Operation 87 [1/1] (2.07ns)   --->   "%sh_2 = sub i17 0, i17 %sext_ln83" [softmax_accel_hls.cc:83->softmax_accel_hls.cc:192]   --->   Operation 87 'sub' 'sh_2' <Predicate = true> <Delay = 2.07> <CoreInst = "Adder">   --->   Core 1 'Adder' <Latency = 0> <II = 1> <Delay = 2.07> <FuncUnit> <Opcode : 'add' 'sub'> <InPorts = 2> <OutPorts = 1>
ST_10 : Operation 88 [1/1] (0.00ns)   --->   "%zext_ln83 = zext i17 %sh_2" [softmax_accel_hls.cc:83->softmax_accel_hls.cc:192]   --->   Operation 88 'zext' 'zext_ln83' <Predicate = true> <Delay = 0.00>
ST_10 : Operation 89 [1/1] (0.00ns)   --->   "%tmp_9 = partselect i12 @_ssdm_op_PartSelect.i12.i17.i32.i32, i17 %sh_2, i32 5, i32 16" [softmax_accel_hls.cc:84->softmax_accel_hls.cc:192]   --->   Operation 89 'partselect' 'tmp_9' <Predicate = true> <Delay = 0.00>
ST_10 : Operation 90 [1/1] (1.54ns)   --->   "%icmp_ln84 = icmp_sgt  i12 %tmp_9, i12 0" [softmax_accel_hls.cc:84->softmax_accel_hls.cc:192]   --->   Operation 90 'icmp' 'icmp_ln84' <Predicate = true> <Delay = 1.54> <CoreInst = "Cmp">   --->   Core 9 'Cmp' <Latency = 0> <II = 1> <Delay = 1.54> <FuncUnit> <Opcode : 'seteq' 'setne' 'setle' 'setge' 'setlt' 'setgt'> <InPorts = 2> <OutPorts = 1>
ST_10 : Operation 91 [1/1] (4.09ns)   --->   "%y_3 = lshr i32 %sext_ln73_1, i32 %zext_ln83" [softmax_accel_hls.cc:85->softmax_accel_hls.cc:192]   --->   Operation 91 'lshr' 'y_3' <Predicate = true> <Delay = 4.09> <CoreInst = "Shifter">   --->   Core 75 'Shifter' <Latency = 0> <II = 1> <Delay = 4.09> <FuncUnit> <Opcode : 'shl' 'lshr' 'ashr'> <InPorts = 2> <OutPorts = 1>
ST_10 : Operation 92 [1/1] (0.00ns) (grouped into LUT with out node y)   --->   "%and_ln84 = and i1 %icmp_ln84, i1 %tmp_7" [softmax_accel_hls.cc:84->softmax_accel_hls.cc:192]   --->   Operation 92 'and' 'and_ln84' <Predicate = true> <Delay = 0.00> <CoreInst = "LogicGate">   --->   Core 74 'LogicGate' <Latency = 0> <II = 1> <Delay = 0.97> <FuncUnit> <Opcode : 'and' 'or' 'xor'> <InPorts = 2> <OutPorts = 1>
ST_10 : Operation 93 [1/1] (0.00ns) (grouped into LUT with out node y)   --->   "%sel_tmp2 = bitconcatenate i2 @_ssdm_op_BitConcatenate.i2.i1.i1, i1 %xor_ln78, i1 %and_ln84" [softmax_accel_hls.cc:78->softmax_accel_hls.cc:192]   --->   Operation 93 'bitconcatenate' 'sel_tmp2' <Predicate = true> <Delay = 0.00>
ST_10 : Operation 94 [1/1] (1.58ns) (out node of the LUT)   --->   "%y = sparsemux i32 @_ssdm_op_SparseMux.ap_auto.3i32.i32.i2, i2 2, i32 %y_2, i2 1, i32 0, i2 0, i32 %y_3, i32 0, i2 %sel_tmp2" [softmax_accel_hls.cc:81->softmax_accel_hls.cc:192]   --->   Operation 94 'sparsemux' 'y' <Predicate = true> <Delay = 1.58> <CoreInst = "OneHotSparseMux_HasDef">   --->   Core 140 'OneHotSparseMux_HasDef' <Latency = 0> <II = 1> <Delay = 1.58> <FuncUnit> <Opcode : 'sparsemux'> <InPorts = 2> <OutPorts = 1>
ST_10 : Operation 105 [1/1] (0.00ns)   --->   "%sum64_load_1 = load i40 %sum64"   --->   Operation 105 'load' 'sum64_load_1' <Predicate = (icmp_ln188)> <Delay = 0.00>
ST_10 : Operation 106 [1/1] (0.00ns)   --->   "%write_ln0 = write void @_ssdm_op_Write.ap_auto.i40P0A, i40 %sum64_out, i40 %sum64_load_1"   --->   Operation 106 'write' 'write_ln0' <Predicate = (icmp_ln188)> <Delay = 0.00>
ST_10 : Operation 107 [1/1] (1.58ns)   --->   "%ret_ln0 = ret"   --->   Operation 107 'ret' 'ret_ln0' <Predicate = (icmp_ln188)> <Delay = 1.58>

State 11 <SV = 10> <Delay = 4.46>
ST_11 : Operation 95 [1/1] (0.00ns)   --->   "%sum64_load = load i40 %sum64" [softmax_accel_hls.cc:194]   --->   Operation 95 'load' 'sum64_load' <Predicate = true> <Delay = 0.00>
ST_11 : Operation 96 [1/1] (0.00ns)   --->   "%zext_ln188 = zext i9 %i" [softmax_accel_hls.cc:188]   --->   Operation 96 'zext' 'zext_ln188' <Predicate = true> <Delay = 0.00>
ST_11 : Operation 97 [1/1] (0.00ns)   --->   "%specpipeline_ln189 = specpipeline void @_ssdm_op_SpecPipeline, i32 1, i32 0, i32 0, i32 0, void @empty_0" [softmax_accel_hls.cc:189]   --->   Operation 97 'specpipeline' 'specpipeline_ln189' <Predicate = true> <Delay = 0.00>
ST_11 : Operation 98 [1/1] (0.00ns)   --->   "%specloopname_ln188 = specloopname void @_ssdm_op_SpecLoopName, void @empty_12" [softmax_accel_hls.cc:188]   --->   Operation 98 'specloopname' 'specloopname_ln188' <Predicate = true> <Delay = 0.00>
ST_11 : Operation 99 [1/1] (0.00ns)   --->   "%exp_buf_addr = getelementptr i32 %exp_buf, i64 0, i64 %zext_ln188" [softmax_accel_hls.cc:193]   --->   Operation 99 'getelementptr' 'exp_buf_addr' <Predicate = true> <Delay = 0.00>
ST_11 : Operation 100 [1/1] ( I:3.25ns O:3.25ns )   --->   "%store_ln193 = store i32 %y, i8 %exp_buf_addr" [softmax_accel_hls.cc:193]   --->   Operation 100 'store' 'store_ln193' <Predicate = true> <Delay = 3.25> <CoreInst = "RAM_1P_BRAM">   --->   Core 87 'RAM_1P_BRAM' <Latency = 1> <II = 1> <Delay = 3.25> <Storage> <Opcode : 'load' 'store'> <Ports = 1> <Width = 32> <Depth = 256> <RAM>
ST_11 : Operation 101 [1/1] (0.00ns)   --->   "%zext_ln194 = zext i32 %y" [softmax_accel_hls.cc:194]   --->   Operation 101 'zext' 'zext_ln194' <Predicate = true> <Delay = 0.00>
ST_11 : Operation 102 [1/1] (2.87ns)   --->   "%sum64_1 = add i40 %zext_ln194, i40 %sum64_load" [softmax_accel_hls.cc:194]   --->   Operation 102 'add' 'sum64_1' <Predicate = true> <Delay = 2.87> <CoreInst = "Adder">   --->   Core 1 'Adder' <Latency = 0> <II = 1> <Delay = 2.87> <FuncUnit> <Opcode : 'add' 'sub'> <InPorts = 2> <OutPorts = 1>
ST_11 : Operation 103 [1/1] (1.58ns)   --->   "%store_ln187 = store i40 %sum64_1, i40 %sum64" [softmax_accel_hls.cc:187]   --->   Operation 103 'store' 'store_ln187' <Predicate = true> <Delay = 1.58>
ST_11 : Operation 104 [1/1] (0.00ns)   --->   "%br_ln188 = br void %for.body16" [softmax_accel_hls.cc:188]   --->   Operation 104 'br' 'br_ln188' <Predicate = true> <Delay = 0.00>


============================================================
+ Verbose Summary: Timing violations
============================================================
Target clock period: 11.800ns, clock uncertainty: 3.186ns.

 <State 1>: 4.999ns
The critical path consists of the following:
	'store' operation 0 bit ('store_ln188', softmax_accel_hls.cc:188) of constant 0 on local variable 'i', softmax_accel_hls.cc:188 [16]  (1.588 ns)
	'load' operation 9 bit ('i', softmax_accel_hls.cc:188) on local variable 'i', softmax_accel_hls.cc:188 [20]  (0.000 ns)
	'icmp' operation 1 bit ('icmp_ln188', softmax_accel_hls.cc:188) [22]  (1.823 ns)
	'store' operation 0 bit ('store_ln188', softmax_accel_hls.cc:188) of variable 'add_ln188', softmax_accel_hls.cc:188 on local variable 'i', softmax_accel_hls.cc:188 [96]  (1.588 ns)

 <State 2>: 8.614ns
The critical path consists of the following:
	'getelementptr' operation 32 bit ('gmem_addr', softmax_accel_hls.cc:176) [28]  (0.000 ns)
	bus read operation ('xi', softmax_accel_hls.cc:190) on port 'gmem' (softmax_accel_hls.cc:190) [32]  (8.614 ns)

 <State 3>: 2.552ns
The critical path consists of the following:
	'sub' operation 32 bit ('x', softmax_accel_hls.cc:191) [33]  (2.552 ns)

 <State 4>: 8.206ns
The critical path consists of the following:
	'icmp' operation 1 bit ('icmp_ln53', softmax_accel_hls.cc:53->softmax_accel_hls.cc:192) [34]  (2.552 ns)
	'select' operation 32 bit ('x_q16', softmax_accel_hls.cc:53->softmax_accel_hls.cc:192) [35]  (0.698 ns)
	'sub' operation 50 bit ('sub_ln56', softmax_accel_hls.cc:56->softmax_accel_hls.cc:192) [40]  (0.000 ns)
	'sub' operation 50 bit ('sub_ln56_1', softmax_accel_hls.cc:56->softmax_accel_hls.cc:192) [43]  (4.956 ns)

 <State 5>: 4.956ns
The critical path consists of the following:
	'add' operation 50 bit ('add_ln56', softmax_accel_hls.cc:56->softmax_accel_hls.cc:192) [46]  (0.000 ns)
	'add' operation 50 bit ('add_ln56_1', softmax_accel_hls.cc:56->softmax_accel_hls.cc:192) [49]  (4.956 ns)

 <State 6>: 6.503ns
The critical path consists of the following:
	'add' operation 50 bit ('add_ln56_2', softmax_accel_hls.cc:56->softmax_accel_hls.cc:192) [52]  (0.000 ns)
	'add' operation 50 bit ('t64', softmax_accel_hls.cc:56->softmax_accel_hls.cc:192) [55]  (4.956 ns)
	'icmp' operation 1 bit ('icmp_ln80', softmax_accel_hls.cc:80->softmax_accel_hls.cc:192) [79]  (1.547 ns)

 <State 7>: 4.057ns
The critical path consists of the following:
	'add' operation 5 bit ('add_ln68', softmax_accel_hls.cc:68->softmax_accel_hls.cc:192) [64]  (1.735 ns)
	'getelementptr' operation 5 bit ('EXP2_PTS_Q16_addr_1', softmax_accel_hls.cc:68->softmax_accel_hls.cc:192) [66]  (0.000 ns)
	'load' operation 18 bit ('y1', softmax_accel_hls.cc:68->softmax_accel_hls.cc:192) on array 'EXP2_PTS_Q16' [67]  (2.322 ns)

 <State 8>: 4.458ns
The critical path consists of the following:
	'load' operation 18 bit ('y0', softmax_accel_hls.cc:67->softmax_accel_hls.cc:192) on array 'EXP2_PTS_Q16' [62]  (2.322 ns)
	'sub' operation 18 bit ('dy', softmax_accel_hls.cc:69->softmax_accel_hls.cc:192) [68]  (2.136 ns)

 <State 9>: 7.729ns
The critical path consists of the following:
	'mul' operation 30 bit ('interp', softmax_accel_hls.cc:72->softmax_accel_hls.cc:192) [71]  (5.593 ns)
	'add' operation 20 bit ('y_frac', softmax_accel_hls.cc:73->softmax_accel_hls.cc:192) [74]  (2.136 ns)

 <State 10>: 7.761ns
The critical path consists of the following:
	'sub' operation 17 bit ('sh', softmax_accel_hls.cc:83->softmax_accel_hls.cc:192) [84]  (2.077 ns)
	'lshr' operation 32 bit ('y', softmax_accel_hls.cc:85->softmax_accel_hls.cc:192) [88]  (4.096 ns)
	'sparsemux' operation 32 bit ('y', softmax_accel_hls.cc:81->softmax_accel_hls.cc:192) [91]  (1.588 ns)

 <State 11>: 4.465ns
The critical path consists of the following:
	'load' operation 40 bit ('sum64_load', softmax_accel_hls.cc:194) on local variable 'sum64', softmax_accel_hls.cc:187 [27]  (0.000 ns)
	'add' operation 40 bit ('sum64', softmax_accel_hls.cc:194) [95]  (2.877 ns)
	'store' operation 0 bit ('store_ln187', softmax_accel_hls.cc:187) of variable 'sum64', softmax_accel_hls.cc:194 on local variable 'sum64', softmax_accel_hls.cc:187 [97]  (1.588 ns)


============================================================
+ Verbose Summary: Binding
============================================================
N/A
* FSMD analyzer results:
  - Output states:
 - Input state : 
  - Chain level:
	State 1
	State 2
	State 3
	State 4
	State 5
	State 6
	State 7
	State 8
	State 9
	State 10
	State 11


============================================================
+ Verbose Summary: Datapath Resource usage 
============================================================
N/A
