

================================================================
== Vitis HLS Report for 'softmax_accel_Pipeline_VITIS_LOOP_177_1'
================================================================
* Date:           Sat Feb 28 17:58:39 2026

* Version:        2025.1 (Build 6135595 on May 21 2025)
* Project:        Prometheus
* Solution:       hls (Vivado IP Flow Target)
* Product family: zynq
* Target device:  xc7z020-clg400-1


================================================================
== Performance Estimates
================================================================
+ Timing: 
    * Summary: 
    +--------+----------+----------+------------+
    |  Clock |  Target  | Estimated| Uncertainty|
    +--------+----------+----------+------------+
    |ap_clk  |  11.80 ns|  8.614 ns|     3.19 ns|
    +--------+----------+----------+------------+

+ Latency: 
    * Summary: 
    +---------+---------+-----------+----------+-----+-----+------------------------------------------------+
    |  Latency (cycles) |  Latency (absolute)  |  Interval |                    Pipeline                    |
    |   min   |   max   |    min    |    max   | min | max |                      Type                      |
    +---------+---------+-----------+----------+-----+-----+------------------------------------------------+
    |        2|      258|  23.600 ns|  3.044 us|    1|  256|  loop auto-rewind stp (delay=0 clock cycles(s))|
    +---------+---------+-----------+----------+-----+-----+------------------------------------------------+

    + Detail: 
        * Instance: 
        N/A

        * Loop: 
        +--------------------+---------+---------+----------+-----------+-----------+---------+----------+
        |                    |  Latency (cycles) | Iteration|  Initiation Interval  |   Trip  |          |
        |      Loop Name     |   min   |   max   |  Latency |  achieved |   target  |  Count  | Pipelined|
        +--------------------+---------+---------+----------+-----------+-----------+---------+----------+
        |- VITIS_LOOP_177_1  |        0|      256|         3|          1|          1|  0 ~ 255|       yes|
        +--------------------+---------+---------+----------+-----------+-----------+---------+----------+

============================================================
+ Verbose Summary: Synthesis Manager
============================================================
InlineROM: 1
ExposeGlobal: 0
============================================================
+ Verbose Summary: CDFG Model
============================================================
IsTopModel: 0
ResetActiveHigh: 1
IsCombinational: 0
IsDatapathOnly: 0
HasWiredReturn: 1
HasMFsm: 2
HasVarLatency: 1
IsPipeline: 0
IsRtlPipelined: 0
IsInstanceOverlapped: 0
IsDontTouch: 0
HasImplIP: 0
IsGatedGlobalClock: 0

+ Individual pipeline summary: 
  * Pipeline-0: initiation interval (II) = 1, depth = 3


============================================================
+ Verbose Summary: Schedule
============================================================
* Number of FSM states : 3
* Pipeline : 1
  Pipeline-0 : II = 1, D = 3, States = { 1 2 3 }
* Dataflow Pipeline: 0

* FSM state transitions: 
1 --> 2 
2 --> 3 
3 --> 

* FSM state operations: 

State 1 <SV = 0> <Delay = 4.99>
ST_1 : Operation 6 [1/1] (0.00ns)   --->   "%max_x_1 = alloca i32 1" [softmax_accel_hls.cc:176]   --->   Operation 6 'alloca' 'max_x_1' <Predicate = true> <Delay = 0.00>
ST_1 : Operation 7 [1/1] (0.00ns)   --->   "%i = alloca i32 1" [softmax_accel_hls.cc:177]   --->   Operation 7 'alloca' 'i' <Predicate = true> <Delay = 0.00>
ST_1 : Operation 8 [1/1] (0.00ns)   --->   "%sext_ln177_read = read i62 @_ssdm_op_Read.ap_auto.i62, i62 %sext_ln177"   --->   Operation 8 'read' 'sext_ln177_read' <Predicate = true> <Delay = 0.00>
ST_1 : Operation 9 [1/1] (0.00ns)   --->   "%select_ln169_read = read i9 @_ssdm_op_Read.ap_auto.i9, i9 %select_ln169"   --->   Operation 9 'read' 'select_ln169_read' <Predicate = true> <Delay = 0.00>
ST_1 : Operation 10 [1/1] (0.00ns)   --->   "%max_x_read = read i32 @_ssdm_op_Read.ap_auto.i32, i32 %max_x"   --->   Operation 10 'read' 'max_x_read' <Predicate = true> <Delay = 0.00>
ST_1 : Operation 11 [1/1] (0.00ns)   --->   "%sext_ln177_cast = sext i62 %sext_ln177_read"   --->   Operation 11 'sext' 'sext_ln177_cast' <Predicate = true> <Delay = 0.00>
ST_1 : Operation 12 [1/1] (0.00ns)   --->   "%specinterface_ln0 = specinterface void @_ssdm_op_SpecInterface, i32 %gmem, void @empty, i32 0, i32 0, void @empty_0, i32 0, i32 16384, void @empty_1, void @empty_2, void @empty_0, i32 16, i32 16, i32 16, i32 16, void @empty_0, void @empty_0, i32 4294967295, i32 0, i32 0"   --->   Operation 12 'specinterface' 'specinterface_ln0' <Predicate = true> <Delay = 0.00>
ST_1 : Operation 13 [1/1] (1.58ns)   --->   "%store_ln177 = store i9 1, i9 %i" [softmax_accel_hls.cc:177]   --->   Operation 13 'store' 'store_ln177' <Predicate = true> <Delay = 1.58>
ST_1 : Operation 14 [1/1] (1.58ns)   --->   "%store_ln176 = store i32 %max_x_read, i32 %max_x_1" [softmax_accel_hls.cc:176]   --->   Operation 14 'store' 'store_ln176' <Predicate = true> <Delay = 1.58>
ST_1 : Operation 15 [1/1] (0.00ns)   --->   "%br_ln0 = br void %for.body"   --->   Operation 15 'br' 'br_ln0' <Predicate = true> <Delay = 0.00>
ST_1 : Operation 16 [1/1] (0.00ns)   --->   "%i_2 = load i9 %i" [softmax_accel_hls.cc:177]   --->   Operation 16 'load' 'i_2' <Predicate = true> <Delay = 0.00>
ST_1 : Operation 17 [1/1] (0.00ns)   --->   "%specbitsmap_ln0 = specbitsmap void @_ssdm_op_SpecBitsMap, i32 %gmem"   --->   Operation 17 'specbitsmap' 'specbitsmap_ln0' <Predicate = true> <Delay = 0.00>
ST_1 : Operation 18 [1/1] (1.82ns)   --->   "%icmp_ln177 = icmp_ult  i9 %i_2, i9 %select_ln169_read" [softmax_accel_hls.cc:177]   --->   Operation 18 'icmp' 'icmp_ln177' <Predicate = true> <Delay = 1.82> <CoreInst = "Cmp">   --->   Core 9 'Cmp' <Latency = 0> <II = 1> <Delay = 1.82> <FuncUnit> <Opcode : 'seteq' 'setne' 'setle' 'setge' 'setlt' 'setgt'> <InPorts = 2> <OutPorts = 1>
ST_1 : Operation 19 [1/1] (0.00ns)   --->   "%br_ln177 = br i1 %icmp_ln177, void %for.end.loopexit.exitStub, void %for.body.split" [softmax_accel_hls.cc:177]   --->   Operation 19 'br' 'br_ln177' <Predicate = true> <Delay = 0.00>
ST_1 : Operation 20 [1/1] (1.82ns)   --->   "%add_ln177 = add i9 %i_2, i9 1" [softmax_accel_hls.cc:177]   --->   Operation 20 'add' 'add_ln177' <Predicate = (icmp_ln177)> <Delay = 1.82> <CoreInst = "Adder">   --->   Core 1 'Adder' <Latency = 0> <II = 1> <Delay = 1.82> <FuncUnit> <Opcode : 'add' 'sub'> <InPorts = 2> <OutPorts = 1>
ST_1 : Operation 21 [1/1] (1.58ns)   --->   "%store_ln177 = store i9 %add_ln177, i9 %i" [softmax_accel_hls.cc:177]   --->   Operation 21 'store' 'store_ln177' <Predicate = (icmp_ln177)> <Delay = 1.58>

State 2 <SV = 1> <Delay = 8.61>
ST_2 : Operation 22 [1/1] (0.00ns)   --->   "%gmem_addr = getelementptr i32 %gmem, i64 %sext_ln177_cast" [softmax_accel_hls.cc:177]   --->   Operation 22 'getelementptr' 'gmem_addr' <Predicate = true> <Delay = 0.00>
ST_2 : Operation 23 [1/1] (8.61ns)   --->   "%xi = read i32 @_ssdm_op_Read.m_axi.p1i32, i32 %gmem_addr" [softmax_accel_hls.cc:179]   --->   Operation 23 'read' 'xi' <Predicate = true> <Delay = 8.61> <CoreInst = "m_axi">   --->   Core 111 'm_axi' <Latency = 3> <II = 1> <Delay = 1.00> <Adapter> <Opcode : 'read' 'write' 'readreq' 'writereq' 'writeresp'>
ST_2 : Operation 32 [1/1] (0.00ns)   --->   "%max_x_1_load = load i32 %max_x_1"   --->   Operation 32 'load' 'max_x_1_load' <Predicate = (!icmp_ln177)> <Delay = 0.00>
ST_2 : Operation 33 [1/1] (0.00ns)   --->   "%write_ln0 = write void @_ssdm_op_Write.ap_auto.i32P0A, i32 %max_x_1_out, i32 %max_x_1_load"   --->   Operation 33 'write' 'write_ln0' <Predicate = (!icmp_ln177)> <Delay = 0.00>
ST_2 : Operation 34 [1/1] (1.58ns)   --->   "%ret_ln0 = ret"   --->   Operation 34 'ret' 'ret_ln0' <Predicate = (!icmp_ln177)> <Delay = 1.58>

State 3 <SV = 2> <Delay = 4.83>
ST_3 : Operation 24 [1/1] (0.00ns)   --->   "%max_x_1_load_1 = load i32 %max_x_1" [softmax_accel_hls.cc:180]   --->   Operation 24 'load' 'max_x_1_load_1' <Predicate = true> <Delay = 0.00>
ST_3 : Operation 25 [1/1] (0.00ns)   --->   "%specpipeline_ln178 = specpipeline void @_ssdm_op_SpecPipeline, i32 1, i32 0, i32 0, i32 0, void @empty_0" [softmax_accel_hls.cc:178]   --->   Operation 25 'specpipeline' 'specpipeline_ln178' <Predicate = true> <Delay = 0.00>
ST_3 : Operation 26 [1/1] (0.00ns)   --->   "%speclooptripcount_ln176 = speclooptripcount void @_ssdm_op_SpecLoopTripCount, i64 0, i64 255, i64 127" [softmax_accel_hls.cc:176]   --->   Operation 26 'speclooptripcount' 'speclooptripcount_ln176' <Predicate = true> <Delay = 0.00>
ST_3 : Operation 27 [1/1] (0.00ns)   --->   "%specloopname_ln177 = specloopname void @_ssdm_op_SpecLoopName, void @empty_13" [softmax_accel_hls.cc:177]   --->   Operation 27 'specloopname' 'specloopname_ln177' <Predicate = true> <Delay = 0.00>
ST_3 : Operation 28 [1/1] (2.55ns)   --->   "%icmp_ln180 = icmp_sgt  i32 %xi, i32 %max_x_1_load_1" [softmax_accel_hls.cc:180]   --->   Operation 28 'icmp' 'icmp_ln180' <Predicate = true> <Delay = 2.55> <CoreInst = "Cmp">   --->   Core 9 'Cmp' <Latency = 0> <II = 1> <Delay = 2.55> <FuncUnit> <Opcode : 'seteq' 'setne' 'setle' 'setge' 'setlt' 'setgt'> <InPorts = 2> <OutPorts = 1>
ST_3 : Operation 29 [1/1] (0.69ns)   --->   "%max_x_2 = select i1 %icmp_ln180, i32 %xi, i32 %max_x_1_load_1" [softmax_accel_hls.cc:180]   --->   Operation 29 'select' 'max_x_2' <Predicate = true> <Delay = 0.69> <CoreInst = "Sel">   --->   Core 73 'Sel' <Latency = 0> <II = 1> <Delay = 0.69> <FuncUnit> <Opcode : 'select'> <InPorts = 3> <OutPorts = 1>
ST_3 : Operation 30 [1/1] (1.58ns)   --->   "%store_ln176 = store i32 %max_x_2, i32 %max_x_1" [softmax_accel_hls.cc:176]   --->   Operation 30 'store' 'store_ln176' <Predicate = true> <Delay = 1.58>
ST_3 : Operation 31 [1/1] (0.00ns)   --->   "%br_ln177 = br void %for.body" [softmax_accel_hls.cc:177]   --->   Operation 31 'br' 'br_ln177' <Predicate = true> <Delay = 0.00>


============================================================
+ Verbose Summary: Binding
============================================================
STG Binding: 
---------------- STG Properties BEGIN ----------------
- Is combinational: 0
- Is one-state seq: 0
- Is datapath-only: 0
- Is pipelined: 0
- Is top level: 0
Port [ Return ] is wired: 1; IO mode=ap_ctrl_hs:ce=0
Port [ max_x]:  wired=1; compound=0; hidden=0; nouse=0; global=0; static=0; extern=0; dir=0; type=0; pingpong=0; private_global=0; IO mode=ap_none:ce=0
Port [ gmem]:  wired=1; compound=1; hidden=0; nouse=0; global=0; static=0; extern=0; dir=0; type=4; pingpong=0; private_global=0; IO mode=m_axi:ce=0
Port [ select_ln169]:  wired=1; compound=0; hidden=0; nouse=0; global=0; static=0; extern=0; dir=0; type=0; pingpong=0; private_global=0; IO mode=ap_none:ce=0
Port [ sext_ln177]:  wired=1; compound=0; hidden=0; nouse=0; global=0; static=0; extern=0; dir=0; type=0; pingpong=0; private_global=0; IO mode=ap_none:ce=0
Port [ max_x_1_out]:  wired=1; compound=0; hidden=0; nouse=0; global=0; static=0; extern=0; dir=1; type=0; pingpong=0; private_global=0; IO mode=ap_vld:ce=0
---------------- STG Properties END ------------------

---------------- Datapath Model BEGIN ----------------

<LifeTime>
<method=bitvector/>
max_x_1                 (alloca           ) [ 0111]
i                       (alloca           ) [ 0100]
sext_ln177_read         (read             ) [ 0000]
select_ln169_read       (read             ) [ 0000]
max_x_read              (read             ) [ 0000]
sext_ln177_cast         (sext             ) [ 0110]
specinterface_ln0       (specinterface    ) [ 0000]
store_ln177             (store            ) [ 0000]
store_ln176             (store            ) [ 0000]
br_ln0                  (br               ) [ 0000]
i_2                     (load             ) [ 0000]
specbitsmap_ln0         (specbitsmap      ) [ 0000]
icmp_ln177              (icmp             ) [ 0110]
br_ln177                (br               ) [ 0000]
add_ln177               (add              ) [ 0000]
store_ln177             (store            ) [ 0000]
gmem_addr               (getelementptr    ) [ 0000]
xi                      (read             ) [ 0101]
max_x_1_load_1          (load             ) [ 0000]
specpipeline_ln178      (specpipeline     ) [ 0000]
speclooptripcount_ln176 (speclooptripcount) [ 0000]
specloopname_ln177      (specloopname     ) [ 0000]
icmp_ln180              (icmp             ) [ 0000]
max_x_2                 (select           ) [ 0000]
store_ln176             (store            ) [ 0000]
br_ln177                (br               ) [ 0000]
max_x_1_load            (load             ) [ 0000]
write_ln0               (write            ) [ 0000]
ret_ln0                 (ret              ) [ 0000]
</LifeTime>

<model>

<comp_list>
<comp id="0" class="1000" name="max_x">
<pin_list>
<pin id="1" dir="1" index="0" bw="1" slack="0"/>
</pin_list>
<bind>
<StgValue><ssdm name="max_x"/></StgValue>
</bind>
</comp>

<comp id="2" class="1000" name="gmem">
<pin_list>
<pin id="3" dir="1" index="0" bw="1" slack="0"/>
</pin_list>
<bind>
<StgValue><ssdm name="gmem"/><MemPortTyVec>0 </MemPortTyVec>
</StgValue>
</bind>
</comp>

<comp id="4" class="1000" name="select_ln169">
<pin_list>
<pin id="5" dir="1" index="0" bw="1" slack="0"/>
</pin_list>
<bind>
<StgValue><ssdm name="select_ln169"/></StgValue>
</bind>
</comp>

<comp id="6" class="1000" name="sext_ln177">
<pin_list>
<pin id="7" dir="1" index="0" bw="1" slack="0"/>
</pin_list>
<bind>
<StgValue><ssdm name="sext_ln177"/></StgValue>
</bind>
</comp>

<comp id="8" class="1000" name="max_x_1_out">
<pin_list>
<pin id="9" dir="1" index="0" bw="1" slack="0"/>
</pin_list>
<bind>
<StgValue><ssdm name="max_x_1_out"/></StgValue>
</bind>
</comp>

<comp id="10" class="1001" name="const_10">
<pin_list>
<pin id="11" dir="1" index="0" bw="1" slack="0"/>
</pin_list>
<bind>
<StgValue><ssdm name=""/></StgValue>
</bind>
</comp>

<comp id="12" class="1001" name="const_12">
<pin_list>
<pin id="13" dir="1" index="0" bw="1" slack="0"/>
</pin_list>
<bind>
<StgValue><ssdm name="_ssdm_op_Read.ap_auto.i62"/></StgValue>
</bind>
</comp>

<comp id="14" class="1001" name="const_14">
<pin_list>
<pin id="15" dir="1" index="0" bw="1" slack="0"/>
</pin_list>
<bind>
<StgValue><ssdm name="_ssdm_op_Read.ap_auto.i9"/></StgValue>
</bind>
</comp>

<comp id="16" class="1001" name="const_16">
<pin_list>
<pin id="17" dir="1" index="0" bw="1" slack="0"/>
</pin_list>
<bind>
<StgValue><ssdm name="_ssdm_op_Read.ap_auto.i32"/></StgValue>
</bind>
</comp>

<comp id="18" class="1001" name="const_18">
<pin_list>
<pin id="19" dir="1" index="0" bw="1" slack="2147483647"/>
</pin_list>
<bind>
<StgValue><ssdm name="_ssdm_op_SpecInterface"/></StgValue>
</bind>
</comp>

<comp id="20" class="1001" name="const_20">
<pin_list>
<pin id="21" dir="1" index="0" bw="1" slack="2147483647"/>
</pin_list>
<bind>
<StgValue><ssdm name="empty"/></StgValue>
</bind>
</comp>

<comp id="22" class="1001" name="const_22">
<pin_list>
<pin id="23" dir="1" index="0" bw="1" slack="2147483647"/>
</pin_list>
<bind>
<StgValue><ssdm name=""/></StgValue>
</bind>
</comp>

<comp id="24" class="1001" name="const_24">
<pin_list>
<pin id="25" dir="1" index="0" bw="1" slack="2147483647"/>
</pin_list>
<bind>
<StgValue><ssdm name="empty_0"/></StgValue>
</bind>
</comp>

<comp id="26" class="1001" name="const_26">
<pin_list>
<pin id="27" dir="1" index="0" bw="1" slack="2147483647"/>
</pin_list>
<bind>
<StgValue><ssdm name=""/></StgValue>
</bind>
</comp>

<comp id="28" class="1001" name="const_28">
<pin_list>
<pin id="29" dir="1" index="0" bw="1" slack="2147483647"/>
</pin_list>
<bind>
<StgValue><ssdm name="empty_1"/></StgValue>
</bind>
</comp>

<comp id="30" class="1001" name="const_30">
<pin_list>
<pin id="31" dir="1" index="0" bw="1" slack="2147483647"/>
</pin_list>
<bind>
<StgValue><ssdm name="empty_2"/></StgValue>
</bind>
</comp>

<comp id="32" class="1001" name="const_32">
<pin_list>
<pin id="33" dir="1" index="0" bw="1" slack="2147483647"/>
</pin_list>
<bind>
<StgValue><ssdm name=""/></StgValue>
</bind>
</comp>

<comp id="34" class="1001" name="const_34">
<pin_list>
<pin id="35" dir="1" index="0" bw="1" slack="2147483647"/>
</pin_list>
<bind>
<StgValue><ssdm name=""/></StgValue>
</bind>
</comp>

<comp id="36" class="1001" name="const_36">
<pin_list>
<pin id="37" dir="1" index="0" bw="1" slack="0"/>
</pin_list>
<bind>
<StgValue><ssdm name=""/></StgValue>
</bind>
</comp>

<comp id="38" class="1001" name="const_38">
<pin_list>
<pin id="39" dir="1" index="0" bw="1" slack="2147483647"/>
</pin_list>
<bind>
<StgValue><ssdm name="_ssdm_op_SpecBitsMap"/></StgValue>
</bind>
</comp>

<comp id="40" class="1001" name="const_40">
<pin_list>
<pin id="41" dir="1" index="0" bw="1" slack="0"/>
</pin_list>
<bind>
<StgValue><ssdm name="_ssdm_op_Read.m_axi.p1i32"/></StgValue>
</bind>
</comp>

<comp id="42" class="1001" name="const_42">
<pin_list>
<pin id="43" dir="1" index="0" bw="1" slack="2147483647"/>
</pin_list>
<bind>
<StgValue><ssdm name="_ssdm_op_SpecPipeline"/></StgValue>
</bind>
</comp>

<comp id="44" class="1001" name="const_44">
<pin_list>
<pin id="45" dir="1" index="0" bw="1" slack="2147483647"/>
</pin_list>
<bind>
<StgValue><ssdm name="_ssdm_op_SpecLoopTripCount"/></StgValue>
</bind>
</comp>

<comp id="46" class="1001" name="const_46">
<pin_list>
<pin id="47" dir="1" index="0" bw="1" slack="2147483647"/>
</pin_list>
<bind>
<StgValue><ssdm name=""/></StgValue>
</bind>
</comp>

<comp id="48" class="1001" name="const_48">
<pin_list>
<pin id="49" dir="1" index="0" bw="1" slack="2147483647"/>
</pin_list>
<bind>
<StgValue><ssdm name=""/></StgValue>
</bind>
</comp>

<comp id="50" class="1001" name="const_50">
<pin_list>
<pin id="51" dir="1" index="0" bw="1" slack="2147483647"/>
</pin_list>
<bind>
<StgValue><ssdm name=""/></StgValue>
</bind>
</comp>

<comp id="52" class="1001" name="const_52">
<pin_list>
<pin id="53" dir="1" index="0" bw="1" slack="2147483647"/>
</pin_list>
<bind>
<StgValue><ssdm name="_ssdm_op_SpecLoopName"/></StgValue>
</bind>
</comp>

<comp id="54" class="1001" name="const_54">
<pin_list>
<pin id="55" dir="1" index="0" bw="1" slack="2147483647"/>
</pin_list>
<bind>
<StgValue><ssdm name="empty_13"/></StgValue>
</bind>
</comp>

<comp id="56" class="1001" name="const_56">
<pin_list>
<pin id="57" dir="1" index="0" bw="1" slack="0"/>
</pin_list>
<bind>
<StgValue><ssdm name="_ssdm_op_Write.ap_auto.i32P0A"/></StgValue>
</bind>
</comp>

<comp id="58" class="1004" name="max_x_1_fu_58">
<pin_list>
<pin id="59" dir="0" index="0" bw="1" slack="0"/>
<pin id="60" dir="1" index="1" bw="32" slack="0"/>
</pin_list>
<bind>
<opcode="alloca(26) " fcode="alloca"/>
<opset="max_x_1/1 "/>
</bind>
</comp>

<comp id="62" class="1004" name="i_fu_62">
<pin_list>
<pin id="63" dir="0" index="0" bw="1" slack="0"/>
<pin id="64" dir="1" index="1" bw="9" slack="0"/>
</pin_list>
<bind>
<opcode="alloca(26) " fcode="alloca"/>
<opset="i/1 "/>
</bind>
</comp>

<comp id="66" class="1004" name="sext_ln177_read_read_fu_66">
<pin_list>
<pin id="67" dir="0" index="0" bw="62" slack="0"/>
<pin id="68" dir="0" index="1" bw="62" slack="0"/>
<pin id="69" dir="1" index="2" bw="62" slack="0"/>
</pin_list>
<bind>
<opcode="read(1150) " fcode="read"/>
<opset="sext_ln177_read/1 "/>
</bind>
</comp>

<comp id="72" class="1004" name="select_ln169_read_read_fu_72">
<pin_list>
<pin id="73" dir="0" index="0" bw="9" slack="0"/>
<pin id="74" dir="0" index="1" bw="9" slack="0"/>
<pin id="75" dir="1" index="2" bw="9" slack="0"/>
</pin_list>
<bind>
<opcode="read(1150) " fcode="read"/>
<opset="select_ln169_read/1 "/>
</bind>
</comp>

<comp id="78" class="1004" name="max_x_read_read_fu_78">
<pin_list>
<pin id="79" dir="0" index="0" bw="32" slack="0"/>
<pin id="80" dir="0" index="1" bw="32" slack="0"/>
<pin id="81" dir="1" index="2" bw="32" slack="0"/>
</pin_list>
<bind>
<opcode="read(1150) " fcode="read"/>
<opset="max_x_read/1 "/>
</bind>
</comp>

<comp id="84" class="1004" name="write_ln0_write_fu_84">
<pin_list>
<pin id="85" dir="0" index="0" bw="0" slack="0"/>
<pin id="86" dir="0" index="1" bw="32" slack="0"/>
<pin id="87" dir="0" index="2" bw="32" slack="0"/>
<pin id="88" dir="1" index="3" bw="0" slack="2147483647"/>
</pin_list>
<bind>
<opcode="write(1151) " fcode="write"/>
<opset="write_ln0/2 "/>
</bind>
</comp>

<comp id="91" class="1004" name="xi_read_fu_91">
<pin_list>
<pin id="92" dir="0" index="0" bw="32" slack="0"/>
<pin id="93" dir="0" index="1" bw="32" slack="0"/>
<pin id="94" dir="1" index="2" bw="32" slack="1"/>
</pin_list>
<bind>
<opcode="read(1150) " fcode="read"/>
<opset="xi/2 "/>
</bind>
</comp>

<comp id="96" class="1004" name="sext_ln177_cast_fu_96">
<pin_list>
<pin id="97" dir="0" index="0" bw="62" slack="0"/>
<pin id="98" dir="1" index="1" bw="64" slack="1"/>
</pin_list>
<bind>
<opcode="sext(35) " fcode="sext"/>
<opset="sext_ln177_cast/1 "/>
</bind>
</comp>

<comp id="100" class="1004" name="store_ln177_store_fu_100">
<pin_list>
<pin id="101" dir="0" index="0" bw="1" slack="0"/>
<pin id="102" dir="0" index="1" bw="9" slack="0"/>
<pin id="103" dir="1" index="2" bw="0" slack="2147483647"/>
</pin_list>
<bind>
<opcode="store(28) " fcode="store"/>
<opset="store_ln177/1 "/>
</bind>
</comp>

<comp id="105" class="1004" name="store_ln176_store_fu_105">
<pin_list>
<pin id="106" dir="0" index="0" bw="32" slack="0"/>
<pin id="107" dir="0" index="1" bw="32" slack="0"/>
<pin id="108" dir="1" index="2" bw="0" slack="2147483647"/>
</pin_list>
<bind>
<opcode="store(28) " fcode="store"/>
<opset="store_ln176/1 "/>
</bind>
</comp>

<comp id="110" class="1004" name="i_2_load_fu_110">
<pin_list>
<pin id="111" dir="0" index="0" bw="9" slack="0"/>
<pin id="112" dir="1" index="1" bw="9" slack="0"/>
</pin_list>
<bind>
<opcode="load(27) " fcode="load"/>
<opset="i_2/1 "/>
</bind>
</comp>

<comp id="113" class="1004" name="icmp_ln177_fu_113">
<pin_list>
<pin id="114" dir="0" index="0" bw="9" slack="0"/>
<pin id="115" dir="0" index="1" bw="9" slack="0"/>
<pin id="116" dir="1" index="2" bw="1" slack="1"/>
</pin_list>
<bind>
<opcode="icmp(45) " fcode="icmp"/>
<opset="icmp_ln177/1 "/>
</bind>
</comp>

<comp id="119" class="1004" name="add_ln177_fu_119">
<pin_list>
<pin id="120" dir="0" index="0" bw="9" slack="0"/>
<pin id="121" dir="0" index="1" bw="1" slack="0"/>
<pin id="122" dir="1" index="2" bw="9" slack="0"/>
</pin_list>
<bind>
<opcode="add(8) " fcode="add"/>
<opset="add_ln177/1 "/>
</bind>
</comp>

<comp id="125" class="1004" name="store_ln177_store_fu_125">
<pin_list>
<pin id="126" dir="0" index="0" bw="9" slack="0"/>
<pin id="127" dir="0" index="1" bw="9" slack="0"/>
<pin id="128" dir="1" index="2" bw="0" slack="2147483647"/>
</pin_list>
<bind>
<opcode="store(28) " fcode="store"/>
<opset="store_ln177/1 "/>
</bind>
</comp>

<comp id="130" class="1004" name="gmem_addr_fu_130">
<pin_list>
<pin id="131" dir="0" index="0" bw="32" slack="0"/>
<pin id="132" dir="0" index="1" bw="62" slack="1"/>
<pin id="133" dir="1" index="2" bw="32" slack="0"/>
</pin_list>
<bind>
<opcode="getelementptr(29) " fcode="getelementptr"/>
<opset="gmem_addr/2 "/>
</bind>
</comp>

<comp id="136" class="1004" name="max_x_1_load_1_load_fu_136">
<pin_list>
<pin id="137" dir="0" index="0" bw="32" slack="2"/>
<pin id="138" dir="1" index="1" bw="32" slack="0"/>
</pin_list>
<bind>
<opcode="load(27) " fcode="load"/>
<opset="max_x_1_load_1/3 "/>
</bind>
</comp>

<comp id="139" class="1004" name="icmp_ln180_fu_139">
<pin_list>
<pin id="140" dir="0" index="0" bw="32" slack="1"/>
<pin id="141" dir="0" index="1" bw="32" slack="0"/>
<pin id="142" dir="1" index="2" bw="1" slack="0"/>
</pin_list>
<bind>
<opcode="icmp(45) " fcode="icmp"/>
<opset="icmp_ln180/3 "/>
</bind>
</comp>

<comp id="144" class="1004" name="max_x_2_fu_144">
<pin_list>
<pin id="145" dir="0" index="0" bw="1" slack="0"/>
<pin id="146" dir="0" index="1" bw="32" slack="1"/>
<pin id="147" dir="0" index="2" bw="32" slack="0"/>
<pin id="148" dir="1" index="3" bw="32" slack="0"/>
</pin_list>
<bind>
<opcode="select(49) " fcode="select"/>
<opset="max_x_2/3 "/>
</bind>
</comp>

<comp id="151" class="1004" name="store_ln176_store_fu_151">
<pin_list>
<pin id="152" dir="0" index="0" bw="32" slack="0"/>
<pin id="153" dir="0" index="1" bw="32" slack="2"/>
<pin id="154" dir="1" index="2" bw="0" slack="2147483647"/>
</pin_list>
<bind>
<opcode="store(28) " fcode="store"/>
<opset="store_ln176/3 "/>
</bind>
</comp>

<comp id="156" class="1004" name="max_x_1_load_load_fu_156">
<pin_list>
<pin id="157" dir="0" index="0" bw="32" slack="1"/>
<pin id="158" dir="1" index="1" bw="32" slack="0"/>
</pin_list>
<bind>
<opcode="load(27) " fcode="load"/>
<opset="max_x_1_load/2 "/>
</bind>
</comp>

<comp id="160" class="1005" name="max_x_1_reg_160">
<pin_list>
<pin id="161" dir="0" index="0" bw="32" slack="0"/>
<pin id="162" dir="1" index="1" bw="32" slack="0"/>
</pin_list>
<bind>
<opset="max_x_1 "/>
</bind>
</comp>

<comp id="168" class="1005" name="i_reg_168">
<pin_list>
<pin id="169" dir="0" index="0" bw="9" slack="0"/>
<pin id="170" dir="1" index="1" bw="9" slack="0"/>
</pin_list>
<bind>
<opset="i "/>
</bind>
</comp>

<comp id="175" class="1005" name="sext_ln177_cast_reg_175">
<pin_list>
<pin id="176" dir="0" index="0" bw="64" slack="1"/>
<pin id="177" dir="1" index="1" bw="64" slack="1"/>
</pin_list>
<bind>
<opset="sext_ln177_cast "/>
</bind>
</comp>

<comp id="180" class="1005" name="icmp_ln177_reg_180">
<pin_list>
<pin id="181" dir="0" index="0" bw="1" slack="1"/>
<pin id="182" dir="1" index="1" bw="1" slack="2147483647"/>
</pin_list>
<bind>
<opset="icmp_ln177 "/>
</bind>
</comp>

<comp id="184" class="1005" name="xi_reg_184">
<pin_list>
<pin id="185" dir="0" index="0" bw="32" slack="1"/>
<pin id="186" dir="1" index="1" bw="32" slack="1"/>
</pin_list>
<bind>
<opset="xi "/>
</bind>
</comp>

</comp_list>

<net_list>
<net id="61"><net_src comp="10" pin="0"/><net_sink comp="58" pin=0"/></net>

<net id="65"><net_src comp="10" pin="0"/><net_sink comp="62" pin=0"/></net>

<net id="70"><net_src comp="12" pin="0"/><net_sink comp="66" pin=0"/></net>

<net id="71"><net_src comp="6" pin="0"/><net_sink comp="66" pin=1"/></net>

<net id="76"><net_src comp="14" pin="0"/><net_sink comp="72" pin=0"/></net>

<net id="77"><net_src comp="4" pin="0"/><net_sink comp="72" pin=1"/></net>

<net id="82"><net_src comp="16" pin="0"/><net_sink comp="78" pin=0"/></net>

<net id="83"><net_src comp="0" pin="0"/><net_sink comp="78" pin=1"/></net>

<net id="89"><net_src comp="56" pin="0"/><net_sink comp="84" pin=0"/></net>

<net id="90"><net_src comp="8" pin="0"/><net_sink comp="84" pin=1"/></net>

<net id="95"><net_src comp="40" pin="0"/><net_sink comp="91" pin=0"/></net>

<net id="99"><net_src comp="66" pin="2"/><net_sink comp="96" pin=0"/></net>

<net id="104"><net_src comp="36" pin="0"/><net_sink comp="100" pin=0"/></net>

<net id="109"><net_src comp="78" pin="2"/><net_sink comp="105" pin=0"/></net>

<net id="117"><net_src comp="110" pin="1"/><net_sink comp="113" pin=0"/></net>

<net id="118"><net_src comp="72" pin="2"/><net_sink comp="113" pin=1"/></net>

<net id="123"><net_src comp="110" pin="1"/><net_sink comp="119" pin=0"/></net>

<net id="124"><net_src comp="36" pin="0"/><net_sink comp="119" pin=1"/></net>

<net id="129"><net_src comp="119" pin="2"/><net_sink comp="125" pin=0"/></net>

<net id="134"><net_src comp="2" pin="0"/><net_sink comp="130" pin=0"/></net>

<net id="135"><net_src comp="130" pin="2"/><net_sink comp="91" pin=1"/></net>

<net id="143"><net_src comp="136" pin="1"/><net_sink comp="139" pin=1"/></net>

<net id="149"><net_src comp="139" pin="2"/><net_sink comp="144" pin=0"/></net>

<net id="150"><net_src comp="136" pin="1"/><net_sink comp="144" pin=2"/></net>

<net id="155"><net_src comp="144" pin="3"/><net_sink comp="151" pin=0"/></net>

<net id="159"><net_src comp="156" pin="1"/><net_sink comp="84" pin=2"/></net>

<net id="163"><net_src comp="58" pin="1"/><net_sink comp="160" pin=0"/></net>

<net id="164"><net_src comp="160" pin="1"/><net_sink comp="105" pin=1"/></net>

<net id="165"><net_src comp="160" pin="1"/><net_sink comp="136" pin=0"/></net>

<net id="166"><net_src comp="160" pin="1"/><net_sink comp="151" pin=1"/></net>

<net id="167"><net_src comp="160" pin="1"/><net_sink comp="156" pin=0"/></net>

<net id="171"><net_src comp="62" pin="1"/><net_sink comp="168" pin=0"/></net>

<net id="172"><net_src comp="168" pin="1"/><net_sink comp="100" pin=1"/></net>

<net id="173"><net_src comp="168" pin="1"/><net_sink comp="110" pin=0"/></net>

<net id="174"><net_src comp="168" pin="1"/><net_sink comp="125" pin=1"/></net>

<net id="178"><net_src comp="96" pin="1"/><net_sink comp="175" pin=0"/></net>

<net id="179"><net_src comp="175" pin="1"/><net_sink comp="130" pin=1"/></net>

<net id="183"><net_src comp="113" pin="2"/><net_sink comp="180" pin=0"/></net>

<net id="187"><net_src comp="91" pin="2"/><net_sink comp="184" pin=0"/></net>

<net id="188"><net_src comp="184" pin="1"/><net_sink comp="139" pin=0"/></net>

<net id="189"><net_src comp="184" pin="1"/><net_sink comp="144" pin=1"/></net>

</net_list>

</model> 
---------------- Datapath Model END ------------------

* FSMD analyzer results:
  - Output states:
	Port: max_x_1_out | {2 }
 - Input state : 
	Port: softmax_accel_Pipeline_VITIS_LOOP_177_1 : max_x | {1 }
	Port: softmax_accel_Pipeline_VITIS_LOOP_177_1 : gmem | {2 }
	Port: softmax_accel_Pipeline_VITIS_LOOP_177_1 : select_ln169 | {1 }
	Port: softmax_accel_Pipeline_VITIS_LOOP_177_1 : sext_ln177 | {1 }
  - Chain level:
	State 1
		store_ln177 : 1
		i_2 : 1
		icmp_ln177 : 2
		br_ln177 : 3
		add_ln177 : 2
		store_ln177 : 3
	State 2
		xi : 1
		write_ln0 : 1
	State 3
		icmp_ln180 : 1
		max_x_2 : 2
		store_ln176 : 3


============================================================
+ Verbose Summary: Datapath Resource usage 
============================================================

* Functional unit list:
|----------|------------------------------|---------|---------|
| Operation|        Functional Unit       |    FF   |   LUT   |
|----------|------------------------------|---------|---------|
|   icmp   |       icmp_ln177_fu_113      |    0    |    14   |
|          |       icmp_ln180_fu_139      |    0    |    39   |
|----------|------------------------------|---------|---------|
|  select  |        max_x_2_fu_144        |    0    |    32   |
|----------|------------------------------|---------|---------|
|    add   |       add_ln177_fu_119       |    0    |    14   |
|----------|------------------------------|---------|---------|
|          |  sext_ln177_read_read_fu_66  |    0    |    0    |
|   read   | select_ln169_read_read_fu_72 |    0    |    0    |
|          |     max_x_read_read_fu_78    |    0    |    0    |
|          |         xi_read_fu_91        |    0    |    0    |
|----------|------------------------------|---------|---------|
|   write  |     write_ln0_write_fu_84    |    0    |    0    |
|----------|------------------------------|---------|---------|
|   sext   |     sext_ln177_cast_fu_96    |    0    |    0    |
|----------|------------------------------|---------|---------|
|   Total  |                              |    0    |    99   |
|----------|------------------------------|---------|---------|

Memories:
N/A

* Register list:
+-----------------------+--------+
|                       |   FF   |
+-----------------------+--------+
|       i_reg_168       |    9   |
|   icmp_ln177_reg_180  |    1   |
|    max_x_1_reg_160    |   32   |
|sext_ln177_cast_reg_175|   64   |
|       xi_reg_184      |   32   |
+-----------------------+--------+
|         Total         |   138  |
+-----------------------+--------+

* Multiplexer (MUX) list: 
|--------|------|------|------|--------|
|  Comp  |  Pin | Size |  BW  | S x BW |
|--------|------|------|------|--------|
|  Total |      |      |      |    0   |
|--------|------|------|------|--------|



* Summary:
+-----------+--------+--------+
|           |   FF   |   LUT  |
+-----------+--------+--------+
|  Function |    0   |   99   |
|   Memory  |    -   |    -   |
|Multiplexer|    -   |    -   |
|  Register |   138  |    -   |
+-----------+--------+--------+
|   Total   |   138  |   99   |
+-----------+--------+--------+
