

================================================================
== Vitis HLS Report for 'softmax_accel_Pipeline_VITIS_LOOP_202_3'
================================================================
* Date:           Fri Feb 27 18:14:38 2026

* Version:        2025.1 (Build 6135595 on May 21 2025)
* Project:        Prometheus
* Solution:       hls (Vivado IP Flow Target)
* Product family: zynq
* Target device:  xc7z020-clg400-1


================================================================
== Performance Estimates
================================================================
+ Timing: 
    * Summary: 
    +--------+----------+----------+------------+
    |  Clock |  Target  | Estimated| Uncertainty|
    +--------+----------+----------+------------+
    |ap_clk  |  11.80 ns|  8.614 ns|     3.19 ns|
    +--------+----------+----------+------------+

+ Latency: 
    * Summary: 
    +---------+---------+----------+----------+-----+-----+------------------------------------------------+
    |  Latency (cycles) |  Latency (absolute) |  Interval |                    Pipeline                    |
    |   min   |   max   |    min   |    max   | min | max |                      Type                      |
    +---------+---------+----------+----------+-----+-----+------------------------------------------------+
    |       10|      265|  0.118 us|  3.127 us|    2|  257|  loop auto-rewind stp (delay=0 clock cycles(s))|
    +---------+---------+----------+----------+-----+-----+------------------------------------------------+

    + Detail: 
        * Instance: 
        N/A

        * Loop: 
        +--------------------+---------+---------+----------+-----------+-----------+---------+----------+
        |                    |  Latency (cycles) | Iteration|  Initiation Interval  |   Trip  |          |
        |      Loop Name     |   min   |   max   |  Latency |  achieved |   target  |  Count  | Pipelined|
        +--------------------+---------+---------+----------+-----------+-----------+---------+----------+
        |- VITIS_LOOP_202_3  |        8|      263|         9|          1|          1|  1 ~ 256|       yes|
        +--------------------+---------+---------+----------+-----------+-----------+---------+----------+



================================================================
== Utilization Estimates
================================================================
* Summary: 
+-----------------+---------+-----+--------+-------+-----+
|       Name      | BRAM_18K| DSP |   FF   |  LUT  | URAM|
+-----------------+---------+-----+--------+-------+-----+
|DSP              |        -|    -|       -|      -|    -|
|Expression       |        -|    -|       0|    143|    -|
|FIFO             |        -|    -|       -|      -|    -|
|Instance         |        -|    4|       0|     20|    -|
|Memory           |        -|    -|       -|      -|    -|
|Multiplexer      |        -|    -|       0|     63|    -|
|Register         |        -|    -|     223|      -|    -|
+-----------------+---------+-----+--------+-------+-----+
|Total            |        0|    4|     223|    226|    0|
+-----------------+---------+-----+--------+-------+-----+
|Available        |      280|  220|  106400|  53200|    0|
+-----------------+---------+-----+--------+-------+-----+
|Utilization (%)  |        0|    1|      ~0|     ~0|    0|
+-----------------+---------+-----+--------+-------+-----+

+ Detail: 
    * Instance: 
    +--------------------------+----------------------+---------+----+---+----+-----+
    |         Instance         |        Module        | BRAM_18K| DSP| FF| LUT| URAM|
    +--------------------------+----------------------+---------+----+---+----+-----+
    |mul_32ns_31ns_62_1_1_U17  |mul_32ns_31ns_62_1_1  |        0|   4|  0|  20|    0|
    +--------------------------+----------------------+---------+----+---+----+-----+
    |Total                     |                      |        0|   4|  0|  20|    0|
    +--------------------------+----------------------+---------+----+---+----+-----+

    * DSP: 
    N/A

    * Memory: 
    N/A

    * FIFO: 
    N/A

    * Expression: 
    +--------------------------------+----------+----+---+----+------------+------------+
    |          Variable Name         | Operation| DSP| FF| LUT| Bitwidth P0| Bitwidth P1|
    +--------------------------------+----------+----+---+----+------------+------------+
    |add_ln202_fu_181_p2             |         +|   0|  0|  14|           9|           1|
    |add_ln208_1_fu_221_p2           |         +|   0|  0|  71|          64|          64|
    |add_ln208_fu_204_p2             |         +|   0|  0|  38|          31|          31|
    |ap_block_pp0_stage0_01001_grp1  |       and|   0|  0|   2|           1|           1|
    |icmp_ln202_fu_175_p2            |      icmp|   0|  0|  14|           9|           9|
    |ap_block_pp0_stage0_11001       |        or|   0|  0|   2|           1|           1|
    |ap_enable_pp0                   |       xor|   0|  0|   2|           1|           2|
    +--------------------------------+----------+----+---+----+------------+------------+
    |Total                           |          |   0|  0| 143|         116|         109|
    +--------------------------------+----------+----+---+----+------------+------------+

    * Multiplexer: 
    +-------------------------+----+-----------+-----+-----------+
    |           Name          | LUT| Input Size| Bits| Total Bits|
    +-------------------------+----+-----------+-----+-----------+
    |ap_done_int              |   9|          2|    1|          2|
    |ap_enable_reg_pp0_iter1  |   9|          2|    1|          2|
    |ap_sig_allocacmp_i_1     |   9|          2|    9|         18|
    |gmem_blk_n_AW            |   9|          2|    1|          2|
    |gmem_blk_n_B             |   9|          2|    1|          2|
    |gmem_blk_n_W             |   9|          2|    1|          2|
    |i_fu_94                  |   9|          2|    9|         18|
    +-------------------------+----+-----------+-----+-----------+
    |Total                    |  63|         14|   23|         46|
    +-------------------------+----+-----------+-----+-----------+

    * Register: 
    +----------------------------------+----+----+-----+-----------+
    |               Name               | FF | LUT| Bits| Const Bits|
    +----------------------------------+----+----+-----+-----------+
    |ap_CS_fsm                         |   1|   0|    1|          0|
    |ap_done_reg                       |   1|   0|    1|          0|
    |ap_enable_reg_pp0_iter1           |   1|   0|    1|          0|
    |ap_enable_reg_pp0_iter2           |   1|   0|    1|          0|
    |ap_enable_reg_pp0_iter3           |   1|   0|    1|          0|
    |ap_enable_reg_pp0_iter4           |   1|   0|    1|          0|
    |ap_enable_reg_pp0_iter5           |   1|   0|    1|          0|
    |ap_enable_reg_pp0_iter6           |   1|   0|    1|          0|
    |ap_enable_reg_pp0_iter7           |   1|   0|    1|          0|
    |ap_enable_reg_pp0_iter8           |   1|   0|    1|          0|
    |ap_loop_exit_ready_pp0_iter1_reg  |   1|   0|    1|          0|
    |ap_loop_exit_ready_pp0_iter2_reg  |   1|   0|    1|          0|
    |ap_loop_exit_ready_pp0_iter3_reg  |   1|   0|    1|          0|
    |ap_loop_exit_ready_pp0_iter4_reg  |   1|   0|    1|          0|
    |ap_loop_exit_ready_pp0_iter5_reg  |   1|   0|    1|          0|
    |ap_loop_exit_ready_pp0_iter6_reg  |   1|   0|    1|          0|
    |ap_loop_exit_ready_pp0_iter7_reg  |   1|   0|    1|          0|
    |exp_buf_load_reg_296              |  32|   0|   32|          0|
    |gmem_addr_reg_301                 |  64|   0|   64|          0|
    |i_fu_94                           |   9|   0|    9|          0|
    |p_q16_reg_308                     |  32|   0|   32|          0|
    |trunc_ln208_reg_291               |   8|   0|    8|          0|
    |zext_ln202_1_cast_reg_272         |  30|   0|   31|          1|
    |zext_ln208_cast_reg_277           |  31|   0|   62|         31|
    +----------------------------------+----+----+-----+-----------+
    |Total                             | 223|   0|  255|         32|
    +----------------------------------+----+----+-----+-----------+



================================================================
== Interface
================================================================
* Summary: 
+-----------------------+-----+-----+------------+-----------------------------------------+--------------+
|       RTL Ports       | Dir | Bits|  Protocol  |              Source Object              |    C Type    |
+-----------------------+-----+-----+------------+-----------------------------------------+--------------+
|ap_clk                 |   in|    1|  ap_ctrl_hs|  softmax_accel_Pipeline_VITIS_LOOP_202_3|  return value|
|ap_rst                 |   in|    1|  ap_ctrl_hs|  softmax_accel_Pipeline_VITIS_LOOP_202_3|  return value|
|ap_start               |   in|    1|  ap_ctrl_hs|  softmax_accel_Pipeline_VITIS_LOOP_202_3|  return value|
|ap_done                |  out|    1|  ap_ctrl_hs|  softmax_accel_Pipeline_VITIS_LOOP_202_3|  return value|
|ap_idle                |  out|    1|  ap_ctrl_hs|  softmax_accel_Pipeline_VITIS_LOOP_202_3|  return value|
|ap_ready               |  out|    1|  ap_ctrl_hs|  softmax_accel_Pipeline_VITIS_LOOP_202_3|  return value|
|m_axi_gmem_0_AWVALID   |  out|    1|       m_axi|                                     gmem|       pointer|
|m_axi_gmem_0_AWREADY   |   in|    1|       m_axi|                                     gmem|       pointer|
|m_axi_gmem_0_AWADDR    |  out|   64|       m_axi|                                     gmem|       pointer|
|m_axi_gmem_0_AWID      |  out|    1|       m_axi|                                     gmem|       pointer|
|m_axi_gmem_0_AWLEN     |  out|   32|       m_axi|                                     gmem|       pointer|
|m_axi_gmem_0_AWSIZE    |  out|    3|       m_axi|                                     gmem|       pointer|
|m_axi_gmem_0_AWBURST   |  out|    2|       m_axi|                                     gmem|       pointer|
|m_axi_gmem_0_AWLOCK    |  out|    2|       m_axi|                                     gmem|       pointer|
|m_axi_gmem_0_AWCACHE   |  out|    4|       m_axi|                                     gmem|       pointer|
|m_axi_gmem_0_AWPROT    |  out|    3|       m_axi|                                     gmem|       pointer|
|m_axi_gmem_0_AWQOS     |  out|    4|       m_axi|                                     gmem|       pointer|
|m_axi_gmem_0_AWREGION  |  out|    4|       m_axi|                                     gmem|       pointer|
|m_axi_gmem_0_AWUSER    |  out|    1|       m_axi|                                     gmem|       pointer|
|m_axi_gmem_0_WVALID    |  out|    1|       m_axi|                                     gmem|       pointer|
|m_axi_gmem_0_WREADY    |   in|    1|       m_axi|                                     gmem|       pointer|
|m_axi_gmem_0_WDATA     |  out|   32|       m_axi|                                     gmem|       pointer|
|m_axi_gmem_0_WSTRB     |  out|    4|       m_axi|                                     gmem|       pointer|
|m_axi_gmem_0_WLAST     |  out|    1|       m_axi|                                     gmem|       pointer|
|m_axi_gmem_0_WID       |  out|    1|       m_axi|                                     gmem|       pointer|
|m_axi_gmem_0_WUSER     |  out|    1|       m_axi|                                     gmem|       pointer|
|m_axi_gmem_0_ARVALID   |  out|    1|       m_axi|                                     gmem|       pointer|
|m_axi_gmem_0_ARREADY   |   in|    1|       m_axi|                                     gmem|       pointer|
|m_axi_gmem_0_ARADDR    |  out|   64|       m_axi|                                     gmem|       pointer|
|m_axi_gmem_0_ARID      |  out|    1|       m_axi|                                     gmem|       pointer|
|m_axi_gmem_0_ARLEN     |  out|   32|       m_axi|                                     gmem|       pointer|
|m_axi_gmem_0_ARSIZE    |  out|    3|       m_axi|                                     gmem|       pointer|
|m_axi_gmem_0_ARBURST   |  out|    2|       m_axi|                                     gmem|       pointer|
|m_axi_gmem_0_ARLOCK    |  out|    2|       m_axi|                                     gmem|       pointer|
|m_axi_gmem_0_ARCACHE   |  out|    4|       m_axi|                                     gmem|       pointer|
|m_axi_gmem_0_ARPROT    |  out|    3|       m_axi|                                     gmem|       pointer|
|m_axi_gmem_0_ARQOS     |  out|    4|       m_axi|                                     gmem|       pointer|
|m_axi_gmem_0_ARREGION  |  out|    4|       m_axi|                                     gmem|       pointer|
|m_axi_gmem_0_ARUSER    |  out|    1|       m_axi|                                     gmem|       pointer|
|m_axi_gmem_0_RVALID    |   in|    1|       m_axi|                                     gmem|       pointer|
|m_axi_gmem_0_RREADY    |  out|    1|       m_axi|                                     gmem|       pointer|
|m_axi_gmem_0_RDATA     |   in|   32|       m_axi|                                     gmem|       pointer|
|m_axi_gmem_0_RLAST     |   in|    1|       m_axi|                                     gmem|       pointer|
|m_axi_gmem_0_RID       |   in|    1|       m_axi|                                     gmem|       pointer|
|m_axi_gmem_0_RFIFONUM  |   in|    9|       m_axi|                                     gmem|       pointer|
|m_axi_gmem_0_RUSER     |   in|    1|       m_axi|                                     gmem|       pointer|
|m_axi_gmem_0_RRESP     |   in|    2|       m_axi|                                     gmem|       pointer|
|m_axi_gmem_0_BVALID    |   in|    1|       m_axi|                                     gmem|       pointer|
|m_axi_gmem_0_BREADY    |  out|    1|       m_axi|                                     gmem|       pointer|
|m_axi_gmem_0_BRESP     |   in|    2|       m_axi|                                     gmem|       pointer|
|m_axi_gmem_0_BID       |   in|    1|       m_axi|                                     gmem|       pointer|
|m_axi_gmem_0_BUSER     |   in|    1|       m_axi|                                     gmem|       pointer|
|select_ln169           |   in|    9|     ap_none|                             select_ln169|        scalar|
|exp_buf_address0       |  out|    8|   ap_memory|                                  exp_buf|         array|
|exp_buf_ce0            |  out|    1|   ap_memory|                                  exp_buf|         array|
|exp_buf_q0             |   in|   32|   ap_memory|                                  exp_buf|         array|
|zext_ln208             |   in|   31|     ap_none|                               zext_ln208|        scalar|
|zext_ln202_1           |   in|   30|     ap_none|                             zext_ln202_1|        scalar|
|mem                    |   in|   64|     ap_none|                                      mem|        scalar|
+-----------------------+-----+-----+------------+-----------------------------------------+--------------+

============================================================
+ Verbose Summary: Synthesis Manager
============================================================
InlineROM: 1
ExposeGlobal: 0
============================================================
+ Verbose Summary: CDFG Model
============================================================
IsTopModel: 0
ResetActiveHigh: 1
IsCombinational: 2
IsDatapathOnly: 2
HasWiredReturn: 1
HasMFsm: 2
HasVarLatency: 1
IsPipeline: 0
IsRtlPipelined: 0
IsInstanceOverlapped: 0
IsDontTouch: 0
HasImplIP: 0
IsGatedGlobalClock: 0

+ Individual pipeline summary: 
  * Pipeline-0: initiation interval (II) = 1, depth = 9


============================================================
+ Verbose Summary: Schedule
============================================================
* Number of FSM states : 9
* Pipeline : 1
  Pipeline-0 : II = 1, D = 9, States = { 1 2 3 4 5 6 7 8 9 }
* Dataflow Pipeline: 0

* FSM state transitions: 
1 --> 2 
2 --> 3 
3 --> 4 
4 --> 5 
5 --> 6 
6 --> 7 
7 --> 8 
8 --> 9 
9 --> 

* FSM state operations: 

State 1 <SV = 0> <Delay = 4.99>
ST_1 : Operation 12 [1/1] (0.00ns)   --->   "%i = alloca i32 1" [softmax_accel_hls.cc:202]   --->   Operation 12 'alloca' 'i' <Predicate = true> <Delay = 0.00>
ST_1 : Operation 13 [1/1] (0.00ns)   --->   "%mem_read = read i64 @_ssdm_op_Read.ap_auto.i64, i64 %mem"   --->   Operation 13 'read' 'mem_read' <Predicate = true> <Delay = 0.00>
ST_1 : Operation 14 [1/1] (0.00ns)   --->   "%zext_ln202_1_read = read i30 @_ssdm_op_Read.ap_auto.i30, i30 %zext_ln202_1"   --->   Operation 14 'read' 'zext_ln202_1_read' <Predicate = true> <Delay = 0.00>
ST_1 : Operation 15 [1/1] (0.00ns)   --->   "%zext_ln208_read = read i31 @_ssdm_op_Read.ap_auto.i31, i31 %zext_ln208"   --->   Operation 15 'read' 'zext_ln208_read' <Predicate = true> <Delay = 0.00>
ST_1 : Operation 16 [1/1] (0.00ns)   --->   "%select_ln169_read = read i9 @_ssdm_op_Read.ap_auto.i9, i9 %select_ln169"   --->   Operation 16 'read' 'select_ln169_read' <Predicate = true> <Delay = 0.00>
ST_1 : Operation 17 [1/1] (0.00ns)   --->   "%zext_ln202_1_cast = zext i30 %zext_ln202_1_read"   --->   Operation 17 'zext' 'zext_ln202_1_cast' <Predicate = true> <Delay = 0.00>
ST_1 : Operation 18 [1/1] (0.00ns)   --->   "%zext_ln208_cast = zext i31 %zext_ln208_read"   --->   Operation 18 'zext' 'zext_ln208_cast' <Predicate = true> <Delay = 0.00>
ST_1 : Operation 19 [1/1] (0.00ns)   --->   "%specmemcore_ln0 = specmemcore void @_ssdm_op_SpecMemCore, i32 %exp_buf, i64 666, i64 18, i64 18446744073709551615"   --->   Operation 19 'specmemcore' 'specmemcore_ln0' <Predicate = true> <Delay = 0.00>
ST_1 : Operation 20 [1/1] (0.00ns)   --->   "%specinterface_ln0 = specinterface void @_ssdm_op_SpecInterface, i32 %gmem, void @empty, i32 0, i32 0, void @empty_0, i32 0, i32 16384, void @empty_1, void @empty_2, void @empty_0, i32 16, i32 16, i32 16, i32 16, void @empty_0, void @empty_0, i32 4294967295, i32 0, i32 0"   --->   Operation 20 'specinterface' 'specinterface_ln0' <Predicate = true> <Delay = 0.00>
ST_1 : Operation 21 [1/1] (1.58ns)   --->   "%store_ln202 = store i9 0, i9 %i" [softmax_accel_hls.cc:202]   --->   Operation 21 'store' 'store_ln202' <Predicate = true> <Delay = 1.58>
ST_1 : Operation 22 [1/1] (0.00ns)   --->   "%br_ln0 = br void %for.inc44"   --->   Operation 22 'br' 'br_ln0' <Predicate = true> <Delay = 0.00>
ST_1 : Operation 23 [1/1] (0.00ns)   --->   "%i_1 = load i9 %i" [softmax_accel_hls.cc:202]   --->   Operation 23 'load' 'i_1' <Predicate = true> <Delay = 0.00>
ST_1 : Operation 24 [1/1] (0.00ns)   --->   "%specbitsmap_ln0 = specbitsmap void @_ssdm_op_SpecBitsMap, i32 %gmem"   --->   Operation 24 'specbitsmap' 'specbitsmap_ln0' <Predicate = true> <Delay = 0.00>
ST_1 : Operation 25 [1/1] (1.82ns)   --->   "%icmp_ln202 = icmp_eq  i9 %i_1, i9 %select_ln169_read" [softmax_accel_hls.cc:202]   --->   Operation 25 'icmp' 'icmp_ln202' <Predicate = true> <Delay = 1.82> <CoreInst = "Cmp">   --->   Core 9 'Cmp' <Latency = 0> <II = 1> <Delay = 1.82> <FuncUnit> <Opcode : 'seteq' 'setne' 'setle' 'setge' 'setlt' 'setgt'> <InPorts = 2> <OutPorts = 1>
ST_1 : Operation 26 [1/1] (0.00ns)   --->   "%speclooptripcount_ln0 = speclooptripcount void @_ssdm_op_SpecLoopTripCount, i64 1, i64 256, i64 128"   --->   Operation 26 'speclooptripcount' 'speclooptripcount_ln0' <Predicate = true> <Delay = 0.00>
ST_1 : Operation 27 [1/1] (1.82ns)   --->   "%add_ln202 = add i9 %i_1, i9 1" [softmax_accel_hls.cc:202]   --->   Operation 27 'add' 'add_ln202' <Predicate = true> <Delay = 1.82> <CoreInst = "Adder">   --->   Core 1 'Adder' <Latency = 0> <II = 1> <Delay = 1.82> <FuncUnit> <Opcode : 'add' 'sub'> <InPorts = 2> <OutPorts = 1>
ST_1 : Operation 28 [1/1] (0.00ns)   --->   "%br_ln202 = br i1 %icmp_ln202, void %for.inc44.split, void %for.body50.exitStub" [softmax_accel_hls.cc:202]   --->   Operation 28 'br' 'br_ln202' <Predicate = true> <Delay = 0.00>
ST_1 : Operation 29 [1/1] (0.00ns)   --->   "%zext_ln202 = zext i9 %i_1" [softmax_accel_hls.cc:202]   --->   Operation 29 'zext' 'zext_ln202' <Predicate = (!icmp_ln202)> <Delay = 0.00>
ST_1 : Operation 30 [1/1] (0.00ns)   --->   "%exp_buf_addr = getelementptr i32 %exp_buf, i64 0, i64 %zext_ln202" [softmax_accel_hls.cc:206]   --->   Operation 30 'getelementptr' 'exp_buf_addr' <Predicate = (!icmp_ln202)> <Delay = 0.00>
ST_1 : Operation 31 [2/2] (3.25ns)   --->   "%exp_buf_load = load i8 %exp_buf_addr" [softmax_accel_hls.cc:206]   --->   Operation 31 'load' 'exp_buf_load' <Predicate = (!icmp_ln202)> <Delay = 3.25> <CoreInst = "RAM_1P_BRAM">   --->   Core 87 'RAM_1P_BRAM' <Latency = 1> <II = 1> <Delay = 3.25> <Storage> <Opcode : 'load' 'store'> <Ports = 1> <Width = 32> <Depth = 256> <RAM>
ST_1 : Operation 32 [1/1] (0.00ns)   --->   "%trunc_ln208 = trunc i9 %i_1" [softmax_accel_hls.cc:208]   --->   Operation 32 'trunc' 'trunc_ln208' <Predicate = (!icmp_ln202)> <Delay = 0.00>
ST_1 : Operation 33 [1/1] (1.58ns)   --->   "%store_ln202 = store i9 %add_ln202, i9 %i" [softmax_accel_hls.cc:202]   --->   Operation 33 'store' 'store_ln202' <Predicate = (!icmp_ln202)> <Delay = 1.58>

State 2 <SV = 1> <Delay = 6.01>
ST_2 : Operation 34 [1/2] ( I:3.25ns O:3.25ns )   --->   "%exp_buf_load = load i8 %exp_buf_addr" [softmax_accel_hls.cc:206]   --->   Operation 34 'load' 'exp_buf_load' <Predicate = true> <Delay = 3.25> <CoreInst = "RAM_1P_BRAM">   --->   Core 87 'RAM_1P_BRAM' <Latency = 1> <II = 1> <Delay = 3.25> <Storage> <Opcode : 'load' 'store'> <Ports = 1> <Width = 32> <Depth = 256> <RAM>
ST_2 : Operation 35 [1/1] (0.00ns)   --->   "%zext_ln208_1 = zext i8 %trunc_ln208" [softmax_accel_hls.cc:208]   --->   Operation 35 'zext' 'zext_ln208_1' <Predicate = true> <Delay = 0.00>
ST_2 : Operation 36 [1/1] (2.49ns)   --->   "%add_ln208 = add i31 %zext_ln208_1, i31 %zext_ln202_1_cast" [softmax_accel_hls.cc:208]   --->   Operation 36 'add' 'add_ln208' <Predicate = true> <Delay = 2.49> <CoreInst = "Adder">   --->   Core 1 'Adder' <Latency = 0> <II = 1> <Delay = 2.52> <FuncUnit> <Opcode : 'add' 'sub'> <InPorts = 2> <OutPorts = 1>
ST_2 : Operation 37 [1/1] (0.00ns)   --->   "%shl_ln = bitconcatenate i33 @_ssdm_op_BitConcatenate.i33.i31.i2, i31 %add_ln208, i2 0" [softmax_accel_hls.cc:208]   --->   Operation 37 'bitconcatenate' 'shl_ln' <Predicate = true> <Delay = 0.00>
ST_2 : Operation 38 [1/1] (0.00ns)   --->   "%zext_ln208_2 = zext i33 %shl_ln" [softmax_accel_hls.cc:208]   --->   Operation 38 'zext' 'zext_ln208_2' <Predicate = true> <Delay = 0.00>
ST_2 : Operation 39 [1/1] (3.52ns)   --->   "%add_ln208_1 = add i64 %zext_ln208_2, i64 %mem_read" [softmax_accel_hls.cc:208]   --->   Operation 39 'add' 'add_ln208_1' <Predicate = true> <Delay = 3.52> <CoreInst = "Adder">   --->   Core 1 'Adder' <Latency = 0> <II = 1> <Delay = 3.52> <FuncUnit> <Opcode : 'add' 'sub'> <InPorts = 2> <OutPorts = 1>
ST_2 : Operation 40 [1/1] (0.00ns)   --->   "%trunc_ln208_1 = partselect i62 @_ssdm_op_PartSelect.i62.i64.i32.i32, i64 %add_ln208_1, i32 2, i32 63" [softmax_accel_hls.cc:208]   --->   Operation 40 'partselect' 'trunc_ln208_1' <Predicate = true> <Delay = 0.00>
ST_2 : Operation 41 [1/1] (0.00ns)   --->   "%sext_ln208 = sext i62 %trunc_ln208_1" [softmax_accel_hls.cc:208]   --->   Operation 41 'sext' 'sext_ln208' <Predicate = true> <Delay = 0.00>
ST_2 : Operation 42 [1/1] (0.00ns)   --->   "%gmem_addr = getelementptr i32 %gmem, i64 %sext_ln208" [softmax_accel_hls.cc:208]   --->   Operation 42 'getelementptr' 'gmem_addr' <Predicate = true> <Delay = 0.00>

State 3 <SV = 2> <Delay = 8.61>
ST_3 : Operation 43 [1/1] (0.00ns)   --->   "%zext_ln206 = zext i32 %exp_buf_load" [softmax_accel_hls.cc:206]   --->   Operation 43 'zext' 'zext_ln206' <Predicate = true> <Delay = 0.00>
ST_3 : Operation 44 [1/1] (8.51ns)   --->   "%prod = mul i62 %zext_ln206, i62 %zext_ln208_cast" [softmax_accel_hls.cc:206]   --->   Operation 44 'mul' 'prod' <Predicate = true> <Delay = 8.51> <CoreInst = "Multiplier">   --->   Core 3 'Multiplier' <Latency = 0> <II = 1> <Delay = 8.51> <FuncUnit> <Opcode : 'mul'> <InPorts = 2> <OutPorts = 1>
ST_3 : Operation 45 [1/1] (0.00ns)   --->   "%p_q16 = partselect i32 @_ssdm_op_PartSelect.i32.i62.i32.i32, i62 %prod, i32 30, i32 61" [softmax_accel_hls.cc:207]   --->   Operation 45 'partselect' 'p_q16' <Predicate = true> <Delay = 0.00>
ST_3 : Operation 46 [1/1] (8.61ns)   --->   "%gmem_addr_2_req = writereq i1 @_ssdm_op_WriteReq.m_axi.i32P1A, i64 %gmem_addr, i64 1" [softmax_accel_hls.cc:208]   --->   Operation 46 'writereq' 'gmem_addr_2_req' <Predicate = true> <Delay = 8.61> <CoreInst = "m_axi">   --->   Core 111 'm_axi' <Latency = 9> <II = 1> <Delay = 1.00> <Adapter> <Opcode : 'read' 'write' 'readreq' 'writereq' 'writeresp'>

State 4 <SV = 3> <Delay = 8.61>
ST_4 : Operation 47 [1/1] (8.61ns)   --->   "%write_ln208 = write void @_ssdm_op_Write.m_axi.volatile.i32P1A, i64 %gmem_addr, i32 %p_q16, i4 15" [softmax_accel_hls.cc:208]   --->   Operation 47 'write' 'write_ln208' <Predicate = true> <Delay = 8.61> <CoreInst = "m_axi">   --->   Core 111 'm_axi' <Latency = 5> <II = 1> <Delay = 1.00> <Adapter> <Opcode : 'read' 'write' 'readreq' 'writereq' 'writeresp'>

State 5 <SV = 4> <Delay = 8.61>
ST_5 : Operation 48 [5/5] (8.61ns)   --->   "%gmem_addr_2_resp = writeresp i1 @_ssdm_op_WriteResp.m_axi.i32P1A, i64 %gmem_addr" [softmax_accel_hls.cc:208]   --->   Operation 48 'writeresp' 'gmem_addr_2_resp' <Predicate = true> <Delay = 8.61> <CoreInst = "m_axi">   --->   Core 111 'm_axi' <Latency = 3> <II = 1> <Delay = 1.00> <Adapter> <Opcode : 'read' 'write' 'readreq' 'writereq' 'writeresp'>

State 6 <SV = 5> <Delay = 8.61>
ST_6 : Operation 49 [4/5] (8.61ns)   --->   "%gmem_addr_2_resp = writeresp i1 @_ssdm_op_WriteResp.m_axi.i32P1A, i64 %gmem_addr" [softmax_accel_hls.cc:208]   --->   Operation 49 'writeresp' 'gmem_addr_2_resp' <Predicate = true> <Delay = 8.61> <CoreInst = "m_axi">   --->   Core 111 'm_axi' <Latency = 3> <II = 1> <Delay = 1.00> <Adapter> <Opcode : 'read' 'write' 'readreq' 'writereq' 'writeresp'>

State 7 <SV = 6> <Delay = 8.61>
ST_7 : Operation 50 [3/5] (8.61ns)   --->   "%gmem_addr_2_resp = writeresp i1 @_ssdm_op_WriteResp.m_axi.i32P1A, i64 %gmem_addr" [softmax_accel_hls.cc:208]   --->   Operation 50 'writeresp' 'gmem_addr_2_resp' <Predicate = true> <Delay = 8.61> <CoreInst = "m_axi">   --->   Core 111 'm_axi' <Latency = 3> <II = 1> <Delay = 1.00> <Adapter> <Opcode : 'read' 'write' 'readreq' 'writereq' 'writeresp'>

State 8 <SV = 7> <Delay = 8.61>
ST_8 : Operation 51 [2/5] (8.61ns)   --->   "%gmem_addr_2_resp = writeresp i1 @_ssdm_op_WriteResp.m_axi.i32P1A, i64 %gmem_addr" [softmax_accel_hls.cc:208]   --->   Operation 51 'writeresp' 'gmem_addr_2_resp' <Predicate = true> <Delay = 8.61> <CoreInst = "m_axi">   --->   Core 111 'm_axi' <Latency = 3> <II = 1> <Delay = 1.00> <Adapter> <Opcode : 'read' 'write' 'readreq' 'writereq' 'writeresp'>
ST_8 : Operation 56 [1/1] (1.58ns)   --->   "%ret_ln0 = ret"   --->   Operation 56 'ret' 'ret_ln0' <Predicate = (icmp_ln202)> <Delay = 1.58>

State 9 <SV = 8> <Delay = 8.61>
ST_9 : Operation 52 [1/1] (0.00ns)   --->   "%specpipeline_ln203 = specpipeline void @_ssdm_op_SpecPipeline, i32 1, i32 0, i32 0, i32 0, void @empty_0" [softmax_accel_hls.cc:203]   --->   Operation 52 'specpipeline' 'specpipeline_ln203' <Predicate = true> <Delay = 0.00>
ST_9 : Operation 53 [1/1] (0.00ns)   --->   "%specloopname_ln202 = specloopname void @_ssdm_op_SpecLoopName, void @empty_11" [softmax_accel_hls.cc:202]   --->   Operation 53 'specloopname' 'specloopname_ln202' <Predicate = true> <Delay = 0.00>
ST_9 : Operation 54 [1/5] (8.61ns)   --->   "%gmem_addr_2_resp = writeresp i1 @_ssdm_op_WriteResp.m_axi.i32P1A, i64 %gmem_addr" [softmax_accel_hls.cc:208]   --->   Operation 54 'writeresp' 'gmem_addr_2_resp' <Predicate = true> <Delay = 8.61> <CoreInst = "m_axi">   --->   Core 111 'm_axi' <Latency = 3> <II = 1> <Delay = 1.00> <Adapter> <Opcode : 'read' 'write' 'readreq' 'writereq' 'writeresp'>
ST_9 : Operation 55 [1/1] (0.00ns)   --->   "%br_ln202 = br void %for.inc44" [softmax_accel_hls.cc:202]   --->   Operation 55 'br' 'br_ln202' <Predicate = true> <Delay = 0.00>


============================================================
+ Verbose Summary: Binding
============================================================
STG Binding: 
---------------- STG Properties BEGIN ----------------
- Is combinational: 0
- Is one-state seq: 0
- Is datapath-only: 0
- Is pipelined: 0
- Is top level: 0
Port [ Return ] is wired: 1; IO mode=ap_ctrl_hs:ce=0
Port [ gmem]:  wired=1; compound=1; hidden=0; nouse=0; global=0; static=0; extern=0; dir=1; type=4; pingpong=0; private_global=0; IO mode=m_axi:ce=0
Port [ select_ln169]:  wired=1; compound=0; hidden=0; nouse=0; global=0; static=0; extern=0; dir=0; type=0; pingpong=0; private_global=0; IO mode=ap_none:ce=0
Port [ exp_buf]:  wired=1; compound=1; hidden=0; nouse=0; global=0; static=0; extern=0; dir=0; type=1; pingpong=0; private_global=0; MemPort=[1]; IO mode=ap_memory:ce=0
Port [ zext_ln208]:  wired=1; compound=0; hidden=0; nouse=0; global=0; static=0; extern=0; dir=0; type=0; pingpong=0; private_global=0; IO mode=ap_none:ce=0
Port [ zext_ln202_1]:  wired=1; compound=0; hidden=0; nouse=0; global=0; static=0; extern=0; dir=0; type=0; pingpong=0; private_global=0; IO mode=ap_none:ce=0
Port [ mem]:  wired=1; compound=0; hidden=0; nouse=0; global=0; static=0; extern=0; dir=0; type=0; pingpong=0; private_global=0; IO mode=ap_none:ce=0
---------------- STG Properties END ------------------

---------------- Datapath Model BEGIN ----------------

<LifeTime>
<method=bitvector/>
i                     (alloca           ) [ 0100000000]
mem_read              (read             ) [ 0110000000]
zext_ln202_1_read     (read             ) [ 0000000000]
zext_ln208_read       (read             ) [ 0000000000]
select_ln169_read     (read             ) [ 0000000000]
zext_ln202_1_cast     (zext             ) [ 0110000000]
zext_ln208_cast       (zext             ) [ 0111000000]
specmemcore_ln0       (specmemcore      ) [ 0000000000]
specinterface_ln0     (specinterface    ) [ 0000000000]
store_ln202           (store            ) [ 0000000000]
br_ln0                (br               ) [ 0000000000]
i_1                   (load             ) [ 0000000000]
specbitsmap_ln0       (specbitsmap      ) [ 0000000000]
icmp_ln202            (icmp             ) [ 0111111110]
speclooptripcount_ln0 (speclooptripcount) [ 0000000000]
add_ln202             (add              ) [ 0000000000]
br_ln202              (br               ) [ 0000000000]
zext_ln202            (zext             ) [ 0000000000]
exp_buf_addr          (getelementptr    ) [ 0110000000]
trunc_ln208           (trunc            ) [ 0110000000]
store_ln202           (store            ) [ 0000000000]
exp_buf_load          (load             ) [ 0101000000]
zext_ln208_1          (zext             ) [ 0000000000]
add_ln208             (add              ) [ 0000000000]
shl_ln                (bitconcatenate   ) [ 0000000000]
zext_ln208_2          (zext             ) [ 0000000000]
add_ln208_1           (add              ) [ 0000000000]
trunc_ln208_1         (partselect       ) [ 0000000000]
sext_ln208            (sext             ) [ 0000000000]
gmem_addr             (getelementptr    ) [ 0101111111]
zext_ln206            (zext             ) [ 0000000000]
prod                  (mul              ) [ 0000000000]
p_q16                 (partselect       ) [ 0100100000]
gmem_addr_2_req       (writereq         ) [ 0000000000]
write_ln208           (write            ) [ 0000000000]
specpipeline_ln203    (specpipeline     ) [ 0000000000]
specloopname_ln202    (specloopname     ) [ 0000000000]
gmem_addr_2_resp      (writeresp        ) [ 0000000000]
br_ln202              (br               ) [ 0000000000]
ret_ln0               (ret              ) [ 0000000000]
</LifeTime>

<model>

<comp_list>
<comp id="0" class="1000" name="gmem">
<pin_list>
<pin id="1" dir="1" index="0" bw="1" slack="0"/>
</pin_list>
<bind>
<StgValue><ssdm name="gmem"/><MemPortTyVec>1 </MemPortTyVec>
</StgValue>
</bind>
</comp>

<comp id="2" class="1000" name="select_ln169">
<pin_list>
<pin id="3" dir="1" index="0" bw="1" slack="0"/>
</pin_list>
<bind>
<StgValue><ssdm name="select_ln169"/></StgValue>
</bind>
</comp>

<comp id="4" class="1000" name="exp_buf">
<pin_list>
<pin id="5" dir="1" index="0" bw="1" slack="0"/>
</pin_list>
<bind>
<StgValue><ssdm name="exp_buf"/><MemPortTyVec>1 </MemPortTyVec>
</StgValue>
</bind>
</comp>

<comp id="6" class="1000" name="zext_ln208">
<pin_list>
<pin id="7" dir="1" index="0" bw="1" slack="0"/>
</pin_list>
<bind>
<StgValue><ssdm name="zext_ln208"/></StgValue>
</bind>
</comp>

<comp id="8" class="1000" name="zext_ln202_1">
<pin_list>
<pin id="9" dir="1" index="0" bw="1" slack="0"/>
</pin_list>
<bind>
<StgValue><ssdm name="zext_ln202_1"/></StgValue>
</bind>
</comp>

<comp id="10" class="1000" name="mem">
<pin_list>
<pin id="11" dir="1" index="0" bw="1" slack="0"/>
</pin_list>
<bind>
<StgValue><ssdm name="mem"/></StgValue>
</bind>
</comp>

<comp id="12" class="1001" name="const_12">
<pin_list>
<pin id="13" dir="1" index="0" bw="1" slack="0"/>
</pin_list>
<bind>
<StgValue><ssdm name=""/></StgValue>
</bind>
</comp>

<comp id="14" class="1001" name="const_14">
<pin_list>
<pin id="15" dir="1" index="0" bw="1" slack="0"/>
</pin_list>
<bind>
<StgValue><ssdm name="_ssdm_op_Read.ap_auto.i64"/></StgValue>
</bind>
</comp>

<comp id="16" class="1001" name="const_16">
<pin_list>
<pin id="17" dir="1" index="0" bw="1" slack="0"/>
</pin_list>
<bind>
<StgValue><ssdm name="_ssdm_op_Read.ap_auto.i30"/></StgValue>
</bind>
</comp>

<comp id="18" class="1001" name="const_18">
<pin_list>
<pin id="19" dir="1" index="0" bw="1" slack="0"/>
</pin_list>
<bind>
<StgValue><ssdm name="_ssdm_op_Read.ap_auto.i31"/></StgValue>
</bind>
</comp>

<comp id="20" class="1001" name="const_20">
<pin_list>
<pin id="21" dir="1" index="0" bw="1" slack="0"/>
</pin_list>
<bind>
<StgValue><ssdm name="_ssdm_op_Read.ap_auto.i9"/></StgValue>
</bind>
</comp>

<comp id="22" class="1001" name="const_22">
<pin_list>
<pin id="23" dir="1" index="0" bw="1" slack="2147483647"/>
</pin_list>
<bind>
<StgValue><ssdm name="_ssdm_op_SpecMemCore"/></StgValue>
</bind>
</comp>

<comp id="24" class="1001" name="const_24">
<pin_list>
<pin id="25" dir="1" index="0" bw="1" slack="2147483647"/>
</pin_list>
<bind>
<StgValue><ssdm name=""/></StgValue>
</bind>
</comp>

<comp id="26" class="1001" name="const_26">
<pin_list>
<pin id="27" dir="1" index="0" bw="1" slack="2147483647"/>
</pin_list>
<bind>
<StgValue><ssdm name=""/></StgValue>
</bind>
</comp>

<comp id="28" class="1001" name="const_28">
<pin_list>
<pin id="29" dir="1" index="0" bw="1" slack="2147483647"/>
</pin_list>
<bind>
<StgValue><ssdm name=""/></StgValue>
</bind>
</comp>

<comp id="30" class="1001" name="const_30">
<pin_list>
<pin id="31" dir="1" index="0" bw="1" slack="2147483647"/>
</pin_list>
<bind>
<StgValue><ssdm name="_ssdm_op_SpecInterface"/></StgValue>
</bind>
</comp>

<comp id="32" class="1001" name="const_32">
<pin_list>
<pin id="33" dir="1" index="0" bw="1" slack="2147483647"/>
</pin_list>
<bind>
<StgValue><ssdm name="empty"/></StgValue>
</bind>
</comp>

<comp id="34" class="1001" name="const_34">
<pin_list>
<pin id="35" dir="1" index="0" bw="1" slack="2147483647"/>
</pin_list>
<bind>
<StgValue><ssdm name=""/></StgValue>
</bind>
</comp>

<comp id="36" class="1001" name="const_36">
<pin_list>
<pin id="37" dir="1" index="0" bw="1" slack="2147483647"/>
</pin_list>
<bind>
<StgValue><ssdm name="empty_0"/></StgValue>
</bind>
</comp>

<comp id="38" class="1001" name="const_38">
<pin_list>
<pin id="39" dir="1" index="0" bw="1" slack="2147483647"/>
</pin_list>
<bind>
<StgValue><ssdm name=""/></StgValue>
</bind>
</comp>

<comp id="40" class="1001" name="const_40">
<pin_list>
<pin id="41" dir="1" index="0" bw="1" slack="2147483647"/>
</pin_list>
<bind>
<StgValue><ssdm name="empty_1"/></StgValue>
</bind>
</comp>

<comp id="42" class="1001" name="const_42">
<pin_list>
<pin id="43" dir="1" index="0" bw="1" slack="2147483647"/>
</pin_list>
<bind>
<StgValue><ssdm name="empty_2"/></StgValue>
</bind>
</comp>

<comp id="44" class="1001" name="const_44">
<pin_list>
<pin id="45" dir="1" index="0" bw="1" slack="2147483647"/>
</pin_list>
<bind>
<StgValue><ssdm name=""/></StgValue>
</bind>
</comp>

<comp id="46" class="1001" name="const_46">
<pin_list>
<pin id="47" dir="1" index="0" bw="1" slack="2147483647"/>
</pin_list>
<bind>
<StgValue><ssdm name=""/></StgValue>
</bind>
</comp>

<comp id="48" class="1001" name="const_48">
<pin_list>
<pin id="49" dir="1" index="0" bw="1" slack="0"/>
</pin_list>
<bind>
<StgValue><ssdm name=""/></StgValue>
</bind>
</comp>

<comp id="50" class="1001" name="const_50">
<pin_list>
<pin id="51" dir="1" index="0" bw="1" slack="2147483647"/>
</pin_list>
<bind>
<StgValue><ssdm name="_ssdm_op_SpecBitsMap"/></StgValue>
</bind>
</comp>

<comp id="52" class="1001" name="const_52">
<pin_list>
<pin id="53" dir="1" index="0" bw="1" slack="2147483647"/>
</pin_list>
<bind>
<StgValue><ssdm name="_ssdm_op_SpecLoopTripCount"/></StgValue>
</bind>
</comp>

<comp id="54" class="1001" name="const_54">
<pin_list>
<pin id="55" dir="1" index="0" bw="1" slack="0"/>
</pin_list>
<bind>
<StgValue><ssdm name=""/></StgValue>
</bind>
</comp>

<comp id="56" class="1001" name="const_56">
<pin_list>
<pin id="57" dir="1" index="0" bw="1" slack="2147483647"/>
</pin_list>
<bind>
<StgValue><ssdm name=""/></StgValue>
</bind>
</comp>

<comp id="58" class="1001" name="const_58">
<pin_list>
<pin id="59" dir="1" index="0" bw="1" slack="2147483647"/>
</pin_list>
<bind>
<StgValue><ssdm name=""/></StgValue>
</bind>
</comp>

<comp id="60" class="1001" name="const_60">
<pin_list>
<pin id="61" dir="1" index="0" bw="1" slack="0"/>
</pin_list>
<bind>
<StgValue><ssdm name=""/></StgValue>
</bind>
</comp>

<comp id="62" class="1001" name="const_62">
<pin_list>
<pin id="63" dir="1" index="0" bw="1" slack="0"/>
</pin_list>
<bind>
<StgValue><ssdm name=""/></StgValue>
</bind>
</comp>

<comp id="64" class="1001" name="const_64">
<pin_list>
<pin id="65" dir="1" index="0" bw="1" slack="0"/>
</pin_list>
<bind>
<StgValue><ssdm name="_ssdm_op_BitConcatenate.i33.i31.i2"/></StgValue>
</bind>
</comp>

<comp id="66" class="1001" name="const_66">
<pin_list>
<pin id="67" dir="1" index="0" bw="1" slack="0"/>
</pin_list>
<bind>
<StgValue><ssdm name=""/></StgValue>
</bind>
</comp>

<comp id="68" class="1001" name="const_68">
<pin_list>
<pin id="69" dir="1" index="0" bw="1" slack="0"/>
</pin_list>
<bind>
<StgValue><ssdm name="_ssdm_op_PartSelect.i62.i64.i32.i32"/></StgValue>
</bind>
</comp>

<comp id="70" class="1001" name="const_70">
<pin_list>
<pin id="71" dir="1" index="0" bw="1" slack="0"/>
</pin_list>
<bind>
<StgValue><ssdm name=""/></StgValue>
</bind>
</comp>

<comp id="72" class="1001" name="const_72">
<pin_list>
<pin id="73" dir="1" index="0" bw="1" slack="0"/>
</pin_list>
<bind>
<StgValue><ssdm name=""/></StgValue>
</bind>
</comp>

<comp id="74" class="1001" name="const_74">
<pin_list>
<pin id="75" dir="1" index="0" bw="1" slack="0"/>
</pin_list>
<bind>
<StgValue><ssdm name="_ssdm_op_PartSelect.i32.i62.i32.i32"/></StgValue>
</bind>
</comp>

<comp id="76" class="1001" name="const_76">
<pin_list>
<pin id="77" dir="1" index="0" bw="1" slack="0"/>
</pin_list>
<bind>
<StgValue><ssdm name=""/></StgValue>
</bind>
</comp>

<comp id="78" class="1001" name="const_78">
<pin_list>
<pin id="79" dir="1" index="0" bw="1" slack="0"/>
</pin_list>
<bind>
<StgValue><ssdm name=""/></StgValue>
</bind>
</comp>

<comp id="80" class="1001" name="const_80">
<pin_list>
<pin id="81" dir="1" index="0" bw="1" slack="0"/>
</pin_list>
<bind>
<StgValue><ssdm name="_ssdm_op_WriteReq.m_axi.i32P1A"/></StgValue>
</bind>
</comp>

<comp id="82" class="1001" name="const_82">
<pin_list>
<pin id="83" dir="1" index="0" bw="1" slack="0"/>
</pin_list>
<bind>
<StgValue><ssdm name="_ssdm_op_Write.m_axi.volatile.i32P1A"/></StgValue>
</bind>
</comp>

<comp id="84" class="1001" name="const_84">
<pin_list>
<pin id="85" dir="1" index="0" bw="1" slack="0"/>
</pin_list>
<bind>
<StgValue><ssdm name=""/></StgValue>
</bind>
</comp>

<comp id="86" class="1001" name="const_86">
<pin_list>
<pin id="87" dir="1" index="0" bw="1" slack="0"/>
</pin_list>
<bind>
<StgValue><ssdm name="_ssdm_op_WriteResp.m_axi.i32P1A"/></StgValue>
</bind>
</comp>

<comp id="88" class="1001" name="const_88">
<pin_list>
<pin id="89" dir="1" index="0" bw="1" slack="2147483647"/>
</pin_list>
<bind>
<StgValue><ssdm name="_ssdm_op_SpecPipeline"/></StgValue>
</bind>
</comp>

<comp id="90" class="1001" name="const_90">
<pin_list>
<pin id="91" dir="1" index="0" bw="1" slack="2147483647"/>
</pin_list>
<bind>
<StgValue><ssdm name="_ssdm_op_SpecLoopName"/></StgValue>
</bind>
</comp>

<comp id="92" class="1001" name="const_92">
<pin_list>
<pin id="93" dir="1" index="0" bw="1" slack="2147483647"/>
</pin_list>
<bind>
<StgValue><ssdm name="empty_11"/></StgValue>
</bind>
</comp>

<comp id="94" class="1004" name="i_fu_94">
<pin_list>
<pin id="95" dir="0" index="0" bw="1" slack="0"/>
<pin id="96" dir="1" index="1" bw="9" slack="0"/>
</pin_list>
<bind>
<opcode="alloca(26) " fcode="alloca"/>
<opset="i/1 "/>
</bind>
</comp>

<comp id="98" class="1004" name="mem_read_read_fu_98">
<pin_list>
<pin id="99" dir="0" index="0" bw="64" slack="0"/>
<pin id="100" dir="0" index="1" bw="64" slack="0"/>
<pin id="101" dir="1" index="2" bw="64" slack="1"/>
</pin_list>
<bind>
<opcode="read(1150) " fcode="read"/>
<opset="mem_read/1 "/>
</bind>
</comp>

<comp id="104" class="1004" name="zext_ln202_1_read_read_fu_104">
<pin_list>
<pin id="105" dir="0" index="0" bw="30" slack="0"/>
<pin id="106" dir="0" index="1" bw="30" slack="0"/>
<pin id="107" dir="1" index="2" bw="30" slack="0"/>
</pin_list>
<bind>
<opcode="read(1150) " fcode="read"/>
<opset="zext_ln202_1_read/1 "/>
</bind>
</comp>

<comp id="110" class="1004" name="zext_ln208_read_read_fu_110">
<pin_list>
<pin id="111" dir="0" index="0" bw="31" slack="0"/>
<pin id="112" dir="0" index="1" bw="31" slack="0"/>
<pin id="113" dir="1" index="2" bw="31" slack="0"/>
</pin_list>
<bind>
<opcode="read(1150) " fcode="read"/>
<opset="zext_ln208_read/1 "/>
</bind>
</comp>

<comp id="116" class="1004" name="select_ln169_read_read_fu_116">
<pin_list>
<pin id="117" dir="0" index="0" bw="9" slack="0"/>
<pin id="118" dir="0" index="1" bw="9" slack="0"/>
<pin id="119" dir="1" index="2" bw="9" slack="0"/>
</pin_list>
<bind>
<opcode="read(1150) " fcode="read"/>
<opset="select_ln169_read/1 "/>
</bind>
</comp>

<comp id="122" class="1004" name="exp_buf_addr_gep_fu_122">
<pin_list>
<pin id="123" dir="0" index="0" bw="32" slack="0"/>
<pin id="124" dir="0" index="1" bw="1" slack="0"/>
<pin id="125" dir="0" index="2" bw="9" slack="0"/>
<pin id="126" dir="1" index="3" bw="8" slack="0"/>
</pin_list>
<bind>
<opcode="getelementptr(29) " fcode="getelementptr"/>
<opset="exp_buf_addr/1 "/>
</bind>
</comp>

<comp id="129" class="1004" name="grp_access_fu_129">
<pin_list>
<pin id="130" dir="0" index="0" bw="8" slack="0"/>
<pin id="131" dir="0" index="1" bw="32" slack="2147483647"/>
<pin id="132" dir="0" index="2" bw="0" slack="2147483647"/>
<pin id="133" dir="1" index="3" bw="32" slack="1"/>
</pin_list>
<bind>
<opcode="load(27) " fcode="load"/>
<opset="exp_buf_load/1 "/>
</bind>
</comp>

<comp id="135" class="1004" name="gmem_addr_2_req_writereq_fu_135">
<pin_list>
<pin id="136" dir="0" index="0" bw="1" slack="0"/>
<pin id="137" dir="0" index="1" bw="32" slack="1"/>
<pin id="138" dir="0" index="2" bw="1" slack="0"/>
<pin id="139" dir="1" index="3" bw="1" slack="2147483647"/>
</pin_list>
<bind>
<opcode="writereq(1155) " fcode="writereq"/>
<opset="gmem_addr_2_req/3 "/>
</bind>
</comp>

<comp id="142" class="1004" name="write_ln208_write_fu_142">
<pin_list>
<pin id="143" dir="0" index="0" bw="0" slack="0"/>
<pin id="144" dir="0" index="1" bw="32" slack="2"/>
<pin id="145" dir="0" index="2" bw="32" slack="1"/>
<pin id="146" dir="0" index="3" bw="1" slack="0"/>
<pin id="147" dir="1" index="4" bw="0" slack="2147483647"/>
</pin_list>
<bind>
<opcode="write(1151) " fcode="write"/>
<opset="write_ln208/4 "/>
</bind>
</comp>

<comp id="150" class="1004" name="grp_writeresp_fu_150">
<pin_list>
<pin id="151" dir="0" index="0" bw="1" slack="0"/>
<pin id="152" dir="0" index="1" bw="32" slack="3"/>
<pin id="153" dir="1" index="2" bw="1" slack="2147483647"/>
</pin_list>
<bind>
<opcode="writeresp(1158) " fcode="writeresp"/>
<opset="gmem_addr_2_resp/5 "/>
</bind>
</comp>

<comp id="155" class="1004" name="prod_fu_155">
<pin_list>
<pin id="156" dir="0" index="0" bw="32" slack="0"/>
<pin id="157" dir="0" index="1" bw="31" slack="2"/>
<pin id="158" dir="1" index="2" bw="62" slack="0"/>
</pin_list>
<bind>
<opcode="mul(12) " fcode="mul"/>
<opset="prod/3 "/>
</bind>
</comp>

<comp id="159" class="1004" name="zext_ln202_1_cast_fu_159">
<pin_list>
<pin id="160" dir="0" index="0" bw="30" slack="0"/>
<pin id="161" dir="1" index="1" bw="31" slack="1"/>
</pin_list>
<bind>
<opcode="zext(34) " fcode="zext"/>
<opset="zext_ln202_1_cast/1 "/>
</bind>
</comp>

<comp id="163" class="1004" name="zext_ln208_cast_fu_163">
<pin_list>
<pin id="164" dir="0" index="0" bw="31" slack="0"/>
<pin id="165" dir="1" index="1" bw="62" slack="2"/>
</pin_list>
<bind>
<opcode="zext(34) " fcode="zext"/>
<opset="zext_ln208_cast/1 "/>
</bind>
</comp>

<comp id="167" class="1004" name="store_ln202_store_fu_167">
<pin_list>
<pin id="168" dir="0" index="0" bw="1" slack="0"/>
<pin id="169" dir="0" index="1" bw="9" slack="0"/>
<pin id="170" dir="1" index="2" bw="0" slack="2147483647"/>
</pin_list>
<bind>
<opcode="store(28) " fcode="store"/>
<opset="store_ln202/1 "/>
</bind>
</comp>

<comp id="172" class="1004" name="i_1_load_fu_172">
<pin_list>
<pin id="173" dir="0" index="0" bw="9" slack="0"/>
<pin id="174" dir="1" index="1" bw="9" slack="0"/>
</pin_list>
<bind>
<opcode="load(27) " fcode="load"/>
<opset="i_1/1 "/>
</bind>
</comp>

<comp id="175" class="1004" name="icmp_ln202_fu_175">
<pin_list>
<pin id="176" dir="0" index="0" bw="9" slack="0"/>
<pin id="177" dir="0" index="1" bw="9" slack="0"/>
<pin id="178" dir="1" index="2" bw="1" slack="7"/>
</pin_list>
<bind>
<opcode="icmp(45) " fcode="icmp"/>
<opset="icmp_ln202/1 "/>
</bind>
</comp>

<comp id="181" class="1004" name="add_ln202_fu_181">
<pin_list>
<pin id="182" dir="0" index="0" bw="9" slack="0"/>
<pin id="183" dir="0" index="1" bw="1" slack="0"/>
<pin id="184" dir="1" index="2" bw="9" slack="0"/>
</pin_list>
<bind>
<opcode="add(8) " fcode="add"/>
<opset="add_ln202/1 "/>
</bind>
</comp>

<comp id="187" class="1004" name="zext_ln202_fu_187">
<pin_list>
<pin id="188" dir="0" index="0" bw="9" slack="0"/>
<pin id="189" dir="1" index="1" bw="64" slack="0"/>
</pin_list>
<bind>
<opcode="zext(34) " fcode="zext"/>
<opset="zext_ln202/1 "/>
</bind>
</comp>

<comp id="192" class="1004" name="trunc_ln208_fu_192">
<pin_list>
<pin id="193" dir="0" index="0" bw="9" slack="0"/>
<pin id="194" dir="1" index="1" bw="8" slack="1"/>
</pin_list>
<bind>
<opcode="trunc(33) " fcode="trunc"/>
<opset="trunc_ln208/1 "/>
</bind>
</comp>

<comp id="196" class="1004" name="store_ln202_store_fu_196">
<pin_list>
<pin id="197" dir="0" index="0" bw="9" slack="0"/>
<pin id="198" dir="0" index="1" bw="9" slack="0"/>
<pin id="199" dir="1" index="2" bw="0" slack="2147483647"/>
</pin_list>
<bind>
<opcode="store(28) " fcode="store"/>
<opset="store_ln202/1 "/>
</bind>
</comp>

<comp id="201" class="1004" name="zext_ln208_1_fu_201">
<pin_list>
<pin id="202" dir="0" index="0" bw="8" slack="1"/>
<pin id="203" dir="1" index="1" bw="31" slack="0"/>
</pin_list>
<bind>
<opcode="zext(34) " fcode="zext"/>
<opset="zext_ln208_1/2 "/>
</bind>
</comp>

<comp id="204" class="1004" name="add_ln208_fu_204">
<pin_list>
<pin id="205" dir="0" index="0" bw="8" slack="0"/>
<pin id="206" dir="0" index="1" bw="30" slack="1"/>
<pin id="207" dir="1" index="2" bw="31" slack="0"/>
</pin_list>
<bind>
<opcode="add(8) " fcode="add"/>
<opset="add_ln208/2 "/>
</bind>
</comp>

<comp id="209" class="1004" name="shl_ln_fu_209">
<pin_list>
<pin id="210" dir="0" index="0" bw="33" slack="0"/>
<pin id="211" dir="0" index="1" bw="31" slack="0"/>
<pin id="212" dir="0" index="2" bw="1" slack="0"/>
<pin id="213" dir="1" index="3" bw="33" slack="0"/>
</pin_list>
<bind>
<opcode="bitconcatenate(1004) " fcode="bitconcatenate"/>
<opset="shl_ln/2 "/>
</bind>
</comp>

<comp id="217" class="1004" name="zext_ln208_2_fu_217">
<pin_list>
<pin id="218" dir="0" index="0" bw="33" slack="0"/>
<pin id="219" dir="1" index="1" bw="64" slack="0"/>
</pin_list>
<bind>
<opcode="zext(34) " fcode="zext"/>
<opset="zext_ln208_2/2 "/>
</bind>
</comp>

<comp id="221" class="1004" name="add_ln208_1_fu_221">
<pin_list>
<pin id="222" dir="0" index="0" bw="33" slack="0"/>
<pin id="223" dir="0" index="1" bw="64" slack="1"/>
<pin id="224" dir="1" index="2" bw="64" slack="0"/>
</pin_list>
<bind>
<opcode="add(8) " fcode="add"/>
<opset="add_ln208_1/2 "/>
</bind>
</comp>

<comp id="226" class="1004" name="trunc_ln208_1_fu_226">
<pin_list>
<pin id="227" dir="0" index="0" bw="62" slack="0"/>
<pin id="228" dir="0" index="1" bw="64" slack="0"/>
<pin id="229" dir="0" index="2" bw="3" slack="0"/>
<pin id="230" dir="0" index="3" bw="7" slack="0"/>
<pin id="231" dir="1" index="4" bw="62" slack="0"/>
</pin_list>
<bind>
<opcode="partselect(1002) " fcode="partselect"/>
<opset="trunc_ln208_1/2 "/>
</bind>
</comp>

<comp id="236" class="1004" name="sext_ln208_fu_236">
<pin_list>
<pin id="237" dir="0" index="0" bw="62" slack="0"/>
<pin id="238" dir="1" index="1" bw="64" slack="0"/>
</pin_list>
<bind>
<opcode="sext(35) " fcode="sext"/>
<opset="sext_ln208/2 "/>
</bind>
</comp>

<comp id="240" class="1004" name="gmem_addr_fu_240">
<pin_list>
<pin id="241" dir="0" index="0" bw="64" slack="0"/>
<pin id="242" dir="0" index="1" bw="64" slack="0"/>
<pin id="243" dir="1" index="2" bw="64" slack="1"/>
</pin_list>
<bind>
<opcode="getelementptr(29) " fcode="getelementptr"/>
<opset="gmem_addr/2 "/>
</bind>
</comp>

<comp id="246" class="1004" name="zext_ln206_fu_246">
<pin_list>
<pin id="247" dir="0" index="0" bw="32" slack="1"/>
<pin id="248" dir="1" index="1" bw="62" slack="0"/>
</pin_list>
<bind>
<opcode="zext(34) " fcode="zext"/>
<opset="zext_ln206/3 "/>
</bind>
</comp>

<comp id="250" class="1004" name="p_q16_fu_250">
<pin_list>
<pin id="251" dir="0" index="0" bw="32" slack="0"/>
<pin id="252" dir="0" index="1" bw="62" slack="0"/>
<pin id="253" dir="0" index="2" bw="6" slack="0"/>
<pin id="254" dir="0" index="3" bw="7" slack="0"/>
<pin id="255" dir="1" index="4" bw="32" slack="1"/>
</pin_list>
<bind>
<opcode="partselect(1002) " fcode="partselect"/>
<opset="p_q16/3 "/>
</bind>
</comp>

<comp id="260" class="1005" name="i_reg_260">
<pin_list>
<pin id="261" dir="0" index="0" bw="9" slack="0"/>
<pin id="262" dir="1" index="1" bw="9" slack="0"/>
</pin_list>
<bind>
<opset="i "/>
</bind>
</comp>

<comp id="267" class="1005" name="mem_read_reg_267">
<pin_list>
<pin id="268" dir="0" index="0" bw="64" slack="1"/>
<pin id="269" dir="1" index="1" bw="64" slack="1"/>
</pin_list>
<bind>
<opset="mem_read "/>
</bind>
</comp>

<comp id="272" class="1005" name="zext_ln202_1_cast_reg_272">
<pin_list>
<pin id="273" dir="0" index="0" bw="31" slack="1"/>
<pin id="274" dir="1" index="1" bw="31" slack="1"/>
</pin_list>
<bind>
<opset="zext_ln202_1_cast "/>
</bind>
</comp>

<comp id="277" class="1005" name="zext_ln208_cast_reg_277">
<pin_list>
<pin id="278" dir="0" index="0" bw="62" slack="2"/>
<pin id="279" dir="1" index="1" bw="62" slack="2"/>
</pin_list>
<bind>
<opset="zext_ln208_cast "/>
</bind>
</comp>

<comp id="282" class="1005" name="icmp_ln202_reg_282">
<pin_list>
<pin id="283" dir="0" index="0" bw="1" slack="7"/>
<pin id="284" dir="1" index="1" bw="1" slack="2147483647"/>
</pin_list>
<bind>
<opset="icmp_ln202 "/>
</bind>
</comp>

<comp id="286" class="1005" name="exp_buf_addr_reg_286">
<pin_list>
<pin id="287" dir="0" index="0" bw="8" slack="1"/>
<pin id="288" dir="1" index="1" bw="8" slack="1"/>
</pin_list>
<bind>
<opset="exp_buf_addr "/>
</bind>
</comp>

<comp id="291" class="1005" name="trunc_ln208_reg_291">
<pin_list>
<pin id="292" dir="0" index="0" bw="8" slack="1"/>
<pin id="293" dir="1" index="1" bw="8" slack="1"/>
</pin_list>
<bind>
<opset="trunc_ln208 "/>
</bind>
</comp>

<comp id="296" class="1005" name="exp_buf_load_reg_296">
<pin_list>
<pin id="297" dir="0" index="0" bw="32" slack="1"/>
<pin id="298" dir="1" index="1" bw="32" slack="1"/>
</pin_list>
<bind>
<opset="exp_buf_load "/>
</bind>
</comp>

<comp id="301" class="1005" name="gmem_addr_reg_301">
<pin_list>
<pin id="302" dir="0" index="0" bw="32" slack="1"/>
<pin id="303" dir="1" index="1" bw="32" slack="1"/>
</pin_list>
<bind>
<opset="gmem_addr "/>
</bind>
</comp>

<comp id="308" class="1005" name="p_q16_reg_308">
<pin_list>
<pin id="309" dir="0" index="0" bw="32" slack="1"/>
<pin id="310" dir="1" index="1" bw="32" slack="1"/>
</pin_list>
<bind>
<opset="p_q16 "/>
</bind>
</comp>

</comp_list>

<net_list>
<net id="97"><net_src comp="12" pin="0"/><net_sink comp="94" pin=0"/></net>

<net id="102"><net_src comp="14" pin="0"/><net_sink comp="98" pin=0"/></net>

<net id="103"><net_src comp="10" pin="0"/><net_sink comp="98" pin=1"/></net>

<net id="108"><net_src comp="16" pin="0"/><net_sink comp="104" pin=0"/></net>

<net id="109"><net_src comp="8" pin="0"/><net_sink comp="104" pin=1"/></net>

<net id="114"><net_src comp="18" pin="0"/><net_sink comp="110" pin=0"/></net>

<net id="115"><net_src comp="6" pin="0"/><net_sink comp="110" pin=1"/></net>

<net id="120"><net_src comp="20" pin="0"/><net_sink comp="116" pin=0"/></net>

<net id="121"><net_src comp="2" pin="0"/><net_sink comp="116" pin=1"/></net>

<net id="127"><net_src comp="4" pin="0"/><net_sink comp="122" pin=0"/></net>

<net id="128"><net_src comp="62" pin="0"/><net_sink comp="122" pin=1"/></net>

<net id="134"><net_src comp="122" pin="3"/><net_sink comp="129" pin=0"/></net>

<net id="140"><net_src comp="80" pin="0"/><net_sink comp="135" pin=0"/></net>

<net id="141"><net_src comp="54" pin="0"/><net_sink comp="135" pin=2"/></net>

<net id="148"><net_src comp="82" pin="0"/><net_sink comp="142" pin=0"/></net>

<net id="149"><net_src comp="84" pin="0"/><net_sink comp="142" pin=3"/></net>

<net id="154"><net_src comp="86" pin="0"/><net_sink comp="150" pin=0"/></net>

<net id="162"><net_src comp="104" pin="2"/><net_sink comp="159" pin=0"/></net>

<net id="166"><net_src comp="110" pin="2"/><net_sink comp="163" pin=0"/></net>

<net id="171"><net_src comp="48" pin="0"/><net_sink comp="167" pin=0"/></net>

<net id="179"><net_src comp="172" pin="1"/><net_sink comp="175" pin=0"/></net>

<net id="180"><net_src comp="116" pin="2"/><net_sink comp="175" pin=1"/></net>

<net id="185"><net_src comp="172" pin="1"/><net_sink comp="181" pin=0"/></net>

<net id="186"><net_src comp="60" pin="0"/><net_sink comp="181" pin=1"/></net>

<net id="190"><net_src comp="172" pin="1"/><net_sink comp="187" pin=0"/></net>

<net id="191"><net_src comp="187" pin="1"/><net_sink comp="122" pin=2"/></net>

<net id="195"><net_src comp="172" pin="1"/><net_sink comp="192" pin=0"/></net>

<net id="200"><net_src comp="181" pin="2"/><net_sink comp="196" pin=0"/></net>

<net id="208"><net_src comp="201" pin="1"/><net_sink comp="204" pin=0"/></net>

<net id="214"><net_src comp="64" pin="0"/><net_sink comp="209" pin=0"/></net>

<net id="215"><net_src comp="204" pin="2"/><net_sink comp="209" pin=1"/></net>

<net id="216"><net_src comp="66" pin="0"/><net_sink comp="209" pin=2"/></net>

<net id="220"><net_src comp="209" pin="3"/><net_sink comp="217" pin=0"/></net>

<net id="225"><net_src comp="217" pin="1"/><net_sink comp="221" pin=0"/></net>

<net id="232"><net_src comp="68" pin="0"/><net_sink comp="226" pin=0"/></net>

<net id="233"><net_src comp="221" pin="2"/><net_sink comp="226" pin=1"/></net>

<net id="234"><net_src comp="70" pin="0"/><net_sink comp="226" pin=2"/></net>

<net id="235"><net_src comp="72" pin="0"/><net_sink comp="226" pin=3"/></net>

<net id="239"><net_src comp="226" pin="4"/><net_sink comp="236" pin=0"/></net>

<net id="244"><net_src comp="0" pin="0"/><net_sink comp="240" pin=0"/></net>

<net id="245"><net_src comp="236" pin="1"/><net_sink comp="240" pin=1"/></net>

<net id="249"><net_src comp="246" pin="1"/><net_sink comp="155" pin=0"/></net>

<net id="256"><net_src comp="74" pin="0"/><net_sink comp="250" pin=0"/></net>

<net id="257"><net_src comp="155" pin="2"/><net_sink comp="250" pin=1"/></net>

<net id="258"><net_src comp="76" pin="0"/><net_sink comp="250" pin=2"/></net>

<net id="259"><net_src comp="78" pin="0"/><net_sink comp="250" pin=3"/></net>

<net id="263"><net_src comp="94" pin="1"/><net_sink comp="260" pin=0"/></net>

<net id="264"><net_src comp="260" pin="1"/><net_sink comp="167" pin=1"/></net>

<net id="265"><net_src comp="260" pin="1"/><net_sink comp="172" pin=0"/></net>

<net id="266"><net_src comp="260" pin="1"/><net_sink comp="196" pin=1"/></net>

<net id="270"><net_src comp="98" pin="2"/><net_sink comp="267" pin=0"/></net>

<net id="271"><net_src comp="267" pin="1"/><net_sink comp="221" pin=1"/></net>

<net id="275"><net_src comp="159" pin="1"/><net_sink comp="272" pin=0"/></net>

<net id="276"><net_src comp="272" pin="1"/><net_sink comp="204" pin=1"/></net>

<net id="280"><net_src comp="163" pin="1"/><net_sink comp="277" pin=0"/></net>

<net id="281"><net_src comp="277" pin="1"/><net_sink comp="155" pin=1"/></net>

<net id="285"><net_src comp="175" pin="2"/><net_sink comp="282" pin=0"/></net>

<net id="289"><net_src comp="122" pin="3"/><net_sink comp="286" pin=0"/></net>

<net id="290"><net_src comp="286" pin="1"/><net_sink comp="129" pin=0"/></net>

<net id="294"><net_src comp="192" pin="1"/><net_sink comp="291" pin=0"/></net>

<net id="295"><net_src comp="291" pin="1"/><net_sink comp="201" pin=0"/></net>

<net id="299"><net_src comp="129" pin="3"/><net_sink comp="296" pin=0"/></net>

<net id="300"><net_src comp="296" pin="1"/><net_sink comp="246" pin=0"/></net>

<net id="304"><net_src comp="240" pin="2"/><net_sink comp="301" pin=0"/></net>

<net id="305"><net_src comp="301" pin="1"/><net_sink comp="135" pin=1"/></net>

<net id="306"><net_src comp="301" pin="1"/><net_sink comp="142" pin=1"/></net>

<net id="307"><net_src comp="301" pin="1"/><net_sink comp="150" pin=1"/></net>

<net id="311"><net_src comp="250" pin="4"/><net_sink comp="308" pin=0"/></net>

<net id="312"><net_src comp="308" pin="1"/><net_sink comp="142" pin=2"/></net>

</net_list>

</model> 
---------------- Datapath Model END ------------------

* FSMD analyzer results:
  - Output states:
	Port: gmem | {3 4 5 6 7 8 9 }
 - Input state : 
	Port: softmax_accel_Pipeline_VITIS_LOOP_202_3 : gmem | {}
	Port: softmax_accel_Pipeline_VITIS_LOOP_202_3 : select_ln169 | {1 }
	Port: softmax_accel_Pipeline_VITIS_LOOP_202_3 : exp_buf | {1 2 }
	Port: softmax_accel_Pipeline_VITIS_LOOP_202_3 : zext_ln208 | {1 }
	Port: softmax_accel_Pipeline_VITIS_LOOP_202_3 : zext_ln202_1 | {1 }
	Port: softmax_accel_Pipeline_VITIS_LOOP_202_3 : mem | {1 }
  - Chain level:
	State 1
		store_ln202 : 1
		i_1 : 1
		icmp_ln202 : 2
		add_ln202 : 2
		br_ln202 : 3
		zext_ln202 : 2
		exp_buf_addr : 3
		exp_buf_load : 4
		trunc_ln208 : 2
		store_ln202 : 3
	State 2
		add_ln208 : 1
		shl_ln : 2
		zext_ln208_2 : 3
		add_ln208_1 : 4
		trunc_ln208_1 : 5
		sext_ln208 : 6
		gmem_addr : 7
	State 3
		prod : 1
		p_q16 : 2
	State 4
	State 5
	State 6
	State 7
	State 8
	State 9


============================================================
+ Verbose Summary: Datapath Resource usage 
============================================================

* Functional unit list:
|----------|---------------------------------|---------|---------|---------|
| Operation|         Functional Unit         |   DSP   |    FF   |   LUT   |
|----------|---------------------------------|---------|---------|---------|
|          |         add_ln202_fu_181        |    0    |    0    |    14   |
|    add   |         add_ln208_fu_204        |    0    |    0    |    37   |
|          |        add_ln208_1_fu_221       |    0    |    0    |    71   |
|----------|---------------------------------|---------|---------|---------|
|    mul   |           prod_fu_155           |    4    |    0    |    20   |
|----------|---------------------------------|---------|---------|---------|
|   icmp   |        icmp_ln202_fu_175        |    0    |    0    |    14   |
|----------|---------------------------------|---------|---------|---------|
|          |       mem_read_read_fu_98       |    0    |    0    |    0    |
|   read   |  zext_ln202_1_read_read_fu_104  |    0    |    0    |    0    |
|          |   zext_ln208_read_read_fu_110   |    0    |    0    |    0    |
|          |  select_ln169_read_read_fu_116  |    0    |    0    |    0    |
|----------|---------------------------------|---------|---------|---------|
| writereq | gmem_addr_2_req_writereq_fu_135 |    0    |    0    |    0    |
|----------|---------------------------------|---------|---------|---------|
|   write  |     write_ln208_write_fu_142    |    0    |    0    |    0    |
|----------|---------------------------------|---------|---------|---------|
| writeresp|       grp_writeresp_fu_150      |    0    |    0    |    0    |
|----------|---------------------------------|---------|---------|---------|
|          |     zext_ln202_1_cast_fu_159    |    0    |    0    |    0    |
|          |      zext_ln208_cast_fu_163     |    0    |    0    |    0    |
|   zext   |        zext_ln202_fu_187        |    0    |    0    |    0    |
|          |       zext_ln208_1_fu_201       |    0    |    0    |    0    |
|          |       zext_ln208_2_fu_217       |    0    |    0    |    0    |
|          |        zext_ln206_fu_246        |    0    |    0    |    0    |
|----------|---------------------------------|---------|---------|---------|
|   trunc  |        trunc_ln208_fu_192       |    0    |    0    |    0    |
|----------|---------------------------------|---------|---------|---------|
|bitconcatenate|          shl_ln_fu_209          |    0    |    0    |    0    |
|----------|---------------------------------|---------|---------|---------|
|partselect|       trunc_ln208_1_fu_226      |    0    |    0    |    0    |
|          |           p_q16_fu_250          |    0    |    0    |    0    |
|----------|---------------------------------|---------|---------|---------|
|   sext   |        sext_ln208_fu_236        |    0    |    0    |    0    |
|----------|---------------------------------|---------|---------|---------|
|   Total  |                                 |    4    |    0    |   156   |
|----------|---------------------------------|---------|---------|---------|

Memories:
N/A

* Register list:
+-------------------------+--------+
|                         |   FF   |
+-------------------------+--------+
|   exp_buf_addr_reg_286  |    8   |
|   exp_buf_load_reg_296  |   32   |
|    gmem_addr_reg_301    |   32   |
|        i_reg_260        |    9   |
|    icmp_ln202_reg_282   |    1   |
|     mem_read_reg_267    |   64   |
|      p_q16_reg_308      |   32   |
|   trunc_ln208_reg_291   |    8   |
|zext_ln202_1_cast_reg_272|   31   |
| zext_ln208_cast_reg_277 |   62   |
+-------------------------+--------+
|          Total          |   279  |
+-------------------------+--------+

* Multiplexer (MUX) list: 
|-------------------|------|------|------|--------||---------||---------||---------|
|        Comp       |  Pin | Size |  BW  | S x BW ||  Delay  ||    FF   ||   LUT   |
|-------------------|------|------|------|--------||---------||---------||---------|
| grp_access_fu_129 |  p0  |   2  |   8  |   16   ||    0    ||    9    |
|-------------------|------|------|------|--------||---------||---------||---------|
|       Total       |      |      |      |   16   ||  1.588  ||    0    ||    9    |
|-------------------|------|------|------|--------||---------||---------||---------|



* Summary:
+-----------+--------+--------+--------+--------+
|           |   DSP  |  Delay |   FF   |   LUT  |
+-----------+--------+--------+--------+--------+
|  Function |    4   |    -   |    0   |   156  |
|   Memory  |    -   |    -   |    -   |    -   |
|Multiplexer|    -   |    1   |    0   |    9   |
|  Register |    -   |    -   |   279  |    -   |
+-----------+--------+--------+--------+--------+
|   Total   |    4   |    1   |   279  |   165  |
+-----------+--------+--------+--------+--------+
