

================================================================
== Vitis HLS Report for 'softmax_accel_Pipeline_VITIS_LOOP_177_1'
================================================================
* Date:           Fri Feb 27 18:14:38 2026

* Version:        2025.1 (Build 6135595 on May 21 2025)
* Project:        Prometheus
* Solution:       hls (Vivado IP Flow Target)
* Product family: zynq
* Target device:  xc7z020-clg400-1


================================================================
== Performance Estimates
================================================================
+ Timing: 
    * Summary: 
    +--------+----------+----------+------------+
    |  Clock |  Target  | Estimated| Uncertainty|
    +--------+----------+----------+------------+
    |ap_clk  |  11.80 ns|  8.614 ns|     3.19 ns|
    +--------+----------+----------+------------+

+ Latency: 
    * Summary: 
    +---------+---------+-----------+----------+-----+-----+------------------------------------------------+
    |  Latency (cycles) |  Latency (absolute)  |  Interval |                    Pipeline                    |
    |   min   |   max   |    min    |    max   | min | max |                      Type                      |
    +---------+---------+-----------+----------+-----+-----+------------------------------------------------+
    |        2|      258|  23.600 ns|  3.044 us|    1|  256|  loop auto-rewind stp (delay=0 clock cycles(s))|
    +---------+---------+-----------+----------+-----+-----+------------------------------------------------+

    + Detail: 
        * Instance: 
        N/A

        * Loop: 
        +--------------------+---------+---------+----------+-----------+-----------+---------+----------+
        |                    |  Latency (cycles) | Iteration|  Initiation Interval  |   Trip  |          |
        |      Loop Name     |   min   |   max   |  Latency |  achieved |   target  |  Count  | Pipelined|
        +--------------------+---------+---------+----------+-----------+-----------+---------+----------+
        |- VITIS_LOOP_177_1  |        0|      256|         3|          1|          1|  0 ~ 255|       yes|
        +--------------------+---------+---------+----------+-----------+-----------+---------+----------+

============================================================
+ Verbose Summary: Synthesis Manager
============================================================
InlineROM: 1
ExposeGlobal: 0
============================================================
+ Verbose Summary: CDFG Model
============================================================
IsTopModel: 0
ResetActiveHigh: 1
IsCombinational: 0
IsDatapathOnly: 0
HasWiredReturn: 1
HasMFsm: 2
HasVarLatency: 1
IsPipeline: 0
IsRtlPipelined: 0
IsInstanceOverlapped: 0
IsDontTouch: 0
HasImplIP: 0
IsGatedGlobalClock: 0

+ Individual pipeline summary: 
  * Pipeline-0: initiation interval (II) = 1, depth = 3


============================================================
+ Verbose Summary: Schedule
============================================================
* Number of FSM states : 3
* Pipeline : 1
  Pipeline-0 : II = 1, D = 3, States = { 1 2 3 }
* Dataflow Pipeline: 0

* FSM state transitions: 
1 --> 2 
2 --> 3 
3 --> 

* FSM state operations: 

State 1 <SV = 0> <Delay = 4.99>
ST_1 : Operation 6 [1/1] (0.00ns)   --->   "%max_x_1 = alloca i32 1" [softmax_accel_hls.cc:176]   --->   Operation 6 'alloca' 'max_x_1' <Predicate = true> <Delay = 0.00>
ST_1 : Operation 7 [1/1] (0.00ns)   --->   "%i = alloca i32 1" [softmax_accel_hls.cc:177]   --->   Operation 7 'alloca' 'i' <Predicate = true> <Delay = 0.00>
ST_1 : Operation 8 [1/1] (0.00ns)   --->   "%sext_ln177_read = read i62 @_ssdm_op_Read.ap_auto.i62, i62 %sext_ln177"   --->   Operation 8 'read' 'sext_ln177_read' <Predicate = true> <Delay = 0.00>
ST_1 : Operation 9 [1/1] (0.00ns)   --->   "%select_ln169_read = read i9 @_ssdm_op_Read.ap_auto.i9, i9 %select_ln169"   --->   Operation 9 'read' 'select_ln169_read' <Predicate = true> <Delay = 0.00>
ST_1 : Operation 10 [1/1] (0.00ns)   --->   "%max_x_read = read i32 @_ssdm_op_Read.ap_auto.i32, i32 %max_x"   --->   Operation 10 'read' 'max_x_read' <Predicate = true> <Delay = 0.00>
ST_1 : Operation 11 [1/1] (0.00ns)   --->   "%sext_ln177_cast = sext i62 %sext_ln177_read"   --->   Operation 11 'sext' 'sext_ln177_cast' <Predicate = true> <Delay = 0.00>
ST_1 : Operation 12 [1/1] (0.00ns)   --->   "%specinterface_ln0 = specinterface void @_ssdm_op_SpecInterface, i32 %gmem, void @empty, i32 0, i32 0, void @empty_0, i32 0, i32 16384, void @empty_1, void @empty_2, void @empty_0, i32 16, i32 16, i32 16, i32 16, void @empty_0, void @empty_0, i32 4294967295, i32 0, i32 0"   --->   Operation 12 'specinterface' 'specinterface_ln0' <Predicate = true> <Delay = 0.00>
ST_1 : Operation 13 [1/1] (1.58ns)   --->   "%store_ln177 = store i9 1, i9 %i" [softmax_accel_hls.cc:177]   --->   Operation 13 'store' 'store_ln177' <Predicate = true> <Delay = 1.58>
ST_1 : Operation 14 [1/1] (1.58ns)   --->   "%store_ln176 = store i32 %max_x_read, i32 %max_x_1" [softmax_accel_hls.cc:176]   --->   Operation 14 'store' 'store_ln176' <Predicate = true> <Delay = 1.58>
ST_1 : Operation 15 [1/1] (0.00ns)   --->   "%br_ln0 = br void %for.body"   --->   Operation 15 'br' 'br_ln0' <Predicate = true> <Delay = 0.00>
ST_1 : Operation 16 [1/1] (0.00ns)   --->   "%i_2 = load i9 %i" [softmax_accel_hls.cc:177]   --->   Operation 16 'load' 'i_2' <Predicate = true> <Delay = 0.00>
ST_1 : Operation 17 [1/1] (0.00ns)   --->   "%specbitsmap_ln0 = specbitsmap void @_ssdm_op_SpecBitsMap, i32 %gmem"   --->   Operation 17 'specbitsmap' 'specbitsmap_ln0' <Predicate = true> <Delay = 0.00>
ST_1 : Operation 18 [1/1] (1.82ns)   --->   "%icmp_ln177 = icmp_ult  i9 %i_2, i9 %select_ln169_read" [softmax_accel_hls.cc:177]   --->   Operation 18 'icmp' 'icmp_ln177' <Predicate = true> <Delay = 1.82> <CoreInst = "Cmp">   --->   Core 9 'Cmp' <Latency = 0> <II = 1> <Delay = 1.82> <FuncUnit> <Opcode : 'seteq' 'setne' 'setle' 'setge' 'setlt' 'setgt'> <InPorts = 2> <OutPorts = 1>
ST_1 : Operation 19 [1/1] (0.00ns)   --->   "%br_ln177 = br i1 %icmp_ln177, void %for.end.loopexit.exitStub, void %for.body.split" [softmax_accel_hls.cc:177]   --->   Operation 19 'br' 'br_ln177' <Predicate = true> <Delay = 0.00>
ST_1 : Operation 20 [1/1] (1.82ns)   --->   "%add_ln177 = add i9 %i_2, i9 1" [softmax_accel_hls.cc:177]   --->   Operation 20 'add' 'add_ln177' <Predicate = (icmp_ln177)> <Delay = 1.82> <CoreInst = "Adder">   --->   Core 1 'Adder' <Latency = 0> <II = 1> <Delay = 1.82> <FuncUnit> <Opcode : 'add' 'sub'> <InPorts = 2> <OutPorts = 1>
ST_1 : Operation 21 [1/1] (1.58ns)   --->   "%store_ln177 = store i9 %add_ln177, i9 %i" [softmax_accel_hls.cc:177]   --->   Operation 21 'store' 'store_ln177' <Predicate = (icmp_ln177)> <Delay = 1.58>

State 2 <SV = 1> <Delay = 8.61>
ST_2 : Operation 22 [1/1] (0.00ns)   --->   "%gmem_addr = getelementptr i32 %gmem, i64 %sext_ln177_cast" [softmax_accel_hls.cc:177]   --->   Operation 22 'getelementptr' 'gmem_addr' <Predicate = true> <Delay = 0.00>
ST_2 : Operation 23 [1/1] (8.61ns)   --->   "%xi = read i32 @_ssdm_op_Read.m_axi.p1i32, i32 %gmem_addr" [softmax_accel_hls.cc:179]   --->   Operation 23 'read' 'xi' <Predicate = true> <Delay = 8.61> <CoreInst = "m_axi">   --->   Core 111 'm_axi' <Latency = 3> <II = 1> <Delay = 1.00> <Adapter> <Opcode : 'read' 'write' 'readreq' 'writereq' 'writeresp'>
ST_2 : Operation 32 [1/1] (0.00ns)   --->   "%max_x_1_load = load i32 %max_x_1"   --->   Operation 32 'load' 'max_x_1_load' <Predicate = (!icmp_ln177)> <Delay = 0.00>
ST_2 : Operation 33 [1/1] (0.00ns)   --->   "%write_ln0 = write void @_ssdm_op_Write.ap_auto.i32P0A, i32 %max_x_1_out, i32 %max_x_1_load"   --->   Operation 33 'write' 'write_ln0' <Predicate = (!icmp_ln177)> <Delay = 0.00>
ST_2 : Operation 34 [1/1] (1.58ns)   --->   "%ret_ln0 = ret"   --->   Operation 34 'ret' 'ret_ln0' <Predicate = (!icmp_ln177)> <Delay = 1.58>

State 3 <SV = 2> <Delay = 4.83>
ST_3 : Operation 24 [1/1] (0.00ns)   --->   "%max_x_1_load_1 = load i32 %max_x_1" [softmax_accel_hls.cc:180]   --->   Operation 24 'load' 'max_x_1_load_1' <Predicate = true> <Delay = 0.00>
ST_3 : Operation 25 [1/1] (0.00ns)   --->   "%specpipeline_ln178 = specpipeline void @_ssdm_op_SpecPipeline, i32 1, i32 0, i32 0, i32 0, void @empty_0" [softmax_accel_hls.cc:178]   --->   Operation 25 'specpipeline' 'specpipeline_ln178' <Predicate = true> <Delay = 0.00>
ST_3 : Operation 26 [1/1] (0.00ns)   --->   "%speclooptripcount_ln176 = speclooptripcount void @_ssdm_op_SpecLoopTripCount, i64 0, i64 255, i64 127" [softmax_accel_hls.cc:176]   --->   Operation 26 'speclooptripcount' 'speclooptripcount_ln176' <Predicate = true> <Delay = 0.00>
ST_3 : Operation 27 [1/1] (0.00ns)   --->   "%specloopname_ln177 = specloopname void @_ssdm_op_SpecLoopName, void @empty_13" [softmax_accel_hls.cc:177]   --->   Operation 27 'specloopname' 'specloopname_ln177' <Predicate = true> <Delay = 0.00>
ST_3 : Operation 28 [1/1] (2.55ns)   --->   "%icmp_ln180 = icmp_sgt  i32 %xi, i32 %max_x_1_load_1" [softmax_accel_hls.cc:180]   --->   Operation 28 'icmp' 'icmp_ln180' <Predicate = true> <Delay = 2.55> <CoreInst = "Cmp">   --->   Core 9 'Cmp' <Latency = 0> <II = 1> <Delay = 2.55> <FuncUnit> <Opcode : 'seteq' 'setne' 'setle' 'setge' 'setlt' 'setgt'> <InPorts = 2> <OutPorts = 1>
ST_3 : Operation 29 [1/1] (0.69ns)   --->   "%max_x_2 = select i1 %icmp_ln180, i32 %xi, i32 %max_x_1_load_1" [softmax_accel_hls.cc:180]   --->   Operation 29 'select' 'max_x_2' <Predicate = true> <Delay = 0.69> <CoreInst = "Sel">   --->   Core 73 'Sel' <Latency = 0> <II = 1> <Delay = 0.69> <FuncUnit> <Opcode : 'select'> <InPorts = 3> <OutPorts = 1>
ST_3 : Operation 30 [1/1] (1.58ns)   --->   "%store_ln176 = store i32 %max_x_2, i32 %max_x_1" [softmax_accel_hls.cc:176]   --->   Operation 30 'store' 'store_ln176' <Predicate = true> <Delay = 1.58>
ST_3 : Operation 31 [1/1] (0.00ns)   --->   "%br_ln177 = br void %for.body" [softmax_accel_hls.cc:177]   --->   Operation 31 'br' 'br_ln177' <Predicate = true> <Delay = 0.00>


============================================================
+ Verbose Summary: Timing violations
============================================================
Target clock period: 11.800ns, clock uncertainty: 3.186ns.

 <State 1>: 4.999ns
The critical path consists of the following:
	'store' operation 0 bit ('store_ln177', softmax_accel_hls.cc:177) of constant 1 on local variable 'i', softmax_accel_hls.cc:177 [13]  (1.588 ns)
	'load' operation 9 bit ('i', softmax_accel_hls.cc:177) on local variable 'i', softmax_accel_hls.cc:177 [17]  (0.000 ns)
	'icmp' operation 1 bit ('icmp_ln177', softmax_accel_hls.cc:177) [19]  (1.823 ns)
	'store' operation 0 bit ('store_ln177', softmax_accel_hls.cc:177) of variable 'add_ln177', softmax_accel_hls.cc:177 on local variable 'i', softmax_accel_hls.cc:177 [31]  (1.588 ns)

 <State 2>: 8.614ns
The critical path consists of the following:
	'getelementptr' operation 32 bit ('gmem_addr', softmax_accel_hls.cc:177) [23]  (0.000 ns)
	bus read operation ('xi', softmax_accel_hls.cc:179) on port 'gmem' (softmax_accel_hls.cc:179) [27]  (8.614 ns)

 <State 3>: 4.838ns
The critical path consists of the following:
	'load' operation 32 bit ('max_x_1_load_1', softmax_accel_hls.cc:180) on local variable 'max_x', softmax_accel_hls.cc:176 [22]  (0.000 ns)
	'icmp' operation 1 bit ('icmp_ln180', softmax_accel_hls.cc:180) [28]  (2.552 ns)
	'select' operation 32 bit ('max_x', softmax_accel_hls.cc:180) [29]  (0.698 ns)
	'store' operation 0 bit ('store_ln176', softmax_accel_hls.cc:176) of variable 'max_x', softmax_accel_hls.cc:180 on local variable 'max_x', softmax_accel_hls.cc:176 [32]  (1.588 ns)


============================================================
+ Verbose Summary: Binding
============================================================
N/A
* FSMD analyzer results:
  - Output states:
 - Input state : 
  - Chain level:
	State 1
	State 2
	State 3


============================================================
+ Verbose Summary: Datapath Resource usage 
============================================================
N/A
