================================================================
== Vivado Place & Route Results
================================================================
+ General Information:
    * Date:            Sat Feb 28 15:31:26 EST 2026
    * Version:         2025.1 (Build 6135595 on May 21 2025)
    * Project:         Prometheus
    * Solution:        hls (Vivado IP Flow Target)
    * Product family:  zynq
    * Target device:   xc7z020-clg400-1


================================================================
== Run Constraints & Options
================================================================
+ Design Constraints & Options:
    * Place & Route target clock:  11.8 ns
    * C-Synthesis target clock:    11.8 ns
    * C-Synthesis uncertainty:     27%

+ RTL Synthesis Options:
    * config_export -vivado_synth_strategy:     default
    * config_export -vivado_synth_design_args:  -directive sdx_optimization_effort_high

+ Place & Route Options:
    * config_export -vivado_impl_strategy:  default
    * config_export -vivado_phys_opt:       auto

+ Reporting Options:
    * config_export -vivado_report_level:      2
    * config_export -vivado_max_timing_paths:  10


================================================================
== Place & Route Resource Summary
================================================================
LUT:              3091
FF:               3624
DSP:              7
BRAM:             2
URAM:             0
SRL:              164


================================================================
== Place & Route Timing Summary
================================================================
* Timing was met
+----------------+-------------+
| Timing         | Period (ns) |
+----------------+-------------+
| Target         | 11.800      |
| Post-Synthesis | 7.744       |
| Post-Route     | 8.719       |
+----------------+-------------+


================================================================
== Place & Route Resources
================================================================
+----------------------------------------------------------+------+------+-----+------+------+-----+--------+------+---------+----------+--------+
| Name                                                     | LUT  | FF   | DSP | BRAM | URAM | SRL | Pragma | Impl | Latency | Variable | Source |
+----------------------------------------------------------+------+------+-----+------+------+-----+--------+------+---------+----------+--------+
| inst                                                     | 3091 | 3624 | 7   | 2    |      |     |        |      |         |          |        |
|   (inst)                                                 | 292  | 902  |     |      |      |     |        |      |         |          |        |
|   RECIP_B_Q30_U                                          |      |      |     |      |      |     |        |      |         |          |        |
|   RECIP_M_Q30_U                                          |      |      |     |      |      |     |        |      |         |          |        |
|   control_s_axi_U                                        | 275  | 245  |     |      |      |     |        |      |         |          |        |
|   exp_buf_U                                              |      |      |     |      |      |     |        |      |         |          |        |
|   gmem_m_axi_U                                           | 1415 | 1802 |     | 1    |      |     |        |      |         |          |        |
|   grp_softmax_accel_Pipeline_VITIS_LOOP_177_1_fu_679     | 124  | 79   |     |      |      |     |        |      |         |          |        |
|     (grp_softmax_accel_Pipeline_VITIS_LOOP_177_1_fu_679) | 70   | 77   |     |      |      |     |        |      |         |          |        |
|   grp_softmax_accel_Pipeline_VITIS_LOOP_188_2_fu_689     | 535  | 415  | 1   |      |      |     |        |      |         |          |        |
|     (grp_softmax_accel_Pipeline_VITIS_LOOP_188_2_fu_689) | 474  | 379  |     |      |      |     |        |      |         |          |        |
|     EXP2_PTS_Q16_U                                       |      |      |     |      |      |     |        |      |         |          |        |
|     flow_control_loop_pipe_sequential_init_U             |      |      |     |      |      |     |        |      |         |          |        |
|     mul_18s_12ns_30_1_1_U6                               |      |      |     |      |      |     |        |      |         |          |        |
|   grp_softmax_accel_Pipeline_VITIS_LOOP_202_3_fu_702     | 126  | 138  | 4   |      |      |     |        |      |         |          |        |
|     (grp_softmax_accel_Pipeline_VITIS_LOOP_202_3_fu_702) | 40   | 136  | 2   |      |      |     |        |      |         |          |        |
|     flow_control_loop_pipe_sequential_init_U             |      |      |     |      |      |     |        |      |         |          |        |
|     mul_32ns_31ns_62_1_1_U17                             |      |      |     |      |      |     |        |      |         |          |        |
|   mul_31s_16ns_47_1_1_U25                                | 278  |      | 2   |      |      |     |        |      |         |          |        |
+----------------------------------------------------------+------+------+-----+------+------+-----+--------+------+---------+----------+--------+


================================================================
== Place & Route Fail Fast
================================================================
+-----------------------------------------------------------+-----------+--------+--------+
| Criteria                                                  | Guideline | Actual | Status |
+-----------------------------------------------------------+-----------+--------+--------+
| LUT                                                       | 70%       | 5.81%  | OK     |
| FD                                                        | 50%       | 3.41%  | OK     |
| LUTRAM+SRL                                                | 25%       | 0.94%  | OK     |
| MUXF7                                                     | 15%       | 0.01%  | OK     |
| DSP                                                       | 80%       | 3.18%  | OK     |
| RAMB/FIFO                                                 | 80%       | 0.71%  | OK     |
| DSP+RAMB+URAM (Avg)                                       | 70%       | 1.95%  | OK     |
| BUFGCE* + BUFGCTRL                                        | 24        | 0      | OK     |
| DONT_TOUCH (cells/nets)                                   | 0         | 0      | OK     |
| MARK_DEBUG (nets)                                         | 0         | 0      | OK     |
| Control Sets                                              | 998       | 115    | OK     |
| Average Fanout for modules > 100k cells                   | 4         | 2.81   | OK     |
| Max Average Fanout for modules > 100k cells               | 4         | 0      | OK     |
| Non-FD high fanout nets > 10k loads                       | 0         | 0      | OK     |
+-----------------------------------------------------------+-----------+--------+--------+
| TIMING-6 (No common primary clock between related clocks) | 0         | 0      | OK     |
| TIMING-7 (No common node between related clocks)          | 0         | 0      | OK     |
| TIMING-8 (No common period between related clocks)        | 0         | 0      | OK     |
| TIMING-14 (LUT on the clock tree)                         | 0         | 0      | OK     |
| TIMING-35 (No common node in paths with the same clock)   | 0         | 0      | OK     |
+-----------------------------------------------------------+-----------+--------+--------+
| Number of paths above max LUT budgeting (0.575ns)         | 0         | 0      | OK     |
| Number of paths above max Net budgeting (0.403ns)         | 0         | 0      | OK     |
+-----------------------------------------------------------+-----------+--------+--------+


================================================================
== Place & Route Timing Paths
================================================================
* Timing was met
+-------+-------+---------------------+-------------------------------------------------+--------------+------------+----------------+----------------+--------------+
| Path  | SLACK | STARTPOINT PIN      | ENDPOINT PIN                                    | LOGIC LEVELS | MAX FANOUT | DATAPATH DELAY | DATAPATH LOGIC | DATAPATH NET |
|       |       |                     |                                                 |              |            |                |          DELAY |        DELAY |
+-------+-------+---------------------+-------------------------------------------------+--------------+------------+----------------+----------------+--------------+
| Path1 | 3.081 | ap_CS_fsm_reg[29]/C | mul_31s_16ns_47_1_1_U25/tmp_product__0/PCIN[0]  |            2 |         20 |          7.235 |          4.664 |        2.571 |
| Path2 | 3.081 | ap_CS_fsm_reg[29]/C | mul_31s_16ns_47_1_1_U25/tmp_product__0/PCIN[10] |            2 |         20 |          7.235 |          4.664 |        2.571 |
| Path3 | 3.081 | ap_CS_fsm_reg[29]/C | mul_31s_16ns_47_1_1_U25/tmp_product__0/PCIN[11] |            2 |         20 |          7.235 |          4.664 |        2.571 |
| Path4 | 3.081 | ap_CS_fsm_reg[29]/C | mul_31s_16ns_47_1_1_U25/tmp_product__0/PCIN[12] |            2 |         20 |          7.235 |          4.664 |        2.571 |
| Path5 | 3.081 | ap_CS_fsm_reg[29]/C | mul_31s_16ns_47_1_1_U25/tmp_product__0/PCIN[13] |            2 |         20 |          7.235 |          4.664 |        2.571 |
+-------+-------+---------------------+-------------------------------------------------+--------------+------------+----------------+----------------+--------------+

    +------------------------------------------+----------------------+
    | Path1 Cells                              | Primitive Type       |
    +------------------------------------------+----------------------+
    | ap_CS_fsm_reg[29]                        | FLOP_LATCH.flop.FDRE |
    | mul_31s_16ns_47_1_1_U25/tmp_product_i_16 | LUT.others.LUT3      |
    | mul_31s_16ns_47_1_1_U25/tmp_product      | MULT.dsp.DSP48E1     |
    | mul_31s_16ns_47_1_1_U25/tmp_product__0   | MULT.dsp.DSP48E1     |
    | ap_CS_fsm_reg[29]                        | FLOP_LATCH.flop.FDRE |
    | mul_31s_16ns_47_1_1_U25/tmp_product_i_16 | LUT.others.LUT3      |
    | mul_31s_16ns_47_1_1_U25/tmp_product      | MULT.dsp.DSP48E1     |
    | mul_31s_16ns_47_1_1_U25/tmp_product__0   | MULT.dsp.DSP48E1     |
    | ap_CS_fsm_reg[29]                        | FLOP_LATCH.flop.FDRE |
    | mul_31s_16ns_47_1_1_U25/tmp_product_i_16 | LUT.others.LUT3      |
    | mul_31s_16ns_47_1_1_U25/tmp_product      | MULT.dsp.DSP48E1     |
    | mul_31s_16ns_47_1_1_U25/tmp_product__0   | MULT.dsp.DSP48E1     |
    | ap_CS_fsm_reg[29]                        | FLOP_LATCH.flop.FDRE |
    | mul_31s_16ns_47_1_1_U25/tmp_product_i_16 | LUT.others.LUT3      |
    | mul_31s_16ns_47_1_1_U25/tmp_product      | MULT.dsp.DSP48E1     |
    | mul_31s_16ns_47_1_1_U25/tmp_product__0   | MULT.dsp.DSP48E1     |
    | ap_CS_fsm_reg[29]                        | FLOP_LATCH.flop.FDRE |
    | mul_31s_16ns_47_1_1_U25/tmp_product_i_16 | LUT.others.LUT3      |
    | mul_31s_16ns_47_1_1_U25/tmp_product      | MULT.dsp.DSP48E1     |
    | mul_31s_16ns_47_1_1_U25/tmp_product__0   | MULT.dsp.DSP48E1     |
    +------------------------------------------+----------------------+

    +------------------------------------------+----------------------+
    | Path2 Cells                              | Primitive Type       |
    +------------------------------------------+----------------------+
    | ap_CS_fsm_reg[29]                        | FLOP_LATCH.flop.FDRE |
    | mul_31s_16ns_47_1_1_U25/tmp_product_i_16 | LUT.others.LUT3      |
    | mul_31s_16ns_47_1_1_U25/tmp_product      | MULT.dsp.DSP48E1     |
    | mul_31s_16ns_47_1_1_U25/tmp_product__0   | MULT.dsp.DSP48E1     |
    | ap_CS_fsm_reg[29]                        | FLOP_LATCH.flop.FDRE |
    | mul_31s_16ns_47_1_1_U25/tmp_product_i_16 | LUT.others.LUT3      |
    | mul_31s_16ns_47_1_1_U25/tmp_product      | MULT.dsp.DSP48E1     |
    | mul_31s_16ns_47_1_1_U25/tmp_product__0   | MULT.dsp.DSP48E1     |
    | ap_CS_fsm_reg[29]                        | FLOP_LATCH.flop.FDRE |
    | mul_31s_16ns_47_1_1_U25/tmp_product_i_16 | LUT.others.LUT3      |
    | mul_31s_16ns_47_1_1_U25/tmp_product      | MULT.dsp.DSP48E1     |
    | mul_31s_16ns_47_1_1_U25/tmp_product__0   | MULT.dsp.DSP48E1     |
    | ap_CS_fsm_reg[29]                        | FLOP_LATCH.flop.FDRE |
    | mul_31s_16ns_47_1_1_U25/tmp_product_i_16 | LUT.others.LUT3      |
    | mul_31s_16ns_47_1_1_U25/tmp_product      | MULT.dsp.DSP48E1     |
    | mul_31s_16ns_47_1_1_U25/tmp_product__0   | MULT.dsp.DSP48E1     |
    | ap_CS_fsm_reg[29]                        | FLOP_LATCH.flop.FDRE |
    | mul_31s_16ns_47_1_1_U25/tmp_product_i_16 | LUT.others.LUT3      |
    | mul_31s_16ns_47_1_1_U25/tmp_product      | MULT.dsp.DSP48E1     |
    | mul_31s_16ns_47_1_1_U25/tmp_product__0   | MULT.dsp.DSP48E1     |
    +------------------------------------------+----------------------+

    +------------------------------------------+----------------------+
    | Path3 Cells                              | Primitive Type       |
    +------------------------------------------+----------------------+
    | ap_CS_fsm_reg[29]                        | FLOP_LATCH.flop.FDRE |
    | mul_31s_16ns_47_1_1_U25/tmp_product_i_16 | LUT.others.LUT3      |
    | mul_31s_16ns_47_1_1_U25/tmp_product      | MULT.dsp.DSP48E1     |
    | mul_31s_16ns_47_1_1_U25/tmp_product__0   | MULT.dsp.DSP48E1     |
    | ap_CS_fsm_reg[29]                        | FLOP_LATCH.flop.FDRE |
    | mul_31s_16ns_47_1_1_U25/tmp_product_i_16 | LUT.others.LUT3      |
    | mul_31s_16ns_47_1_1_U25/tmp_product      | MULT.dsp.DSP48E1     |
    | mul_31s_16ns_47_1_1_U25/tmp_product__0   | MULT.dsp.DSP48E1     |
    | ap_CS_fsm_reg[29]                        | FLOP_LATCH.flop.FDRE |
    | mul_31s_16ns_47_1_1_U25/tmp_product_i_16 | LUT.others.LUT3      |
    | mul_31s_16ns_47_1_1_U25/tmp_product      | MULT.dsp.DSP48E1     |
    | mul_31s_16ns_47_1_1_U25/tmp_product__0   | MULT.dsp.DSP48E1     |
    | ap_CS_fsm_reg[29]                        | FLOP_LATCH.flop.FDRE |
    | mul_31s_16ns_47_1_1_U25/tmp_product_i_16 | LUT.others.LUT3      |
    | mul_31s_16ns_47_1_1_U25/tmp_product      | MULT.dsp.DSP48E1     |
    | mul_31s_16ns_47_1_1_U25/tmp_product__0   | MULT.dsp.DSP48E1     |
    | ap_CS_fsm_reg[29]                        | FLOP_LATCH.flop.FDRE |
    | mul_31s_16ns_47_1_1_U25/tmp_product_i_16 | LUT.others.LUT3      |
    | mul_31s_16ns_47_1_1_U25/tmp_product      | MULT.dsp.DSP48E1     |
    | mul_31s_16ns_47_1_1_U25/tmp_product__0   | MULT.dsp.DSP48E1     |
    +------------------------------------------+----------------------+

    +------------------------------------------+----------------------+
    | Path4 Cells                              | Primitive Type       |
    +------------------------------------------+----------------------+
    | ap_CS_fsm_reg[29]                        | FLOP_LATCH.flop.FDRE |
    | mul_31s_16ns_47_1_1_U25/tmp_product_i_16 | LUT.others.LUT3      |
    | mul_31s_16ns_47_1_1_U25/tmp_product      | MULT.dsp.DSP48E1     |
    | mul_31s_16ns_47_1_1_U25/tmp_product__0   | MULT.dsp.DSP48E1     |
    | ap_CS_fsm_reg[29]                        | FLOP_LATCH.flop.FDRE |
    | mul_31s_16ns_47_1_1_U25/tmp_product_i_16 | LUT.others.LUT3      |
    | mul_31s_16ns_47_1_1_U25/tmp_product      | MULT.dsp.DSP48E1     |
    | mul_31s_16ns_47_1_1_U25/tmp_product__0   | MULT.dsp.DSP48E1     |
    | ap_CS_fsm_reg[29]                        | FLOP_LATCH.flop.FDRE |
    | mul_31s_16ns_47_1_1_U25/tmp_product_i_16 | LUT.others.LUT3      |
    | mul_31s_16ns_47_1_1_U25/tmp_product      | MULT.dsp.DSP48E1     |
    | mul_31s_16ns_47_1_1_U25/tmp_product__0   | MULT.dsp.DSP48E1     |
    | ap_CS_fsm_reg[29]                        | FLOP_LATCH.flop.FDRE |
    | mul_31s_16ns_47_1_1_U25/tmp_product_i_16 | LUT.others.LUT3      |
    | mul_31s_16ns_47_1_1_U25/tmp_product      | MULT.dsp.DSP48E1     |
    | mul_31s_16ns_47_1_1_U25/tmp_product__0   | MULT.dsp.DSP48E1     |
    | ap_CS_fsm_reg[29]                        | FLOP_LATCH.flop.FDRE |
    | mul_31s_16ns_47_1_1_U25/tmp_product_i_16 | LUT.others.LUT3      |
    | mul_31s_16ns_47_1_1_U25/tmp_product      | MULT.dsp.DSP48E1     |
    | mul_31s_16ns_47_1_1_U25/tmp_product__0   | MULT.dsp.DSP48E1     |
    +------------------------------------------+----------------------+

    +------------------------------------------+----------------------+
    | Path5 Cells                              | Primitive Type       |
    +------------------------------------------+----------------------+
    | ap_CS_fsm_reg[29]                        | FLOP_LATCH.flop.FDRE |
    | mul_31s_16ns_47_1_1_U25/tmp_product_i_16 | LUT.others.LUT3      |
    | mul_31s_16ns_47_1_1_U25/tmp_product      | MULT.dsp.DSP48E1     |
    | mul_31s_16ns_47_1_1_U25/tmp_product__0   | MULT.dsp.DSP48E1     |
    | ap_CS_fsm_reg[29]                        | FLOP_LATCH.flop.FDRE |
    | mul_31s_16ns_47_1_1_U25/tmp_product_i_16 | LUT.others.LUT3      |
    | mul_31s_16ns_47_1_1_U25/tmp_product      | MULT.dsp.DSP48E1     |
    | mul_31s_16ns_47_1_1_U25/tmp_product__0   | MULT.dsp.DSP48E1     |
    | ap_CS_fsm_reg[29]                        | FLOP_LATCH.flop.FDRE |
    | mul_31s_16ns_47_1_1_U25/tmp_product_i_16 | LUT.others.LUT3      |
    | mul_31s_16ns_47_1_1_U25/tmp_product      | MULT.dsp.DSP48E1     |
    | mul_31s_16ns_47_1_1_U25/tmp_product__0   | MULT.dsp.DSP48E1     |
    | ap_CS_fsm_reg[29]                        | FLOP_LATCH.flop.FDRE |
    | mul_31s_16ns_47_1_1_U25/tmp_product_i_16 | LUT.others.LUT3      |
    | mul_31s_16ns_47_1_1_U25/tmp_product      | MULT.dsp.DSP48E1     |
    | mul_31s_16ns_47_1_1_U25/tmp_product__0   | MULT.dsp.DSP48E1     |
    | ap_CS_fsm_reg[29]                        | FLOP_LATCH.flop.FDRE |
    | mul_31s_16ns_47_1_1_U25/tmp_product_i_16 | LUT.others.LUT3      |
    | mul_31s_16ns_47_1_1_U25/tmp_product      | MULT.dsp.DSP48E1     |
    | mul_31s_16ns_47_1_1_U25/tmp_product__0   | MULT.dsp.DSP48E1     |
    +------------------------------------------+----------------------+


================================================================
== Place & Route Vivado Reports
================================================================
+--------------------------+-----------------------------------------------------------------------+
| Report Type              | Report Location                                                       |
+--------------------------+-----------------------------------------------------------------------+
| design_analysis          | impl/verilog/report/softmax_accel_design_analysis_routed.rpt          |
| failfast                 | impl/verilog/report/softmax_accel_failfast_routed.rpt                 |
| power                    | impl/verilog/report/softmax_accel_power_routed.rpt                    |
| status                   | impl/verilog/report/softmax_accel_status_routed.rpt                   |
| timing                   | impl/verilog/report/softmax_accel_timing_routed.rpt                   |
| timing_paths             | impl/verilog/report/softmax_accel_timing_paths_routed.rpt             |
| utilization              | impl/verilog/report/softmax_accel_utilization_routed.rpt              |
| utilization_hierarchical | impl/verilog/report/softmax_accel_utilization_hierarchical_routed.rpt |
+--------------------------+-----------------------------------------------------------------------+


