

================================================================
== Vitis HLS Report for 'emit_prob_stream_Pipeline_prob_emit_loop'
================================================================
* Date:           Sat Mar 14 16:27:06 2026

* Version:        2025.1 (Build 6135595 on May 21 2025)
* Project:        Prometheus_SoC
* Solution:       hls (Vivado IP Flow Target)
* Product family: zynq
* Target device:  xc7z020-clg400-1


================================================================
== Performance Estimates
================================================================
+ Timing: 
    * Summary: 
    +--------+----------+----------+------------+
    |  Clock |  Target  | Estimated| Uncertainty|
    +--------+----------+----------+------------+
    |ap_clk  |  11.80 ns|  8.510 ns|     3.19 ns|
    +--------+----------+----------+------------+

+ Latency: 
    * Summary: 
    +---------+---------+-----------+----------+-----+-----+------------------------------------------------+
    |  Latency (cycles) |  Latency (absolute)  |  Interval |                    Pipeline                    |
    |   min   |   max   |    min    |    max   | min | max |                      Type                      |
    +---------+---------+-----------+----------+-----+-----+------------------------------------------------+
    |        4|       67|  47.200 ns|  0.791 us|    2|   65|  loop auto-rewind stp (delay=0 clock cycles(s))|
    +---------+---------+-----------+----------+-----+-----+------------------------------------------------+

    + Detail: 
        * Instance: 
        N/A

        * Loop: 
        +------------------+---------+---------+----------+-----------+-----------+--------+----------+
        |                  |  Latency (cycles) | Iteration|  Initiation Interval  |  Trip  |          |
        |     Loop Name    |   min   |   max   |  Latency |  achieved |   target  |  Count | Pipelined|
        +------------------+---------+---------+----------+-----------+-----------+--------+----------+
        |- prob_emit_loop  |        2|       65|         3|          1|          1|  1 ~ 64|       yes|
        +------------------+---------+---------+----------+-----------+-----------+--------+----------+

============================================================
+ Verbose Summary: Synthesis Manager
============================================================
InlineROM: 1
ExposeGlobal: 0
============================================================
+ Verbose Summary: CDFG Model
============================================================
IsTopModel: 0
ResetActiveHigh: 1
IsCombinational: 0
IsDatapathOnly: 0
HasWiredReturn: 1
HasMFsm: 2
HasVarLatency: 1
IsPipeline: 0
IsRtlPipelined: 0
IsInstanceOverlapped: 0
IsDontTouch: 0
HasImplIP: 0
IsGatedGlobalClock: 0

+ Individual pipeline summary: 
  * Pipeline-0: initiation interval (II) = 1, depth = 3


============================================================
+ Verbose Summary: Schedule
============================================================
* Number of FSM states : 3
* Pipeline : 1
  Pipeline-0 : II = 1, D = 3, States = { 1 2 3 }
* Dataflow Pipeline: 0

* FSM state transitions: 
1 --> 2 
2 --> 3 
3 --> 

* FSM state operations: 

State 1 <SV = 0> <Delay = 5.04>
ST_1 : Operation 6 [1/1] (0.00ns)   --->   "%blk = alloca i32 1" [softmax_accel_hls.cc:319]   --->   Operation 6 'alloca' 'blk' <Predicate = true> <Delay = 0.00>
ST_1 : Operation 7 [1/1] (0.00ns)   --->   "%specstablecontent_ln0 = specstablecontent void @_ssdm_op_SpecStableContent, i31 %zext_ln319, i1 1, void @p_str"   --->   Operation 7 'specstablecontent' 'specstablecontent_ln0' <Predicate = true> <Delay = 0.00>
ST_1 : Operation 8 [1/1] (0.00ns)   --->   "%exp_buf_3_63_load_read = read i32 @_ssdm_op_Read.ap_auto.i32, i32 %exp_buf_3_63_load"   --->   Operation 8 'read' 'exp_buf_3_63_load_read' <Predicate = true> <Delay = 0.00>
ST_1 : Operation 9 [1/1] (0.00ns)   --->   "%exp_buf_3_62_load_read = read i32 @_ssdm_op_Read.ap_auto.i32, i32 %exp_buf_3_62_load"   --->   Operation 9 'read' 'exp_buf_3_62_load_read' <Predicate = true> <Delay = 0.00>
ST_1 : Operation 10 [1/1] (0.00ns)   --->   "%exp_buf_3_61_load_read = read i32 @_ssdm_op_Read.ap_auto.i32, i32 %exp_buf_3_61_load"   --->   Operation 10 'read' 'exp_buf_3_61_load_read' <Predicate = true> <Delay = 0.00>
ST_1 : Operation 11 [1/1] (0.00ns)   --->   "%exp_buf_3_60_load_read = read i32 @_ssdm_op_Read.ap_auto.i32, i32 %exp_buf_3_60_load"   --->   Operation 11 'read' 'exp_buf_3_60_load_read' <Predicate = true> <Delay = 0.00>
ST_1 : Operation 12 [1/1] (0.00ns)   --->   "%exp_buf_3_59_load_read = read i32 @_ssdm_op_Read.ap_auto.i32, i32 %exp_buf_3_59_load"   --->   Operation 12 'read' 'exp_buf_3_59_load_read' <Predicate = true> <Delay = 0.00>
ST_1 : Operation 13 [1/1] (0.00ns)   --->   "%exp_buf_3_58_load_read = read i32 @_ssdm_op_Read.ap_auto.i32, i32 %exp_buf_3_58_load"   --->   Operation 13 'read' 'exp_buf_3_58_load_read' <Predicate = true> <Delay = 0.00>
ST_1 : Operation 14 [1/1] (0.00ns)   --->   "%exp_buf_3_57_load_read = read i32 @_ssdm_op_Read.ap_auto.i32, i32 %exp_buf_3_57_load"   --->   Operation 14 'read' 'exp_buf_3_57_load_read' <Predicate = true> <Delay = 0.00>
ST_1 : Operation 15 [1/1] (0.00ns)   --->   "%exp_buf_3_56_load_read = read i32 @_ssdm_op_Read.ap_auto.i32, i32 %exp_buf_3_56_load"   --->   Operation 15 'read' 'exp_buf_3_56_load_read' <Predicate = true> <Delay = 0.00>
ST_1 : Operation 16 [1/1] (0.00ns)   --->   "%exp_buf_3_55_load_read = read i32 @_ssdm_op_Read.ap_auto.i32, i32 %exp_buf_3_55_load"   --->   Operation 16 'read' 'exp_buf_3_55_load_read' <Predicate = true> <Delay = 0.00>
ST_1 : Operation 17 [1/1] (0.00ns)   --->   "%exp_buf_3_54_load_read = read i32 @_ssdm_op_Read.ap_auto.i32, i32 %exp_buf_3_54_load"   --->   Operation 17 'read' 'exp_buf_3_54_load_read' <Predicate = true> <Delay = 0.00>
ST_1 : Operation 18 [1/1] (0.00ns)   --->   "%exp_buf_3_53_load_read = read i32 @_ssdm_op_Read.ap_auto.i32, i32 %exp_buf_3_53_load"   --->   Operation 18 'read' 'exp_buf_3_53_load_read' <Predicate = true> <Delay = 0.00>
ST_1 : Operation 19 [1/1] (0.00ns)   --->   "%exp_buf_3_52_load_read = read i32 @_ssdm_op_Read.ap_auto.i32, i32 %exp_buf_3_52_load"   --->   Operation 19 'read' 'exp_buf_3_52_load_read' <Predicate = true> <Delay = 0.00>
ST_1 : Operation 20 [1/1] (0.00ns)   --->   "%exp_buf_3_51_load_read = read i32 @_ssdm_op_Read.ap_auto.i32, i32 %exp_buf_3_51_load"   --->   Operation 20 'read' 'exp_buf_3_51_load_read' <Predicate = true> <Delay = 0.00>
ST_1 : Operation 21 [1/1] (0.00ns)   --->   "%exp_buf_3_50_load_read = read i32 @_ssdm_op_Read.ap_auto.i32, i32 %exp_buf_3_50_load"   --->   Operation 21 'read' 'exp_buf_3_50_load_read' <Predicate = true> <Delay = 0.00>
ST_1 : Operation 22 [1/1] (0.00ns)   --->   "%exp_buf_3_49_load_read = read i32 @_ssdm_op_Read.ap_auto.i32, i32 %exp_buf_3_49_load"   --->   Operation 22 'read' 'exp_buf_3_49_load_read' <Predicate = true> <Delay = 0.00>
ST_1 : Operation 23 [1/1] (0.00ns)   --->   "%exp_buf_3_48_load_read = read i32 @_ssdm_op_Read.ap_auto.i32, i32 %exp_buf_3_48_load"   --->   Operation 23 'read' 'exp_buf_3_48_load_read' <Predicate = true> <Delay = 0.00>
ST_1 : Operation 24 [1/1] (0.00ns)   --->   "%exp_buf_3_47_load_read = read i32 @_ssdm_op_Read.ap_auto.i32, i32 %exp_buf_3_47_load"   --->   Operation 24 'read' 'exp_buf_3_47_load_read' <Predicate = true> <Delay = 0.00>
ST_1 : Operation 25 [1/1] (0.00ns)   --->   "%exp_buf_3_46_load_read = read i32 @_ssdm_op_Read.ap_auto.i32, i32 %exp_buf_3_46_load"   --->   Operation 25 'read' 'exp_buf_3_46_load_read' <Predicate = true> <Delay = 0.00>
ST_1 : Operation 26 [1/1] (0.00ns)   --->   "%exp_buf_3_45_load_read = read i32 @_ssdm_op_Read.ap_auto.i32, i32 %exp_buf_3_45_load"   --->   Operation 26 'read' 'exp_buf_3_45_load_read' <Predicate = true> <Delay = 0.00>
ST_1 : Operation 27 [1/1] (0.00ns)   --->   "%exp_buf_3_44_load_read = read i32 @_ssdm_op_Read.ap_auto.i32, i32 %exp_buf_3_44_load"   --->   Operation 27 'read' 'exp_buf_3_44_load_read' <Predicate = true> <Delay = 0.00>
ST_1 : Operation 28 [1/1] (0.00ns)   --->   "%exp_buf_3_43_load_read = read i32 @_ssdm_op_Read.ap_auto.i32, i32 %exp_buf_3_43_load"   --->   Operation 28 'read' 'exp_buf_3_43_load_read' <Predicate = true> <Delay = 0.00>
ST_1 : Operation 29 [1/1] (0.00ns)   --->   "%exp_buf_3_42_load_read = read i32 @_ssdm_op_Read.ap_auto.i32, i32 %exp_buf_3_42_load"   --->   Operation 29 'read' 'exp_buf_3_42_load_read' <Predicate = true> <Delay = 0.00>
ST_1 : Operation 30 [1/1] (0.00ns)   --->   "%exp_buf_3_41_load_read = read i32 @_ssdm_op_Read.ap_auto.i32, i32 %exp_buf_3_41_load"   --->   Operation 30 'read' 'exp_buf_3_41_load_read' <Predicate = true> <Delay = 0.00>
ST_1 : Operation 31 [1/1] (0.00ns)   --->   "%exp_buf_3_40_load_read = read i32 @_ssdm_op_Read.ap_auto.i32, i32 %exp_buf_3_40_load"   --->   Operation 31 'read' 'exp_buf_3_40_load_read' <Predicate = true> <Delay = 0.00>
ST_1 : Operation 32 [1/1] (0.00ns)   --->   "%exp_buf_3_39_load_read = read i32 @_ssdm_op_Read.ap_auto.i32, i32 %exp_buf_3_39_load"   --->   Operation 32 'read' 'exp_buf_3_39_load_read' <Predicate = true> <Delay = 0.00>
ST_1 : Operation 33 [1/1] (0.00ns)   --->   "%exp_buf_3_38_load_read = read i32 @_ssdm_op_Read.ap_auto.i32, i32 %exp_buf_3_38_load"   --->   Operation 33 'read' 'exp_buf_3_38_load_read' <Predicate = true> <Delay = 0.00>
ST_1 : Operation 34 [1/1] (0.00ns)   --->   "%exp_buf_3_37_load_read = read i32 @_ssdm_op_Read.ap_auto.i32, i32 %exp_buf_3_37_load"   --->   Operation 34 'read' 'exp_buf_3_37_load_read' <Predicate = true> <Delay = 0.00>
ST_1 : Operation 35 [1/1] (0.00ns)   --->   "%exp_buf_3_36_load_read = read i32 @_ssdm_op_Read.ap_auto.i32, i32 %exp_buf_3_36_load"   --->   Operation 35 'read' 'exp_buf_3_36_load_read' <Predicate = true> <Delay = 0.00>
ST_1 : Operation 36 [1/1] (0.00ns)   --->   "%exp_buf_3_35_load_read = read i32 @_ssdm_op_Read.ap_auto.i32, i32 %exp_buf_3_35_load"   --->   Operation 36 'read' 'exp_buf_3_35_load_read' <Predicate = true> <Delay = 0.00>
ST_1 : Operation 37 [1/1] (0.00ns)   --->   "%exp_buf_3_34_load_read = read i32 @_ssdm_op_Read.ap_auto.i32, i32 %exp_buf_3_34_load"   --->   Operation 37 'read' 'exp_buf_3_34_load_read' <Predicate = true> <Delay = 0.00>
ST_1 : Operation 38 [1/1] (0.00ns)   --->   "%exp_buf_3_33_load_read = read i32 @_ssdm_op_Read.ap_auto.i32, i32 %exp_buf_3_33_load"   --->   Operation 38 'read' 'exp_buf_3_33_load_read' <Predicate = true> <Delay = 0.00>
ST_1 : Operation 39 [1/1] (0.00ns)   --->   "%exp_buf_3_32_load_read = read i32 @_ssdm_op_Read.ap_auto.i32, i32 %exp_buf_3_32_load"   --->   Operation 39 'read' 'exp_buf_3_32_load_read' <Predicate = true> <Delay = 0.00>
ST_1 : Operation 40 [1/1] (0.00ns)   --->   "%exp_buf_3_31_load_read = read i32 @_ssdm_op_Read.ap_auto.i32, i32 %exp_buf_3_31_load"   --->   Operation 40 'read' 'exp_buf_3_31_load_read' <Predicate = true> <Delay = 0.00>
ST_1 : Operation 41 [1/1] (0.00ns)   --->   "%exp_buf_3_30_load_read = read i32 @_ssdm_op_Read.ap_auto.i32, i32 %exp_buf_3_30_load"   --->   Operation 41 'read' 'exp_buf_3_30_load_read' <Predicate = true> <Delay = 0.00>
ST_1 : Operation 42 [1/1] (0.00ns)   --->   "%exp_buf_3_29_load_read = read i32 @_ssdm_op_Read.ap_auto.i32, i32 %exp_buf_3_29_load"   --->   Operation 42 'read' 'exp_buf_3_29_load_read' <Predicate = true> <Delay = 0.00>
ST_1 : Operation 43 [1/1] (0.00ns)   --->   "%exp_buf_3_28_load_read = read i32 @_ssdm_op_Read.ap_auto.i32, i32 %exp_buf_3_28_load"   --->   Operation 43 'read' 'exp_buf_3_28_load_read' <Predicate = true> <Delay = 0.00>
ST_1 : Operation 44 [1/1] (0.00ns)   --->   "%exp_buf_3_27_load_read = read i32 @_ssdm_op_Read.ap_auto.i32, i32 %exp_buf_3_27_load"   --->   Operation 44 'read' 'exp_buf_3_27_load_read' <Predicate = true> <Delay = 0.00>
ST_1 : Operation 45 [1/1] (0.00ns)   --->   "%exp_buf_3_26_load_read = read i32 @_ssdm_op_Read.ap_auto.i32, i32 %exp_buf_3_26_load"   --->   Operation 45 'read' 'exp_buf_3_26_load_read' <Predicate = true> <Delay = 0.00>
ST_1 : Operation 46 [1/1] (0.00ns)   --->   "%exp_buf_3_25_load_read = read i32 @_ssdm_op_Read.ap_auto.i32, i32 %exp_buf_3_25_load"   --->   Operation 46 'read' 'exp_buf_3_25_load_read' <Predicate = true> <Delay = 0.00>
ST_1 : Operation 47 [1/1] (0.00ns)   --->   "%exp_buf_3_24_load_read = read i32 @_ssdm_op_Read.ap_auto.i32, i32 %exp_buf_3_24_load"   --->   Operation 47 'read' 'exp_buf_3_24_load_read' <Predicate = true> <Delay = 0.00>
ST_1 : Operation 48 [1/1] (0.00ns)   --->   "%exp_buf_3_23_load_read = read i32 @_ssdm_op_Read.ap_auto.i32, i32 %exp_buf_3_23_load"   --->   Operation 48 'read' 'exp_buf_3_23_load_read' <Predicate = true> <Delay = 0.00>
ST_1 : Operation 49 [1/1] (0.00ns)   --->   "%exp_buf_3_22_load_read = read i32 @_ssdm_op_Read.ap_auto.i32, i32 %exp_buf_3_22_load"   --->   Operation 49 'read' 'exp_buf_3_22_load_read' <Predicate = true> <Delay = 0.00>
ST_1 : Operation 50 [1/1] (0.00ns)   --->   "%exp_buf_3_21_load_read = read i32 @_ssdm_op_Read.ap_auto.i32, i32 %exp_buf_3_21_load"   --->   Operation 50 'read' 'exp_buf_3_21_load_read' <Predicate = true> <Delay = 0.00>
ST_1 : Operation 51 [1/1] (0.00ns)   --->   "%exp_buf_3_20_load_read = read i32 @_ssdm_op_Read.ap_auto.i32, i32 %exp_buf_3_20_load"   --->   Operation 51 'read' 'exp_buf_3_20_load_read' <Predicate = true> <Delay = 0.00>
ST_1 : Operation 52 [1/1] (0.00ns)   --->   "%exp_buf_3_19_load_read = read i32 @_ssdm_op_Read.ap_auto.i32, i32 %exp_buf_3_19_load"   --->   Operation 52 'read' 'exp_buf_3_19_load_read' <Predicate = true> <Delay = 0.00>
ST_1 : Operation 53 [1/1] (0.00ns)   --->   "%exp_buf_3_18_load_read = read i32 @_ssdm_op_Read.ap_auto.i32, i32 %exp_buf_3_18_load"   --->   Operation 53 'read' 'exp_buf_3_18_load_read' <Predicate = true> <Delay = 0.00>
ST_1 : Operation 54 [1/1] (0.00ns)   --->   "%exp_buf_3_17_load_read = read i32 @_ssdm_op_Read.ap_auto.i32, i32 %exp_buf_3_17_load"   --->   Operation 54 'read' 'exp_buf_3_17_load_read' <Predicate = true> <Delay = 0.00>
ST_1 : Operation 55 [1/1] (0.00ns)   --->   "%exp_buf_3_16_load_read = read i32 @_ssdm_op_Read.ap_auto.i32, i32 %exp_buf_3_16_load"   --->   Operation 55 'read' 'exp_buf_3_16_load_read' <Predicate = true> <Delay = 0.00>
ST_1 : Operation 56 [1/1] (0.00ns)   --->   "%exp_buf_3_15_load_read = read i32 @_ssdm_op_Read.ap_auto.i32, i32 %exp_buf_3_15_load"   --->   Operation 56 'read' 'exp_buf_3_15_load_read' <Predicate = true> <Delay = 0.00>
ST_1 : Operation 57 [1/1] (0.00ns)   --->   "%exp_buf_3_14_load_read = read i32 @_ssdm_op_Read.ap_auto.i32, i32 %exp_buf_3_14_load"   --->   Operation 57 'read' 'exp_buf_3_14_load_read' <Predicate = true> <Delay = 0.00>
ST_1 : Operation 58 [1/1] (0.00ns)   --->   "%exp_buf_3_13_load_read = read i32 @_ssdm_op_Read.ap_auto.i32, i32 %exp_buf_3_13_load"   --->   Operation 58 'read' 'exp_buf_3_13_load_read' <Predicate = true> <Delay = 0.00>
ST_1 : Operation 59 [1/1] (0.00ns)   --->   "%exp_buf_3_12_load_read = read i32 @_ssdm_op_Read.ap_auto.i32, i32 %exp_buf_3_12_load"   --->   Operation 59 'read' 'exp_buf_3_12_load_read' <Predicate = true> <Delay = 0.00>
ST_1 : Operation 60 [1/1] (0.00ns)   --->   "%exp_buf_3_11_load_read = read i32 @_ssdm_op_Read.ap_auto.i32, i32 %exp_buf_3_11_load"   --->   Operation 60 'read' 'exp_buf_3_11_load_read' <Predicate = true> <Delay = 0.00>
ST_1 : Operation 61 [1/1] (0.00ns)   --->   "%exp_buf_3_10_load_read = read i32 @_ssdm_op_Read.ap_auto.i32, i32 %exp_buf_3_10_load"   --->   Operation 61 'read' 'exp_buf_3_10_load_read' <Predicate = true> <Delay = 0.00>
ST_1 : Operation 62 [1/1] (0.00ns)   --->   "%exp_buf_3_9_load_read = read i32 @_ssdm_op_Read.ap_auto.i32, i32 %exp_buf_3_9_load"   --->   Operation 62 'read' 'exp_buf_3_9_load_read' <Predicate = true> <Delay = 0.00>
ST_1 : Operation 63 [1/1] (0.00ns)   --->   "%exp_buf_3_8_load_read = read i32 @_ssdm_op_Read.ap_auto.i32, i32 %exp_buf_3_8_load"   --->   Operation 63 'read' 'exp_buf_3_8_load_read' <Predicate = true> <Delay = 0.00>
ST_1 : Operation 64 [1/1] (0.00ns)   --->   "%exp_buf_3_7_load_read = read i32 @_ssdm_op_Read.ap_auto.i32, i32 %exp_buf_3_7_load"   --->   Operation 64 'read' 'exp_buf_3_7_load_read' <Predicate = true> <Delay = 0.00>
ST_1 : Operation 65 [1/1] (0.00ns)   --->   "%exp_buf_3_6_load_read = read i32 @_ssdm_op_Read.ap_auto.i32, i32 %exp_buf_3_6_load"   --->   Operation 65 'read' 'exp_buf_3_6_load_read' <Predicate = true> <Delay = 0.00>
ST_1 : Operation 66 [1/1] (0.00ns)   --->   "%exp_buf_3_5_load_read = read i32 @_ssdm_op_Read.ap_auto.i32, i32 %exp_buf_3_5_load"   --->   Operation 66 'read' 'exp_buf_3_5_load_read' <Predicate = true> <Delay = 0.00>
ST_1 : Operation 67 [1/1] (0.00ns)   --->   "%exp_buf_3_4_load_read = read i32 @_ssdm_op_Read.ap_auto.i32, i32 %exp_buf_3_4_load"   --->   Operation 67 'read' 'exp_buf_3_4_load_read' <Predicate = true> <Delay = 0.00>
ST_1 : Operation 68 [1/1] (0.00ns)   --->   "%exp_buf_3_3_load_read = read i32 @_ssdm_op_Read.ap_auto.i32, i32 %exp_buf_3_3_load"   --->   Operation 68 'read' 'exp_buf_3_3_load_read' <Predicate = true> <Delay = 0.00>
ST_1 : Operation 69 [1/1] (0.00ns)   --->   "%exp_buf_3_2_load_read = read i32 @_ssdm_op_Read.ap_auto.i32, i32 %exp_buf_3_2_load"   --->   Operation 69 'read' 'exp_buf_3_2_load_read' <Predicate = true> <Delay = 0.00>
ST_1 : Operation 70 [1/1] (0.00ns)   --->   "%exp_buf_3_1_load_read = read i32 @_ssdm_op_Read.ap_auto.i32, i32 %exp_buf_3_1_load"   --->   Operation 70 'read' 'exp_buf_3_1_load_read' <Predicate = true> <Delay = 0.00>
ST_1 : Operation 71 [1/1] (0.00ns)   --->   "%exp_buf_3_0_load_read = read i32 @_ssdm_op_Read.ap_auto.i32, i32 %exp_buf_3_0_load"   --->   Operation 71 'read' 'exp_buf_3_0_load_read' <Predicate = true> <Delay = 0.00>
ST_1 : Operation 72 [1/1] (0.00ns)   --->   "%exp_buf_2_63_load_read = read i32 @_ssdm_op_Read.ap_auto.i32, i32 %exp_buf_2_63_load"   --->   Operation 72 'read' 'exp_buf_2_63_load_read' <Predicate = true> <Delay = 0.00>
ST_1 : Operation 73 [1/1] (0.00ns)   --->   "%exp_buf_2_62_load_read = read i32 @_ssdm_op_Read.ap_auto.i32, i32 %exp_buf_2_62_load"   --->   Operation 73 'read' 'exp_buf_2_62_load_read' <Predicate = true> <Delay = 0.00>
ST_1 : Operation 74 [1/1] (0.00ns)   --->   "%exp_buf_2_61_load_read = read i32 @_ssdm_op_Read.ap_auto.i32, i32 %exp_buf_2_61_load"   --->   Operation 74 'read' 'exp_buf_2_61_load_read' <Predicate = true> <Delay = 0.00>
ST_1 : Operation 75 [1/1] (0.00ns)   --->   "%exp_buf_2_60_load_read = read i32 @_ssdm_op_Read.ap_auto.i32, i32 %exp_buf_2_60_load"   --->   Operation 75 'read' 'exp_buf_2_60_load_read' <Predicate = true> <Delay = 0.00>
ST_1 : Operation 76 [1/1] (0.00ns)   --->   "%exp_buf_2_59_load_read = read i32 @_ssdm_op_Read.ap_auto.i32, i32 %exp_buf_2_59_load"   --->   Operation 76 'read' 'exp_buf_2_59_load_read' <Predicate = true> <Delay = 0.00>
ST_1 : Operation 77 [1/1] (0.00ns)   --->   "%exp_buf_2_58_load_read = read i32 @_ssdm_op_Read.ap_auto.i32, i32 %exp_buf_2_58_load"   --->   Operation 77 'read' 'exp_buf_2_58_load_read' <Predicate = true> <Delay = 0.00>
ST_1 : Operation 78 [1/1] (0.00ns)   --->   "%exp_buf_2_57_load_read = read i32 @_ssdm_op_Read.ap_auto.i32, i32 %exp_buf_2_57_load"   --->   Operation 78 'read' 'exp_buf_2_57_load_read' <Predicate = true> <Delay = 0.00>
ST_1 : Operation 79 [1/1] (0.00ns)   --->   "%exp_buf_2_56_load_read = read i32 @_ssdm_op_Read.ap_auto.i32, i32 %exp_buf_2_56_load"   --->   Operation 79 'read' 'exp_buf_2_56_load_read' <Predicate = true> <Delay = 0.00>
ST_1 : Operation 80 [1/1] (0.00ns)   --->   "%exp_buf_2_55_load_read = read i32 @_ssdm_op_Read.ap_auto.i32, i32 %exp_buf_2_55_load"   --->   Operation 80 'read' 'exp_buf_2_55_load_read' <Predicate = true> <Delay = 0.00>
ST_1 : Operation 81 [1/1] (0.00ns)   --->   "%exp_buf_2_54_load_read = read i32 @_ssdm_op_Read.ap_auto.i32, i32 %exp_buf_2_54_load"   --->   Operation 81 'read' 'exp_buf_2_54_load_read' <Predicate = true> <Delay = 0.00>
ST_1 : Operation 82 [1/1] (0.00ns)   --->   "%exp_buf_2_53_load_read = read i32 @_ssdm_op_Read.ap_auto.i32, i32 %exp_buf_2_53_load"   --->   Operation 82 'read' 'exp_buf_2_53_load_read' <Predicate = true> <Delay = 0.00>
ST_1 : Operation 83 [1/1] (0.00ns)   --->   "%exp_buf_2_52_load_read = read i32 @_ssdm_op_Read.ap_auto.i32, i32 %exp_buf_2_52_load"   --->   Operation 83 'read' 'exp_buf_2_52_load_read' <Predicate = true> <Delay = 0.00>
ST_1 : Operation 84 [1/1] (0.00ns)   --->   "%exp_buf_2_51_load_read = read i32 @_ssdm_op_Read.ap_auto.i32, i32 %exp_buf_2_51_load"   --->   Operation 84 'read' 'exp_buf_2_51_load_read' <Predicate = true> <Delay = 0.00>
ST_1 : Operation 85 [1/1] (0.00ns)   --->   "%exp_buf_2_50_load_read = read i32 @_ssdm_op_Read.ap_auto.i32, i32 %exp_buf_2_50_load"   --->   Operation 85 'read' 'exp_buf_2_50_load_read' <Predicate = true> <Delay = 0.00>
ST_1 : Operation 86 [1/1] (0.00ns)   --->   "%exp_buf_2_49_load_read = read i32 @_ssdm_op_Read.ap_auto.i32, i32 %exp_buf_2_49_load"   --->   Operation 86 'read' 'exp_buf_2_49_load_read' <Predicate = true> <Delay = 0.00>
ST_1 : Operation 87 [1/1] (0.00ns)   --->   "%exp_buf_2_48_load_read = read i32 @_ssdm_op_Read.ap_auto.i32, i32 %exp_buf_2_48_load"   --->   Operation 87 'read' 'exp_buf_2_48_load_read' <Predicate = true> <Delay = 0.00>
ST_1 : Operation 88 [1/1] (0.00ns)   --->   "%exp_buf_2_47_load_read = read i32 @_ssdm_op_Read.ap_auto.i32, i32 %exp_buf_2_47_load"   --->   Operation 88 'read' 'exp_buf_2_47_load_read' <Predicate = true> <Delay = 0.00>
ST_1 : Operation 89 [1/1] (0.00ns)   --->   "%exp_buf_2_46_load_read = read i32 @_ssdm_op_Read.ap_auto.i32, i32 %exp_buf_2_46_load"   --->   Operation 89 'read' 'exp_buf_2_46_load_read' <Predicate = true> <Delay = 0.00>
ST_1 : Operation 90 [1/1] (0.00ns)   --->   "%exp_buf_2_45_load_read = read i32 @_ssdm_op_Read.ap_auto.i32, i32 %exp_buf_2_45_load"   --->   Operation 90 'read' 'exp_buf_2_45_load_read' <Predicate = true> <Delay = 0.00>
ST_1 : Operation 91 [1/1] (0.00ns)   --->   "%exp_buf_2_44_load_read = read i32 @_ssdm_op_Read.ap_auto.i32, i32 %exp_buf_2_44_load"   --->   Operation 91 'read' 'exp_buf_2_44_load_read' <Predicate = true> <Delay = 0.00>
ST_1 : Operation 92 [1/1] (0.00ns)   --->   "%exp_buf_2_43_load_read = read i32 @_ssdm_op_Read.ap_auto.i32, i32 %exp_buf_2_43_load"   --->   Operation 92 'read' 'exp_buf_2_43_load_read' <Predicate = true> <Delay = 0.00>
ST_1 : Operation 93 [1/1] (0.00ns)   --->   "%exp_buf_2_42_load_read = read i32 @_ssdm_op_Read.ap_auto.i32, i32 %exp_buf_2_42_load"   --->   Operation 93 'read' 'exp_buf_2_42_load_read' <Predicate = true> <Delay = 0.00>
ST_1 : Operation 94 [1/1] (0.00ns)   --->   "%exp_buf_2_41_load_read = read i32 @_ssdm_op_Read.ap_auto.i32, i32 %exp_buf_2_41_load"   --->   Operation 94 'read' 'exp_buf_2_41_load_read' <Predicate = true> <Delay = 0.00>
ST_1 : Operation 95 [1/1] (0.00ns)   --->   "%exp_buf_2_40_load_read = read i32 @_ssdm_op_Read.ap_auto.i32, i32 %exp_buf_2_40_load"   --->   Operation 95 'read' 'exp_buf_2_40_load_read' <Predicate = true> <Delay = 0.00>
ST_1 : Operation 96 [1/1] (0.00ns)   --->   "%exp_buf_2_39_load_read = read i32 @_ssdm_op_Read.ap_auto.i32, i32 %exp_buf_2_39_load"   --->   Operation 96 'read' 'exp_buf_2_39_load_read' <Predicate = true> <Delay = 0.00>
ST_1 : Operation 97 [1/1] (0.00ns)   --->   "%exp_buf_2_38_load_read = read i32 @_ssdm_op_Read.ap_auto.i32, i32 %exp_buf_2_38_load"   --->   Operation 97 'read' 'exp_buf_2_38_load_read' <Predicate = true> <Delay = 0.00>
ST_1 : Operation 98 [1/1] (0.00ns)   --->   "%exp_buf_2_37_load_read = read i32 @_ssdm_op_Read.ap_auto.i32, i32 %exp_buf_2_37_load"   --->   Operation 98 'read' 'exp_buf_2_37_load_read' <Predicate = true> <Delay = 0.00>
ST_1 : Operation 99 [1/1] (0.00ns)   --->   "%exp_buf_2_36_load_read = read i32 @_ssdm_op_Read.ap_auto.i32, i32 %exp_buf_2_36_load"   --->   Operation 99 'read' 'exp_buf_2_36_load_read' <Predicate = true> <Delay = 0.00>
ST_1 : Operation 100 [1/1] (0.00ns)   --->   "%exp_buf_2_35_load_read = read i32 @_ssdm_op_Read.ap_auto.i32, i32 %exp_buf_2_35_load"   --->   Operation 100 'read' 'exp_buf_2_35_load_read' <Predicate = true> <Delay = 0.00>
ST_1 : Operation 101 [1/1] (0.00ns)   --->   "%exp_buf_2_34_load_read = read i32 @_ssdm_op_Read.ap_auto.i32, i32 %exp_buf_2_34_load"   --->   Operation 101 'read' 'exp_buf_2_34_load_read' <Predicate = true> <Delay = 0.00>
ST_1 : Operation 102 [1/1] (0.00ns)   --->   "%exp_buf_2_33_load_read = read i32 @_ssdm_op_Read.ap_auto.i32, i32 %exp_buf_2_33_load"   --->   Operation 102 'read' 'exp_buf_2_33_load_read' <Predicate = true> <Delay = 0.00>
ST_1 : Operation 103 [1/1] (0.00ns)   --->   "%exp_buf_2_32_load_read = read i32 @_ssdm_op_Read.ap_auto.i32, i32 %exp_buf_2_32_load"   --->   Operation 103 'read' 'exp_buf_2_32_load_read' <Predicate = true> <Delay = 0.00>
ST_1 : Operation 104 [1/1] (0.00ns)   --->   "%exp_buf_2_31_load_read = read i32 @_ssdm_op_Read.ap_auto.i32, i32 %exp_buf_2_31_load"   --->   Operation 104 'read' 'exp_buf_2_31_load_read' <Predicate = true> <Delay = 0.00>
ST_1 : Operation 105 [1/1] (0.00ns)   --->   "%exp_buf_2_30_load_read = read i32 @_ssdm_op_Read.ap_auto.i32, i32 %exp_buf_2_30_load"   --->   Operation 105 'read' 'exp_buf_2_30_load_read' <Predicate = true> <Delay = 0.00>
ST_1 : Operation 106 [1/1] (0.00ns)   --->   "%exp_buf_2_29_load_read = read i32 @_ssdm_op_Read.ap_auto.i32, i32 %exp_buf_2_29_load"   --->   Operation 106 'read' 'exp_buf_2_29_load_read' <Predicate = true> <Delay = 0.00>
ST_1 : Operation 107 [1/1] (0.00ns)   --->   "%exp_buf_2_28_load_read = read i32 @_ssdm_op_Read.ap_auto.i32, i32 %exp_buf_2_28_load"   --->   Operation 107 'read' 'exp_buf_2_28_load_read' <Predicate = true> <Delay = 0.00>
ST_1 : Operation 108 [1/1] (0.00ns)   --->   "%exp_buf_2_27_load_read = read i32 @_ssdm_op_Read.ap_auto.i32, i32 %exp_buf_2_27_load"   --->   Operation 108 'read' 'exp_buf_2_27_load_read' <Predicate = true> <Delay = 0.00>
ST_1 : Operation 109 [1/1] (0.00ns)   --->   "%exp_buf_2_26_load_read = read i32 @_ssdm_op_Read.ap_auto.i32, i32 %exp_buf_2_26_load"   --->   Operation 109 'read' 'exp_buf_2_26_load_read' <Predicate = true> <Delay = 0.00>
ST_1 : Operation 110 [1/1] (0.00ns)   --->   "%exp_buf_2_25_load_read = read i32 @_ssdm_op_Read.ap_auto.i32, i32 %exp_buf_2_25_load"   --->   Operation 110 'read' 'exp_buf_2_25_load_read' <Predicate = true> <Delay = 0.00>
ST_1 : Operation 111 [1/1] (0.00ns)   --->   "%exp_buf_2_24_load_read = read i32 @_ssdm_op_Read.ap_auto.i32, i32 %exp_buf_2_24_load"   --->   Operation 111 'read' 'exp_buf_2_24_load_read' <Predicate = true> <Delay = 0.00>
ST_1 : Operation 112 [1/1] (0.00ns)   --->   "%exp_buf_2_23_load_read = read i32 @_ssdm_op_Read.ap_auto.i32, i32 %exp_buf_2_23_load"   --->   Operation 112 'read' 'exp_buf_2_23_load_read' <Predicate = true> <Delay = 0.00>
ST_1 : Operation 113 [1/1] (0.00ns)   --->   "%exp_buf_2_22_load_read = read i32 @_ssdm_op_Read.ap_auto.i32, i32 %exp_buf_2_22_load"   --->   Operation 113 'read' 'exp_buf_2_22_load_read' <Predicate = true> <Delay = 0.00>
ST_1 : Operation 114 [1/1] (0.00ns)   --->   "%exp_buf_2_21_load_read = read i32 @_ssdm_op_Read.ap_auto.i32, i32 %exp_buf_2_21_load"   --->   Operation 114 'read' 'exp_buf_2_21_load_read' <Predicate = true> <Delay = 0.00>
ST_1 : Operation 115 [1/1] (0.00ns)   --->   "%exp_buf_2_20_load_read = read i32 @_ssdm_op_Read.ap_auto.i32, i32 %exp_buf_2_20_load"   --->   Operation 115 'read' 'exp_buf_2_20_load_read' <Predicate = true> <Delay = 0.00>
ST_1 : Operation 116 [1/1] (0.00ns)   --->   "%exp_buf_2_19_load_read = read i32 @_ssdm_op_Read.ap_auto.i32, i32 %exp_buf_2_19_load"   --->   Operation 116 'read' 'exp_buf_2_19_load_read' <Predicate = true> <Delay = 0.00>
ST_1 : Operation 117 [1/1] (0.00ns)   --->   "%exp_buf_2_18_load_read = read i32 @_ssdm_op_Read.ap_auto.i32, i32 %exp_buf_2_18_load"   --->   Operation 117 'read' 'exp_buf_2_18_load_read' <Predicate = true> <Delay = 0.00>
ST_1 : Operation 118 [1/1] (0.00ns)   --->   "%exp_buf_2_17_load_read = read i32 @_ssdm_op_Read.ap_auto.i32, i32 %exp_buf_2_17_load"   --->   Operation 118 'read' 'exp_buf_2_17_load_read' <Predicate = true> <Delay = 0.00>
ST_1 : Operation 119 [1/1] (0.00ns)   --->   "%exp_buf_2_16_load_read = read i32 @_ssdm_op_Read.ap_auto.i32, i32 %exp_buf_2_16_load"   --->   Operation 119 'read' 'exp_buf_2_16_load_read' <Predicate = true> <Delay = 0.00>
ST_1 : Operation 120 [1/1] (0.00ns)   --->   "%exp_buf_2_15_load_read = read i32 @_ssdm_op_Read.ap_auto.i32, i32 %exp_buf_2_15_load"   --->   Operation 120 'read' 'exp_buf_2_15_load_read' <Predicate = true> <Delay = 0.00>
ST_1 : Operation 121 [1/1] (0.00ns)   --->   "%exp_buf_2_14_load_read = read i32 @_ssdm_op_Read.ap_auto.i32, i32 %exp_buf_2_14_load"   --->   Operation 121 'read' 'exp_buf_2_14_load_read' <Predicate = true> <Delay = 0.00>
ST_1 : Operation 122 [1/1] (0.00ns)   --->   "%exp_buf_2_13_load_read = read i32 @_ssdm_op_Read.ap_auto.i32, i32 %exp_buf_2_13_load"   --->   Operation 122 'read' 'exp_buf_2_13_load_read' <Predicate = true> <Delay = 0.00>
ST_1 : Operation 123 [1/1] (0.00ns)   --->   "%exp_buf_2_12_load_read = read i32 @_ssdm_op_Read.ap_auto.i32, i32 %exp_buf_2_12_load"   --->   Operation 123 'read' 'exp_buf_2_12_load_read' <Predicate = true> <Delay = 0.00>
ST_1 : Operation 124 [1/1] (0.00ns)   --->   "%exp_buf_2_11_load_read = read i32 @_ssdm_op_Read.ap_auto.i32, i32 %exp_buf_2_11_load"   --->   Operation 124 'read' 'exp_buf_2_11_load_read' <Predicate = true> <Delay = 0.00>
ST_1 : Operation 125 [1/1] (0.00ns)   --->   "%exp_buf_2_10_load_read = read i32 @_ssdm_op_Read.ap_auto.i32, i32 %exp_buf_2_10_load"   --->   Operation 125 'read' 'exp_buf_2_10_load_read' <Predicate = true> <Delay = 0.00>
ST_1 : Operation 126 [1/1] (0.00ns)   --->   "%exp_buf_2_9_load_read = read i32 @_ssdm_op_Read.ap_auto.i32, i32 %exp_buf_2_9_load"   --->   Operation 126 'read' 'exp_buf_2_9_load_read' <Predicate = true> <Delay = 0.00>
ST_1 : Operation 127 [1/1] (0.00ns)   --->   "%exp_buf_2_8_load_read = read i32 @_ssdm_op_Read.ap_auto.i32, i32 %exp_buf_2_8_load"   --->   Operation 127 'read' 'exp_buf_2_8_load_read' <Predicate = true> <Delay = 0.00>
ST_1 : Operation 128 [1/1] (0.00ns)   --->   "%exp_buf_2_7_load_read = read i32 @_ssdm_op_Read.ap_auto.i32, i32 %exp_buf_2_7_load"   --->   Operation 128 'read' 'exp_buf_2_7_load_read' <Predicate = true> <Delay = 0.00>
ST_1 : Operation 129 [1/1] (0.00ns)   --->   "%exp_buf_2_6_load_read = read i32 @_ssdm_op_Read.ap_auto.i32, i32 %exp_buf_2_6_load"   --->   Operation 129 'read' 'exp_buf_2_6_load_read' <Predicate = true> <Delay = 0.00>
ST_1 : Operation 130 [1/1] (0.00ns)   --->   "%exp_buf_2_5_load_read = read i32 @_ssdm_op_Read.ap_auto.i32, i32 %exp_buf_2_5_load"   --->   Operation 130 'read' 'exp_buf_2_5_load_read' <Predicate = true> <Delay = 0.00>
ST_1 : Operation 131 [1/1] (0.00ns)   --->   "%exp_buf_2_4_load_read = read i32 @_ssdm_op_Read.ap_auto.i32, i32 %exp_buf_2_4_load"   --->   Operation 131 'read' 'exp_buf_2_4_load_read' <Predicate = true> <Delay = 0.00>
ST_1 : Operation 132 [1/1] (0.00ns)   --->   "%exp_buf_2_3_load_read = read i32 @_ssdm_op_Read.ap_auto.i32, i32 %exp_buf_2_3_load"   --->   Operation 132 'read' 'exp_buf_2_3_load_read' <Predicate = true> <Delay = 0.00>
ST_1 : Operation 133 [1/1] (0.00ns)   --->   "%exp_buf_2_2_load_read = read i32 @_ssdm_op_Read.ap_auto.i32, i32 %exp_buf_2_2_load"   --->   Operation 133 'read' 'exp_buf_2_2_load_read' <Predicate = true> <Delay = 0.00>
ST_1 : Operation 134 [1/1] (0.00ns)   --->   "%exp_buf_2_1_load_read = read i32 @_ssdm_op_Read.ap_auto.i32, i32 %exp_buf_2_1_load"   --->   Operation 134 'read' 'exp_buf_2_1_load_read' <Predicate = true> <Delay = 0.00>
ST_1 : Operation 135 [1/1] (0.00ns)   --->   "%exp_buf_2_0_load_read = read i32 @_ssdm_op_Read.ap_auto.i32, i32 %exp_buf_2_0_load"   --->   Operation 135 'read' 'exp_buf_2_0_load_read' <Predicate = true> <Delay = 0.00>
ST_1 : Operation 136 [1/1] (0.00ns)   --->   "%exp_buf_1_63_load_read = read i32 @_ssdm_op_Read.ap_auto.i32, i32 %exp_buf_1_63_load"   --->   Operation 136 'read' 'exp_buf_1_63_load_read' <Predicate = true> <Delay = 0.00>
ST_1 : Operation 137 [1/1] (0.00ns)   --->   "%exp_buf_1_62_load_read = read i32 @_ssdm_op_Read.ap_auto.i32, i32 %exp_buf_1_62_load"   --->   Operation 137 'read' 'exp_buf_1_62_load_read' <Predicate = true> <Delay = 0.00>
ST_1 : Operation 138 [1/1] (0.00ns)   --->   "%exp_buf_1_61_load_read = read i32 @_ssdm_op_Read.ap_auto.i32, i32 %exp_buf_1_61_load"   --->   Operation 138 'read' 'exp_buf_1_61_load_read' <Predicate = true> <Delay = 0.00>
ST_1 : Operation 139 [1/1] (0.00ns)   --->   "%exp_buf_1_60_load_read = read i32 @_ssdm_op_Read.ap_auto.i32, i32 %exp_buf_1_60_load"   --->   Operation 139 'read' 'exp_buf_1_60_load_read' <Predicate = true> <Delay = 0.00>
ST_1 : Operation 140 [1/1] (0.00ns)   --->   "%exp_buf_1_59_load_read = read i32 @_ssdm_op_Read.ap_auto.i32, i32 %exp_buf_1_59_load"   --->   Operation 140 'read' 'exp_buf_1_59_load_read' <Predicate = true> <Delay = 0.00>
ST_1 : Operation 141 [1/1] (0.00ns)   --->   "%exp_buf_1_58_load_read = read i32 @_ssdm_op_Read.ap_auto.i32, i32 %exp_buf_1_58_load"   --->   Operation 141 'read' 'exp_buf_1_58_load_read' <Predicate = true> <Delay = 0.00>
ST_1 : Operation 142 [1/1] (0.00ns)   --->   "%exp_buf_1_57_load_read = read i32 @_ssdm_op_Read.ap_auto.i32, i32 %exp_buf_1_57_load"   --->   Operation 142 'read' 'exp_buf_1_57_load_read' <Predicate = true> <Delay = 0.00>
ST_1 : Operation 143 [1/1] (0.00ns)   --->   "%exp_buf_1_56_load_read = read i32 @_ssdm_op_Read.ap_auto.i32, i32 %exp_buf_1_56_load"   --->   Operation 143 'read' 'exp_buf_1_56_load_read' <Predicate = true> <Delay = 0.00>
ST_1 : Operation 144 [1/1] (0.00ns)   --->   "%exp_buf_1_55_load_read = read i32 @_ssdm_op_Read.ap_auto.i32, i32 %exp_buf_1_55_load"   --->   Operation 144 'read' 'exp_buf_1_55_load_read' <Predicate = true> <Delay = 0.00>
ST_1 : Operation 145 [1/1] (0.00ns)   --->   "%exp_buf_1_54_load_read = read i32 @_ssdm_op_Read.ap_auto.i32, i32 %exp_buf_1_54_load"   --->   Operation 145 'read' 'exp_buf_1_54_load_read' <Predicate = true> <Delay = 0.00>
ST_1 : Operation 146 [1/1] (0.00ns)   --->   "%exp_buf_1_53_load_read = read i32 @_ssdm_op_Read.ap_auto.i32, i32 %exp_buf_1_53_load"   --->   Operation 146 'read' 'exp_buf_1_53_load_read' <Predicate = true> <Delay = 0.00>
ST_1 : Operation 147 [1/1] (0.00ns)   --->   "%exp_buf_1_52_load_read = read i32 @_ssdm_op_Read.ap_auto.i32, i32 %exp_buf_1_52_load"   --->   Operation 147 'read' 'exp_buf_1_52_load_read' <Predicate = true> <Delay = 0.00>
ST_1 : Operation 148 [1/1] (0.00ns)   --->   "%exp_buf_1_51_load_read = read i32 @_ssdm_op_Read.ap_auto.i32, i32 %exp_buf_1_51_load"   --->   Operation 148 'read' 'exp_buf_1_51_load_read' <Predicate = true> <Delay = 0.00>
ST_1 : Operation 149 [1/1] (0.00ns)   --->   "%exp_buf_1_50_load_read = read i32 @_ssdm_op_Read.ap_auto.i32, i32 %exp_buf_1_50_load"   --->   Operation 149 'read' 'exp_buf_1_50_load_read' <Predicate = true> <Delay = 0.00>
ST_1 : Operation 150 [1/1] (0.00ns)   --->   "%exp_buf_1_49_load_read = read i32 @_ssdm_op_Read.ap_auto.i32, i32 %exp_buf_1_49_load"   --->   Operation 150 'read' 'exp_buf_1_49_load_read' <Predicate = true> <Delay = 0.00>
ST_1 : Operation 151 [1/1] (0.00ns)   --->   "%exp_buf_1_48_load_read = read i32 @_ssdm_op_Read.ap_auto.i32, i32 %exp_buf_1_48_load"   --->   Operation 151 'read' 'exp_buf_1_48_load_read' <Predicate = true> <Delay = 0.00>
ST_1 : Operation 152 [1/1] (0.00ns)   --->   "%exp_buf_1_47_load_read = read i32 @_ssdm_op_Read.ap_auto.i32, i32 %exp_buf_1_47_load"   --->   Operation 152 'read' 'exp_buf_1_47_load_read' <Predicate = true> <Delay = 0.00>
ST_1 : Operation 153 [1/1] (0.00ns)   --->   "%exp_buf_1_46_load_read = read i32 @_ssdm_op_Read.ap_auto.i32, i32 %exp_buf_1_46_load"   --->   Operation 153 'read' 'exp_buf_1_46_load_read' <Predicate = true> <Delay = 0.00>
ST_1 : Operation 154 [1/1] (0.00ns)   --->   "%exp_buf_1_45_load_read = read i32 @_ssdm_op_Read.ap_auto.i32, i32 %exp_buf_1_45_load"   --->   Operation 154 'read' 'exp_buf_1_45_load_read' <Predicate = true> <Delay = 0.00>
ST_1 : Operation 155 [1/1] (0.00ns)   --->   "%exp_buf_1_44_load_read = read i32 @_ssdm_op_Read.ap_auto.i32, i32 %exp_buf_1_44_load"   --->   Operation 155 'read' 'exp_buf_1_44_load_read' <Predicate = true> <Delay = 0.00>
ST_1 : Operation 156 [1/1] (0.00ns)   --->   "%exp_buf_1_43_load_read = read i32 @_ssdm_op_Read.ap_auto.i32, i32 %exp_buf_1_43_load"   --->   Operation 156 'read' 'exp_buf_1_43_load_read' <Predicate = true> <Delay = 0.00>
ST_1 : Operation 157 [1/1] (0.00ns)   --->   "%exp_buf_1_42_load_read = read i32 @_ssdm_op_Read.ap_auto.i32, i32 %exp_buf_1_42_load"   --->   Operation 157 'read' 'exp_buf_1_42_load_read' <Predicate = true> <Delay = 0.00>
ST_1 : Operation 158 [1/1] (0.00ns)   --->   "%exp_buf_1_41_load_read = read i32 @_ssdm_op_Read.ap_auto.i32, i32 %exp_buf_1_41_load"   --->   Operation 158 'read' 'exp_buf_1_41_load_read' <Predicate = true> <Delay = 0.00>
ST_1 : Operation 159 [1/1] (0.00ns)   --->   "%exp_buf_1_40_load_read = read i32 @_ssdm_op_Read.ap_auto.i32, i32 %exp_buf_1_40_load"   --->   Operation 159 'read' 'exp_buf_1_40_load_read' <Predicate = true> <Delay = 0.00>
ST_1 : Operation 160 [1/1] (0.00ns)   --->   "%exp_buf_1_39_load_read = read i32 @_ssdm_op_Read.ap_auto.i32, i32 %exp_buf_1_39_load"   --->   Operation 160 'read' 'exp_buf_1_39_load_read' <Predicate = true> <Delay = 0.00>
ST_1 : Operation 161 [1/1] (0.00ns)   --->   "%exp_buf_1_38_load_read = read i32 @_ssdm_op_Read.ap_auto.i32, i32 %exp_buf_1_38_load"   --->   Operation 161 'read' 'exp_buf_1_38_load_read' <Predicate = true> <Delay = 0.00>
ST_1 : Operation 162 [1/1] (0.00ns)   --->   "%exp_buf_1_37_load_read = read i32 @_ssdm_op_Read.ap_auto.i32, i32 %exp_buf_1_37_load"   --->   Operation 162 'read' 'exp_buf_1_37_load_read' <Predicate = true> <Delay = 0.00>
ST_1 : Operation 163 [1/1] (0.00ns)   --->   "%exp_buf_1_36_load_read = read i32 @_ssdm_op_Read.ap_auto.i32, i32 %exp_buf_1_36_load"   --->   Operation 163 'read' 'exp_buf_1_36_load_read' <Predicate = true> <Delay = 0.00>
ST_1 : Operation 164 [1/1] (0.00ns)   --->   "%exp_buf_1_35_load_read = read i32 @_ssdm_op_Read.ap_auto.i32, i32 %exp_buf_1_35_load"   --->   Operation 164 'read' 'exp_buf_1_35_load_read' <Predicate = true> <Delay = 0.00>
ST_1 : Operation 165 [1/1] (0.00ns)   --->   "%exp_buf_1_34_load_read = read i32 @_ssdm_op_Read.ap_auto.i32, i32 %exp_buf_1_34_load"   --->   Operation 165 'read' 'exp_buf_1_34_load_read' <Predicate = true> <Delay = 0.00>
ST_1 : Operation 166 [1/1] (0.00ns)   --->   "%exp_buf_1_33_load_read = read i32 @_ssdm_op_Read.ap_auto.i32, i32 %exp_buf_1_33_load"   --->   Operation 166 'read' 'exp_buf_1_33_load_read' <Predicate = true> <Delay = 0.00>
ST_1 : Operation 167 [1/1] (0.00ns)   --->   "%exp_buf_1_32_load_read = read i32 @_ssdm_op_Read.ap_auto.i32, i32 %exp_buf_1_32_load"   --->   Operation 167 'read' 'exp_buf_1_32_load_read' <Predicate = true> <Delay = 0.00>
ST_1 : Operation 168 [1/1] (0.00ns)   --->   "%exp_buf_1_31_load_read = read i32 @_ssdm_op_Read.ap_auto.i32, i32 %exp_buf_1_31_load"   --->   Operation 168 'read' 'exp_buf_1_31_load_read' <Predicate = true> <Delay = 0.00>
ST_1 : Operation 169 [1/1] (0.00ns)   --->   "%exp_buf_1_30_load_read = read i32 @_ssdm_op_Read.ap_auto.i32, i32 %exp_buf_1_30_load"   --->   Operation 169 'read' 'exp_buf_1_30_load_read' <Predicate = true> <Delay = 0.00>
ST_1 : Operation 170 [1/1] (0.00ns)   --->   "%exp_buf_1_29_load_read = read i32 @_ssdm_op_Read.ap_auto.i32, i32 %exp_buf_1_29_load"   --->   Operation 170 'read' 'exp_buf_1_29_load_read' <Predicate = true> <Delay = 0.00>
ST_1 : Operation 171 [1/1] (0.00ns)   --->   "%exp_buf_1_28_load_read = read i32 @_ssdm_op_Read.ap_auto.i32, i32 %exp_buf_1_28_load"   --->   Operation 171 'read' 'exp_buf_1_28_load_read' <Predicate = true> <Delay = 0.00>
ST_1 : Operation 172 [1/1] (0.00ns)   --->   "%exp_buf_1_27_load_read = read i32 @_ssdm_op_Read.ap_auto.i32, i32 %exp_buf_1_27_load"   --->   Operation 172 'read' 'exp_buf_1_27_load_read' <Predicate = true> <Delay = 0.00>
ST_1 : Operation 173 [1/1] (0.00ns)   --->   "%exp_buf_1_26_load_read = read i32 @_ssdm_op_Read.ap_auto.i32, i32 %exp_buf_1_26_load"   --->   Operation 173 'read' 'exp_buf_1_26_load_read' <Predicate = true> <Delay = 0.00>
ST_1 : Operation 174 [1/1] (0.00ns)   --->   "%exp_buf_1_25_load_read = read i32 @_ssdm_op_Read.ap_auto.i32, i32 %exp_buf_1_25_load"   --->   Operation 174 'read' 'exp_buf_1_25_load_read' <Predicate = true> <Delay = 0.00>
ST_1 : Operation 175 [1/1] (0.00ns)   --->   "%exp_buf_1_24_load_read = read i32 @_ssdm_op_Read.ap_auto.i32, i32 %exp_buf_1_24_load"   --->   Operation 175 'read' 'exp_buf_1_24_load_read' <Predicate = true> <Delay = 0.00>
ST_1 : Operation 176 [1/1] (0.00ns)   --->   "%exp_buf_1_23_load_read = read i32 @_ssdm_op_Read.ap_auto.i32, i32 %exp_buf_1_23_load"   --->   Operation 176 'read' 'exp_buf_1_23_load_read' <Predicate = true> <Delay = 0.00>
ST_1 : Operation 177 [1/1] (0.00ns)   --->   "%exp_buf_1_22_load_read = read i32 @_ssdm_op_Read.ap_auto.i32, i32 %exp_buf_1_22_load"   --->   Operation 177 'read' 'exp_buf_1_22_load_read' <Predicate = true> <Delay = 0.00>
ST_1 : Operation 178 [1/1] (0.00ns)   --->   "%exp_buf_1_21_load_read = read i32 @_ssdm_op_Read.ap_auto.i32, i32 %exp_buf_1_21_load"   --->   Operation 178 'read' 'exp_buf_1_21_load_read' <Predicate = true> <Delay = 0.00>
ST_1 : Operation 179 [1/1] (0.00ns)   --->   "%exp_buf_1_20_load_read = read i32 @_ssdm_op_Read.ap_auto.i32, i32 %exp_buf_1_20_load"   --->   Operation 179 'read' 'exp_buf_1_20_load_read' <Predicate = true> <Delay = 0.00>
ST_1 : Operation 180 [1/1] (0.00ns)   --->   "%exp_buf_1_19_load_read = read i32 @_ssdm_op_Read.ap_auto.i32, i32 %exp_buf_1_19_load"   --->   Operation 180 'read' 'exp_buf_1_19_load_read' <Predicate = true> <Delay = 0.00>
ST_1 : Operation 181 [1/1] (0.00ns)   --->   "%exp_buf_1_18_load_read = read i32 @_ssdm_op_Read.ap_auto.i32, i32 %exp_buf_1_18_load"   --->   Operation 181 'read' 'exp_buf_1_18_load_read' <Predicate = true> <Delay = 0.00>
ST_1 : Operation 182 [1/1] (0.00ns)   --->   "%exp_buf_1_17_load_read = read i32 @_ssdm_op_Read.ap_auto.i32, i32 %exp_buf_1_17_load"   --->   Operation 182 'read' 'exp_buf_1_17_load_read' <Predicate = true> <Delay = 0.00>
ST_1 : Operation 183 [1/1] (0.00ns)   --->   "%exp_buf_1_16_load_read = read i32 @_ssdm_op_Read.ap_auto.i32, i32 %exp_buf_1_16_load"   --->   Operation 183 'read' 'exp_buf_1_16_load_read' <Predicate = true> <Delay = 0.00>
ST_1 : Operation 184 [1/1] (0.00ns)   --->   "%exp_buf_1_15_load_read = read i32 @_ssdm_op_Read.ap_auto.i32, i32 %exp_buf_1_15_load"   --->   Operation 184 'read' 'exp_buf_1_15_load_read' <Predicate = true> <Delay = 0.00>
ST_1 : Operation 185 [1/1] (0.00ns)   --->   "%exp_buf_1_14_load_read = read i32 @_ssdm_op_Read.ap_auto.i32, i32 %exp_buf_1_14_load"   --->   Operation 185 'read' 'exp_buf_1_14_load_read' <Predicate = true> <Delay = 0.00>
ST_1 : Operation 186 [1/1] (0.00ns)   --->   "%exp_buf_1_13_load_read = read i32 @_ssdm_op_Read.ap_auto.i32, i32 %exp_buf_1_13_load"   --->   Operation 186 'read' 'exp_buf_1_13_load_read' <Predicate = true> <Delay = 0.00>
ST_1 : Operation 187 [1/1] (0.00ns)   --->   "%exp_buf_1_12_load_read = read i32 @_ssdm_op_Read.ap_auto.i32, i32 %exp_buf_1_12_load"   --->   Operation 187 'read' 'exp_buf_1_12_load_read' <Predicate = true> <Delay = 0.00>
ST_1 : Operation 188 [1/1] (0.00ns)   --->   "%exp_buf_1_11_load_read = read i32 @_ssdm_op_Read.ap_auto.i32, i32 %exp_buf_1_11_load"   --->   Operation 188 'read' 'exp_buf_1_11_load_read' <Predicate = true> <Delay = 0.00>
ST_1 : Operation 189 [1/1] (0.00ns)   --->   "%exp_buf_1_10_load_read = read i32 @_ssdm_op_Read.ap_auto.i32, i32 %exp_buf_1_10_load"   --->   Operation 189 'read' 'exp_buf_1_10_load_read' <Predicate = true> <Delay = 0.00>
ST_1 : Operation 190 [1/1] (0.00ns)   --->   "%exp_buf_1_9_load_read = read i32 @_ssdm_op_Read.ap_auto.i32, i32 %exp_buf_1_9_load"   --->   Operation 190 'read' 'exp_buf_1_9_load_read' <Predicate = true> <Delay = 0.00>
ST_1 : Operation 191 [1/1] (0.00ns)   --->   "%exp_buf_1_8_load_read = read i32 @_ssdm_op_Read.ap_auto.i32, i32 %exp_buf_1_8_load"   --->   Operation 191 'read' 'exp_buf_1_8_load_read' <Predicate = true> <Delay = 0.00>
ST_1 : Operation 192 [1/1] (0.00ns)   --->   "%exp_buf_1_7_load_read = read i32 @_ssdm_op_Read.ap_auto.i32, i32 %exp_buf_1_7_load"   --->   Operation 192 'read' 'exp_buf_1_7_load_read' <Predicate = true> <Delay = 0.00>
ST_1 : Operation 193 [1/1] (0.00ns)   --->   "%exp_buf_1_6_load_read = read i32 @_ssdm_op_Read.ap_auto.i32, i32 %exp_buf_1_6_load"   --->   Operation 193 'read' 'exp_buf_1_6_load_read' <Predicate = true> <Delay = 0.00>
ST_1 : Operation 194 [1/1] (0.00ns)   --->   "%exp_buf_1_5_load_read = read i32 @_ssdm_op_Read.ap_auto.i32, i32 %exp_buf_1_5_load"   --->   Operation 194 'read' 'exp_buf_1_5_load_read' <Predicate = true> <Delay = 0.00>
ST_1 : Operation 195 [1/1] (0.00ns)   --->   "%exp_buf_1_4_load_read = read i32 @_ssdm_op_Read.ap_auto.i32, i32 %exp_buf_1_4_load"   --->   Operation 195 'read' 'exp_buf_1_4_load_read' <Predicate = true> <Delay = 0.00>
ST_1 : Operation 196 [1/1] (0.00ns)   --->   "%exp_buf_1_3_load_read = read i32 @_ssdm_op_Read.ap_auto.i32, i32 %exp_buf_1_3_load"   --->   Operation 196 'read' 'exp_buf_1_3_load_read' <Predicate = true> <Delay = 0.00>
ST_1 : Operation 197 [1/1] (0.00ns)   --->   "%exp_buf_1_2_load_read = read i32 @_ssdm_op_Read.ap_auto.i32, i32 %exp_buf_1_2_load"   --->   Operation 197 'read' 'exp_buf_1_2_load_read' <Predicate = true> <Delay = 0.00>
ST_1 : Operation 198 [1/1] (0.00ns)   --->   "%exp_buf_1_1_load_read = read i32 @_ssdm_op_Read.ap_auto.i32, i32 %exp_buf_1_1_load"   --->   Operation 198 'read' 'exp_buf_1_1_load_read' <Predicate = true> <Delay = 0.00>
ST_1 : Operation 199 [1/1] (0.00ns)   --->   "%exp_buf_1_0_load_read = read i32 @_ssdm_op_Read.ap_auto.i32, i32 %exp_buf_1_0_load"   --->   Operation 199 'read' 'exp_buf_1_0_load_read' <Predicate = true> <Delay = 0.00>
ST_1 : Operation 200 [1/1] (0.00ns)   --->   "%zext_ln319_read = read i31 @_ssdm_op_Read.ap_auto.i31, i31 %zext_ln319"   --->   Operation 200 'read' 'zext_ln319_read' <Predicate = true> <Delay = 0.00>
ST_1 : Operation 201 [1/1] (0.00ns)   --->   "%exp_buf_0_63_load_read = read i32 @_ssdm_op_Read.ap_auto.i32, i32 %exp_buf_0_63_load"   --->   Operation 201 'read' 'exp_buf_0_63_load_read' <Predicate = true> <Delay = 0.00>
ST_1 : Operation 202 [1/1] (0.00ns)   --->   "%exp_buf_0_62_load_read = read i32 @_ssdm_op_Read.ap_auto.i32, i32 %exp_buf_0_62_load"   --->   Operation 202 'read' 'exp_buf_0_62_load_read' <Predicate = true> <Delay = 0.00>
ST_1 : Operation 203 [1/1] (0.00ns)   --->   "%exp_buf_0_61_load_read = read i32 @_ssdm_op_Read.ap_auto.i32, i32 %exp_buf_0_61_load"   --->   Operation 203 'read' 'exp_buf_0_61_load_read' <Predicate = true> <Delay = 0.00>
ST_1 : Operation 204 [1/1] (0.00ns)   --->   "%exp_buf_0_60_load_read = read i32 @_ssdm_op_Read.ap_auto.i32, i32 %exp_buf_0_60_load"   --->   Operation 204 'read' 'exp_buf_0_60_load_read' <Predicate = true> <Delay = 0.00>
ST_1 : Operation 205 [1/1] (0.00ns)   --->   "%exp_buf_0_59_load_read = read i32 @_ssdm_op_Read.ap_auto.i32, i32 %exp_buf_0_59_load"   --->   Operation 205 'read' 'exp_buf_0_59_load_read' <Predicate = true> <Delay = 0.00>
ST_1 : Operation 206 [1/1] (0.00ns)   --->   "%exp_buf_0_58_load_read = read i32 @_ssdm_op_Read.ap_auto.i32, i32 %exp_buf_0_58_load"   --->   Operation 206 'read' 'exp_buf_0_58_load_read' <Predicate = true> <Delay = 0.00>
ST_1 : Operation 207 [1/1] (0.00ns)   --->   "%exp_buf_0_57_load_read = read i32 @_ssdm_op_Read.ap_auto.i32, i32 %exp_buf_0_57_load"   --->   Operation 207 'read' 'exp_buf_0_57_load_read' <Predicate = true> <Delay = 0.00>
ST_1 : Operation 208 [1/1] (0.00ns)   --->   "%exp_buf_0_56_load_read = read i32 @_ssdm_op_Read.ap_auto.i32, i32 %exp_buf_0_56_load"   --->   Operation 208 'read' 'exp_buf_0_56_load_read' <Predicate = true> <Delay = 0.00>
ST_1 : Operation 209 [1/1] (0.00ns)   --->   "%exp_buf_0_55_load_read = read i32 @_ssdm_op_Read.ap_auto.i32, i32 %exp_buf_0_55_load"   --->   Operation 209 'read' 'exp_buf_0_55_load_read' <Predicate = true> <Delay = 0.00>
ST_1 : Operation 210 [1/1] (0.00ns)   --->   "%exp_buf_0_54_load_read = read i32 @_ssdm_op_Read.ap_auto.i32, i32 %exp_buf_0_54_load"   --->   Operation 210 'read' 'exp_buf_0_54_load_read' <Predicate = true> <Delay = 0.00>
ST_1 : Operation 211 [1/1] (0.00ns)   --->   "%exp_buf_0_53_load_read = read i32 @_ssdm_op_Read.ap_auto.i32, i32 %exp_buf_0_53_load"   --->   Operation 211 'read' 'exp_buf_0_53_load_read' <Predicate = true> <Delay = 0.00>
ST_1 : Operation 212 [1/1] (0.00ns)   --->   "%exp_buf_0_52_load_read = read i32 @_ssdm_op_Read.ap_auto.i32, i32 %exp_buf_0_52_load"   --->   Operation 212 'read' 'exp_buf_0_52_load_read' <Predicate = true> <Delay = 0.00>
ST_1 : Operation 213 [1/1] (0.00ns)   --->   "%exp_buf_0_51_load_read = read i32 @_ssdm_op_Read.ap_auto.i32, i32 %exp_buf_0_51_load"   --->   Operation 213 'read' 'exp_buf_0_51_load_read' <Predicate = true> <Delay = 0.00>
ST_1 : Operation 214 [1/1] (0.00ns)   --->   "%exp_buf_0_50_load_read = read i32 @_ssdm_op_Read.ap_auto.i32, i32 %exp_buf_0_50_load"   --->   Operation 214 'read' 'exp_buf_0_50_load_read' <Predicate = true> <Delay = 0.00>
ST_1 : Operation 215 [1/1] (0.00ns)   --->   "%exp_buf_0_49_load_read = read i32 @_ssdm_op_Read.ap_auto.i32, i32 %exp_buf_0_49_load"   --->   Operation 215 'read' 'exp_buf_0_49_load_read' <Predicate = true> <Delay = 0.00>
ST_1 : Operation 216 [1/1] (0.00ns)   --->   "%exp_buf_0_48_load_read = read i32 @_ssdm_op_Read.ap_auto.i32, i32 %exp_buf_0_48_load"   --->   Operation 216 'read' 'exp_buf_0_48_load_read' <Predicate = true> <Delay = 0.00>
ST_1 : Operation 217 [1/1] (0.00ns)   --->   "%exp_buf_0_47_load_read = read i32 @_ssdm_op_Read.ap_auto.i32, i32 %exp_buf_0_47_load"   --->   Operation 217 'read' 'exp_buf_0_47_load_read' <Predicate = true> <Delay = 0.00>
ST_1 : Operation 218 [1/1] (0.00ns)   --->   "%exp_buf_0_46_load_read = read i32 @_ssdm_op_Read.ap_auto.i32, i32 %exp_buf_0_46_load"   --->   Operation 218 'read' 'exp_buf_0_46_load_read' <Predicate = true> <Delay = 0.00>
ST_1 : Operation 219 [1/1] (0.00ns)   --->   "%exp_buf_0_45_load_read = read i32 @_ssdm_op_Read.ap_auto.i32, i32 %exp_buf_0_45_load"   --->   Operation 219 'read' 'exp_buf_0_45_load_read' <Predicate = true> <Delay = 0.00>
ST_1 : Operation 220 [1/1] (0.00ns)   --->   "%exp_buf_0_44_load_read = read i32 @_ssdm_op_Read.ap_auto.i32, i32 %exp_buf_0_44_load"   --->   Operation 220 'read' 'exp_buf_0_44_load_read' <Predicate = true> <Delay = 0.00>
ST_1 : Operation 221 [1/1] (0.00ns)   --->   "%exp_buf_0_43_load_read = read i32 @_ssdm_op_Read.ap_auto.i32, i32 %exp_buf_0_43_load"   --->   Operation 221 'read' 'exp_buf_0_43_load_read' <Predicate = true> <Delay = 0.00>
ST_1 : Operation 222 [1/1] (0.00ns)   --->   "%exp_buf_0_42_load_read = read i32 @_ssdm_op_Read.ap_auto.i32, i32 %exp_buf_0_42_load"   --->   Operation 222 'read' 'exp_buf_0_42_load_read' <Predicate = true> <Delay = 0.00>
ST_1 : Operation 223 [1/1] (0.00ns)   --->   "%exp_buf_0_41_load_read = read i32 @_ssdm_op_Read.ap_auto.i32, i32 %exp_buf_0_41_load"   --->   Operation 223 'read' 'exp_buf_0_41_load_read' <Predicate = true> <Delay = 0.00>
ST_1 : Operation 224 [1/1] (0.00ns)   --->   "%exp_buf_0_40_load_read = read i32 @_ssdm_op_Read.ap_auto.i32, i32 %exp_buf_0_40_load"   --->   Operation 224 'read' 'exp_buf_0_40_load_read' <Predicate = true> <Delay = 0.00>
ST_1 : Operation 225 [1/1] (0.00ns)   --->   "%exp_buf_0_39_load_read = read i32 @_ssdm_op_Read.ap_auto.i32, i32 %exp_buf_0_39_load"   --->   Operation 225 'read' 'exp_buf_0_39_load_read' <Predicate = true> <Delay = 0.00>
ST_1 : Operation 226 [1/1] (0.00ns)   --->   "%exp_buf_0_38_load_read = read i32 @_ssdm_op_Read.ap_auto.i32, i32 %exp_buf_0_38_load"   --->   Operation 226 'read' 'exp_buf_0_38_load_read' <Predicate = true> <Delay = 0.00>
ST_1 : Operation 227 [1/1] (0.00ns)   --->   "%exp_buf_0_37_load_read = read i32 @_ssdm_op_Read.ap_auto.i32, i32 %exp_buf_0_37_load"   --->   Operation 227 'read' 'exp_buf_0_37_load_read' <Predicate = true> <Delay = 0.00>
ST_1 : Operation 228 [1/1] (0.00ns)   --->   "%exp_buf_0_36_load_read = read i32 @_ssdm_op_Read.ap_auto.i32, i32 %exp_buf_0_36_load"   --->   Operation 228 'read' 'exp_buf_0_36_load_read' <Predicate = true> <Delay = 0.00>
ST_1 : Operation 229 [1/1] (0.00ns)   --->   "%exp_buf_0_35_load_read = read i32 @_ssdm_op_Read.ap_auto.i32, i32 %exp_buf_0_35_load"   --->   Operation 229 'read' 'exp_buf_0_35_load_read' <Predicate = true> <Delay = 0.00>
ST_1 : Operation 230 [1/1] (0.00ns)   --->   "%exp_buf_0_34_load_read = read i32 @_ssdm_op_Read.ap_auto.i32, i32 %exp_buf_0_34_load"   --->   Operation 230 'read' 'exp_buf_0_34_load_read' <Predicate = true> <Delay = 0.00>
ST_1 : Operation 231 [1/1] (0.00ns)   --->   "%exp_buf_0_33_load_read = read i32 @_ssdm_op_Read.ap_auto.i32, i32 %exp_buf_0_33_load"   --->   Operation 231 'read' 'exp_buf_0_33_load_read' <Predicate = true> <Delay = 0.00>
ST_1 : Operation 232 [1/1] (0.00ns)   --->   "%exp_buf_0_32_load_read = read i32 @_ssdm_op_Read.ap_auto.i32, i32 %exp_buf_0_32_load"   --->   Operation 232 'read' 'exp_buf_0_32_load_read' <Predicate = true> <Delay = 0.00>
ST_1 : Operation 233 [1/1] (0.00ns)   --->   "%exp_buf_0_31_load_read = read i32 @_ssdm_op_Read.ap_auto.i32, i32 %exp_buf_0_31_load"   --->   Operation 233 'read' 'exp_buf_0_31_load_read' <Predicate = true> <Delay = 0.00>
ST_1 : Operation 234 [1/1] (0.00ns)   --->   "%exp_buf_0_30_load_read = read i32 @_ssdm_op_Read.ap_auto.i32, i32 %exp_buf_0_30_load"   --->   Operation 234 'read' 'exp_buf_0_30_load_read' <Predicate = true> <Delay = 0.00>
ST_1 : Operation 235 [1/1] (0.00ns)   --->   "%exp_buf_0_29_load_read = read i32 @_ssdm_op_Read.ap_auto.i32, i32 %exp_buf_0_29_load"   --->   Operation 235 'read' 'exp_buf_0_29_load_read' <Predicate = true> <Delay = 0.00>
ST_1 : Operation 236 [1/1] (0.00ns)   --->   "%exp_buf_0_28_load_read = read i32 @_ssdm_op_Read.ap_auto.i32, i32 %exp_buf_0_28_load"   --->   Operation 236 'read' 'exp_buf_0_28_load_read' <Predicate = true> <Delay = 0.00>
ST_1 : Operation 237 [1/1] (0.00ns)   --->   "%exp_buf_0_27_load_read = read i32 @_ssdm_op_Read.ap_auto.i32, i32 %exp_buf_0_27_load"   --->   Operation 237 'read' 'exp_buf_0_27_load_read' <Predicate = true> <Delay = 0.00>
ST_1 : Operation 238 [1/1] (0.00ns)   --->   "%exp_buf_0_26_load_read = read i32 @_ssdm_op_Read.ap_auto.i32, i32 %exp_buf_0_26_load"   --->   Operation 238 'read' 'exp_buf_0_26_load_read' <Predicate = true> <Delay = 0.00>
ST_1 : Operation 239 [1/1] (0.00ns)   --->   "%exp_buf_0_25_load_read = read i32 @_ssdm_op_Read.ap_auto.i32, i32 %exp_buf_0_25_load"   --->   Operation 239 'read' 'exp_buf_0_25_load_read' <Predicate = true> <Delay = 0.00>
ST_1 : Operation 240 [1/1] (0.00ns)   --->   "%exp_buf_0_24_load_read = read i32 @_ssdm_op_Read.ap_auto.i32, i32 %exp_buf_0_24_load"   --->   Operation 240 'read' 'exp_buf_0_24_load_read' <Predicate = true> <Delay = 0.00>
ST_1 : Operation 241 [1/1] (0.00ns)   --->   "%exp_buf_0_23_load_read = read i32 @_ssdm_op_Read.ap_auto.i32, i32 %exp_buf_0_23_load"   --->   Operation 241 'read' 'exp_buf_0_23_load_read' <Predicate = true> <Delay = 0.00>
ST_1 : Operation 242 [1/1] (0.00ns)   --->   "%exp_buf_0_22_load_read = read i32 @_ssdm_op_Read.ap_auto.i32, i32 %exp_buf_0_22_load"   --->   Operation 242 'read' 'exp_buf_0_22_load_read' <Predicate = true> <Delay = 0.00>
ST_1 : Operation 243 [1/1] (0.00ns)   --->   "%exp_buf_0_21_load_read = read i32 @_ssdm_op_Read.ap_auto.i32, i32 %exp_buf_0_21_load"   --->   Operation 243 'read' 'exp_buf_0_21_load_read' <Predicate = true> <Delay = 0.00>
ST_1 : Operation 244 [1/1] (0.00ns)   --->   "%exp_buf_0_20_load_read = read i32 @_ssdm_op_Read.ap_auto.i32, i32 %exp_buf_0_20_load"   --->   Operation 244 'read' 'exp_buf_0_20_load_read' <Predicate = true> <Delay = 0.00>
ST_1 : Operation 245 [1/1] (0.00ns)   --->   "%exp_buf_0_19_load_read = read i32 @_ssdm_op_Read.ap_auto.i32, i32 %exp_buf_0_19_load"   --->   Operation 245 'read' 'exp_buf_0_19_load_read' <Predicate = true> <Delay = 0.00>
ST_1 : Operation 246 [1/1] (0.00ns)   --->   "%exp_buf_0_18_load_read = read i32 @_ssdm_op_Read.ap_auto.i32, i32 %exp_buf_0_18_load"   --->   Operation 246 'read' 'exp_buf_0_18_load_read' <Predicate = true> <Delay = 0.00>
ST_1 : Operation 247 [1/1] (0.00ns)   --->   "%exp_buf_0_17_load_read = read i32 @_ssdm_op_Read.ap_auto.i32, i32 %exp_buf_0_17_load"   --->   Operation 247 'read' 'exp_buf_0_17_load_read' <Predicate = true> <Delay = 0.00>
ST_1 : Operation 248 [1/1] (0.00ns)   --->   "%exp_buf_0_16_load_read = read i32 @_ssdm_op_Read.ap_auto.i32, i32 %exp_buf_0_16_load"   --->   Operation 248 'read' 'exp_buf_0_16_load_read' <Predicate = true> <Delay = 0.00>
ST_1 : Operation 249 [1/1] (0.00ns)   --->   "%exp_buf_0_15_load_read = read i32 @_ssdm_op_Read.ap_auto.i32, i32 %exp_buf_0_15_load"   --->   Operation 249 'read' 'exp_buf_0_15_load_read' <Predicate = true> <Delay = 0.00>
ST_1 : Operation 250 [1/1] (0.00ns)   --->   "%exp_buf_0_14_load_read = read i32 @_ssdm_op_Read.ap_auto.i32, i32 %exp_buf_0_14_load"   --->   Operation 250 'read' 'exp_buf_0_14_load_read' <Predicate = true> <Delay = 0.00>
ST_1 : Operation 251 [1/1] (0.00ns)   --->   "%exp_buf_0_13_load_read = read i32 @_ssdm_op_Read.ap_auto.i32, i32 %exp_buf_0_13_load"   --->   Operation 251 'read' 'exp_buf_0_13_load_read' <Predicate = true> <Delay = 0.00>
ST_1 : Operation 252 [1/1] (0.00ns)   --->   "%exp_buf_0_12_load_read = read i32 @_ssdm_op_Read.ap_auto.i32, i32 %exp_buf_0_12_load"   --->   Operation 252 'read' 'exp_buf_0_12_load_read' <Predicate = true> <Delay = 0.00>
ST_1 : Operation 253 [1/1] (0.00ns)   --->   "%exp_buf_0_11_load_read = read i32 @_ssdm_op_Read.ap_auto.i32, i32 %exp_buf_0_11_load"   --->   Operation 253 'read' 'exp_buf_0_11_load_read' <Predicate = true> <Delay = 0.00>
ST_1 : Operation 254 [1/1] (0.00ns)   --->   "%exp_buf_0_10_load_read = read i32 @_ssdm_op_Read.ap_auto.i32, i32 %exp_buf_0_10_load"   --->   Operation 254 'read' 'exp_buf_0_10_load_read' <Predicate = true> <Delay = 0.00>
ST_1 : Operation 255 [1/1] (0.00ns)   --->   "%exp_buf_0_9_load_read = read i32 @_ssdm_op_Read.ap_auto.i32, i32 %exp_buf_0_9_load"   --->   Operation 255 'read' 'exp_buf_0_9_load_read' <Predicate = true> <Delay = 0.00>
ST_1 : Operation 256 [1/1] (0.00ns)   --->   "%exp_buf_0_8_load_read = read i32 @_ssdm_op_Read.ap_auto.i32, i32 %exp_buf_0_8_load"   --->   Operation 256 'read' 'exp_buf_0_8_load_read' <Predicate = true> <Delay = 0.00>
ST_1 : Operation 257 [1/1] (0.00ns)   --->   "%exp_buf_0_7_load_read = read i32 @_ssdm_op_Read.ap_auto.i32, i32 %exp_buf_0_7_load"   --->   Operation 257 'read' 'exp_buf_0_7_load_read' <Predicate = true> <Delay = 0.00>
ST_1 : Operation 258 [1/1] (0.00ns)   --->   "%exp_buf_0_6_load_read = read i32 @_ssdm_op_Read.ap_auto.i32, i32 %exp_buf_0_6_load"   --->   Operation 258 'read' 'exp_buf_0_6_load_read' <Predicate = true> <Delay = 0.00>
ST_1 : Operation 259 [1/1] (0.00ns)   --->   "%exp_buf_0_5_load_read = read i32 @_ssdm_op_Read.ap_auto.i32, i32 %exp_buf_0_5_load"   --->   Operation 259 'read' 'exp_buf_0_5_load_read' <Predicate = true> <Delay = 0.00>
ST_1 : Operation 260 [1/1] (0.00ns)   --->   "%exp_buf_0_4_load_read = read i32 @_ssdm_op_Read.ap_auto.i32, i32 %exp_buf_0_4_load"   --->   Operation 260 'read' 'exp_buf_0_4_load_read' <Predicate = true> <Delay = 0.00>
ST_1 : Operation 261 [1/1] (0.00ns)   --->   "%exp_buf_0_3_load_read = read i32 @_ssdm_op_Read.ap_auto.i32, i32 %exp_buf_0_3_load"   --->   Operation 261 'read' 'exp_buf_0_3_load_read' <Predicate = true> <Delay = 0.00>
ST_1 : Operation 262 [1/1] (0.00ns)   --->   "%exp_buf_0_2_load_read = read i32 @_ssdm_op_Read.ap_auto.i32, i32 %exp_buf_0_2_load"   --->   Operation 262 'read' 'exp_buf_0_2_load_read' <Predicate = true> <Delay = 0.00>
ST_1 : Operation 263 [1/1] (0.00ns)   --->   "%exp_buf_0_1_load_read = read i32 @_ssdm_op_Read.ap_auto.i32, i32 %exp_buf_0_1_load"   --->   Operation 263 'read' 'exp_buf_0_1_load_read' <Predicate = true> <Delay = 0.00>
ST_1 : Operation 264 [1/1] (0.00ns)   --->   "%exp_buf_0_0_load_read = read i32 @_ssdm_op_Read.ap_auto.i32, i32 %exp_buf_0_0_load"   --->   Operation 264 'read' 'exp_buf_0_0_load_read' <Predicate = true> <Delay = 0.00>
ST_1 : Operation 265 [1/1] (0.00ns)   --->   "%n_read = read i9 @_ssdm_op_Read.ap_auto.i9, i9 %n"   --->   Operation 265 'read' 'n_read' <Predicate = true> <Delay = 0.00>
ST_1 : Operation 266 [1/1] (0.00ns)   --->   "%blocks_cast_read = read i7 @_ssdm_op_Read.ap_auto.i7, i7 %blocks_cast"   --->   Operation 266 'read' 'blocks_cast_read' <Predicate = true> <Delay = 0.00>
ST_1 : Operation 267 [1/1] (0.00ns)   --->   "%zext_ln319_cast = zext i31 %zext_ln319_read"   --->   Operation 267 'zext' 'zext_ln319_cast' <Predicate = true> <Delay = 0.00>
ST_1 : Operation 268 [1/1] (0.00ns)   --->   "%specstablecontent_ln0 = specstablecontent void @_ssdm_op_SpecStableContent, i9 %n, i1 1, void @p_str"   --->   Operation 268 'specstablecontent' 'specstablecontent_ln0' <Predicate = true> <Delay = 0.00>
ST_1 : Operation 269 [1/1] (0.00ns)   --->   "%specinterface_ln0 = specinterface void @_ssdm_op_SpecInterface, i132 %prob_stream, void @empty_9, i32 0, i32 0, void @empty_2, i32 0, i32 0, void @empty_2, void @empty_2, void @empty_2, i32 0, i32 0, i32 0, i32 0, void @empty_2, void @empty_2, i32 4294967295, i32 0, i32 0"   --->   Operation 269 'specinterface' 'specinterface_ln0' <Predicate = true> <Delay = 0.00>
ST_1 : Operation 270 [1/1] (1.58ns)   --->   "%store_ln319 = store i7 0, i7 %blk" [softmax_accel_hls.cc:319]   --->   Operation 270 'store' 'store_ln319' <Predicate = true> <Delay = 1.58>
ST_1 : Operation 271 [1/1] (0.00ns)   --->   "%br_ln0 = br void %for.body"   --->   Operation 271 'br' 'br_ln0' <Predicate = true> <Delay = 0.00>
ST_1 : Operation 272 [1/1] (0.00ns)   --->   "%blk_3 = load i7 %blk" [softmax_accel_hls.cc:319]   --->   Operation 272 'load' 'blk_3' <Predicate = true> <Delay = 0.00>
ST_1 : Operation 273 [1/1] (1.87ns)   --->   "%icmp_ln319 = icmp_eq  i7 %blk_3, i7 %blocks_cast_read" [softmax_accel_hls.cc:319]   --->   Operation 273 'icmp' 'icmp_ln319' <Predicate = true> <Delay = 1.87> <CoreInst = "Cmp">   --->   Core 9 'Cmp' <Latency = 0> <II = 1> <Delay = 1.87> <FuncUnit> <Opcode : 'seteq' 'setne' 'setle' 'setge' 'setlt' 'setgt'> <InPorts = 2> <OutPorts = 1>
ST_1 : Operation 274 [1/1] (0.00ns)   --->   "%speclooptripcount_ln0 = speclooptripcount void @_ssdm_op_SpecLoopTripCount, i64 1, i64 64, i64 0"   --->   Operation 274 'speclooptripcount' 'speclooptripcount_ln0' <Predicate = true> <Delay = 0.00>
ST_1 : Operation 275 [1/1] (1.87ns)   --->   "%add_ln319 = add i7 %blk_3, i7 1" [softmax_accel_hls.cc:319]   --->   Operation 275 'add' 'add_ln319' <Predicate = true> <Delay = 1.87> <CoreInst = "Adder">   --->   Core 1 'Adder' <Latency = 0> <II = 1> <Delay = 1.87> <FuncUnit> <Opcode : 'add' 'sub'> <InPorts = 2> <OutPorts = 1>
ST_1 : Operation 276 [1/1] (0.00ns)   --->   "%br_ln319 = br i1 %icmp_ln319, void %for.body.split_ifconv, void %for.end.exitStub" [softmax_accel_hls.cc:319]   --->   Operation 276 'br' 'br_ln319' <Predicate = true> <Delay = 0.00>
ST_1 : Operation 277 [1/1] (0.00ns)   --->   "%trunc_ln319 = trunc i7 %blk_3" [softmax_accel_hls.cc:319]   --->   Operation 277 'trunc' 'trunc_ln319' <Predicate = (!icmp_ln319)> <Delay = 0.00>
ST_1 : Operation 278 [1/1] (0.00ns)   --->   "%shl_ln = bitconcatenate i8 @_ssdm_op_BitConcatenate.i8.i6.i2, i6 %trunc_ln319, i2 0" [softmax_accel_hls.cc:321]   --->   Operation 278 'bitconcatenate' 'shl_ln' <Predicate = (!icmp_ln319)> <Delay = 0.00>
ST_1 : Operation 279 [1/1] (0.00ns)   --->   "%zext_ln329 = zext i8 %shl_ln" [softmax_accel_hls.cc:329]   --->   Operation 279 'zext' 'zext_ln329' <Predicate = (!icmp_ln319)> <Delay = 0.00>
ST_1 : Operation 280 [1/1] (1.82ns)   --->   "%pkt_keep = icmp_ult  i9 %zext_ln329, i9 %n_read" [softmax_accel_hls.cc:329]   --->   Operation 280 'icmp' 'pkt_keep' <Predicate = (!icmp_ln319)> <Delay = 1.82> <CoreInst = "Cmp">   --->   Core 9 'Cmp' <Latency = 0> <II = 1> <Delay = 1.82> <FuncUnit> <Opcode : 'seteq' 'setne' 'setle' 'setge' 'setlt' 'setgt'> <InPorts = 2> <OutPorts = 1>
ST_1 : Operation 281 [1/1] (3.13ns)   --->   "%tmp = sparsemux i32 @_ssdm_op_SparseMux.ap_auto.64i32.i32.i6, i6 0, i32 %exp_buf_0_0_load_read, i6 1, i32 %exp_buf_0_1_load_read, i6 2, i32 %exp_buf_0_2_load_read, i6 3, i32 %exp_buf_0_3_load_read, i6 4, i32 %exp_buf_0_4_load_read, i6 5, i32 %exp_buf_0_5_load_read, i6 6, i32 %exp_buf_0_6_load_read, i6 7, i32 %exp_buf_0_7_load_read, i6 8, i32 %exp_buf_0_8_load_read, i6 9, i32 %exp_buf_0_9_load_read, i6 10, i32 %exp_buf_0_10_load_read, i6 11, i32 %exp_buf_0_11_load_read, i6 12, i32 %exp_buf_0_12_load_read, i6 13, i32 %exp_buf_0_13_load_read, i6 14, i32 %exp_buf_0_14_load_read, i6 15, i32 %exp_buf_0_15_load_read, i6 16, i32 %exp_buf_0_16_load_read, i6 17, i32 %exp_buf_0_17_load_read, i6 18, i32 %exp_buf_0_18_load_read, i6 19, i32 %exp_buf_0_19_load_read, i6 20, i32 %exp_buf_0_20_load_read, i6 21, i32 %exp_buf_0_21_load_read, i6 22, i32 %exp_buf_0_22_load_read, i6 23, i32 %exp_buf_0_23_load_read, i6 24, i32 %exp_buf_0_24_load_read, i6 25, i32 %exp_buf_0_25_load_read, i6 26, i32 %exp_buf_0_26_load_read, i6 27, i32 %exp_buf_0_27_load_read, i6 28, i32 %exp_buf_0_28_load_read, i6 29, i32 %exp_buf_0_29_load_read, i6 30, i32 %exp_buf_0_30_load_read, i6 31, i32 %exp_buf_0_31_load_read, i6 32, i32 %exp_buf_0_32_load_read, i6 33, i32 %exp_buf_0_33_load_read, i6 34, i32 %exp_buf_0_34_load_read, i6 35, i32 %exp_buf_0_35_load_read, i6 36, i32 %exp_buf_0_36_load_read, i6 37, i32 %exp_buf_0_37_load_read, i6 38, i32 %exp_buf_0_38_load_read, i6 39, i32 %exp_buf_0_39_load_read, i6 40, i32 %exp_buf_0_40_load_read, i6 41, i32 %exp_buf_0_41_load_read, i6 42, i32 %exp_buf_0_42_load_read, i6 43, i32 %exp_buf_0_43_load_read, i6 44, i32 %exp_buf_0_44_load_read, i6 45, i32 %exp_buf_0_45_load_read, i6 46, i32 %exp_buf_0_46_load_read, i6 47, i32 %exp_buf_0_47_load_read, i6 48, i32 %exp_buf_0_48_load_read, i6 49, i32 %exp_buf_0_49_load_read, i6 50, i32 %exp_buf_0_50_load_read, i6 51, i32 %exp_buf_0_51_load_read, i6 52, i32 %exp_buf_0_52_load_read, i6 53, i32 %exp_buf_0_53_load_read, i6 54, i32 %exp_buf_0_54_load_read, i6 55, i32 %exp_buf_0_55_load_read, i6 56, i32 %exp_buf_0_56_load_read, i6 57, i32 %exp_buf_0_57_load_read, i6 58, i32 %exp_buf_0_58_load_read, i6 59, i32 %exp_buf_0_59_load_read, i6 60, i32 %exp_buf_0_60_load_read, i6 61, i32 %exp_buf_0_61_load_read, i6 62, i32 %exp_buf_0_62_load_read, i6 63, i32 %exp_buf_0_63_load_read, i32 0, i6 %trunc_ln319" [softmax_accel_hls.cc:330]   --->   Operation 281 'sparsemux' 'tmp' <Predicate = (!icmp_ln319)> <Delay = 3.13> <CoreInst = "BinarySparseMux_DontCare">   --->   Core 137 'BinarySparseMux_DontCare' <Latency = 0> <II = 1> <Delay = 3.13> <FuncUnit> <Opcode : 'sparsemux'> <InPorts = 2> <OutPorts = 1>
ST_1 : Operation 282 [1/1] (0.00ns)   --->   "%or_ln = bitconcatenate i8 @_ssdm_op_BitConcatenate.i8.i6.i2, i6 %trunc_ln319, i2 1" [softmax_accel_hls.cc:334]   --->   Operation 282 'bitconcatenate' 'or_ln' <Predicate = (!icmp_ln319)> <Delay = 0.00>
ST_1 : Operation 283 [1/1] (0.00ns)   --->   "%zext_ln334 = zext i8 %or_ln" [softmax_accel_hls.cc:334]   --->   Operation 283 'zext' 'zext_ln334' <Predicate = (!icmp_ln319)> <Delay = 0.00>
ST_1 : Operation 284 [1/1] (1.82ns)   --->   "%icmp_ln334 = icmp_ult  i9 %zext_ln334, i9 %n_read" [softmax_accel_hls.cc:334]   --->   Operation 284 'icmp' 'icmp_ln334' <Predicate = (!icmp_ln319)> <Delay = 1.82> <CoreInst = "Cmp">   --->   Core 9 'Cmp' <Latency = 0> <II = 1> <Delay = 1.82> <FuncUnit> <Opcode : 'seteq' 'setne' 'setle' 'setge' 'setlt' 'setgt'> <InPorts = 2> <OutPorts = 1>
ST_1 : Operation 285 [1/1] (3.13ns)   --->   "%tmp_s = sparsemux i32 @_ssdm_op_SparseMux.ap_auto.64i32.i32.i6, i6 0, i32 %exp_buf_1_0_load_read, i6 1, i32 %exp_buf_1_1_load_read, i6 2, i32 %exp_buf_1_2_load_read, i6 3, i32 %exp_buf_1_3_load_read, i6 4, i32 %exp_buf_1_4_load_read, i6 5, i32 %exp_buf_1_5_load_read, i6 6, i32 %exp_buf_1_6_load_read, i6 7, i32 %exp_buf_1_7_load_read, i6 8, i32 %exp_buf_1_8_load_read, i6 9, i32 %exp_buf_1_9_load_read, i6 10, i32 %exp_buf_1_10_load_read, i6 11, i32 %exp_buf_1_11_load_read, i6 12, i32 %exp_buf_1_12_load_read, i6 13, i32 %exp_buf_1_13_load_read, i6 14, i32 %exp_buf_1_14_load_read, i6 15, i32 %exp_buf_1_15_load_read, i6 16, i32 %exp_buf_1_16_load_read, i6 17, i32 %exp_buf_1_17_load_read, i6 18, i32 %exp_buf_1_18_load_read, i6 19, i32 %exp_buf_1_19_load_read, i6 20, i32 %exp_buf_1_20_load_read, i6 21, i32 %exp_buf_1_21_load_read, i6 22, i32 %exp_buf_1_22_load_read, i6 23, i32 %exp_buf_1_23_load_read, i6 24, i32 %exp_buf_1_24_load_read, i6 25, i32 %exp_buf_1_25_load_read, i6 26, i32 %exp_buf_1_26_load_read, i6 27, i32 %exp_buf_1_27_load_read, i6 28, i32 %exp_buf_1_28_load_read, i6 29, i32 %exp_buf_1_29_load_read, i6 30, i32 %exp_buf_1_30_load_read, i6 31, i32 %exp_buf_1_31_load_read, i6 32, i32 %exp_buf_1_32_load_read, i6 33, i32 %exp_buf_1_33_load_read, i6 34, i32 %exp_buf_1_34_load_read, i6 35, i32 %exp_buf_1_35_load_read, i6 36, i32 %exp_buf_1_36_load_read, i6 37, i32 %exp_buf_1_37_load_read, i6 38, i32 %exp_buf_1_38_load_read, i6 39, i32 %exp_buf_1_39_load_read, i6 40, i32 %exp_buf_1_40_load_read, i6 41, i32 %exp_buf_1_41_load_read, i6 42, i32 %exp_buf_1_42_load_read, i6 43, i32 %exp_buf_1_43_load_read, i6 44, i32 %exp_buf_1_44_load_read, i6 45, i32 %exp_buf_1_45_load_read, i6 46, i32 %exp_buf_1_46_load_read, i6 47, i32 %exp_buf_1_47_load_read, i6 48, i32 %exp_buf_1_48_load_read, i6 49, i32 %exp_buf_1_49_load_read, i6 50, i32 %exp_buf_1_50_load_read, i6 51, i32 %exp_buf_1_51_load_read, i6 52, i32 %exp_buf_1_52_load_read, i6 53, i32 %exp_buf_1_53_load_read, i6 54, i32 %exp_buf_1_54_load_read, i6 55, i32 %exp_buf_1_55_load_read, i6 56, i32 %exp_buf_1_56_load_read, i6 57, i32 %exp_buf_1_57_load_read, i6 58, i32 %exp_buf_1_58_load_read, i6 59, i32 %exp_buf_1_59_load_read, i6 60, i32 %exp_buf_1_60_load_read, i6 61, i32 %exp_buf_1_61_load_read, i6 62, i32 %exp_buf_1_62_load_read, i6 63, i32 %exp_buf_1_63_load_read, i32 0, i6 %trunc_ln319" [softmax_accel_hls.cc:335]   --->   Operation 285 'sparsemux' 'tmp_s' <Predicate = (!icmp_ln319)> <Delay = 3.13> <CoreInst = "BinarySparseMux_DontCare">   --->   Core 137 'BinarySparseMux_DontCare' <Latency = 0> <II = 1> <Delay = 3.13> <FuncUnit> <Opcode : 'sparsemux'> <InPorts = 2> <OutPorts = 1>
ST_1 : Operation 286 [1/1] (0.00ns)   --->   "%or_ln3 = bitconcatenate i8 @_ssdm_op_BitConcatenate.i8.i6.i2, i6 %trunc_ln319, i2 2" [softmax_accel_hls.cc:339]   --->   Operation 286 'bitconcatenate' 'or_ln3' <Predicate = (!icmp_ln319)> <Delay = 0.00>
ST_1 : Operation 287 [1/1] (0.00ns)   --->   "%zext_ln339 = zext i8 %or_ln3" [softmax_accel_hls.cc:339]   --->   Operation 287 'zext' 'zext_ln339' <Predicate = (!icmp_ln319)> <Delay = 0.00>
ST_1 : Operation 288 [1/1] (1.82ns)   --->   "%icmp_ln339 = icmp_ult  i9 %zext_ln339, i9 %n_read" [softmax_accel_hls.cc:339]   --->   Operation 288 'icmp' 'icmp_ln339' <Predicate = (!icmp_ln319)> <Delay = 1.82> <CoreInst = "Cmp">   --->   Core 9 'Cmp' <Latency = 0> <II = 1> <Delay = 1.82> <FuncUnit> <Opcode : 'seteq' 'setne' 'setle' 'setge' 'setlt' 'setgt'> <InPorts = 2> <OutPorts = 1>
ST_1 : Operation 289 [1/1] (3.13ns)   --->   "%tmp_50 = sparsemux i32 @_ssdm_op_SparseMux.ap_auto.64i32.i32.i6, i6 0, i32 %exp_buf_2_0_load_read, i6 1, i32 %exp_buf_2_1_load_read, i6 2, i32 %exp_buf_2_2_load_read, i6 3, i32 %exp_buf_2_3_load_read, i6 4, i32 %exp_buf_2_4_load_read, i6 5, i32 %exp_buf_2_5_load_read, i6 6, i32 %exp_buf_2_6_load_read, i6 7, i32 %exp_buf_2_7_load_read, i6 8, i32 %exp_buf_2_8_load_read, i6 9, i32 %exp_buf_2_9_load_read, i6 10, i32 %exp_buf_2_10_load_read, i6 11, i32 %exp_buf_2_11_load_read, i6 12, i32 %exp_buf_2_12_load_read, i6 13, i32 %exp_buf_2_13_load_read, i6 14, i32 %exp_buf_2_14_load_read, i6 15, i32 %exp_buf_2_15_load_read, i6 16, i32 %exp_buf_2_16_load_read, i6 17, i32 %exp_buf_2_17_load_read, i6 18, i32 %exp_buf_2_18_load_read, i6 19, i32 %exp_buf_2_19_load_read, i6 20, i32 %exp_buf_2_20_load_read, i6 21, i32 %exp_buf_2_21_load_read, i6 22, i32 %exp_buf_2_22_load_read, i6 23, i32 %exp_buf_2_23_load_read, i6 24, i32 %exp_buf_2_24_load_read, i6 25, i32 %exp_buf_2_25_load_read, i6 26, i32 %exp_buf_2_26_load_read, i6 27, i32 %exp_buf_2_27_load_read, i6 28, i32 %exp_buf_2_28_load_read, i6 29, i32 %exp_buf_2_29_load_read, i6 30, i32 %exp_buf_2_30_load_read, i6 31, i32 %exp_buf_2_31_load_read, i6 32, i32 %exp_buf_2_32_load_read, i6 33, i32 %exp_buf_2_33_load_read, i6 34, i32 %exp_buf_2_34_load_read, i6 35, i32 %exp_buf_2_35_load_read, i6 36, i32 %exp_buf_2_36_load_read, i6 37, i32 %exp_buf_2_37_load_read, i6 38, i32 %exp_buf_2_38_load_read, i6 39, i32 %exp_buf_2_39_load_read, i6 40, i32 %exp_buf_2_40_load_read, i6 41, i32 %exp_buf_2_41_load_read, i6 42, i32 %exp_buf_2_42_load_read, i6 43, i32 %exp_buf_2_43_load_read, i6 44, i32 %exp_buf_2_44_load_read, i6 45, i32 %exp_buf_2_45_load_read, i6 46, i32 %exp_buf_2_46_load_read, i6 47, i32 %exp_buf_2_47_load_read, i6 48, i32 %exp_buf_2_48_load_read, i6 49, i32 %exp_buf_2_49_load_read, i6 50, i32 %exp_buf_2_50_load_read, i6 51, i32 %exp_buf_2_51_load_read, i6 52, i32 %exp_buf_2_52_load_read, i6 53, i32 %exp_buf_2_53_load_read, i6 54, i32 %exp_buf_2_54_load_read, i6 55, i32 %exp_buf_2_55_load_read, i6 56, i32 %exp_buf_2_56_load_read, i6 57, i32 %exp_buf_2_57_load_read, i6 58, i32 %exp_buf_2_58_load_read, i6 59, i32 %exp_buf_2_59_load_read, i6 60, i32 %exp_buf_2_60_load_read, i6 61, i32 %exp_buf_2_61_load_read, i6 62, i32 %exp_buf_2_62_load_read, i6 63, i32 %exp_buf_2_63_load_read, i32 0, i6 %trunc_ln319" [softmax_accel_hls.cc:340]   --->   Operation 289 'sparsemux' 'tmp_50' <Predicate = (!icmp_ln319)> <Delay = 3.13> <CoreInst = "BinarySparseMux_DontCare">   --->   Core 137 'BinarySparseMux_DontCare' <Latency = 0> <II = 1> <Delay = 3.13> <FuncUnit> <Opcode : 'sparsemux'> <InPorts = 2> <OutPorts = 1>
ST_1 : Operation 290 [1/1] (0.00ns)   --->   "%or_ln4 = bitconcatenate i8 @_ssdm_op_BitConcatenate.i8.i6.i2, i6 %trunc_ln319, i2 3" [softmax_accel_hls.cc:344]   --->   Operation 290 'bitconcatenate' 'or_ln4' <Predicate = (!icmp_ln319)> <Delay = 0.00>
ST_1 : Operation 291 [1/1] (0.00ns)   --->   "%zext_ln344 = zext i8 %or_ln4" [softmax_accel_hls.cc:344]   --->   Operation 291 'zext' 'zext_ln344' <Predicate = (!icmp_ln319)> <Delay = 0.00>
ST_1 : Operation 292 [1/1] (1.82ns)   --->   "%icmp_ln344 = icmp_ult  i9 %zext_ln344, i9 %n_read" [softmax_accel_hls.cc:344]   --->   Operation 292 'icmp' 'icmp_ln344' <Predicate = (!icmp_ln319)> <Delay = 1.82> <CoreInst = "Cmp">   --->   Core 9 'Cmp' <Latency = 0> <II = 1> <Delay = 1.82> <FuncUnit> <Opcode : 'seteq' 'setne' 'setle' 'setge' 'setlt' 'setgt'> <InPorts = 2> <OutPorts = 1>
ST_1 : Operation 293 [1/1] (3.13ns)   --->   "%tmp_51 = sparsemux i32 @_ssdm_op_SparseMux.ap_auto.64i32.i32.i6, i6 0, i32 %exp_buf_3_0_load_read, i6 1, i32 %exp_buf_3_1_load_read, i6 2, i32 %exp_buf_3_2_load_read, i6 3, i32 %exp_buf_3_3_load_read, i6 4, i32 %exp_buf_3_4_load_read, i6 5, i32 %exp_buf_3_5_load_read, i6 6, i32 %exp_buf_3_6_load_read, i6 7, i32 %exp_buf_3_7_load_read, i6 8, i32 %exp_buf_3_8_load_read, i6 9, i32 %exp_buf_3_9_load_read, i6 10, i32 %exp_buf_3_10_load_read, i6 11, i32 %exp_buf_3_11_load_read, i6 12, i32 %exp_buf_3_12_load_read, i6 13, i32 %exp_buf_3_13_load_read, i6 14, i32 %exp_buf_3_14_load_read, i6 15, i32 %exp_buf_3_15_load_read, i6 16, i32 %exp_buf_3_16_load_read, i6 17, i32 %exp_buf_3_17_load_read, i6 18, i32 %exp_buf_3_18_load_read, i6 19, i32 %exp_buf_3_19_load_read, i6 20, i32 %exp_buf_3_20_load_read, i6 21, i32 %exp_buf_3_21_load_read, i6 22, i32 %exp_buf_3_22_load_read, i6 23, i32 %exp_buf_3_23_load_read, i6 24, i32 %exp_buf_3_24_load_read, i6 25, i32 %exp_buf_3_25_load_read, i6 26, i32 %exp_buf_3_26_load_read, i6 27, i32 %exp_buf_3_27_load_read, i6 28, i32 %exp_buf_3_28_load_read, i6 29, i32 %exp_buf_3_29_load_read, i6 30, i32 %exp_buf_3_30_load_read, i6 31, i32 %exp_buf_3_31_load_read, i6 32, i32 %exp_buf_3_32_load_read, i6 33, i32 %exp_buf_3_33_load_read, i6 34, i32 %exp_buf_3_34_load_read, i6 35, i32 %exp_buf_3_35_load_read, i6 36, i32 %exp_buf_3_36_load_read, i6 37, i32 %exp_buf_3_37_load_read, i6 38, i32 %exp_buf_3_38_load_read, i6 39, i32 %exp_buf_3_39_load_read, i6 40, i32 %exp_buf_3_40_load_read, i6 41, i32 %exp_buf_3_41_load_read, i6 42, i32 %exp_buf_3_42_load_read, i6 43, i32 %exp_buf_3_43_load_read, i6 44, i32 %exp_buf_3_44_load_read, i6 45, i32 %exp_buf_3_45_load_read, i6 46, i32 %exp_buf_3_46_load_read, i6 47, i32 %exp_buf_3_47_load_read, i6 48, i32 %exp_buf_3_48_load_read, i6 49, i32 %exp_buf_3_49_load_read, i6 50, i32 %exp_buf_3_50_load_read, i6 51, i32 %exp_buf_3_51_load_read, i6 52, i32 %exp_buf_3_52_load_read, i6 53, i32 %exp_buf_3_53_load_read, i6 54, i32 %exp_buf_3_54_load_read, i6 55, i32 %exp_buf_3_55_load_read, i6 56, i32 %exp_buf_3_56_load_read, i6 57, i32 %exp_buf_3_57_load_read, i6 58, i32 %exp_buf_3_58_load_read, i6 59, i32 %exp_buf_3_59_load_read, i6 60, i32 %exp_buf_3_60_load_read, i6 61, i32 %exp_buf_3_61_load_read, i6 62, i32 %exp_buf_3_62_load_read, i6 63, i32 %exp_buf_3_63_load_read, i32 0, i6 %trunc_ln319" [softmax_accel_hls.cc:345]   --->   Operation 293 'sparsemux' 'tmp_51' <Predicate = (!icmp_ln319)> <Delay = 3.13> <CoreInst = "BinarySparseMux_DontCare">   --->   Core 137 'BinarySparseMux_DontCare' <Latency = 0> <II = 1> <Delay = 3.13> <FuncUnit> <Opcode : 'sparsemux'> <InPorts = 2> <OutPorts = 1>
ST_1 : Operation 294 [1/1] (1.58ns)   --->   "%store_ln319 = store i7 %add_ln319, i7 %blk" [softmax_accel_hls.cc:319]   --->   Operation 294 'store' 'store_ln319' <Predicate = (!icmp_ln319)> <Delay = 1.58>

State 2 <SV = 1> <Delay = 8.51>
ST_2 : Operation 295 [1/1] (0.00ns)   --->   "%zext_ln330 = zext i32 %tmp" [softmax_accel_hls.cc:330]   --->   Operation 295 'zext' 'zext_ln330' <Predicate = (pkt_keep)> <Delay = 0.00>
ST_2 : Operation 296 [1/1] (8.51ns)   --->   "%prod0 = mul i62 %zext_ln330, i62 %zext_ln319_cast" [softmax_accel_hls.cc:330]   --->   Operation 296 'mul' 'prod0' <Predicate = (pkt_keep)> <Delay = 8.51> <CoreInst = "Multiplier">   --->   Core 3 'Multiplier' <Latency = 0> <II = 1> <Delay = 8.51> <FuncUnit> <Opcode : 'mul'> <InPorts = 2> <OutPorts = 1>
ST_2 : Operation 297 [1/1] (0.00ns)   --->   "%pkt_v0 = partselect i32 @_ssdm_op_PartSelect.i32.i62.i32.i32, i62 %prod0, i32 30, i32 61" [softmax_accel_hls.cc:331]   --->   Operation 297 'partselect' 'pkt_v0' <Predicate = (pkt_keep)> <Delay = 0.00>
ST_2 : Operation 298 [1/1] (0.00ns)   --->   "%zext_ln335 = zext i32 %tmp_s" [softmax_accel_hls.cc:335]   --->   Operation 298 'zext' 'zext_ln335' <Predicate = (icmp_ln334)> <Delay = 0.00>
ST_2 : Operation 299 [1/1] (8.51ns)   --->   "%prod1 = mul i62 %zext_ln335, i62 %zext_ln319_cast" [softmax_accel_hls.cc:335]   --->   Operation 299 'mul' 'prod1' <Predicate = (icmp_ln334)> <Delay = 8.51> <CoreInst = "Multiplier">   --->   Core 3 'Multiplier' <Latency = 0> <II = 1> <Delay = 8.51> <FuncUnit> <Opcode : 'mul'> <InPorts = 2> <OutPorts = 1>
ST_2 : Operation 300 [1/1] (0.00ns)   --->   "%pkt_v1 = partselect i32 @_ssdm_op_PartSelect.i32.i62.i32.i32, i62 %prod1, i32 30, i32 61" [softmax_accel_hls.cc:336]   --->   Operation 300 'partselect' 'pkt_v1' <Predicate = (icmp_ln334)> <Delay = 0.00>
ST_2 : Operation 301 [1/1] (0.00ns)   --->   "%zext_ln340 = zext i32 %tmp_50" [softmax_accel_hls.cc:340]   --->   Operation 301 'zext' 'zext_ln340' <Predicate = (icmp_ln339)> <Delay = 0.00>
ST_2 : Operation 302 [1/1] (8.51ns)   --->   "%prod2 = mul i62 %zext_ln340, i62 %zext_ln319_cast" [softmax_accel_hls.cc:340]   --->   Operation 302 'mul' 'prod2' <Predicate = (icmp_ln339)> <Delay = 8.51> <CoreInst = "Multiplier">   --->   Core 3 'Multiplier' <Latency = 0> <II = 1> <Delay = 8.51> <FuncUnit> <Opcode : 'mul'> <InPorts = 2> <OutPorts = 1>
ST_2 : Operation 303 [1/1] (0.00ns)   --->   "%pkt_v2 = partselect i32 @_ssdm_op_PartSelect.i32.i62.i32.i32, i62 %prod2, i32 30, i32 61" [softmax_accel_hls.cc:341]   --->   Operation 303 'partselect' 'pkt_v2' <Predicate = (icmp_ln339)> <Delay = 0.00>
ST_2 : Operation 304 [1/1] (0.00ns)   --->   "%zext_ln345 = zext i32 %tmp_51" [softmax_accel_hls.cc:345]   --->   Operation 304 'zext' 'zext_ln345' <Predicate = (icmp_ln344)> <Delay = 0.00>
ST_2 : Operation 305 [1/1] (8.51ns)   --->   "%prod3 = mul i62 %zext_ln345, i62 %zext_ln319_cast" [softmax_accel_hls.cc:345]   --->   Operation 305 'mul' 'prod3' <Predicate = (icmp_ln344)> <Delay = 8.51> <CoreInst = "Multiplier">   --->   Core 3 'Multiplier' <Latency = 0> <II = 1> <Delay = 8.51> <FuncUnit> <Opcode : 'mul'> <InPorts = 2> <OutPorts = 1>
ST_2 : Operation 306 [1/1] (0.00ns)   --->   "%pkt_v3 = partselect i32 @_ssdm_op_PartSelect.i32.i62.i32.i32, i62 %prod3, i32 30, i32 61" [softmax_accel_hls.cc:346]   --->   Operation 306 'partselect' 'pkt_v3' <Predicate = (icmp_ln344)> <Delay = 0.00>
ST_2 : Operation 325 [1/1] (1.58ns)   --->   "%ret_ln0 = ret"   --->   Operation 325 'ret' 'ret_ln0' <Predicate = (icmp_ln319)> <Delay = 1.58>

State 3 <SV = 2> <Delay = 6.70>
ST_3 : Operation 307 [1/1] (0.00ns)   --->   "%specpipeline_ln320 = specpipeline void @_ssdm_op_SpecPipeline, i32 1, i32 0, i32 0, i32 0, void @empty_2" [softmax_accel_hls.cc:320]   --->   Operation 307 'specpipeline' 'specpipeline_ln320' <Predicate = true> <Delay = 0.00>
ST_3 : Operation 308 [1/1] (0.00ns)   --->   "%specloopname_ln319 = specloopname void @_ssdm_op_SpecLoopName, void @empty" [softmax_accel_hls.cc:319]   --->   Operation 308 'specloopname' 'specloopname_ln319' <Predicate = true> <Delay = 0.00>
ST_3 : Operation 309 [1/1] (0.69ns)   --->   "%pkt_v0_1 = select i1 %pkt_keep, i32 %pkt_v0, i32 0" [softmax_accel_hls.cc:329]   --->   Operation 309 'select' 'pkt_v0_1' <Predicate = true> <Delay = 0.69> <CoreInst = "Sel">   --->   Core 73 'Sel' <Latency = 0> <II = 1> <Delay = 0.69> <FuncUnit> <Opcode : 'select'> <InPorts = 3> <OutPorts = 1>
ST_3 : Operation 310 [1/1] (0.00ns)   --->   "%zext_ln322 = zext i1 %pkt_keep" [softmax_accel_hls.cc:322]   --->   Operation 310 'zext' 'zext_ln322' <Predicate = (!icmp_ln334)> <Delay = 0.00>
ST_3 : Operation 311 [1/1] (0.00ns)   --->   "%pkt_keep_1 = bitconcatenate i2 @_ssdm_op_BitConcatenate.i2.i1.i1, i1 1, i1 %pkt_keep" [softmax_accel_hls.cc:337]   --->   Operation 311 'bitconcatenate' 'pkt_keep_1' <Predicate = (icmp_ln334)> <Delay = 0.00>
ST_3 : Operation 312 [1/1] (0.69ns)   --->   "%pkt_v1_1 = select i1 %icmp_ln334, i32 %pkt_v1, i32 0" [softmax_accel_hls.cc:334]   --->   Operation 312 'select' 'pkt_v1_1' <Predicate = true> <Delay = 0.69> <CoreInst = "Sel">   --->   Core 73 'Sel' <Latency = 0> <II = 1> <Delay = 0.69> <FuncUnit> <Opcode : 'select'> <InPorts = 3> <OutPorts = 1>
ST_3 : Operation 313 [1/1] (0.99ns)   --->   "%pkt_keep_4 = select i1 %icmp_ln334, i2 %pkt_keep_1, i2 %zext_ln322" [softmax_accel_hls.cc:322]   --->   Operation 313 'select' 'pkt_keep_4' <Predicate = true> <Delay = 0.99> <CoreInst = "Sel">   --->   Core 73 'Sel' <Latency = 0> <II = 1> <Delay = 0.99> <FuncUnit> <Opcode : 'select'> <InPorts = 3> <OutPorts = 1>
ST_3 : Operation 314 [1/1] (0.00ns)   --->   "%zext_ln322_1 = zext i2 %pkt_keep_4" [softmax_accel_hls.cc:322]   --->   Operation 314 'zext' 'zext_ln322_1' <Predicate = (!icmp_ln339)> <Delay = 0.00>
ST_3 : Operation 315 [1/1] (0.00ns)   --->   "%pkt_keep_5 = bitconcatenate i3 @_ssdm_op_BitConcatenate.i3.i1.i2, i1 1, i2 %pkt_keep_4" [softmax_accel_hls.cc:342]   --->   Operation 315 'bitconcatenate' 'pkt_keep_5' <Predicate = (icmp_ln339)> <Delay = 0.00>
ST_3 : Operation 316 [1/1] (0.69ns)   --->   "%pkt_v2_1 = select i1 %icmp_ln339, i32 %pkt_v2, i32 0" [softmax_accel_hls.cc:339]   --->   Operation 316 'select' 'pkt_v2_1' <Predicate = true> <Delay = 0.69> <CoreInst = "Sel">   --->   Core 73 'Sel' <Latency = 0> <II = 1> <Delay = 0.69> <FuncUnit> <Opcode : 'select'> <InPorts = 3> <OutPorts = 1>
ST_3 : Operation 317 [1/1] (0.98ns)   --->   "%pkt_keep_2 = select i1 %icmp_ln339, i3 %pkt_keep_5, i3 %zext_ln322_1" [softmax_accel_hls.cc:339]   --->   Operation 317 'select' 'pkt_keep_2' <Predicate = true> <Delay = 0.98> <CoreInst = "Sel">   --->   Core 73 'Sel' <Latency = 0> <II = 1> <Delay = 0.98> <FuncUnit> <Opcode : 'select'> <InPorts = 3> <OutPorts = 1>
ST_3 : Operation 318 [1/1] (0.00ns)   --->   "%zext_ln322_2 = zext i3 %pkt_keep_2" [softmax_accel_hls.cc:322]   --->   Operation 318 'zext' 'zext_ln322_2' <Predicate = true> <Delay = 0.00>
ST_3 : Operation 319 [1/1] (0.00ns)   --->   "%pkt_keep_6 = bitset i4 @_ssdm_op_BitSet.i4.i4.i32.i1, i4 %zext_ln322_2, i32 3, i1 1" [softmax_accel_hls.cc:347]   --->   Operation 319 'bitset' 'pkt_keep_6' <Predicate = (icmp_ln344)> <Delay = 0.00>
ST_3 : Operation 320 [1/1] (0.69ns)   --->   "%pkt_v3_1 = select i1 %icmp_ln344, i32 %pkt_v3, i32 0" [softmax_accel_hls.cc:344]   --->   Operation 320 'select' 'pkt_v3_1' <Predicate = true> <Delay = 0.69> <CoreInst = "Sel">   --->   Core 73 'Sel' <Latency = 0> <II = 1> <Delay = 0.69> <FuncUnit> <Opcode : 'select'> <InPorts = 3> <OutPorts = 1>
ST_3 : Operation 321 [1/1] (1.02ns)   --->   "%pkt_keep_3 = select i1 %icmp_ln344, i4 %pkt_keep_6, i4 %zext_ln322_2" [softmax_accel_hls.cc:344]   --->   Operation 321 'select' 'pkt_keep_3' <Predicate = true> <Delay = 1.02> <CoreInst = "Sel">   --->   Core 73 'Sel' <Latency = 0> <II = 1> <Delay = 1.02> <FuncUnit> <Opcode : 'select'> <InPorts = 3> <OutPorts = 1>
ST_3 : Operation 322 [1/1] (0.00ns)   --->   "%p_0 = bitconcatenate i132 @_ssdm_op_BitConcatenate.i132.i4.i32.i32.i32.i32, i4 %pkt_keep_3, i32 %pkt_v3_1, i32 %pkt_v2_1, i32 %pkt_v1_1, i32 %pkt_v0_1" [softmax_accel_hls.cc:350]   --->   Operation 322 'bitconcatenate' 'p_0' <Predicate = true> <Delay = 0.00>
ST_3 : Operation 323 [1/1] ( I:3.70ns O:3.70ns )   --->   "%write_ln350 = write void @_ssdm_op_Write.ap_fifo.volatile.i132P0A, i132 %prob_stream, i132 %p_0" [softmax_accel_hls.cc:350]   --->   Operation 323 'write' 'write_ln350' <Predicate = true> <Delay = 3.70> <CoreInst = "FIFO">   --->   Core 77 'FIFO' <Latency = 0> <II = 1> <Delay = 3.70> <Storage> <Opcode : 'read' 'write' 'nbread' 'nbwrite'> <Ports = 0> <Width = 132> <Depth = 16> <FIFO>
ST_3 : Operation 324 [1/1] (0.00ns)   --->   "%br_ln319 = br void %for.body" [softmax_accel_hls.cc:319]   --->   Operation 324 'br' 'br_ln319' <Predicate = true> <Delay = 0.00>


============================================================
+ Verbose Summary: Timing violations
============================================================
Target clock period: 11.800ns, clock uncertainty: 3.186ns.

 <State 1>: 5.046ns
The critical path consists of the following:
	'store' operation 0 bit ('store_ln319', softmax_accel_hls.cc:319) of constant 0 on local variable 'blk', softmax_accel_hls.cc:319 [525]  (1.588 ns)
	'load' operation 7 bit ('blk', softmax_accel_hls.cc:319) on local variable 'blk', softmax_accel_hls.cc:319 [528]  (0.000 ns)
	'icmp' operation 1 bit ('icmp_ln319', softmax_accel_hls.cc:319) [529]  (1.870 ns)
	'store' operation 0 bit ('store_ln319', softmax_accel_hls.cc:319) of variable 'add_ln319', softmax_accel_hls.cc:319 on local variable 'blk', softmax_accel_hls.cc:319 [580]  (1.588 ns)

 <State 2>: 8.510ns
The critical path consists of the following:
	'mul' operation 62 bit ('prod0', softmax_accel_hls.cc:330) [542]  (8.510 ns)

 <State 3>: 6.704ns
The critical path consists of the following:
	'select' operation 2 bit ('pkt.keep', softmax_accel_hls.cc:322) [555]  (0.993 ns)
	'select' operation 3 bit ('pkt.keep', softmax_accel_hls.cc:339) [566]  (0.980 ns)
	'select' operation 4 bit ('pkt.keep', softmax_accel_hls.cc:344) [577]  (1.024 ns)
	fifo write operation ('write_ln350', softmax_accel_hls.cc:350) on port 'prob_stream' (softmax_accel_hls.cc:350) [579]  (3.707 ns)


============================================================
+ Verbose Summary: Binding
============================================================
N/A
* FSMD analyzer results:
  - Output states:
 - Input state : 
  - Chain level:
	State 1
	State 2
	State 3


============================================================
+ Verbose Summary: Datapath Resource usage 
============================================================
N/A
