

================================================================
== Vitis HLS Report for 'write_prob_stream'
================================================================
* Date:           Sat Mar 14 16:27:06 2026

* Version:        2025.1 (Build 6135595 on May 21 2025)
* Project:        Prometheus_SoC
* Solution:       hls (Vivado IP Flow Target)
* Product family: zynq
* Target device:  xc7z020-clg400-1


================================================================
== Performance Estimates
================================================================
+ Timing: 
    * Summary: 
    +--------+----------+----------+------------+
    |  Clock |  Target  | Estimated| Uncertainty|
    +--------+----------+----------+------------+
    |ap_clk  |  11.80 ns|  7.553 ns|     3.19 ns|
    +--------+----------+----------+------------+

+ Latency: 
    * Summary: 
    +---------+---------+-----------+----------+-----+-----+---------+
    |  Latency (cycles) |  Latency (absolute)  |  Interval | Pipeline|
    |   min   |   max   |    min    |    max   | min | max |   Type  |
    +---------+---------+-----------+----------+-----+-----+---------+
    |        4|       70|  47.200 ns|  0.826 us|    4|   70|       no|
    +---------+---------+-----------+----------+-----+-----+---------+

    + Detail: 
        * Instance: 
        +-------------------------------------------------------+--------------------------------------------+---------+---------+-----------+----------+-----+-----+------------------------------------------------+
        |                                                       |                                            |  Latency (cycles) |  Latency (absolute)  |  Interval |                    Pipeline                    |
        |                        Instance                       |                   Module                   |   min   |   max   |    min    |    max   | min | max |                      Type                      |
        +-------------------------------------------------------+--------------------------------------------+---------+---------+-----------+----------+-----+-----+------------------------------------------------+
        |grp_write_prob_stream_Pipeline_prob_write_loop_fu_101  |write_prob_stream_Pipeline_prob_write_loop  |        2|       66|  23.600 ns|  0.779 us|    1|   65|  loop auto-rewind stp (delay=0 clock cycles(s))|
        +-------------------------------------------------------+--------------------------------------------+---------+---------+-----------+----------+-----+-----+------------------------------------------------+

        * Loop: 
        N/A

============================================================
+ Verbose Summary: Synthesis Manager
============================================================
InlineROM: 1
ExposeGlobal: 0
============================================================
+ Verbose Summary: CDFG Model
============================================================
IsTopModel: 0
ResetActiveHigh: 1
IsCombinational: 2
IsDatapathOnly: 0
HasWiredReturn: 1
HasMFsm: 0
HasVarLatency: 1
IsPipeline: 0
IsRtlPipelined: 0
IsInstanceOverlapped: 0
IsDontTouch: 0
HasImplIP: 0
IsGatedGlobalClock: 0


============================================================
+ Verbose Summary: Schedule
============================================================
* Number of FSM states : 5
* Pipeline : 0
* Dataflow Pipeline: 0

* FSM state transitions: 
1 --> 2 
2 --> 3 5 
3 --> 4 
4 --> 5 
5 --> 

* FSM state operations: 

State 1 <SV = 0> <Delay = 3.45>
ST_1 : Operation 6 [1/1] (0.00ns)   --->   "%n_read = read i9 @_ssdm_op_Read.ap_auto.i9, i9 %n"   --->   Operation 6 'read' 'n_read' <Predicate = true> <Delay = 0.00>
ST_1 : Operation 7 [1/1] (0.00ns)   --->   "%pr_l_read = read i14 @_ssdm_op_Read.ap_auto.i14, i14 %pr_l"   --->   Operation 7 'read' 'pr_l_read' <Predicate = true> <Delay = 0.00>
ST_1 : Operation 8 [1/1] (0.00ns)   --->   "%tail = trunc i9 %n_read"   --->   Operation 8 'trunc' 'tail' <Predicate = true> <Delay = 0.00>
ST_1 : Operation 9 [1/1] (0.00ns)   --->   "%full_blocks = partselect i7 @_ssdm_op_PartSelect.i7.i9.i32.i32, i9 %n_read, i32 2, i32 8" [softmax_accel_hls.cc:361]   --->   Operation 9 'partselect' 'full_blocks' <Predicate = true> <Delay = 0.00>
ST_1 : Operation 10 [2/2] (3.45ns)   --->   "%call_ln361 = call void @write_prob_stream_Pipeline_prob_write_loop, i7 %full_blocks, i132 %prob_stream, i14 %pr_l_read, i128 %mem" [softmax_accel_hls.cc:361]   --->   Operation 10 'call' 'call_ln361' <Predicate = true> <Delay = 3.45> <CoreType = "Generic">   --->   Generic Core
ST_1 : Operation 11 [1/1] (1.56ns)   --->   "%icmp_ln378 = icmp_eq  i2 %tail, i2 0" [softmax_accel_hls.cc:378]   --->   Operation 11 'icmp' 'icmp_ln378' <Predicate = true> <Delay = 1.56> <CoreInst = "Cmp">   --->   Core 9 'Cmp' <Latency = 0> <II = 1> <Delay = 1.56> <FuncUnit> <Opcode : 'seteq' 'setne' 'setle' 'setge' 'setlt' 'setgt'> <InPorts = 2> <OutPorts = 1>

State 2 <SV = 1> <Delay = 5.04>
ST_2 : Operation 12 [1/1] (0.00ns)   --->   "%specstablecontent_ln0 = specstablecontent void @_ssdm_op_SpecStableContent, i9 %n, i1 1, void @p_str"   --->   Operation 12 'specstablecontent' 'specstablecontent_ln0' <Predicate = true> <Delay = 0.00>
ST_2 : Operation 13 [1/1] (0.00ns)   --->   "%specstablecontent_ln0 = specstablecontent void @_ssdm_op_SpecStableContent, i14 %pr_l, i1 1, void @p_str"   --->   Operation 13 'specstablecontent' 'specstablecontent_ln0' <Predicate = true> <Delay = 0.00>
ST_2 : Operation 14 [1/1] (0.00ns)   --->   "%specinterface_ln0 = specinterface void @_ssdm_op_SpecInterface, i132 %prob_stream, void @empty_9, i32 0, i32 0, void @empty_2, i32 0, i32 0, void @empty_2, void @empty_2, void @empty_2, i32 0, i32 0, i32 0, i32 0, void @empty_2, void @empty_2, i32 4294967295, i32 0, i32 0"   --->   Operation 14 'specinterface' 'specinterface_ln0' <Predicate = true> <Delay = 0.00>
ST_2 : Operation 15 [1/1] (0.00ns)   --->   "%specinterface_ln0 = specinterface void @_ssdm_op_SpecInterface, i128 %mem, void @empty_3, i32 0, i32 0, void @empty_2, i32 4294967295, i32 0, void @empty_2, void @empty_2, void @empty_2, i32 0, i32 0, i32 0, i32 0, void @empty_2, void @empty_2, i32 4294967295, i32 0, i32 0"   --->   Operation 15 'specinterface' 'specinterface_ln0' <Predicate = true> <Delay = 0.00>
ST_2 : Operation 16 [1/1] (0.00ns)   --->   "%zext_ln361 = zext i7 %full_blocks" [softmax_accel_hls.cc:361]   --->   Operation 16 'zext' 'zext_ln361' <Predicate = true> <Delay = 0.00>
ST_2 : Operation 17 [1/2] (5.04ns)   --->   "%call_ln361 = call void @write_prob_stream_Pipeline_prob_write_loop, i7 %full_blocks, i132 %prob_stream, i14 %pr_l_read, i128 %mem" [softmax_accel_hls.cc:361]   --->   Operation 17 'call' 'call_ln361' <Predicate = true> <Delay = 5.04> <CoreType = "Generic">   --->   Generic Core
ST_2 : Operation 18 [1/1] (0.00ns)   --->   "%br_ln378 = br i1 %icmp_ln378, void %if.then_ifconv, void %if.end37" [softmax_accel_hls.cc:378]   --->   Operation 18 'br' 'br_ln378' <Predicate = true> <Delay = 0.00>
ST_2 : Operation 19 [1/1] (1.81ns)   --->   "%add_ln380 = add i14 %zext_ln361, i14 %pr_l_read" [softmax_accel_hls.cc:380]   --->   Operation 19 'add' 'add_ln380' <Predicate = (!icmp_ln378)> <Delay = 1.81> <CoreInst = "Adder">   --->   Core 1 'Adder' <Latency = 0> <II = 1> <Delay = 1.81> <FuncUnit> <Opcode : 'add' 'sub'> <InPorts = 2> <OutPorts = 1>

State 3 <SV = 2> <Delay = 3.25>
ST_3 : Operation 20 [1/1] (0.00ns)   --->   "%zext_ln380 = zext i14 %add_ln380" [softmax_accel_hls.cc:380]   --->   Operation 20 'zext' 'zext_ln380' <Predicate = true> <Delay = 0.00>
ST_3 : Operation 21 [1/1] (0.00ns)   --->   "%mem_addr = getelementptr i128 %mem, i64 0, i64 %zext_ln380" [softmax_accel_hls.cc:380]   --->   Operation 21 'getelementptr' 'mem_addr' <Predicate = true> <Delay = 0.00>
ST_3 : Operation 22 [2/2] (3.25ns)   --->   "%line = load i14 %mem_addr" [softmax_accel_hls.cc:380]   --->   Operation 22 'load' 'line' <Predicate = true> <Delay = 3.25> <CoreInst = "RAM">   --->   Core 81 'RAM' <Latency = 1> <II = 1> <Delay = 3.25> <Storage> <Opcode : 'load' 'store'> <Ports = 2> <Width = 128> <Depth = 16384> <RAM>

State 4 <SV = 3> <Delay = 7.55>
ST_4 : Operation 23 [1/1] ( I:3.70ns O:3.70ns )   --->   "%prob_stream_read = read i132 @_ssdm_op_Read.ap_fifo.volatile.i132P0A, i132 %prob_stream" [softmax_accel_hls.cc:379]   --->   Operation 23 'read' 'prob_stream_read' <Predicate = true> <Delay = 3.70> <CoreInst = "FIFO">   --->   Core 77 'FIFO' <Latency = 0> <II = 1> <Delay = 3.70> <Storage> <Opcode : 'read' 'write' 'nbread' 'nbwrite'> <Ports = 0> <Width = 132> <Depth = 16> <FIFO>
ST_4 : Operation 24 [1/1] (0.00ns)   --->   "%pkt_v0 = trunc i132 %prob_stream_read" [softmax_accel_hls.cc:379]   --->   Operation 24 'trunc' 'pkt_v0' <Predicate = true> <Delay = 0.00>
ST_4 : Operation 25 [1/1] (0.00ns)   --->   "%pkt_v1 = partselect i32 @_ssdm_op_PartSelect.i32.i132.i32.i32, i132 %prob_stream_read, i32 32, i32 63" [softmax_accel_hls.cc:379]   --->   Operation 25 'partselect' 'pkt_v1' <Predicate = true> <Delay = 0.00>
ST_4 : Operation 26 [1/1] (0.00ns)   --->   "%pkt_v2 = partselect i32 @_ssdm_op_PartSelect.i32.i132.i32.i32, i132 %prob_stream_read, i32 64, i32 95" [softmax_accel_hls.cc:379]   --->   Operation 26 'partselect' 'pkt_v2' <Predicate = true> <Delay = 0.00>
ST_4 : Operation 27 [1/1] (0.00ns)   --->   "%pkt_v3 = partselect i32 @_ssdm_op_PartSelect.i32.i132.i32.i32, i132 %prob_stream_read, i32 96, i32 127" [softmax_accel_hls.cc:379]   --->   Operation 27 'partselect' 'pkt_v3' <Predicate = true> <Delay = 0.00>
ST_4 : Operation 28 [1/2] ( I:3.25ns O:3.25ns )   --->   "%line = load i14 %mem_addr" [softmax_accel_hls.cc:380]   --->   Operation 28 'load' 'line' <Predicate = true> <Delay = 3.25> <CoreInst = "RAM">   --->   Core 81 'RAM' <Latency = 1> <II = 1> <Delay = 3.25> <Storage> <Opcode : 'load' 'store'> <Ports = 2> <Width = 128> <Depth = 16384> <RAM>
ST_4 : Operation 29 [1/1] (0.00ns)   --->   "%tmp = bitselect i1 @_ssdm_op_BitSelect.i1.i132.i32, i132 %prob_stream_read, i32 128" [softmax_accel_hls.cc:382]   --->   Operation 29 'bitselect' 'tmp' <Predicate = true> <Delay = 0.00>
ST_4 : Operation 30 [1/1] (0.00ns)   --->   "%line_1 = partset i128 @_ssdm_op_PartSet.i128.i128.i32.i32, i128 %line, i32 %pkt_v0, i32 0" [softmax_accel_hls.cc:165->softmax_accel_hls.cc:382]   --->   Operation 30 'partset' 'line_1' <Predicate = true> <Delay = 0.00>
ST_4 : Operation 31 [1/1] (1.92ns)   --->   "%line_2 = select i1 %tmp, i128 %line_1, i128 %line" [softmax_accel_hls.cc:382]   --->   Operation 31 'select' 'line_2' <Predicate = true> <Delay = 1.92> <CoreInst = "Sel">   --->   Core 73 'Sel' <Latency = 0> <II = 1> <Delay = 1.92> <FuncUnit> <Opcode : 'select'> <InPorts = 3> <OutPorts = 1>
ST_4 : Operation 32 [1/1] (0.00ns)   --->   "%tmp_1 = bitselect i1 @_ssdm_op_BitSelect.i1.i132.i32, i132 %prob_stream_read, i32 129" [softmax_accel_hls.cc:383]   --->   Operation 32 'bitselect' 'tmp_1' <Predicate = true> <Delay = 0.00>
ST_4 : Operation 33 [1/1] (0.00ns)   --->   "%line_3 = partset i128 @_ssdm_op_PartSet.i128.i128.i32.i32, i128 %line_2, i32 %pkt_v1, i32 32" [softmax_accel_hls.cc:165->softmax_accel_hls.cc:383]   --->   Operation 33 'partset' 'line_3' <Predicate = true> <Delay = 0.00>
ST_4 : Operation 34 [1/1] (1.92ns)   --->   "%line_4 = select i1 %tmp_1, i128 %line_3, i128 %line_2" [softmax_accel_hls.cc:383]   --->   Operation 34 'select' 'line_4' <Predicate = true> <Delay = 1.92> <CoreInst = "Sel">   --->   Core 73 'Sel' <Latency = 0> <II = 1> <Delay = 1.92> <FuncUnit> <Opcode : 'select'> <InPorts = 3> <OutPorts = 1>
ST_4 : Operation 35 [1/1] (0.00ns)   --->   "%tmp_2 = bitselect i1 @_ssdm_op_BitSelect.i1.i132.i32, i132 %prob_stream_read, i32 130" [softmax_accel_hls.cc:384]   --->   Operation 35 'bitselect' 'tmp_2' <Predicate = true> <Delay = 0.00>
ST_4 : Operation 36 [1/1] (0.00ns)   --->   "%tmp_3 = bitselect i1 @_ssdm_op_BitSelect.i1.i132.i32, i132 %prob_stream_read, i32 131" [softmax_accel_hls.cc:385]   --->   Operation 36 'bitselect' 'tmp_3' <Predicate = true> <Delay = 0.00>

State 5 <SV = 4> <Delay = 7.10>
ST_5 : Operation 37 [1/1] (0.00ns)   --->   "%line_5 = partset i128 @_ssdm_op_PartSet.i128.i128.i32.i32, i128 %line_4, i32 %pkt_v2, i32 64" [softmax_accel_hls.cc:165->softmax_accel_hls.cc:384]   --->   Operation 37 'partset' 'line_5' <Predicate = (!icmp_ln378 & tmp_2)> <Delay = 0.00>
ST_5 : Operation 38 [1/1] (1.92ns)   --->   "%line_6 = select i1 %tmp_2, i128 %line_5, i128 %line_4" [softmax_accel_hls.cc:384]   --->   Operation 38 'select' 'line_6' <Predicate = (!icmp_ln378)> <Delay = 1.92> <CoreInst = "Sel">   --->   Core 73 'Sel' <Latency = 0> <II = 1> <Delay = 1.92> <FuncUnit> <Opcode : 'select'> <InPorts = 3> <OutPorts = 1>
ST_5 : Operation 39 [1/1] (0.00ns)   --->   "%line_7 = partset i128 @_ssdm_op_PartSet.i128.i128.i32.i32, i128 %line_6, i32 %pkt_v3, i32 96" [softmax_accel_hls.cc:165->softmax_accel_hls.cc:385]   --->   Operation 39 'partset' 'line_7' <Predicate = (!icmp_ln378 & tmp_3)> <Delay = 0.00>
ST_5 : Operation 40 [1/1] (1.92ns)   --->   "%line_8 = select i1 %tmp_3, i128 %line_7, i128 %line_6" [softmax_accel_hls.cc:385]   --->   Operation 40 'select' 'line_8' <Predicate = (!icmp_ln378)> <Delay = 1.92> <CoreInst = "Sel">   --->   Core 73 'Sel' <Latency = 0> <II = 1> <Delay = 1.92> <FuncUnit> <Opcode : 'select'> <InPorts = 3> <OutPorts = 1>
ST_5 : Operation 41 [1/1] ( I:3.25ns O:3.25ns )   --->   "%store_ln387 = store i128 %line_8, i14 %mem_addr" [softmax_accel_hls.cc:387]   --->   Operation 41 'store' 'store_ln387' <Predicate = (!icmp_ln378)> <Delay = 3.25> <CoreInst = "RAM">   --->   Core 81 'RAM' <Latency = 1> <II = 1> <Delay = 3.25> <Storage> <Opcode : 'load' 'store'> <Ports = 2> <Width = 128> <Depth = 16384> <RAM>
ST_5 : Operation 42 [1/1] (0.00ns)   --->   "%br_ln388 = br void %if.end37" [softmax_accel_hls.cc:388]   --->   Operation 42 'br' 'br_ln388' <Predicate = (!icmp_ln378)> <Delay = 0.00>
ST_5 : Operation 43 [1/1] (0.00ns)   --->   "%ret_ln389 = ret" [softmax_accel_hls.cc:389]   --->   Operation 43 'ret' 'ret_ln389' <Predicate = true> <Delay = 0.00>


============================================================
+ Verbose Summary: Binding
============================================================
STG Binding: 
---------------- STG Properties BEGIN ----------------
- Is combinational: 0
- Is one-state seq: 0
- Is datapath-only: 0
- Is pipelined: 0
- Is top level: 0
Port [ Return ] is wired: 1; IO mode=ap_ctrl_hs:ce=0
Port [ mem]:  wired=1; compound=1; hidden=0; nouse=0; global=0; static=0; extern=0; dir=2; type=1; pingpong=0; private_global=0; MemPort=[23]; IO mode=ap_memory:ce=0
Port [ pr_l]:  wired=1; compound=0; hidden=0; nouse=0; global=0; static=0; extern=0; dir=0; type=0; pingpong=0; private_global=0; IO mode=ap_stable:ce=0
Port [ n]:  wired=1; compound=0; hidden=0; nouse=0; global=0; static=0; extern=0; dir=0; type=0; pingpong=0; private_global=0; IO mode=ap_stable:ce=0
Port [ prob_stream]:  wired=1; compound=1; hidden=0; nouse=0; global=0; static=0; extern=0; dir=0; type=3; pingpong=0; private_global=0; IO mode=ap_fifo:ce=0
---------------- STG Properties END ------------------

---------------- Datapath Model BEGIN ----------------

<LifeTime>
<method=bitvector/>
n_read                (read             ) [ 000000]
pr_l_read             (read             ) [ 001000]
tail                  (trunc            ) [ 000000]
full_blocks           (partselect       ) [ 001000]
icmp_ln378            (icmp             ) [ 001111]
specstablecontent_ln0 (specstablecontent) [ 000000]
specstablecontent_ln0 (specstablecontent) [ 000000]
specinterface_ln0     (specinterface    ) [ 000000]
specinterface_ln0     (specinterface    ) [ 000000]
zext_ln361            (zext             ) [ 000000]
call_ln361            (call             ) [ 000000]
br_ln378              (br               ) [ 000000]
add_ln380             (add              ) [ 000100]
zext_ln380            (zext             ) [ 000000]
mem_addr              (getelementptr    ) [ 000011]
prob_stream_read      (read             ) [ 000000]
pkt_v0                (trunc            ) [ 000000]
pkt_v1                (partselect       ) [ 000000]
pkt_v2                (partselect       ) [ 000001]
pkt_v3                (partselect       ) [ 000001]
line                  (load             ) [ 000000]
tmp                   (bitselect        ) [ 000000]
line_1                (partset          ) [ 000000]
line_2                (select           ) [ 000000]
tmp_1                 (bitselect        ) [ 000000]
line_3                (partset          ) [ 000000]
line_4                (select           ) [ 000001]
tmp_2                 (bitselect        ) [ 000001]
tmp_3                 (bitselect        ) [ 000001]
line_5                (partset          ) [ 000000]
line_6                (select           ) [ 000000]
line_7                (partset          ) [ 000000]
line_8                (select           ) [ 000000]
store_ln387           (store            ) [ 000000]
br_ln388              (br               ) [ 000000]
ret_ln389             (ret              ) [ 000000]
</LifeTime>

<model>

<comp_list>
<comp id="0" class="1000" name="mem">
<pin_list>
<pin id="1" dir="1" index="0" bw="1" slack="0"/>
</pin_list>
<bind>
<StgValue><ssdm name="mem"/><MemPortTyVec>2 3 </MemPortTyVec>
</StgValue>
</bind>
</comp>

<comp id="2" class="1000" name="pr_l">
<pin_list>
<pin id="3" dir="1" index="0" bw="1" slack="0"/>
</pin_list>
<bind>
<StgValue><ssdm name="pr_l"/></StgValue>
</bind>
</comp>

<comp id="4" class="1000" name="n">
<pin_list>
<pin id="5" dir="1" index="0" bw="1" slack="0"/>
</pin_list>
<bind>
<StgValue><ssdm name="n"/></StgValue>
</bind>
</comp>

<comp id="6" class="1000" name="prob_stream">
<pin_list>
<pin id="7" dir="1" index="0" bw="1" slack="0"/>
</pin_list>
<bind>
<StgValue><ssdm name="prob_stream"/></StgValue>
</bind>
</comp>

<comp id="8" class="1001" name="const_8">
<pin_list>
<pin id="9" dir="1" index="0" bw="1" slack="0"/>
</pin_list>
<bind>
<StgValue><ssdm name="_ssdm_op_Read.ap_auto.i9"/></StgValue>
</bind>
</comp>

<comp id="10" class="1001" name="const_10">
<pin_list>
<pin id="11" dir="1" index="0" bw="1" slack="0"/>
</pin_list>
<bind>
<StgValue><ssdm name="_ssdm_op_Read.ap_auto.i14"/></StgValue>
</bind>
</comp>

<comp id="12" class="1001" name="const_12">
<pin_list>
<pin id="13" dir="1" index="0" bw="1" slack="0"/>
</pin_list>
<bind>
<StgValue><ssdm name="_ssdm_op_PartSelect.i7.i9.i32.i32"/></StgValue>
</bind>
</comp>

<comp id="14" class="1001" name="const_14">
<pin_list>
<pin id="15" dir="1" index="0" bw="1" slack="0"/>
</pin_list>
<bind>
<StgValue><ssdm name=""/></StgValue>
</bind>
</comp>

<comp id="16" class="1001" name="const_16">
<pin_list>
<pin id="17" dir="1" index="0" bw="1" slack="0"/>
</pin_list>
<bind>
<StgValue><ssdm name=""/></StgValue>
</bind>
</comp>

<comp id="18" class="1001" name="const_18">
<pin_list>
<pin id="19" dir="1" index="0" bw="1" slack="0"/>
</pin_list>
<bind>
<StgValue><ssdm name="write_prob_stream_Pipeline_prob_write_loop"/></StgValue>
</bind>
</comp>

<comp id="20" class="1001" name="const_20">
<pin_list>
<pin id="21" dir="1" index="0" bw="1" slack="0"/>
</pin_list>
<bind>
<StgValue><ssdm name=""/></StgValue>
</bind>
</comp>

<comp id="22" class="1001" name="const_22">
<pin_list>
<pin id="23" dir="1" index="0" bw="1" slack="2147483647"/>
</pin_list>
<bind>
<StgValue><ssdm name="_ssdm_op_SpecStableContent"/></StgValue>
</bind>
</comp>

<comp id="24" class="1001" name="const_24">
<pin_list>
<pin id="25" dir="1" index="0" bw="1" slack="2147483647"/>
</pin_list>
<bind>
<StgValue><ssdm name=""/></StgValue>
</bind>
</comp>

<comp id="26" class="1001" name="const_26">
<pin_list>
<pin id="27" dir="1" index="0" bw="1" slack="2147483647"/>
</pin_list>
<bind>
<StgValue><ssdm name="p_str"/></StgValue>
</bind>
</comp>

<comp id="28" class="1001" name="const_28">
<pin_list>
<pin id="29" dir="1" index="0" bw="1" slack="2147483647"/>
</pin_list>
<bind>
<StgValue><ssdm name="_ssdm_op_SpecInterface"/></StgValue>
</bind>
</comp>

<comp id="30" class="1001" name="const_30">
<pin_list>
<pin id="31" dir="1" index="0" bw="1" slack="2147483647"/>
</pin_list>
<bind>
<StgValue><ssdm name="empty_9"/></StgValue>
</bind>
</comp>

<comp id="32" class="1001" name="const_32">
<pin_list>
<pin id="33" dir="1" index="0" bw="1" slack="0"/>
</pin_list>
<bind>
<StgValue><ssdm name=""/></StgValue>
</bind>
</comp>

<comp id="34" class="1001" name="const_34">
<pin_list>
<pin id="35" dir="1" index="0" bw="1" slack="2147483647"/>
</pin_list>
<bind>
<StgValue><ssdm name="empty_2"/></StgValue>
</bind>
</comp>

<comp id="36" class="1001" name="const_36">
<pin_list>
<pin id="37" dir="1" index="0" bw="1" slack="2147483647"/>
</pin_list>
<bind>
<StgValue><ssdm name=""/></StgValue>
</bind>
</comp>

<comp id="38" class="1001" name="const_38">
<pin_list>
<pin id="39" dir="1" index="0" bw="1" slack="2147483647"/>
</pin_list>
<bind>
<StgValue><ssdm name="empty_3"/></StgValue>
</bind>
</comp>

<comp id="40" class="1001" name="const_40">
<pin_list>
<pin id="41" dir="1" index="0" bw="1" slack="0"/>
</pin_list>
<bind>
<StgValue><ssdm name=""/></StgValue>
</bind>
</comp>

<comp id="42" class="1001" name="const_42">
<pin_list>
<pin id="43" dir="1" index="0" bw="1" slack="0"/>
</pin_list>
<bind>
<StgValue><ssdm name="_ssdm_op_Read.ap_fifo.volatile.i132P0A"/></StgValue>
</bind>
</comp>

<comp id="44" class="1001" name="const_44">
<pin_list>
<pin id="45" dir="1" index="0" bw="1" slack="0"/>
</pin_list>
<bind>
<StgValue><ssdm name="_ssdm_op_PartSelect.i32.i132.i32.i32"/></StgValue>
</bind>
</comp>

<comp id="46" class="1001" name="const_46">
<pin_list>
<pin id="47" dir="1" index="0" bw="1" slack="0"/>
</pin_list>
<bind>
<StgValue><ssdm name=""/></StgValue>
</bind>
</comp>

<comp id="48" class="1001" name="const_48">
<pin_list>
<pin id="49" dir="1" index="0" bw="1" slack="0"/>
</pin_list>
<bind>
<StgValue><ssdm name=""/></StgValue>
</bind>
</comp>

<comp id="50" class="1001" name="const_50">
<pin_list>
<pin id="51" dir="1" index="0" bw="1" slack="0"/>
</pin_list>
<bind>
<StgValue><ssdm name=""/></StgValue>
</bind>
</comp>

<comp id="52" class="1001" name="const_52">
<pin_list>
<pin id="53" dir="1" index="0" bw="1" slack="0"/>
</pin_list>
<bind>
<StgValue><ssdm name=""/></StgValue>
</bind>
</comp>

<comp id="54" class="1001" name="const_54">
<pin_list>
<pin id="55" dir="1" index="0" bw="1" slack="0"/>
</pin_list>
<bind>
<StgValue><ssdm name=""/></StgValue>
</bind>
</comp>

<comp id="56" class="1001" name="const_56">
<pin_list>
<pin id="57" dir="1" index="0" bw="1" slack="0"/>
</pin_list>
<bind>
<StgValue><ssdm name=""/></StgValue>
</bind>
</comp>

<comp id="58" class="1001" name="const_58">
<pin_list>
<pin id="59" dir="1" index="0" bw="1" slack="0"/>
</pin_list>
<bind>
<StgValue><ssdm name="_ssdm_op_BitSelect.i1.i132.i32"/></StgValue>
</bind>
</comp>

<comp id="60" class="1001" name="const_60">
<pin_list>
<pin id="61" dir="1" index="0" bw="1" slack="0"/>
</pin_list>
<bind>
<StgValue><ssdm name=""/></StgValue>
</bind>
</comp>

<comp id="62" class="1001" name="const_62">
<pin_list>
<pin id="63" dir="1" index="0" bw="1" slack="0"/>
</pin_list>
<bind>
<StgValue><ssdm name="_ssdm_op_PartSet.i128.i128.i32.i32"/></StgValue>
</bind>
</comp>

<comp id="64" class="1001" name="const_64">
<pin_list>
<pin id="65" dir="1" index="0" bw="1" slack="0"/>
</pin_list>
<bind>
<StgValue><ssdm name=""/></StgValue>
</bind>
</comp>

<comp id="66" class="1001" name="const_66">
<pin_list>
<pin id="67" dir="1" index="0" bw="1" slack="0"/>
</pin_list>
<bind>
<StgValue><ssdm name=""/></StgValue>
</bind>
</comp>

<comp id="68" class="1001" name="const_68">
<pin_list>
<pin id="69" dir="1" index="0" bw="1" slack="0"/>
</pin_list>
<bind>
<StgValue><ssdm name=""/></StgValue>
</bind>
</comp>

<comp id="70" class="1004" name="n_read_read_fu_70">
<pin_list>
<pin id="71" dir="0" index="0" bw="9" slack="0"/>
<pin id="72" dir="0" index="1" bw="9" slack="0"/>
<pin id="73" dir="1" index="2" bw="9" slack="0"/>
</pin_list>
<bind>
<opcode="read(1150) " fcode="read"/>
<opset="n_read/1 "/>
</bind>
</comp>

<comp id="76" class="1004" name="pr_l_read_read_fu_76">
<pin_list>
<pin id="77" dir="0" index="0" bw="14" slack="0"/>
<pin id="78" dir="0" index="1" bw="14" slack="0"/>
<pin id="79" dir="1" index="2" bw="14" slack="0"/>
</pin_list>
<bind>
<opcode="read(1150) " fcode="read"/>
<opset="pr_l_read/1 "/>
</bind>
</comp>

<comp id="82" class="1004" name="prob_stream_read_read_fu_82">
<pin_list>
<pin id="83" dir="0" index="0" bw="132" slack="0"/>
<pin id="84" dir="0" index="1" bw="132" slack="0"/>
<pin id="85" dir="1" index="2" bw="132" slack="0"/>
</pin_list>
<bind>
<opcode="read(1150) " fcode="read"/>
<opset="prob_stream_read/4 "/>
</bind>
</comp>

<comp id="88" class="1004" name="mem_addr_gep_fu_88">
<pin_list>
<pin id="89" dir="0" index="0" bw="128" slack="0"/>
<pin id="90" dir="0" index="1" bw="1" slack="0"/>
<pin id="91" dir="0" index="2" bw="14" slack="0"/>
<pin id="92" dir="1" index="3" bw="14" slack="0"/>
</pin_list>
<bind>
<opcode="getelementptr(29) " fcode="getelementptr"/>
<opset="mem_addr/3 "/>
</bind>
</comp>

<comp id="95" class="1004" name="grp_access_fu_95">
<pin_list>
<pin id="96" dir="0" index="0" bw="14" slack="0"/>
<pin id="97" dir="0" index="1" bw="128" slack="0"/>
<pin id="98" dir="0" index="2" bw="0" slack="2147483647"/>
<pin id="99" dir="1" index="3" bw="128" slack="0"/>
</pin_list>
<bind>
<opcode="load(27) store(28) " fcode="store"/>
<opset="line/3 store_ln387/5 "/>
</bind>
</comp>

<comp id="101" class="1004" name="grp_write_prob_stream_Pipeline_prob_write_loop_fu_101">
<pin_list>
<pin id="102" dir="0" index="0" bw="0" slack="0"/>
<pin id="103" dir="0" index="1" bw="7" slack="0"/>
<pin id="104" dir="0" index="2" bw="132" slack="0"/>
<pin id="105" dir="0" index="3" bw="14" slack="0"/>
<pin id="106" dir="0" index="4" bw="128" slack="0"/>
<pin id="107" dir="1" index="5" bw="0" slack="2147483647"/>
</pin_list>
<bind>
<opcode="call(48) " fcode="call"/>
<opset="call_ln361/1 "/>
</bind>
</comp>

<comp id="112" class="1004" name="tail_fu_112">
<pin_list>
<pin id="113" dir="0" index="0" bw="9" slack="0"/>
<pin id="114" dir="1" index="1" bw="2" slack="0"/>
</pin_list>
<bind>
<opcode="trunc(33) " fcode="trunc"/>
<opset="tail/1 "/>
</bind>
</comp>

<comp id="116" class="1004" name="full_blocks_fu_116">
<pin_list>
<pin id="117" dir="0" index="0" bw="7" slack="0"/>
<pin id="118" dir="0" index="1" bw="9" slack="0"/>
<pin id="119" dir="0" index="2" bw="3" slack="0"/>
<pin id="120" dir="0" index="3" bw="5" slack="0"/>
<pin id="121" dir="1" index="4" bw="7" slack="0"/>
</pin_list>
<bind>
<opcode="partselect(1002) " fcode="partselect"/>
<opset="full_blocks/1 "/>
</bind>
</comp>

<comp id="127" class="1004" name="icmp_ln378_fu_127">
<pin_list>
<pin id="128" dir="0" index="0" bw="2" slack="0"/>
<pin id="129" dir="0" index="1" bw="1" slack="0"/>
<pin id="130" dir="1" index="2" bw="1" slack="1"/>
</pin_list>
<bind>
<opcode="icmp(45) " fcode="icmp"/>
<opset="icmp_ln378/1 "/>
</bind>
</comp>

<comp id="133" class="1004" name="zext_ln361_fu_133">
<pin_list>
<pin id="134" dir="0" index="0" bw="7" slack="1"/>
<pin id="135" dir="1" index="1" bw="14" slack="0"/>
</pin_list>
<bind>
<opcode="zext(34) " fcode="zext"/>
<opset="zext_ln361/2 "/>
</bind>
</comp>

<comp id="136" class="1004" name="add_ln380_fu_136">
<pin_list>
<pin id="137" dir="0" index="0" bw="7" slack="0"/>
<pin id="138" dir="0" index="1" bw="14" slack="1"/>
<pin id="139" dir="1" index="2" bw="14" slack="1"/>
</pin_list>
<bind>
<opcode="add(8) " fcode="add"/>
<opset="add_ln380/2 "/>
</bind>
</comp>

<comp id="141" class="1004" name="zext_ln380_fu_141">
<pin_list>
<pin id="142" dir="0" index="0" bw="14" slack="1"/>
<pin id="143" dir="1" index="1" bw="64" slack="0"/>
</pin_list>
<bind>
<opcode="zext(34) " fcode="zext"/>
<opset="zext_ln380/3 "/>
</bind>
</comp>

<comp id="145" class="1004" name="pkt_v0_fu_145">
<pin_list>
<pin id="146" dir="0" index="0" bw="132" slack="0"/>
<pin id="147" dir="1" index="1" bw="32" slack="0"/>
</pin_list>
<bind>
<opcode="trunc(33) " fcode="trunc"/>
<opset="pkt_v0/4 "/>
</bind>
</comp>

<comp id="149" class="1004" name="pkt_v1_fu_149">
<pin_list>
<pin id="150" dir="0" index="0" bw="32" slack="0"/>
<pin id="151" dir="0" index="1" bw="132" slack="0"/>
<pin id="152" dir="0" index="2" bw="7" slack="0"/>
<pin id="153" dir="0" index="3" bw="7" slack="0"/>
<pin id="154" dir="1" index="4" bw="32" slack="0"/>
</pin_list>
<bind>
<opcode="partselect(1002) " fcode="partselect"/>
<opset="pkt_v1/4 "/>
</bind>
</comp>

<comp id="159" class="1004" name="pkt_v2_fu_159">
<pin_list>
<pin id="160" dir="0" index="0" bw="32" slack="0"/>
<pin id="161" dir="0" index="1" bw="132" slack="0"/>
<pin id="162" dir="0" index="2" bw="8" slack="0"/>
<pin id="163" dir="0" index="3" bw="8" slack="0"/>
<pin id="164" dir="1" index="4" bw="32" slack="1"/>
</pin_list>
<bind>
<opcode="partselect(1002) " fcode="partselect"/>
<opset="pkt_v2/4 "/>
</bind>
</comp>

<comp id="169" class="1004" name="pkt_v3_fu_169">
<pin_list>
<pin id="170" dir="0" index="0" bw="32" slack="0"/>
<pin id="171" dir="0" index="1" bw="132" slack="0"/>
<pin id="172" dir="0" index="2" bw="8" slack="0"/>
<pin id="173" dir="0" index="3" bw="8" slack="0"/>
<pin id="174" dir="1" index="4" bw="32" slack="1"/>
</pin_list>
<bind>
<opcode="partselect(1002) " fcode="partselect"/>
<opset="pkt_v3/4 "/>
</bind>
</comp>

<comp id="179" class="1004" name="tmp_fu_179">
<pin_list>
<pin id="180" dir="0" index="0" bw="1" slack="0"/>
<pin id="181" dir="0" index="1" bw="132" slack="0"/>
<pin id="182" dir="0" index="2" bw="9" slack="0"/>
<pin id="183" dir="1" index="3" bw="1" slack="0"/>
</pin_list>
<bind>
<opcode="bitselect(1000) " fcode="bitselect"/>
<opset="tmp/4 "/>
</bind>
</comp>

<comp id="187" class="1004" name="line_1_fu_187">
<pin_list>
<pin id="188" dir="0" index="0" bw="128" slack="0"/>
<pin id="189" dir="0" index="1" bw="128" slack="0"/>
<pin id="190" dir="0" index="2" bw="32" slack="0"/>
<pin id="191" dir="0" index="3" bw="1" slack="0"/>
<pin id="192" dir="1" index="4" bw="128" slack="0"/>
</pin_list>
<bind>
<opcode="partset(1003) " fcode="partset"/>
<opset="line_1/4 "/>
</bind>
</comp>

<comp id="197" class="1004" name="line_2_fu_197">
<pin_list>
<pin id="198" dir="0" index="0" bw="1" slack="0"/>
<pin id="199" dir="0" index="1" bw="128" slack="0"/>
<pin id="200" dir="0" index="2" bw="128" slack="0"/>
<pin id="201" dir="1" index="3" bw="128" slack="0"/>
</pin_list>
<bind>
<opcode="select(49) " fcode="select"/>
<opset="line_2/4 "/>
</bind>
</comp>

<comp id="205" class="1004" name="tmp_1_fu_205">
<pin_list>
<pin id="206" dir="0" index="0" bw="1" slack="0"/>
<pin id="207" dir="0" index="1" bw="132" slack="0"/>
<pin id="208" dir="0" index="2" bw="9" slack="0"/>
<pin id="209" dir="1" index="3" bw="1" slack="0"/>
</pin_list>
<bind>
<opcode="bitselect(1000) " fcode="bitselect"/>
<opset="tmp_1/4 "/>
</bind>
</comp>

<comp id="213" class="1004" name="line_3_fu_213">
<pin_list>
<pin id="214" dir="0" index="0" bw="128" slack="0"/>
<pin id="215" dir="0" index="1" bw="128" slack="0"/>
<pin id="216" dir="0" index="2" bw="32" slack="0"/>
<pin id="217" dir="0" index="3" bw="7" slack="0"/>
<pin id="218" dir="1" index="4" bw="128" slack="0"/>
</pin_list>
<bind>
<opcode="partset(1003) " fcode="partset"/>
<opset="line_3/4 "/>
</bind>
</comp>

<comp id="223" class="1004" name="line_4_fu_223">
<pin_list>
<pin id="224" dir="0" index="0" bw="1" slack="0"/>
<pin id="225" dir="0" index="1" bw="128" slack="0"/>
<pin id="226" dir="0" index="2" bw="128" slack="0"/>
<pin id="227" dir="1" index="3" bw="128" slack="1"/>
</pin_list>
<bind>
<opcode="select(49) " fcode="select"/>
<opset="line_4/4 "/>
</bind>
</comp>

<comp id="231" class="1004" name="tmp_2_fu_231">
<pin_list>
<pin id="232" dir="0" index="0" bw="1" slack="0"/>
<pin id="233" dir="0" index="1" bw="132" slack="0"/>
<pin id="234" dir="0" index="2" bw="9" slack="0"/>
<pin id="235" dir="1" index="3" bw="1" slack="1"/>
</pin_list>
<bind>
<opcode="bitselect(1000) " fcode="bitselect"/>
<opset="tmp_2/4 "/>
</bind>
</comp>

<comp id="239" class="1004" name="tmp_3_fu_239">
<pin_list>
<pin id="240" dir="0" index="0" bw="1" slack="0"/>
<pin id="241" dir="0" index="1" bw="132" slack="0"/>
<pin id="242" dir="0" index="2" bw="9" slack="0"/>
<pin id="243" dir="1" index="3" bw="1" slack="1"/>
</pin_list>
<bind>
<opcode="bitselect(1000) " fcode="bitselect"/>
<opset="tmp_3/4 "/>
</bind>
</comp>

<comp id="247" class="1004" name="line_5_fu_247">
<pin_list>
<pin id="248" dir="0" index="0" bw="128" slack="0"/>
<pin id="249" dir="0" index="1" bw="128" slack="1"/>
<pin id="250" dir="0" index="2" bw="32" slack="1"/>
<pin id="251" dir="0" index="3" bw="8" slack="0"/>
<pin id="252" dir="1" index="4" bw="128" slack="0"/>
</pin_list>
<bind>
<opcode="partset(1003) " fcode="partset"/>
<opset="line_5/5 "/>
</bind>
</comp>

<comp id="255" class="1004" name="line_6_fu_255">
<pin_list>
<pin id="256" dir="0" index="0" bw="1" slack="1"/>
<pin id="257" dir="0" index="1" bw="128" slack="0"/>
<pin id="258" dir="0" index="2" bw="128" slack="1"/>
<pin id="259" dir="1" index="3" bw="128" slack="0"/>
</pin_list>
<bind>
<opcode="select(49) " fcode="select"/>
<opset="line_6/5 "/>
</bind>
</comp>

<comp id="261" class="1004" name="line_7_fu_261">
<pin_list>
<pin id="262" dir="0" index="0" bw="128" slack="0"/>
<pin id="263" dir="0" index="1" bw="128" slack="0"/>
<pin id="264" dir="0" index="2" bw="32" slack="1"/>
<pin id="265" dir="0" index="3" bw="8" slack="0"/>
<pin id="266" dir="1" index="4" bw="128" slack="0"/>
</pin_list>
<bind>
<opcode="partset(1003) " fcode="partset"/>
<opset="line_7/5 "/>
</bind>
</comp>

<comp id="270" class="1004" name="line_8_fu_270">
<pin_list>
<pin id="271" dir="0" index="0" bw="1" slack="1"/>
<pin id="272" dir="0" index="1" bw="128" slack="0"/>
<pin id="273" dir="0" index="2" bw="128" slack="0"/>
<pin id="274" dir="1" index="3" bw="128" slack="0"/>
</pin_list>
<bind>
<opcode="select(49) " fcode="select"/>
<opset="line_8/5 "/>
</bind>
</comp>

<comp id="278" class="1005" name="pr_l_read_reg_278">
<pin_list>
<pin id="279" dir="0" index="0" bw="14" slack="1"/>
<pin id="280" dir="1" index="1" bw="14" slack="1"/>
</pin_list>
<bind>
<opset="pr_l_read "/>
</bind>
</comp>

<comp id="284" class="1005" name="full_blocks_reg_284">
<pin_list>
<pin id="285" dir="0" index="0" bw="7" slack="1"/>
<pin id="286" dir="1" index="1" bw="7" slack="1"/>
</pin_list>
<bind>
<opset="full_blocks "/>
</bind>
</comp>

<comp id="290" class="1005" name="icmp_ln378_reg_290">
<pin_list>
<pin id="291" dir="0" index="0" bw="1" slack="1"/>
<pin id="292" dir="1" index="1" bw="1" slack="2147483647"/>
</pin_list>
<bind>
<opset="icmp_ln378 "/>
</bind>
</comp>

<comp id="294" class="1005" name="add_ln380_reg_294">
<pin_list>
<pin id="295" dir="0" index="0" bw="14" slack="1"/>
<pin id="296" dir="1" index="1" bw="14" slack="1"/>
</pin_list>
<bind>
<opset="add_ln380 "/>
</bind>
</comp>

<comp id="299" class="1005" name="mem_addr_reg_299">
<pin_list>
<pin id="300" dir="0" index="0" bw="14" slack="1"/>
<pin id="301" dir="1" index="1" bw="14" slack="1"/>
</pin_list>
<bind>
<opset="mem_addr "/>
</bind>
</comp>

<comp id="304" class="1005" name="pkt_v2_reg_304">
<pin_list>
<pin id="305" dir="0" index="0" bw="32" slack="1"/>
<pin id="306" dir="1" index="1" bw="32" slack="1"/>
</pin_list>
<bind>
<opset="pkt_v2 "/>
</bind>
</comp>

<comp id="309" class="1005" name="pkt_v3_reg_309">
<pin_list>
<pin id="310" dir="0" index="0" bw="32" slack="1"/>
<pin id="311" dir="1" index="1" bw="32" slack="1"/>
</pin_list>
<bind>
<opset="pkt_v3 "/>
</bind>
</comp>

<comp id="314" class="1005" name="line_4_reg_314">
<pin_list>
<pin id="315" dir="0" index="0" bw="128" slack="1"/>
<pin id="316" dir="1" index="1" bw="128" slack="1"/>
</pin_list>
<bind>
<opset="line_4 "/>
</bind>
</comp>

<comp id="320" class="1005" name="tmp_2_reg_320">
<pin_list>
<pin id="321" dir="0" index="0" bw="1" slack="1"/>
<pin id="322" dir="1" index="1" bw="1" slack="1"/>
</pin_list>
<bind>
<opset="tmp_2 "/>
</bind>
</comp>

<comp id="325" class="1005" name="tmp_3_reg_325">
<pin_list>
<pin id="326" dir="0" index="0" bw="1" slack="1"/>
<pin id="327" dir="1" index="1" bw="1" slack="1"/>
</pin_list>
<bind>
<opset="tmp_3 "/>
</bind>
</comp>

</comp_list>

<net_list>
<net id="74"><net_src comp="8" pin="0"/><net_sink comp="70" pin=0"/></net>

<net id="75"><net_src comp="4" pin="0"/><net_sink comp="70" pin=1"/></net>

<net id="80"><net_src comp="10" pin="0"/><net_sink comp="76" pin=0"/></net>

<net id="81"><net_src comp="2" pin="0"/><net_sink comp="76" pin=1"/></net>

<net id="86"><net_src comp="42" pin="0"/><net_sink comp="82" pin=0"/></net>

<net id="87"><net_src comp="6" pin="0"/><net_sink comp="82" pin=1"/></net>

<net id="93"><net_src comp="0" pin="0"/><net_sink comp="88" pin=0"/></net>

<net id="94"><net_src comp="40" pin="0"/><net_sink comp="88" pin=1"/></net>

<net id="100"><net_src comp="88" pin="3"/><net_sink comp="95" pin=0"/></net>

<net id="108"><net_src comp="18" pin="0"/><net_sink comp="101" pin=0"/></net>

<net id="109"><net_src comp="6" pin="0"/><net_sink comp="101" pin=2"/></net>

<net id="110"><net_src comp="76" pin="2"/><net_sink comp="101" pin=3"/></net>

<net id="111"><net_src comp="0" pin="0"/><net_sink comp="101" pin=4"/></net>

<net id="115"><net_src comp="70" pin="2"/><net_sink comp="112" pin=0"/></net>

<net id="122"><net_src comp="12" pin="0"/><net_sink comp="116" pin=0"/></net>

<net id="123"><net_src comp="70" pin="2"/><net_sink comp="116" pin=1"/></net>

<net id="124"><net_src comp="14" pin="0"/><net_sink comp="116" pin=2"/></net>

<net id="125"><net_src comp="16" pin="0"/><net_sink comp="116" pin=3"/></net>

<net id="126"><net_src comp="116" pin="4"/><net_sink comp="101" pin=1"/></net>

<net id="131"><net_src comp="112" pin="1"/><net_sink comp="127" pin=0"/></net>

<net id="132"><net_src comp="20" pin="0"/><net_sink comp="127" pin=1"/></net>

<net id="140"><net_src comp="133" pin="1"/><net_sink comp="136" pin=0"/></net>

<net id="144"><net_src comp="141" pin="1"/><net_sink comp="88" pin=2"/></net>

<net id="148"><net_src comp="82" pin="2"/><net_sink comp="145" pin=0"/></net>

<net id="155"><net_src comp="44" pin="0"/><net_sink comp="149" pin=0"/></net>

<net id="156"><net_src comp="82" pin="2"/><net_sink comp="149" pin=1"/></net>

<net id="157"><net_src comp="46" pin="0"/><net_sink comp="149" pin=2"/></net>

<net id="158"><net_src comp="48" pin="0"/><net_sink comp="149" pin=3"/></net>

<net id="165"><net_src comp="44" pin="0"/><net_sink comp="159" pin=0"/></net>

<net id="166"><net_src comp="82" pin="2"/><net_sink comp="159" pin=1"/></net>

<net id="167"><net_src comp="50" pin="0"/><net_sink comp="159" pin=2"/></net>

<net id="168"><net_src comp="52" pin="0"/><net_sink comp="159" pin=3"/></net>

<net id="175"><net_src comp="44" pin="0"/><net_sink comp="169" pin=0"/></net>

<net id="176"><net_src comp="82" pin="2"/><net_sink comp="169" pin=1"/></net>

<net id="177"><net_src comp="54" pin="0"/><net_sink comp="169" pin=2"/></net>

<net id="178"><net_src comp="56" pin="0"/><net_sink comp="169" pin=3"/></net>

<net id="184"><net_src comp="58" pin="0"/><net_sink comp="179" pin=0"/></net>

<net id="185"><net_src comp="82" pin="2"/><net_sink comp="179" pin=1"/></net>

<net id="186"><net_src comp="60" pin="0"/><net_sink comp="179" pin=2"/></net>

<net id="193"><net_src comp="62" pin="0"/><net_sink comp="187" pin=0"/></net>

<net id="194"><net_src comp="95" pin="3"/><net_sink comp="187" pin=1"/></net>

<net id="195"><net_src comp="145" pin="1"/><net_sink comp="187" pin=2"/></net>

<net id="196"><net_src comp="32" pin="0"/><net_sink comp="187" pin=3"/></net>

<net id="202"><net_src comp="179" pin="3"/><net_sink comp="197" pin=0"/></net>

<net id="203"><net_src comp="187" pin="4"/><net_sink comp="197" pin=1"/></net>

<net id="204"><net_src comp="95" pin="3"/><net_sink comp="197" pin=2"/></net>

<net id="210"><net_src comp="58" pin="0"/><net_sink comp="205" pin=0"/></net>

<net id="211"><net_src comp="82" pin="2"/><net_sink comp="205" pin=1"/></net>

<net id="212"><net_src comp="64" pin="0"/><net_sink comp="205" pin=2"/></net>

<net id="219"><net_src comp="62" pin="0"/><net_sink comp="213" pin=0"/></net>

<net id="220"><net_src comp="197" pin="3"/><net_sink comp="213" pin=1"/></net>

<net id="221"><net_src comp="149" pin="4"/><net_sink comp="213" pin=2"/></net>

<net id="222"><net_src comp="46" pin="0"/><net_sink comp="213" pin=3"/></net>

<net id="228"><net_src comp="205" pin="3"/><net_sink comp="223" pin=0"/></net>

<net id="229"><net_src comp="213" pin="4"/><net_sink comp="223" pin=1"/></net>

<net id="230"><net_src comp="197" pin="3"/><net_sink comp="223" pin=2"/></net>

<net id="236"><net_src comp="58" pin="0"/><net_sink comp="231" pin=0"/></net>

<net id="237"><net_src comp="82" pin="2"/><net_sink comp="231" pin=1"/></net>

<net id="238"><net_src comp="66" pin="0"/><net_sink comp="231" pin=2"/></net>

<net id="244"><net_src comp="58" pin="0"/><net_sink comp="239" pin=0"/></net>

<net id="245"><net_src comp="82" pin="2"/><net_sink comp="239" pin=1"/></net>

<net id="246"><net_src comp="68" pin="0"/><net_sink comp="239" pin=2"/></net>

<net id="253"><net_src comp="62" pin="0"/><net_sink comp="247" pin=0"/></net>

<net id="254"><net_src comp="50" pin="0"/><net_sink comp="247" pin=3"/></net>

<net id="260"><net_src comp="247" pin="4"/><net_sink comp="255" pin=1"/></net>

<net id="267"><net_src comp="62" pin="0"/><net_sink comp="261" pin=0"/></net>

<net id="268"><net_src comp="255" pin="3"/><net_sink comp="261" pin=1"/></net>

<net id="269"><net_src comp="54" pin="0"/><net_sink comp="261" pin=3"/></net>

<net id="275"><net_src comp="261" pin="4"/><net_sink comp="270" pin=1"/></net>

<net id="276"><net_src comp="255" pin="3"/><net_sink comp="270" pin=2"/></net>

<net id="277"><net_src comp="270" pin="3"/><net_sink comp="95" pin=1"/></net>

<net id="281"><net_src comp="76" pin="2"/><net_sink comp="278" pin=0"/></net>

<net id="282"><net_src comp="278" pin="1"/><net_sink comp="101" pin=3"/></net>

<net id="283"><net_src comp="278" pin="1"/><net_sink comp="136" pin=1"/></net>

<net id="287"><net_src comp="116" pin="4"/><net_sink comp="284" pin=0"/></net>

<net id="288"><net_src comp="284" pin="1"/><net_sink comp="133" pin=0"/></net>

<net id="289"><net_src comp="284" pin="1"/><net_sink comp="101" pin=1"/></net>

<net id="293"><net_src comp="127" pin="2"/><net_sink comp="290" pin=0"/></net>

<net id="297"><net_src comp="136" pin="2"/><net_sink comp="294" pin=0"/></net>

<net id="298"><net_src comp="294" pin="1"/><net_sink comp="141" pin=0"/></net>

<net id="302"><net_src comp="88" pin="3"/><net_sink comp="299" pin=0"/></net>

<net id="303"><net_src comp="299" pin="1"/><net_sink comp="95" pin=0"/></net>

<net id="307"><net_src comp="159" pin="4"/><net_sink comp="304" pin=0"/></net>

<net id="308"><net_src comp="304" pin="1"/><net_sink comp="247" pin=2"/></net>

<net id="312"><net_src comp="169" pin="4"/><net_sink comp="309" pin=0"/></net>

<net id="313"><net_src comp="309" pin="1"/><net_sink comp="261" pin=2"/></net>

<net id="317"><net_src comp="223" pin="3"/><net_sink comp="314" pin=0"/></net>

<net id="318"><net_src comp="314" pin="1"/><net_sink comp="247" pin=1"/></net>

<net id="319"><net_src comp="314" pin="1"/><net_sink comp="255" pin=2"/></net>

<net id="323"><net_src comp="231" pin="3"/><net_sink comp="320" pin=0"/></net>

<net id="324"><net_src comp="320" pin="1"/><net_sink comp="255" pin=0"/></net>

<net id="328"><net_src comp="239" pin="3"/><net_sink comp="325" pin=0"/></net>

<net id="329"><net_src comp="325" pin="1"/><net_sink comp="270" pin=0"/></net>

</net_list>

</model> 
---------------- Datapath Model END ------------------

* FSMD analyzer results:
  - Output states:
	Port: mem | {1 2 5 }
 - Input state : 
	Port: write_prob_stream : mem | {3 4 }
	Port: write_prob_stream : pr_l | {1 }
	Port: write_prob_stream : n | {1 }
	Port: write_prob_stream : prob_stream | {1 2 4 }
  - Chain level:
	State 1
		call_ln361 : 1
		icmp_ln378 : 1
	State 2
		add_ln380 : 1
	State 3
		mem_addr : 1
		line : 2
	State 4
		line_1 : 1
		line_2 : 2
		line_3 : 3
		line_4 : 4
	State 5
		line_6 : 1
		line_7 : 2
		line_8 : 3
		store_ln387 : 4


============================================================
+ Verbose Summary: Datapath Resource usage 
============================================================

* Functional unit list:
|----------|-------------------------------------------------------|---------|---------|
| Operation|                    Functional Unit                    |    FF   |   LUT   |
|----------|-------------------------------------------------------|---------|---------|
|          |                     line_2_fu_197                     |    0    |   128   |
|  select  |                     line_4_fu_223                     |    0    |   128   |
|          |                     line_6_fu_255                     |    0    |   128   |
|          |                     line_8_fu_270                     |    0    |   128   |
|----------|-------------------------------------------------------|---------|---------|
|   call   | grp_write_prob_stream_Pipeline_prob_write_loop_fu_101 |    27   |    45   |
|----------|-------------------------------------------------------|---------|---------|
|    add   |                    add_ln380_fu_136                   |    0    |    17   |
|----------|-------------------------------------------------------|---------|---------|
|   icmp   |                   icmp_ln378_fu_127                   |    0    |    10   |
|----------|-------------------------------------------------------|---------|---------|
|          |                   n_read_read_fu_70                   |    0    |    0    |
|   read   |                  pr_l_read_read_fu_76                 |    0    |    0    |
|          |              prob_stream_read_read_fu_82              |    0    |    0    |
|----------|-------------------------------------------------------|---------|---------|
|   trunc  |                      tail_fu_112                      |    0    |    0    |
|          |                     pkt_v0_fu_145                     |    0    |    0    |
|----------|-------------------------------------------------------|---------|---------|
|          |                   full_blocks_fu_116                  |    0    |    0    |
|partselect|                     pkt_v1_fu_149                     |    0    |    0    |
|          |                     pkt_v2_fu_159                     |    0    |    0    |
|          |                     pkt_v3_fu_169                     |    0    |    0    |
|----------|-------------------------------------------------------|---------|---------|
|   zext   |                   zext_ln361_fu_133                   |    0    |    0    |
|          |                   zext_ln380_fu_141                   |    0    |    0    |
|----------|-------------------------------------------------------|---------|---------|
|          |                       tmp_fu_179                      |    0    |    0    |
| bitselect|                      tmp_1_fu_205                     |    0    |    0    |
|          |                      tmp_2_fu_231                     |    0    |    0    |
|          |                      tmp_3_fu_239                     |    0    |    0    |
|----------|-------------------------------------------------------|---------|---------|
|          |                     line_1_fu_187                     |    0    |    0    |
|  partset |                     line_3_fu_213                     |    0    |    0    |
|          |                     line_5_fu_247                     |    0    |    0    |
|          |                     line_7_fu_261                     |    0    |    0    |
|----------|-------------------------------------------------------|---------|---------|
|   Total  |                                                       |    27   |   584   |
|----------|-------------------------------------------------------|---------|---------|

Memories:
N/A

* Register list:
+-------------------+--------+
|                   |   FF   |
+-------------------+--------+
| add_ln380_reg_294 |   14   |
|full_blocks_reg_284|    7   |
| icmp_ln378_reg_290|    1   |
|   line_4_reg_314  |   128  |
|  mem_addr_reg_299 |   14   |
|   pkt_v2_reg_304  |   32   |
|   pkt_v3_reg_309  |   32   |
| pr_l_read_reg_278 |   14   |
|   tmp_2_reg_320   |    1   |
|   tmp_3_reg_325   |    1   |
+-------------------+--------+
|       Total       |   244  |
+-------------------+--------+

* Multiplexer (MUX) list: 
|-------------------------------------------------------|------|------|------|--------||---------||---------||---------|
|                          Comp                         |  Pin | Size |  BW  | S x BW ||  Delay  ||    FF   ||   LUT   |
|-------------------------------------------------------|------|------|------|--------||---------||---------||---------|
|                    grp_access_fu_95                   |  p0  |   2  |  14  |   28   ||    0    ||    9    |
| grp_write_prob_stream_Pipeline_prob_write_loop_fu_101 |  p1  |   2  |   7  |   14   ||    0    ||    9    |
| grp_write_prob_stream_Pipeline_prob_write_loop_fu_101 |  p3  |   2  |  14  |   28   ||    0    ||    9    |
|-------------------------------------------------------|------|------|------|--------||---------||---------||---------|
|                         Total                         |      |      |      |   70   ||  4.764  ||    0    ||    27   |
|-------------------------------------------------------|------|------|------|--------||---------||---------||---------|



* Summary:
+-----------+--------+--------+--------+
|           |  Delay |   FF   |   LUT  |
+-----------+--------+--------+--------+
|  Function |    -   |   27   |   584  |
|   Memory  |    -   |    -   |    -   |
|Multiplexer|    4   |    0   |   27   |
|  Register |    -   |   244  |    -   |
+-----------+--------+--------+--------+
|   Total   |    4   |   271  |   611  |
+-----------+--------+--------+--------+
