

================================================================
== Vitis HLS Report for 'write_prob_stream'
================================================================
* Date:           Sat Mar 14 16:27:06 2026

* Version:        2025.1 (Build 6135595 on May 21 2025)
* Project:        Prometheus_SoC
* Solution:       hls (Vivado IP Flow Target)
* Product family: zynq
* Target device:  xc7z020-clg400-1


================================================================
== Performance Estimates
================================================================
+ Timing: 
    * Summary: 
    +--------+----------+----------+------------+
    |  Clock |  Target  | Estimated| Uncertainty|
    +--------+----------+----------+------------+
    |ap_clk  |  11.80 ns|  7.553 ns|     3.19 ns|
    +--------+----------+----------+------------+

+ Latency: 
    * Summary: 
    +---------+---------+-----------+----------+-----+-----+---------+
    |  Latency (cycles) |  Latency (absolute)  |  Interval | Pipeline|
    |   min   |   max   |    min    |    max   | min | max |   Type  |
    +---------+---------+-----------+----------+-----+-----+---------+
    |        4|       70|  47.200 ns|  0.826 us|    4|   70|       no|
    +---------+---------+-----------+----------+-----+-----+---------+

    + Detail: 
        * Instance: 
        N/A

        * Loop: 
        N/A

============================================================
+ Verbose Summary: Synthesis Manager
============================================================
InlineROM: 1
ExposeGlobal: 0
============================================================
+ Verbose Summary: CDFG Model
============================================================
IsTopModel: 0
ResetActiveHigh: 1
IsCombinational: 2
IsDatapathOnly: 0
HasWiredReturn: 1
HasMFsm: 0
HasVarLatency: 1
IsPipeline: 0
IsRtlPipelined: 0
IsInstanceOverlapped: 0
IsDontTouch: 0
HasImplIP: 0
IsGatedGlobalClock: 0


============================================================
+ Verbose Summary: Schedule
============================================================
* Number of FSM states : 5
* Pipeline : 0
* Dataflow Pipeline: 0

* FSM state transitions: 
1 --> 2 
2 --> 3 5 
3 --> 4 
4 --> 5 
5 --> 

* FSM state operations: 

State 1 <SV = 0> <Delay = 3.45>
ST_1 : Operation 6 [1/1] (0.00ns)   --->   "%n_read = read i9 @_ssdm_op_Read.ap_auto.i9, i9 %n"   --->   Operation 6 'read' 'n_read' <Predicate = true> <Delay = 0.00>
ST_1 : Operation 7 [1/1] (0.00ns)   --->   "%pr_l_read = read i14 @_ssdm_op_Read.ap_auto.i14, i14 %pr_l"   --->   Operation 7 'read' 'pr_l_read' <Predicate = true> <Delay = 0.00>
ST_1 : Operation 8 [1/1] (0.00ns)   --->   "%tail = trunc i9 %n_read"   --->   Operation 8 'trunc' 'tail' <Predicate = true> <Delay = 0.00>
ST_1 : Operation 9 [1/1] (0.00ns)   --->   "%full_blocks = partselect i7 @_ssdm_op_PartSelect.i7.i9.i32.i32, i9 %n_read, i32 2, i32 8" [softmax_accel_hls.cc:361]   --->   Operation 9 'partselect' 'full_blocks' <Predicate = true> <Delay = 0.00>
ST_1 : Operation 10 [2/2] (3.45ns)   --->   "%call_ln361 = call void @write_prob_stream_Pipeline_prob_write_loop, i7 %full_blocks, i132 %prob_stream, i14 %pr_l_read, i128 %mem" [softmax_accel_hls.cc:361]   --->   Operation 10 'call' 'call_ln361' <Predicate = true> <Delay = 3.45> <CoreType = "Generic">   --->   Generic Core
ST_1 : Operation 11 [1/1] (1.56ns)   --->   "%icmp_ln378 = icmp_eq  i2 %tail, i2 0" [softmax_accel_hls.cc:378]   --->   Operation 11 'icmp' 'icmp_ln378' <Predicate = true> <Delay = 1.56> <CoreInst = "Cmp">   --->   Core 9 'Cmp' <Latency = 0> <II = 1> <Delay = 1.56> <FuncUnit> <Opcode : 'seteq' 'setne' 'setle' 'setge' 'setlt' 'setgt'> <InPorts = 2> <OutPorts = 1>

State 2 <SV = 1> <Delay = 5.04>
ST_2 : Operation 12 [1/1] (0.00ns)   --->   "%specstablecontent_ln0 = specstablecontent void @_ssdm_op_SpecStableContent, i9 %n, i1 1, void @p_str"   --->   Operation 12 'specstablecontent' 'specstablecontent_ln0' <Predicate = true> <Delay = 0.00>
ST_2 : Operation 13 [1/1] (0.00ns)   --->   "%specstablecontent_ln0 = specstablecontent void @_ssdm_op_SpecStableContent, i14 %pr_l, i1 1, void @p_str"   --->   Operation 13 'specstablecontent' 'specstablecontent_ln0' <Predicate = true> <Delay = 0.00>
ST_2 : Operation 14 [1/1] (0.00ns)   --->   "%specinterface_ln0 = specinterface void @_ssdm_op_SpecInterface, i132 %prob_stream, void @empty_9, i32 0, i32 0, void @empty_2, i32 0, i32 0, void @empty_2, void @empty_2, void @empty_2, i32 0, i32 0, i32 0, i32 0, void @empty_2, void @empty_2, i32 4294967295, i32 0, i32 0"   --->   Operation 14 'specinterface' 'specinterface_ln0' <Predicate = true> <Delay = 0.00>
ST_2 : Operation 15 [1/1] (0.00ns)   --->   "%specinterface_ln0 = specinterface void @_ssdm_op_SpecInterface, i128 %mem, void @empty_3, i32 0, i32 0, void @empty_2, i32 4294967295, i32 0, void @empty_2, void @empty_2, void @empty_2, i32 0, i32 0, i32 0, i32 0, void @empty_2, void @empty_2, i32 4294967295, i32 0, i32 0"   --->   Operation 15 'specinterface' 'specinterface_ln0' <Predicate = true> <Delay = 0.00>
ST_2 : Operation 16 [1/1] (0.00ns)   --->   "%zext_ln361 = zext i7 %full_blocks" [softmax_accel_hls.cc:361]   --->   Operation 16 'zext' 'zext_ln361' <Predicate = true> <Delay = 0.00>
ST_2 : Operation 17 [1/2] (5.04ns)   --->   "%call_ln361 = call void @write_prob_stream_Pipeline_prob_write_loop, i7 %full_blocks, i132 %prob_stream, i14 %pr_l_read, i128 %mem" [softmax_accel_hls.cc:361]   --->   Operation 17 'call' 'call_ln361' <Predicate = true> <Delay = 5.04> <CoreType = "Generic">   --->   Generic Core
ST_2 : Operation 18 [1/1] (0.00ns)   --->   "%br_ln378 = br i1 %icmp_ln378, void %if.then_ifconv, void %if.end37" [softmax_accel_hls.cc:378]   --->   Operation 18 'br' 'br_ln378' <Predicate = true> <Delay = 0.00>
ST_2 : Operation 19 [1/1] (1.81ns)   --->   "%add_ln380 = add i14 %zext_ln361, i14 %pr_l_read" [softmax_accel_hls.cc:380]   --->   Operation 19 'add' 'add_ln380' <Predicate = (!icmp_ln378)> <Delay = 1.81> <CoreInst = "Adder">   --->   Core 1 'Adder' <Latency = 0> <II = 1> <Delay = 1.81> <FuncUnit> <Opcode : 'add' 'sub'> <InPorts = 2> <OutPorts = 1>

State 3 <SV = 2> <Delay = 3.25>
ST_3 : Operation 20 [1/1] (0.00ns)   --->   "%zext_ln380 = zext i14 %add_ln380" [softmax_accel_hls.cc:380]   --->   Operation 20 'zext' 'zext_ln380' <Predicate = true> <Delay = 0.00>
ST_3 : Operation 21 [1/1] (0.00ns)   --->   "%mem_addr = getelementptr i128 %mem, i64 0, i64 %zext_ln380" [softmax_accel_hls.cc:380]   --->   Operation 21 'getelementptr' 'mem_addr' <Predicate = true> <Delay = 0.00>
ST_3 : Operation 22 [2/2] (3.25ns)   --->   "%line = load i14 %mem_addr" [softmax_accel_hls.cc:380]   --->   Operation 22 'load' 'line' <Predicate = true> <Delay = 3.25> <CoreInst = "RAM">   --->   Core 81 'RAM' <Latency = 1> <II = 1> <Delay = 3.25> <Storage> <Opcode : 'load' 'store'> <Ports = 2> <Width = 128> <Depth = 16384> <RAM>

State 4 <SV = 3> <Delay = 7.55>
ST_4 : Operation 23 [1/1] ( I:3.70ns O:3.70ns )   --->   "%prob_stream_read = read i132 @_ssdm_op_Read.ap_fifo.volatile.i132P0A, i132 %prob_stream" [softmax_accel_hls.cc:379]   --->   Operation 23 'read' 'prob_stream_read' <Predicate = true> <Delay = 3.70> <CoreInst = "FIFO">   --->   Core 77 'FIFO' <Latency = 0> <II = 1> <Delay = 3.70> <Storage> <Opcode : 'read' 'write' 'nbread' 'nbwrite'> <Ports = 0> <Width = 132> <Depth = 16> <FIFO>
ST_4 : Operation 24 [1/1] (0.00ns)   --->   "%pkt_v0 = trunc i132 %prob_stream_read" [softmax_accel_hls.cc:379]   --->   Operation 24 'trunc' 'pkt_v0' <Predicate = true> <Delay = 0.00>
ST_4 : Operation 25 [1/1] (0.00ns)   --->   "%pkt_v1 = partselect i32 @_ssdm_op_PartSelect.i32.i132.i32.i32, i132 %prob_stream_read, i32 32, i32 63" [softmax_accel_hls.cc:379]   --->   Operation 25 'partselect' 'pkt_v1' <Predicate = true> <Delay = 0.00>
ST_4 : Operation 26 [1/1] (0.00ns)   --->   "%pkt_v2 = partselect i32 @_ssdm_op_PartSelect.i32.i132.i32.i32, i132 %prob_stream_read, i32 64, i32 95" [softmax_accel_hls.cc:379]   --->   Operation 26 'partselect' 'pkt_v2' <Predicate = true> <Delay = 0.00>
ST_4 : Operation 27 [1/1] (0.00ns)   --->   "%pkt_v3 = partselect i32 @_ssdm_op_PartSelect.i32.i132.i32.i32, i132 %prob_stream_read, i32 96, i32 127" [softmax_accel_hls.cc:379]   --->   Operation 27 'partselect' 'pkt_v3' <Predicate = true> <Delay = 0.00>
ST_4 : Operation 28 [1/2] ( I:3.25ns O:3.25ns )   --->   "%line = load i14 %mem_addr" [softmax_accel_hls.cc:380]   --->   Operation 28 'load' 'line' <Predicate = true> <Delay = 3.25> <CoreInst = "RAM">   --->   Core 81 'RAM' <Latency = 1> <II = 1> <Delay = 3.25> <Storage> <Opcode : 'load' 'store'> <Ports = 2> <Width = 128> <Depth = 16384> <RAM>
ST_4 : Operation 29 [1/1] (0.00ns)   --->   "%tmp = bitselect i1 @_ssdm_op_BitSelect.i1.i132.i32, i132 %prob_stream_read, i32 128" [softmax_accel_hls.cc:382]   --->   Operation 29 'bitselect' 'tmp' <Predicate = true> <Delay = 0.00>
ST_4 : Operation 30 [1/1] (0.00ns)   --->   "%line_1 = partset i128 @_ssdm_op_PartSet.i128.i128.i32.i32, i128 %line, i32 %pkt_v0, i32 0" [softmax_accel_hls.cc:165->softmax_accel_hls.cc:382]   --->   Operation 30 'partset' 'line_1' <Predicate = true> <Delay = 0.00>
ST_4 : Operation 31 [1/1] (1.92ns)   --->   "%line_2 = select i1 %tmp, i128 %line_1, i128 %line" [softmax_accel_hls.cc:382]   --->   Operation 31 'select' 'line_2' <Predicate = true> <Delay = 1.92> <CoreInst = "Sel">   --->   Core 73 'Sel' <Latency = 0> <II = 1> <Delay = 1.92> <FuncUnit> <Opcode : 'select'> <InPorts = 3> <OutPorts = 1>
ST_4 : Operation 32 [1/1] (0.00ns)   --->   "%tmp_1 = bitselect i1 @_ssdm_op_BitSelect.i1.i132.i32, i132 %prob_stream_read, i32 129" [softmax_accel_hls.cc:383]   --->   Operation 32 'bitselect' 'tmp_1' <Predicate = true> <Delay = 0.00>
ST_4 : Operation 33 [1/1] (0.00ns)   --->   "%line_3 = partset i128 @_ssdm_op_PartSet.i128.i128.i32.i32, i128 %line_2, i32 %pkt_v1, i32 32" [softmax_accel_hls.cc:165->softmax_accel_hls.cc:383]   --->   Operation 33 'partset' 'line_3' <Predicate = true> <Delay = 0.00>
ST_4 : Operation 34 [1/1] (1.92ns)   --->   "%line_4 = select i1 %tmp_1, i128 %line_3, i128 %line_2" [softmax_accel_hls.cc:383]   --->   Operation 34 'select' 'line_4' <Predicate = true> <Delay = 1.92> <CoreInst = "Sel">   --->   Core 73 'Sel' <Latency = 0> <II = 1> <Delay = 1.92> <FuncUnit> <Opcode : 'select'> <InPorts = 3> <OutPorts = 1>
ST_4 : Operation 35 [1/1] (0.00ns)   --->   "%tmp_2 = bitselect i1 @_ssdm_op_BitSelect.i1.i132.i32, i132 %prob_stream_read, i32 130" [softmax_accel_hls.cc:384]   --->   Operation 35 'bitselect' 'tmp_2' <Predicate = true> <Delay = 0.00>
ST_4 : Operation 36 [1/1] (0.00ns)   --->   "%tmp_3 = bitselect i1 @_ssdm_op_BitSelect.i1.i132.i32, i132 %prob_stream_read, i32 131" [softmax_accel_hls.cc:385]   --->   Operation 36 'bitselect' 'tmp_3' <Predicate = true> <Delay = 0.00>

State 5 <SV = 4> <Delay = 7.10>
ST_5 : Operation 37 [1/1] (0.00ns)   --->   "%line_5 = partset i128 @_ssdm_op_PartSet.i128.i128.i32.i32, i128 %line_4, i32 %pkt_v2, i32 64" [softmax_accel_hls.cc:165->softmax_accel_hls.cc:384]   --->   Operation 37 'partset' 'line_5' <Predicate = (!icmp_ln378 & tmp_2)> <Delay = 0.00>
ST_5 : Operation 38 [1/1] (1.92ns)   --->   "%line_6 = select i1 %tmp_2, i128 %line_5, i128 %line_4" [softmax_accel_hls.cc:384]   --->   Operation 38 'select' 'line_6' <Predicate = (!icmp_ln378)> <Delay = 1.92> <CoreInst = "Sel">   --->   Core 73 'Sel' <Latency = 0> <II = 1> <Delay = 1.92> <FuncUnit> <Opcode : 'select'> <InPorts = 3> <OutPorts = 1>
ST_5 : Operation 39 [1/1] (0.00ns)   --->   "%line_7 = partset i128 @_ssdm_op_PartSet.i128.i128.i32.i32, i128 %line_6, i32 %pkt_v3, i32 96" [softmax_accel_hls.cc:165->softmax_accel_hls.cc:385]   --->   Operation 39 'partset' 'line_7' <Predicate = (!icmp_ln378 & tmp_3)> <Delay = 0.00>
ST_5 : Operation 40 [1/1] (1.92ns)   --->   "%line_8 = select i1 %tmp_3, i128 %line_7, i128 %line_6" [softmax_accel_hls.cc:385]   --->   Operation 40 'select' 'line_8' <Predicate = (!icmp_ln378)> <Delay = 1.92> <CoreInst = "Sel">   --->   Core 73 'Sel' <Latency = 0> <II = 1> <Delay = 1.92> <FuncUnit> <Opcode : 'select'> <InPorts = 3> <OutPorts = 1>
ST_5 : Operation 41 [1/1] ( I:3.25ns O:3.25ns )   --->   "%store_ln387 = store i128 %line_8, i14 %mem_addr" [softmax_accel_hls.cc:387]   --->   Operation 41 'store' 'store_ln387' <Predicate = (!icmp_ln378)> <Delay = 3.25> <CoreInst = "RAM">   --->   Core 81 'RAM' <Latency = 1> <II = 1> <Delay = 3.25> <Storage> <Opcode : 'load' 'store'> <Ports = 2> <Width = 128> <Depth = 16384> <RAM>
ST_5 : Operation 42 [1/1] (0.00ns)   --->   "%br_ln388 = br void %if.end37" [softmax_accel_hls.cc:388]   --->   Operation 42 'br' 'br_ln388' <Predicate = (!icmp_ln378)> <Delay = 0.00>
ST_5 : Operation 43 [1/1] (0.00ns)   --->   "%ret_ln389 = ret" [softmax_accel_hls.cc:389]   --->   Operation 43 'ret' 'ret_ln389' <Predicate = true> <Delay = 0.00>


============================================================
+ Verbose Summary: Timing violations
============================================================
Target clock period: 11.800ns, clock uncertainty: 3.186ns.

 <State 1>: 3.458ns
The critical path consists of the following:
	wire read operation ('n_read') on port 'n' [7]  (0.000 ns)
	'call' operation 0 bit ('call_ln361', softmax_accel_hls.cc:361) to 'write_prob_stream_Pipeline_prob_write_loop' [14]  (3.458 ns)

 <State 2>: 5.046ns
The critical path consists of the following:
	'call' operation 0 bit ('call_ln361', softmax_accel_hls.cc:361) to 'write_prob_stream_Pipeline_prob_write_loop' [14]  (5.046 ns)

 <State 3>: 3.254ns
The critical path consists of the following:
	'getelementptr' operation 14 bit ('mem_addr', softmax_accel_hls.cc:380) [25]  (0.000 ns)
	'load' operation 128 bit ('line', softmax_accel_hls.cc:380) on array 'mem' [26]  (3.254 ns)

 <State 4>: 7.553ns
The critical path consists of the following:
	fifo read operation ('prob_stream_read', softmax_accel_hls.cc:379) on port 'prob_stream' (softmax_accel_hls.cc:379) [18]  (3.707 ns)
	'select' operation 128 bit ('line', softmax_accel_hls.cc:382) [29]  (1.923 ns)
	'select' operation 128 bit ('line', softmax_accel_hls.cc:383) [32]  (1.923 ns)

 <State 5>: 7.100ns
The critical path consists of the following:
	'select' operation 128 bit ('line', softmax_accel_hls.cc:384) [35]  (1.923 ns)
	'select' operation 128 bit ('line', softmax_accel_hls.cc:385) [38]  (1.923 ns)
	'store' operation 0 bit ('store_ln387', softmax_accel_hls.cc:387) of variable 'line', softmax_accel_hls.cc:385 on array 'mem' [39]  (3.254 ns)


============================================================
+ Verbose Summary: Binding
============================================================
N/A
* FSMD analyzer results:
  - Output states:
 - Input state : 
  - Chain level:
	State 1
	State 2
	State 3
	State 4
	State 5


============================================================
+ Verbose Summary: Datapath Resource usage 
============================================================
N/A
