

================================================================
== Vitis HLS Report for 'write_prob_stream_Pipeline_prob_write_loop'
================================================================
* Date:           Sat Mar 14 16:27:08 2026

* Version:        2025.1 (Build 6135595 on May 21 2025)
* Project:        Prometheus_SoC
* Solution:       hls (Vivado IP Flow Target)
* Product family: zynq
* Target device:  xc7z020-clg400-1


================================================================
== Performance Estimates
================================================================
+ Timing: 
    * Summary: 
    +--------+----------+----------+------------+
    |  Clock |  Target  | Estimated| Uncertainty|
    +--------+----------+----------+------------+
    |ap_clk  |  11.80 ns|  6.961 ns|     3.19 ns|
    +--------+----------+----------+------------+

+ Latency: 
    * Summary: 
    +---------+---------+-----------+----------+-----+-----+------------------------------------------------+
    |  Latency (cycles) |  Latency (absolute)  |  Interval |                    Pipeline                    |
    |   min   |   max   |    min    |    max   | min | max |                      Type                      |
    +---------+---------+-----------+----------+-----+-----+------------------------------------------------+
    |        2|       66|  23.600 ns|  0.779 us|    1|   65|  loop auto-rewind stp (delay=0 clock cycles(s))|
    +---------+---------+-----------+----------+-----+-----+------------------------------------------------+

    + Detail: 
        * Instance: 
        N/A

        * Loop: 
        +-------------------+---------+---------+----------+-----------+-----------+--------+----------+
        |                   |  Latency (cycles) | Iteration|  Initiation Interval  |  Trip  |          |
        |     Loop Name     |   min   |   max   |  Latency |  achieved |   target  |  Count | Pipelined|
        +-------------------+---------+---------+----------+-----------+-----------+--------+----------+
        |- prob_write_loop  |        0|       64|         2|          1|          1|  0 ~ 64|       yes|
        +-------------------+---------+---------+----------+-----------+-----------+--------+----------+



================================================================
== Utilization Estimates
================================================================
* Summary: 
+-----------------+---------+-----+--------+-------+-----+
|       Name      | BRAM_18K| DSP |   FF   |  LUT  | URAM|
+-----------------+---------+-----+--------+-------+-----+
|DSP              |        -|    -|       -|      -|    -|
|Expression       |        -|    -|       0|     49|    -|
|FIFO             |        -|    -|       -|      -|    -|
|Instance         |        -|    -|       -|      -|    -|
|Memory           |        -|    -|       -|      -|    -|
|Multiplexer      |        -|    -|       0|     45|    -|
|Register         |        -|    -|      30|      -|    -|
+-----------------+---------+-----+--------+-------+-----+
|Total            |        0|    0|      30|     94|    0|
+-----------------+---------+-----+--------+-------+-----+
|Available        |      280|  220|  106400|  53200|    0|
+-----------------+---------+-----+--------+-------+-----+
|Utilization (%)  |        0|    0|      ~0|     ~0|    0|
+-----------------+---------+-----+--------+-------+-----+

+ Detail: 
    * Instance: 
    N/A

    * DSP: 
    N/A

    * Memory: 
    N/A

    * FIFO: 
    N/A

    * Expression: 
    +---------------------------+----------+----+---+----+------------+------------+
    |       Variable Name       | Operation| DSP| FF| LUT| Bitwidth P0| Bitwidth P1|
    +---------------------------+----------+----+---+----+------------+------------+
    |add_ln365_fu_99_p2         |         +|   0|  0|  14|           7|           1|
    |add_ln375_fu_122_p2        |         +|   0|  0|  17|          14|          14|
    |ap_block_pp0_stage0_11001  |       and|   0|  0|   2|           1|           1|
    |icmp_ln365_fu_93_p2        |      icmp|   0|  0|  14|           7|           7|
    |ap_enable_pp0              |       xor|   0|  0|   2|           1|           2|
    +---------------------------+----------+----+---+----+------------+------------+
    |Total                      |          |   0|  0|  49|          30|          25|
    +---------------------------+----------+----+---+----+------------+------------+

    * Multiplexer: 
    +-------------------------+----+-----------+-----+-----------+
    |           Name          | LUT| Input Size| Bits| Total Bits|
    +-------------------------+----+-----------+-----+-----------+
    |ap_done_int              |   9|          2|    1|          2|
    |ap_enable_reg_pp0_iter1  |   9|          2|    1|          2|
    |ap_sig_allocacmp_blk_1   |   9|          2|    7|         14|
    |blk_fu_50                |   9|          2|    7|         14|
    |prob_stream_blk_n        |   9|          2|    1|          2|
    +-------------------------+----+-----------+-----+-----------+
    |Total                    |  45|         10|   17|         34|
    +-------------------------+----+-----------+-----+-----------+

    * Register: 
    +-------------------------+----+----+-----+-----------+
    |           Name          | FF | LUT| Bits| Const Bits|
    +-------------------------+----+----+-----+-----------+
    |ap_CS_fsm                |   1|   0|    1|          0|
    |ap_done_reg              |   1|   0|    1|          0|
    |ap_enable_reg_pp0_iter1  |   1|   0|    1|          0|
    |blk_fu_50                |   7|   0|    7|          0|
    |pr_l_read_reg_139        |  14|   0|   14|          0|
    |trunc_ln375_reg_147      |   6|   0|    6|          0|
    +-------------------------+----+----+-----+-----------+
    |Total                    |  30|   0|   30|          0|
    +-------------------------+----+----+-----+-----------+



================================================================
== Interface
================================================================
* Summary: 
+----------------------------+-----+-----+------------+--------------------------------------------+--------------+
|          RTL Ports         | Dir | Bits|  Protocol  |                Source Object               |    C Type    |
+----------------------------+-----+-----+------------+--------------------------------------------+--------------+
|ap_clk                      |   in|    1|  ap_ctrl_hs|  write_prob_stream_Pipeline_prob_write_loop|  return value|
|ap_rst                      |   in|    1|  ap_ctrl_hs|  write_prob_stream_Pipeline_prob_write_loop|  return value|
|ap_start                    |   in|    1|  ap_ctrl_hs|  write_prob_stream_Pipeline_prob_write_loop|  return value|
|ap_done                     |  out|    1|  ap_ctrl_hs|  write_prob_stream_Pipeline_prob_write_loop|  return value|
|ap_idle                     |  out|    1|  ap_ctrl_hs|  write_prob_stream_Pipeline_prob_write_loop|  return value|
|ap_ready                    |  out|    1|  ap_ctrl_hs|  write_prob_stream_Pipeline_prob_write_loop|  return value|
|prob_stream_dout            |   in|  132|     ap_fifo|                                 prob_stream|       pointer|
|prob_stream_empty_n         |   in|    1|     ap_fifo|                                 prob_stream|       pointer|
|prob_stream_read            |  out|    1|     ap_fifo|                                 prob_stream|       pointer|
|prob_stream_num_data_valid  |   in|    5|     ap_fifo|                                 prob_stream|       pointer|
|prob_stream_fifo_cap        |   in|    5|     ap_fifo|                                 prob_stream|       pointer|
|full_blocks                 |   in|    7|   ap_stable|                                 full_blocks|        scalar|
|pr_l                        |   in|   14|   ap_stable|                                        pr_l|        scalar|
|mem_address0                |  out|   14|   ap_memory|                                         mem|         array|
|mem_ce0                     |  out|    1|   ap_memory|                                         mem|         array|
|mem_we0                     |  out|    1|   ap_memory|                                         mem|         array|
|mem_d0                      |  out|  128|   ap_memory|                                         mem|         array|
+----------------------------+-----+-----+------------+--------------------------------------------+--------------+

============================================================
+ Verbose Summary: Synthesis Manager
============================================================
InlineROM: 1
ExposeGlobal: 0
============================================================
+ Verbose Summary: CDFG Model
============================================================
IsTopModel: 0
ResetActiveHigh: 1
IsCombinational: 2
IsDatapathOnly: 2
HasWiredReturn: 1
HasMFsm: 2
HasVarLatency: 1
IsPipeline: 0
IsRtlPipelined: 0
IsInstanceOverlapped: 0
IsDontTouch: 0
HasImplIP: 0
IsGatedGlobalClock: 0

+ Individual pipeline summary: 
  * Pipeline-0: initiation interval (II) = 1, depth = 2


============================================================
+ Verbose Summary: Schedule
============================================================
* Number of FSM states : 2
* Pipeline : 1
  Pipeline-0 : II = 1, D = 2, States = { 1 2 }
* Dataflow Pipeline: 0

* FSM state transitions: 
1 --> 2 
2 --> 

* FSM state operations: 

State 1 <SV = 0> <Delay = 5.04>
ST_1 : Operation 5 [1/1] (0.00ns)   --->   "%blk = alloca i32 1" [softmax_accel_hls.cc:365]   --->   Operation 5 'alloca' 'blk' <Predicate = true> <Delay = 0.00>
ST_1 : Operation 6 [1/1] (0.00ns)   --->   "%specstablecontent_ln0 = specstablecontent void @_ssdm_op_SpecStableContent, i14 %pr_l, i1 1, void @p_str"   --->   Operation 6 'specstablecontent' 'specstablecontent_ln0' <Predicate = true> <Delay = 0.00>
ST_1 : Operation 7 [1/1] (0.00ns)   --->   "%specinterface_ln0 = specinterface void @_ssdm_op_SpecInterface, i128 %mem, void @empty_3, i32 0, i32 0, void @empty_2, i32 4294967295, i32 0, void @empty_2, void @empty_2, void @empty_2, i32 0, i32 0, i32 0, i32 0, void @empty_2, void @empty_2, i32 4294967295, i32 0, i32 0"   --->   Operation 7 'specinterface' 'specinterface_ln0' <Predicate = true> <Delay = 0.00>
ST_1 : Operation 8 [1/1] (0.00ns)   --->   "%specinterface_ln0 = specinterface void @_ssdm_op_SpecInterface, i132 %prob_stream, void @empty_9, i32 0, i32 0, void @empty_2, i32 0, i32 0, void @empty_2, void @empty_2, void @empty_2, i32 0, i32 0, i32 0, i32 0, void @empty_2, void @empty_2, i32 4294967295, i32 0, i32 0"   --->   Operation 8 'specinterface' 'specinterface_ln0' <Predicate = true> <Delay = 0.00>
ST_1 : Operation 9 [1/1] (0.00ns)   --->   "%pr_l_read = read i14 @_ssdm_op_Read.ap_auto.i14, i14 %pr_l" [softmax_accel_hls.cc:356]   --->   Operation 9 'read' 'pr_l_read' <Predicate = true> <Delay = 0.00>
ST_1 : Operation 10 [1/1] (0.00ns)   --->   "%full_blocks_read = read i7 @_ssdm_op_Read.ap_auto.i7, i7 %full_blocks" [softmax_accel_hls.cc:356]   --->   Operation 10 'read' 'full_blocks_read' <Predicate = true> <Delay = 0.00>
ST_1 : Operation 11 [1/1] (1.58ns)   --->   "%store_ln365 = store i7 0, i7 %blk" [softmax_accel_hls.cc:365]   --->   Operation 11 'store' 'store_ln365' <Predicate = true> <Delay = 1.58>
ST_1 : Operation 12 [1/1] (0.00ns)   --->   "%br_ln365 = br void %for.inc" [softmax_accel_hls.cc:365]   --->   Operation 12 'br' 'br_ln365' <Predicate = true> <Delay = 0.00>
ST_1 : Operation 13 [1/1] (0.00ns)   --->   "%blk_1 = load i7 %blk" [softmax_accel_hls.cc:365]   --->   Operation 13 'load' 'blk_1' <Predicate = true> <Delay = 0.00>
ST_1 : Operation 14 [1/1] (1.87ns)   --->   "%icmp_ln365 = icmp_eq  i7 %blk_1, i7 %full_blocks_read" [softmax_accel_hls.cc:365]   --->   Operation 14 'icmp' 'icmp_ln365' <Predicate = true> <Delay = 1.87> <CoreInst = "Cmp">   --->   Core 9 'Cmp' <Latency = 0> <II = 1> <Delay = 1.87> <FuncUnit> <Opcode : 'seteq' 'setne' 'setle' 'setge' 'setlt' 'setgt'> <InPorts = 2> <OutPorts = 1>
ST_1 : Operation 15 [1/1] (0.00ns)   --->   "%speclooptripcount_ln0 = speclooptripcount void @_ssdm_op_SpecLoopTripCount, i64 0, i64 64, i64 0"   --->   Operation 15 'speclooptripcount' 'speclooptripcount_ln0' <Predicate = true> <Delay = 0.00>
ST_1 : Operation 16 [1/1] (1.87ns)   --->   "%add_ln365 = add i7 %blk_1, i7 1" [softmax_accel_hls.cc:365]   --->   Operation 16 'add' 'add_ln365' <Predicate = true> <Delay = 1.87> <CoreInst = "Adder">   --->   Core 1 'Adder' <Latency = 0> <II = 1> <Delay = 1.87> <FuncUnit> <Opcode : 'add' 'sub'> <InPorts = 2> <OutPorts = 1>
ST_1 : Operation 17 [1/1] (0.00ns)   --->   "%br_ln365 = br i1 %icmp_ln365, void %for.inc.split, void %for.end.exitStub" [softmax_accel_hls.cc:365]   --->   Operation 17 'br' 'br_ln365' <Predicate = true> <Delay = 0.00>
ST_1 : Operation 18 [1/1] (0.00ns)   --->   "%trunc_ln375 = trunc i7 %blk_1" [softmax_accel_hls.cc:375]   --->   Operation 18 'trunc' 'trunc_ln375' <Predicate = (!icmp_ln365)> <Delay = 0.00>
ST_1 : Operation 19 [1/1] (1.58ns)   --->   "%store_ln365 = store i7 %add_ln365, i7 %blk" [softmax_accel_hls.cc:365]   --->   Operation 19 'store' 'store_ln365' <Predicate = (!icmp_ln365)> <Delay = 1.58>
ST_1 : Operation 30 [1/1] (1.58ns)   --->   "%ret_ln0 = ret"   --->   Operation 30 'ret' 'ret_ln0' <Predicate = (icmp_ln365)> <Delay = 1.58>

State 2 <SV = 1> <Delay = 6.96>
ST_2 : Operation 20 [1/1] (0.00ns)   --->   "%specpipeline_ln366 = specpipeline void @_ssdm_op_SpecPipeline, i32 1, i32 0, i32 0, i32 0, void @empty_2" [softmax_accel_hls.cc:366]   --->   Operation 20 'specpipeline' 'specpipeline_ln366' <Predicate = true> <Delay = 0.00>
ST_2 : Operation 21 [1/1] (0.00ns)   --->   "%specloopname_ln365 = specloopname void @_ssdm_op_SpecLoopName, void @empty_5" [softmax_accel_hls.cc:365]   --->   Operation 21 'specloopname' 'specloopname_ln365' <Predicate = true> <Delay = 0.00>
ST_2 : Operation 22 [1/1] ( I:3.70ns O:3.70ns )   --->   "%prob_stream_read = read i132 @_ssdm_op_Read.ap_fifo.volatile.i132P0A, i132 %prob_stream" [softmax_accel_hls.cc:367]   --->   Operation 22 'read' 'prob_stream_read' <Predicate = true> <Delay = 3.70> <CoreInst = "FIFO">   --->   Core 77 'FIFO' <Latency = 0> <II = 1> <Delay = 3.70> <Storage> <Opcode : 'read' 'write' 'nbread' 'nbwrite'> <Ports = 0> <Width = 132> <Depth = 16> <FIFO>
ST_2 : Operation 23 [1/1] (0.00ns)   --->   "%line = trunc i132 %prob_stream_read" [softmax_accel_hls.cc:367]   --->   Operation 23 'trunc' 'line' <Predicate = true> <Delay = 0.00>
ST_2 : Operation 24 [1/1] (0.00ns)   --->   "%zext_ln375_1 = zext i6 %trunc_ln375" [softmax_accel_hls.cc:375]   --->   Operation 24 'zext' 'zext_ln375_1' <Predicate = true> <Delay = 0.00>
ST_2 : Operation 25 [1/1] (1.81ns)   --->   "%add_ln375 = add i14 %zext_ln375_1, i14 %pr_l_read" [softmax_accel_hls.cc:375]   --->   Operation 25 'add' 'add_ln375' <Predicate = true> <Delay = 1.81> <CoreInst = "Adder">   --->   Core 1 'Adder' <Latency = 0> <II = 1> <Delay = 1.81> <FuncUnit> <Opcode : 'add' 'sub'> <InPorts = 2> <OutPorts = 1>
ST_2 : Operation 26 [1/1] (0.00ns)   --->   "%zext_ln375 = zext i14 %add_ln375" [softmax_accel_hls.cc:375]   --->   Operation 26 'zext' 'zext_ln375' <Predicate = true> <Delay = 0.00>
ST_2 : Operation 27 [1/1] (0.00ns)   --->   "%mem_addr = getelementptr i128 %mem, i64 0, i64 %zext_ln375" [softmax_accel_hls.cc:375]   --->   Operation 27 'getelementptr' 'mem_addr' <Predicate = true> <Delay = 0.00>
ST_2 : Operation 28 [1/1] ( I:3.25ns O:3.25ns )   --->   "%store_ln375 = store i128 %line, i14 %mem_addr" [softmax_accel_hls.cc:375]   --->   Operation 28 'store' 'store_ln375' <Predicate = true> <Delay = 3.25> <CoreInst = "RAM">   --->   Core 81 'RAM' <Latency = 1> <II = 1> <Delay = 3.25> <Storage> <Opcode : 'load' 'store'> <Ports = 2> <Width = 128> <Depth = 16384> <RAM>
ST_2 : Operation 29 [1/1] (0.00ns)   --->   "%br_ln365 = br void %for.inc" [softmax_accel_hls.cc:365]   --->   Operation 29 'br' 'br_ln365' <Predicate = true> <Delay = 0.00>


============================================================
+ Verbose Summary: Binding
============================================================
STG Binding: 
---------------- STG Properties BEGIN ----------------
- Is combinational: 0
- Is one-state seq: 0
- Is datapath-only: 0
- Is pipelined: 0
- Is top level: 0
Port [ Return ] is wired: 1; IO mode=ap_ctrl_hs:ce=0
Port [ full_blocks]:  wired=1; compound=0; hidden=0; nouse=0; global=0; static=0; extern=0; dir=0; type=0; pingpong=0; private_global=0; IO mode=ap_stable:ce=0
Port [ prob_stream]:  wired=1; compound=1; hidden=0; nouse=0; global=0; static=0; extern=0; dir=0; type=3; pingpong=0; private_global=0; IO mode=ap_fifo:ce=0
Port [ pr_l]:  wired=1; compound=0; hidden=0; nouse=0; global=0; static=0; extern=0; dir=0; type=0; pingpong=0; private_global=0; IO mode=ap_stable:ce=0
Port [ mem]:  wired=1; compound=1; hidden=0; nouse=0; global=0; static=0; extern=0; dir=1; type=1; pingpong=0; private_global=0; MemPort=[03]; IO mode=ap_memory:ce=0
---------------- STG Properties END ------------------

---------------- Datapath Model BEGIN ----------------

<LifeTime>
<method=bitvector/>
blk                   (alloca           ) [ 010]
specstablecontent_ln0 (specstablecontent) [ 000]
specinterface_ln0     (specinterface    ) [ 000]
specinterface_ln0     (specinterface    ) [ 000]
pr_l_read             (read             ) [ 011]
full_blocks_read      (read             ) [ 000]
store_ln365           (store            ) [ 000]
br_ln365              (br               ) [ 000]
blk_1                 (load             ) [ 000]
icmp_ln365            (icmp             ) [ 010]
speclooptripcount_ln0 (speclooptripcount) [ 000]
add_ln365             (add              ) [ 000]
br_ln365              (br               ) [ 000]
trunc_ln375           (trunc            ) [ 011]
store_ln365           (store            ) [ 000]
specpipeline_ln366    (specpipeline     ) [ 000]
specloopname_ln365    (specloopname     ) [ 000]
prob_stream_read      (read             ) [ 000]
line                  (trunc            ) [ 000]
zext_ln375_1          (zext             ) [ 000]
add_ln375             (add              ) [ 000]
zext_ln375            (zext             ) [ 000]
mem_addr              (getelementptr    ) [ 000]
store_ln375           (store            ) [ 000]
br_ln365              (br               ) [ 000]
ret_ln0               (ret              ) [ 000]
</LifeTime>

<model>

<comp_list>
<comp id="0" class="1000" name="full_blocks">
<pin_list>
<pin id="1" dir="1" index="0" bw="1" slack="0"/>
</pin_list>
<bind>
<StgValue><ssdm name="full_blocks"/></StgValue>
</bind>
</comp>

<comp id="2" class="1000" name="prob_stream">
<pin_list>
<pin id="3" dir="1" index="0" bw="1" slack="0"/>
</pin_list>
<bind>
<StgValue><ssdm name="prob_stream"/></StgValue>
</bind>
</comp>

<comp id="4" class="1000" name="pr_l">
<pin_list>
<pin id="5" dir="1" index="0" bw="1" slack="0"/>
</pin_list>
<bind>
<StgValue><ssdm name="pr_l"/></StgValue>
</bind>
</comp>

<comp id="6" class="1000" name="mem">
<pin_list>
<pin id="7" dir="1" index="0" bw="1" slack="0"/>
</pin_list>
<bind>
<StgValue><ssdm name="mem"/><MemPortTyVec>0 3 </MemPortTyVec>
</StgValue>
</bind>
</comp>

<comp id="8" class="1001" name="const_8">
<pin_list>
<pin id="9" dir="1" index="0" bw="1" slack="0"/>
</pin_list>
<bind>
<StgValue><ssdm name=""/></StgValue>
</bind>
</comp>

<comp id="10" class="1001" name="const_10">
<pin_list>
<pin id="11" dir="1" index="0" bw="1" slack="2147483647"/>
</pin_list>
<bind>
<StgValue><ssdm name="_ssdm_op_SpecStableContent"/></StgValue>
</bind>
</comp>

<comp id="12" class="1001" name="const_12">
<pin_list>
<pin id="13" dir="1" index="0" bw="1" slack="2147483647"/>
</pin_list>
<bind>
<StgValue><ssdm name=""/></StgValue>
</bind>
</comp>

<comp id="14" class="1001" name="const_14">
<pin_list>
<pin id="15" dir="1" index="0" bw="1" slack="2147483647"/>
</pin_list>
<bind>
<StgValue><ssdm name="p_str"/></StgValue>
</bind>
</comp>

<comp id="16" class="1001" name="const_16">
<pin_list>
<pin id="17" dir="1" index="0" bw="1" slack="2147483647"/>
</pin_list>
<bind>
<StgValue><ssdm name="_ssdm_op_SpecInterface"/></StgValue>
</bind>
</comp>

<comp id="18" class="1001" name="const_18">
<pin_list>
<pin id="19" dir="1" index="0" bw="1" slack="2147483647"/>
</pin_list>
<bind>
<StgValue><ssdm name="empty_3"/></StgValue>
</bind>
</comp>

<comp id="20" class="1001" name="const_20">
<pin_list>
<pin id="21" dir="1" index="0" bw="1" slack="2147483647"/>
</pin_list>
<bind>
<StgValue><ssdm name=""/></StgValue>
</bind>
</comp>

<comp id="22" class="1001" name="const_22">
<pin_list>
<pin id="23" dir="1" index="0" bw="1" slack="2147483647"/>
</pin_list>
<bind>
<StgValue><ssdm name="empty_2"/></StgValue>
</bind>
</comp>

<comp id="24" class="1001" name="const_24">
<pin_list>
<pin id="25" dir="1" index="0" bw="1" slack="2147483647"/>
</pin_list>
<bind>
<StgValue><ssdm name=""/></StgValue>
</bind>
</comp>

<comp id="26" class="1001" name="const_26">
<pin_list>
<pin id="27" dir="1" index="0" bw="1" slack="2147483647"/>
</pin_list>
<bind>
<StgValue><ssdm name="empty_9"/></StgValue>
</bind>
</comp>

<comp id="28" class="1001" name="const_28">
<pin_list>
<pin id="29" dir="1" index="0" bw="1" slack="0"/>
</pin_list>
<bind>
<StgValue><ssdm name="_ssdm_op_Read.ap_auto.i14"/></StgValue>
</bind>
</comp>

<comp id="30" class="1001" name="const_30">
<pin_list>
<pin id="31" dir="1" index="0" bw="1" slack="0"/>
</pin_list>
<bind>
<StgValue><ssdm name="_ssdm_op_Read.ap_auto.i7"/></StgValue>
</bind>
</comp>

<comp id="32" class="1001" name="const_32">
<pin_list>
<pin id="33" dir="1" index="0" bw="1" slack="0"/>
</pin_list>
<bind>
<StgValue><ssdm name=""/></StgValue>
</bind>
</comp>

<comp id="34" class="1001" name="const_34">
<pin_list>
<pin id="35" dir="1" index="0" bw="1" slack="2147483647"/>
</pin_list>
<bind>
<StgValue><ssdm name="_ssdm_op_SpecLoopTripCount"/></StgValue>
</bind>
</comp>

<comp id="36" class="1001" name="const_36">
<pin_list>
<pin id="37" dir="1" index="0" bw="1" slack="0"/>
</pin_list>
<bind>
<StgValue><ssdm name=""/></StgValue>
</bind>
</comp>

<comp id="38" class="1001" name="const_38">
<pin_list>
<pin id="39" dir="1" index="0" bw="1" slack="2147483647"/>
</pin_list>
<bind>
<StgValue><ssdm name=""/></StgValue>
</bind>
</comp>

<comp id="40" class="1001" name="const_40">
<pin_list>
<pin id="41" dir="1" index="0" bw="1" slack="0"/>
</pin_list>
<bind>
<StgValue><ssdm name=""/></StgValue>
</bind>
</comp>

<comp id="42" class="1001" name="const_42">
<pin_list>
<pin id="43" dir="1" index="0" bw="1" slack="2147483647"/>
</pin_list>
<bind>
<StgValue><ssdm name="_ssdm_op_SpecPipeline"/></StgValue>
</bind>
</comp>

<comp id="44" class="1001" name="const_44">
<pin_list>
<pin id="45" dir="1" index="0" bw="1" slack="2147483647"/>
</pin_list>
<bind>
<StgValue><ssdm name="_ssdm_op_SpecLoopName"/></StgValue>
</bind>
</comp>

<comp id="46" class="1001" name="const_46">
<pin_list>
<pin id="47" dir="1" index="0" bw="1" slack="2147483647"/>
</pin_list>
<bind>
<StgValue><ssdm name="empty_5"/></StgValue>
</bind>
</comp>

<comp id="48" class="1001" name="const_48">
<pin_list>
<pin id="49" dir="1" index="0" bw="1" slack="0"/>
</pin_list>
<bind>
<StgValue><ssdm name="_ssdm_op_Read.ap_fifo.volatile.i132P0A"/></StgValue>
</bind>
</comp>

<comp id="50" class="1004" name="blk_fu_50">
<pin_list>
<pin id="51" dir="0" index="0" bw="1" slack="0"/>
<pin id="52" dir="1" index="1" bw="7" slack="0"/>
</pin_list>
<bind>
<opcode="alloca(26) " fcode="alloca"/>
<opset="blk/1 "/>
</bind>
</comp>

<comp id="54" class="1004" name="pr_l_read_read_fu_54">
<pin_list>
<pin id="55" dir="0" index="0" bw="14" slack="0"/>
<pin id="56" dir="0" index="1" bw="14" slack="0"/>
<pin id="57" dir="1" index="2" bw="14" slack="1"/>
</pin_list>
<bind>
<opcode="read(1150) " fcode="read"/>
<opset="pr_l_read/1 "/>
</bind>
</comp>

<comp id="60" class="1004" name="full_blocks_read_read_fu_60">
<pin_list>
<pin id="61" dir="0" index="0" bw="7" slack="0"/>
<pin id="62" dir="0" index="1" bw="7" slack="0"/>
<pin id="63" dir="1" index="2" bw="7" slack="0"/>
</pin_list>
<bind>
<opcode="read(1150) " fcode="read"/>
<opset="full_blocks_read/1 "/>
</bind>
</comp>

<comp id="66" class="1004" name="prob_stream_read_read_fu_66">
<pin_list>
<pin id="67" dir="0" index="0" bw="132" slack="0"/>
<pin id="68" dir="0" index="1" bw="132" slack="0"/>
<pin id="69" dir="1" index="2" bw="132" slack="0"/>
</pin_list>
<bind>
<opcode="read(1150) " fcode="read"/>
<opset="prob_stream_read/2 "/>
</bind>
</comp>

<comp id="72" class="1004" name="mem_addr_gep_fu_72">
<pin_list>
<pin id="73" dir="0" index="0" bw="128" slack="0"/>
<pin id="74" dir="0" index="1" bw="1" slack="0"/>
<pin id="75" dir="0" index="2" bw="14" slack="0"/>
<pin id="76" dir="1" index="3" bw="14" slack="0"/>
</pin_list>
<bind>
<opcode="getelementptr(29) " fcode="getelementptr"/>
<opset="mem_addr/2 "/>
</bind>
</comp>

<comp id="79" class="1004" name="store_ln375_access_fu_79">
<pin_list>
<pin id="80" dir="0" index="0" bw="14" slack="0"/>
<pin id="81" dir="0" index="1" bw="128" slack="0"/>
<pin id="82" dir="0" index="2" bw="0" slack="2147483647"/>
<pin id="83" dir="1" index="3" bw="128" slack="2147483647"/>
</pin_list>
<bind>
<opcode="store(28) " fcode="store"/>
<opset="store_ln375/2 "/>
</bind>
</comp>

<comp id="85" class="1004" name="store_ln365_store_fu_85">
<pin_list>
<pin id="86" dir="0" index="0" bw="1" slack="0"/>
<pin id="87" dir="0" index="1" bw="7" slack="0"/>
<pin id="88" dir="1" index="2" bw="0" slack="2147483647"/>
</pin_list>
<bind>
<opcode="store(28) " fcode="store"/>
<opset="store_ln365/1 "/>
</bind>
</comp>

<comp id="90" class="1004" name="blk_1_load_fu_90">
<pin_list>
<pin id="91" dir="0" index="0" bw="7" slack="0"/>
<pin id="92" dir="1" index="1" bw="7" slack="0"/>
</pin_list>
<bind>
<opcode="load(27) " fcode="load"/>
<opset="blk_1/1 "/>
</bind>
</comp>

<comp id="93" class="1004" name="icmp_ln365_fu_93">
<pin_list>
<pin id="94" dir="0" index="0" bw="7" slack="0"/>
<pin id="95" dir="0" index="1" bw="7" slack="0"/>
<pin id="96" dir="1" index="2" bw="1" slack="2147483647"/>
</pin_list>
<bind>
<opcode="icmp(45) " fcode="icmp"/>
<opset="icmp_ln365/1 "/>
</bind>
</comp>

<comp id="99" class="1004" name="add_ln365_fu_99">
<pin_list>
<pin id="100" dir="0" index="0" bw="7" slack="0"/>
<pin id="101" dir="0" index="1" bw="1" slack="0"/>
<pin id="102" dir="1" index="2" bw="7" slack="0"/>
</pin_list>
<bind>
<opcode="add(8) " fcode="add"/>
<opset="add_ln365/1 "/>
</bind>
</comp>

<comp id="105" class="1004" name="trunc_ln375_fu_105">
<pin_list>
<pin id="106" dir="0" index="0" bw="7" slack="0"/>
<pin id="107" dir="1" index="1" bw="6" slack="1"/>
</pin_list>
<bind>
<opcode="trunc(33) " fcode="trunc"/>
<opset="trunc_ln375/1 "/>
</bind>
</comp>

<comp id="109" class="1004" name="store_ln365_store_fu_109">
<pin_list>
<pin id="110" dir="0" index="0" bw="7" slack="0"/>
<pin id="111" dir="0" index="1" bw="7" slack="0"/>
<pin id="112" dir="1" index="2" bw="0" slack="2147483647"/>
</pin_list>
<bind>
<opcode="store(28) " fcode="store"/>
<opset="store_ln365/1 "/>
</bind>
</comp>

<comp id="114" class="1004" name="line_fu_114">
<pin_list>
<pin id="115" dir="0" index="0" bw="132" slack="0"/>
<pin id="116" dir="1" index="1" bw="128" slack="0"/>
</pin_list>
<bind>
<opcode="trunc(33) " fcode="trunc"/>
<opset="line/2 "/>
</bind>
</comp>

<comp id="119" class="1004" name="zext_ln375_1_fu_119">
<pin_list>
<pin id="120" dir="0" index="0" bw="6" slack="1"/>
<pin id="121" dir="1" index="1" bw="14" slack="0"/>
</pin_list>
<bind>
<opcode="zext(34) " fcode="zext"/>
<opset="zext_ln375_1/2 "/>
</bind>
</comp>

<comp id="122" class="1004" name="add_ln375_fu_122">
<pin_list>
<pin id="123" dir="0" index="0" bw="6" slack="0"/>
<pin id="124" dir="0" index="1" bw="14" slack="1"/>
<pin id="125" dir="1" index="2" bw="14" slack="0"/>
</pin_list>
<bind>
<opcode="add(8) " fcode="add"/>
<opset="add_ln375/2 "/>
</bind>
</comp>

<comp id="127" class="1004" name="zext_ln375_fu_127">
<pin_list>
<pin id="128" dir="0" index="0" bw="14" slack="0"/>
<pin id="129" dir="1" index="1" bw="64" slack="0"/>
</pin_list>
<bind>
<opcode="zext(34) " fcode="zext"/>
<opset="zext_ln375/2 "/>
</bind>
</comp>

<comp id="132" class="1005" name="blk_reg_132">
<pin_list>
<pin id="133" dir="0" index="0" bw="7" slack="0"/>
<pin id="134" dir="1" index="1" bw="7" slack="0"/>
</pin_list>
<bind>
<opset="blk "/>
</bind>
</comp>

<comp id="139" class="1005" name="pr_l_read_reg_139">
<pin_list>
<pin id="140" dir="0" index="0" bw="14" slack="1"/>
<pin id="141" dir="1" index="1" bw="14" slack="1"/>
</pin_list>
<bind>
<opset="pr_l_read "/>
</bind>
</comp>

<comp id="147" class="1005" name="trunc_ln375_reg_147">
<pin_list>
<pin id="148" dir="0" index="0" bw="6" slack="1"/>
<pin id="149" dir="1" index="1" bw="6" slack="1"/>
</pin_list>
<bind>
<opset="trunc_ln375 "/>
</bind>
</comp>

</comp_list>

<net_list>
<net id="53"><net_src comp="8" pin="0"/><net_sink comp="50" pin=0"/></net>

<net id="58"><net_src comp="28" pin="0"/><net_sink comp="54" pin=0"/></net>

<net id="59"><net_src comp="4" pin="0"/><net_sink comp="54" pin=1"/></net>

<net id="64"><net_src comp="30" pin="0"/><net_sink comp="60" pin=0"/></net>

<net id="65"><net_src comp="0" pin="0"/><net_sink comp="60" pin=1"/></net>

<net id="70"><net_src comp="48" pin="0"/><net_sink comp="66" pin=0"/></net>

<net id="71"><net_src comp="2" pin="0"/><net_sink comp="66" pin=1"/></net>

<net id="77"><net_src comp="6" pin="0"/><net_sink comp="72" pin=0"/></net>

<net id="78"><net_src comp="36" pin="0"/><net_sink comp="72" pin=1"/></net>

<net id="84"><net_src comp="72" pin="3"/><net_sink comp="79" pin=0"/></net>

<net id="89"><net_src comp="32" pin="0"/><net_sink comp="85" pin=0"/></net>

<net id="97"><net_src comp="90" pin="1"/><net_sink comp="93" pin=0"/></net>

<net id="98"><net_src comp="60" pin="2"/><net_sink comp="93" pin=1"/></net>

<net id="103"><net_src comp="90" pin="1"/><net_sink comp="99" pin=0"/></net>

<net id="104"><net_src comp="40" pin="0"/><net_sink comp="99" pin=1"/></net>

<net id="108"><net_src comp="90" pin="1"/><net_sink comp="105" pin=0"/></net>

<net id="113"><net_src comp="99" pin="2"/><net_sink comp="109" pin=0"/></net>

<net id="117"><net_src comp="66" pin="2"/><net_sink comp="114" pin=0"/></net>

<net id="118"><net_src comp="114" pin="1"/><net_sink comp="79" pin=1"/></net>

<net id="126"><net_src comp="119" pin="1"/><net_sink comp="122" pin=0"/></net>

<net id="130"><net_src comp="122" pin="2"/><net_sink comp="127" pin=0"/></net>

<net id="131"><net_src comp="127" pin="1"/><net_sink comp="72" pin=2"/></net>

<net id="135"><net_src comp="50" pin="1"/><net_sink comp="132" pin=0"/></net>

<net id="136"><net_src comp="132" pin="1"/><net_sink comp="85" pin=1"/></net>

<net id="137"><net_src comp="132" pin="1"/><net_sink comp="90" pin=0"/></net>

<net id="138"><net_src comp="132" pin="1"/><net_sink comp="109" pin=1"/></net>

<net id="142"><net_src comp="54" pin="2"/><net_sink comp="139" pin=0"/></net>

<net id="143"><net_src comp="139" pin="1"/><net_sink comp="122" pin=1"/></net>

<net id="150"><net_src comp="105" pin="1"/><net_sink comp="147" pin=0"/></net>

<net id="151"><net_src comp="147" pin="1"/><net_sink comp="119" pin=0"/></net>

</net_list>

</model> 
---------------- Datapath Model END ------------------

* FSMD analyzer results:
  - Output states:
	Port: prob_stream | {}
	Port: mem | {2 }
 - Input state : 
	Port: write_prob_stream_Pipeline_prob_write_loop : full_blocks | {1 }
	Port: write_prob_stream_Pipeline_prob_write_loop : prob_stream | {2 }
	Port: write_prob_stream_Pipeline_prob_write_loop : pr_l | {1 }
	Port: write_prob_stream_Pipeline_prob_write_loop : mem | {}
  - Chain level:
	State 1
		store_ln365 : 1
		blk_1 : 1
		icmp_ln365 : 2
		add_ln365 : 2
		br_ln365 : 3
		trunc_ln375 : 2
		store_ln365 : 3
	State 2
		add_ln375 : 1
		zext_ln375 : 2
		mem_addr : 3
		store_ln375 : 4


============================================================
+ Verbose Summary: Datapath Resource usage 
============================================================

* Functional unit list:
|----------|-----------------------------|---------|---------|
| Operation|       Functional Unit       |    FF   |   LUT   |
|----------|-----------------------------|---------|---------|
|    add   |       add_ln365_fu_99       |    0    |    14   |
|          |       add_ln375_fu_122      |    0    |    17   |
|----------|-----------------------------|---------|---------|
|   icmp   |       icmp_ln365_fu_93      |    0    |    14   |
|----------|-----------------------------|---------|---------|
|          |     pr_l_read_read_fu_54    |    0    |    0    |
|   read   | full_blocks_read_read_fu_60 |    0    |    0    |
|          | prob_stream_read_read_fu_66 |    0    |    0    |
|----------|-----------------------------|---------|---------|
|   trunc  |      trunc_ln375_fu_105     |    0    |    0    |
|          |         line_fu_114         |    0    |    0    |
|----------|-----------------------------|---------|---------|
|   zext   |     zext_ln375_1_fu_119     |    0    |    0    |
|          |      zext_ln375_fu_127      |    0    |    0    |
|----------|-----------------------------|---------|---------|
|   Total  |                             |    0    |    45   |
|----------|-----------------------------|---------|---------|

Memories:
N/A

* Register list:
+-------------------+--------+
|                   |   FF   |
+-------------------+--------+
|    blk_reg_132    |    7   |
| pr_l_read_reg_139 |   14   |
|trunc_ln375_reg_147|    6   |
+-------------------+--------+
|       Total       |   27   |
+-------------------+--------+

* Multiplexer (MUX) list: 
|--------|------|------|------|--------|
|  Comp  |  Pin | Size |  BW  | S x BW |
|--------|------|------|------|--------|
|  Total |      |      |      |    0   |
|--------|------|------|------|--------|



* Summary:
+-----------+--------+--------+
|           |   FF   |   LUT  |
+-----------+--------+--------+
|  Function |    0   |   45   |
|   Memory  |    -   |    -   |
|Multiplexer|    -   |    -   |
|  Register |   27   |    -   |
+-----------+--------+--------+
|   Total   |   27   |   45   |
+-----------+--------+--------+
