

================================================================
== Vitis HLS Report for 'write_prob_stream_Pipeline_prob_write_loop'
================================================================
* Date:           Sat Mar 14 16:27:06 2026

* Version:        2025.1 (Build 6135595 on May 21 2025)
* Project:        Prometheus_SoC
* Solution:       hls (Vivado IP Flow Target)
* Product family: zynq
* Target device:  xc7z020-clg400-1


================================================================
== Performance Estimates
================================================================
+ Timing: 
    * Summary: 
    +--------+----------+----------+------------+
    |  Clock |  Target  | Estimated| Uncertainty|
    +--------+----------+----------+------------+
    |ap_clk  |  11.80 ns|  6.961 ns|     3.19 ns|
    +--------+----------+----------+------------+

+ Latency: 
    * Summary: 
    +---------+---------+-----------+----------+-----+-----+------------------------------------------------+
    |  Latency (cycles) |  Latency (absolute)  |  Interval |                    Pipeline                    |
    |   min   |   max   |    min    |    max   | min | max |                      Type                      |
    +---------+---------+-----------+----------+-----+-----+------------------------------------------------+
    |        2|       66|  23.600 ns|  0.779 us|    1|   65|  loop auto-rewind stp (delay=0 clock cycles(s))|
    +---------+---------+-----------+----------+-----+-----+------------------------------------------------+

    + Detail: 
        * Instance: 
        N/A

        * Loop: 
        +-------------------+---------+---------+----------+-----------+-----------+--------+----------+
        |                   |  Latency (cycles) | Iteration|  Initiation Interval  |  Trip  |          |
        |     Loop Name     |   min   |   max   |  Latency |  achieved |   target  |  Count | Pipelined|
        +-------------------+---------+---------+----------+-----------+-----------+--------+----------+
        |- prob_write_loop  |        0|       64|         2|          1|          1|  0 ~ 64|       yes|
        +-------------------+---------+---------+----------+-----------+-----------+--------+----------+

============================================================
+ Verbose Summary: Synthesis Manager
============================================================
InlineROM: 1
ExposeGlobal: 0
============================================================
+ Verbose Summary: CDFG Model
============================================================
IsTopModel: 0
ResetActiveHigh: 1
IsCombinational: 0
IsDatapathOnly: 0
HasWiredReturn: 1
HasMFsm: 2
HasVarLatency: 1
IsPipeline: 0
IsRtlPipelined: 0
IsInstanceOverlapped: 0
IsDontTouch: 0
HasImplIP: 0
IsGatedGlobalClock: 0

+ Individual pipeline summary: 
  * Pipeline-0: initiation interval (II) = 1, depth = 2


============================================================
+ Verbose Summary: Schedule
============================================================
* Number of FSM states : 2
* Pipeline : 1
  Pipeline-0 : II = 1, D = 2, States = { 1 2 }
* Dataflow Pipeline: 0

* FSM state transitions: 
1 --> 2 
2 --> 

* FSM state operations: 

State 1 <SV = 0> <Delay = 5.04>
ST_1 : Operation 5 [1/1] (0.00ns)   --->   "%blk = alloca i32 1" [softmax_accel_hls.cc:365]   --->   Operation 5 'alloca' 'blk' <Predicate = true> <Delay = 0.00>
ST_1 : Operation 6 [1/1] (0.00ns)   --->   "%specstablecontent_ln0 = specstablecontent void @_ssdm_op_SpecStableContent, i14 %pr_l, i1 1, void @p_str"   --->   Operation 6 'specstablecontent' 'specstablecontent_ln0' <Predicate = true> <Delay = 0.00>
ST_1 : Operation 7 [1/1] (0.00ns)   --->   "%specinterface_ln0 = specinterface void @_ssdm_op_SpecInterface, i128 %mem, void @empty_3, i32 0, i32 0, void @empty_2, i32 4294967295, i32 0, void @empty_2, void @empty_2, void @empty_2, i32 0, i32 0, i32 0, i32 0, void @empty_2, void @empty_2, i32 4294967295, i32 0, i32 0"   --->   Operation 7 'specinterface' 'specinterface_ln0' <Predicate = true> <Delay = 0.00>
ST_1 : Operation 8 [1/1] (0.00ns)   --->   "%specinterface_ln0 = specinterface void @_ssdm_op_SpecInterface, i132 %prob_stream, void @empty_9, i32 0, i32 0, void @empty_2, i32 0, i32 0, void @empty_2, void @empty_2, void @empty_2, i32 0, i32 0, i32 0, i32 0, void @empty_2, void @empty_2, i32 4294967295, i32 0, i32 0"   --->   Operation 8 'specinterface' 'specinterface_ln0' <Predicate = true> <Delay = 0.00>
ST_1 : Operation 9 [1/1] (0.00ns)   --->   "%pr_l_read = read i14 @_ssdm_op_Read.ap_auto.i14, i14 %pr_l" [softmax_accel_hls.cc:356]   --->   Operation 9 'read' 'pr_l_read' <Predicate = true> <Delay = 0.00>
ST_1 : Operation 10 [1/1] (0.00ns)   --->   "%full_blocks_read = read i7 @_ssdm_op_Read.ap_auto.i7, i7 %full_blocks" [softmax_accel_hls.cc:356]   --->   Operation 10 'read' 'full_blocks_read' <Predicate = true> <Delay = 0.00>
ST_1 : Operation 11 [1/1] (1.58ns)   --->   "%store_ln365 = store i7 0, i7 %blk" [softmax_accel_hls.cc:365]   --->   Operation 11 'store' 'store_ln365' <Predicate = true> <Delay = 1.58>
ST_1 : Operation 12 [1/1] (0.00ns)   --->   "%br_ln365 = br void %for.inc" [softmax_accel_hls.cc:365]   --->   Operation 12 'br' 'br_ln365' <Predicate = true> <Delay = 0.00>
ST_1 : Operation 13 [1/1] (0.00ns)   --->   "%blk_1 = load i7 %blk" [softmax_accel_hls.cc:365]   --->   Operation 13 'load' 'blk_1' <Predicate = true> <Delay = 0.00>
ST_1 : Operation 14 [1/1] (1.87ns)   --->   "%icmp_ln365 = icmp_eq  i7 %blk_1, i7 %full_blocks_read" [softmax_accel_hls.cc:365]   --->   Operation 14 'icmp' 'icmp_ln365' <Predicate = true> <Delay = 1.87> <CoreInst = "Cmp">   --->   Core 9 'Cmp' <Latency = 0> <II = 1> <Delay = 1.87> <FuncUnit> <Opcode : 'seteq' 'setne' 'setle' 'setge' 'setlt' 'setgt'> <InPorts = 2> <OutPorts = 1>
ST_1 : Operation 15 [1/1] (0.00ns)   --->   "%speclooptripcount_ln0 = speclooptripcount void @_ssdm_op_SpecLoopTripCount, i64 0, i64 64, i64 0"   --->   Operation 15 'speclooptripcount' 'speclooptripcount_ln0' <Predicate = true> <Delay = 0.00>
ST_1 : Operation 16 [1/1] (1.87ns)   --->   "%add_ln365 = add i7 %blk_1, i7 1" [softmax_accel_hls.cc:365]   --->   Operation 16 'add' 'add_ln365' <Predicate = true> <Delay = 1.87> <CoreInst = "Adder">   --->   Core 1 'Adder' <Latency = 0> <II = 1> <Delay = 1.87> <FuncUnit> <Opcode : 'add' 'sub'> <InPorts = 2> <OutPorts = 1>
ST_1 : Operation 17 [1/1] (0.00ns)   --->   "%br_ln365 = br i1 %icmp_ln365, void %for.inc.split, void %for.end.exitStub" [softmax_accel_hls.cc:365]   --->   Operation 17 'br' 'br_ln365' <Predicate = true> <Delay = 0.00>
ST_1 : Operation 18 [1/1] (0.00ns)   --->   "%trunc_ln375 = trunc i7 %blk_1" [softmax_accel_hls.cc:375]   --->   Operation 18 'trunc' 'trunc_ln375' <Predicate = (!icmp_ln365)> <Delay = 0.00>
ST_1 : Operation 19 [1/1] (1.58ns)   --->   "%store_ln365 = store i7 %add_ln365, i7 %blk" [softmax_accel_hls.cc:365]   --->   Operation 19 'store' 'store_ln365' <Predicate = (!icmp_ln365)> <Delay = 1.58>
ST_1 : Operation 30 [1/1] (1.58ns)   --->   "%ret_ln0 = ret"   --->   Operation 30 'ret' 'ret_ln0' <Predicate = (icmp_ln365)> <Delay = 1.58>

State 2 <SV = 1> <Delay = 6.96>
ST_2 : Operation 20 [1/1] (0.00ns)   --->   "%specpipeline_ln366 = specpipeline void @_ssdm_op_SpecPipeline, i32 1, i32 0, i32 0, i32 0, void @empty_2" [softmax_accel_hls.cc:366]   --->   Operation 20 'specpipeline' 'specpipeline_ln366' <Predicate = true> <Delay = 0.00>
ST_2 : Operation 21 [1/1] (0.00ns)   --->   "%specloopname_ln365 = specloopname void @_ssdm_op_SpecLoopName, void @empty_5" [softmax_accel_hls.cc:365]   --->   Operation 21 'specloopname' 'specloopname_ln365' <Predicate = true> <Delay = 0.00>
ST_2 : Operation 22 [1/1] ( I:3.70ns O:3.70ns )   --->   "%prob_stream_read = read i132 @_ssdm_op_Read.ap_fifo.volatile.i132P0A, i132 %prob_stream" [softmax_accel_hls.cc:367]   --->   Operation 22 'read' 'prob_stream_read' <Predicate = true> <Delay = 3.70> <CoreInst = "FIFO">   --->   Core 77 'FIFO' <Latency = 0> <II = 1> <Delay = 3.70> <Storage> <Opcode : 'read' 'write' 'nbread' 'nbwrite'> <Ports = 0> <Width = 132> <Depth = 16> <FIFO>
ST_2 : Operation 23 [1/1] (0.00ns)   --->   "%line = trunc i132 %prob_stream_read" [softmax_accel_hls.cc:367]   --->   Operation 23 'trunc' 'line' <Predicate = true> <Delay = 0.00>
ST_2 : Operation 24 [1/1] (0.00ns)   --->   "%zext_ln375_1 = zext i6 %trunc_ln375" [softmax_accel_hls.cc:375]   --->   Operation 24 'zext' 'zext_ln375_1' <Predicate = true> <Delay = 0.00>
ST_2 : Operation 25 [1/1] (1.81ns)   --->   "%add_ln375 = add i14 %zext_ln375_1, i14 %pr_l_read" [softmax_accel_hls.cc:375]   --->   Operation 25 'add' 'add_ln375' <Predicate = true> <Delay = 1.81> <CoreInst = "Adder">   --->   Core 1 'Adder' <Latency = 0> <II = 1> <Delay = 1.81> <FuncUnit> <Opcode : 'add' 'sub'> <InPorts = 2> <OutPorts = 1>
ST_2 : Operation 26 [1/1] (0.00ns)   --->   "%zext_ln375 = zext i14 %add_ln375" [softmax_accel_hls.cc:375]   --->   Operation 26 'zext' 'zext_ln375' <Predicate = true> <Delay = 0.00>
ST_2 : Operation 27 [1/1] (0.00ns)   --->   "%mem_addr = getelementptr i128 %mem, i64 0, i64 %zext_ln375" [softmax_accel_hls.cc:375]   --->   Operation 27 'getelementptr' 'mem_addr' <Predicate = true> <Delay = 0.00>
ST_2 : Operation 28 [1/1] ( I:3.25ns O:3.25ns )   --->   "%store_ln375 = store i128 %line, i14 %mem_addr" [softmax_accel_hls.cc:375]   --->   Operation 28 'store' 'store_ln375' <Predicate = true> <Delay = 3.25> <CoreInst = "RAM">   --->   Core 81 'RAM' <Latency = 1> <II = 1> <Delay = 3.25> <Storage> <Opcode : 'load' 'store'> <Ports = 2> <Width = 128> <Depth = 16384> <RAM>
ST_2 : Operation 29 [1/1] (0.00ns)   --->   "%br_ln365 = br void %for.inc" [softmax_accel_hls.cc:365]   --->   Operation 29 'br' 'br_ln365' <Predicate = true> <Delay = 0.00>


============================================================
+ Verbose Summary: Timing violations
============================================================
Target clock period: 11.800ns, clock uncertainty: 3.186ns.

 <State 1>: 5.046ns
The critical path consists of the following:
	'store' operation 0 bit ('store_ln365', softmax_accel_hls.cc:365) of constant 0 on local variable 'blk', softmax_accel_hls.cc:365 [11]  (1.588 ns)
	'load' operation 7 bit ('blk', softmax_accel_hls.cc:365) on local variable 'blk', softmax_accel_hls.cc:365 [14]  (0.000 ns)
	'icmp' operation 1 bit ('icmp_ln365', softmax_accel_hls.cc:365) [15]  (1.870 ns)
	'store' operation 0 bit ('store_ln365', softmax_accel_hls.cc:365) of variable 'add_ln365', softmax_accel_hls.cc:365 on local variable 'blk', softmax_accel_hls.cc:365 [30]  (1.588 ns)

 <State 2>: 6.961ns
The critical path consists of the following:
	fifo read operation ('prob_stream_read', softmax_accel_hls.cc:367) on port 'prob_stream' (softmax_accel_hls.cc:367) [22]  (3.707 ns)
	'store' operation 0 bit ('store_ln375', softmax_accel_hls.cc:375) of variable 'line', softmax_accel_hls.cc:367 on array 'mem' [29]  (3.254 ns)


============================================================
+ Verbose Summary: Binding
============================================================
N/A
* FSMD analyzer results:
  - Output states:
 - Input state : 
  - Chain level:
	State 1
	State 2


============================================================
+ Verbose Summary: Datapath Resource usage 
============================================================
N/A
