

================================================================
== Vitis HLS Report for 'cpu'
================================================================
* Date:           Wed Feb 25 17:30:06 2026

* Version:        2025.1 (Build 6135595 on May 21 2025)
* Project:        loop_component
* Solution:       hls (Vivado IP Flow Target)
* Product family: zynq
* Target device:  xc7z020-clg400-1


================================================================
== Performance Estimates
================================================================
+ Timing: 
    * Summary: 
    +--------+----------+-----------+------------+
    |  Clock |  Target  | Estimated | Uncertainty|
    +--------+----------+-----------+------------+
    |ap_clk  |  10.00 ns|  15.980 ns|     2.70 ns|
    +--------+----------+-----------+------------+

+ Latency: 
    * Summary: 
    +---------+---------+----------+----------+-----+-----+---------+
    |  Latency (cycles) |  Latency (absolute) |  Interval | Pipeline|
    |   min   |   max   |    min   |    max   | min | max |   Type  |
    +---------+---------+----------+----------+-----+-----+---------+
    |        ?|        ?|         ?|         ?|    ?|    ?|       no|
    +---------+---------+----------+----------+-----+-----+---------+

    + Detail: 
        * Instance: 
        +-----------------------------------------+------------------------------+---------+---------+----------+----------+-----+-----+------------------------------------------------+
        |                                         |                              |  Latency (cycles) |  Latency (absolute) |  Interval |                    Pipeline                    |
        |                 Instance                |            Module            |   min   |   max   |    min   |    max   | min | max |                      Type                      |
        +-----------------------------------------+------------------------------+---------+---------+----------+----------+-----+-----+------------------------------------------------+
        |grp_cpu_Pipeline_VITIS_LOOP_24_1_fu_152  |cpu_Pipeline_VITIS_LOOP_24_1  |       34|       34|  0.340 us|  0.340 us|   33|   33|  loop auto-rewind stp (delay=0 clock cycles(s))|
        |grp_cpu_Pipeline_PROGRAM_LOOP_fu_187     |cpu_Pipeline_PROGRAM_LOOP     |        ?|        ?|         ?|         ?|    ?|    ?|                                              no|
        +-----------------------------------------+------------------------------+---------+---------+----------+----------+-----+-----+------------------------------------------------+

        * Loop: 
        N/A

============================================================
+ Verbose Summary: Synthesis Manager
============================================================
InlineROM: 1
ExposeGlobal: 0
============================================================
+ Verbose Summary: CDFG Model
============================================================
IsTopModel: 1
ResetActiveHigh: 1
IsCombinational: 0
IsDatapathOnly: 0
HasWiredReturn: 1
HasMFsm: 0
HasVarLatency: 1
IsPipeline: 0
IsRtlPipelined: 0
IsInstanceOverlapped: 0
IsDontTouch: 0
HasImplIP: 0
IsGatedGlobalClock: 0


============================================================
+ Verbose Summary: Schedule
============================================================
* Number of FSM states : 4
* Pipeline : 0
* Dataflow Pipeline: 0

* FSM state transitions: 
1 --> 2 
2 --> 3 
3 --> 4 
4 --> 

* FSM state operations: 

State 1 <SV = 0> <Delay = 0.00>
ST_1 : Operation 5 [1/1] (0.00ns)   --->   "%reg_file_loc = alloca i64 1"   --->   Operation 5 'alloca' 'reg_file_loc' <Predicate = true> <Delay = 0.00>
ST_1 : Operation 6 [1/1] (0.00ns)   --->   "%reg_file_1_loc = alloca i64 1"   --->   Operation 6 'alloca' 'reg_file_1_loc' <Predicate = true> <Delay = 0.00>
ST_1 : Operation 7 [1/1] (0.00ns)   --->   "%reg_file_2_loc = alloca i64 1"   --->   Operation 7 'alloca' 'reg_file_2_loc' <Predicate = true> <Delay = 0.00>
ST_1 : Operation 8 [1/1] (0.00ns)   --->   "%reg_file_3_loc = alloca i64 1"   --->   Operation 8 'alloca' 'reg_file_3_loc' <Predicate = true> <Delay = 0.00>
ST_1 : Operation 9 [1/1] (0.00ns)   --->   "%reg_file_4_loc = alloca i64 1"   --->   Operation 9 'alloca' 'reg_file_4_loc' <Predicate = true> <Delay = 0.00>
ST_1 : Operation 10 [1/1] (0.00ns)   --->   "%reg_file_5_loc = alloca i64 1"   --->   Operation 10 'alloca' 'reg_file_5_loc' <Predicate = true> <Delay = 0.00>
ST_1 : Operation 11 [1/1] (0.00ns)   --->   "%reg_file_6_loc = alloca i64 1"   --->   Operation 11 'alloca' 'reg_file_6_loc' <Predicate = true> <Delay = 0.00>
ST_1 : Operation 12 [1/1] (0.00ns)   --->   "%reg_file_7_loc = alloca i64 1"   --->   Operation 12 'alloca' 'reg_file_7_loc' <Predicate = true> <Delay = 0.00>
ST_1 : Operation 13 [1/1] (0.00ns)   --->   "%reg_file_8_loc = alloca i64 1"   --->   Operation 13 'alloca' 'reg_file_8_loc' <Predicate = true> <Delay = 0.00>
ST_1 : Operation 14 [1/1] (0.00ns)   --->   "%reg_file_9_loc = alloca i64 1"   --->   Operation 14 'alloca' 'reg_file_9_loc' <Predicate = true> <Delay = 0.00>
ST_1 : Operation 15 [1/1] (0.00ns)   --->   "%reg_file_10_loc = alloca i64 1"   --->   Operation 15 'alloca' 'reg_file_10_loc' <Predicate = true> <Delay = 0.00>
ST_1 : Operation 16 [1/1] (0.00ns)   --->   "%reg_file_11_loc = alloca i64 1"   --->   Operation 16 'alloca' 'reg_file_11_loc' <Predicate = true> <Delay = 0.00>
ST_1 : Operation 17 [1/1] (0.00ns)   --->   "%reg_file_12_loc = alloca i64 1"   --->   Operation 17 'alloca' 'reg_file_12_loc' <Predicate = true> <Delay = 0.00>
ST_1 : Operation 18 [1/1] (0.00ns)   --->   "%reg_file_13_loc = alloca i64 1"   --->   Operation 18 'alloca' 'reg_file_13_loc' <Predicate = true> <Delay = 0.00>
ST_1 : Operation 19 [1/1] (0.00ns)   --->   "%reg_file_14_loc = alloca i64 1"   --->   Operation 19 'alloca' 'reg_file_14_loc' <Predicate = true> <Delay = 0.00>
ST_1 : Operation 20 [1/1] (0.00ns)   --->   "%reg_file_15_loc = alloca i64 1"   --->   Operation 20 'alloca' 'reg_file_15_loc' <Predicate = true> <Delay = 0.00>
ST_1 : Operation 21 [1/1] (0.00ns)   --->   "%reg_file_16_loc = alloca i64 1"   --->   Operation 21 'alloca' 'reg_file_16_loc' <Predicate = true> <Delay = 0.00>
ST_1 : Operation 22 [1/1] (0.00ns)   --->   "%reg_file_17_loc = alloca i64 1"   --->   Operation 22 'alloca' 'reg_file_17_loc' <Predicate = true> <Delay = 0.00>
ST_1 : Operation 23 [1/1] (0.00ns)   --->   "%reg_file_18_loc = alloca i64 1"   --->   Operation 23 'alloca' 'reg_file_18_loc' <Predicate = true> <Delay = 0.00>
ST_1 : Operation 24 [1/1] (0.00ns)   --->   "%reg_file_19_loc = alloca i64 1"   --->   Operation 24 'alloca' 'reg_file_19_loc' <Predicate = true> <Delay = 0.00>
ST_1 : Operation 25 [1/1] (0.00ns)   --->   "%reg_file_20_loc = alloca i64 1"   --->   Operation 25 'alloca' 'reg_file_20_loc' <Predicate = true> <Delay = 0.00>
ST_1 : Operation 26 [1/1] (0.00ns)   --->   "%reg_file_21_loc = alloca i64 1"   --->   Operation 26 'alloca' 'reg_file_21_loc' <Predicate = true> <Delay = 0.00>
ST_1 : Operation 27 [1/1] (0.00ns)   --->   "%reg_file_22_loc = alloca i64 1"   --->   Operation 27 'alloca' 'reg_file_22_loc' <Predicate = true> <Delay = 0.00>
ST_1 : Operation 28 [1/1] (0.00ns)   --->   "%reg_file_23_loc = alloca i64 1"   --->   Operation 28 'alloca' 'reg_file_23_loc' <Predicate = true> <Delay = 0.00>
ST_1 : Operation 29 [1/1] (0.00ns)   --->   "%reg_file_24_loc = alloca i64 1"   --->   Operation 29 'alloca' 'reg_file_24_loc' <Predicate = true> <Delay = 0.00>
ST_1 : Operation 30 [1/1] (0.00ns)   --->   "%reg_file_25_loc = alloca i64 1"   --->   Operation 30 'alloca' 'reg_file_25_loc' <Predicate = true> <Delay = 0.00>
ST_1 : Operation 31 [1/1] (0.00ns)   --->   "%reg_file_26_loc = alloca i64 1"   --->   Operation 31 'alloca' 'reg_file_26_loc' <Predicate = true> <Delay = 0.00>
ST_1 : Operation 32 [1/1] (0.00ns)   --->   "%reg_file_27_loc = alloca i64 1"   --->   Operation 32 'alloca' 'reg_file_27_loc' <Predicate = true> <Delay = 0.00>
ST_1 : Operation 33 [1/1] (0.00ns)   --->   "%reg_file_28_loc = alloca i64 1"   --->   Operation 33 'alloca' 'reg_file_28_loc' <Predicate = true> <Delay = 0.00>
ST_1 : Operation 34 [1/1] (0.00ns)   --->   "%reg_file_29_loc = alloca i64 1"   --->   Operation 34 'alloca' 'reg_file_29_loc' <Predicate = true> <Delay = 0.00>
ST_1 : Operation 35 [1/1] (0.00ns)   --->   "%reg_file_30_loc = alloca i64 1"   --->   Operation 35 'alloca' 'reg_file_30_loc' <Predicate = true> <Delay = 0.00>
ST_1 : Operation 36 [2/2] (0.00ns)   --->   "%call_ln0 = call void @cpu_Pipeline_VITIS_LOOP_24_1, i32 %reg_file_30_loc, i32 %reg_file_29_loc, i32 %reg_file_28_loc, i32 %reg_file_27_loc, i32 %reg_file_26_loc, i32 %reg_file_25_loc, i32 %reg_file_24_loc, i32 %reg_file_23_loc, i32 %reg_file_22_loc, i32 %reg_file_21_loc, i32 %reg_file_20_loc, i32 %reg_file_19_loc, i32 %reg_file_18_loc, i32 %reg_file_17_loc, i32 %reg_file_16_loc, i32 %reg_file_15_loc, i32 %reg_file_14_loc, i32 %reg_file_13_loc, i32 %reg_file_12_loc, i32 %reg_file_11_loc, i32 %reg_file_10_loc, i32 %reg_file_9_loc, i32 %reg_file_8_loc, i32 %reg_file_7_loc, i32 %reg_file_6_loc, i32 %reg_file_5_loc, i32 %reg_file_4_loc, i32 %reg_file_3_loc, i32 %reg_file_2_loc, i32 %reg_file_1_loc, i32 %reg_file_loc"   --->   Operation 36 'call' 'call_ln0' <Predicate = true> <Delay = 0.00> <CoreType = "Generic">   --->   Generic Core

State 2 <SV = 1> <Delay = 5.00>
ST_2 : Operation 37 [1/2] (5.00ns)   --->   "%call_ln0 = call void @cpu_Pipeline_VITIS_LOOP_24_1, i32 %reg_file_30_loc, i32 %reg_file_29_loc, i32 %reg_file_28_loc, i32 %reg_file_27_loc, i32 %reg_file_26_loc, i32 %reg_file_25_loc, i32 %reg_file_24_loc, i32 %reg_file_23_loc, i32 %reg_file_22_loc, i32 %reg_file_21_loc, i32 %reg_file_20_loc, i32 %reg_file_19_loc, i32 %reg_file_18_loc, i32 %reg_file_17_loc, i32 %reg_file_16_loc, i32 %reg_file_15_loc, i32 %reg_file_14_loc, i32 %reg_file_13_loc, i32 %reg_file_12_loc, i32 %reg_file_11_loc, i32 %reg_file_10_loc, i32 %reg_file_9_loc, i32 %reg_file_8_loc, i32 %reg_file_7_loc, i32 %reg_file_6_loc, i32 %reg_file_5_loc, i32 %reg_file_4_loc, i32 %reg_file_3_loc, i32 %reg_file_2_loc, i32 %reg_file_1_loc, i32 %reg_file_loc"   --->   Operation 37 'call' 'call_ln0' <Predicate = true> <Delay = 5.00> <CoreType = "Generic">   --->   Generic Core

State 3 <SV = 2> <Delay = 0.00>
ST_3 : Operation 38 [1/1] (0.00ns)   --->   "%reg_file_30_loc_load = load i32 %reg_file_30_loc"   --->   Operation 38 'load' 'reg_file_30_loc_load' <Predicate = true> <Delay = 0.00>
ST_3 : Operation 39 [1/1] (0.00ns)   --->   "%reg_file_29_loc_load = load i32 %reg_file_29_loc"   --->   Operation 39 'load' 'reg_file_29_loc_load' <Predicate = true> <Delay = 0.00>
ST_3 : Operation 40 [1/1] (0.00ns)   --->   "%reg_file_28_loc_load = load i32 %reg_file_28_loc"   --->   Operation 40 'load' 'reg_file_28_loc_load' <Predicate = true> <Delay = 0.00>
ST_3 : Operation 41 [1/1] (0.00ns)   --->   "%reg_file_27_loc_load = load i32 %reg_file_27_loc"   --->   Operation 41 'load' 'reg_file_27_loc_load' <Predicate = true> <Delay = 0.00>
ST_3 : Operation 42 [1/1] (0.00ns)   --->   "%reg_file_26_loc_load = load i32 %reg_file_26_loc"   --->   Operation 42 'load' 'reg_file_26_loc_load' <Predicate = true> <Delay = 0.00>
ST_3 : Operation 43 [1/1] (0.00ns)   --->   "%reg_file_25_loc_load = load i32 %reg_file_25_loc"   --->   Operation 43 'load' 'reg_file_25_loc_load' <Predicate = true> <Delay = 0.00>
ST_3 : Operation 44 [1/1] (0.00ns)   --->   "%reg_file_24_loc_load = load i32 %reg_file_24_loc"   --->   Operation 44 'load' 'reg_file_24_loc_load' <Predicate = true> <Delay = 0.00>
ST_3 : Operation 45 [1/1] (0.00ns)   --->   "%reg_file_23_loc_load = load i32 %reg_file_23_loc"   --->   Operation 45 'load' 'reg_file_23_loc_load' <Predicate = true> <Delay = 0.00>
ST_3 : Operation 46 [1/1] (0.00ns)   --->   "%reg_file_22_loc_load = load i32 %reg_file_22_loc"   --->   Operation 46 'load' 'reg_file_22_loc_load' <Predicate = true> <Delay = 0.00>
ST_3 : Operation 47 [1/1] (0.00ns)   --->   "%reg_file_21_loc_load = load i32 %reg_file_21_loc"   --->   Operation 47 'load' 'reg_file_21_loc_load' <Predicate = true> <Delay = 0.00>
ST_3 : Operation 48 [1/1] (0.00ns)   --->   "%reg_file_20_loc_load = load i32 %reg_file_20_loc"   --->   Operation 48 'load' 'reg_file_20_loc_load' <Predicate = true> <Delay = 0.00>
ST_3 : Operation 49 [1/1] (0.00ns)   --->   "%reg_file_19_loc_load = load i32 %reg_file_19_loc"   --->   Operation 49 'load' 'reg_file_19_loc_load' <Predicate = true> <Delay = 0.00>
ST_3 : Operation 50 [1/1] (0.00ns)   --->   "%reg_file_18_loc_load = load i32 %reg_file_18_loc"   --->   Operation 50 'load' 'reg_file_18_loc_load' <Predicate = true> <Delay = 0.00>
ST_3 : Operation 51 [1/1] (0.00ns)   --->   "%reg_file_17_loc_load = load i32 %reg_file_17_loc"   --->   Operation 51 'load' 'reg_file_17_loc_load' <Predicate = true> <Delay = 0.00>
ST_3 : Operation 52 [1/1] (0.00ns)   --->   "%reg_file_16_loc_load = load i32 %reg_file_16_loc"   --->   Operation 52 'load' 'reg_file_16_loc_load' <Predicate = true> <Delay = 0.00>
ST_3 : Operation 53 [1/1] (0.00ns)   --->   "%reg_file_15_loc_load = load i32 %reg_file_15_loc"   --->   Operation 53 'load' 'reg_file_15_loc_load' <Predicate = true> <Delay = 0.00>
ST_3 : Operation 54 [1/1] (0.00ns)   --->   "%reg_file_14_loc_load = load i32 %reg_file_14_loc"   --->   Operation 54 'load' 'reg_file_14_loc_load' <Predicate = true> <Delay = 0.00>
ST_3 : Operation 55 [1/1] (0.00ns)   --->   "%reg_file_13_loc_load = load i32 %reg_file_13_loc"   --->   Operation 55 'load' 'reg_file_13_loc_load' <Predicate = true> <Delay = 0.00>
ST_3 : Operation 56 [1/1] (0.00ns)   --->   "%reg_file_12_loc_load = load i32 %reg_file_12_loc"   --->   Operation 56 'load' 'reg_file_12_loc_load' <Predicate = true> <Delay = 0.00>
ST_3 : Operation 57 [1/1] (0.00ns)   --->   "%reg_file_11_loc_load = load i32 %reg_file_11_loc"   --->   Operation 57 'load' 'reg_file_11_loc_load' <Predicate = true> <Delay = 0.00>
ST_3 : Operation 58 [1/1] (0.00ns)   --->   "%reg_file_10_loc_load = load i32 %reg_file_10_loc"   --->   Operation 58 'load' 'reg_file_10_loc_load' <Predicate = true> <Delay = 0.00>
ST_3 : Operation 59 [1/1] (0.00ns)   --->   "%reg_file_9_loc_load = load i32 %reg_file_9_loc"   --->   Operation 59 'load' 'reg_file_9_loc_load' <Predicate = true> <Delay = 0.00>
ST_3 : Operation 60 [1/1] (0.00ns)   --->   "%reg_file_8_loc_load = load i32 %reg_file_8_loc"   --->   Operation 60 'load' 'reg_file_8_loc_load' <Predicate = true> <Delay = 0.00>
ST_3 : Operation 61 [1/1] (0.00ns)   --->   "%reg_file_7_loc_load = load i32 %reg_file_7_loc"   --->   Operation 61 'load' 'reg_file_7_loc_load' <Predicate = true> <Delay = 0.00>
ST_3 : Operation 62 [1/1] (0.00ns)   --->   "%reg_file_6_loc_load = load i32 %reg_file_6_loc"   --->   Operation 62 'load' 'reg_file_6_loc_load' <Predicate = true> <Delay = 0.00>
ST_3 : Operation 63 [1/1] (0.00ns)   --->   "%reg_file_5_loc_load = load i32 %reg_file_5_loc"   --->   Operation 63 'load' 'reg_file_5_loc_load' <Predicate = true> <Delay = 0.00>
ST_3 : Operation 64 [1/1] (0.00ns)   --->   "%reg_file_4_loc_load = load i32 %reg_file_4_loc"   --->   Operation 64 'load' 'reg_file_4_loc_load' <Predicate = true> <Delay = 0.00>
ST_3 : Operation 65 [1/1] (0.00ns)   --->   "%reg_file_3_loc_load = load i32 %reg_file_3_loc"   --->   Operation 65 'load' 'reg_file_3_loc_load' <Predicate = true> <Delay = 0.00>
ST_3 : Operation 66 [1/1] (0.00ns)   --->   "%reg_file_2_loc_load = load i32 %reg_file_2_loc"   --->   Operation 66 'load' 'reg_file_2_loc_load' <Predicate = true> <Delay = 0.00>
ST_3 : Operation 67 [1/1] (0.00ns)   --->   "%reg_file_1_loc_load = load i32 %reg_file_1_loc"   --->   Operation 67 'load' 'reg_file_1_loc_load' <Predicate = true> <Delay = 0.00>
ST_3 : Operation 68 [1/1] (0.00ns)   --->   "%reg_file_loc_load = load i32 %reg_file_loc"   --->   Operation 68 'load' 'reg_file_loc_load' <Predicate = true> <Delay = 0.00>
ST_3 : Operation 69 [2/2] (0.00ns)   --->   "%call_ln0 = call void @cpu_Pipeline_PROGRAM_LOOP, i32 %reg_file_30_loc_load, i32 %reg_file_29_loc_load, i32 %reg_file_28_loc_load, i32 %reg_file_27_loc_load, i32 %reg_file_26_loc_load, i32 %reg_file_25_loc_load, i32 %reg_file_24_loc_load, i32 %reg_file_23_loc_load, i32 %reg_file_22_loc_load, i32 %reg_file_21_loc_load, i32 %reg_file_20_loc_load, i32 %reg_file_19_loc_load, i32 %reg_file_18_loc_load, i32 %reg_file_17_loc_load, i32 %reg_file_16_loc_load, i32 %reg_file_15_loc_load, i32 %reg_file_14_loc_load, i32 %reg_file_13_loc_load, i32 %reg_file_12_loc_load, i32 %reg_file_11_loc_load, i32 %reg_file_10_loc_load, i32 %reg_file_9_loc_load, i32 %reg_file_8_loc_load, i32 %reg_file_7_loc_load, i32 %reg_file_6_loc_load, i32 %reg_file_5_loc_load, i32 %reg_file_4_loc_load, i32 %reg_file_3_loc_load, i32 %reg_file_2_loc_load, i32 %reg_file_1_loc_load, i32 %reg_file_loc_load, i32 %mem"   --->   Operation 69 'call' 'call_ln0' <Predicate = true> <Delay = 0.00> <CoreType = "Generic">   --->   Generic Core

State 4 <SV = 3> <Delay = 0.00>
ST_4 : Operation 70 [1/1] (0.00ns)   --->   "%spectopmodule_ln16 = spectopmodule void @_ssdm_op_SpecTopModule, void @empty_2" [riscv32i.cc:16]   --->   Operation 70 'spectopmodule' 'spectopmodule_ln16' <Predicate = true> <Delay = 0.00>
ST_4 : Operation 71 [1/1] (0.00ns)   --->   "%specinterface_ln0 = specinterface void @_ssdm_op_SpecInterface, i32 %mem, void @empty, i32 0, i32 0, void @empty_0, i32 4294967295, i32 0, void @empty_0, void @empty_0, void @empty_0, i32 0, i32 0, i32 0, i32 0, void @empty_0, void @empty_0, i32 4294967295, i32 0, i32 0"   --->   Operation 71 'specinterface' 'specinterface_ln0' <Predicate = true> <Delay = 0.00>
ST_4 : Operation 72 [1/1] (0.00ns)   --->   "%specbitsmap_ln0 = specbitsmap void @_ssdm_op_SpecBitsMap, i32 %mem"   --->   Operation 72 'specbitsmap' 'specbitsmap_ln0' <Predicate = true> <Delay = 0.00>
ST_4 : Operation 73 [1/1] (0.00ns)   --->   "%specbitsmap_ln0 = specbitsmap void @_ssdm_op_SpecBitsMap, i4 %pstrb"   --->   Operation 73 'specbitsmap' 'specbitsmap_ln0' <Predicate = true> <Delay = 0.00>
ST_4 : Operation 74 [1/1] (0.00ns)   --->   "%specinterface_ln0 = specinterface void @_ssdm_op_SpecInterface, i4 %pstrb, void @empty_1, i32 4294967295, i32 4294967295, void @empty_0, i32 0, i32 0, void @empty_0, void @empty_0, void @empty_0, i32 0, i32 0, i32 0, i32 0, void @empty_0, void @empty_0, i32 4294967295, i32 0, i32 0"   --->   Operation 74 'specinterface' 'specinterface_ln0' <Predicate = true> <Delay = 0.00>
ST_4 : Operation 75 [1/2] (0.00ns)   --->   "%call_ln0 = call void @cpu_Pipeline_PROGRAM_LOOP, i32 %reg_file_30_loc_load, i32 %reg_file_29_loc_load, i32 %reg_file_28_loc_load, i32 %reg_file_27_loc_load, i32 %reg_file_26_loc_load, i32 %reg_file_25_loc_load, i32 %reg_file_24_loc_load, i32 %reg_file_23_loc_load, i32 %reg_file_22_loc_load, i32 %reg_file_21_loc_load, i32 %reg_file_20_loc_load, i32 %reg_file_19_loc_load, i32 %reg_file_18_loc_load, i32 %reg_file_17_loc_load, i32 %reg_file_16_loc_load, i32 %reg_file_15_loc_load, i32 %reg_file_14_loc_load, i32 %reg_file_13_loc_load, i32 %reg_file_12_loc_load, i32 %reg_file_11_loc_load, i32 %reg_file_10_loc_load, i32 %reg_file_9_loc_load, i32 %reg_file_8_loc_load, i32 %reg_file_7_loc_load, i32 %reg_file_6_loc_load, i32 %reg_file_5_loc_load, i32 %reg_file_4_loc_load, i32 %reg_file_3_loc_load, i32 %reg_file_2_loc_load, i32 %reg_file_1_loc_load, i32 %reg_file_loc_load, i32 %mem"   --->   Operation 75 'call' 'call_ln0' <Predicate = true> <Delay = 0.00> <CoreType = "Generic">   --->   Generic Core
ST_4 : Operation 76 [1/1] (0.00ns)   --->   "%ret_ln308 = ret" [riscv32i.cc:308]   --->   Operation 76 'ret' 'ret_ln308' <Predicate = true> <Delay = 0.00>


============================================================
+ Verbose Summary: Binding
============================================================
STG Binding: 
---------------- STG Properties BEGIN ----------------
- Is combinational: 0
- Is one-state seq: 0
- Is datapath-only: 0
- Is pipelined: 0
- Is top level: 1
Port [ Return ] is wired: 1; IO mode=ap_ctrl_hs:ce=0
Port [ mem]:  wired=1; compound=1; hidden=0; nouse=0; global=0; static=0; extern=0; dir=2; type=1; pingpong=0; private_global=0; MemPort=[23]; IO mode=ap_memory:ce=0
Port [ pstrb]:  wired=1; compound=0; hidden=0; nouse=1; global=0; static=0; extern=0; dir=0; type=0; pingpong=0; private_global=0; IO mode=ap_none:ce=0
---------------- STG Properties END ------------------

---------------- Datapath Model BEGIN ----------------

<LifeTime>
<method=bitvector/>
reg_file_loc         (alloca       ) [ 01110]
reg_file_1_loc       (alloca       ) [ 01110]
reg_file_2_loc       (alloca       ) [ 01110]
reg_file_3_loc       (alloca       ) [ 01110]
reg_file_4_loc       (alloca       ) [ 01110]
reg_file_5_loc       (alloca       ) [ 01110]
reg_file_6_loc       (alloca       ) [ 01110]
reg_file_7_loc       (alloca       ) [ 01110]
reg_file_8_loc       (alloca       ) [ 01110]
reg_file_9_loc       (alloca       ) [ 01110]
reg_file_10_loc      (alloca       ) [ 01110]
reg_file_11_loc      (alloca       ) [ 01110]
reg_file_12_loc      (alloca       ) [ 01110]
reg_file_13_loc      (alloca       ) [ 01110]
reg_file_14_loc      (alloca       ) [ 01110]
reg_file_15_loc      (alloca       ) [ 01110]
reg_file_16_loc      (alloca       ) [ 01110]
reg_file_17_loc      (alloca       ) [ 01110]
reg_file_18_loc      (alloca       ) [ 01110]
reg_file_19_loc      (alloca       ) [ 01110]
reg_file_20_loc      (alloca       ) [ 01110]
reg_file_21_loc      (alloca       ) [ 01110]
reg_file_22_loc      (alloca       ) [ 01110]
reg_file_23_loc      (alloca       ) [ 01110]
reg_file_24_loc      (alloca       ) [ 01110]
reg_file_25_loc      (alloca       ) [ 01110]
reg_file_26_loc      (alloca       ) [ 01110]
reg_file_27_loc      (alloca       ) [ 01110]
reg_file_28_loc      (alloca       ) [ 01110]
reg_file_29_loc      (alloca       ) [ 01110]
reg_file_30_loc      (alloca       ) [ 01110]
call_ln0             (call         ) [ 00000]
reg_file_30_loc_load (load         ) [ 00001]
reg_file_29_loc_load (load         ) [ 00001]
reg_file_28_loc_load (load         ) [ 00001]
reg_file_27_loc_load (load         ) [ 00001]
reg_file_26_loc_load (load         ) [ 00001]
reg_file_25_loc_load (load         ) [ 00001]
reg_file_24_loc_load (load         ) [ 00001]
reg_file_23_loc_load (load         ) [ 00001]
reg_file_22_loc_load (load         ) [ 00001]
reg_file_21_loc_load (load         ) [ 00001]
reg_file_20_loc_load (load         ) [ 00001]
reg_file_19_loc_load (load         ) [ 00001]
reg_file_18_loc_load (load         ) [ 00001]
reg_file_17_loc_load (load         ) [ 00001]
reg_file_16_loc_load (load         ) [ 00001]
reg_file_15_loc_load (load         ) [ 00001]
reg_file_14_loc_load (load         ) [ 00001]
reg_file_13_loc_load (load         ) [ 00001]
reg_file_12_loc_load (load         ) [ 00001]
reg_file_11_loc_load (load         ) [ 00001]
reg_file_10_loc_load (load         ) [ 00001]
reg_file_9_loc_load  (load         ) [ 00001]
reg_file_8_loc_load  (load         ) [ 00001]
reg_file_7_loc_load  (load         ) [ 00001]
reg_file_6_loc_load  (load         ) [ 00001]
reg_file_5_loc_load  (load         ) [ 00001]
reg_file_4_loc_load  (load         ) [ 00001]
reg_file_3_loc_load  (load         ) [ 00001]
reg_file_2_loc_load  (load         ) [ 00001]
reg_file_1_loc_load  (load         ) [ 00001]
reg_file_loc_load    (load         ) [ 00001]
spectopmodule_ln16   (spectopmodule) [ 00000]
specinterface_ln0    (specinterface) [ 00000]
specbitsmap_ln0      (specbitsmap  ) [ 00000]
specbitsmap_ln0      (specbitsmap  ) [ 00000]
specinterface_ln0    (specinterface) [ 00000]
call_ln0             (call         ) [ 00000]
ret_ln308            (ret          ) [ 00000]
</LifeTime>

<model>

<comp_list>
<comp id="0" class="1000" name="mem">
<pin_list>
<pin id="1" dir="1" index="0" bw="1" slack="0"/>
</pin_list>
<bind>
<StgValue><ssdm name="mem"/><MemPortTyVec>2 3 </MemPortTyVec>
</StgValue>
</bind>
</comp>

<comp id="2" class="1000" name="pstrb">
<pin_list>
<pin id="3" dir="1" index="0" bw="1" slack="2147483647"/>
</pin_list>
<bind>
<StgValue><ssdm name="pstrb"/></StgValue>
</bind>
</comp>

<comp id="4" class="1001" name="const_4">
<pin_list>
<pin id="5" dir="1" index="0" bw="1" slack="0"/>
</pin_list>
<bind>
<StgValue><ssdm name=""/></StgValue>
</bind>
</comp>

<comp id="6" class="1001" name="const_6">
<pin_list>
<pin id="7" dir="1" index="0" bw="1" slack="0"/>
</pin_list>
<bind>
<StgValue><ssdm name="cpu_Pipeline_VITIS_LOOP_24_1"/></StgValue>
</bind>
</comp>

<comp id="8" class="1001" name="const_8">
<pin_list>
<pin id="9" dir="1" index="0" bw="1" slack="0"/>
</pin_list>
<bind>
<StgValue><ssdm name="cpu_Pipeline_PROGRAM_LOOP"/></StgValue>
</bind>
</comp>

<comp id="10" class="1001" name="const_10">
<pin_list>
<pin id="11" dir="1" index="0" bw="1" slack="2147483647"/>
</pin_list>
<bind>
<StgValue><ssdm name="_ssdm_op_SpecTopModule"/></StgValue>
</bind>
</comp>

<comp id="12" class="1001" name="const_12">
<pin_list>
<pin id="13" dir="1" index="0" bw="1" slack="2147483647"/>
</pin_list>
<bind>
<StgValue><ssdm name="empty_2"/></StgValue>
</bind>
</comp>

<comp id="14" class="1001" name="const_14">
<pin_list>
<pin id="15" dir="1" index="0" bw="1" slack="2147483647"/>
</pin_list>
<bind>
<StgValue><ssdm name="_ssdm_op_SpecInterface"/></StgValue>
</bind>
</comp>

<comp id="16" class="1001" name="const_16">
<pin_list>
<pin id="17" dir="1" index="0" bw="1" slack="2147483647"/>
</pin_list>
<bind>
<StgValue><ssdm name="empty"/></StgValue>
</bind>
</comp>

<comp id="18" class="1001" name="const_18">
<pin_list>
<pin id="19" dir="1" index="0" bw="1" slack="2147483647"/>
</pin_list>
<bind>
<StgValue><ssdm name=""/></StgValue>
</bind>
</comp>

<comp id="20" class="1001" name="const_20">
<pin_list>
<pin id="21" dir="1" index="0" bw="1" slack="2147483647"/>
</pin_list>
<bind>
<StgValue><ssdm name="empty_0"/></StgValue>
</bind>
</comp>

<comp id="22" class="1001" name="const_22">
<pin_list>
<pin id="23" dir="1" index="0" bw="1" slack="2147483647"/>
</pin_list>
<bind>
<StgValue><ssdm name=""/></StgValue>
</bind>
</comp>

<comp id="24" class="1001" name="const_24">
<pin_list>
<pin id="25" dir="1" index="0" bw="1" slack="2147483647"/>
</pin_list>
<bind>
<StgValue><ssdm name="_ssdm_op_SpecBitsMap"/></StgValue>
</bind>
</comp>

<comp id="26" class="1001" name="const_26">
<pin_list>
<pin id="27" dir="1" index="0" bw="1" slack="2147483647"/>
</pin_list>
<bind>
<StgValue><ssdm name="empty_1"/></StgValue>
</bind>
</comp>

<comp id="28" class="1004" name="reg_file_loc_fu_28">
<pin_list>
<pin id="29" dir="0" index="0" bw="1" slack="0"/>
<pin id="30" dir="1" index="1" bw="32" slack="0"/>
</pin_list>
<bind>
<opcode="alloca(26) " fcode="alloca"/>
<opset="reg_file_loc/1 "/>
</bind>
</comp>

<comp id="32" class="1004" name="reg_file_1_loc_fu_32">
<pin_list>
<pin id="33" dir="0" index="0" bw="1" slack="0"/>
<pin id="34" dir="1" index="1" bw="32" slack="0"/>
</pin_list>
<bind>
<opcode="alloca(26) " fcode="alloca"/>
<opset="reg_file_1_loc/1 "/>
</bind>
</comp>

<comp id="36" class="1004" name="reg_file_2_loc_fu_36">
<pin_list>
<pin id="37" dir="0" index="0" bw="1" slack="0"/>
<pin id="38" dir="1" index="1" bw="32" slack="0"/>
</pin_list>
<bind>
<opcode="alloca(26) " fcode="alloca"/>
<opset="reg_file_2_loc/1 "/>
</bind>
</comp>

<comp id="40" class="1004" name="reg_file_3_loc_fu_40">
<pin_list>
<pin id="41" dir="0" index="0" bw="1" slack="0"/>
<pin id="42" dir="1" index="1" bw="32" slack="0"/>
</pin_list>
<bind>
<opcode="alloca(26) " fcode="alloca"/>
<opset="reg_file_3_loc/1 "/>
</bind>
</comp>

<comp id="44" class="1004" name="reg_file_4_loc_fu_44">
<pin_list>
<pin id="45" dir="0" index="0" bw="1" slack="0"/>
<pin id="46" dir="1" index="1" bw="32" slack="0"/>
</pin_list>
<bind>
<opcode="alloca(26) " fcode="alloca"/>
<opset="reg_file_4_loc/1 "/>
</bind>
</comp>

<comp id="48" class="1004" name="reg_file_5_loc_fu_48">
<pin_list>
<pin id="49" dir="0" index="0" bw="1" slack="0"/>
<pin id="50" dir="1" index="1" bw="32" slack="0"/>
</pin_list>
<bind>
<opcode="alloca(26) " fcode="alloca"/>
<opset="reg_file_5_loc/1 "/>
</bind>
</comp>

<comp id="52" class="1004" name="reg_file_6_loc_fu_52">
<pin_list>
<pin id="53" dir="0" index="0" bw="1" slack="0"/>
<pin id="54" dir="1" index="1" bw="32" slack="0"/>
</pin_list>
<bind>
<opcode="alloca(26) " fcode="alloca"/>
<opset="reg_file_6_loc/1 "/>
</bind>
</comp>

<comp id="56" class="1004" name="reg_file_7_loc_fu_56">
<pin_list>
<pin id="57" dir="0" index="0" bw="1" slack="0"/>
<pin id="58" dir="1" index="1" bw="32" slack="0"/>
</pin_list>
<bind>
<opcode="alloca(26) " fcode="alloca"/>
<opset="reg_file_7_loc/1 "/>
</bind>
</comp>

<comp id="60" class="1004" name="reg_file_8_loc_fu_60">
<pin_list>
<pin id="61" dir="0" index="0" bw="1" slack="0"/>
<pin id="62" dir="1" index="1" bw="32" slack="0"/>
</pin_list>
<bind>
<opcode="alloca(26) " fcode="alloca"/>
<opset="reg_file_8_loc/1 "/>
</bind>
</comp>

<comp id="64" class="1004" name="reg_file_9_loc_fu_64">
<pin_list>
<pin id="65" dir="0" index="0" bw="1" slack="0"/>
<pin id="66" dir="1" index="1" bw="32" slack="0"/>
</pin_list>
<bind>
<opcode="alloca(26) " fcode="alloca"/>
<opset="reg_file_9_loc/1 "/>
</bind>
</comp>

<comp id="68" class="1004" name="reg_file_10_loc_fu_68">
<pin_list>
<pin id="69" dir="0" index="0" bw="1" slack="0"/>
<pin id="70" dir="1" index="1" bw="32" slack="0"/>
</pin_list>
<bind>
<opcode="alloca(26) " fcode="alloca"/>
<opset="reg_file_10_loc/1 "/>
</bind>
</comp>

<comp id="72" class="1004" name="reg_file_11_loc_fu_72">
<pin_list>
<pin id="73" dir="0" index="0" bw="1" slack="0"/>
<pin id="74" dir="1" index="1" bw="32" slack="0"/>
</pin_list>
<bind>
<opcode="alloca(26) " fcode="alloca"/>
<opset="reg_file_11_loc/1 "/>
</bind>
</comp>

<comp id="76" class="1004" name="reg_file_12_loc_fu_76">
<pin_list>
<pin id="77" dir="0" index="0" bw="1" slack="0"/>
<pin id="78" dir="1" index="1" bw="32" slack="0"/>
</pin_list>
<bind>
<opcode="alloca(26) " fcode="alloca"/>
<opset="reg_file_12_loc/1 "/>
</bind>
</comp>

<comp id="80" class="1004" name="reg_file_13_loc_fu_80">
<pin_list>
<pin id="81" dir="0" index="0" bw="1" slack="0"/>
<pin id="82" dir="1" index="1" bw="32" slack="0"/>
</pin_list>
<bind>
<opcode="alloca(26) " fcode="alloca"/>
<opset="reg_file_13_loc/1 "/>
</bind>
</comp>

<comp id="84" class="1004" name="reg_file_14_loc_fu_84">
<pin_list>
<pin id="85" dir="0" index="0" bw="1" slack="0"/>
<pin id="86" dir="1" index="1" bw="32" slack="0"/>
</pin_list>
<bind>
<opcode="alloca(26) " fcode="alloca"/>
<opset="reg_file_14_loc/1 "/>
</bind>
</comp>

<comp id="88" class="1004" name="reg_file_15_loc_fu_88">
<pin_list>
<pin id="89" dir="0" index="0" bw="1" slack="0"/>
<pin id="90" dir="1" index="1" bw="32" slack="0"/>
</pin_list>
<bind>
<opcode="alloca(26) " fcode="alloca"/>
<opset="reg_file_15_loc/1 "/>
</bind>
</comp>

<comp id="92" class="1004" name="reg_file_16_loc_fu_92">
<pin_list>
<pin id="93" dir="0" index="0" bw="1" slack="0"/>
<pin id="94" dir="1" index="1" bw="32" slack="0"/>
</pin_list>
<bind>
<opcode="alloca(26) " fcode="alloca"/>
<opset="reg_file_16_loc/1 "/>
</bind>
</comp>

<comp id="96" class="1004" name="reg_file_17_loc_fu_96">
<pin_list>
<pin id="97" dir="0" index="0" bw="1" slack="0"/>
<pin id="98" dir="1" index="1" bw="32" slack="0"/>
</pin_list>
<bind>
<opcode="alloca(26) " fcode="alloca"/>
<opset="reg_file_17_loc/1 "/>
</bind>
</comp>

<comp id="100" class="1004" name="reg_file_18_loc_fu_100">
<pin_list>
<pin id="101" dir="0" index="0" bw="1" slack="0"/>
<pin id="102" dir="1" index="1" bw="32" slack="0"/>
</pin_list>
<bind>
<opcode="alloca(26) " fcode="alloca"/>
<opset="reg_file_18_loc/1 "/>
</bind>
</comp>

<comp id="104" class="1004" name="reg_file_19_loc_fu_104">
<pin_list>
<pin id="105" dir="0" index="0" bw="1" slack="0"/>
<pin id="106" dir="1" index="1" bw="32" slack="0"/>
</pin_list>
<bind>
<opcode="alloca(26) " fcode="alloca"/>
<opset="reg_file_19_loc/1 "/>
</bind>
</comp>

<comp id="108" class="1004" name="reg_file_20_loc_fu_108">
<pin_list>
<pin id="109" dir="0" index="0" bw="1" slack="0"/>
<pin id="110" dir="1" index="1" bw="32" slack="0"/>
</pin_list>
<bind>
<opcode="alloca(26) " fcode="alloca"/>
<opset="reg_file_20_loc/1 "/>
</bind>
</comp>

<comp id="112" class="1004" name="reg_file_21_loc_fu_112">
<pin_list>
<pin id="113" dir="0" index="0" bw="1" slack="0"/>
<pin id="114" dir="1" index="1" bw="32" slack="0"/>
</pin_list>
<bind>
<opcode="alloca(26) " fcode="alloca"/>
<opset="reg_file_21_loc/1 "/>
</bind>
</comp>

<comp id="116" class="1004" name="reg_file_22_loc_fu_116">
<pin_list>
<pin id="117" dir="0" index="0" bw="1" slack="0"/>
<pin id="118" dir="1" index="1" bw="32" slack="0"/>
</pin_list>
<bind>
<opcode="alloca(26) " fcode="alloca"/>
<opset="reg_file_22_loc/1 "/>
</bind>
</comp>

<comp id="120" class="1004" name="reg_file_23_loc_fu_120">
<pin_list>
<pin id="121" dir="0" index="0" bw="1" slack="0"/>
<pin id="122" dir="1" index="1" bw="32" slack="0"/>
</pin_list>
<bind>
<opcode="alloca(26) " fcode="alloca"/>
<opset="reg_file_23_loc/1 "/>
</bind>
</comp>

<comp id="124" class="1004" name="reg_file_24_loc_fu_124">
<pin_list>
<pin id="125" dir="0" index="0" bw="1" slack="0"/>
<pin id="126" dir="1" index="1" bw="32" slack="0"/>
</pin_list>
<bind>
<opcode="alloca(26) " fcode="alloca"/>
<opset="reg_file_24_loc/1 "/>
</bind>
</comp>

<comp id="128" class="1004" name="reg_file_25_loc_fu_128">
<pin_list>
<pin id="129" dir="0" index="0" bw="1" slack="0"/>
<pin id="130" dir="1" index="1" bw="32" slack="0"/>
</pin_list>
<bind>
<opcode="alloca(26) " fcode="alloca"/>
<opset="reg_file_25_loc/1 "/>
</bind>
</comp>

<comp id="132" class="1004" name="reg_file_26_loc_fu_132">
<pin_list>
<pin id="133" dir="0" index="0" bw="1" slack="0"/>
<pin id="134" dir="1" index="1" bw="32" slack="0"/>
</pin_list>
<bind>
<opcode="alloca(26) " fcode="alloca"/>
<opset="reg_file_26_loc/1 "/>
</bind>
</comp>

<comp id="136" class="1004" name="reg_file_27_loc_fu_136">
<pin_list>
<pin id="137" dir="0" index="0" bw="1" slack="0"/>
<pin id="138" dir="1" index="1" bw="32" slack="0"/>
</pin_list>
<bind>
<opcode="alloca(26) " fcode="alloca"/>
<opset="reg_file_27_loc/1 "/>
</bind>
</comp>

<comp id="140" class="1004" name="reg_file_28_loc_fu_140">
<pin_list>
<pin id="141" dir="0" index="0" bw="1" slack="0"/>
<pin id="142" dir="1" index="1" bw="32" slack="0"/>
</pin_list>
<bind>
<opcode="alloca(26) " fcode="alloca"/>
<opset="reg_file_28_loc/1 "/>
</bind>
</comp>

<comp id="144" class="1004" name="reg_file_29_loc_fu_144">
<pin_list>
<pin id="145" dir="0" index="0" bw="1" slack="0"/>
<pin id="146" dir="1" index="1" bw="32" slack="0"/>
</pin_list>
<bind>
<opcode="alloca(26) " fcode="alloca"/>
<opset="reg_file_29_loc/1 "/>
</bind>
</comp>

<comp id="148" class="1004" name="reg_file_30_loc_fu_148">
<pin_list>
<pin id="149" dir="0" index="0" bw="1" slack="0"/>
<pin id="150" dir="1" index="1" bw="32" slack="0"/>
</pin_list>
<bind>
<opcode="alloca(26) " fcode="alloca"/>
<opset="reg_file_30_loc/1 "/>
</bind>
</comp>

<comp id="152" class="1004" name="grp_cpu_Pipeline_VITIS_LOOP_24_1_fu_152">
<pin_list>
<pin id="153" dir="0" index="0" bw="0" slack="0"/>
<pin id="154" dir="0" index="1" bw="32" slack="0"/>
<pin id="155" dir="0" index="2" bw="32" slack="0"/>
<pin id="156" dir="0" index="3" bw="32" slack="0"/>
<pin id="157" dir="0" index="4" bw="32" slack="0"/>
<pin id="158" dir="0" index="5" bw="32" slack="0"/>
<pin id="159" dir="0" index="6" bw="32" slack="0"/>
<pin id="160" dir="0" index="7" bw="32" slack="0"/>
<pin id="161" dir="0" index="8" bw="32" slack="0"/>
<pin id="162" dir="0" index="9" bw="32" slack="0"/>
<pin id="163" dir="0" index="10" bw="32" slack="0"/>
<pin id="164" dir="0" index="11" bw="32" slack="0"/>
<pin id="165" dir="0" index="12" bw="32" slack="0"/>
<pin id="166" dir="0" index="13" bw="32" slack="0"/>
<pin id="167" dir="0" index="14" bw="32" slack="0"/>
<pin id="168" dir="0" index="15" bw="32" slack="0"/>
<pin id="169" dir="0" index="16" bw="32" slack="0"/>
<pin id="170" dir="0" index="17" bw="32" slack="0"/>
<pin id="171" dir="0" index="18" bw="32" slack="0"/>
<pin id="172" dir="0" index="19" bw="32" slack="0"/>
<pin id="173" dir="0" index="20" bw="32" slack="0"/>
<pin id="174" dir="0" index="21" bw="32" slack="0"/>
<pin id="175" dir="0" index="22" bw="32" slack="0"/>
<pin id="176" dir="0" index="23" bw="32" slack="0"/>
<pin id="177" dir="0" index="24" bw="32" slack="0"/>
<pin id="178" dir="0" index="25" bw="32" slack="0"/>
<pin id="179" dir="0" index="26" bw="32" slack="0"/>
<pin id="180" dir="0" index="27" bw="32" slack="0"/>
<pin id="181" dir="0" index="28" bw="32" slack="0"/>
<pin id="182" dir="0" index="29" bw="32" slack="0"/>
<pin id="183" dir="0" index="30" bw="32" slack="0"/>
<pin id="184" dir="0" index="31" bw="32" slack="0"/>
<pin id="185" dir="1" index="32" bw="0" slack="2147483647"/>
</pin_list>
<bind>
<opcode="call(48) " fcode="call"/>
<opset="call_ln0/1 "/>
</bind>
</comp>

<comp id="187" class="1004" name="grp_cpu_Pipeline_PROGRAM_LOOP_fu_187">
<pin_list>
<pin id="188" dir="0" index="0" bw="0" slack="0"/>
<pin id="189" dir="0" index="1" bw="32" slack="0"/>
<pin id="190" dir="0" index="2" bw="32" slack="0"/>
<pin id="191" dir="0" index="3" bw="32" slack="0"/>
<pin id="192" dir="0" index="4" bw="32" slack="0"/>
<pin id="193" dir="0" index="5" bw="32" slack="0"/>
<pin id="194" dir="0" index="6" bw="32" slack="0"/>
<pin id="195" dir="0" index="7" bw="32" slack="0"/>
<pin id="196" dir="0" index="8" bw="32" slack="0"/>
<pin id="197" dir="0" index="9" bw="32" slack="0"/>
<pin id="198" dir="0" index="10" bw="32" slack="0"/>
<pin id="199" dir="0" index="11" bw="32" slack="0"/>
<pin id="200" dir="0" index="12" bw="32" slack="0"/>
<pin id="201" dir="0" index="13" bw="32" slack="0"/>
<pin id="202" dir="0" index="14" bw="32" slack="0"/>
<pin id="203" dir="0" index="15" bw="32" slack="0"/>
<pin id="204" dir="0" index="16" bw="32" slack="0"/>
<pin id="205" dir="0" index="17" bw="32" slack="0"/>
<pin id="206" dir="0" index="18" bw="32" slack="0"/>
<pin id="207" dir="0" index="19" bw="32" slack="0"/>
<pin id="208" dir="0" index="20" bw="32" slack="0"/>
<pin id="209" dir="0" index="21" bw="32" slack="0"/>
<pin id="210" dir="0" index="22" bw="32" slack="0"/>
<pin id="211" dir="0" index="23" bw="32" slack="0"/>
<pin id="212" dir="0" index="24" bw="32" slack="0"/>
<pin id="213" dir="0" index="25" bw="32" slack="0"/>
<pin id="214" dir="0" index="26" bw="32" slack="0"/>
<pin id="215" dir="0" index="27" bw="32" slack="0"/>
<pin id="216" dir="0" index="28" bw="32" slack="0"/>
<pin id="217" dir="0" index="29" bw="32" slack="0"/>
<pin id="218" dir="0" index="30" bw="32" slack="0"/>
<pin id="219" dir="0" index="31" bw="32" slack="0"/>
<pin id="220" dir="0" index="32" bw="32" slack="0"/>
<pin id="221" dir="1" index="33" bw="0" slack="2147483647"/>
</pin_list>
<bind>
<opcode="call(48) " fcode="call"/>
<opset="call_ln0/3 "/>
</bind>
</comp>

<comp id="224" class="1004" name="reg_file_30_loc_load_load_fu_224">
<pin_list>
<pin id="225" dir="0" index="0" bw="32" slack="2"/>
<pin id="226" dir="1" index="1" bw="32" slack="0"/>
</pin_list>
<bind>
<opcode="load(27) " fcode="load"/>
<opset="reg_file_30_loc_load/3 "/>
</bind>
</comp>

<comp id="228" class="1004" name="reg_file_29_loc_load_load_fu_228">
<pin_list>
<pin id="229" dir="0" index="0" bw="32" slack="2"/>
<pin id="230" dir="1" index="1" bw="32" slack="0"/>
</pin_list>
<bind>
<opcode="load(27) " fcode="load"/>
<opset="reg_file_29_loc_load/3 "/>
</bind>
</comp>

<comp id="232" class="1004" name="reg_file_28_loc_load_load_fu_232">
<pin_list>
<pin id="233" dir="0" index="0" bw="32" slack="2"/>
<pin id="234" dir="1" index="1" bw="32" slack="0"/>
</pin_list>
<bind>
<opcode="load(27) " fcode="load"/>
<opset="reg_file_28_loc_load/3 "/>
</bind>
</comp>

<comp id="236" class="1004" name="reg_file_27_loc_load_load_fu_236">
<pin_list>
<pin id="237" dir="0" index="0" bw="32" slack="2"/>
<pin id="238" dir="1" index="1" bw="32" slack="0"/>
</pin_list>
<bind>
<opcode="load(27) " fcode="load"/>
<opset="reg_file_27_loc_load/3 "/>
</bind>
</comp>

<comp id="240" class="1004" name="reg_file_26_loc_load_load_fu_240">
<pin_list>
<pin id="241" dir="0" index="0" bw="32" slack="2"/>
<pin id="242" dir="1" index="1" bw="32" slack="0"/>
</pin_list>
<bind>
<opcode="load(27) " fcode="load"/>
<opset="reg_file_26_loc_load/3 "/>
</bind>
</comp>

<comp id="244" class="1004" name="reg_file_25_loc_load_load_fu_244">
<pin_list>
<pin id="245" dir="0" index="0" bw="32" slack="2"/>
<pin id="246" dir="1" index="1" bw="32" slack="0"/>
</pin_list>
<bind>
<opcode="load(27) " fcode="load"/>
<opset="reg_file_25_loc_load/3 "/>
</bind>
</comp>

<comp id="248" class="1004" name="reg_file_24_loc_load_load_fu_248">
<pin_list>
<pin id="249" dir="0" index="0" bw="32" slack="2"/>
<pin id="250" dir="1" index="1" bw="32" slack="0"/>
</pin_list>
<bind>
<opcode="load(27) " fcode="load"/>
<opset="reg_file_24_loc_load/3 "/>
</bind>
</comp>

<comp id="252" class="1004" name="reg_file_23_loc_load_load_fu_252">
<pin_list>
<pin id="253" dir="0" index="0" bw="32" slack="2"/>
<pin id="254" dir="1" index="1" bw="32" slack="0"/>
</pin_list>
<bind>
<opcode="load(27) " fcode="load"/>
<opset="reg_file_23_loc_load/3 "/>
</bind>
</comp>

<comp id="256" class="1004" name="reg_file_22_loc_load_load_fu_256">
<pin_list>
<pin id="257" dir="0" index="0" bw="32" slack="2"/>
<pin id="258" dir="1" index="1" bw="32" slack="0"/>
</pin_list>
<bind>
<opcode="load(27) " fcode="load"/>
<opset="reg_file_22_loc_load/3 "/>
</bind>
</comp>

<comp id="260" class="1004" name="reg_file_21_loc_load_load_fu_260">
<pin_list>
<pin id="261" dir="0" index="0" bw="32" slack="2"/>
<pin id="262" dir="1" index="1" bw="32" slack="0"/>
</pin_list>
<bind>
<opcode="load(27) " fcode="load"/>
<opset="reg_file_21_loc_load/3 "/>
</bind>
</comp>

<comp id="264" class="1004" name="reg_file_20_loc_load_load_fu_264">
<pin_list>
<pin id="265" dir="0" index="0" bw="32" slack="2"/>
<pin id="266" dir="1" index="1" bw="32" slack="0"/>
</pin_list>
<bind>
<opcode="load(27) " fcode="load"/>
<opset="reg_file_20_loc_load/3 "/>
</bind>
</comp>

<comp id="268" class="1004" name="reg_file_19_loc_load_load_fu_268">
<pin_list>
<pin id="269" dir="0" index="0" bw="32" slack="2"/>
<pin id="270" dir="1" index="1" bw="32" slack="0"/>
</pin_list>
<bind>
<opcode="load(27) " fcode="load"/>
<opset="reg_file_19_loc_load/3 "/>
</bind>
</comp>

<comp id="272" class="1004" name="reg_file_18_loc_load_load_fu_272">
<pin_list>
<pin id="273" dir="0" index="0" bw="32" slack="2"/>
<pin id="274" dir="1" index="1" bw="32" slack="0"/>
</pin_list>
<bind>
<opcode="load(27) " fcode="load"/>
<opset="reg_file_18_loc_load/3 "/>
</bind>
</comp>

<comp id="276" class="1004" name="reg_file_17_loc_load_load_fu_276">
<pin_list>
<pin id="277" dir="0" index="0" bw="32" slack="2"/>
<pin id="278" dir="1" index="1" bw="32" slack="0"/>
</pin_list>
<bind>
<opcode="load(27) " fcode="load"/>
<opset="reg_file_17_loc_load/3 "/>
</bind>
</comp>

<comp id="280" class="1004" name="reg_file_16_loc_load_load_fu_280">
<pin_list>
<pin id="281" dir="0" index="0" bw="32" slack="2"/>
<pin id="282" dir="1" index="1" bw="32" slack="0"/>
</pin_list>
<bind>
<opcode="load(27) " fcode="load"/>
<opset="reg_file_16_loc_load/3 "/>
</bind>
</comp>

<comp id="284" class="1004" name="reg_file_15_loc_load_load_fu_284">
<pin_list>
<pin id="285" dir="0" index="0" bw="32" slack="2"/>
<pin id="286" dir="1" index="1" bw="32" slack="0"/>
</pin_list>
<bind>
<opcode="load(27) " fcode="load"/>
<opset="reg_file_15_loc_load/3 "/>
</bind>
</comp>

<comp id="288" class="1004" name="reg_file_14_loc_load_load_fu_288">
<pin_list>
<pin id="289" dir="0" index="0" bw="32" slack="2"/>
<pin id="290" dir="1" index="1" bw="32" slack="0"/>
</pin_list>
<bind>
<opcode="load(27) " fcode="load"/>
<opset="reg_file_14_loc_load/3 "/>
</bind>
</comp>

<comp id="292" class="1004" name="reg_file_13_loc_load_load_fu_292">
<pin_list>
<pin id="293" dir="0" index="0" bw="32" slack="2"/>
<pin id="294" dir="1" index="1" bw="32" slack="0"/>
</pin_list>
<bind>
<opcode="load(27) " fcode="load"/>
<opset="reg_file_13_loc_load/3 "/>
</bind>
</comp>

<comp id="296" class="1004" name="reg_file_12_loc_load_load_fu_296">
<pin_list>
<pin id="297" dir="0" index="0" bw="32" slack="2"/>
<pin id="298" dir="1" index="1" bw="32" slack="0"/>
</pin_list>
<bind>
<opcode="load(27) " fcode="load"/>
<opset="reg_file_12_loc_load/3 "/>
</bind>
</comp>

<comp id="300" class="1004" name="reg_file_11_loc_load_load_fu_300">
<pin_list>
<pin id="301" dir="0" index="0" bw="32" slack="2"/>
<pin id="302" dir="1" index="1" bw="32" slack="0"/>
</pin_list>
<bind>
<opcode="load(27) " fcode="load"/>
<opset="reg_file_11_loc_load/3 "/>
</bind>
</comp>

<comp id="304" class="1004" name="reg_file_10_loc_load_load_fu_304">
<pin_list>
<pin id="305" dir="0" index="0" bw="32" slack="2"/>
<pin id="306" dir="1" index="1" bw="32" slack="0"/>
</pin_list>
<bind>
<opcode="load(27) " fcode="load"/>
<opset="reg_file_10_loc_load/3 "/>
</bind>
</comp>

<comp id="308" class="1004" name="reg_file_9_loc_load_load_fu_308">
<pin_list>
<pin id="309" dir="0" index="0" bw="32" slack="2"/>
<pin id="310" dir="1" index="1" bw="32" slack="0"/>
</pin_list>
<bind>
<opcode="load(27) " fcode="load"/>
<opset="reg_file_9_loc_load/3 "/>
</bind>
</comp>

<comp id="312" class="1004" name="reg_file_8_loc_load_load_fu_312">
<pin_list>
<pin id="313" dir="0" index="0" bw="32" slack="2"/>
<pin id="314" dir="1" index="1" bw="32" slack="0"/>
</pin_list>
<bind>
<opcode="load(27) " fcode="load"/>
<opset="reg_file_8_loc_load/3 "/>
</bind>
</comp>

<comp id="316" class="1004" name="reg_file_7_loc_load_load_fu_316">
<pin_list>
<pin id="317" dir="0" index="0" bw="32" slack="2"/>
<pin id="318" dir="1" index="1" bw="32" slack="0"/>
</pin_list>
<bind>
<opcode="load(27) " fcode="load"/>
<opset="reg_file_7_loc_load/3 "/>
</bind>
</comp>

<comp id="320" class="1004" name="reg_file_6_loc_load_load_fu_320">
<pin_list>
<pin id="321" dir="0" index="0" bw="32" slack="2"/>
<pin id="322" dir="1" index="1" bw="32" slack="0"/>
</pin_list>
<bind>
<opcode="load(27) " fcode="load"/>
<opset="reg_file_6_loc_load/3 "/>
</bind>
</comp>

<comp id="324" class="1004" name="reg_file_5_loc_load_load_fu_324">
<pin_list>
<pin id="325" dir="0" index="0" bw="32" slack="2"/>
<pin id="326" dir="1" index="1" bw="32" slack="0"/>
</pin_list>
<bind>
<opcode="load(27) " fcode="load"/>
<opset="reg_file_5_loc_load/3 "/>
</bind>
</comp>

<comp id="328" class="1004" name="reg_file_4_loc_load_load_fu_328">
<pin_list>
<pin id="329" dir="0" index="0" bw="32" slack="2"/>
<pin id="330" dir="1" index="1" bw="32" slack="0"/>
</pin_list>
<bind>
<opcode="load(27) " fcode="load"/>
<opset="reg_file_4_loc_load/3 "/>
</bind>
</comp>

<comp id="332" class="1004" name="reg_file_3_loc_load_load_fu_332">
<pin_list>
<pin id="333" dir="0" index="0" bw="32" slack="2"/>
<pin id="334" dir="1" index="1" bw="32" slack="0"/>
</pin_list>
<bind>
<opcode="load(27) " fcode="load"/>
<opset="reg_file_3_loc_load/3 "/>
</bind>
</comp>

<comp id="336" class="1004" name="reg_file_2_loc_load_load_fu_336">
<pin_list>
<pin id="337" dir="0" index="0" bw="32" slack="2"/>
<pin id="338" dir="1" index="1" bw="32" slack="0"/>
</pin_list>
<bind>
<opcode="load(27) " fcode="load"/>
<opset="reg_file_2_loc_load/3 "/>
</bind>
</comp>

<comp id="340" class="1004" name="reg_file_1_loc_load_load_fu_340">
<pin_list>
<pin id="341" dir="0" index="0" bw="32" slack="2"/>
<pin id="342" dir="1" index="1" bw="32" slack="0"/>
</pin_list>
<bind>
<opcode="load(27) " fcode="load"/>
<opset="reg_file_1_loc_load/3 "/>
</bind>
</comp>

<comp id="344" class="1004" name="reg_file_loc_load_load_fu_344">
<pin_list>
<pin id="345" dir="0" index="0" bw="32" slack="2"/>
<pin id="346" dir="1" index="1" bw="32" slack="0"/>
</pin_list>
<bind>
<opcode="load(27) " fcode="load"/>
<opset="reg_file_loc_load/3 "/>
</bind>
</comp>

<comp id="348" class="1005" name="reg_file_loc_reg_348">
<pin_list>
<pin id="349" dir="0" index="0" bw="32" slack="0"/>
<pin id="350" dir="1" index="1" bw="32" slack="0"/>
</pin_list>
<bind>
<opset="reg_file_loc "/>
</bind>
</comp>

<comp id="354" class="1005" name="reg_file_1_loc_reg_354">
<pin_list>
<pin id="355" dir="0" index="0" bw="32" slack="0"/>
<pin id="356" dir="1" index="1" bw="32" slack="0"/>
</pin_list>
<bind>
<opset="reg_file_1_loc "/>
</bind>
</comp>

<comp id="360" class="1005" name="reg_file_2_loc_reg_360">
<pin_list>
<pin id="361" dir="0" index="0" bw="32" slack="0"/>
<pin id="362" dir="1" index="1" bw="32" slack="0"/>
</pin_list>
<bind>
<opset="reg_file_2_loc "/>
</bind>
</comp>

<comp id="366" class="1005" name="reg_file_3_loc_reg_366">
<pin_list>
<pin id="367" dir="0" index="0" bw="32" slack="0"/>
<pin id="368" dir="1" index="1" bw="32" slack="0"/>
</pin_list>
<bind>
<opset="reg_file_3_loc "/>
</bind>
</comp>

<comp id="372" class="1005" name="reg_file_4_loc_reg_372">
<pin_list>
<pin id="373" dir="0" index="0" bw="32" slack="0"/>
<pin id="374" dir="1" index="1" bw="32" slack="0"/>
</pin_list>
<bind>
<opset="reg_file_4_loc "/>
</bind>
</comp>

<comp id="378" class="1005" name="reg_file_5_loc_reg_378">
<pin_list>
<pin id="379" dir="0" index="0" bw="32" slack="0"/>
<pin id="380" dir="1" index="1" bw="32" slack="0"/>
</pin_list>
<bind>
<opset="reg_file_5_loc "/>
</bind>
</comp>

<comp id="384" class="1005" name="reg_file_6_loc_reg_384">
<pin_list>
<pin id="385" dir="0" index="0" bw="32" slack="0"/>
<pin id="386" dir="1" index="1" bw="32" slack="0"/>
</pin_list>
<bind>
<opset="reg_file_6_loc "/>
</bind>
</comp>

<comp id="390" class="1005" name="reg_file_7_loc_reg_390">
<pin_list>
<pin id="391" dir="0" index="0" bw="32" slack="0"/>
<pin id="392" dir="1" index="1" bw="32" slack="0"/>
</pin_list>
<bind>
<opset="reg_file_7_loc "/>
</bind>
</comp>

<comp id="396" class="1005" name="reg_file_8_loc_reg_396">
<pin_list>
<pin id="397" dir="0" index="0" bw="32" slack="0"/>
<pin id="398" dir="1" index="1" bw="32" slack="0"/>
</pin_list>
<bind>
<opset="reg_file_8_loc "/>
</bind>
</comp>

<comp id="402" class="1005" name="reg_file_9_loc_reg_402">
<pin_list>
<pin id="403" dir="0" index="0" bw="32" slack="0"/>
<pin id="404" dir="1" index="1" bw="32" slack="0"/>
</pin_list>
<bind>
<opset="reg_file_9_loc "/>
</bind>
</comp>

<comp id="408" class="1005" name="reg_file_10_loc_reg_408">
<pin_list>
<pin id="409" dir="0" index="0" bw="32" slack="0"/>
<pin id="410" dir="1" index="1" bw="32" slack="0"/>
</pin_list>
<bind>
<opset="reg_file_10_loc "/>
</bind>
</comp>

<comp id="414" class="1005" name="reg_file_11_loc_reg_414">
<pin_list>
<pin id="415" dir="0" index="0" bw="32" slack="0"/>
<pin id="416" dir="1" index="1" bw="32" slack="0"/>
</pin_list>
<bind>
<opset="reg_file_11_loc "/>
</bind>
</comp>

<comp id="420" class="1005" name="reg_file_12_loc_reg_420">
<pin_list>
<pin id="421" dir="0" index="0" bw="32" slack="0"/>
<pin id="422" dir="1" index="1" bw="32" slack="0"/>
</pin_list>
<bind>
<opset="reg_file_12_loc "/>
</bind>
</comp>

<comp id="426" class="1005" name="reg_file_13_loc_reg_426">
<pin_list>
<pin id="427" dir="0" index="0" bw="32" slack="0"/>
<pin id="428" dir="1" index="1" bw="32" slack="0"/>
</pin_list>
<bind>
<opset="reg_file_13_loc "/>
</bind>
</comp>

<comp id="432" class="1005" name="reg_file_14_loc_reg_432">
<pin_list>
<pin id="433" dir="0" index="0" bw="32" slack="0"/>
<pin id="434" dir="1" index="1" bw="32" slack="0"/>
</pin_list>
<bind>
<opset="reg_file_14_loc "/>
</bind>
</comp>

<comp id="438" class="1005" name="reg_file_15_loc_reg_438">
<pin_list>
<pin id="439" dir="0" index="0" bw="32" slack="0"/>
<pin id="440" dir="1" index="1" bw="32" slack="0"/>
</pin_list>
<bind>
<opset="reg_file_15_loc "/>
</bind>
</comp>

<comp id="444" class="1005" name="reg_file_16_loc_reg_444">
<pin_list>
<pin id="445" dir="0" index="0" bw="32" slack="0"/>
<pin id="446" dir="1" index="1" bw="32" slack="0"/>
</pin_list>
<bind>
<opset="reg_file_16_loc "/>
</bind>
</comp>

<comp id="450" class="1005" name="reg_file_17_loc_reg_450">
<pin_list>
<pin id="451" dir="0" index="0" bw="32" slack="0"/>
<pin id="452" dir="1" index="1" bw="32" slack="0"/>
</pin_list>
<bind>
<opset="reg_file_17_loc "/>
</bind>
</comp>

<comp id="456" class="1005" name="reg_file_18_loc_reg_456">
<pin_list>
<pin id="457" dir="0" index="0" bw="32" slack="0"/>
<pin id="458" dir="1" index="1" bw="32" slack="0"/>
</pin_list>
<bind>
<opset="reg_file_18_loc "/>
</bind>
</comp>

<comp id="462" class="1005" name="reg_file_19_loc_reg_462">
<pin_list>
<pin id="463" dir="0" index="0" bw="32" slack="0"/>
<pin id="464" dir="1" index="1" bw="32" slack="0"/>
</pin_list>
<bind>
<opset="reg_file_19_loc "/>
</bind>
</comp>

<comp id="468" class="1005" name="reg_file_20_loc_reg_468">
<pin_list>
<pin id="469" dir="0" index="0" bw="32" slack="0"/>
<pin id="470" dir="1" index="1" bw="32" slack="0"/>
</pin_list>
<bind>
<opset="reg_file_20_loc "/>
</bind>
</comp>

<comp id="474" class="1005" name="reg_file_21_loc_reg_474">
<pin_list>
<pin id="475" dir="0" index="0" bw="32" slack="0"/>
<pin id="476" dir="1" index="1" bw="32" slack="0"/>
</pin_list>
<bind>
<opset="reg_file_21_loc "/>
</bind>
</comp>

<comp id="480" class="1005" name="reg_file_22_loc_reg_480">
<pin_list>
<pin id="481" dir="0" index="0" bw="32" slack="0"/>
<pin id="482" dir="1" index="1" bw="32" slack="0"/>
</pin_list>
<bind>
<opset="reg_file_22_loc "/>
</bind>
</comp>

<comp id="486" class="1005" name="reg_file_23_loc_reg_486">
<pin_list>
<pin id="487" dir="0" index="0" bw="32" slack="0"/>
<pin id="488" dir="1" index="1" bw="32" slack="0"/>
</pin_list>
<bind>
<opset="reg_file_23_loc "/>
</bind>
</comp>

<comp id="492" class="1005" name="reg_file_24_loc_reg_492">
<pin_list>
<pin id="493" dir="0" index="0" bw="32" slack="0"/>
<pin id="494" dir="1" index="1" bw="32" slack="0"/>
</pin_list>
<bind>
<opset="reg_file_24_loc "/>
</bind>
</comp>

<comp id="498" class="1005" name="reg_file_25_loc_reg_498">
<pin_list>
<pin id="499" dir="0" index="0" bw="32" slack="0"/>
<pin id="500" dir="1" index="1" bw="32" slack="0"/>
</pin_list>
<bind>
<opset="reg_file_25_loc "/>
</bind>
</comp>

<comp id="504" class="1005" name="reg_file_26_loc_reg_504">
<pin_list>
<pin id="505" dir="0" index="0" bw="32" slack="0"/>
<pin id="506" dir="1" index="1" bw="32" slack="0"/>
</pin_list>
<bind>
<opset="reg_file_26_loc "/>
</bind>
</comp>

<comp id="510" class="1005" name="reg_file_27_loc_reg_510">
<pin_list>
<pin id="511" dir="0" index="0" bw="32" slack="0"/>
<pin id="512" dir="1" index="1" bw="32" slack="0"/>
</pin_list>
<bind>
<opset="reg_file_27_loc "/>
</bind>
</comp>

<comp id="516" class="1005" name="reg_file_28_loc_reg_516">
<pin_list>
<pin id="517" dir="0" index="0" bw="32" slack="0"/>
<pin id="518" dir="1" index="1" bw="32" slack="0"/>
</pin_list>
<bind>
<opset="reg_file_28_loc "/>
</bind>
</comp>

<comp id="522" class="1005" name="reg_file_29_loc_reg_522">
<pin_list>
<pin id="523" dir="0" index="0" bw="32" slack="0"/>
<pin id="524" dir="1" index="1" bw="32" slack="0"/>
</pin_list>
<bind>
<opset="reg_file_29_loc "/>
</bind>
</comp>

<comp id="528" class="1005" name="reg_file_30_loc_reg_528">
<pin_list>
<pin id="529" dir="0" index="0" bw="32" slack="0"/>
<pin id="530" dir="1" index="1" bw="32" slack="0"/>
</pin_list>
<bind>
<opset="reg_file_30_loc "/>
</bind>
</comp>

</comp_list>

<net_list>
<net id="31"><net_src comp="4" pin="0"/><net_sink comp="28" pin=0"/></net>

<net id="35"><net_src comp="4" pin="0"/><net_sink comp="32" pin=0"/></net>

<net id="39"><net_src comp="4" pin="0"/><net_sink comp="36" pin=0"/></net>

<net id="43"><net_src comp="4" pin="0"/><net_sink comp="40" pin=0"/></net>

<net id="47"><net_src comp="4" pin="0"/><net_sink comp="44" pin=0"/></net>

<net id="51"><net_src comp="4" pin="0"/><net_sink comp="48" pin=0"/></net>

<net id="55"><net_src comp="4" pin="0"/><net_sink comp="52" pin=0"/></net>

<net id="59"><net_src comp="4" pin="0"/><net_sink comp="56" pin=0"/></net>

<net id="63"><net_src comp="4" pin="0"/><net_sink comp="60" pin=0"/></net>

<net id="67"><net_src comp="4" pin="0"/><net_sink comp="64" pin=0"/></net>

<net id="71"><net_src comp="4" pin="0"/><net_sink comp="68" pin=0"/></net>

<net id="75"><net_src comp="4" pin="0"/><net_sink comp="72" pin=0"/></net>

<net id="79"><net_src comp="4" pin="0"/><net_sink comp="76" pin=0"/></net>

<net id="83"><net_src comp="4" pin="0"/><net_sink comp="80" pin=0"/></net>

<net id="87"><net_src comp="4" pin="0"/><net_sink comp="84" pin=0"/></net>

<net id="91"><net_src comp="4" pin="0"/><net_sink comp="88" pin=0"/></net>

<net id="95"><net_src comp="4" pin="0"/><net_sink comp="92" pin=0"/></net>

<net id="99"><net_src comp="4" pin="0"/><net_sink comp="96" pin=0"/></net>

<net id="103"><net_src comp="4" pin="0"/><net_sink comp="100" pin=0"/></net>

<net id="107"><net_src comp="4" pin="0"/><net_sink comp="104" pin=0"/></net>

<net id="111"><net_src comp="4" pin="0"/><net_sink comp="108" pin=0"/></net>

<net id="115"><net_src comp="4" pin="0"/><net_sink comp="112" pin=0"/></net>

<net id="119"><net_src comp="4" pin="0"/><net_sink comp="116" pin=0"/></net>

<net id="123"><net_src comp="4" pin="0"/><net_sink comp="120" pin=0"/></net>

<net id="127"><net_src comp="4" pin="0"/><net_sink comp="124" pin=0"/></net>

<net id="131"><net_src comp="4" pin="0"/><net_sink comp="128" pin=0"/></net>

<net id="135"><net_src comp="4" pin="0"/><net_sink comp="132" pin=0"/></net>

<net id="139"><net_src comp="4" pin="0"/><net_sink comp="136" pin=0"/></net>

<net id="143"><net_src comp="4" pin="0"/><net_sink comp="140" pin=0"/></net>

<net id="147"><net_src comp="4" pin="0"/><net_sink comp="144" pin=0"/></net>

<net id="151"><net_src comp="4" pin="0"/><net_sink comp="148" pin=0"/></net>

<net id="186"><net_src comp="6" pin="0"/><net_sink comp="152" pin=0"/></net>

<net id="222"><net_src comp="8" pin="0"/><net_sink comp="187" pin=0"/></net>

<net id="223"><net_src comp="0" pin="0"/><net_sink comp="187" pin=32"/></net>

<net id="227"><net_src comp="224" pin="1"/><net_sink comp="187" pin=1"/></net>

<net id="231"><net_src comp="228" pin="1"/><net_sink comp="187" pin=2"/></net>

<net id="235"><net_src comp="232" pin="1"/><net_sink comp="187" pin=3"/></net>

<net id="239"><net_src comp="236" pin="1"/><net_sink comp="187" pin=4"/></net>

<net id="243"><net_src comp="240" pin="1"/><net_sink comp="187" pin=5"/></net>

<net id="247"><net_src comp="244" pin="1"/><net_sink comp="187" pin=6"/></net>

<net id="251"><net_src comp="248" pin="1"/><net_sink comp="187" pin=7"/></net>

<net id="255"><net_src comp="252" pin="1"/><net_sink comp="187" pin=8"/></net>

<net id="259"><net_src comp="256" pin="1"/><net_sink comp="187" pin=9"/></net>

<net id="263"><net_src comp="260" pin="1"/><net_sink comp="187" pin=10"/></net>

<net id="267"><net_src comp="264" pin="1"/><net_sink comp="187" pin=11"/></net>

<net id="271"><net_src comp="268" pin="1"/><net_sink comp="187" pin=12"/></net>

<net id="275"><net_src comp="272" pin="1"/><net_sink comp="187" pin=13"/></net>

<net id="279"><net_src comp="276" pin="1"/><net_sink comp="187" pin=14"/></net>

<net id="283"><net_src comp="280" pin="1"/><net_sink comp="187" pin=15"/></net>

<net id="287"><net_src comp="284" pin="1"/><net_sink comp="187" pin=16"/></net>

<net id="291"><net_src comp="288" pin="1"/><net_sink comp="187" pin=17"/></net>

<net id="295"><net_src comp="292" pin="1"/><net_sink comp="187" pin=18"/></net>

<net id="299"><net_src comp="296" pin="1"/><net_sink comp="187" pin=19"/></net>

<net id="303"><net_src comp="300" pin="1"/><net_sink comp="187" pin=20"/></net>

<net id="307"><net_src comp="304" pin="1"/><net_sink comp="187" pin=21"/></net>

<net id="311"><net_src comp="308" pin="1"/><net_sink comp="187" pin=22"/></net>

<net id="315"><net_src comp="312" pin="1"/><net_sink comp="187" pin=23"/></net>

<net id="319"><net_src comp="316" pin="1"/><net_sink comp="187" pin=24"/></net>

<net id="323"><net_src comp="320" pin="1"/><net_sink comp="187" pin=25"/></net>

<net id="327"><net_src comp="324" pin="1"/><net_sink comp="187" pin=26"/></net>

<net id="331"><net_src comp="328" pin="1"/><net_sink comp="187" pin=27"/></net>

<net id="335"><net_src comp="332" pin="1"/><net_sink comp="187" pin=28"/></net>

<net id="339"><net_src comp="336" pin="1"/><net_sink comp="187" pin=29"/></net>

<net id="343"><net_src comp="340" pin="1"/><net_sink comp="187" pin=30"/></net>

<net id="347"><net_src comp="344" pin="1"/><net_sink comp="187" pin=31"/></net>

<net id="351"><net_src comp="28" pin="1"/><net_sink comp="348" pin=0"/></net>

<net id="352"><net_src comp="348" pin="1"/><net_sink comp="152" pin=31"/></net>

<net id="353"><net_src comp="348" pin="1"/><net_sink comp="344" pin=0"/></net>

<net id="357"><net_src comp="32" pin="1"/><net_sink comp="354" pin=0"/></net>

<net id="358"><net_src comp="354" pin="1"/><net_sink comp="152" pin=30"/></net>

<net id="359"><net_src comp="354" pin="1"/><net_sink comp="340" pin=0"/></net>

<net id="363"><net_src comp="36" pin="1"/><net_sink comp="360" pin=0"/></net>

<net id="364"><net_src comp="360" pin="1"/><net_sink comp="152" pin=29"/></net>

<net id="365"><net_src comp="360" pin="1"/><net_sink comp="336" pin=0"/></net>

<net id="369"><net_src comp="40" pin="1"/><net_sink comp="366" pin=0"/></net>

<net id="370"><net_src comp="366" pin="1"/><net_sink comp="152" pin=28"/></net>

<net id="371"><net_src comp="366" pin="1"/><net_sink comp="332" pin=0"/></net>

<net id="375"><net_src comp="44" pin="1"/><net_sink comp="372" pin=0"/></net>

<net id="376"><net_src comp="372" pin="1"/><net_sink comp="152" pin=27"/></net>

<net id="377"><net_src comp="372" pin="1"/><net_sink comp="328" pin=0"/></net>

<net id="381"><net_src comp="48" pin="1"/><net_sink comp="378" pin=0"/></net>

<net id="382"><net_src comp="378" pin="1"/><net_sink comp="152" pin=26"/></net>

<net id="383"><net_src comp="378" pin="1"/><net_sink comp="324" pin=0"/></net>

<net id="387"><net_src comp="52" pin="1"/><net_sink comp="384" pin=0"/></net>

<net id="388"><net_src comp="384" pin="1"/><net_sink comp="152" pin=25"/></net>

<net id="389"><net_src comp="384" pin="1"/><net_sink comp="320" pin=0"/></net>

<net id="393"><net_src comp="56" pin="1"/><net_sink comp="390" pin=0"/></net>

<net id="394"><net_src comp="390" pin="1"/><net_sink comp="152" pin=24"/></net>

<net id="395"><net_src comp="390" pin="1"/><net_sink comp="316" pin=0"/></net>

<net id="399"><net_src comp="60" pin="1"/><net_sink comp="396" pin=0"/></net>

<net id="400"><net_src comp="396" pin="1"/><net_sink comp="152" pin=23"/></net>

<net id="401"><net_src comp="396" pin="1"/><net_sink comp="312" pin=0"/></net>

<net id="405"><net_src comp="64" pin="1"/><net_sink comp="402" pin=0"/></net>

<net id="406"><net_src comp="402" pin="1"/><net_sink comp="152" pin=22"/></net>

<net id="407"><net_src comp="402" pin="1"/><net_sink comp="308" pin=0"/></net>

<net id="411"><net_src comp="68" pin="1"/><net_sink comp="408" pin=0"/></net>

<net id="412"><net_src comp="408" pin="1"/><net_sink comp="152" pin=21"/></net>

<net id="413"><net_src comp="408" pin="1"/><net_sink comp="304" pin=0"/></net>

<net id="417"><net_src comp="72" pin="1"/><net_sink comp="414" pin=0"/></net>

<net id="418"><net_src comp="414" pin="1"/><net_sink comp="152" pin=20"/></net>

<net id="419"><net_src comp="414" pin="1"/><net_sink comp="300" pin=0"/></net>

<net id="423"><net_src comp="76" pin="1"/><net_sink comp="420" pin=0"/></net>

<net id="424"><net_src comp="420" pin="1"/><net_sink comp="152" pin=19"/></net>

<net id="425"><net_src comp="420" pin="1"/><net_sink comp="296" pin=0"/></net>

<net id="429"><net_src comp="80" pin="1"/><net_sink comp="426" pin=0"/></net>

<net id="430"><net_src comp="426" pin="1"/><net_sink comp="152" pin=18"/></net>

<net id="431"><net_src comp="426" pin="1"/><net_sink comp="292" pin=0"/></net>

<net id="435"><net_src comp="84" pin="1"/><net_sink comp="432" pin=0"/></net>

<net id="436"><net_src comp="432" pin="1"/><net_sink comp="152" pin=17"/></net>

<net id="437"><net_src comp="432" pin="1"/><net_sink comp="288" pin=0"/></net>

<net id="441"><net_src comp="88" pin="1"/><net_sink comp="438" pin=0"/></net>

<net id="442"><net_src comp="438" pin="1"/><net_sink comp="152" pin=16"/></net>

<net id="443"><net_src comp="438" pin="1"/><net_sink comp="284" pin=0"/></net>

<net id="447"><net_src comp="92" pin="1"/><net_sink comp="444" pin=0"/></net>

<net id="448"><net_src comp="444" pin="1"/><net_sink comp="152" pin=15"/></net>

<net id="449"><net_src comp="444" pin="1"/><net_sink comp="280" pin=0"/></net>

<net id="453"><net_src comp="96" pin="1"/><net_sink comp="450" pin=0"/></net>

<net id="454"><net_src comp="450" pin="1"/><net_sink comp="152" pin=14"/></net>

<net id="455"><net_src comp="450" pin="1"/><net_sink comp="276" pin=0"/></net>

<net id="459"><net_src comp="100" pin="1"/><net_sink comp="456" pin=0"/></net>

<net id="460"><net_src comp="456" pin="1"/><net_sink comp="152" pin=13"/></net>

<net id="461"><net_src comp="456" pin="1"/><net_sink comp="272" pin=0"/></net>

<net id="465"><net_src comp="104" pin="1"/><net_sink comp="462" pin=0"/></net>

<net id="466"><net_src comp="462" pin="1"/><net_sink comp="152" pin=12"/></net>

<net id="467"><net_src comp="462" pin="1"/><net_sink comp="268" pin=0"/></net>

<net id="471"><net_src comp="108" pin="1"/><net_sink comp="468" pin=0"/></net>

<net id="472"><net_src comp="468" pin="1"/><net_sink comp="152" pin=11"/></net>

<net id="473"><net_src comp="468" pin="1"/><net_sink comp="264" pin=0"/></net>

<net id="477"><net_src comp="112" pin="1"/><net_sink comp="474" pin=0"/></net>

<net id="478"><net_src comp="474" pin="1"/><net_sink comp="152" pin=10"/></net>

<net id="479"><net_src comp="474" pin="1"/><net_sink comp="260" pin=0"/></net>

<net id="483"><net_src comp="116" pin="1"/><net_sink comp="480" pin=0"/></net>

<net id="484"><net_src comp="480" pin="1"/><net_sink comp="152" pin=9"/></net>

<net id="485"><net_src comp="480" pin="1"/><net_sink comp="256" pin=0"/></net>

<net id="489"><net_src comp="120" pin="1"/><net_sink comp="486" pin=0"/></net>

<net id="490"><net_src comp="486" pin="1"/><net_sink comp="152" pin=8"/></net>

<net id="491"><net_src comp="486" pin="1"/><net_sink comp="252" pin=0"/></net>

<net id="495"><net_src comp="124" pin="1"/><net_sink comp="492" pin=0"/></net>

<net id="496"><net_src comp="492" pin="1"/><net_sink comp="152" pin=7"/></net>

<net id="497"><net_src comp="492" pin="1"/><net_sink comp="248" pin=0"/></net>

<net id="501"><net_src comp="128" pin="1"/><net_sink comp="498" pin=0"/></net>

<net id="502"><net_src comp="498" pin="1"/><net_sink comp="152" pin=6"/></net>

<net id="503"><net_src comp="498" pin="1"/><net_sink comp="244" pin=0"/></net>

<net id="507"><net_src comp="132" pin="1"/><net_sink comp="504" pin=0"/></net>

<net id="508"><net_src comp="504" pin="1"/><net_sink comp="152" pin=5"/></net>

<net id="509"><net_src comp="504" pin="1"/><net_sink comp="240" pin=0"/></net>

<net id="513"><net_src comp="136" pin="1"/><net_sink comp="510" pin=0"/></net>

<net id="514"><net_src comp="510" pin="1"/><net_sink comp="152" pin=4"/></net>

<net id="515"><net_src comp="510" pin="1"/><net_sink comp="236" pin=0"/></net>

<net id="519"><net_src comp="140" pin="1"/><net_sink comp="516" pin=0"/></net>

<net id="520"><net_src comp="516" pin="1"/><net_sink comp="152" pin=3"/></net>

<net id="521"><net_src comp="516" pin="1"/><net_sink comp="232" pin=0"/></net>

<net id="525"><net_src comp="144" pin="1"/><net_sink comp="522" pin=0"/></net>

<net id="526"><net_src comp="522" pin="1"/><net_sink comp="152" pin=2"/></net>

<net id="527"><net_src comp="522" pin="1"/><net_sink comp="228" pin=0"/></net>

<net id="531"><net_src comp="148" pin="1"/><net_sink comp="528" pin=0"/></net>

<net id="532"><net_src comp="528" pin="1"/><net_sink comp="152" pin=1"/></net>

<net id="533"><net_src comp="528" pin="1"/><net_sink comp="224" pin=0"/></net>

</net_list>

</model> 
---------------- Datapath Model END ------------------

* FSMD analyzer results:
  - Output states:
	Port: mem | {3 4 }
 - Input state : 
	Port: cpu : mem | {3 4 }
  - Chain level:
	State 1
		call_ln0 : 1
	State 2
	State 3
		call_ln0 : 1
	State 4


============================================================
+ Verbose Summary: Datapath Resource usage 
============================================================

* Functional unit list:
|----------|-----------------------------------------|---------|---------|---------|---------|
| Operation|             Functional Unit             |   DSP   |  Delay  |    FF   |   LUT   |
|----------|-----------------------------------------|---------|---------|---------|---------|
|   call   | grp_cpu_Pipeline_VITIS_LOOP_24_1_fu_152 |    0    |    0    |   998   |    28   |
|          |   grp_cpu_Pipeline_PROGRAM_LOOP_fu_187  |    12   | 13.0619 |   4239  |   1963  |
|----------|-----------------------------------------|---------|---------|---------|---------|
|   Total  |                                         |    12   | 13.0619 |   5237  |   1991  |
|----------|-----------------------------------------|---------|---------|---------|---------|

Memories:
N/A

* Register list:
+-----------------------+--------+
|                       |   FF   |
+-----------------------+--------+
|reg_file_10_loc_reg_408|   32   |
|reg_file_11_loc_reg_414|   32   |
|reg_file_12_loc_reg_420|   32   |
|reg_file_13_loc_reg_426|   32   |
|reg_file_14_loc_reg_432|   32   |
|reg_file_15_loc_reg_438|   32   |
|reg_file_16_loc_reg_444|   32   |
|reg_file_17_loc_reg_450|   32   |
|reg_file_18_loc_reg_456|   32   |
|reg_file_19_loc_reg_462|   32   |
| reg_file_1_loc_reg_354|   32   |
|reg_file_20_loc_reg_468|   32   |
|reg_file_21_loc_reg_474|   32   |
|reg_file_22_loc_reg_480|   32   |
|reg_file_23_loc_reg_486|   32   |
|reg_file_24_loc_reg_492|   32   |
|reg_file_25_loc_reg_498|   32   |
|reg_file_26_loc_reg_504|   32   |
|reg_file_27_loc_reg_510|   32   |
|reg_file_28_loc_reg_516|   32   |
|reg_file_29_loc_reg_522|   32   |
| reg_file_2_loc_reg_360|   32   |
|reg_file_30_loc_reg_528|   32   |
| reg_file_3_loc_reg_366|   32   |
| reg_file_4_loc_reg_372|   32   |
| reg_file_5_loc_reg_378|   32   |
| reg_file_6_loc_reg_384|   32   |
| reg_file_7_loc_reg_390|   32   |
| reg_file_8_loc_reg_396|   32   |
| reg_file_9_loc_reg_402|   32   |
|  reg_file_loc_reg_348 |   32   |
+-----------------------+--------+
|         Total         |   992  |
+-----------------------+--------+

* Multiplexer (MUX) list: 
|--------|------|------|------|--------|
|  Comp  |  Pin | Size |  BW  | S x BW |
|--------|------|------|------|--------|
|  Total |      |      |      |    0   |
|--------|------|------|------|--------|



* Summary:
+-----------+--------+--------+--------+--------+
|           |   DSP  |  Delay |   FF   |   LUT  |
+-----------+--------+--------+--------+--------+
|  Function |   12   |   13   |  5237  |  1991  |
|   Memory  |    -   |    -   |    -   |    -   |
|Multiplexer|    -   |    -   |    -   |    -   |
|  Register |    -   |    -   |   992  |    -   |
+-----------+--------+--------+--------+--------+
|   Total   |   12   |   13   |  6229  |  1991  |
+-----------+--------+--------+--------+--------+
