

================================================================
== Vitis HLS Report for 'cache_exp_stream'
================================================================
* Date:           Sat Mar 14 13:29:02 2026

* Version:        2025.1 (Build 6135595 on May 21 2025)
* Project:        Prometheus_streaming
* Solution:       hls (Vivado IP Flow Target)
* Product family: zynq
* Target device:  xc7z020-clg400-1


================================================================
== Performance Estimates
================================================================
+ Timing: 
    * Summary: 
    +--------+----------+----------+------------+
    |  Clock |  Target  | Estimated| Uncertainty|
    +--------+----------+----------+------------+
    |ap_clk  |  11.80 ns|  8.191 ns|     3.19 ns|
    +--------+----------+----------+------------+

+ Latency: 
    * Summary: 
    +---------+---------+-----------+----------+-----+-----+------------------------------------------------+
    |  Latency (cycles) |  Latency (absolute)  |  Interval |                    Pipeline                    |
    |   min   |   max   |    min    |    max   | min | max |                      Type                      |
    +---------+---------+-----------+----------+-----+-----+------------------------------------------------+
    |        3|      258|  35.400 ns|  3.044 us|    2|  257|  loop auto-rewind stp (delay=0 clock cycles(s))|
    +---------+---------+-----------+----------+-----+-----+------------------------------------------------+

    + Detail: 
        * Instance: 
        N/A

        * Loop: 
        +------------------+---------+---------+----------+-----------+-----------+---------+----------+
        |                  |  Latency (cycles) | Iteration|  Initiation Interval  |   Trip  |          |
        |     Loop Name    |   min   |   max   |  Latency |  achieved |   target  |  Count  | Pipelined|
        +------------------+---------+---------+----------+-----------+-----------+---------+----------+
        |- cache_exp_loop  |        1|      256|         2|          1|          1|  1 ~ 256|       yes|
        +------------------+---------+---------+----------+-----------+-----------+---------+----------+

============================================================
+ Verbose Summary: Synthesis Manager
============================================================
InlineROM: 1
ExposeGlobal: 0
============================================================
+ Verbose Summary: CDFG Model
============================================================
IsTopModel: 0
ResetActiveHigh: 1
IsCombinational: 2
IsDatapathOnly: 0
HasWiredReturn: 1
HasMFsm: 2
HasVarLatency: 1
IsPipeline: 0
IsRtlPipelined: 0
IsInstanceOverlapped: 0
IsDontTouch: 0
HasImplIP: 0
IsGatedGlobalClock: 0

+ Individual pipeline summary: 
  * Pipeline-0: initiation interval (II) = 1, depth = 2


============================================================
+ Verbose Summary: Schedule
============================================================
* Number of FSM states : 2
* Pipeline : 1
  Pipeline-0 : II = 1, D = 2, States = { 1 2 }
* Dataflow Pipeline: 0

* FSM state transitions: 
1 --> 2 
2 --> 

* FSM state operations: 

State 1 <SV = 0> <Delay = 4.99>
ST_1 : Operation 5 [1/1] (0.00ns)   --->   "%sum64 = alloca i32 1" [softmax_accel_hls.cc:170]   --->   Operation 5 'alloca' 'sum64' <Predicate = true> <Delay = 0.00>
ST_1 : Operation 6 [1/1] (0.00ns)   --->   "%i = alloca i32 1" [softmax_accel_hls.cc:173]   --->   Operation 6 'alloca' 'i' <Predicate = true> <Delay = 0.00>
ST_1 : Operation 7 [1/1] (0.00ns)   --->   "%specstablecontent_ln0 = specstablecontent void @_ssdm_op_SpecStableContent, i9 %n, i1 1, void @p_str"   --->   Operation 7 'specstablecontent' 'specstablecontent_ln0' <Predicate = true> <Delay = 0.00>
ST_1 : Operation 8 [1/1] (0.00ns)   --->   "%n_read = read i9 @_ssdm_op_Read.ap_auto.i9, i9 %n"   --->   Operation 8 'read' 'n_read' <Predicate = true> <Delay = 0.00>
ST_1 : Operation 9 [1/1] (0.00ns)   --->   "%specmemcore_ln0 = specmemcore void @_ssdm_op_SpecMemCore, i32 %exp_buf, i64 666, i64 18, i64 18446744073709551615"   --->   Operation 9 'specmemcore' 'specmemcore_ln0' <Predicate = true> <Delay = 0.00>
ST_1 : Operation 10 [1/1] (0.00ns)   --->   "%specinterface_ln0 = specinterface void @_ssdm_op_SpecInterface, i32 %exp_stream, void @empty, i32 0, i32 0, void @empty_2, i32 0, i32 0, void @empty_2, void @empty_2, void @empty_2, i32 0, i32 0, i32 0, i32 0, void @empty_2, void @empty_2, i32 4294967295, i32 0, i32 0"   --->   Operation 10 'specinterface' 'specinterface_ln0' <Predicate = true> <Delay = 0.00>
ST_1 : Operation 11 [1/1] (1.58ns)   --->   "%store_ln173 = store i9 0, i9 %i" [softmax_accel_hls.cc:173]   --->   Operation 11 'store' 'store_ln173' <Predicate = true> <Delay = 1.58>
ST_1 : Operation 12 [1/1] (1.58ns)   --->   "%store_ln170 = store i40 0, i40 %sum64" [softmax_accel_hls.cc:170]   --->   Operation 12 'store' 'store_ln170' <Predicate = true> <Delay = 1.58>
ST_1 : Operation 13 [1/1] (0.00ns)   --->   "%br_ln173 = br void %for.inc" [softmax_accel_hls.cc:173]   --->   Operation 13 'br' 'br_ln173' <Predicate = true> <Delay = 0.00>
ST_1 : Operation 14 [1/1] (0.00ns)   --->   "%i_5 = load i9 %i" [softmax_accel_hls.cc:173]   --->   Operation 14 'load' 'i_5' <Predicate = true> <Delay = 0.00>
ST_1 : Operation 15 [1/1] (1.82ns)   --->   "%icmp_ln173 = icmp_eq  i9 %i_5, i9 %n_read" [softmax_accel_hls.cc:173]   --->   Operation 15 'icmp' 'icmp_ln173' <Predicate = true> <Delay = 1.82> <CoreInst = "Cmp">   --->   Core 9 'Cmp' <Latency = 0> <II = 1> <Delay = 1.82> <FuncUnit> <Opcode : 'seteq' 'setne' 'setle' 'setge' 'setlt' 'setgt'> <InPorts = 2> <OutPorts = 1>
ST_1 : Operation 16 [1/1] (0.00ns)   --->   "%empty = speclooptripcount i32 @_ssdm_op_SpecLoopTripCount, i64 1, i64 256, i64 0"   --->   Operation 16 'speclooptripcount' 'empty' <Predicate = true> <Delay = 0.00>
ST_1 : Operation 17 [1/1] (1.82ns)   --->   "%add_ln173 = add i9 %i_5, i9 1" [softmax_accel_hls.cc:173]   --->   Operation 17 'add' 'add_ln173' <Predicate = true> <Delay = 1.82> <CoreInst = "Adder">   --->   Core 1 'Adder' <Latency = 0> <II = 1> <Delay = 1.82> <FuncUnit> <Opcode : 'add' 'sub'> <InPorts = 2> <OutPorts = 1>
ST_1 : Operation 18 [1/1] (0.00ns)   --->   "%br_ln173 = br i1 %icmp_ln173, void %for.inc.split, void %for.end" [softmax_accel_hls.cc:173]   --->   Operation 18 'br' 'br_ln173' <Predicate = true> <Delay = 0.00>
ST_1 : Operation 19 [1/1] (1.58ns)   --->   "%store_ln173 = store i9 %add_ln173, i9 %i" [softmax_accel_hls.cc:173]   --->   Operation 19 'store' 'store_ln173' <Predicate = (!icmp_ln173)> <Delay = 1.58>
ST_1 : Operation 31 [1/1] (0.00ns)   --->   "%sum64_load_1 = load i40 %sum64" [softmax_accel_hls.cc:180]   --->   Operation 31 'load' 'sum64_load_1' <Predicate = (icmp_ln173)> <Delay = 0.00>
ST_1 : Operation 32 [1/1] (0.00ns)   --->   "%write_ln180 = write void @_ssdm_op_Write.ap_auto.i40P0A, i40 %sum64_out, i40 %sum64_load_1" [softmax_accel_hls.cc:180]   --->   Operation 32 'write' 'write_ln180' <Predicate = (icmp_ln173)> <Delay = 0.00>
ST_1 : Operation 33 [1/1] (1.58ns)   --->   "%ret_ln181 = ret" [softmax_accel_hls.cc:181]   --->   Operation 33 'ret' 'ret_ln181' <Predicate = (icmp_ln173)> <Delay = 1.58>

State 2 <SV = 1> <Delay = 8.19>
ST_2 : Operation 20 [1/1] (0.00ns)   --->   "%sum64_load = load i40 %sum64" [softmax_accel_hls.cc:177]   --->   Operation 20 'load' 'sum64_load' <Predicate = true> <Delay = 0.00>
ST_2 : Operation 21 [1/1] (0.00ns)   --->   "%zext_ln173 = zext i9 %i_5" [softmax_accel_hls.cc:173]   --->   Operation 21 'zext' 'zext_ln173' <Predicate = true> <Delay = 0.00>
ST_2 : Operation 22 [1/1] (0.00ns)   --->   "%specpipeline_ln174 = specpipeline void @_ssdm_op_SpecPipeline, i32 1, i32 0, i32 0, i32 0, void @empty_2" [softmax_accel_hls.cc:174]   --->   Operation 22 'specpipeline' 'specpipeline_ln174' <Predicate = true> <Delay = 0.00>
ST_2 : Operation 23 [1/1] (0.00ns)   --->   "%specloopname_ln173 = specloopname void @_ssdm_op_SpecLoopName, void @empty_19" [softmax_accel_hls.cc:173]   --->   Operation 23 'specloopname' 'specloopname_ln173' <Predicate = true> <Delay = 0.00>
ST_2 : Operation 24 [1/1] ( I:3.72ns O:3.72ns )   --->   "%exp_q16 = read i32 @_ssdm_op_Read.ap_fifo.volatile.i32P0A, i32 %exp_stream" [softmax_accel_hls.cc:175]   --->   Operation 24 'read' 'exp_q16' <Predicate = true> <Delay = 3.72> <CoreInst = "FIFO_SRL">   --->   Core 80 'FIFO_SRL' <Latency = 0> <II = 1> <Delay = 3.72> <Storage> <Opcode : 'read' 'write' 'nbread' 'nbwrite'> <Ports = 0> <Width = 32> <Depth = 32> <FIFO>
ST_2 : Operation 25 [1/1] (0.00ns)   --->   "%exp_buf_addr = getelementptr i32 %exp_buf, i64 0, i64 %zext_ln173" [softmax_accel_hls.cc:176]   --->   Operation 25 'getelementptr' 'exp_buf_addr' <Predicate = true> <Delay = 0.00>
ST_2 : Operation 26 [1/1] ( I:3.25ns O:3.25ns )   --->   "%store_ln176 = store i32 %exp_q16, i8 %exp_buf_addr" [softmax_accel_hls.cc:176]   --->   Operation 26 'store' 'store_ln176' <Predicate = true> <Delay = 3.25> <CoreInst = "RAM_1P_BRAM">   --->   Core 87 'RAM_1P_BRAM' <Latency = 1> <II = 1> <Delay = 3.25> <Storage> <Opcode : 'load' 'store'> <Ports = 1> <Width = 32> <Depth = 256> <RAM>
ST_2 : Operation 27 [1/1] (0.00ns)   --->   "%zext_ln177 = zext i32 %exp_q16" [softmax_accel_hls.cc:177]   --->   Operation 27 'zext' 'zext_ln177' <Predicate = true> <Delay = 0.00>
ST_2 : Operation 28 [1/1] (2.87ns)   --->   "%sum64_1 = add i40 %zext_ln177, i40 %sum64_load" [softmax_accel_hls.cc:177]   --->   Operation 28 'add' 'sum64_1' <Predicate = true> <Delay = 2.87> <CoreInst = "Adder">   --->   Core 1 'Adder' <Latency = 0> <II = 1> <Delay = 2.87> <FuncUnit> <Opcode : 'add' 'sub'> <InPorts = 2> <OutPorts = 1>
ST_2 : Operation 29 [1/1] (1.58ns)   --->   "%store_ln170 = store i40 %sum64_1, i40 %sum64" [softmax_accel_hls.cc:170]   --->   Operation 29 'store' 'store_ln170' <Predicate = true> <Delay = 1.58>
ST_2 : Operation 30 [1/1] (0.00ns)   --->   "%br_ln173 = br void %for.inc" [softmax_accel_hls.cc:173]   --->   Operation 30 'br' 'br_ln173' <Predicate = true> <Delay = 0.00>


============================================================
+ Verbose Summary: Timing violations
============================================================
Target clock period: 11.800ns, clock uncertainty: 3.186ns.

 <State 1>: 4.999ns
The critical path consists of the following:
	'store' operation 0 bit ('store_ln173', softmax_accel_hls.cc:173) of constant 0 on local variable 'i', softmax_accel_hls.cc:173 [11]  (1.588 ns)
	'load' operation 9 bit ('i', softmax_accel_hls.cc:173) on local variable 'i', softmax_accel_hls.cc:173 [15]  (0.000 ns)
	'add' operation 9 bit ('add_ln173', softmax_accel_hls.cc:173) [18]  (1.823 ns)
	'store' operation 0 bit ('store_ln173', softmax_accel_hls.cc:173) of variable 'add_ln173', softmax_accel_hls.cc:173 on local variable 'i', softmax_accel_hls.cc:173 [30]  (1.588 ns)

 <State 2>: 8.191ns
The critical path consists of the following:
	fifo read operation ('exp_q16', softmax_accel_hls.cc:175) on port 'exp_stream' (softmax_accel_hls.cc:175) [25]  (3.726 ns)
	'add' operation 40 bit ('sum64', softmax_accel_hls.cc:177) [29]  (2.877 ns)
	'store' operation 0 bit ('store_ln170', softmax_accel_hls.cc:170) of variable 'sum64', softmax_accel_hls.cc:177 on local variable 'sum64', softmax_accel_hls.cc:170 [31]  (1.588 ns)


============================================================
+ Verbose Summary: Binding
============================================================
N/A
* FSMD analyzer results:
  - Output states:
 - Input state : 
  - Chain level:
	State 1
	State 2


============================================================
+ Verbose Summary: Datapath Resource usage 
============================================================
N/A
