

================================================================
== Vitis HLS Report for 'cache_exp_stream'
================================================================
* Date:           Sat Mar 14 13:29:02 2026

* Version:        2025.1 (Build 6135595 on May 21 2025)
* Project:        Prometheus_streaming
* Solution:       hls (Vivado IP Flow Target)
* Product family: zynq
* Target device:  xc7z020-clg400-1


================================================================
== Performance Estimates
================================================================
+ Timing: 
    * Summary: 
    +--------+----------+----------+------------+
    |  Clock |  Target  | Estimated| Uncertainty|
    +--------+----------+----------+------------+
    |ap_clk  |  11.80 ns|  8.191 ns|     3.19 ns|
    +--------+----------+----------+------------+

+ Latency: 
    * Summary: 
    +---------+---------+-----------+----------+-----+-----+------------------------------------------------+
    |  Latency (cycles) |  Latency (absolute)  |  Interval |                    Pipeline                    |
    |   min   |   max   |    min    |    max   | min | max |                      Type                      |
    +---------+---------+-----------+----------+-----+-----+------------------------------------------------+
    |        3|      258|  35.400 ns|  3.044 us|    2|  257|  loop auto-rewind stp (delay=0 clock cycles(s))|
    +---------+---------+-----------+----------+-----+-----+------------------------------------------------+

    + Detail: 
        * Instance: 
        N/A

        * Loop: 
        +------------------+---------+---------+----------+-----------+-----------+---------+----------+
        |                  |  Latency (cycles) | Iteration|  Initiation Interval  |   Trip  |          |
        |     Loop Name    |   min   |   max   |  Latency |  achieved |   target  |  Count  | Pipelined|
        +------------------+---------+---------+----------+-----------+-----------+---------+----------+
        |- cache_exp_loop  |        1|      256|         2|          1|          1|  1 ~ 256|       yes|
        +------------------+---------+---------+----------+-----------+-----------+---------+----------+



================================================================
== Utilization Estimates
================================================================
* Summary: 
+-----------------+---------+-----+--------+-------+-----+
|       Name      | BRAM_18K| DSP |   FF   |  LUT  | URAM|
+-----------------+---------+-----+--------+-------+-----+
|DSP              |        -|    -|       -|      -|    -|
|Expression       |        -|    -|       0|     81|    -|
|FIFO             |        -|    -|       -|      -|    -|
|Instance         |        -|    -|       -|      -|    -|
|Memory           |        -|    -|       -|      -|    -|
|Multiplexer      |        -|    -|       0|     77|    -|
|Register         |        -|    -|     101|      -|    -|
+-----------------+---------+-----+--------+-------+-----+
|Total            |        0|    0|     101|    158|    0|
+-----------------+---------+-----+--------+-------+-----+
|Available        |      280|  220|  106400|  53200|    0|
+-----------------+---------+-----+--------+-------+-----+
|Utilization (%)  |        0|    0|      ~0|     ~0|    0|
+-----------------+---------+-----+--------+-------+-----+

+ Detail: 
    * Instance: 
    N/A

    * DSP: 
    N/A

    * Memory: 
    N/A

    * FIFO: 
    N/A

    * Expression: 
    +--------------------------------+----------+----+---+----+------------+------------+
    |          Variable Name         | Operation| DSP| FF| LUT| Bitwidth P0| Bitwidth P1|
    +--------------------------------+----------+----+---+----+------------+------------+
    |add_ln173_fu_120_p2             |         +|   0|  0|  14|           9|           1|
    |sum64_1_fu_142_p2               |         +|   0|  0|  47|          40|          40|
    |ap_condition_111                |       and|   0|  0|   2|           1|           1|
    |icmp_ln173_fu_114_p2            |      icmp|   0|  0|  14|           9|           9|
    |ap_block_pp0_stage0_01001_grp1  |        or|   0|  0|   2|           1|           1|
    |ap_enable_pp0                   |       xor|   0|  0|   2|           1|           2|
    +--------------------------------+----------+----+---+----+------------+------------+
    |Total                           |          |   0|  0|  81|          61|          54|
    +--------------------------------+----------+----+---+----+------------+------------+

    * Multiplexer: 
    +-------------------------------+----+-----------+-----+-----------+
    |              Name             | LUT| Input Size| Bits| Total Bits|
    +-------------------------------+----+-----------+-----+-----------+
    |ap_done_int                    |   9|          2|    1|          2|
    |ap_enable_reg_pp0_iter1        |   9|          2|    1|          2|
    |ap_sig_allocacmp_i_5           |   9|          2|    9|         18|
    |ap_sig_allocacmp_sum64_load_1  |  14|          3|   40|        120|
    |exp_stream_blk_n               |   9|          2|    1|          2|
    |i_fu_64                        |   9|          2|    9|         18|
    |sum64_fu_60                    |   9|          2|   40|         80|
    |sum64_out                      |   9|          2|   40|         80|
    +-------------------------------+----+-----------+-----+-----------+
    |Total                          |  77|         17|  141|        322|
    +-------------------------------+----+-----------+-----+-----------+

    * Register: 
    +-------------------------+----+----+-----+-----------+
    |           Name          | FF | LUT| Bits| Const Bits|
    +-------------------------+----+----+-----+-----------+
    |ap_CS_fsm                |   1|   0|    1|          0|
    |ap_done_reg              |   1|   0|    1|          0|
    |ap_enable_reg_pp0_iter1  |   1|   0|    1|          0|
    |i_5_reg_172              |   9|   0|    9|          0|
    |i_fu_64                  |   9|   0|    9|          0|
    |sum64_fu_60              |  40|   0|   40|          0|
    |sum64_out_preg           |  40|   0|   40|          0|
    +-------------------------+----+----+-----+-----------+
    |Total                    | 101|   0|  101|          0|
    +-------------------------+----+----+-----+-----------+



================================================================
== Interface
================================================================
* Summary: 
+---------------------------+-----+-----+------------+------------------+--------------+
|         RTL Ports         | Dir | Bits|  Protocol  |   Source Object  |    C Type    |
+---------------------------+-----+-----+------------+------------------+--------------+
|ap_clk                     |   in|    1|  ap_ctrl_hs|  cache_exp_stream|  return value|
|ap_rst                     |   in|    1|  ap_ctrl_hs|  cache_exp_stream|  return value|
|ap_start                   |   in|    1|  ap_ctrl_hs|  cache_exp_stream|  return value|
|ap_done                    |  out|    1|  ap_ctrl_hs|  cache_exp_stream|  return value|
|ap_continue                |   in|    1|  ap_ctrl_hs|  cache_exp_stream|  return value|
|ap_idle                    |  out|    1|  ap_ctrl_hs|  cache_exp_stream|  return value|
|ap_ready                   |  out|    1|  ap_ctrl_hs|  cache_exp_stream|  return value|
|exp_stream_dout            |   in|   32|     ap_fifo|        exp_stream|       pointer|
|exp_stream_empty_n         |   in|    1|     ap_fifo|        exp_stream|       pointer|
|exp_stream_read            |  out|    1|     ap_fifo|        exp_stream|       pointer|
|exp_stream_num_data_valid  |   in|    6|     ap_fifo|        exp_stream|       pointer|
|exp_stream_fifo_cap        |   in|    6|     ap_fifo|        exp_stream|       pointer|
|n                          |   in|    9|   ap_stable|                 n|        scalar|
|exp_buf_address0           |  out|    8|   ap_memory|           exp_buf|         array|
|exp_buf_ce0                |  out|    1|   ap_memory|           exp_buf|         array|
|exp_buf_we0                |  out|    1|   ap_memory|           exp_buf|         array|
|exp_buf_d0                 |  out|   32|   ap_memory|           exp_buf|         array|
|sum64_out                  |  out|   40|      ap_vld|         sum64_out|       pointer|
|sum64_out_ap_vld           |  out|    1|      ap_vld|         sum64_out|       pointer|
+---------------------------+-----+-----+------------+------------------+--------------+

============================================================
+ Verbose Summary: Synthesis Manager
============================================================
InlineROM: 1
ExposeGlobal: 0
============================================================
+ Verbose Summary: CDFG Model
============================================================
IsTopModel: 0
ResetActiveHigh: 1
IsCombinational: 2
IsDatapathOnly: 0
HasWiredReturn: 1
HasMFsm: 2
HasVarLatency: 1
IsPipeline: 0
IsRtlPipelined: 0
IsInstanceOverlapped: 0
IsDontTouch: 0
HasImplIP: 0
IsGatedGlobalClock: 0

+ Individual pipeline summary: 
  * Pipeline-0: initiation interval (II) = 1, depth = 2


============================================================
+ Verbose Summary: Schedule
============================================================
* Number of FSM states : 2
* Pipeline : 1
  Pipeline-0 : II = 1, D = 2, States = { 1 2 }
* Dataflow Pipeline: 0

* FSM state transitions: 
1 --> 2 
2 --> 

* FSM state operations: 

State 1 <SV = 0> <Delay = 4.99>
ST_1 : Operation 5 [1/1] (0.00ns)   --->   "%sum64 = alloca i32 1" [softmax_accel_hls.cc:170]   --->   Operation 5 'alloca' 'sum64' <Predicate = true> <Delay = 0.00>
ST_1 : Operation 6 [1/1] (0.00ns)   --->   "%i = alloca i32 1" [softmax_accel_hls.cc:173]   --->   Operation 6 'alloca' 'i' <Predicate = true> <Delay = 0.00>
ST_1 : Operation 7 [1/1] (0.00ns)   --->   "%specstablecontent_ln0 = specstablecontent void @_ssdm_op_SpecStableContent, i9 %n, i1 1, void @p_str"   --->   Operation 7 'specstablecontent' 'specstablecontent_ln0' <Predicate = true> <Delay = 0.00>
ST_1 : Operation 8 [1/1] (0.00ns)   --->   "%n_read = read i9 @_ssdm_op_Read.ap_auto.i9, i9 %n"   --->   Operation 8 'read' 'n_read' <Predicate = true> <Delay = 0.00>
ST_1 : Operation 9 [1/1] (0.00ns)   --->   "%specmemcore_ln0 = specmemcore void @_ssdm_op_SpecMemCore, i32 %exp_buf, i64 666, i64 18, i64 18446744073709551615"   --->   Operation 9 'specmemcore' 'specmemcore_ln0' <Predicate = true> <Delay = 0.00>
ST_1 : Operation 10 [1/1] (0.00ns)   --->   "%specinterface_ln0 = specinterface void @_ssdm_op_SpecInterface, i32 %exp_stream, void @empty, i32 0, i32 0, void @empty_2, i32 0, i32 0, void @empty_2, void @empty_2, void @empty_2, i32 0, i32 0, i32 0, i32 0, void @empty_2, void @empty_2, i32 4294967295, i32 0, i32 0"   --->   Operation 10 'specinterface' 'specinterface_ln0' <Predicate = true> <Delay = 0.00>
ST_1 : Operation 11 [1/1] (1.58ns)   --->   "%store_ln173 = store i9 0, i9 %i" [softmax_accel_hls.cc:173]   --->   Operation 11 'store' 'store_ln173' <Predicate = true> <Delay = 1.58>
ST_1 : Operation 12 [1/1] (1.58ns)   --->   "%store_ln170 = store i40 0, i40 %sum64" [softmax_accel_hls.cc:170]   --->   Operation 12 'store' 'store_ln170' <Predicate = true> <Delay = 1.58>
ST_1 : Operation 13 [1/1] (0.00ns)   --->   "%br_ln173 = br void %for.inc" [softmax_accel_hls.cc:173]   --->   Operation 13 'br' 'br_ln173' <Predicate = true> <Delay = 0.00>
ST_1 : Operation 14 [1/1] (0.00ns)   --->   "%i_5 = load i9 %i" [softmax_accel_hls.cc:173]   --->   Operation 14 'load' 'i_5' <Predicate = true> <Delay = 0.00>
ST_1 : Operation 15 [1/1] (1.82ns)   --->   "%icmp_ln173 = icmp_eq  i9 %i_5, i9 %n_read" [softmax_accel_hls.cc:173]   --->   Operation 15 'icmp' 'icmp_ln173' <Predicate = true> <Delay = 1.82> <CoreInst = "Cmp">   --->   Core 9 'Cmp' <Latency = 0> <II = 1> <Delay = 1.82> <FuncUnit> <Opcode : 'seteq' 'setne' 'setle' 'setge' 'setlt' 'setgt'> <InPorts = 2> <OutPorts = 1>
ST_1 : Operation 16 [1/1] (0.00ns)   --->   "%empty = speclooptripcount i32 @_ssdm_op_SpecLoopTripCount, i64 1, i64 256, i64 0"   --->   Operation 16 'speclooptripcount' 'empty' <Predicate = true> <Delay = 0.00>
ST_1 : Operation 17 [1/1] (1.82ns)   --->   "%add_ln173 = add i9 %i_5, i9 1" [softmax_accel_hls.cc:173]   --->   Operation 17 'add' 'add_ln173' <Predicate = true> <Delay = 1.82> <CoreInst = "Adder">   --->   Core 1 'Adder' <Latency = 0> <II = 1> <Delay = 1.82> <FuncUnit> <Opcode : 'add' 'sub'> <InPorts = 2> <OutPorts = 1>
ST_1 : Operation 18 [1/1] (0.00ns)   --->   "%br_ln173 = br i1 %icmp_ln173, void %for.inc.split, void %for.end" [softmax_accel_hls.cc:173]   --->   Operation 18 'br' 'br_ln173' <Predicate = true> <Delay = 0.00>
ST_1 : Operation 19 [1/1] (1.58ns)   --->   "%store_ln173 = store i9 %add_ln173, i9 %i" [softmax_accel_hls.cc:173]   --->   Operation 19 'store' 'store_ln173' <Predicate = (!icmp_ln173)> <Delay = 1.58>
ST_1 : Operation 31 [1/1] (0.00ns)   --->   "%sum64_load_1 = load i40 %sum64" [softmax_accel_hls.cc:180]   --->   Operation 31 'load' 'sum64_load_1' <Predicate = (icmp_ln173)> <Delay = 0.00>
ST_1 : Operation 32 [1/1] (0.00ns)   --->   "%write_ln180 = write void @_ssdm_op_Write.ap_auto.i40P0A, i40 %sum64_out, i40 %sum64_load_1" [softmax_accel_hls.cc:180]   --->   Operation 32 'write' 'write_ln180' <Predicate = (icmp_ln173)> <Delay = 0.00>
ST_1 : Operation 33 [1/1] (1.58ns)   --->   "%ret_ln181 = ret" [softmax_accel_hls.cc:181]   --->   Operation 33 'ret' 'ret_ln181' <Predicate = (icmp_ln173)> <Delay = 1.58>

State 2 <SV = 1> <Delay = 8.19>
ST_2 : Operation 20 [1/1] (0.00ns)   --->   "%sum64_load = load i40 %sum64" [softmax_accel_hls.cc:177]   --->   Operation 20 'load' 'sum64_load' <Predicate = true> <Delay = 0.00>
ST_2 : Operation 21 [1/1] (0.00ns)   --->   "%zext_ln173 = zext i9 %i_5" [softmax_accel_hls.cc:173]   --->   Operation 21 'zext' 'zext_ln173' <Predicate = true> <Delay = 0.00>
ST_2 : Operation 22 [1/1] (0.00ns)   --->   "%specpipeline_ln174 = specpipeline void @_ssdm_op_SpecPipeline, i32 1, i32 0, i32 0, i32 0, void @empty_2" [softmax_accel_hls.cc:174]   --->   Operation 22 'specpipeline' 'specpipeline_ln174' <Predicate = true> <Delay = 0.00>
ST_2 : Operation 23 [1/1] (0.00ns)   --->   "%specloopname_ln173 = specloopname void @_ssdm_op_SpecLoopName, void @empty_19" [softmax_accel_hls.cc:173]   --->   Operation 23 'specloopname' 'specloopname_ln173' <Predicate = true> <Delay = 0.00>
ST_2 : Operation 24 [1/1] ( I:3.72ns O:3.72ns )   --->   "%exp_q16 = read i32 @_ssdm_op_Read.ap_fifo.volatile.i32P0A, i32 %exp_stream" [softmax_accel_hls.cc:175]   --->   Operation 24 'read' 'exp_q16' <Predicate = true> <Delay = 3.72> <CoreInst = "FIFO_SRL">   --->   Core 80 'FIFO_SRL' <Latency = 0> <II = 1> <Delay = 3.72> <Storage> <Opcode : 'read' 'write' 'nbread' 'nbwrite'> <Ports = 0> <Width = 32> <Depth = 32> <FIFO>
ST_2 : Operation 25 [1/1] (0.00ns)   --->   "%exp_buf_addr = getelementptr i32 %exp_buf, i64 0, i64 %zext_ln173" [softmax_accel_hls.cc:176]   --->   Operation 25 'getelementptr' 'exp_buf_addr' <Predicate = true> <Delay = 0.00>
ST_2 : Operation 26 [1/1] ( I:3.25ns O:3.25ns )   --->   "%store_ln176 = store i32 %exp_q16, i8 %exp_buf_addr" [softmax_accel_hls.cc:176]   --->   Operation 26 'store' 'store_ln176' <Predicate = true> <Delay = 3.25> <CoreInst = "RAM_1P_BRAM">   --->   Core 87 'RAM_1P_BRAM' <Latency = 1> <II = 1> <Delay = 3.25> <Storage> <Opcode : 'load' 'store'> <Ports = 1> <Width = 32> <Depth = 256> <RAM>
ST_2 : Operation 27 [1/1] (0.00ns)   --->   "%zext_ln177 = zext i32 %exp_q16" [softmax_accel_hls.cc:177]   --->   Operation 27 'zext' 'zext_ln177' <Predicate = true> <Delay = 0.00>
ST_2 : Operation 28 [1/1] (2.87ns)   --->   "%sum64_1 = add i40 %zext_ln177, i40 %sum64_load" [softmax_accel_hls.cc:177]   --->   Operation 28 'add' 'sum64_1' <Predicate = true> <Delay = 2.87> <CoreInst = "Adder">   --->   Core 1 'Adder' <Latency = 0> <II = 1> <Delay = 2.87> <FuncUnit> <Opcode : 'add' 'sub'> <InPorts = 2> <OutPorts = 1>
ST_2 : Operation 29 [1/1] (1.58ns)   --->   "%store_ln170 = store i40 %sum64_1, i40 %sum64" [softmax_accel_hls.cc:170]   --->   Operation 29 'store' 'store_ln170' <Predicate = true> <Delay = 1.58>
ST_2 : Operation 30 [1/1] (0.00ns)   --->   "%br_ln173 = br void %for.inc" [softmax_accel_hls.cc:173]   --->   Operation 30 'br' 'br_ln173' <Predicate = true> <Delay = 0.00>


============================================================
+ Verbose Summary: Binding
============================================================
STG Binding: 
---------------- STG Properties BEGIN ----------------
- Is combinational: 0
- Is one-state seq: 0
- Is datapath-only: 0
- Is pipelined: 0
- Is top level: 0
Port [ Return ] is wired: 1; IO mode=ap_ctrl_hs:ce=0
Port [ exp_stream]:  wired=1; compound=1; hidden=0; nouse=0; global=0; static=0; extern=0; dir=0; type=3; pingpong=0; private_global=0; IO mode=ap_fifo:ce=0
Port [ n]:  wired=1; compound=0; hidden=0; nouse=0; global=0; static=0; extern=0; dir=0; type=0; pingpong=0; private_global=0; IO mode=ap_stable:ce=0
Port [ exp_buf]:  wired=1; compound=1; hidden=0; nouse=0; global=0; static=0; extern=0; dir=1; type=1; pingpong=0; private_global=0; MemPort=[0]; IO mode=ap_memory:ce=0
Port [ sum64_out]:  wired=1; compound=0; hidden=0; nouse=0; global=0; static=0; extern=0; dir=1; type=0; pingpong=0; private_global=0; IO mode=ap_vld:ce=0
---------------- STG Properties END ------------------

---------------- Datapath Model BEGIN ----------------

<LifeTime>
<method=bitvector/>
sum64                 (alloca           ) [ 011]
i                     (alloca           ) [ 010]
specstablecontent_ln0 (specstablecontent) [ 000]
n_read                (read             ) [ 000]
specmemcore_ln0       (specmemcore      ) [ 000]
specinterface_ln0     (specinterface    ) [ 000]
store_ln173           (store            ) [ 000]
store_ln170           (store            ) [ 000]
br_ln173              (br               ) [ 000]
i_5                   (load             ) [ 011]
icmp_ln173            (icmp             ) [ 010]
empty                 (speclooptripcount) [ 000]
add_ln173             (add              ) [ 000]
br_ln173              (br               ) [ 000]
store_ln173           (store            ) [ 000]
sum64_load            (load             ) [ 000]
zext_ln173            (zext             ) [ 000]
specpipeline_ln174    (specpipeline     ) [ 000]
specloopname_ln173    (specloopname     ) [ 000]
exp_q16               (read             ) [ 000]
exp_buf_addr          (getelementptr    ) [ 000]
store_ln176           (store            ) [ 000]
zext_ln177            (zext             ) [ 000]
sum64_1               (add              ) [ 000]
store_ln170           (store            ) [ 000]
br_ln173              (br               ) [ 000]
sum64_load_1          (load             ) [ 000]
write_ln180           (write            ) [ 000]
ret_ln181             (ret              ) [ 000]
</LifeTime>

<model>

<comp_list>
<comp id="0" class="1000" name="exp_stream">
<pin_list>
<pin id="1" dir="1" index="0" bw="1" slack="0"/>
</pin_list>
<bind>
<StgValue><ssdm name="exp_stream"/></StgValue>
</bind>
</comp>

<comp id="2" class="1000" name="n">
<pin_list>
<pin id="3" dir="1" index="0" bw="1" slack="0"/>
</pin_list>
<bind>
<StgValue><ssdm name="n"/></StgValue>
</bind>
</comp>

<comp id="4" class="1000" name="exp_buf">
<pin_list>
<pin id="5" dir="1" index="0" bw="1" slack="0"/>
</pin_list>
<bind>
<StgValue><ssdm name="exp_buf"/><MemPortTyVec>0 </MemPortTyVec>
</StgValue>
</bind>
</comp>

<comp id="6" class="1000" name="sum64_out">
<pin_list>
<pin id="7" dir="1" index="0" bw="1" slack="0"/>
</pin_list>
<bind>
<StgValue><ssdm name="sum64_out"/></StgValue>
</bind>
</comp>

<comp id="8" class="1001" name="const_8">
<pin_list>
<pin id="9" dir="1" index="0" bw="1" slack="0"/>
</pin_list>
<bind>
<StgValue><ssdm name=""/></StgValue>
</bind>
</comp>

<comp id="10" class="1001" name="const_10">
<pin_list>
<pin id="11" dir="1" index="0" bw="1" slack="2147483647"/>
</pin_list>
<bind>
<StgValue><ssdm name="_ssdm_op_SpecStableContent"/></StgValue>
</bind>
</comp>

<comp id="12" class="1001" name="const_12">
<pin_list>
<pin id="13" dir="1" index="0" bw="1" slack="2147483647"/>
</pin_list>
<bind>
<StgValue><ssdm name=""/></StgValue>
</bind>
</comp>

<comp id="14" class="1001" name="const_14">
<pin_list>
<pin id="15" dir="1" index="0" bw="1" slack="2147483647"/>
</pin_list>
<bind>
<StgValue><ssdm name="p_str"/></StgValue>
</bind>
</comp>

<comp id="16" class="1001" name="const_16">
<pin_list>
<pin id="17" dir="1" index="0" bw="1" slack="0"/>
</pin_list>
<bind>
<StgValue><ssdm name="_ssdm_op_Read.ap_auto.i9"/></StgValue>
</bind>
</comp>

<comp id="18" class="1001" name="const_18">
<pin_list>
<pin id="19" dir="1" index="0" bw="1" slack="2147483647"/>
</pin_list>
<bind>
<StgValue><ssdm name="_ssdm_op_SpecMemCore"/></StgValue>
</bind>
</comp>

<comp id="20" class="1001" name="const_20">
<pin_list>
<pin id="21" dir="1" index="0" bw="1" slack="2147483647"/>
</pin_list>
<bind>
<StgValue><ssdm name=""/></StgValue>
</bind>
</comp>

<comp id="22" class="1001" name="const_22">
<pin_list>
<pin id="23" dir="1" index="0" bw="1" slack="2147483647"/>
</pin_list>
<bind>
<StgValue><ssdm name=""/></StgValue>
</bind>
</comp>

<comp id="24" class="1001" name="const_24">
<pin_list>
<pin id="25" dir="1" index="0" bw="1" slack="2147483647"/>
</pin_list>
<bind>
<StgValue><ssdm name=""/></StgValue>
</bind>
</comp>

<comp id="26" class="1001" name="const_26">
<pin_list>
<pin id="27" dir="1" index="0" bw="1" slack="2147483647"/>
</pin_list>
<bind>
<StgValue><ssdm name="_ssdm_op_SpecInterface"/></StgValue>
</bind>
</comp>

<comp id="28" class="1001" name="const_28">
<pin_list>
<pin id="29" dir="1" index="0" bw="1" slack="2147483647"/>
</pin_list>
<bind>
<StgValue><ssdm name="empty"/></StgValue>
</bind>
</comp>

<comp id="30" class="1001" name="const_30">
<pin_list>
<pin id="31" dir="1" index="0" bw="1" slack="2147483647"/>
</pin_list>
<bind>
<StgValue><ssdm name=""/></StgValue>
</bind>
</comp>

<comp id="32" class="1001" name="const_32">
<pin_list>
<pin id="33" dir="1" index="0" bw="1" slack="2147483647"/>
</pin_list>
<bind>
<StgValue><ssdm name="empty_2"/></StgValue>
</bind>
</comp>

<comp id="34" class="1001" name="const_34">
<pin_list>
<pin id="35" dir="1" index="0" bw="1" slack="2147483647"/>
</pin_list>
<bind>
<StgValue><ssdm name=""/></StgValue>
</bind>
</comp>

<comp id="36" class="1001" name="const_36">
<pin_list>
<pin id="37" dir="1" index="0" bw="1" slack="0"/>
</pin_list>
<bind>
<StgValue><ssdm name=""/></StgValue>
</bind>
</comp>

<comp id="38" class="1001" name="const_38">
<pin_list>
<pin id="39" dir="1" index="0" bw="1" slack="0"/>
</pin_list>
<bind>
<StgValue><ssdm name=""/></StgValue>
</bind>
</comp>

<comp id="40" class="1001" name="const_40">
<pin_list>
<pin id="41" dir="1" index="0" bw="1" slack="2147483647"/>
</pin_list>
<bind>
<StgValue><ssdm name="_ssdm_op_SpecLoopTripCount"/></StgValue>
</bind>
</comp>

<comp id="42" class="1001" name="const_42">
<pin_list>
<pin id="43" dir="1" index="0" bw="1" slack="2147483647"/>
</pin_list>
<bind>
<StgValue><ssdm name=""/></StgValue>
</bind>
</comp>

<comp id="44" class="1001" name="const_44">
<pin_list>
<pin id="45" dir="1" index="0" bw="1" slack="2147483647"/>
</pin_list>
<bind>
<StgValue><ssdm name=""/></StgValue>
</bind>
</comp>

<comp id="46" class="1001" name="const_46">
<pin_list>
<pin id="47" dir="1" index="0" bw="1" slack="0"/>
</pin_list>
<bind>
<StgValue><ssdm name=""/></StgValue>
</bind>
</comp>

<comp id="48" class="1001" name="const_48">
<pin_list>
<pin id="49" dir="1" index="0" bw="1" slack="0"/>
</pin_list>
<bind>
<StgValue><ssdm name=""/></StgValue>
</bind>
</comp>

<comp id="50" class="1001" name="const_50">
<pin_list>
<pin id="51" dir="1" index="0" bw="1" slack="2147483647"/>
</pin_list>
<bind>
<StgValue><ssdm name="_ssdm_op_SpecPipeline"/></StgValue>
</bind>
</comp>

<comp id="52" class="1001" name="const_52">
<pin_list>
<pin id="53" dir="1" index="0" bw="1" slack="2147483647"/>
</pin_list>
<bind>
<StgValue><ssdm name="_ssdm_op_SpecLoopName"/></StgValue>
</bind>
</comp>

<comp id="54" class="1001" name="const_54">
<pin_list>
<pin id="55" dir="1" index="0" bw="1" slack="2147483647"/>
</pin_list>
<bind>
<StgValue><ssdm name="empty_19"/></StgValue>
</bind>
</comp>

<comp id="56" class="1001" name="const_56">
<pin_list>
<pin id="57" dir="1" index="0" bw="1" slack="0"/>
</pin_list>
<bind>
<StgValue><ssdm name="_ssdm_op_Read.ap_fifo.volatile.i32P0A"/></StgValue>
</bind>
</comp>

<comp id="58" class="1001" name="const_58">
<pin_list>
<pin id="59" dir="1" index="0" bw="1" slack="0"/>
</pin_list>
<bind>
<StgValue><ssdm name="_ssdm_op_Write.ap_auto.i40P0A"/></StgValue>
</bind>
</comp>

<comp id="60" class="1004" name="sum64_fu_60">
<pin_list>
<pin id="61" dir="0" index="0" bw="1" slack="0"/>
<pin id="62" dir="1" index="1" bw="40" slack="0"/>
</pin_list>
<bind>
<opcode="alloca(26) " fcode="alloca"/>
<opset="sum64/1 "/>
</bind>
</comp>

<comp id="64" class="1004" name="i_fu_64">
<pin_list>
<pin id="65" dir="0" index="0" bw="1" slack="0"/>
<pin id="66" dir="1" index="1" bw="9" slack="0"/>
</pin_list>
<bind>
<opcode="alloca(26) " fcode="alloca"/>
<opset="i/1 "/>
</bind>
</comp>

<comp id="68" class="1004" name="n_read_read_fu_68">
<pin_list>
<pin id="69" dir="0" index="0" bw="9" slack="0"/>
<pin id="70" dir="0" index="1" bw="9" slack="0"/>
<pin id="71" dir="1" index="2" bw="9" slack="0"/>
</pin_list>
<bind>
<opcode="read(1150) " fcode="read"/>
<opset="n_read/1 "/>
</bind>
</comp>

<comp id="74" class="1004" name="exp_q16_read_fu_74">
<pin_list>
<pin id="75" dir="0" index="0" bw="32" slack="0"/>
<pin id="76" dir="0" index="1" bw="32" slack="0"/>
<pin id="77" dir="1" index="2" bw="32" slack="0"/>
</pin_list>
<bind>
<opcode="read(1150) " fcode="read"/>
<opset="exp_q16/2 "/>
</bind>
</comp>

<comp id="80" class="1004" name="write_ln180_write_fu_80">
<pin_list>
<pin id="81" dir="0" index="0" bw="0" slack="0"/>
<pin id="82" dir="0" index="1" bw="40" slack="0"/>
<pin id="83" dir="0" index="2" bw="40" slack="0"/>
<pin id="84" dir="1" index="3" bw="0" slack="2147483647"/>
</pin_list>
<bind>
<opcode="write(1151) " fcode="write"/>
<opset="write_ln180/1 "/>
</bind>
</comp>

<comp id="87" class="1004" name="exp_buf_addr_gep_fu_87">
<pin_list>
<pin id="88" dir="0" index="0" bw="32" slack="0"/>
<pin id="89" dir="0" index="1" bw="1" slack="0"/>
<pin id="90" dir="0" index="2" bw="9" slack="0"/>
<pin id="91" dir="1" index="3" bw="8" slack="0"/>
</pin_list>
<bind>
<opcode="getelementptr(29) " fcode="getelementptr"/>
<opset="exp_buf_addr/2 "/>
</bind>
</comp>

<comp id="94" class="1004" name="store_ln176_access_fu_94">
<pin_list>
<pin id="95" dir="0" index="0" bw="8" slack="0"/>
<pin id="96" dir="0" index="1" bw="32" slack="0"/>
<pin id="97" dir="0" index="2" bw="0" slack="2147483647"/>
<pin id="98" dir="1" index="3" bw="32" slack="2147483647"/>
</pin_list>
<bind>
<opcode="store(28) " fcode="store"/>
<opset="store_ln176/2 "/>
</bind>
</comp>

<comp id="101" class="1004" name="store_ln173_store_fu_101">
<pin_list>
<pin id="102" dir="0" index="0" bw="1" slack="0"/>
<pin id="103" dir="0" index="1" bw="9" slack="0"/>
<pin id="104" dir="1" index="2" bw="0" slack="2147483647"/>
</pin_list>
<bind>
<opcode="store(28) " fcode="store"/>
<opset="store_ln173/1 "/>
</bind>
</comp>

<comp id="106" class="1004" name="store_ln170_store_fu_106">
<pin_list>
<pin id="107" dir="0" index="0" bw="1" slack="0"/>
<pin id="108" dir="0" index="1" bw="40" slack="0"/>
<pin id="109" dir="1" index="2" bw="0" slack="2147483647"/>
</pin_list>
<bind>
<opcode="store(28) " fcode="store"/>
<opset="store_ln170/1 "/>
</bind>
</comp>

<comp id="111" class="1004" name="i_5_load_fu_111">
<pin_list>
<pin id="112" dir="0" index="0" bw="9" slack="0"/>
<pin id="113" dir="1" index="1" bw="9" slack="0"/>
</pin_list>
<bind>
<opcode="load(27) " fcode="load"/>
<opset="i_5/1 "/>
</bind>
</comp>

<comp id="114" class="1004" name="icmp_ln173_fu_114">
<pin_list>
<pin id="115" dir="0" index="0" bw="9" slack="0"/>
<pin id="116" dir="0" index="1" bw="9" slack="0"/>
<pin id="117" dir="1" index="2" bw="1" slack="2147483647"/>
</pin_list>
<bind>
<opcode="icmp(45) " fcode="icmp"/>
<opset="icmp_ln173/1 "/>
</bind>
</comp>

<comp id="120" class="1004" name="add_ln173_fu_120">
<pin_list>
<pin id="121" dir="0" index="0" bw="9" slack="0"/>
<pin id="122" dir="0" index="1" bw="1" slack="0"/>
<pin id="123" dir="1" index="2" bw="9" slack="0"/>
</pin_list>
<bind>
<opcode="add(8) " fcode="add"/>
<opset="add_ln173/1 "/>
</bind>
</comp>

<comp id="126" class="1004" name="store_ln173_store_fu_126">
<pin_list>
<pin id="127" dir="0" index="0" bw="9" slack="0"/>
<pin id="128" dir="0" index="1" bw="9" slack="0"/>
<pin id="129" dir="1" index="2" bw="0" slack="2147483647"/>
</pin_list>
<bind>
<opcode="store(28) " fcode="store"/>
<opset="store_ln173/1 "/>
</bind>
</comp>

<comp id="131" class="1004" name="sum64_load_load_fu_131">
<pin_list>
<pin id="132" dir="0" index="0" bw="40" slack="1"/>
<pin id="133" dir="1" index="1" bw="40" slack="0"/>
</pin_list>
<bind>
<opcode="load(27) " fcode="load"/>
<opset="sum64_load/2 "/>
</bind>
</comp>

<comp id="134" class="1004" name="zext_ln173_fu_134">
<pin_list>
<pin id="135" dir="0" index="0" bw="9" slack="1"/>
<pin id="136" dir="1" index="1" bw="64" slack="0"/>
</pin_list>
<bind>
<opcode="zext(34) " fcode="zext"/>
<opset="zext_ln173/2 "/>
</bind>
</comp>

<comp id="138" class="1004" name="zext_ln177_fu_138">
<pin_list>
<pin id="139" dir="0" index="0" bw="32" slack="0"/>
<pin id="140" dir="1" index="1" bw="40" slack="0"/>
</pin_list>
<bind>
<opcode="zext(34) " fcode="zext"/>
<opset="zext_ln177/2 "/>
</bind>
</comp>

<comp id="142" class="1004" name="sum64_1_fu_142">
<pin_list>
<pin id="143" dir="0" index="0" bw="32" slack="0"/>
<pin id="144" dir="0" index="1" bw="40" slack="0"/>
<pin id="145" dir="1" index="2" bw="40" slack="0"/>
</pin_list>
<bind>
<opcode="add(8) " fcode="add"/>
<opset="sum64_1/2 "/>
</bind>
</comp>

<comp id="148" class="1004" name="store_ln170_store_fu_148">
<pin_list>
<pin id="149" dir="0" index="0" bw="40" slack="0"/>
<pin id="150" dir="0" index="1" bw="40" slack="1"/>
<pin id="151" dir="1" index="2" bw="0" slack="2147483647"/>
</pin_list>
<bind>
<opcode="store(28) " fcode="store"/>
<opset="store_ln170/2 "/>
</bind>
</comp>

<comp id="153" class="1004" name="sum64_load_1_load_fu_153">
<pin_list>
<pin id="154" dir="0" index="0" bw="40" slack="0"/>
<pin id="155" dir="1" index="1" bw="40" slack="0"/>
</pin_list>
<bind>
<opcode="load(27) " fcode="load"/>
<opset="sum64_load_1/1 "/>
</bind>
</comp>

<comp id="157" class="1005" name="sum64_reg_157">
<pin_list>
<pin id="158" dir="0" index="0" bw="40" slack="0"/>
<pin id="159" dir="1" index="1" bw="40" slack="0"/>
</pin_list>
<bind>
<opset="sum64 "/>
</bind>
</comp>

<comp id="165" class="1005" name="i_reg_165">
<pin_list>
<pin id="166" dir="0" index="0" bw="9" slack="0"/>
<pin id="167" dir="1" index="1" bw="9" slack="0"/>
</pin_list>
<bind>
<opset="i "/>
</bind>
</comp>

<comp id="172" class="1005" name="i_5_reg_172">
<pin_list>
<pin id="173" dir="0" index="0" bw="9" slack="1"/>
<pin id="174" dir="1" index="1" bw="9" slack="1"/>
</pin_list>
<bind>
<opset="i_5 "/>
</bind>
</comp>

</comp_list>

<net_list>
<net id="63"><net_src comp="8" pin="0"/><net_sink comp="60" pin=0"/></net>

<net id="67"><net_src comp="8" pin="0"/><net_sink comp="64" pin=0"/></net>

<net id="72"><net_src comp="16" pin="0"/><net_sink comp="68" pin=0"/></net>

<net id="73"><net_src comp="2" pin="0"/><net_sink comp="68" pin=1"/></net>

<net id="78"><net_src comp="56" pin="0"/><net_sink comp="74" pin=0"/></net>

<net id="79"><net_src comp="0" pin="0"/><net_sink comp="74" pin=1"/></net>

<net id="85"><net_src comp="58" pin="0"/><net_sink comp="80" pin=0"/></net>

<net id="86"><net_src comp="6" pin="0"/><net_sink comp="80" pin=1"/></net>

<net id="92"><net_src comp="4" pin="0"/><net_sink comp="87" pin=0"/></net>

<net id="93"><net_src comp="46" pin="0"/><net_sink comp="87" pin=1"/></net>

<net id="99"><net_src comp="74" pin="2"/><net_sink comp="94" pin=1"/></net>

<net id="100"><net_src comp="87" pin="3"/><net_sink comp="94" pin=0"/></net>

<net id="105"><net_src comp="36" pin="0"/><net_sink comp="101" pin=0"/></net>

<net id="110"><net_src comp="38" pin="0"/><net_sink comp="106" pin=0"/></net>

<net id="118"><net_src comp="111" pin="1"/><net_sink comp="114" pin=0"/></net>

<net id="119"><net_src comp="68" pin="2"/><net_sink comp="114" pin=1"/></net>

<net id="124"><net_src comp="111" pin="1"/><net_sink comp="120" pin=0"/></net>

<net id="125"><net_src comp="48" pin="0"/><net_sink comp="120" pin=1"/></net>

<net id="130"><net_src comp="120" pin="2"/><net_sink comp="126" pin=0"/></net>

<net id="137"><net_src comp="134" pin="1"/><net_sink comp="87" pin=2"/></net>

<net id="141"><net_src comp="74" pin="2"/><net_sink comp="138" pin=0"/></net>

<net id="146"><net_src comp="138" pin="1"/><net_sink comp="142" pin=0"/></net>

<net id="147"><net_src comp="131" pin="1"/><net_sink comp="142" pin=1"/></net>

<net id="152"><net_src comp="142" pin="2"/><net_sink comp="148" pin=0"/></net>

<net id="156"><net_src comp="153" pin="1"/><net_sink comp="80" pin=2"/></net>

<net id="160"><net_src comp="60" pin="1"/><net_sink comp="157" pin=0"/></net>

<net id="161"><net_src comp="157" pin="1"/><net_sink comp="106" pin=1"/></net>

<net id="162"><net_src comp="157" pin="1"/><net_sink comp="131" pin=0"/></net>

<net id="163"><net_src comp="157" pin="1"/><net_sink comp="148" pin=1"/></net>

<net id="164"><net_src comp="157" pin="1"/><net_sink comp="153" pin=0"/></net>

<net id="168"><net_src comp="64" pin="1"/><net_sink comp="165" pin=0"/></net>

<net id="169"><net_src comp="165" pin="1"/><net_sink comp="101" pin=1"/></net>

<net id="170"><net_src comp="165" pin="1"/><net_sink comp="111" pin=0"/></net>

<net id="171"><net_src comp="165" pin="1"/><net_sink comp="126" pin=1"/></net>

<net id="175"><net_src comp="111" pin="1"/><net_sink comp="172" pin=0"/></net>

<net id="176"><net_src comp="172" pin="1"/><net_sink comp="134" pin=0"/></net>

</net_list>

</model> 
---------------- Datapath Model END ------------------

* FSMD analyzer results:
  - Output states:
	Port: exp_buf | {2 }
	Port: sum64_out | {1 }
 - Input state : 
	Port: cache_exp_stream : exp_stream | {2 }
	Port: cache_exp_stream : n | {1 }
	Port: cache_exp_stream : exp_buf | {}
	Port: cache_exp_stream : sum64_out | {}
  - Chain level:
	State 1
		store_ln173 : 1
		store_ln170 : 1
		i_5 : 1
		icmp_ln173 : 2
		add_ln173 : 2
		br_ln173 : 3
		store_ln173 : 3
		sum64_load_1 : 1
		write_ln180 : 2
	State 2
		exp_buf_addr : 1
		store_ln176 : 2
		sum64_1 : 1
		store_ln170 : 2


============================================================
+ Verbose Summary: Datapath Resource usage 
============================================================

* Functional unit list:
|----------|-------------------------|---------|---------|
| Operation|     Functional Unit     |    FF   |   LUT   |
|----------|-------------------------|---------|---------|
|    add   |     add_ln173_fu_120    |    0    |    14   |
|          |      sum64_1_fu_142     |    0    |    47   |
|----------|-------------------------|---------|---------|
|   icmp   |    icmp_ln173_fu_114    |    0    |    14   |
|----------|-------------------------|---------|---------|
|   read   |    n_read_read_fu_68    |    0    |    0    |
|          |    exp_q16_read_fu_74   |    0    |    0    |
|----------|-------------------------|---------|---------|
|   write  | write_ln180_write_fu_80 |    0    |    0    |
|----------|-------------------------|---------|---------|
|   zext   |    zext_ln173_fu_134    |    0    |    0    |
|          |    zext_ln177_fu_138    |    0    |    0    |
|----------|-------------------------|---------|---------|
|   Total  |                         |    0    |    75   |
|----------|-------------------------|---------|---------|

Memories:
N/A

* Register list:
+-------------+--------+
|             |   FF   |
+-------------+--------+
| i_5_reg_172 |    9   |
|  i_reg_165  |    9   |
|sum64_reg_157|   40   |
+-------------+--------+
|    Total    |   58   |
+-------------+--------+

* Multiplexer (MUX) list: 
|--------|------|------|------|--------|
|  Comp  |  Pin | Size |  BW  | S x BW |
|--------|------|------|------|--------|
|  Total |      |      |      |    0   |
|--------|------|------|------|--------|



* Summary:
+-----------+--------+--------+
|           |   FF   |   LUT  |
+-----------+--------+--------+
|  Function |    0   |   75   |
|   Memory  |    -   |    -   |
|Multiplexer|    -   |    -   |
|  Register |   58   |    -   |
+-----------+--------+--------+
|   Total   |   58   |   75   |
+-----------+--------+--------+
