

================================================================
== Vitis HLS Report for 'emit_exp_stream'
================================================================
* Date:           Sat Mar 14 13:29:02 2026

* Version:        2025.1 (Build 6135595 on May 21 2025)
* Project:        Prometheus_streaming
* Solution:       hls (Vivado IP Flow Target)
* Product family: zynq
* Target device:  xc7z020-clg400-1


================================================================
== Performance Estimates
================================================================
+ Timing: 
    * Summary: 
    +--------+----------+----------+------------+
    |  Clock |  Target  | Estimated| Uncertainty|
    +--------+----------+----------+------------+
    |ap_clk  |  11.80 ns|  8.206 ns|     3.19 ns|
    +--------+----------+----------+------------+

+ Latency: 
    * Summary: 
    +---------+---------+----------+----------+-----+-----+------------------------------------------------+
    |  Latency (cycles) |  Latency (absolute) |  Interval |                    Pipeline                    |
    |   min   |   max   |    min   |    max   | min | max |                      Type                      |
    +---------+---------+----------+----------+-----+-----+------------------------------------------------+
    |       11|      266|  0.130 us|  3.139 us|    2|  257|  loop auto-rewind stp (delay=0 clock cycles(s))|
    +---------+---------+----------+----------+-----+-----+------------------------------------------------+

    + Detail: 
        * Instance: 
        N/A

        * Loop: 
        +-----------------+---------+---------+----------+-----------+-----------+---------+----------+
        |                 |  Latency (cycles) | Iteration|  Initiation Interval  |   Trip  |          |
        |    Loop Name    |   min   |   max   |  Latency |  achieved |   target  |  Count  | Pipelined|
        +-----------------+---------+---------+----------+-----------+-----------+---------+----------+
        |- exp_emit_loop  |        9|      264|        10|          1|          1|  1 ~ 256|       yes|
        +-----------------+---------+---------+----------+-----------+-----------+---------+----------+

============================================================
+ Verbose Summary: Synthesis Manager
============================================================
InlineROM: 1
ExposeGlobal: 0
============================================================
+ Verbose Summary: CDFG Model
============================================================
IsTopModel: 0
ResetActiveHigh: 1
IsCombinational: 2
IsDatapathOnly: 0
HasWiredReturn: 1
HasMFsm: 2
HasVarLatency: 1
IsPipeline: 0
IsRtlPipelined: 0
IsInstanceOverlapped: 0
IsDontTouch: 0
HasImplIP: 0
IsGatedGlobalClock: 0

+ Individual pipeline summary: 
  * Pipeline-0: initiation interval (II) = 1, depth = 10


============================================================
+ Verbose Summary: Schedule
============================================================
* Number of FSM states : 10
* Pipeline : 1
  Pipeline-0 : II = 1, D = 10, States = { 1 2 3 4 5 6 7 8 9 10 }
* Dataflow Pipeline: 0

* FSM state transitions: 
1 --> 2 
2 --> 3 
3 --> 4 
4 --> 5 
5 --> 6 
6 --> 7 
7 --> 8 
8 --> 9 
9 --> 10 
10 --> 

* FSM state operations: 

State 1 <SV = 0> <Delay = 4.99>
ST_1 : Operation 13 [1/1] (0.00ns)   --->   "%i = alloca i32 1" [softmax_accel_hls.cc:155]   --->   Operation 13 'alloca' 'i' <Predicate = true> <Delay = 0.00>
ST_1 : Operation 14 [1/1] (0.00ns)   --->   "%specstablecontent_ln0 = specstablecontent void @_ssdm_op_SpecStableContent, i32 %max_x, i1 1, void @p_str"   --->   Operation 14 'specstablecontent' 'specstablecontent_ln0' <Predicate = true> <Delay = 0.00>
ST_1 : Operation 15 [1/1] (0.00ns)   --->   "%specstablecontent_ln0 = specstablecontent void @_ssdm_op_SpecStableContent, i9 %n, i1 1, void @p_str"   --->   Operation 15 'specstablecontent' 'specstablecontent_ln0' <Predicate = true> <Delay = 0.00>
ST_1 : Operation 16 [1/1] (0.00ns)   --->   "%specstablecontent_ln0 = specstablecontent void @_ssdm_op_SpecStableContent, i32 %logits_buf, i1 1, void @p_str"   --->   Operation 16 'specstablecontent' 'specstablecontent_ln0' <Predicate = true> <Delay = 0.00>
ST_1 : Operation 17 [1/1] (0.00ns)   --->   "%max_x_read = read i32 @_ssdm_op_Read.ap_auto.i32, i32 %max_x"   --->   Operation 17 'read' 'max_x_read' <Predicate = true> <Delay = 0.00>
ST_1 : Operation 18 [1/1] (0.00ns)   --->   "%n_read = read i9 @_ssdm_op_Read.ap_auto.i9, i9 %n"   --->   Operation 18 'read' 'n_read' <Predicate = true> <Delay = 0.00>
ST_1 : Operation 19 [1/1] (0.00ns)   --->   "%specmemcore_ln0 = specmemcore void @_ssdm_op_SpecMemCore, i32 %logits_buf, i64 666, i64 18, i64 18446744073709551615"   --->   Operation 19 'specmemcore' 'specmemcore_ln0' <Predicate = true> <Delay = 0.00>
ST_1 : Operation 20 [1/1] (0.00ns)   --->   "%specinterface_ln0 = specinterface void @_ssdm_op_SpecInterface, i32 %exp_stream, void @empty, i32 0, i32 0, void @empty_2, i32 0, i32 0, void @empty_2, void @empty_2, void @empty_2, i32 0, i32 0, i32 0, i32 0, void @empty_2, void @empty_2, i32 4294967295, i32 0, i32 0"   --->   Operation 20 'specinterface' 'specinterface_ln0' <Predicate = true> <Delay = 0.00>
ST_1 : Operation 21 [1/1] (1.58ns)   --->   "%store_ln155 = store i9 0, i9 %i" [softmax_accel_hls.cc:155]   --->   Operation 21 'store' 'store_ln155' <Predicate = true> <Delay = 1.58>
ST_1 : Operation 22 [1/1] (0.00ns)   --->   "%br_ln155 = br void %for.body" [softmax_accel_hls.cc:155]   --->   Operation 22 'br' 'br_ln155' <Predicate = true> <Delay = 0.00>
ST_1 : Operation 23 [1/1] (0.00ns)   --->   "%i_4 = load i9 %i" [softmax_accel_hls.cc:155]   --->   Operation 23 'load' 'i_4' <Predicate = true> <Delay = 0.00>
ST_1 : Operation 24 [1/1] (1.82ns)   --->   "%icmp_ln155 = icmp_eq  i9 %i_4, i9 %n_read" [softmax_accel_hls.cc:155]   --->   Operation 24 'icmp' 'icmp_ln155' <Predicate = true> <Delay = 1.82> <CoreInst = "Cmp">   --->   Core 9 'Cmp' <Latency = 0> <II = 1> <Delay = 1.82> <FuncUnit> <Opcode : 'seteq' 'setne' 'setle' 'setge' 'setlt' 'setgt'> <InPorts = 2> <OutPorts = 1>
ST_1 : Operation 25 [1/1] (0.00ns)   --->   "%empty = speclooptripcount i32 @_ssdm_op_SpecLoopTripCount, i64 1, i64 256, i64 0"   --->   Operation 25 'speclooptripcount' 'empty' <Predicate = true> <Delay = 0.00>
ST_1 : Operation 26 [1/1] (1.82ns)   --->   "%add_ln155 = add i9 %i_4, i9 1" [softmax_accel_hls.cc:155]   --->   Operation 26 'add' 'add_ln155' <Predicate = true> <Delay = 1.82> <CoreInst = "Adder">   --->   Core 1 'Adder' <Latency = 0> <II = 1> <Delay = 1.82> <FuncUnit> <Opcode : 'add' 'sub'> <InPorts = 2> <OutPorts = 1>
ST_1 : Operation 27 [1/1] (0.00ns)   --->   "%br_ln155 = br i1 %icmp_ln155, void %for.body.split_ifconv, void %for.end" [softmax_accel_hls.cc:155]   --->   Operation 27 'br' 'br_ln155' <Predicate = true> <Delay = 0.00>
ST_1 : Operation 28 [1/1] (0.00ns)   --->   "%zext_ln155 = zext i9 %i_4" [softmax_accel_hls.cc:155]   --->   Operation 28 'zext' 'zext_ln155' <Predicate = (!icmp_ln155)> <Delay = 0.00>
ST_1 : Operation 29 [1/1] (0.00ns)   --->   "%logits_buf_addr = getelementptr i32 %logits_buf, i64 0, i64 %zext_ln155" [softmax_accel_hls.cc:157]   --->   Operation 29 'getelementptr' 'logits_buf_addr' <Predicate = (!icmp_ln155)> <Delay = 0.00>
ST_1 : Operation 30 [2/2] (3.25ns)   --->   "%logits_buf_load = load i8 %logits_buf_addr" [softmax_accel_hls.cc:157]   --->   Operation 30 'load' 'logits_buf_load' <Predicate = (!icmp_ln155)> <Delay = 3.25> <CoreInst = "RAM_1P_BRAM">   --->   Core 87 'RAM_1P_BRAM' <Latency = 1> <II = 1> <Delay = 3.25> <Storage> <Opcode : 'load' 'store'> <Ports = 1> <Width = 32> <Depth = 256> <RAM>
ST_1 : Operation 31 [1/1] (1.58ns)   --->   "%store_ln155 = store i9 %add_ln155, i9 %i" [softmax_accel_hls.cc:155]   --->   Operation 31 'store' 'store_ln155' <Predicate = (!icmp_ln155)> <Delay = 1.58>

State 2 <SV = 1> <Delay = 5.80>
ST_2 : Operation 32 [1/2] ( I:3.25ns O:3.25ns )   --->   "%logits_buf_load = load i8 %logits_buf_addr" [softmax_accel_hls.cc:157]   --->   Operation 32 'load' 'logits_buf_load' <Predicate = true> <Delay = 3.25> <CoreInst = "RAM_1P_BRAM">   --->   Core 87 'RAM_1P_BRAM' <Latency = 1> <II = 1> <Delay = 3.25> <Storage> <Opcode : 'load' 'store'> <Ports = 1> <Width = 32> <Depth = 256> <RAM>
ST_2 : Operation 33 [1/1] (2.55ns)   --->   "%centered = sub i32 %logits_buf_load, i32 %max_x_read" [softmax_accel_hls.cc:157]   --->   Operation 33 'sub' 'centered' <Predicate = true> <Delay = 2.55> <CoreInst = "Adder">   --->   Core 1 'Adder' <Latency = 0> <II = 1> <Delay = 2.55> <FuncUnit> <Opcode : 'add' 'sub'> <InPorts = 2> <OutPorts = 1>

State 3 <SV = 2> <Delay = 8.20>
ST_3 : Operation 34 [1/1] (2.55ns)   --->   "%icmp_ln56 = icmp_slt  i32 %centered, i32 4294443008" [softmax_accel_hls.cc:56->softmax_accel_hls.cc:158]   --->   Operation 34 'icmp' 'icmp_ln56' <Predicate = true> <Delay = 2.55> <CoreInst = "Cmp">   --->   Core 9 'Cmp' <Latency = 0> <II = 1> <Delay = 2.55> <FuncUnit> <Opcode : 'seteq' 'setne' 'setle' 'setge' 'setlt' 'setgt'> <InPorts = 2> <OutPorts = 1>
ST_3 : Operation 35 [1/1] (0.69ns)   --->   "%x_q16_1 = select i1 %icmp_ln56, i32 4294443008, i32 %centered" [softmax_accel_hls.cc:56->softmax_accel_hls.cc:158]   --->   Operation 35 'select' 'x_q16_1' <Predicate = true> <Delay = 0.69> <CoreInst = "Sel">   --->   Core 73 'Sel' <Latency = 0> <II = 1> <Delay = 0.69> <FuncUnit> <Opcode : 'select'> <InPorts = 3> <OutPorts = 1>
ST_3 : Operation 36 [1/1] (0.00ns)   --->   "%tmp = bitconcatenate i49 @_ssdm_op_BitConcatenate.i49.i32.i17, i32 %x_q16_1, i17 0" [softmax_accel_hls.cc:58->softmax_accel_hls.cc:158]   --->   Operation 36 'bitconcatenate' 'tmp' <Predicate = true> <Delay = 0.00>
ST_3 : Operation 37 [1/1] (0.00ns)   --->   "%sext_ln58 = sext i49 %tmp" [softmax_accel_hls.cc:58->softmax_accel_hls.cc:158]   --->   Operation 37 'sext' 'sext_ln58' <Predicate = true> <Delay = 0.00>
ST_3 : Operation 38 [1/1] (0.00ns)   --->   "%tmp_65 = bitconcatenate i47 @_ssdm_op_BitConcatenate.i47.i32.i15, i32 %x_q16_1, i15 0" [softmax_accel_hls.cc:58->softmax_accel_hls.cc:158]   --->   Operation 38 'bitconcatenate' 'tmp_65' <Predicate = true> <Delay = 0.00>
ST_3 : Operation 39 [1/1] (0.00ns)   --->   "%sext_ln58_1 = sext i47 %tmp_65" [softmax_accel_hls.cc:58->softmax_accel_hls.cc:158]   --->   Operation 39 'sext' 'sext_ln58_1' <Predicate = true> <Delay = 0.00>
ST_3 : Operation 40 [1/1] (0.00ns) (grouped into TernaryAdder)   --->   "%sub_ln58 = sub i50 %sext_ln58, i50 %sext_ln58_1" [softmax_accel_hls.cc:58->softmax_accel_hls.cc:158]   --->   Operation 40 'sub' 'sub_ln58' <Predicate = true> <Delay = 0.00> <CoreInst = "TAddSub">   --->   Core 10 'TAddSub' <Latency = 0> <II = 1> <Delay = 2.47> <IPBlock> <Opcode : 'add' 'sub'> <InPorts = 3> <OutPorts = 1> <Sync> <CReg>
ST_3 : Operation 41 [1/1] (0.00ns)   --->   "%tmp_66 = bitconcatenate i44 @_ssdm_op_BitConcatenate.i44.i32.i12, i32 %x_q16_1, i12 0" [softmax_accel_hls.cc:58->softmax_accel_hls.cc:158]   --->   Operation 41 'bitconcatenate' 'tmp_66' <Predicate = true> <Delay = 0.00>
ST_3 : Operation 42 [1/1] (0.00ns)   --->   "%sext_ln58_2 = sext i44 %tmp_66" [softmax_accel_hls.cc:58->softmax_accel_hls.cc:158]   --->   Operation 42 'sext' 'sext_ln58_2' <Predicate = true> <Delay = 0.00>
ST_3 : Operation 43 [1/1] (4.95ns) (root node of TernaryAdder)   --->   "%sub_ln58_1 = sub i50 %sub_ln58, i50 %sext_ln58_2" [softmax_accel_hls.cc:58->softmax_accel_hls.cc:158]   --->   Operation 43 'sub' 'sub_ln58_1' <Predicate = true> <Delay = 4.95> <CoreInst = "TAddSub">   --->   Core 10 'TAddSub' <Latency = 0> <II = 1> <Delay = 2.47> <IPBlock> <Opcode : 'add' 'sub'> <InPorts = 3> <OutPorts = 1> <Sync> <CReg>

State 4 <SV = 3> <Delay = 4.95>
ST_4 : Operation 44 [1/1] (0.00ns)   --->   "%tmp_67 = bitconcatenate i40 @_ssdm_op_BitConcatenate.i40.i32.i8, i32 %x_q16_1, i8 0" [softmax_accel_hls.cc:58->softmax_accel_hls.cc:158]   --->   Operation 44 'bitconcatenate' 'tmp_67' <Predicate = true> <Delay = 0.00>
ST_4 : Operation 45 [1/1] (0.00ns)   --->   "%sext_ln58_3 = sext i40 %tmp_67" [softmax_accel_hls.cc:58->softmax_accel_hls.cc:158]   --->   Operation 45 'sext' 'sext_ln58_3' <Predicate = true> <Delay = 0.00>
ST_4 : Operation 46 [1/1] (0.00ns) (grouped into TernaryAdder)   --->   "%add_ln58 = add i50 %sub_ln58_1, i50 %sext_ln58_3" [softmax_accel_hls.cc:58->softmax_accel_hls.cc:158]   --->   Operation 46 'add' 'add_ln58' <Predicate = true> <Delay = 0.00> <CoreInst = "TAddSub">   --->   Core 10 'TAddSub' <Latency = 0> <II = 1> <Delay = 2.47> <IPBlock> <Opcode : 'add' 'sub'> <InPorts = 3> <OutPorts = 1> <Sync> <CReg>
ST_4 : Operation 47 [1/1] (0.00ns)   --->   "%tmp_68 = bitconcatenate i38 @_ssdm_op_BitConcatenate.i38.i32.i6, i32 %x_q16_1, i6 0" [softmax_accel_hls.cc:58->softmax_accel_hls.cc:158]   --->   Operation 47 'bitconcatenate' 'tmp_68' <Predicate = true> <Delay = 0.00>
ST_4 : Operation 48 [1/1] (0.00ns)   --->   "%sext_ln58_4 = sext i38 %tmp_68" [softmax_accel_hls.cc:58->softmax_accel_hls.cc:158]   --->   Operation 48 'sext' 'sext_ln58_4' <Predicate = true> <Delay = 0.00>
ST_4 : Operation 49 [1/1] (4.95ns) (root node of TernaryAdder)   --->   "%add_ln58_1 = add i50 %add_ln58, i50 %sext_ln58_4" [softmax_accel_hls.cc:58->softmax_accel_hls.cc:158]   --->   Operation 49 'add' 'add_ln58_1' <Predicate = true> <Delay = 4.95> <CoreInst = "TAddSub">   --->   Core 10 'TAddSub' <Latency = 0> <II = 1> <Delay = 2.47> <IPBlock> <Opcode : 'add' 'sub'> <InPorts = 3> <OutPorts = 1> <Sync> <CReg>

State 5 <SV = 4> <Delay = 6.50>
ST_5 : Operation 50 [1/1] (0.00ns)   --->   "%tmp_69 = bitconcatenate i36 @_ssdm_op_BitConcatenate.i36.i32.i4, i32 %x_q16_1, i4 0" [softmax_accel_hls.cc:58->softmax_accel_hls.cc:158]   --->   Operation 50 'bitconcatenate' 'tmp_69' <Predicate = true> <Delay = 0.00>
ST_5 : Operation 51 [1/1] (0.00ns)   --->   "%sext_ln58_5 = sext i36 %tmp_69" [softmax_accel_hls.cc:58->softmax_accel_hls.cc:158]   --->   Operation 51 'sext' 'sext_ln58_5' <Predicate = true> <Delay = 0.00>
ST_5 : Operation 52 [1/1] (0.00ns) (grouped into TernaryAdder)   --->   "%add_ln58_2 = add i50 %add_ln58_1, i50 %sext_ln58_5" [softmax_accel_hls.cc:58->softmax_accel_hls.cc:158]   --->   Operation 52 'add' 'add_ln58_2' <Predicate = true> <Delay = 0.00> <CoreInst = "TAddSub">   --->   Core 10 'TAddSub' <Latency = 0> <II = 1> <Delay = 2.47> <IPBlock> <Opcode : 'add' 'sub'> <InPorts = 3> <OutPorts = 1> <Sync> <CReg>
ST_5 : Operation 53 [1/1] (0.00ns)   --->   "%tmp_70 = bitconcatenate i34 @_ssdm_op_BitConcatenate.i34.i32.i2, i32 %x_q16_1, i2 0" [softmax_accel_hls.cc:58->softmax_accel_hls.cc:158]   --->   Operation 53 'bitconcatenate' 'tmp_70' <Predicate = true> <Delay = 0.00>
ST_5 : Operation 54 [1/1] (0.00ns)   --->   "%sext_ln58_6 = sext i34 %tmp_70" [softmax_accel_hls.cc:58->softmax_accel_hls.cc:158]   --->   Operation 54 'sext' 'sext_ln58_6' <Predicate = true> <Delay = 0.00>
ST_5 : Operation 55 [1/1] (4.95ns) (root node of TernaryAdder)   --->   "%t64 = add i50 %add_ln58_2, i50 %sext_ln58_6" [softmax_accel_hls.cc:58->softmax_accel_hls.cc:158]   --->   Operation 55 'add' 't64' <Predicate = true> <Delay = 4.95> <CoreInst = "TAddSub">   --->   Core 10 'TAddSub' <Latency = 0> <II = 1> <Delay = 2.47> <IPBlock> <Opcode : 'add' 'sub'> <InPorts = 3> <OutPorts = 1> <Sync> <CReg>
ST_5 : Operation 56 [1/1] (0.00ns)   --->   "%rem = partselect i12 @_ssdm_op_PartSelect.i12.i50.i32.i32, i50 %t64, i32 16, i32 27" [softmax_accel_hls.cc:59->softmax_accel_hls.cc:158]   --->   Operation 56 'partselect' 'rem' <Predicate = true> <Delay = 0.00>
ST_5 : Operation 57 [1/1] (0.00ns)   --->   "%k = partselect i16 @_ssdm_op_PartSelect.i16.i50.i32.i32, i50 %t64, i32 32, i32 47" [softmax_accel_hls.cc:61->softmax_accel_hls.cc:158]   --->   Operation 57 'partselect' 'k' <Predicate = true> <Delay = 0.00>
ST_5 : Operation 58 [1/1] (0.00ns)   --->   "%idx = partselect i4 @_ssdm_op_PartSelect.i4.i50.i32.i32, i50 %t64, i32 28, i32 31" [softmax_accel_hls.cc:64->softmax_accel_hls.cc:158]   --->   Operation 58 'partselect' 'idx' <Predicate = true> <Delay = 0.00>
ST_5 : Operation 59 [1/1] (0.00ns)   --->   "%tmp_71 = bitselect i1 @_ssdm_op_BitSelect.i1.i50.i32, i50 %t64, i32 47" [softmax_accel_hls.cc:75->softmax_accel_hls.cc:158]   --->   Operation 59 'bitselect' 'tmp_71' <Predicate = true> <Delay = 0.00>
ST_5 : Operation 60 [1/1] (0.00ns)   --->   "%tmp_72 = partselect i12 @_ssdm_op_PartSelect.i12.i50.i32.i32, i50 %t64, i32 36, i32 47" [softmax_accel_hls.cc:77->softmax_accel_hls.cc:158]   --->   Operation 60 'partselect' 'tmp_72' <Predicate = true> <Delay = 0.00>
ST_5 : Operation 61 [1/1] (1.54ns)   --->   "%icmp_ln77 = icmp_sgt  i12 %tmp_72, i12 0" [softmax_accel_hls.cc:77->softmax_accel_hls.cc:158]   --->   Operation 61 'icmp' 'icmp_ln77' <Predicate = true> <Delay = 1.54> <CoreInst = "Cmp">   --->   Core 9 'Cmp' <Latency = 0> <II = 1> <Delay = 1.54> <FuncUnit> <Opcode : 'seteq' 'setne' 'setle' 'setge' 'setlt' 'setgt'> <InPorts = 2> <OutPorts = 1>

State 6 <SV = 5> <Delay = 4.05>
ST_6 : Operation 62 [1/1] (0.00ns)   --->   "%zext_ln67_2 = zext i4 %idx" [softmax_accel_hls.cc:67->softmax_accel_hls.cc:158]   --->   Operation 62 'zext' 'zext_ln67_2' <Predicate = true> <Delay = 0.00>
ST_6 : Operation 63 [1/1] (0.00ns)   --->   "%zext_ln67 = zext i4 %idx" [softmax_accel_hls.cc:67->softmax_accel_hls.cc:158]   --->   Operation 63 'zext' 'zext_ln67' <Predicate = true> <Delay = 0.00>
ST_6 : Operation 64 [1/1] (0.00ns)   --->   "%EXP2_PTS_Q16_addr = getelementptr i18 %EXP2_PTS_Q16, i64 0, i64 %zext_ln67" [softmax_accel_hls.cc:67->softmax_accel_hls.cc:158]   --->   Operation 64 'getelementptr' 'EXP2_PTS_Q16_addr' <Predicate = true> <Delay = 0.00>
ST_6 : Operation 65 [2/2] (2.32ns)   --->   "%y0 = load i5 %EXP2_PTS_Q16_addr" [softmax_accel_hls.cc:67->softmax_accel_hls.cc:158]   --->   Operation 65 'load' 'y0' <Predicate = true> <Delay = 2.32> <CoreInst = "ROM">   --->   Core 94 'ROM' <Latency = 1> <II = 1> <Delay = 2.32> <Storage> <Opcode : 'load'> <Ports = 0> <Width = 18> <Depth = 17> <ROM>
ST_6 : Operation 66 [1/1] (1.73ns)   --->   "%add_ln68 = add i5 %zext_ln67_2, i5 1" [softmax_accel_hls.cc:68->softmax_accel_hls.cc:158]   --->   Operation 66 'add' 'add_ln68' <Predicate = true> <Delay = 1.73> <CoreInst = "Adder">   --->   Core 1 'Adder' <Latency = 0> <II = 1> <Delay = 1.73> <FuncUnit> <Opcode : 'add' 'sub'> <InPorts = 2> <OutPorts = 1>
ST_6 : Operation 67 [1/1] (0.00ns)   --->   "%zext_ln68 = zext i5 %add_ln68" [softmax_accel_hls.cc:68->softmax_accel_hls.cc:158]   --->   Operation 67 'zext' 'zext_ln68' <Predicate = true> <Delay = 0.00>
ST_6 : Operation 68 [1/1] (0.00ns)   --->   "%EXP2_PTS_Q16_addr_1 = getelementptr i18 %EXP2_PTS_Q16, i64 0, i64 %zext_ln68" [softmax_accel_hls.cc:68->softmax_accel_hls.cc:158]   --->   Operation 68 'getelementptr' 'EXP2_PTS_Q16_addr_1' <Predicate = true> <Delay = 0.00>
ST_6 : Operation 69 [2/2] (2.32ns)   --->   "%y1 = load i5 %EXP2_PTS_Q16_addr_1" [softmax_accel_hls.cc:68->softmax_accel_hls.cc:158]   --->   Operation 69 'load' 'y1' <Predicate = true> <Delay = 2.32> <CoreInst = "ROM">   --->   Core 94 'ROM' <Latency = 1> <II = 1> <Delay = 2.32> <Storage> <Opcode : 'load'> <Ports = 0> <Width = 18> <Depth = 17> <ROM>

State 7 <SV = 6> <Delay = 4.45>
ST_7 : Operation 70 [1/2] ( I:2.32ns O:2.32ns )   --->   "%y0 = load i5 %EXP2_PTS_Q16_addr" [softmax_accel_hls.cc:67->softmax_accel_hls.cc:158]   --->   Operation 70 'load' 'y0' <Predicate = true> <Delay = 2.32> <CoreInst = "ROM">   --->   Core 94 'ROM' <Latency = 1> <II = 1> <Delay = 2.32> <Storage> <Opcode : 'load'> <Ports = 0> <Width = 18> <Depth = 17> <ROM>
ST_7 : Operation 71 [1/2] ( I:2.32ns O:2.32ns )   --->   "%y1 = load i5 %EXP2_PTS_Q16_addr_1" [softmax_accel_hls.cc:68->softmax_accel_hls.cc:158]   --->   Operation 71 'load' 'y1' <Predicate = true> <Delay = 2.32> <CoreInst = "ROM">   --->   Core 94 'ROM' <Latency = 1> <II = 1> <Delay = 2.32> <Storage> <Opcode : 'load'> <Ports = 0> <Width = 18> <Depth = 17> <ROM>
ST_7 : Operation 72 [1/1] (2.13ns)   --->   "%dy = sub i18 %y1, i18 %y0" [softmax_accel_hls.cc:69->softmax_accel_hls.cc:158]   --->   Operation 72 'sub' 'dy' <Predicate = true> <Delay = 2.13> <CoreInst = "Adder">   --->   Core 1 'Adder' <Latency = 0> <II = 1> <Delay = 2.13> <FuncUnit> <Opcode : 'add' 'sub'> <InPorts = 2> <OutPorts = 1>

State 8 <SV = 7> <Delay = 7.72>
ST_8 : Operation 73 [1/1] (0.00ns)   --->   "%zext_ln67_1 = zext i18 %y0" [softmax_accel_hls.cc:67->softmax_accel_hls.cc:158]   --->   Operation 73 'zext' 'zext_ln67_1' <Predicate = true> <Delay = 0.00>
ST_8 : Operation 74 [1/1] (0.00ns)   --->   "%sext_ln71 = sext i18 %dy" [softmax_accel_hls.cc:71->softmax_accel_hls.cc:158]   --->   Operation 74 'sext' 'sext_ln71' <Predicate = true> <Delay = 0.00>
ST_8 : Operation 75 [1/1] (0.00ns)   --->   "%zext_ln71 = zext i12 %rem" [softmax_accel_hls.cc:71->softmax_accel_hls.cc:158]   --->   Operation 75 'zext' 'zext_ln71' <Predicate = true> <Delay = 0.00>
ST_8 : Operation 76 [1/1] (5.59ns)   --->   "%interp = mul i30 %zext_ln71, i30 %sext_ln71" [softmax_accel_hls.cc:71->softmax_accel_hls.cc:158]   --->   Operation 76 'mul' 'interp' <Predicate = true> <Delay = 5.59> <CoreInst = "Multiplier">   --->   Core 3 'Multiplier' <Latency = 0> <II = 1> <Delay = 5.59> <FuncUnit> <Opcode : 'mul'> <InPorts = 2> <OutPorts = 1>
ST_8 : Operation 77 [1/1] (0.00ns)   --->   "%trunc_ln = partselect i18 @_ssdm_op_PartSelect.i18.i30.i32.i32, i30 %interp, i32 12, i32 29" [softmax_accel_hls.cc:72->softmax_accel_hls.cc:158]   --->   Operation 77 'partselect' 'trunc_ln' <Predicate = true> <Delay = 0.00>
ST_8 : Operation 78 [1/1] (0.00ns)   --->   "%sext_ln72 = sext i18 %trunc_ln" [softmax_accel_hls.cc:72->softmax_accel_hls.cc:158]   --->   Operation 78 'sext' 'sext_ln72' <Predicate = true> <Delay = 0.00>
ST_8 : Operation 79 [1/1] (2.13ns)   --->   "%y_frac = add i20 %sext_ln72, i20 %zext_ln67_1" [softmax_accel_hls.cc:72->softmax_accel_hls.cc:158]   --->   Operation 79 'add' 'y_frac' <Predicate = true> <Delay = 2.13> <CoreInst = "Adder">   --->   Core 1 'Adder' <Latency = 0> <II = 1> <Delay = 2.13> <FuncUnit> <Opcode : 'add' 'sub'> <InPorts = 2> <OutPorts = 1>

State 9 <SV = 8> <Delay = 7.76>
ST_9 : Operation 80 [1/1] (0.00ns)   --->   "%sext_ln72_1 = sext i20 %y_frac" [softmax_accel_hls.cc:72->softmax_accel_hls.cc:158]   --->   Operation 80 'sext' 'sext_ln72_1' <Predicate = true> <Delay = 0.00>
ST_9 : Operation 81 [1/1] (0.00ns) (grouped into LUT with out node y)   --->   "%xor_ln75 = xor i1 %tmp_71, i1 1" [softmax_accel_hls.cc:75->softmax_accel_hls.cc:158]   --->   Operation 81 'xor' 'xor_ln75' <Predicate = true> <Delay = 0.00> <CoreInst = "LogicGate">   --->   Core 74 'LogicGate' <Latency = 0> <II = 1> <Delay = 0.97> <FuncUnit> <Opcode : 'and' 'or' 'xor'> <InPorts = 2> <OutPorts = 1>
ST_9 : Operation 82 [1/1] (0.00ns) (grouped into LUT with out node y_2)   --->   "%trunc_ln1 = partselect i4 @_ssdm_op_PartSelect.i4.i50.i32.i32, i50 %t64, i32 32, i32 35" [softmax_accel_hls.cc:76->softmax_accel_hls.cc:158]   --->   Operation 82 'partselect' 'trunc_ln1' <Predicate = (!icmp_ln77)> <Delay = 0.00>
ST_9 : Operation 83 [1/1] (0.00ns) (grouped into LUT with out node y_2)   --->   "%sh_1 = select i1 %icmp_ln77, i4 15, i4 %trunc_ln1" [softmax_accel_hls.cc:77->softmax_accel_hls.cc:158]   --->   Operation 83 'select' 'sh_1' <Predicate = true> <Delay = 0.00> <CoreInst = "Sel">   --->   Core 73 'Sel' <Latency = 0> <II = 1> <Delay = 1.02> <FuncUnit> <Opcode : 'select'> <InPorts = 3> <OutPorts = 1>
ST_9 : Operation 84 [1/1] (0.00ns) (grouped into LUT with out node y_2)   --->   "%zext_ln76 = zext i4 %sh_1" [softmax_accel_hls.cc:76->softmax_accel_hls.cc:158]   --->   Operation 84 'zext' 'zext_ln76' <Predicate = true> <Delay = 0.00>
ST_9 : Operation 85 [1/1] (4.09ns) (out node of the LUT)   --->   "%y_2 = shl i32 %sext_ln72_1, i32 %zext_ln76" [softmax_accel_hls.cc:78->softmax_accel_hls.cc:158]   --->   Operation 85 'shl' 'y_2' <Predicate = true> <Delay = 4.09> <CoreInst = "Shifter">   --->   Core 75 'Shifter' <Latency = 0> <II = 1> <Delay = 4.09> <FuncUnit> <Opcode : 'shl' 'lshr' 'ashr'> <InPorts = 2> <OutPorts = 1>
ST_9 : Operation 86 [1/1] (0.00ns)   --->   "%sext_ln80 = sext i16 %k" [softmax_accel_hls.cc:80->softmax_accel_hls.cc:158]   --->   Operation 86 'sext' 'sext_ln80' <Predicate = true> <Delay = 0.00>
ST_9 : Operation 87 [1/1] (2.07ns)   --->   "%sh_2 = sub i17 0, i17 %sext_ln80" [softmax_accel_hls.cc:80->softmax_accel_hls.cc:158]   --->   Operation 87 'sub' 'sh_2' <Predicate = true> <Delay = 2.07> <CoreInst = "Adder">   --->   Core 1 'Adder' <Latency = 0> <II = 1> <Delay = 2.07> <FuncUnit> <Opcode : 'add' 'sub'> <InPorts = 2> <OutPorts = 1>
ST_9 : Operation 88 [1/1] (0.00ns)   --->   "%zext_ln80 = zext i17 %sh_2" [softmax_accel_hls.cc:80->softmax_accel_hls.cc:158]   --->   Operation 88 'zext' 'zext_ln80' <Predicate = true> <Delay = 0.00>
ST_9 : Operation 89 [1/1] (0.00ns)   --->   "%tmp_73 = partselect i12 @_ssdm_op_PartSelect.i12.i17.i32.i32, i17 %sh_2, i32 5, i32 16" [softmax_accel_hls.cc:81->softmax_accel_hls.cc:158]   --->   Operation 89 'partselect' 'tmp_73' <Predicate = true> <Delay = 0.00>
ST_9 : Operation 90 [1/1] (1.54ns)   --->   "%icmp_ln81 = icmp_sgt  i12 %tmp_73, i12 0" [softmax_accel_hls.cc:81->softmax_accel_hls.cc:158]   --->   Operation 90 'icmp' 'icmp_ln81' <Predicate = true> <Delay = 1.54> <CoreInst = "Cmp">   --->   Core 9 'Cmp' <Latency = 0> <II = 1> <Delay = 1.54> <FuncUnit> <Opcode : 'seteq' 'setne' 'setle' 'setge' 'setlt' 'setgt'> <InPorts = 2> <OutPorts = 1>
ST_9 : Operation 91 [1/1] (4.09ns)   --->   "%y_3 = lshr i32 %sext_ln72_1, i32 %zext_ln80" [softmax_accel_hls.cc:82->softmax_accel_hls.cc:158]   --->   Operation 91 'lshr' 'y_3' <Predicate = true> <Delay = 4.09> <CoreInst = "Shifter">   --->   Core 75 'Shifter' <Latency = 0> <II = 1> <Delay = 4.09> <FuncUnit> <Opcode : 'shl' 'lshr' 'ashr'> <InPorts = 2> <OutPorts = 1>
ST_9 : Operation 92 [1/1] (0.00ns) (grouped into LUT with out node y)   --->   "%and_ln81 = and i1 %icmp_ln81, i1 %tmp_71" [softmax_accel_hls.cc:81->softmax_accel_hls.cc:158]   --->   Operation 92 'and' 'and_ln81' <Predicate = true> <Delay = 0.00> <CoreInst = "LogicGate">   --->   Core 74 'LogicGate' <Latency = 0> <II = 1> <Delay = 0.97> <FuncUnit> <Opcode : 'and' 'or' 'xor'> <InPorts = 2> <OutPorts = 1>
ST_9 : Operation 93 [1/1] (0.00ns) (grouped into LUT with out node y)   --->   "%sel_tmp2 = bitconcatenate i2 @_ssdm_op_BitConcatenate.i2.i1.i1, i1 %xor_ln75, i1 %and_ln81" [softmax_accel_hls.cc:75->softmax_accel_hls.cc:158]   --->   Operation 93 'bitconcatenate' 'sel_tmp2' <Predicate = true> <Delay = 0.00>
ST_9 : Operation 94 [1/1] (1.58ns) (out node of the LUT)   --->   "%y = sparsemux i32 @_ssdm_op_SparseMux.ap_auto.3i32.i32.i2, i2 2, i32 %y_2, i2 1, i32 0, i2 0, i32 %y_3, i32 0, i2 %sel_tmp2" [softmax_accel_hls.cc:78->softmax_accel_hls.cc:158]   --->   Operation 94 'sparsemux' 'y' <Predicate = true> <Delay = 1.58> <CoreInst = "OneHotSparseMux_HasDef">   --->   Core 140 'OneHotSparseMux_HasDef' <Latency = 0> <II = 1> <Delay = 1.58> <FuncUnit> <Opcode : 'sparsemux'> <InPorts = 2> <OutPorts = 1>
ST_9 : Operation 99 [1/1] (1.58ns)   --->   "%ret_ln161 = ret" [softmax_accel_hls.cc:161]   --->   Operation 99 'ret' 'ret_ln161' <Predicate = (icmp_ln155)> <Delay = 1.58>

State 10 <SV = 9> <Delay = 3.72>
ST_10 : Operation 95 [1/1] (0.00ns)   --->   "%specpipeline_ln156 = specpipeline void @_ssdm_op_SpecPipeline, i32 1, i32 0, i32 0, i32 0, void @empty_2" [softmax_accel_hls.cc:156]   --->   Operation 95 'specpipeline' 'specpipeline_ln156' <Predicate = true> <Delay = 0.00>
ST_10 : Operation 96 [1/1] (0.00ns)   --->   "%specloopname_ln155 = specloopname void @_ssdm_op_SpecLoopName, void @empty_18" [softmax_accel_hls.cc:155]   --->   Operation 96 'specloopname' 'specloopname_ln155' <Predicate = true> <Delay = 0.00>
ST_10 : Operation 97 [1/1] ( I:3.72ns O:3.72ns )   --->   "%write_ln159 = write void @_ssdm_op_Write.ap_fifo.volatile.i32P0A, i32 %exp_stream, i32 %y" [softmax_accel_hls.cc:159]   --->   Operation 97 'write' 'write_ln159' <Predicate = true> <Delay = 3.72> <CoreInst = "FIFO_SRL">   --->   Core 80 'FIFO_SRL' <Latency = 0> <II = 1> <Delay = 3.72> <Storage> <Opcode : 'read' 'write' 'nbread' 'nbwrite'> <Ports = 0> <Width = 32> <Depth = 32> <FIFO>
ST_10 : Operation 98 [1/1] (0.00ns)   --->   "%br_ln155 = br void %for.body" [softmax_accel_hls.cc:155]   --->   Operation 98 'br' 'br_ln155' <Predicate = true> <Delay = 0.00>


============================================================
+ Verbose Summary: Timing violations
============================================================
Target clock period: 11.800ns, clock uncertainty: 3.186ns.

 <State 1>: 4.999ns
The critical path consists of the following:
	'store' operation 0 bit ('store_ln155', softmax_accel_hls.cc:155) of constant 0 on local variable 'i', softmax_accel_hls.cc:155 [14]  (1.588 ns)
	'load' operation 9 bit ('i', softmax_accel_hls.cc:155) on local variable 'i', softmax_accel_hls.cc:155 [17]  (0.000 ns)
	'icmp' operation 1 bit ('icmp_ln155', softmax_accel_hls.cc:155) [18]  (1.823 ns)
	'store' operation 0 bit ('store_ln155', softmax_accel_hls.cc:155) of variable 'add_ln155', softmax_accel_hls.cc:155 on local variable 'i', softmax_accel_hls.cc:155 [89]  (1.588 ns)

 <State 2>: 5.806ns
The critical path consists of the following:
	'load' operation 32 bit ('logits_buf_load', softmax_accel_hls.cc:157) on array 'logits_buf' [27]  (3.254 ns)
	'sub' operation 32 bit ('centered', softmax_accel_hls.cc:157) [28]  (2.552 ns)

 <State 3>: 8.206ns
The critical path consists of the following:
	'icmp' operation 1 bit ('icmp_ln56', softmax_accel_hls.cc:56->softmax_accel_hls.cc:158) [29]  (2.552 ns)
	'select' operation 32 bit ('x_q16', softmax_accel_hls.cc:56->softmax_accel_hls.cc:158) [30]  (0.698 ns)
	'sub' operation 50 bit ('sub_ln58', softmax_accel_hls.cc:58->softmax_accel_hls.cc:158) [35]  (0.000 ns)
	'sub' operation 50 bit ('sub_ln58_1', softmax_accel_hls.cc:58->softmax_accel_hls.cc:158) [38]  (4.956 ns)

 <State 4>: 4.956ns
The critical path consists of the following:
	'add' operation 50 bit ('add_ln58', softmax_accel_hls.cc:58->softmax_accel_hls.cc:158) [41]  (0.000 ns)
	'add' operation 50 bit ('add_ln58_1', softmax_accel_hls.cc:58->softmax_accel_hls.cc:158) [44]  (4.956 ns)

 <State 5>: 6.503ns
The critical path consists of the following:
	'add' operation 50 bit ('add_ln58_2', softmax_accel_hls.cc:58->softmax_accel_hls.cc:158) [47]  (0.000 ns)
	'add' operation 50 bit ('t64', softmax_accel_hls.cc:58->softmax_accel_hls.cc:158) [50]  (4.956 ns)
	'icmp' operation 1 bit ('icmp_ln77', softmax_accel_hls.cc:77->softmax_accel_hls.cc:158) [75]  (1.547 ns)

 <State 6>: 4.057ns
The critical path consists of the following:
	'add' operation 5 bit ('add_ln68', softmax_accel_hls.cc:68->softmax_accel_hls.cc:158) [59]  (1.735 ns)
	'getelementptr' operation 5 bit ('EXP2_PTS_Q16_addr_1', softmax_accel_hls.cc:68->softmax_accel_hls.cc:158) [61]  (0.000 ns)
	'load' operation 18 bit ('y1', softmax_accel_hls.cc:68->softmax_accel_hls.cc:158) on array 'EXP2_PTS_Q16' [62]  (2.322 ns)

 <State 7>: 4.458ns
The critical path consists of the following:
	'load' operation 18 bit ('y0', softmax_accel_hls.cc:67->softmax_accel_hls.cc:158) on array 'EXP2_PTS_Q16' [57]  (2.322 ns)
	'sub' operation 18 bit ('dy', softmax_accel_hls.cc:69->softmax_accel_hls.cc:158) [63]  (2.136 ns)

 <State 8>: 7.729ns
The critical path consists of the following:
	'mul' operation 30 bit ('interp', softmax_accel_hls.cc:71->softmax_accel_hls.cc:158) [66]  (5.593 ns)
	'add' operation 20 bit ('y_frac', softmax_accel_hls.cc:72->softmax_accel_hls.cc:158) [69]  (2.136 ns)

 <State 9>: 7.761ns
The critical path consists of the following:
	'sub' operation 17 bit ('sh', softmax_accel_hls.cc:80->softmax_accel_hls.cc:158) [80]  (2.077 ns)
	'lshr' operation 32 bit ('y', softmax_accel_hls.cc:82->softmax_accel_hls.cc:158) [84]  (4.096 ns)
	'sparsemux' operation 32 bit ('y', softmax_accel_hls.cc:78->softmax_accel_hls.cc:158) [87]  (1.588 ns)

 <State 10>: 3.726ns
The critical path consists of the following:
	fifo write operation ('write_ln159', softmax_accel_hls.cc:159) on port 'exp_stream' (softmax_accel_hls.cc:159) [88]  (3.726 ns)


============================================================
+ Verbose Summary: Binding
============================================================
N/A
* FSMD analyzer results:
  - Output states:
 - Input state : 
  - Chain level:
	State 1
	State 2
	State 3
	State 4
	State 5
	State 6
	State 7
	State 8
	State 9
	State 10


============================================================
+ Verbose Summary: Datapath Resource usage 
============================================================
N/A
