

================================================================
== Vitis HLS Report for 'emit_prob_stream'
================================================================
* Date:           Sat Mar 14 13:29:02 2026

* Version:        2025.1 (Build 6135595 on May 21 2025)
* Project:        Prometheus_streaming
* Solution:       hls (Vivado IP Flow Target)
* Product family: zynq
* Target device:  xc7z020-clg400-1


================================================================
== Performance Estimates
================================================================
+ Timing: 
    * Summary: 
    +--------+----------+----------+------------+
    |  Clock |  Target  | Estimated| Uncertainty|
    +--------+----------+----------+------------+
    |ap_clk  |  11.80 ns|  8.510 ns|     3.19 ns|
    +--------+----------+----------+------------+

+ Latency: 
    * Summary: 
    +---------+---------+-----------+----------+-----+-----+------------------------------------------------+
    |  Latency (cycles) |  Latency (absolute)  |  Interval |                    Pipeline                    |
    |   min   |   max   |    min    |    max   | min | max |                      Type                      |
    +---------+---------+-----------+----------+-----+-----+------------------------------------------------+
    |        5|      260|  59.000 ns|  3.068 us|    2|  257|  loop auto-rewind stp (delay=0 clock cycles(s))|
    +---------+---------+-----------+----------+-----+-----+------------------------------------------------+

    + Detail: 
        * Instance: 
        N/A

        * Loop: 
        +------------------+---------+---------+----------+-----------+-----------+---------+----------+
        |                  |  Latency (cycles) | Iteration|  Initiation Interval  |   Trip  |          |
        |     Loop Name    |   min   |   max   |  Latency |  achieved |   target  |  Count  | Pipelined|
        +------------------+---------+---------+----------+-----------+-----------+---------+----------+
        |- prob_emit_loop  |        3|      258|         4|          1|          1|  1 ~ 256|       yes|
        +------------------+---------+---------+----------+-----------+-----------+---------+----------+

============================================================
+ Verbose Summary: Synthesis Manager
============================================================
InlineROM: 1
ExposeGlobal: 0
============================================================
+ Verbose Summary: CDFG Model
============================================================
IsTopModel: 0
ResetActiveHigh: 1
IsCombinational: 2
IsDatapathOnly: 0
HasWiredReturn: 1
HasMFsm: 2
HasVarLatency: 1
IsPipeline: 0
IsRtlPipelined: 0
IsInstanceOverlapped: 0
IsDontTouch: 0
HasImplIP: 0
IsGatedGlobalClock: 0

+ Individual pipeline summary: 
  * Pipeline-0: initiation interval (II) = 1, depth = 4


============================================================
+ Verbose Summary: Schedule
============================================================
* Number of FSM states : 4
* Pipeline : 1
  Pipeline-0 : II = 1, D = 4, States = { 1 2 3 4 }
* Dataflow Pipeline: 0

* FSM state transitions: 
1 --> 2 
2 --> 3 
3 --> 4 
4 --> 

* FSM state operations: 

State 1 <SV = 0> <Delay = 4.99>
ST_1 : Operation 7 [1/1] (0.00ns)   --->   "%i = alloca i32 1" [softmax_accel_hls.cc:207]   --->   Operation 7 'alloca' 'i' <Predicate = true> <Delay = 0.00>
ST_1 : Operation 8 [1/1] (0.00ns)   --->   "%specstablecontent_ln0 = specstablecontent void @_ssdm_op_SpecStableContent, i31 %inv_sum_q30, i1 1, void @p_str"   --->   Operation 8 'specstablecontent' 'specstablecontent_ln0' <Predicate = true> <Delay = 0.00>
ST_1 : Operation 9 [1/1] (0.00ns)   --->   "%specstablecontent_ln0 = specstablecontent void @_ssdm_op_SpecStableContent, i32 %exp_buf, i1 1, void @p_str"   --->   Operation 9 'specstablecontent' 'specstablecontent_ln0' <Predicate = true> <Delay = 0.00>
ST_1 : Operation 10 [1/1] (0.00ns)   --->   "%specstablecontent_ln0 = specstablecontent void @_ssdm_op_SpecStableContent, i9 %n, i1 1, void @p_str"   --->   Operation 10 'specstablecontent' 'specstablecontent_ln0' <Predicate = true> <Delay = 0.00>
ST_1 : Operation 11 [1/1] (0.00ns)   --->   "%inv_sum_q30_read = read i31 @_ssdm_op_Read.ap_auto.i31, i31 %inv_sum_q30"   --->   Operation 11 'read' 'inv_sum_q30_read' <Predicate = true> <Delay = 0.00>
ST_1 : Operation 12 [1/1] (0.00ns)   --->   "%n_read = read i9 @_ssdm_op_Read.ap_auto.i9, i9 %n"   --->   Operation 12 'read' 'n_read' <Predicate = true> <Delay = 0.00>
ST_1 : Operation 13 [1/1] (0.00ns)   --->   "%specmemcore_ln0 = specmemcore void @_ssdm_op_SpecMemCore, i32 %exp_buf, i64 666, i64 18, i64 18446744073709551615"   --->   Operation 13 'specmemcore' 'specmemcore_ln0' <Predicate = true> <Delay = 0.00>
ST_1 : Operation 14 [1/1] (0.00ns)   --->   "%specinterface_ln0 = specinterface void @_ssdm_op_SpecInterface, i32 %prob_stream, void @empty, i32 0, i32 0, void @empty_2, i32 0, i32 0, void @empty_2, void @empty_2, void @empty_2, i32 0, i32 0, i32 0, i32 0, void @empty_2, void @empty_2, i32 4294967295, i32 0, i32 0"   --->   Operation 14 'specinterface' 'specinterface_ln0' <Predicate = true> <Delay = 0.00>
ST_1 : Operation 15 [1/1] (0.00ns)   --->   "%inv_sum_q30_cast = zext i31 %inv_sum_q30_read"   --->   Operation 15 'zext' 'inv_sum_q30_cast' <Predicate = true> <Delay = 0.00>
ST_1 : Operation 16 [1/1] (1.58ns)   --->   "%store_ln207 = store i9 0, i9 %i" [softmax_accel_hls.cc:207]   --->   Operation 16 'store' 'store_ln207' <Predicate = true> <Delay = 1.58>
ST_1 : Operation 17 [1/1] (0.00ns)   --->   "%br_ln207 = br void %for.inc" [softmax_accel_hls.cc:207]   --->   Operation 17 'br' 'br_ln207' <Predicate = true> <Delay = 0.00>
ST_1 : Operation 18 [1/1] (0.00ns)   --->   "%i_3 = load i9 %i" [softmax_accel_hls.cc:207]   --->   Operation 18 'load' 'i_3' <Predicate = true> <Delay = 0.00>
ST_1 : Operation 19 [1/1] (1.82ns)   --->   "%icmp_ln207 = icmp_eq  i9 %i_3, i9 %n_read" [softmax_accel_hls.cc:207]   --->   Operation 19 'icmp' 'icmp_ln207' <Predicate = true> <Delay = 1.82> <CoreInst = "Cmp">   --->   Core 9 'Cmp' <Latency = 0> <II = 1> <Delay = 1.82> <FuncUnit> <Opcode : 'seteq' 'setne' 'setle' 'setge' 'setlt' 'setgt'> <InPorts = 2> <OutPorts = 1>
ST_1 : Operation 20 [1/1] (0.00ns)   --->   "%empty = speclooptripcount i32 @_ssdm_op_SpecLoopTripCount, i64 1, i64 256, i64 0"   --->   Operation 20 'speclooptripcount' 'empty' <Predicate = true> <Delay = 0.00>
ST_1 : Operation 21 [1/1] (1.82ns)   --->   "%add_ln207 = add i9 %i_3, i9 1" [softmax_accel_hls.cc:207]   --->   Operation 21 'add' 'add_ln207' <Predicate = true> <Delay = 1.82> <CoreInst = "Adder">   --->   Core 1 'Adder' <Latency = 0> <II = 1> <Delay = 1.82> <FuncUnit> <Opcode : 'add' 'sub'> <InPorts = 2> <OutPorts = 1>
ST_1 : Operation 22 [1/1] (0.00ns)   --->   "%br_ln207 = br i1 %icmp_ln207, void %for.inc.split, void %for.end" [softmax_accel_hls.cc:207]   --->   Operation 22 'br' 'br_ln207' <Predicate = true> <Delay = 0.00>
ST_1 : Operation 23 [1/1] (0.00ns)   --->   "%zext_ln207 = zext i9 %i_3" [softmax_accel_hls.cc:207]   --->   Operation 23 'zext' 'zext_ln207' <Predicate = (!icmp_ln207)> <Delay = 0.00>
ST_1 : Operation 24 [1/1] (0.00ns)   --->   "%exp_buf_addr = getelementptr i32 %exp_buf, i64 0, i64 %zext_ln207" [softmax_accel_hls.cc:209]   --->   Operation 24 'getelementptr' 'exp_buf_addr' <Predicate = (!icmp_ln207)> <Delay = 0.00>
ST_1 : Operation 25 [2/2] (3.25ns)   --->   "%exp_buf_load = load i8 %exp_buf_addr" [softmax_accel_hls.cc:209]   --->   Operation 25 'load' 'exp_buf_load' <Predicate = (!icmp_ln207)> <Delay = 3.25> <CoreInst = "RAM_1P_BRAM">   --->   Core 87 'RAM_1P_BRAM' <Latency = 1> <II = 1> <Delay = 3.25> <Storage> <Opcode : 'load' 'store'> <Ports = 1> <Width = 32> <Depth = 256> <RAM>
ST_1 : Operation 26 [1/1] (1.58ns)   --->   "%store_ln207 = store i9 %add_ln207, i9 %i" [softmax_accel_hls.cc:207]   --->   Operation 26 'store' 'store_ln207' <Predicate = (!icmp_ln207)> <Delay = 1.58>

State 2 <SV = 1> <Delay = 3.25>
ST_2 : Operation 27 [1/2] ( I:3.25ns O:3.25ns )   --->   "%exp_buf_load = load i8 %exp_buf_addr" [softmax_accel_hls.cc:209]   --->   Operation 27 'load' 'exp_buf_load' <Predicate = true> <Delay = 3.25> <CoreInst = "RAM_1P_BRAM">   --->   Core 87 'RAM_1P_BRAM' <Latency = 1> <II = 1> <Delay = 3.25> <Storage> <Opcode : 'load' 'store'> <Ports = 1> <Width = 32> <Depth = 256> <RAM>

State 3 <SV = 2> <Delay = 8.51>
ST_3 : Operation 28 [1/1] (0.00ns)   --->   "%zext_ln209 = zext i32 %exp_buf_load" [softmax_accel_hls.cc:209]   --->   Operation 28 'zext' 'zext_ln209' <Predicate = true> <Delay = 0.00>
ST_3 : Operation 29 [1/1] (8.51ns)   --->   "%prod = mul i62 %zext_ln209, i62 %inv_sum_q30_cast" [softmax_accel_hls.cc:209]   --->   Operation 29 'mul' 'prod' <Predicate = true> <Delay = 8.51> <CoreInst = "Multiplier">   --->   Core 3 'Multiplier' <Latency = 0> <II = 1> <Delay = 8.51> <FuncUnit> <Opcode : 'mul'> <InPorts = 2> <OutPorts = 1>
ST_3 : Operation 30 [1/1] (0.00ns)   --->   "%trunc_ln = partselect i32 @_ssdm_op_PartSelect.i32.i62.i32.i32, i62 %prod, i32 30, i32 61" [softmax_accel_hls.cc:210]   --->   Operation 30 'partselect' 'trunc_ln' <Predicate = true> <Delay = 0.00>
ST_3 : Operation 35 [1/1] (1.58ns)   --->   "%ret_ln212 = ret" [softmax_accel_hls.cc:212]   --->   Operation 35 'ret' 'ret_ln212' <Predicate = (icmp_ln207)> <Delay = 1.58>

State 4 <SV = 3> <Delay = 3.72>
ST_4 : Operation 31 [1/1] (0.00ns)   --->   "%specpipeline_ln208 = specpipeline void @_ssdm_op_SpecPipeline, i32 1, i32 0, i32 0, i32 0, void @empty_2" [softmax_accel_hls.cc:208]   --->   Operation 31 'specpipeline' 'specpipeline_ln208' <Predicate = true> <Delay = 0.00>
ST_4 : Operation 32 [1/1] (0.00ns)   --->   "%specloopname_ln207 = specloopname void @_ssdm_op_SpecLoopName, void @empty_17" [softmax_accel_hls.cc:207]   --->   Operation 32 'specloopname' 'specloopname_ln207' <Predicate = true> <Delay = 0.00>
ST_4 : Operation 33 [1/1] ( I:3.72ns O:3.72ns )   --->   "%write_ln210 = write void @_ssdm_op_Write.ap_fifo.volatile.i32P0A, i32 %prob_stream, i32 %trunc_ln" [softmax_accel_hls.cc:210]   --->   Operation 33 'write' 'write_ln210' <Predicate = true> <Delay = 3.72> <CoreInst = "FIFO_SRL">   --->   Core 80 'FIFO_SRL' <Latency = 0> <II = 1> <Delay = 3.72> <Storage> <Opcode : 'read' 'write' 'nbread' 'nbwrite'> <Ports = 0> <Width = 32> <Depth = 32> <FIFO>
ST_4 : Operation 34 [1/1] (0.00ns)   --->   "%br_ln207 = br void %for.inc" [softmax_accel_hls.cc:207]   --->   Operation 34 'br' 'br_ln207' <Predicate = true> <Delay = 0.00>


============================================================
+ Verbose Summary: Timing violations
============================================================
Target clock period: 11.800ns, clock uncertainty: 3.186ns.

 <State 1>: 4.999ns
The critical path consists of the following:
	'store' operation 0 bit ('store_ln207', softmax_accel_hls.cc:207) of constant 0 on local variable 'i', softmax_accel_hls.cc:207 [14]  (1.588 ns)
	'load' operation 9 bit ('i', softmax_accel_hls.cc:207) on local variable 'i', softmax_accel_hls.cc:207 [17]  (0.000 ns)
	'add' operation 9 bit ('add_ln207', softmax_accel_hls.cc:207) [20]  (1.823 ns)
	'store' operation 0 bit ('store_ln207', softmax_accel_hls.cc:207) of variable 'add_ln207', softmax_accel_hls.cc:207 on local variable 'i', softmax_accel_hls.cc:207 [32]  (1.588 ns)

 <State 2>: 3.254ns
The critical path consists of the following:
	'load' operation 32 bit ('exp_buf_load', softmax_accel_hls.cc:209) on array 'exp_buf' [27]  (3.254 ns)

 <State 3>: 8.510ns
The critical path consists of the following:
	'mul' operation 62 bit ('prod', softmax_accel_hls.cc:209) [29]  (8.510 ns)

 <State 4>: 3.726ns
The critical path consists of the following:
	fifo write operation ('write_ln210', softmax_accel_hls.cc:210) on port 'prob_stream' (softmax_accel_hls.cc:210) [31]  (3.726 ns)


============================================================
+ Verbose Summary: Binding
============================================================
N/A
* FSMD analyzer results:
  - Output states:
 - Input state : 
  - Chain level:
	State 1
	State 2
	State 3
	State 4


============================================================
+ Verbose Summary: Datapath Resource usage 
============================================================
N/A
