

================================================================
== Vitis HLS Report for 'generate_exp_buffer'
================================================================
* Date:           Sat Mar 14 13:29:02 2026

* Version:        2025.1 (Build 6135595 on May 21 2025)
* Project:        Prometheus_streaming
* Solution:       hls (Vivado IP Flow Target)
* Product family: zynq
* Target device:  xc7z020-clg400-1


================================================================
== Performance Estimates
================================================================
+ Timing: 
    * Summary: 
    +--------+----------+----------+------------+
    |  Clock |  Target  | Estimated| Uncertainty|
    +--------+----------+----------+------------+
    |ap_clk  |  11.80 ns|  8.206 ns|     3.19 ns|
    +--------+----------+----------+------------+

+ Latency: 
    * Summary: 
    +---------+---------+----------+----------+-----+-----+----------+
    |  Latency (cycles) |  Latency (absolute) |  Interval | Pipeline |
    |   min   |   max   |    min   |    max   | min | max |   Type   |
    +---------+---------+----------+----------+-----+-----+----------+
    |       12|      267|  0.142 us|  3.151 us|    2|  257|  dataflow|
    +---------+---------+----------+----------+-----+-----+----------+

    + Detail: 
        * Instance: 
        +---------------------+------------------+---------+---------+-----------+----------+-----+-----+------------------------------------------------+
        |                     |                  |  Latency (cycles) |  Latency (absolute)  |  Interval |                    Pipeline                    |
        |       Instance      |      Module      |   min   |   max   |    min    |    max   | min | max |                      Type                      |
        +---------------------+------------------+---------+---------+-----------+----------+-----+-----+------------------------------------------------+
        |emit_exp_stream_U0   |emit_exp_stream   |       11|      266|   0.130 us|  3.139 us|    2|  257|  loop auto-rewind stp (delay=0 clock cycles(s))|
        |cache_exp_stream_U0  |cache_exp_stream  |        3|      258|  35.400 ns|  3.044 us|    2|  257|  loop auto-rewind stp (delay=0 clock cycles(s))|
        +---------------------+------------------+---------+---------+-----------+----------+-----+-----+------------------------------------------------+

        * Loop: 
        N/A



================================================================
== Utilization Estimates
================================================================
* Summary: 
+-----------------+---------+-----+--------+-------+-----+
|       Name      | BRAM_18K| DSP |   FF   |  LUT  | URAM|
+-----------------+---------+-----+--------+-------+-----+
|DSP              |        -|    -|       -|      -|    -|
|Expression       |        -|    -|       0|      2|    -|
|FIFO             |        -|    -|      99|     85|    -|
|Instance         |        0|    1|     866|   1157|    -|
|Memory           |        -|    -|       -|      -|    -|
|Multiplexer      |        -|    -|       -|      -|    -|
|Register         |        -|    -|       -|      -|    -|
+-----------------+---------+-----+--------+-------+-----+
|Total            |        0|    1|     965|   1244|    0|
+-----------------+---------+-----+--------+-------+-----+
|Available        |      280|  220|  106400|  53200|    0|
+-----------------+---------+-----+--------+-------+-----+
|Utilization (%)  |        0|   ~0|      ~0|      2|    0|
+-----------------+---------+-----+--------+-------+-----+

+ Detail: 
    * Instance: 
    +---------------------+------------------+---------+----+-----+-----+-----+
    |       Instance      |      Module      | BRAM_18K| DSP|  FF | LUT | URAM|
    +---------------------+------------------+---------+----+-----+-----+-----+
    |cache_exp_stream_U0  |cache_exp_stream  |        0|   0|  101|  158|    0|
    |emit_exp_stream_U0   |emit_exp_stream   |        0|   1|  765|  999|    0|
    +---------------------+------------------+---------+----+-----+-----+-----+
    |Total                |                  |        0|   1|  866| 1157|    0|
    +---------------------+------------------+---------+----+-----+-----+-----+

    * DSP: 
    N/A

    * Memory: 
    N/A

    * FIFO: 
    +--------------+---------+----+----+-----+------+-----+---------+
    |     Name     | BRAM_18K| FF | LUT| URAM| Depth| Bits| Size:D*B|
    +--------------+---------+----+----+-----+------+-----+---------+
    |exp_stream_U  |        0|  99|   0|    -|    32|   32|     1024|
    +--------------+---------+----+----+-----+------+-----+---------+
    |Total         |        0|  99|   0|    0|    32|   32|     1024|
    +--------------+---------+----+----+-----+------+-----+---------+

    * Expression: 
    +--------------+----------+----+---+----+------------+------------+
    | Variable Name| Operation| DSP| FF| LUT| Bitwidth P0| Bitwidth P1|
    +--------------+----------+----+---+----+------------+------------+
    |ap_idle       |       and|   0|  0|   2|           1|           1|
    +--------------+----------+----+---+----+------------+------------+
    |Total         |          |   0|  0|   2|           1|           1|
    +--------------+----------+----+---+----+------------+------------+

    * Multiplexer: 
    N/A

    * Register: 
    N/A



================================================================
== Interface
================================================================
* Summary: 
+---------------------+-----+-----+------------+---------------------+--------------+
|      RTL Ports      | Dir | Bits|  Protocol  |    Source Object    |    C Type    |
+---------------------+-----+-----+------------+---------------------+--------------+
|logits_buf_address0  |  out|    8|   ap_memory|           logits_buf|         array|
|logits_buf_ce0       |  out|    1|   ap_memory|           logits_buf|         array|
|logits_buf_d0        |  out|   32|   ap_memory|           logits_buf|         array|
|logits_buf_q0        |   in|   32|   ap_memory|           logits_buf|         array|
|logits_buf_we0       |  out|    1|   ap_memory|           logits_buf|         array|
|n                    |   in|    9|     ap_none|                    n|        scalar|
|n_ap_vld             |   in|    1|     ap_none|                    n|        scalar|
|max_x                |   in|   32|     ap_none|                max_x|        scalar|
|max_x_ap_vld         |   in|    1|     ap_none|                max_x|        scalar|
|exp_buf_address0     |  out|    8|   ap_memory|              exp_buf|         array|
|exp_buf_ce0          |  out|    1|   ap_memory|              exp_buf|         array|
|exp_buf_d0           |  out|   32|   ap_memory|              exp_buf|         array|
|exp_buf_q0           |   in|   32|   ap_memory|              exp_buf|         array|
|exp_buf_we0          |  out|    1|   ap_memory|              exp_buf|         array|
|sum64_out            |  out|   40|      ap_vld|            sum64_out|       pointer|
|sum64_out_ap_vld     |  out|    1|      ap_vld|            sum64_out|       pointer|
|ap_clk               |   in|    1|  ap_ctrl_hs|  generate_exp_buffer|  return value|
|ap_rst               |   in|    1|  ap_ctrl_hs|  generate_exp_buffer|  return value|
|ap_start             |   in|    1|  ap_ctrl_hs|  generate_exp_buffer|  return value|
|ap_done              |  out|    1|  ap_ctrl_hs|  generate_exp_buffer|  return value|
|ap_ready             |  out|    1|  ap_ctrl_hs|  generate_exp_buffer|  return value|
|ap_idle              |  out|    1|  ap_ctrl_hs|  generate_exp_buffer|  return value|
|ap_continue          |   in|    1|  ap_ctrl_hs|  generate_exp_buffer|  return value|
+---------------------+-----+-----+------------+---------------------+--------------+

============================================================
+ Verbose Summary: Synthesis Manager
============================================================
InlineROM: 1
ExposeGlobal: 0
============================================================
+ Verbose Summary: CDFG Model
============================================================
IsTopModel: 0
ResetActiveHigh: 1
IsCombinational: 2
IsDatapathOnly: 2
HasWiredReturn: 1
HasMFsm: 0
HasVarLatency: 1
IsPipeline: 0
IsRtlPipelined: 0
IsInstanceOverlapped: 0
IsDontTouch: 0
HasImplIP: 0
IsGatedGlobalClock: 0


============================================================
+ Verbose Summary: Schedule
============================================================
* Number of FSM states : 4
* Pipeline : 0
* Dataflow Pipeline: 1
  DF-Pipeline-0: Size = 4, States = { 1 2 3 4 }

* FSM state transitions: 
1 --> 2 
2 --> 3 
3 --> 4 
4 --> 

* FSM state operations: 

State 1 <SV = 0> <Delay = 3.41>
ST_1 : Operation 5 [1/1] (0.00ns)   --->   "%max_x_read = read i32 @_ssdm_op_Read.ap_auto.i32, i32 %max_x"   --->   Operation 5 'read' 'max_x_read' <Predicate = true> <Delay = 0.00>
ST_1 : Operation 6 [1/1] (0.00ns)   --->   "%n_read = read i9 @_ssdm_op_Read.ap_auto.i9, i9 %n"   --->   Operation 6 'read' 'n_read' <Predicate = true> <Delay = 0.00>
ST_1 : Operation 7 [1/1] (0.00ns)   --->   "%exp_stream = alloca i64 1" [softmax_accel_hls.cc:192]   --->   Operation 7 'alloca' 'exp_stream' <Predicate = true> <Delay = 0.00> <CoreInst = "FIFO_SRL">   --->   Core 80 'FIFO_SRL' <Latency = 0> <II = 1> <Delay = 3.72> <Storage> <Opcode : 'read' 'write' 'nbread' 'nbwrite'> <Ports = 0> <Width = 32> <Depth = 32> <FIFO>
ST_1 : Operation 8 [2/2] (3.41ns)   --->   "%call_ln195 = call void @emit_exp_stream, i32 %logits_buf, i9 %n_read, i32 %max_x_read, i32 %exp_stream, i18 %EXP2_PTS_Q16" [softmax_accel_hls.cc:195]   --->   Operation 8 'call' 'call_ln195' <Predicate = true> <Delay = 3.41> <CoreType = "Generic">   --->   Generic Core

State 2 <SV = 1> <Delay = 0.00>
ST_2 : Operation 9 [1/2] (0.00ns)   --->   "%call_ln195 = call void @emit_exp_stream, i32 %logits_buf, i9 %n_read, i32 %max_x_read, i32 %exp_stream, i18 %EXP2_PTS_Q16" [softmax_accel_hls.cc:195]   --->   Operation 9 'call' 'call_ln195' <Predicate = true> <Delay = 0.00> <CoreType = "Generic">   --->   Generic Core

State 3 <SV = 2> <Delay = 3.41>
ST_3 : Operation 10 [2/2] (3.41ns)   --->   "%call_ln196 = call void @cache_exp_stream, i32 %exp_stream, i9 %n_read, i32 %exp_buf, i40 %sum64_out" [softmax_accel_hls.cc:196]   --->   Operation 10 'call' 'call_ln196' <Predicate = true> <Delay = 3.41> <CoreType = "Generic">   --->   Generic Core

State 4 <SV = 3> <Delay = 4.99>
ST_4 : Operation 11 [1/1] (0.00ns)   --->   "%specstablecontent_ln190 = specstablecontent void @_ssdm_op_SpecStableContent, i32 %max_x, i1 1, void @p_str" [softmax_accel_hls.cc:190]   --->   Operation 11 'specstablecontent' 'specstablecontent_ln190' <Predicate = true> <Delay = 0.00>
ST_4 : Operation 12 [1/1] (0.00ns)   --->   "%specstablecontent_ln190 = specstablecontent void @_ssdm_op_SpecStableContent, i9 %n, i1 1, void @p_str" [softmax_accel_hls.cc:190]   --->   Operation 12 'specstablecontent' 'specstablecontent_ln190' <Predicate = true> <Delay = 0.00>
ST_4 : Operation 13 [1/1] (0.00ns)   --->   "%specstablecontent_ln190 = specstablecontent void @_ssdm_op_SpecStableContent, i32 %logits_buf, i1 1, void @p_str" [softmax_accel_hls.cc:190]   --->   Operation 13 'specstablecontent' 'specstablecontent_ln190' <Predicate = true> <Delay = 0.00>
ST_4 : Operation 14 [1/1] (0.00ns)   --->   "%specdataflowpipeline_ln190 = specdataflowpipeline void @_ssdm_op_SpecDataflowPipeline, i32 4294967295, i32 0, void @empty_2" [softmax_accel_hls.cc:190]   --->   Operation 14 'specdataflowpipeline' 'specdataflowpipeline_ln190' <Predicate = true> <Delay = 0.00>
ST_4 : Operation 15 [1/1] (0.00ns)   --->   "%specmemcore_ln0 = specmemcore void @_ssdm_op_SpecMemCore, i32 %exp_buf, i64 666, i64 18, i64 18446744073709551615"   --->   Operation 15 'specmemcore' 'specmemcore_ln0' <Predicate = true> <Delay = 0.00>
ST_4 : Operation 16 [1/1] (0.00ns)   --->   "%specmemcore_ln0 = specmemcore void @_ssdm_op_SpecMemCore, i32 %logits_buf, i64 666, i64 18, i64 18446744073709551615"   --->   Operation 16 'specmemcore' 'specmemcore_ln0' <Predicate = true> <Delay = 0.00>
ST_4 : Operation 17 [1/1] (0.00ns)   --->   "%empty = specchannel i32 @_ssdm_op_SpecChannel, void @exp_stream_str, i32 1, void @p_str, void @p_str, i32 32, i32 32, i32 %exp_stream, i32 %exp_stream"   --->   Operation 17 'specchannel' 'empty' <Predicate = true> <Delay = 0.00>
ST_4 : Operation 18 [1/1] (0.00ns)   --->   "%specinterface_ln0 = specinterface void @_ssdm_op_SpecInterface, i32 %exp_stream, void @empty, i32 0, i32 0, void @empty_2, i32 0, i32 0, void @empty_2, void @empty_2, void @empty_2, i32 0, i32 0, i32 0, i32 0, void @empty_2, void @empty_2, i32 4294967295, i32 0, i32 0"   --->   Operation 18 'specinterface' 'specinterface_ln0' <Predicate = true> <Delay = 0.00>
ST_4 : Operation 19 [1/2] (4.99ns)   --->   "%call_ln196 = call void @cache_exp_stream, i32 %exp_stream, i9 %n_read, i32 %exp_buf, i40 %sum64_out" [softmax_accel_hls.cc:196]   --->   Operation 19 'call' 'call_ln196' <Predicate = true> <Delay = 4.99> <CoreType = "Generic">   --->   Generic Core
ST_4 : Operation 20 [1/1] (0.00ns)   --->   "%ret_ln197 = ret" [softmax_accel_hls.cc:197]   --->   Operation 20 'ret' 'ret_ln197' <Predicate = true> <Delay = 0.00>


============================================================
+ Verbose Summary: Binding
============================================================
STG Binding: 
---------------- STG Properties BEGIN ----------------
- Is combinational: 0
- Is one-state seq: 0
- Is datapath-only: 0
- Is pipelined: 0
- Is top level: 0
Port [ Return ] is wired: 1; IO mode=ap_ctrl_hs:ce=0
Port [ logits_buf]:  wired=1; compound=1; hidden=0; nouse=0; global=0; static=0; extern=0; dir=0; type=1; pingpong=0; private_global=0; MemPort=[1]; IO mode=ap_memory:ce=0
Port [ n]:  wired=1; compound=0; hidden=0; nouse=0; global=0; static=0; extern=0; dir=0; type=0; pingpong=0; private_global=0; IO mode=ap_none:ce=0
Port [ max_x]:  wired=1; compound=0; hidden=0; nouse=0; global=0; static=0; extern=0; dir=0; type=0; pingpong=0; private_global=0; IO mode=ap_none:ce=0
Port [ exp_buf]:  wired=1; compound=1; hidden=0; nouse=0; global=0; static=0; extern=0; dir=1; type=1; pingpong=0; private_global=0; MemPort=[0]; IO mode=ap_memory:ce=0
Port [ sum64_out]:  wired=1; compound=0; hidden=0; nouse=0; global=0; static=0; extern=0; dir=1; type=0; pingpong=0; private_global=0; IO mode=ap_vld:ce=0
Port [ EXP2_PTS_Q16]:  wired=0; compound=1; hidden=1; nouse=1; global=1; static=1; extern=0; dir=0; type=1; pingpong=0; private_global=0; MemPort=[11]; IO mode=ap_memory:ce=0
---------------- STG Properties END ------------------

---------------- Datapath Model BEGIN ----------------

<LifeTime>
<method=bitvector/>
max_x_read                 (read                ) [ 00100]
n_read                     (read                ) [ 00111]
exp_stream                 (alloca              ) [ 01111]
call_ln195                 (call                ) [ 00000]
specstablecontent_ln190    (specstablecontent   ) [ 00000]
specstablecontent_ln190    (specstablecontent   ) [ 00000]
specstablecontent_ln190    (specstablecontent   ) [ 00000]
specdataflowpipeline_ln190 (specdataflowpipeline) [ 00000]
specmemcore_ln0            (specmemcore         ) [ 00000]
specmemcore_ln0            (specmemcore         ) [ 00000]
empty                      (specchannel         ) [ 00000]
specinterface_ln0          (specinterface       ) [ 00000]
call_ln196                 (call                ) [ 00000]
ret_ln197                  (ret                 ) [ 00000]
</LifeTime>

<model>

<comp_list>
<comp id="0" class="1000" name="logits_buf">
<pin_list>
<pin id="1" dir="1" index="0" bw="1" slack="0"/>
</pin_list>
<bind>
<StgValue><ssdm name="logits_buf"/><MemPortTyVec>1 </MemPortTyVec>
</StgValue>
</bind>
</comp>

<comp id="2" class="1000" name="n">
<pin_list>
<pin id="3" dir="1" index="0" bw="1" slack="0"/>
</pin_list>
<bind>
<StgValue><ssdm name="n"/></StgValue>
</bind>
</comp>

<comp id="4" class="1000" name="max_x">
<pin_list>
<pin id="5" dir="1" index="0" bw="1" slack="0"/>
</pin_list>
<bind>
<StgValue><ssdm name="max_x"/></StgValue>
</bind>
</comp>

<comp id="6" class="1000" name="exp_buf">
<pin_list>
<pin id="7" dir="1" index="0" bw="1" slack="0"/>
</pin_list>
<bind>
<StgValue><ssdm name="exp_buf"/><MemPortTyVec>0 </MemPortTyVec>
</StgValue>
</bind>
</comp>

<comp id="8" class="1000" name="sum64_out">
<pin_list>
<pin id="9" dir="1" index="0" bw="1" slack="0"/>
</pin_list>
<bind>
<StgValue><ssdm name="sum64_out"/></StgValue>
</bind>
</comp>

<comp id="10" class="1000" name="EXP2_PTS_Q16">
<pin_list>
<pin id="11" dir="1" index="0" bw="1" slack="0"/>
</pin_list>
<bind>
<StgValue><ssdm name="EXP2_PTS_Q16"/><MemPortTyVec>1 1 </MemPortTyVec>
</StgValue>
</bind>
</comp>

<comp id="12" class="1001" name="const_12">
<pin_list>
<pin id="13" dir="1" index="0" bw="1" slack="0"/>
</pin_list>
<bind>
<StgValue><ssdm name="_ssdm_op_Read.ap_auto.i32"/></StgValue>
</bind>
</comp>

<comp id="14" class="1001" name="const_14">
<pin_list>
<pin id="15" dir="1" index="0" bw="1" slack="0"/>
</pin_list>
<bind>
<StgValue><ssdm name="_ssdm_op_Read.ap_auto.i9"/></StgValue>
</bind>
</comp>

<comp id="16" class="1001" name="const_16">
<pin_list>
<pin id="17" dir="1" index="0" bw="1" slack="0"/>
</pin_list>
<bind>
<StgValue><ssdm name=""/></StgValue>
</bind>
</comp>

<comp id="18" class="1001" name="const_18">
<pin_list>
<pin id="19" dir="1" index="0" bw="1" slack="0"/>
</pin_list>
<bind>
<StgValue><ssdm name="emit_exp_stream"/></StgValue>
</bind>
</comp>

<comp id="20" class="1001" name="const_20">
<pin_list>
<pin id="21" dir="1" index="0" bw="1" slack="0"/>
</pin_list>
<bind>
<StgValue><ssdm name="cache_exp_stream"/></StgValue>
</bind>
</comp>

<comp id="22" class="1001" name="const_22">
<pin_list>
<pin id="23" dir="1" index="0" bw="1" slack="2147483647"/>
</pin_list>
<bind>
<StgValue><ssdm name="_ssdm_op_SpecStableContent"/></StgValue>
</bind>
</comp>

<comp id="24" class="1001" name="const_24">
<pin_list>
<pin id="25" dir="1" index="0" bw="1" slack="2147483647"/>
</pin_list>
<bind>
<StgValue><ssdm name=""/></StgValue>
</bind>
</comp>

<comp id="26" class="1001" name="const_26">
<pin_list>
<pin id="27" dir="1" index="0" bw="1" slack="2147483647"/>
</pin_list>
<bind>
<StgValue><ssdm name="p_str"/></StgValue>
</bind>
</comp>

<comp id="28" class="1001" name="const_28">
<pin_list>
<pin id="29" dir="1" index="0" bw="1" slack="2147483647"/>
</pin_list>
<bind>
<StgValue><ssdm name="_ssdm_op_SpecDataflowPipeline"/></StgValue>
</bind>
</comp>

<comp id="30" class="1001" name="const_30">
<pin_list>
<pin id="31" dir="1" index="0" bw="1" slack="2147483647"/>
</pin_list>
<bind>
<StgValue><ssdm name=""/></StgValue>
</bind>
</comp>

<comp id="32" class="1001" name="const_32">
<pin_list>
<pin id="33" dir="1" index="0" bw="1" slack="2147483647"/>
</pin_list>
<bind>
<StgValue><ssdm name=""/></StgValue>
</bind>
</comp>

<comp id="34" class="1001" name="const_34">
<pin_list>
<pin id="35" dir="1" index="0" bw="1" slack="2147483647"/>
</pin_list>
<bind>
<StgValue><ssdm name="empty_2"/></StgValue>
</bind>
</comp>

<comp id="36" class="1001" name="const_36">
<pin_list>
<pin id="37" dir="1" index="0" bw="1" slack="2147483647"/>
</pin_list>
<bind>
<StgValue><ssdm name="_ssdm_op_SpecMemCore"/></StgValue>
</bind>
</comp>

<comp id="38" class="1001" name="const_38">
<pin_list>
<pin id="39" dir="1" index="0" bw="1" slack="2147483647"/>
</pin_list>
<bind>
<StgValue><ssdm name=""/></StgValue>
</bind>
</comp>

<comp id="40" class="1001" name="const_40">
<pin_list>
<pin id="41" dir="1" index="0" bw="1" slack="2147483647"/>
</pin_list>
<bind>
<StgValue><ssdm name=""/></StgValue>
</bind>
</comp>

<comp id="42" class="1001" name="const_42">
<pin_list>
<pin id="43" dir="1" index="0" bw="1" slack="2147483647"/>
</pin_list>
<bind>
<StgValue><ssdm name=""/></StgValue>
</bind>
</comp>

<comp id="44" class="1001" name="const_44">
<pin_list>
<pin id="45" dir="1" index="0" bw="1" slack="2147483647"/>
</pin_list>
<bind>
<StgValue><ssdm name="_ssdm_op_SpecChannel"/></StgValue>
</bind>
</comp>

<comp id="46" class="1001" name="const_46">
<pin_list>
<pin id="47" dir="1" index="0" bw="1" slack="2147483647"/>
</pin_list>
<bind>
<StgValue><ssdm name="exp_stream_str"/></StgValue>
</bind>
</comp>

<comp id="48" class="1001" name="const_48">
<pin_list>
<pin id="49" dir="1" index="0" bw="1" slack="2147483647"/>
</pin_list>
<bind>
<StgValue><ssdm name=""/></StgValue>
</bind>
</comp>

<comp id="50" class="1001" name="const_50">
<pin_list>
<pin id="51" dir="1" index="0" bw="1" slack="2147483647"/>
</pin_list>
<bind>
<StgValue><ssdm name=""/></StgValue>
</bind>
</comp>

<comp id="52" class="1001" name="const_52">
<pin_list>
<pin id="53" dir="1" index="0" bw="1" slack="2147483647"/>
</pin_list>
<bind>
<StgValue><ssdm name="_ssdm_op_SpecInterface"/></StgValue>
</bind>
</comp>

<comp id="54" class="1001" name="const_54">
<pin_list>
<pin id="55" dir="1" index="0" bw="1" slack="2147483647"/>
</pin_list>
<bind>
<StgValue><ssdm name="empty"/></StgValue>
</bind>
</comp>

<comp id="56" class="1004" name="exp_stream_fu_56">
<pin_list>
<pin id="57" dir="0" index="0" bw="1" slack="0"/>
<pin id="58" dir="1" index="1" bw="32" slack="0"/>
</pin_list>
<bind>
<opcode="alloca(26) " fcode="alloca"/>
<opset="exp_stream/1 "/>
</bind>
</comp>

<comp id="60" class="1004" name="max_x_read_read_fu_60">
<pin_list>
<pin id="61" dir="0" index="0" bw="32" slack="0"/>
<pin id="62" dir="0" index="1" bw="32" slack="0"/>
<pin id="63" dir="1" index="2" bw="32" slack="0"/>
</pin_list>
<bind>
<opcode="read(1150) " fcode="read"/>
<opset="max_x_read/1 "/>
</bind>
</comp>

<comp id="66" class="1004" name="n_read_read_fu_66">
<pin_list>
<pin id="67" dir="0" index="0" bw="9" slack="0"/>
<pin id="68" dir="0" index="1" bw="9" slack="0"/>
<pin id="69" dir="1" index="2" bw="9" slack="0"/>
</pin_list>
<bind>
<opcode="read(1150) " fcode="read"/>
<opset="n_read/1 "/>
</bind>
</comp>

<comp id="72" class="1004" name="grp_emit_exp_stream_fu_72">
<pin_list>
<pin id="73" dir="0" index="0" bw="0" slack="0"/>
<pin id="74" dir="0" index="1" bw="32" slack="0"/>
<pin id="75" dir="0" index="2" bw="9" slack="0"/>
<pin id="76" dir="0" index="3" bw="32" slack="0"/>
<pin id="77" dir="0" index="4" bw="32" slack="0"/>
<pin id="78" dir="0" index="5" bw="18" slack="0"/>
<pin id="79" dir="1" index="6" bw="0" slack="2147483647"/>
</pin_list>
<bind>
<opcode="call(48) " fcode="call"/>
<opset="call_ln195/1 "/>
</bind>
</comp>

<comp id="85" class="1004" name="grp_cache_exp_stream_fu_85">
<pin_list>
<pin id="86" dir="0" index="0" bw="0" slack="0"/>
<pin id="87" dir="0" index="1" bw="32" slack="2"/>
<pin id="88" dir="0" index="2" bw="9" slack="2"/>
<pin id="89" dir="0" index="3" bw="32" slack="0"/>
<pin id="90" dir="0" index="4" bw="40" slack="0"/>
<pin id="91" dir="1" index="5" bw="0" slack="2147483647"/>
</pin_list>
<bind>
<opcode="call(48) " fcode="call"/>
<opset="call_ln196/3 "/>
</bind>
</comp>

<comp id="95" class="1005" name="max_x_read_reg_95">
<pin_list>
<pin id="96" dir="0" index="0" bw="32" slack="1"/>
<pin id="97" dir="1" index="1" bw="32" slack="1"/>
</pin_list>
<bind>
<opset="max_x_read "/>
</bind>
</comp>

<comp id="100" class="1005" name="n_read_reg_100">
<pin_list>
<pin id="101" dir="0" index="0" bw="9" slack="1"/>
<pin id="102" dir="1" index="1" bw="9" slack="1"/>
</pin_list>
<bind>
<opset="n_read "/>
</bind>
</comp>

<comp id="106" class="1005" name="exp_stream_reg_106">
<pin_list>
<pin id="107" dir="0" index="0" bw="32" slack="0"/>
<pin id="108" dir="1" index="1" bw="32" slack="0"/>
</pin_list>
<bind>
<opset="exp_stream "/>
</bind>
</comp>

</comp_list>

<net_list>
<net id="59"><net_src comp="16" pin="0"/><net_sink comp="56" pin=0"/></net>

<net id="64"><net_src comp="12" pin="0"/><net_sink comp="60" pin=0"/></net>

<net id="65"><net_src comp="4" pin="0"/><net_sink comp="60" pin=1"/></net>

<net id="70"><net_src comp="14" pin="0"/><net_sink comp="66" pin=0"/></net>

<net id="71"><net_src comp="2" pin="0"/><net_sink comp="66" pin=1"/></net>

<net id="80"><net_src comp="18" pin="0"/><net_sink comp="72" pin=0"/></net>

<net id="81"><net_src comp="0" pin="0"/><net_sink comp="72" pin=1"/></net>

<net id="82"><net_src comp="66" pin="2"/><net_sink comp="72" pin=2"/></net>

<net id="83"><net_src comp="60" pin="2"/><net_sink comp="72" pin=3"/></net>

<net id="84"><net_src comp="10" pin="0"/><net_sink comp="72" pin=5"/></net>

<net id="92"><net_src comp="20" pin="0"/><net_sink comp="85" pin=0"/></net>

<net id="93"><net_src comp="6" pin="0"/><net_sink comp="85" pin=3"/></net>

<net id="94"><net_src comp="8" pin="0"/><net_sink comp="85" pin=4"/></net>

<net id="98"><net_src comp="60" pin="2"/><net_sink comp="95" pin=0"/></net>

<net id="99"><net_src comp="95" pin="1"/><net_sink comp="72" pin=3"/></net>

<net id="103"><net_src comp="66" pin="2"/><net_sink comp="100" pin=0"/></net>

<net id="104"><net_src comp="100" pin="1"/><net_sink comp="72" pin=2"/></net>

<net id="105"><net_src comp="100" pin="1"/><net_sink comp="85" pin=2"/></net>

<net id="109"><net_src comp="56" pin="1"/><net_sink comp="106" pin=0"/></net>

<net id="110"><net_src comp="106" pin="1"/><net_sink comp="72" pin=4"/></net>

<net id="111"><net_src comp="106" pin="1"/><net_sink comp="85" pin=1"/></net>

</net_list>

</model> 
---------------- Datapath Model END ------------------

* FSMD analyzer results:
  - Output states:
	Port: exp_buf | {3 4 }
	Port: sum64_out | {3 4 }
	Port: EXP2_PTS_Q16 | {}
 - Input state : 
	Port: generate_exp_buffer : logits_buf | {1 2 }
	Port: generate_exp_buffer : n | {1 }
	Port: generate_exp_buffer : max_x | {1 }
	Port: generate_exp_buffer : EXP2_PTS_Q16 | {1 2 }
  - Chain level:
	State 1
		call_ln195 : 1
	State 2
	State 3
	State 4


============================================================
+ Verbose Summary: Datapath Resource usage 
============================================================

* Functional unit list:
|----------|----------------------------|---------|---------|---------|---------|
| Operation|       Functional Unit      |   DSP   |  Delay  |    FF   |   LUT   |
|----------|----------------------------|---------|---------|---------|---------|
|   call   |  grp_emit_exp_stream_fu_72 |    1    |  4.764  |   396   |   699   |
|          | grp_cache_exp_stream_fu_85 |    0    |    0    |    58   |    75   |
|----------|----------------------------|---------|---------|---------|---------|
|   read   |    max_x_read_read_fu_60   |    0    |    0    |    0    |    0    |
|          |      n_read_read_fu_66     |    0    |    0    |    0    |    0    |
|----------|----------------------------|---------|---------|---------|---------|
|   Total  |                            |    1    |  4.764  |   454   |   774   |
|----------|----------------------------|---------|---------|---------|---------|

Memories:
N/A

* Register list:
+------------------+--------+
|                  |   FF   |
+------------------+--------+
|exp_stream_reg_106|   32   |
| max_x_read_reg_95|   32   |
|  n_read_reg_100  |    9   |
+------------------+--------+
|       Total      |   73   |
+------------------+--------+

* Multiplexer (MUX) list: 
|---------------------------|------|------|------|--------||---------||---------||---------|
|            Comp           |  Pin | Size |  BW  | S x BW ||  Delay  ||    FF   ||   LUT   |
|---------------------------|------|------|------|--------||---------||---------||---------|
| grp_emit_exp_stream_fu_72 |  p2  |   2  |   9  |   18   ||    0    ||    9    |
| grp_emit_exp_stream_fu_72 |  p3  |   2  |  32  |   64   ||    0    ||    9    |
|---------------------------|------|------|------|--------||---------||---------||---------|
|           Total           |      |      |      |   82   ||  3.176  ||    0    ||    18   |
|---------------------------|------|------|------|--------||---------||---------||---------|



* Summary:
+-----------+--------+--------+--------+--------+
|           |   DSP  |  Delay |   FF   |   LUT  |
+-----------+--------+--------+--------+--------+
|  Function |    1   |    4   |   454  |   774  |
|   Memory  |    -   |    -   |    -   |    -   |
|Multiplexer|    -   |    3   |    0   |   18   |
|  Register |    -   |    -   |   73   |    -   |
+-----------+--------+--------+--------+--------+
|   Total   |    1   |    7   |   527  |   792  |
+-----------+--------+--------+--------+--------+
