

================================================================
== Vitis HLS Report for 'load_logits_and_find_max_Pipeline_load_loop'
================================================================
* Date:           Sat Mar 14 13:29:02 2026

* Version:        2025.1 (Build 6135595 on May 21 2025)
* Project:        Prometheus_streaming
* Solution:       hls (Vivado IP Flow Target)
* Product family: zynq
* Target device:  xc7z020-clg400-1


================================================================
== Performance Estimates
================================================================
+ Timing: 
    * Summary: 
    +--------+----------+----------+------------+
    |  Clock |  Target  | Estimated| Uncertainty|
    +--------+----------+----------+------------+
    |ap_clk  |  11.80 ns|  8.614 ns|     3.19 ns|
    +--------+----------+----------+------------+

+ Latency: 
    * Summary: 
    +---------+---------+-----------+----------+-----+-----+------------------------------------------------+
    |  Latency (cycles) |  Latency (absolute)  |  Interval |                    Pipeline                    |
    |   min   |   max   |    min    |    max   | min | max |                      Type                      |
    +---------+---------+-----------+----------+-----+-----+------------------------------------------------+
    |        4|      259|  47.200 ns|  3.056 us|    2|  257|  loop auto-rewind stp (delay=0 clock cycles(s))|
    +---------+---------+-----------+----------+-----+-----+------------------------------------------------+

    + Detail: 
        * Instance: 
        N/A

        * Loop: 
        +-------------+---------+---------+----------+-----------+-----------+---------+----------+
        |             |  Latency (cycles) | Iteration|  Initiation Interval  |   Trip  |          |
        |  Loop Name  |   min   |   max   |  Latency |  achieved |   target  |  Count  | Pipelined|
        +-------------+---------+---------+----------+-----------+-----------+---------+----------+
        |- load_loop  |        2|      257|         3|          1|          1|  1 ~ 256|       yes|
        +-------------+---------+---------+----------+-----------+-----------+---------+----------+



================================================================
== Utilization Estimates
================================================================
* Summary: 
+-----------------+---------+-----+--------+-------+-----+
|       Name      | BRAM_18K| DSP |   FF   |  LUT  | URAM|
+-----------------+---------+-----+--------+-------+-----+
|DSP              |        -|    -|       -|      -|    -|
|Expression       |        -|    -|       0|    119|    -|
|FIFO             |        -|    -|       -|      -|    -|
|Instance         |        -|    -|       -|      -|    -|
|Memory           |        -|    -|       -|      -|    -|
|Multiplexer      |        -|    -|       0|     54|    -|
|Register         |        -|    -|      98|      -|    -|
+-----------------+---------+-----+--------+-------+-----+
|Total            |        0|    0|      98|    173|    0|
+-----------------+---------+-----+--------+-------+-----+
|Available        |      280|  220|  106400|  53200|    0|
+-----------------+---------+-----+--------+-------+-----+
|Utilization (%)  |        0|    0|      ~0|     ~0|    0|
+-----------------+---------+-----+--------+-------+-----+

+ Detail: 
    * Instance: 
    N/A

    * DSP: 
    N/A

    * Memory: 
    N/A

    * FIFO: 
    N/A

    * Expression: 
    +---------------------------+----------+----+---+----+------------+------------+
    |       Variable Name       | Operation| DSP| FF| LUT| Bitwidth P0| Bitwidth P1|
    +---------------------------+----------+----+---+----+------------+------------+
    |add_ln135_fu_132_p2        |         +|   0|  0|  14|           9|           1|
    |ap_block_pp0_stage0_11001  |       and|   0|  0|   2|           1|           1|
    |icmp_ln135_fu_126_p2       |      icmp|   0|  0|  14|           9|           9|
    |icmp_ln139_1_fu_161_p2     |      icmp|   0|  0|  39|          32|          32|
    |icmp_ln139_fu_156_p2       |      icmp|   0|  0|  14|           9|           1|
    |or_ln139_fu_166_p2         |        or|   0|  0|   2|           1|           1|
    |max_x_2_fu_172_p3          |    select|   0|  0|  32|           1|          32|
    |ap_enable_pp0              |       xor|   0|  0|   2|           1|           2|
    +---------------------------+----------+----+---+----+------------+------------+
    |Total                      |          |   0|  0| 119|          63|          79|
    +---------------------------+----------+----+---+----+------------+------------+

    * Multiplexer: 
    +-------------------------+----+-----------+-----+-----------+
    |           Name          | LUT| Input Size| Bits| Total Bits|
    +-------------------------+----+-----------+-----+-----------+
    |ap_done_int              |   9|          2|    1|          2|
    |ap_enable_reg_pp0_iter1  |   9|          2|    1|          2|
    |ap_sig_allocacmp_i_2     |   9|          2|    9|         18|
    |gmem_blk_n_R             |   9|          2|    1|          2|
    |i_fu_68                  |   9|          2|    9|         18|
    |max_x_fu_64              |   9|          2|   32|         64|
    +-------------------------+----+-----------+-----+-----------+
    |Total                    |  54|         12|   53|        106|
    +-------------------------+----+-----------+-----+-----------+

    * Register: 
    +-------------------------------------------+----+----+-----+-----------+
    |                    Name                   | FF | LUT| Bits| Const Bits|
    +-------------------------------------------+----+----+-----+-----------+
    |ap_CS_fsm                                  |   1|   0|    1|          0|
    |ap_block_pp0_stage0_subdone_grp0_done_reg  |   1|   0|    1|          0|
    |ap_done_reg                                |   1|   0|    1|          0|
    |ap_enable_reg_pp0_iter1                    |   1|   0|    1|          0|
    |ap_enable_reg_pp0_iter2                    |   1|   0|    1|          0|
    |ap_loop_exit_ready_pp0_iter1_reg           |   1|   0|    1|          0|
    |i_2_reg_208                                |   9|   0|    9|          0|
    |i_2_reg_208_pp0_iter1_reg                  |   9|   0|    9|          0|
    |i_fu_68                                    |   9|   0|    9|          0|
    |icmp_ln135_reg_214                         |   1|   0|    1|          0|
    |max_x_fu_64                                |  32|   0|   32|          0|
    |x_reg_218                                  |  32|   0|   32|          0|
    +-------------------------------------------+----+----+-----+-----------+
    |Total                                      |  98|   0|   98|          0|
    +-------------------------------------------+----+----+-----+-----------+



================================================================
== Interface
================================================================
* Summary: 
+-----------------------+-----+-----+------------+---------------------------------------------+--------------+
|       RTL Ports       | Dir | Bits|  Protocol  |                Source Object                |    C Type    |
+-----------------------+-----+-----+------------+---------------------------------------------+--------------+
|ap_clk                 |   in|    1|  ap_ctrl_hs|  load_logits_and_find_max_Pipeline_load_loop|  return value|
|ap_rst                 |   in|    1|  ap_ctrl_hs|  load_logits_and_find_max_Pipeline_load_loop|  return value|
|ap_start               |   in|    1|  ap_ctrl_hs|  load_logits_and_find_max_Pipeline_load_loop|  return value|
|ap_done                |  out|    1|  ap_ctrl_hs|  load_logits_and_find_max_Pipeline_load_loop|  return value|
|ap_idle                |  out|    1|  ap_ctrl_hs|  load_logits_and_find_max_Pipeline_load_loop|  return value|
|ap_ready               |  out|    1|  ap_ctrl_hs|  load_logits_and_find_max_Pipeline_load_loop|  return value|
|m_axi_gmem_0_AWVALID   |  out|    1|       m_axi|                                         gmem|       pointer|
|m_axi_gmem_0_AWREADY   |   in|    1|       m_axi|                                         gmem|       pointer|
|m_axi_gmem_0_AWADDR    |  out|   64|       m_axi|                                         gmem|       pointer|
|m_axi_gmem_0_AWID      |  out|    1|       m_axi|                                         gmem|       pointer|
|m_axi_gmem_0_AWLEN     |  out|   32|       m_axi|                                         gmem|       pointer|
|m_axi_gmem_0_AWSIZE    |  out|    3|       m_axi|                                         gmem|       pointer|
|m_axi_gmem_0_AWBURST   |  out|    2|       m_axi|                                         gmem|       pointer|
|m_axi_gmem_0_AWLOCK    |  out|    2|       m_axi|                                         gmem|       pointer|
|m_axi_gmem_0_AWCACHE   |  out|    4|       m_axi|                                         gmem|       pointer|
|m_axi_gmem_0_AWPROT    |  out|    3|       m_axi|                                         gmem|       pointer|
|m_axi_gmem_0_AWQOS     |  out|    4|       m_axi|                                         gmem|       pointer|
|m_axi_gmem_0_AWREGION  |  out|    4|       m_axi|                                         gmem|       pointer|
|m_axi_gmem_0_AWUSER    |  out|    1|       m_axi|                                         gmem|       pointer|
|m_axi_gmem_0_WVALID    |  out|    1|       m_axi|                                         gmem|       pointer|
|m_axi_gmem_0_WREADY    |   in|    1|       m_axi|                                         gmem|       pointer|
|m_axi_gmem_0_WDATA     |  out|   32|       m_axi|                                         gmem|       pointer|
|m_axi_gmem_0_WSTRB     |  out|    4|       m_axi|                                         gmem|       pointer|
|m_axi_gmem_0_WLAST     |  out|    1|       m_axi|                                         gmem|       pointer|
|m_axi_gmem_0_WID       |  out|    1|       m_axi|                                         gmem|       pointer|
|m_axi_gmem_0_WUSER     |  out|    1|       m_axi|                                         gmem|       pointer|
|m_axi_gmem_0_ARVALID   |  out|    1|       m_axi|                                         gmem|       pointer|
|m_axi_gmem_0_ARREADY   |   in|    1|       m_axi|                                         gmem|       pointer|
|m_axi_gmem_0_ARADDR    |  out|   64|       m_axi|                                         gmem|       pointer|
|m_axi_gmem_0_ARID      |  out|    1|       m_axi|                                         gmem|       pointer|
|m_axi_gmem_0_ARLEN     |  out|   32|       m_axi|                                         gmem|       pointer|
|m_axi_gmem_0_ARSIZE    |  out|    3|       m_axi|                                         gmem|       pointer|
|m_axi_gmem_0_ARBURST   |  out|    2|       m_axi|                                         gmem|       pointer|
|m_axi_gmem_0_ARLOCK    |  out|    2|       m_axi|                                         gmem|       pointer|
|m_axi_gmem_0_ARCACHE   |  out|    4|       m_axi|                                         gmem|       pointer|
|m_axi_gmem_0_ARPROT    |  out|    3|       m_axi|                                         gmem|       pointer|
|m_axi_gmem_0_ARQOS     |  out|    4|       m_axi|                                         gmem|       pointer|
|m_axi_gmem_0_ARREGION  |  out|    4|       m_axi|                                         gmem|       pointer|
|m_axi_gmem_0_ARUSER    |  out|    1|       m_axi|                                         gmem|       pointer|
|m_axi_gmem_0_RVALID    |   in|    1|       m_axi|                                         gmem|       pointer|
|m_axi_gmem_0_RREADY    |  out|    1|       m_axi|                                         gmem|       pointer|
|m_axi_gmem_0_RDATA     |   in|   32|       m_axi|                                         gmem|       pointer|
|m_axi_gmem_0_RLAST     |   in|    1|       m_axi|                                         gmem|       pointer|
|m_axi_gmem_0_RID       |   in|    1|       m_axi|                                         gmem|       pointer|
|m_axi_gmem_0_RFIFONUM  |   in|    9|       m_axi|                                         gmem|       pointer|
|m_axi_gmem_0_RUSER     |   in|    1|       m_axi|                                         gmem|       pointer|
|m_axi_gmem_0_RRESP     |   in|    2|       m_axi|                                         gmem|       pointer|
|m_axi_gmem_0_BVALID    |   in|    1|       m_axi|                                         gmem|       pointer|
|m_axi_gmem_0_BREADY    |  out|    1|       m_axi|                                         gmem|       pointer|
|m_axi_gmem_0_BRESP     |   in|    2|       m_axi|                                         gmem|       pointer|
|m_axi_gmem_0_BID       |   in|    1|       m_axi|                                         gmem|       pointer|
|m_axi_gmem_0_BUSER     |   in|    1|       m_axi|                                         gmem|       pointer|
|n                      |   in|    9|     ap_none|                                            n|        scalar|
|sext_ln135             |   in|   62|     ap_none|                                   sext_ln135|        scalar|
|logits_buf_address0    |  out|    8|   ap_memory|                                   logits_buf|         array|
|logits_buf_ce0         |  out|    1|   ap_memory|                                   logits_buf|         array|
|logits_buf_we0         |  out|    1|   ap_memory|                                   logits_buf|         array|
|logits_buf_d0          |  out|   32|   ap_memory|                                   logits_buf|         array|
|max_x_out              |  out|   32|      ap_vld|                                    max_x_out|       pointer|
|max_x_out_ap_vld       |  out|    1|      ap_vld|                                    max_x_out|       pointer|
+-----------------------+-----+-----+------------+---------------------------------------------+--------------+

============================================================
+ Verbose Summary: Synthesis Manager
============================================================
InlineROM: 1
ExposeGlobal: 0
============================================================
+ Verbose Summary: CDFG Model
============================================================
IsTopModel: 0
ResetActiveHigh: 1
IsCombinational: 2
IsDatapathOnly: 2
HasWiredReturn: 1
HasMFsm: 2
HasVarLatency: 1
IsPipeline: 0
IsRtlPipelined: 0
IsInstanceOverlapped: 0
IsDontTouch: 0
HasImplIP: 0
IsGatedGlobalClock: 0

+ Individual pipeline summary: 
  * Pipeline-0: initiation interval (II) = 1, depth = 3


============================================================
+ Verbose Summary: Schedule
============================================================
* Number of FSM states : 3
* Pipeline : 1
  Pipeline-0 : II = 1, D = 3, States = { 1 2 3 }
* Dataflow Pipeline: 0

* FSM state transitions: 
1 --> 2 
2 --> 3 
3 --> 

* FSM state operations: 

State 1 <SV = 0> <Delay = 4.99>
ST_1 : Operation 6 [1/1] (0.00ns)   --->   "%max_x = alloca i32 1" [softmax_accel_hls.cc:132]   --->   Operation 6 'alloca' 'max_x' <Predicate = true> <Delay = 0.00>
ST_1 : Operation 7 [1/1] (0.00ns)   --->   "%i = alloca i32 1" [softmax_accel_hls.cc:135]   --->   Operation 7 'alloca' 'i' <Predicate = true> <Delay = 0.00>
ST_1 : Operation 8 [1/1] (0.00ns)   --->   "%sext_ln135_read = read i62 @_ssdm_op_Read.ap_auto.i62, i62 %sext_ln135"   --->   Operation 8 'read' 'sext_ln135_read' <Predicate = true> <Delay = 0.00>
ST_1 : Operation 9 [1/1] (0.00ns)   --->   "%n_read = read i9 @_ssdm_op_Read.ap_auto.i9, i9 %n"   --->   Operation 9 'read' 'n_read' <Predicate = true> <Delay = 0.00>
ST_1 : Operation 10 [1/1] (0.00ns)   --->   "%sext_ln135_cast = sext i62 %sext_ln135_read"   --->   Operation 10 'sext' 'sext_ln135_cast' <Predicate = true> <Delay = 0.00>
ST_1 : Operation 11 [1/1] (0.00ns)   --->   "%specmemcore_ln0 = specmemcore void @_ssdm_op_SpecMemCore, i32 %logits_buf, i64 666, i64 18, i64 18446744073709551615"   --->   Operation 11 'specmemcore' 'specmemcore_ln0' <Predicate = true> <Delay = 0.00>
ST_1 : Operation 12 [1/1] (0.00ns)   --->   "%specinterface_ln0 = specinterface void @_ssdm_op_SpecInterface, i32 %gmem, void @empty_1, i32 0, i32 0, void @empty_2, i32 0, i32 16384, void @empty_3, void @empty_4, void @empty_2, i32 16, i32 16, i32 16, i32 16, void @empty_2, void @empty_2, i32 4294967295, i32 0, i32 0"   --->   Operation 12 'specinterface' 'specinterface_ln0' <Predicate = true> <Delay = 0.00>
ST_1 : Operation 13 [1/1] (1.58ns)   --->   "%store_ln135 = store i9 0, i9 %i" [softmax_accel_hls.cc:135]   --->   Operation 13 'store' 'store_ln135' <Predicate = true> <Delay = 1.58>
ST_1 : Operation 14 [1/1] (1.58ns)   --->   "%store_ln132 = store i32 0, i32 %max_x" [softmax_accel_hls.cc:132]   --->   Operation 14 'store' 'store_ln132' <Predicate = true> <Delay = 1.58>
ST_1 : Operation 15 [1/1] (0.00ns)   --->   "%br_ln0 = br void %for.body"   --->   Operation 15 'br' 'br_ln0' <Predicate = true> <Delay = 0.00>
ST_1 : Operation 16 [1/1] (0.00ns)   --->   "%i_2 = load i9 %i" [softmax_accel_hls.cc:135]   --->   Operation 16 'load' 'i_2' <Predicate = true> <Delay = 0.00>
ST_1 : Operation 17 [1/1] (1.82ns)   --->   "%icmp_ln135 = icmp_eq  i9 %i_2, i9 %n_read" [softmax_accel_hls.cc:135]   --->   Operation 17 'icmp' 'icmp_ln135' <Predicate = true> <Delay = 1.82> <CoreInst = "Cmp">   --->   Core 9 'Cmp' <Latency = 0> <II = 1> <Delay = 1.82> <FuncUnit> <Opcode : 'seteq' 'setne' 'setle' 'setge' 'setlt' 'setgt'> <InPorts = 2> <OutPorts = 1>
ST_1 : Operation 18 [1/1] (0.00ns)   --->   "%empty = speclooptripcount i32 @_ssdm_op_SpecLoopTripCount, i64 1, i64 256, i64 0"   --->   Operation 18 'speclooptripcount' 'empty' <Predicate = true> <Delay = 0.00>
ST_1 : Operation 19 [1/1] (1.82ns)   --->   "%add_ln135 = add i9 %i_2, i9 1" [softmax_accel_hls.cc:135]   --->   Operation 19 'add' 'add_ln135' <Predicate = true> <Delay = 1.82> <CoreInst = "Adder">   --->   Core 1 'Adder' <Latency = 0> <II = 1> <Delay = 1.82> <FuncUnit> <Opcode : 'add' 'sub'> <InPorts = 2> <OutPorts = 1>
ST_1 : Operation 20 [1/1] (0.00ns)   --->   "%br_ln135 = br i1 %icmp_ln135, void %for.body.split, void %for.end.loopexit.exitStub" [softmax_accel_hls.cc:135]   --->   Operation 20 'br' 'br_ln135' <Predicate = true> <Delay = 0.00>
ST_1 : Operation 21 [1/1] (1.58ns)   --->   "%store_ln135 = store i9 %add_ln135, i9 %i" [softmax_accel_hls.cc:135]   --->   Operation 21 'store' 'store_ln135' <Predicate = (!icmp_ln135)> <Delay = 1.58>

State 2 <SV = 1> <Delay = 8.61>
ST_2 : Operation 22 [1/1] (0.00ns)   --->   "%gmem_addr = getelementptr i32 %gmem, i64 %sext_ln135_cast" [softmax_accel_hls.cc:135]   --->   Operation 22 'getelementptr' 'gmem_addr' <Predicate = true> <Delay = 0.00>
ST_2 : Operation 23 [1/1] (8.61ns)   --->   "%x = read i32 @_ssdm_op_Read.m_axi.p1i32, i64 %gmem_addr" [softmax_accel_hls.cc:137]   --->   Operation 23 'read' 'x' <Predicate = true> <Delay = 8.61> <CoreInst = "m_axi">   --->   Core 111 'm_axi' <Latency = 3> <II = 1> <Delay = 1.00> <Adapter> <Opcode : 'read' 'write' 'readreq' 'writereq' 'writeresp'>
ST_2 : Operation 36 [1/1] (0.00ns)   --->   "%max_x_load = load i32 %max_x"   --->   Operation 36 'load' 'max_x_load' <Predicate = (icmp_ln135)> <Delay = 0.00>
ST_2 : Operation 37 [1/1] (0.00ns)   --->   "%write_ln0 = write void @_ssdm_op_Write.ap_auto.i32P0A, i32 %max_x_out, i32 %max_x_load"   --->   Operation 37 'write' 'write_ln0' <Predicate = (icmp_ln135)> <Delay = 0.00>
ST_2 : Operation 38 [1/1] (1.58ns)   --->   "%ret_ln0 = ret"   --->   Operation 38 'ret' 'ret_ln0' <Predicate = (icmp_ln135)> <Delay = 1.58>

State 3 <SV = 2> <Delay = 5.81>
ST_3 : Operation 24 [1/1] (0.00ns)   --->   "%max_x_load_1 = load i32 %max_x" [softmax_accel_hls.cc:139]   --->   Operation 24 'load' 'max_x_load_1' <Predicate = true> <Delay = 0.00>
ST_3 : Operation 25 [1/1] (0.00ns)   --->   "%zext_ln135 = zext i9 %i_2" [softmax_accel_hls.cc:135]   --->   Operation 25 'zext' 'zext_ln135' <Predicate = true> <Delay = 0.00>
ST_3 : Operation 26 [1/1] (0.00ns)   --->   "%specpipeline_ln136 = specpipeline void @_ssdm_op_SpecPipeline, i32 1, i32 0, i32 0, i32 0, void @empty_2" [softmax_accel_hls.cc:136]   --->   Operation 26 'specpipeline' 'specpipeline_ln136' <Predicate = true> <Delay = 0.00>
ST_3 : Operation 27 [1/1] (0.00ns)   --->   "%specloopname_ln135 = specloopname void @_ssdm_op_SpecLoopName, void @empty_6" [softmax_accel_hls.cc:135]   --->   Operation 27 'specloopname' 'specloopname_ln135' <Predicate = true> <Delay = 0.00>
ST_3 : Operation 28 [1/1] (0.00ns)   --->   "%logits_buf_addr = getelementptr i32 %logits_buf, i64 0, i64 %zext_ln135" [softmax_accel_hls.cc:138]   --->   Operation 28 'getelementptr' 'logits_buf_addr' <Predicate = true> <Delay = 0.00>
ST_3 : Operation 29 [1/1] ( I:3.25ns O:3.25ns )   --->   "%store_ln138 = store i32 %x, i8 %logits_buf_addr" [softmax_accel_hls.cc:138]   --->   Operation 29 'store' 'store_ln138' <Predicate = true> <Delay = 3.25> <CoreInst = "RAM_1P_BRAM">   --->   Core 87 'RAM_1P_BRAM' <Latency = 1> <II = 1> <Delay = 3.25> <Storage> <Opcode : 'load' 'store'> <Ports = 1> <Width = 32> <Depth = 256> <RAM>
ST_3 : Operation 30 [1/1] (1.82ns)   --->   "%icmp_ln139 = icmp_eq  i9 %i_2, i9 0" [softmax_accel_hls.cc:139]   --->   Operation 30 'icmp' 'icmp_ln139' <Predicate = true> <Delay = 1.82> <CoreInst = "Cmp">   --->   Core 9 'Cmp' <Latency = 0> <II = 1> <Delay = 1.82> <FuncUnit> <Opcode : 'seteq' 'setne' 'setle' 'setge' 'setlt' 'setgt'> <InPorts = 2> <OutPorts = 1>
ST_3 : Operation 31 [1/1] (2.55ns)   --->   "%icmp_ln139_1 = icmp_sgt  i32 %x, i32 %max_x_load_1" [softmax_accel_hls.cc:139]   --->   Operation 31 'icmp' 'icmp_ln139_1' <Predicate = true> <Delay = 2.55> <CoreInst = "Cmp">   --->   Core 9 'Cmp' <Latency = 0> <II = 1> <Delay = 2.55> <FuncUnit> <Opcode : 'seteq' 'setne' 'setle' 'setge' 'setlt' 'setgt'> <InPorts = 2> <OutPorts = 1>
ST_3 : Operation 32 [1/1] (0.97ns)   --->   "%or_ln139 = or i1 %icmp_ln139, i1 %icmp_ln139_1" [softmax_accel_hls.cc:139]   --->   Operation 32 'or' 'or_ln139' <Predicate = true> <Delay = 0.97> <CoreInst = "LogicGate">   --->   Core 74 'LogicGate' <Latency = 0> <II = 1> <Delay = 0.97> <FuncUnit> <Opcode : 'and' 'or' 'xor'> <InPorts = 2> <OutPorts = 1>
ST_3 : Operation 33 [1/1] (0.69ns)   --->   "%max_x_2 = select i1 %or_ln139, i32 %x, i32 %max_x_load_1" [softmax_accel_hls.cc:139]   --->   Operation 33 'select' 'max_x_2' <Predicate = true> <Delay = 0.69> <CoreInst = "Sel">   --->   Core 73 'Sel' <Latency = 0> <II = 1> <Delay = 0.69> <FuncUnit> <Opcode : 'select'> <InPorts = 3> <OutPorts = 1>
ST_3 : Operation 34 [1/1] (1.58ns)   --->   "%store_ln132 = store i32 %max_x_2, i32 %max_x" [softmax_accel_hls.cc:132]   --->   Operation 34 'store' 'store_ln132' <Predicate = true> <Delay = 1.58>
ST_3 : Operation 35 [1/1] (0.00ns)   --->   "%br_ln135 = br void %for.body" [softmax_accel_hls.cc:135]   --->   Operation 35 'br' 'br_ln135' <Predicate = true> <Delay = 0.00>


============================================================
+ Verbose Summary: Binding
============================================================
STG Binding: 
---------------- STG Properties BEGIN ----------------
- Is combinational: 0
- Is one-state seq: 0
- Is datapath-only: 0
- Is pipelined: 0
- Is top level: 0
Port [ Return ] is wired: 1; IO mode=ap_ctrl_hs:ce=0
Port [ n]:  wired=1; compound=0; hidden=0; nouse=0; global=0; static=0; extern=0; dir=0; type=0; pingpong=0; private_global=0; IO mode=ap_none:ce=0
Port [ gmem]:  wired=1; compound=1; hidden=0; nouse=0; global=0; static=0; extern=0; dir=0; type=4; pingpong=0; private_global=0; IO mode=m_axi:ce=0
Port [ sext_ln135]:  wired=1; compound=0; hidden=0; nouse=0; global=0; static=0; extern=0; dir=0; type=0; pingpong=0; private_global=0; IO mode=ap_none:ce=0
Port [ logits_buf]:  wired=1; compound=1; hidden=0; nouse=0; global=0; static=0; extern=0; dir=1; type=1; pingpong=0; private_global=0; MemPort=[0]; IO mode=ap_memory:ce=0
Port [ max_x_out]:  wired=1; compound=0; hidden=0; nouse=0; global=0; static=0; extern=0; dir=1; type=0; pingpong=0; private_global=0; IO mode=ap_vld:ce=0
---------------- STG Properties END ------------------

---------------- Datapath Model BEGIN ----------------

<LifeTime>
<method=bitvector/>
max_x              (alloca           ) [ 0111]
i                  (alloca           ) [ 0100]
sext_ln135_read    (read             ) [ 0000]
n_read             (read             ) [ 0000]
sext_ln135_cast    (sext             ) [ 0110]
specmemcore_ln0    (specmemcore      ) [ 0000]
specinterface_ln0  (specinterface    ) [ 0000]
store_ln135        (store            ) [ 0000]
store_ln132        (store            ) [ 0000]
br_ln0             (br               ) [ 0000]
i_2                (load             ) [ 0111]
icmp_ln135         (icmp             ) [ 0110]
empty              (speclooptripcount) [ 0000]
add_ln135          (add              ) [ 0000]
br_ln135           (br               ) [ 0000]
store_ln135        (store            ) [ 0000]
gmem_addr          (getelementptr    ) [ 0000]
x                  (read             ) [ 0101]
max_x_load_1       (load             ) [ 0000]
zext_ln135         (zext             ) [ 0000]
specpipeline_ln136 (specpipeline     ) [ 0000]
specloopname_ln135 (specloopname     ) [ 0000]
logits_buf_addr    (getelementptr    ) [ 0000]
store_ln138        (store            ) [ 0000]
icmp_ln139         (icmp             ) [ 0000]
icmp_ln139_1       (icmp             ) [ 0000]
or_ln139           (or               ) [ 0000]
max_x_2            (select           ) [ 0000]
store_ln132        (store            ) [ 0000]
br_ln135           (br               ) [ 0000]
max_x_load         (load             ) [ 0000]
write_ln0          (write            ) [ 0000]
ret_ln0            (ret              ) [ 0000]
</LifeTime>

<model>

<comp_list>
<comp id="0" class="1000" name="n">
<pin_list>
<pin id="1" dir="1" index="0" bw="1" slack="0"/>
</pin_list>
<bind>
<StgValue><ssdm name="n"/></StgValue>
</bind>
</comp>

<comp id="2" class="1000" name="gmem">
<pin_list>
<pin id="3" dir="1" index="0" bw="1" slack="0"/>
</pin_list>
<bind>
<StgValue><ssdm name="gmem"/><MemPortTyVec>0 </MemPortTyVec>
</StgValue>
</bind>
</comp>

<comp id="4" class="1000" name="sext_ln135">
<pin_list>
<pin id="5" dir="1" index="0" bw="1" slack="0"/>
</pin_list>
<bind>
<StgValue><ssdm name="sext_ln135"/></StgValue>
</bind>
</comp>

<comp id="6" class="1000" name="logits_buf">
<pin_list>
<pin id="7" dir="1" index="0" bw="1" slack="0"/>
</pin_list>
<bind>
<StgValue><ssdm name="logits_buf"/><MemPortTyVec>0 </MemPortTyVec>
</StgValue>
</bind>
</comp>

<comp id="8" class="1000" name="max_x_out">
<pin_list>
<pin id="9" dir="1" index="0" bw="1" slack="0"/>
</pin_list>
<bind>
<StgValue><ssdm name="max_x_out"/></StgValue>
</bind>
</comp>

<comp id="10" class="1001" name="const_10">
<pin_list>
<pin id="11" dir="1" index="0" bw="1" slack="0"/>
</pin_list>
<bind>
<StgValue><ssdm name=""/></StgValue>
</bind>
</comp>

<comp id="12" class="1001" name="const_12">
<pin_list>
<pin id="13" dir="1" index="0" bw="1" slack="0"/>
</pin_list>
<bind>
<StgValue><ssdm name="_ssdm_op_Read.ap_auto.i62"/></StgValue>
</bind>
</comp>

<comp id="14" class="1001" name="const_14">
<pin_list>
<pin id="15" dir="1" index="0" bw="1" slack="0"/>
</pin_list>
<bind>
<StgValue><ssdm name="_ssdm_op_Read.ap_auto.i9"/></StgValue>
</bind>
</comp>

<comp id="16" class="1001" name="const_16">
<pin_list>
<pin id="17" dir="1" index="0" bw="1" slack="2147483647"/>
</pin_list>
<bind>
<StgValue><ssdm name="_ssdm_op_SpecMemCore"/></StgValue>
</bind>
</comp>

<comp id="18" class="1001" name="const_18">
<pin_list>
<pin id="19" dir="1" index="0" bw="1" slack="2147483647"/>
</pin_list>
<bind>
<StgValue><ssdm name=""/></StgValue>
</bind>
</comp>

<comp id="20" class="1001" name="const_20">
<pin_list>
<pin id="21" dir="1" index="0" bw="1" slack="2147483647"/>
</pin_list>
<bind>
<StgValue><ssdm name=""/></StgValue>
</bind>
</comp>

<comp id="22" class="1001" name="const_22">
<pin_list>
<pin id="23" dir="1" index="0" bw="1" slack="2147483647"/>
</pin_list>
<bind>
<StgValue><ssdm name=""/></StgValue>
</bind>
</comp>

<comp id="24" class="1001" name="const_24">
<pin_list>
<pin id="25" dir="1" index="0" bw="1" slack="2147483647"/>
</pin_list>
<bind>
<StgValue><ssdm name="_ssdm_op_SpecInterface"/></StgValue>
</bind>
</comp>

<comp id="26" class="1001" name="const_26">
<pin_list>
<pin id="27" dir="1" index="0" bw="1" slack="2147483647"/>
</pin_list>
<bind>
<StgValue><ssdm name="empty_1"/></StgValue>
</bind>
</comp>

<comp id="28" class="1001" name="const_28">
<pin_list>
<pin id="29" dir="1" index="0" bw="1" slack="0"/>
</pin_list>
<bind>
<StgValue><ssdm name=""/></StgValue>
</bind>
</comp>

<comp id="30" class="1001" name="const_30">
<pin_list>
<pin id="31" dir="1" index="0" bw="1" slack="2147483647"/>
</pin_list>
<bind>
<StgValue><ssdm name="empty_2"/></StgValue>
</bind>
</comp>

<comp id="32" class="1001" name="const_32">
<pin_list>
<pin id="33" dir="1" index="0" bw="1" slack="2147483647"/>
</pin_list>
<bind>
<StgValue><ssdm name=""/></StgValue>
</bind>
</comp>

<comp id="34" class="1001" name="const_34">
<pin_list>
<pin id="35" dir="1" index="0" bw="1" slack="2147483647"/>
</pin_list>
<bind>
<StgValue><ssdm name="empty_3"/></StgValue>
</bind>
</comp>

<comp id="36" class="1001" name="const_36">
<pin_list>
<pin id="37" dir="1" index="0" bw="1" slack="2147483647"/>
</pin_list>
<bind>
<StgValue><ssdm name="empty_4"/></StgValue>
</bind>
</comp>

<comp id="38" class="1001" name="const_38">
<pin_list>
<pin id="39" dir="1" index="0" bw="1" slack="2147483647"/>
</pin_list>
<bind>
<StgValue><ssdm name=""/></StgValue>
</bind>
</comp>

<comp id="40" class="1001" name="const_40">
<pin_list>
<pin id="41" dir="1" index="0" bw="1" slack="2147483647"/>
</pin_list>
<bind>
<StgValue><ssdm name=""/></StgValue>
</bind>
</comp>

<comp id="42" class="1001" name="const_42">
<pin_list>
<pin id="43" dir="1" index="0" bw="1" slack="0"/>
</pin_list>
<bind>
<StgValue><ssdm name=""/></StgValue>
</bind>
</comp>

<comp id="44" class="1001" name="const_44">
<pin_list>
<pin id="45" dir="1" index="0" bw="1" slack="2147483647"/>
</pin_list>
<bind>
<StgValue><ssdm name="_ssdm_op_SpecLoopTripCount"/></StgValue>
</bind>
</comp>

<comp id="46" class="1001" name="const_46">
<pin_list>
<pin id="47" dir="1" index="0" bw="1" slack="2147483647"/>
</pin_list>
<bind>
<StgValue><ssdm name=""/></StgValue>
</bind>
</comp>

<comp id="48" class="1001" name="const_48">
<pin_list>
<pin id="49" dir="1" index="0" bw="1" slack="2147483647"/>
</pin_list>
<bind>
<StgValue><ssdm name=""/></StgValue>
</bind>
</comp>

<comp id="50" class="1001" name="const_50">
<pin_list>
<pin id="51" dir="1" index="0" bw="1" slack="0"/>
</pin_list>
<bind>
<StgValue><ssdm name=""/></StgValue>
</bind>
</comp>

<comp id="52" class="1001" name="const_52">
<pin_list>
<pin id="53" dir="1" index="0" bw="1" slack="0"/>
</pin_list>
<bind>
<StgValue><ssdm name=""/></StgValue>
</bind>
</comp>

<comp id="54" class="1001" name="const_54">
<pin_list>
<pin id="55" dir="1" index="0" bw="1" slack="0"/>
</pin_list>
<bind>
<StgValue><ssdm name="_ssdm_op_Read.m_axi.p1i32"/></StgValue>
</bind>
</comp>

<comp id="56" class="1001" name="const_56">
<pin_list>
<pin id="57" dir="1" index="0" bw="1" slack="2147483647"/>
</pin_list>
<bind>
<StgValue><ssdm name="_ssdm_op_SpecPipeline"/></StgValue>
</bind>
</comp>

<comp id="58" class="1001" name="const_58">
<pin_list>
<pin id="59" dir="1" index="0" bw="1" slack="2147483647"/>
</pin_list>
<bind>
<StgValue><ssdm name="_ssdm_op_SpecLoopName"/></StgValue>
</bind>
</comp>

<comp id="60" class="1001" name="const_60">
<pin_list>
<pin id="61" dir="1" index="0" bw="1" slack="2147483647"/>
</pin_list>
<bind>
<StgValue><ssdm name="empty_6"/></StgValue>
</bind>
</comp>

<comp id="62" class="1001" name="const_62">
<pin_list>
<pin id="63" dir="1" index="0" bw="1" slack="0"/>
</pin_list>
<bind>
<StgValue><ssdm name="_ssdm_op_Write.ap_auto.i32P0A"/></StgValue>
</bind>
</comp>

<comp id="64" class="1004" name="max_x_fu_64">
<pin_list>
<pin id="65" dir="0" index="0" bw="1" slack="0"/>
<pin id="66" dir="1" index="1" bw="32" slack="0"/>
</pin_list>
<bind>
<opcode="alloca(26) " fcode="alloca"/>
<opset="max_x/1 "/>
</bind>
</comp>

<comp id="68" class="1004" name="i_fu_68">
<pin_list>
<pin id="69" dir="0" index="0" bw="1" slack="0"/>
<pin id="70" dir="1" index="1" bw="9" slack="0"/>
</pin_list>
<bind>
<opcode="alloca(26) " fcode="alloca"/>
<opset="i/1 "/>
</bind>
</comp>

<comp id="72" class="1004" name="sext_ln135_read_read_fu_72">
<pin_list>
<pin id="73" dir="0" index="0" bw="62" slack="0"/>
<pin id="74" dir="0" index="1" bw="62" slack="0"/>
<pin id="75" dir="1" index="2" bw="62" slack="0"/>
</pin_list>
<bind>
<opcode="read(1150) " fcode="read"/>
<opset="sext_ln135_read/1 "/>
</bind>
</comp>

<comp id="78" class="1004" name="n_read_read_fu_78">
<pin_list>
<pin id="79" dir="0" index="0" bw="9" slack="0"/>
<pin id="80" dir="0" index="1" bw="9" slack="0"/>
<pin id="81" dir="1" index="2" bw="9" slack="0"/>
</pin_list>
<bind>
<opcode="read(1150) " fcode="read"/>
<opset="n_read/1 "/>
</bind>
</comp>

<comp id="84" class="1004" name="write_ln0_write_fu_84">
<pin_list>
<pin id="85" dir="0" index="0" bw="0" slack="0"/>
<pin id="86" dir="0" index="1" bw="32" slack="0"/>
<pin id="87" dir="0" index="2" bw="32" slack="0"/>
<pin id="88" dir="1" index="3" bw="0" slack="2147483647"/>
</pin_list>
<bind>
<opcode="write(1151) " fcode="write"/>
<opset="write_ln0/2 "/>
</bind>
</comp>

<comp id="91" class="1004" name="logits_buf_addr_gep_fu_91">
<pin_list>
<pin id="92" dir="0" index="0" bw="32" slack="0"/>
<pin id="93" dir="0" index="1" bw="1" slack="0"/>
<pin id="94" dir="0" index="2" bw="9" slack="0"/>
<pin id="95" dir="1" index="3" bw="8" slack="0"/>
</pin_list>
<bind>
<opcode="getelementptr(29) " fcode="getelementptr"/>
<opset="logits_buf_addr/3 "/>
</bind>
</comp>

<comp id="98" class="1004" name="store_ln138_access_fu_98">
<pin_list>
<pin id="99" dir="0" index="0" bw="8" slack="0"/>
<pin id="100" dir="0" index="1" bw="32" slack="1"/>
<pin id="101" dir="0" index="2" bw="0" slack="2147483647"/>
<pin id="102" dir="1" index="3" bw="32" slack="2147483647"/>
</pin_list>
<bind>
<opcode="store(28) " fcode="store"/>
<opset="store_ln138/3 "/>
</bind>
</comp>

<comp id="104" class="1004" name="x_read_fu_104">
<pin_list>
<pin id="105" dir="0" index="0" bw="32" slack="0"/>
<pin id="106" dir="0" index="1" bw="32" slack="0"/>
<pin id="107" dir="1" index="2" bw="32" slack="1"/>
</pin_list>
<bind>
<opcode="read(1150) " fcode="read"/>
<opset="x/2 "/>
</bind>
</comp>

<comp id="109" class="1004" name="sext_ln135_cast_fu_109">
<pin_list>
<pin id="110" dir="0" index="0" bw="62" slack="0"/>
<pin id="111" dir="1" index="1" bw="64" slack="1"/>
</pin_list>
<bind>
<opcode="sext(35) " fcode="sext"/>
<opset="sext_ln135_cast/1 "/>
</bind>
</comp>

<comp id="113" class="1004" name="store_ln135_store_fu_113">
<pin_list>
<pin id="114" dir="0" index="0" bw="1" slack="0"/>
<pin id="115" dir="0" index="1" bw="9" slack="0"/>
<pin id="116" dir="1" index="2" bw="0" slack="2147483647"/>
</pin_list>
<bind>
<opcode="store(28) " fcode="store"/>
<opset="store_ln135/1 "/>
</bind>
</comp>

<comp id="118" class="1004" name="store_ln132_store_fu_118">
<pin_list>
<pin id="119" dir="0" index="0" bw="1" slack="0"/>
<pin id="120" dir="0" index="1" bw="32" slack="0"/>
<pin id="121" dir="1" index="2" bw="0" slack="2147483647"/>
</pin_list>
<bind>
<opcode="store(28) " fcode="store"/>
<opset="store_ln132/1 "/>
</bind>
</comp>

<comp id="123" class="1004" name="i_2_load_fu_123">
<pin_list>
<pin id="124" dir="0" index="0" bw="9" slack="0"/>
<pin id="125" dir="1" index="1" bw="9" slack="0"/>
</pin_list>
<bind>
<opcode="load(27) " fcode="load"/>
<opset="i_2/1 "/>
</bind>
</comp>

<comp id="126" class="1004" name="icmp_ln135_fu_126">
<pin_list>
<pin id="127" dir="0" index="0" bw="9" slack="0"/>
<pin id="128" dir="0" index="1" bw="9" slack="0"/>
<pin id="129" dir="1" index="2" bw="1" slack="1"/>
</pin_list>
<bind>
<opcode="icmp(45) " fcode="icmp"/>
<opset="icmp_ln135/1 "/>
</bind>
</comp>

<comp id="132" class="1004" name="add_ln135_fu_132">
<pin_list>
<pin id="133" dir="0" index="0" bw="9" slack="0"/>
<pin id="134" dir="0" index="1" bw="1" slack="0"/>
<pin id="135" dir="1" index="2" bw="9" slack="0"/>
</pin_list>
<bind>
<opcode="add(8) " fcode="add"/>
<opset="add_ln135/1 "/>
</bind>
</comp>

<comp id="138" class="1004" name="store_ln135_store_fu_138">
<pin_list>
<pin id="139" dir="0" index="0" bw="9" slack="0"/>
<pin id="140" dir="0" index="1" bw="9" slack="0"/>
<pin id="141" dir="1" index="2" bw="0" slack="2147483647"/>
</pin_list>
<bind>
<opcode="store(28) " fcode="store"/>
<opset="store_ln135/1 "/>
</bind>
</comp>

<comp id="143" class="1004" name="gmem_addr_fu_143">
<pin_list>
<pin id="144" dir="0" index="0" bw="64" slack="0"/>
<pin id="145" dir="0" index="1" bw="64" slack="1"/>
<pin id="146" dir="1" index="2" bw="64" slack="0"/>
</pin_list>
<bind>
<opcode="getelementptr(29) " fcode="getelementptr"/>
<opset="gmem_addr/2 "/>
</bind>
</comp>

<comp id="149" class="1004" name="max_x_load_1_load_fu_149">
<pin_list>
<pin id="150" dir="0" index="0" bw="32" slack="2"/>
<pin id="151" dir="1" index="1" bw="32" slack="0"/>
</pin_list>
<bind>
<opcode="load(27) " fcode="load"/>
<opset="max_x_load_1/3 "/>
</bind>
</comp>

<comp id="152" class="1004" name="zext_ln135_fu_152">
<pin_list>
<pin id="153" dir="0" index="0" bw="9" slack="2"/>
<pin id="154" dir="1" index="1" bw="64" slack="0"/>
</pin_list>
<bind>
<opcode="zext(34) " fcode="zext"/>
<opset="zext_ln135/3 "/>
</bind>
</comp>

<comp id="156" class="1004" name="icmp_ln139_fu_156">
<pin_list>
<pin id="157" dir="0" index="0" bw="9" slack="2"/>
<pin id="158" dir="0" index="1" bw="9" slack="0"/>
<pin id="159" dir="1" index="2" bw="1" slack="0"/>
</pin_list>
<bind>
<opcode="icmp(45) " fcode="icmp"/>
<opset="icmp_ln139/3 "/>
</bind>
</comp>

<comp id="161" class="1004" name="icmp_ln139_1_fu_161">
<pin_list>
<pin id="162" dir="0" index="0" bw="32" slack="1"/>
<pin id="163" dir="0" index="1" bw="32" slack="0"/>
<pin id="164" dir="1" index="2" bw="1" slack="0"/>
</pin_list>
<bind>
<opcode="icmp(45) " fcode="icmp"/>
<opset="icmp_ln139_1/3 "/>
</bind>
</comp>

<comp id="166" class="1004" name="or_ln139_fu_166">
<pin_list>
<pin id="167" dir="0" index="0" bw="1" slack="0"/>
<pin id="168" dir="0" index="1" bw="1" slack="0"/>
<pin id="169" dir="1" index="2" bw="1" slack="0"/>
</pin_list>
<bind>
<opcode="or(24) " fcode="or"/>
<opset="or_ln139/3 "/>
</bind>
</comp>

<comp id="172" class="1004" name="max_x_2_fu_172">
<pin_list>
<pin id="173" dir="0" index="0" bw="1" slack="0"/>
<pin id="174" dir="0" index="1" bw="32" slack="1"/>
<pin id="175" dir="0" index="2" bw="32" slack="0"/>
<pin id="176" dir="1" index="3" bw="32" slack="0"/>
</pin_list>
<bind>
<opcode="select(49) " fcode="select"/>
<opset="max_x_2/3 "/>
</bind>
</comp>

<comp id="179" class="1004" name="store_ln132_store_fu_179">
<pin_list>
<pin id="180" dir="0" index="0" bw="32" slack="0"/>
<pin id="181" dir="0" index="1" bw="32" slack="2"/>
<pin id="182" dir="1" index="2" bw="0" slack="2147483647"/>
</pin_list>
<bind>
<opcode="store(28) " fcode="store"/>
<opset="store_ln132/3 "/>
</bind>
</comp>

<comp id="184" class="1004" name="max_x_load_load_fu_184">
<pin_list>
<pin id="185" dir="0" index="0" bw="32" slack="1"/>
<pin id="186" dir="1" index="1" bw="32" slack="0"/>
</pin_list>
<bind>
<opcode="load(27) " fcode="load"/>
<opset="max_x_load/2 "/>
</bind>
</comp>

<comp id="188" class="1005" name="max_x_reg_188">
<pin_list>
<pin id="189" dir="0" index="0" bw="32" slack="0"/>
<pin id="190" dir="1" index="1" bw="32" slack="0"/>
</pin_list>
<bind>
<opset="max_x "/>
</bind>
</comp>

<comp id="196" class="1005" name="i_reg_196">
<pin_list>
<pin id="197" dir="0" index="0" bw="9" slack="0"/>
<pin id="198" dir="1" index="1" bw="9" slack="0"/>
</pin_list>
<bind>
<opset="i "/>
</bind>
</comp>

<comp id="203" class="1005" name="sext_ln135_cast_reg_203">
<pin_list>
<pin id="204" dir="0" index="0" bw="64" slack="1"/>
<pin id="205" dir="1" index="1" bw="64" slack="1"/>
</pin_list>
<bind>
<opset="sext_ln135_cast "/>
</bind>
</comp>

<comp id="208" class="1005" name="i_2_reg_208">
<pin_list>
<pin id="209" dir="0" index="0" bw="9" slack="2"/>
<pin id="210" dir="1" index="1" bw="9" slack="2"/>
</pin_list>
<bind>
<opset="i_2 "/>
</bind>
</comp>

<comp id="214" class="1005" name="icmp_ln135_reg_214">
<pin_list>
<pin id="215" dir="0" index="0" bw="1" slack="1"/>
<pin id="216" dir="1" index="1" bw="1" slack="2147483647"/>
</pin_list>
<bind>
<opset="icmp_ln135 "/>
</bind>
</comp>

<comp id="218" class="1005" name="x_reg_218">
<pin_list>
<pin id="219" dir="0" index="0" bw="32" slack="1"/>
<pin id="220" dir="1" index="1" bw="32" slack="1"/>
</pin_list>
<bind>
<opset="x "/>
</bind>
</comp>

</comp_list>

<net_list>
<net id="67"><net_src comp="10" pin="0"/><net_sink comp="64" pin=0"/></net>

<net id="71"><net_src comp="10" pin="0"/><net_sink comp="68" pin=0"/></net>

<net id="76"><net_src comp="12" pin="0"/><net_sink comp="72" pin=0"/></net>

<net id="77"><net_src comp="4" pin="0"/><net_sink comp="72" pin=1"/></net>

<net id="82"><net_src comp="14" pin="0"/><net_sink comp="78" pin=0"/></net>

<net id="83"><net_src comp="0" pin="0"/><net_sink comp="78" pin=1"/></net>

<net id="89"><net_src comp="62" pin="0"/><net_sink comp="84" pin=0"/></net>

<net id="90"><net_src comp="8" pin="0"/><net_sink comp="84" pin=1"/></net>

<net id="96"><net_src comp="6" pin="0"/><net_sink comp="91" pin=0"/></net>

<net id="97"><net_src comp="50" pin="0"/><net_sink comp="91" pin=1"/></net>

<net id="103"><net_src comp="91" pin="3"/><net_sink comp="98" pin=0"/></net>

<net id="108"><net_src comp="54" pin="0"/><net_sink comp="104" pin=0"/></net>

<net id="112"><net_src comp="72" pin="2"/><net_sink comp="109" pin=0"/></net>

<net id="117"><net_src comp="42" pin="0"/><net_sink comp="113" pin=0"/></net>

<net id="122"><net_src comp="28" pin="0"/><net_sink comp="118" pin=0"/></net>

<net id="130"><net_src comp="123" pin="1"/><net_sink comp="126" pin=0"/></net>

<net id="131"><net_src comp="78" pin="2"/><net_sink comp="126" pin=1"/></net>

<net id="136"><net_src comp="123" pin="1"/><net_sink comp="132" pin=0"/></net>

<net id="137"><net_src comp="52" pin="0"/><net_sink comp="132" pin=1"/></net>

<net id="142"><net_src comp="132" pin="2"/><net_sink comp="138" pin=0"/></net>

<net id="147"><net_src comp="2" pin="0"/><net_sink comp="143" pin=0"/></net>

<net id="148"><net_src comp="143" pin="2"/><net_sink comp="104" pin=1"/></net>

<net id="155"><net_src comp="152" pin="1"/><net_sink comp="91" pin=2"/></net>

<net id="160"><net_src comp="42" pin="0"/><net_sink comp="156" pin=1"/></net>

<net id="165"><net_src comp="149" pin="1"/><net_sink comp="161" pin=1"/></net>

<net id="170"><net_src comp="156" pin="2"/><net_sink comp="166" pin=0"/></net>

<net id="171"><net_src comp="161" pin="2"/><net_sink comp="166" pin=1"/></net>

<net id="177"><net_src comp="166" pin="2"/><net_sink comp="172" pin=0"/></net>

<net id="178"><net_src comp="149" pin="1"/><net_sink comp="172" pin=2"/></net>

<net id="183"><net_src comp="172" pin="3"/><net_sink comp="179" pin=0"/></net>

<net id="187"><net_src comp="184" pin="1"/><net_sink comp="84" pin=2"/></net>

<net id="191"><net_src comp="64" pin="1"/><net_sink comp="188" pin=0"/></net>

<net id="192"><net_src comp="188" pin="1"/><net_sink comp="118" pin=1"/></net>

<net id="193"><net_src comp="188" pin="1"/><net_sink comp="149" pin=0"/></net>

<net id="194"><net_src comp="188" pin="1"/><net_sink comp="179" pin=1"/></net>

<net id="195"><net_src comp="188" pin="1"/><net_sink comp="184" pin=0"/></net>

<net id="199"><net_src comp="68" pin="1"/><net_sink comp="196" pin=0"/></net>

<net id="200"><net_src comp="196" pin="1"/><net_sink comp="113" pin=1"/></net>

<net id="201"><net_src comp="196" pin="1"/><net_sink comp="123" pin=0"/></net>

<net id="202"><net_src comp="196" pin="1"/><net_sink comp="138" pin=1"/></net>

<net id="206"><net_src comp="109" pin="1"/><net_sink comp="203" pin=0"/></net>

<net id="207"><net_src comp="203" pin="1"/><net_sink comp="143" pin=1"/></net>

<net id="211"><net_src comp="123" pin="1"/><net_sink comp="208" pin=0"/></net>

<net id="212"><net_src comp="208" pin="1"/><net_sink comp="152" pin=0"/></net>

<net id="213"><net_src comp="208" pin="1"/><net_sink comp="156" pin=0"/></net>

<net id="217"><net_src comp="126" pin="2"/><net_sink comp="214" pin=0"/></net>

<net id="221"><net_src comp="104" pin="2"/><net_sink comp="218" pin=0"/></net>

<net id="222"><net_src comp="218" pin="1"/><net_sink comp="98" pin=1"/></net>

<net id="223"><net_src comp="218" pin="1"/><net_sink comp="161" pin=0"/></net>

<net id="224"><net_src comp="218" pin="1"/><net_sink comp="172" pin=1"/></net>

</net_list>

</model> 
---------------- Datapath Model END ------------------

* FSMD analyzer results:
  - Output states:
	Port: gmem | {}
	Port: logits_buf | {3 }
	Port: max_x_out | {2 }
 - Input state : 
	Port: load_logits_and_find_max_Pipeline_load_loop : n | {1 }
	Port: load_logits_and_find_max_Pipeline_load_loop : gmem | {2 }
	Port: load_logits_and_find_max_Pipeline_load_loop : sext_ln135 | {1 }
	Port: load_logits_and_find_max_Pipeline_load_loop : logits_buf | {}
  - Chain level:
	State 1
		store_ln135 : 1
		store_ln132 : 1
		i_2 : 1
		icmp_ln135 : 2
		add_ln135 : 2
		br_ln135 : 3
		store_ln135 : 3
	State 2
		x : 1
		write_ln0 : 1
	State 3
		logits_buf_addr : 1
		store_ln138 : 2
		icmp_ln139_1 : 1
		or_ln139 : 2
		max_x_2 : 2
		store_ln132 : 3


============================================================
+ Verbose Summary: Datapath Resource usage 
============================================================

* Functional unit list:
|----------|----------------------------|---------|---------|
| Operation|       Functional Unit      |    FF   |   LUT   |
|----------|----------------------------|---------|---------|
|          |      icmp_ln135_fu_126     |    0    |    14   |
|   icmp   |      icmp_ln139_fu_156     |    0    |    14   |
|          |     icmp_ln139_1_fu_161    |    0    |    39   |
|----------|----------------------------|---------|---------|
|  select  |       max_x_2_fu_172       |    0    |    32   |
|----------|----------------------------|---------|---------|
|    add   |      add_ln135_fu_132      |    0    |    14   |
|----------|----------------------------|---------|---------|
|    or    |       or_ln139_fu_166      |    0    |    2    |
|----------|----------------------------|---------|---------|
|          | sext_ln135_read_read_fu_72 |    0    |    0    |
|   read   |      n_read_read_fu_78     |    0    |    0    |
|          |        x_read_fu_104       |    0    |    0    |
|----------|----------------------------|---------|---------|
|   write  |    write_ln0_write_fu_84   |    0    |    0    |
|----------|----------------------------|---------|---------|
|   sext   |   sext_ln135_cast_fu_109   |    0    |    0    |
|----------|----------------------------|---------|---------|
|   zext   |      zext_ln135_fu_152     |    0    |    0    |
|----------|----------------------------|---------|---------|
|   Total  |                            |    0    |   115   |
|----------|----------------------------|---------|---------|

Memories:
N/A

* Register list:
+-----------------------+--------+
|                       |   FF   |
+-----------------------+--------+
|      i_2_reg_208      |    9   |
|       i_reg_196       |    9   |
|   icmp_ln135_reg_214  |    1   |
|     max_x_reg_188     |   32   |
|sext_ln135_cast_reg_203|   64   |
|       x_reg_218       |   32   |
+-----------------------+--------+
|         Total         |   147  |
+-----------------------+--------+

* Multiplexer (MUX) list: 
|--------|------|------|------|--------|
|  Comp  |  Pin | Size |  BW  | S x BW |
|--------|------|------|------|--------|
|  Total |      |      |      |    0   |
|--------|------|------|------|--------|



* Summary:
+-----------+--------+--------+
|           |   FF   |   LUT  |
+-----------+--------+--------+
|  Function |    0   |   115  |
|   Memory  |    -   |    -   |
|Multiplexer|    -   |    -   |
|  Register |   147  |    -   |
+-----------+--------+--------+
|   Total   |   147  |   115  |
+-----------+--------+--------+
