

================================================================
== Vitis HLS Report for 'load_logits_and_find_max'
================================================================
* Date:           Sat Mar 14 13:29:02 2026

* Version:        2025.1 (Build 6135595 on May 21 2025)
* Project:        Prometheus_streaming
* Solution:       hls (Vivado IP Flow Target)
* Product family: zynq
* Target device:  xc7z020-clg400-1


================================================================
== Performance Estimates
================================================================
+ Timing: 
    * Summary: 
    +--------+----------+----------+------------+
    |  Clock |  Target  | Estimated| Uncertainty|
    +--------+----------+----------+------------+
    |ap_clk  |  11.80 ns|  8.614 ns|     3.19 ns|
    +--------+----------+----------+------------+

+ Latency: 
    * Summary: 
    +---------+---------+----------+----------+-----+-----+---------+
    |  Latency (cycles) |  Latency (absolute) |  Interval | Pipeline|
    |   min   |   max   |    min   |    max   | min | max |   Type  |
    +---------+---------+----------+----------+-----+-----+---------+
    |       15|      270|  0.177 us|  3.186 us|   15|  270|       no|
    +---------+---------+----------+----------+-----+-----+---------+

    + Detail: 
        * Instance: 
        +-------------------------------------------------------+---------------------------------------------+---------+---------+-----------+----------+-----+-----+------------------------------------------------+
        |                                                       |                                             |  Latency (cycles) |  Latency (absolute)  |  Interval |                    Pipeline                    |
        |                        Instance                       |                    Module                   |   min   |   max   |    min    |    max   | min | max |                      Type                      |
        +-------------------------------------------------------+---------------------------------------------+---------+---------+-----------+----------+-----+-----+------------------------------------------------+
        |grp_load_logits_and_find_max_Pipeline_load_loop_fu_86  |load_logits_and_find_max_Pipeline_load_loop  |        4|      259|  47.200 ns|  3.056 us|    2|  257|  loop auto-rewind stp (delay=0 clock cycles(s))|
        +-------------------------------------------------------+---------------------------------------------+---------+---------+-----------+----------+-----+-----+------------------------------------------------+

        * Loop: 
        N/A

============================================================
+ Verbose Summary: Synthesis Manager
============================================================
InlineROM: 1
ExposeGlobal: 0
============================================================
+ Verbose Summary: CDFG Model
============================================================
IsTopModel: 0
ResetActiveHigh: 1
IsCombinational: 0
IsDatapathOnly: 0
HasWiredReturn: 1
HasMFsm: 0
HasVarLatency: 1
IsPipeline: 0
IsRtlPipelined: 0
IsInstanceOverlapped: 0
IsDontTouch: 0
HasImplIP: 0
IsGatedGlobalClock: 0


============================================================
+ Verbose Summary: Schedule
============================================================
* Number of FSM states : 12
* Pipeline : 0
* Dataflow Pipeline: 0

* FSM state transitions: 
1 --> 2 
2 --> 3 
3 --> 4 
4 --> 5 
5 --> 6 
6 --> 7 
7 --> 8 
8 --> 9 
9 --> 10 
10 --> 11 
11 --> 12 
12 --> 

* FSM state operations: 

State 1 <SV = 0> <Delay = 3.52>
ST_1 : Operation 13 [1/1] (0.00ns)   --->   "%in_w_read = read i30 @_ssdm_op_Read.ap_auto.i30, i30 %in_w"   --->   Operation 13 'read' 'in_w_read' <Predicate = true> <Delay = 0.00>
ST_1 : Operation 14 [1/1] (0.00ns)   --->   "%mem_read = read i64 @_ssdm_op_Read.ap_auto.i64, i64 %mem"   --->   Operation 14 'read' 'mem_read' <Predicate = true> <Delay = 0.00>
ST_1 : Operation 15 [1/1] (0.00ns)   --->   "%max_x_loc = alloca i64 1"   --->   Operation 15 'alloca' 'max_x_loc' <Predicate = true> <Delay = 0.00>
ST_1 : Operation 16 [1/1] (0.00ns)   --->   "%shl_ln = bitconcatenate i32 @_ssdm_op_BitConcatenate.i32.i30.i2, i30 %in_w_read, i2 0" [softmax_accel_hls.cc:135]   --->   Operation 16 'bitconcatenate' 'shl_ln' <Predicate = true> <Delay = 0.00>
ST_1 : Operation 17 [1/1] (0.00ns)   --->   "%zext_ln135 = zext i32 %shl_ln" [softmax_accel_hls.cc:135]   --->   Operation 17 'zext' 'zext_ln135' <Predicate = true> <Delay = 0.00>
ST_1 : Operation 18 [1/1] (3.52ns)   --->   "%add_ln135 = add i64 %zext_ln135, i64 %mem_read" [softmax_accel_hls.cc:135]   --->   Operation 18 'add' 'add_ln135' <Predicate = true> <Delay = 3.52> <CoreInst = "Adder">   --->   Core 1 'Adder' <Latency = 0> <II = 1> <Delay = 3.52> <FuncUnit> <Opcode : 'add' 'sub'> <InPorts = 2> <OutPorts = 1>
ST_1 : Operation 19 [1/1] (0.00ns)   --->   "%trunc_ln = partselect i62 @_ssdm_op_PartSelect.i62.i64.i32.i32, i64 %add_ln135, i32 2, i32 63" [softmax_accel_hls.cc:135]   --->   Operation 19 'partselect' 'trunc_ln' <Predicate = true> <Delay = 0.00>

State 2 <SV = 1> <Delay = 8.61>
ST_2 : Operation 20 [1/1] (0.00ns)   --->   "%n_read = read i9 @_ssdm_op_Read.ap_auto.i9, i9 %n"   --->   Operation 20 'read' 'n_read' <Predicate = true> <Delay = 0.00>
ST_2 : Operation 21 [1/1] (0.00ns)   --->   "%wide_trip_count = zext i9 %n_read"   --->   Operation 21 'zext' 'wide_trip_count' <Predicate = true> <Delay = 0.00>
ST_2 : Operation 22 [1/1] (0.00ns)   --->   "%sext_ln135 = sext i62 %trunc_ln" [softmax_accel_hls.cc:135]   --->   Operation 22 'sext' 'sext_ln135' <Predicate = true> <Delay = 0.00>
ST_2 : Operation 23 [1/1] (0.00ns)   --->   "%gmem_addr = getelementptr i32 %gmem, i64 %sext_ln135" [softmax_accel_hls.cc:135]   --->   Operation 23 'getelementptr' 'gmem_addr' <Predicate = true> <Delay = 0.00>
ST_2 : Operation 24 [8/8] (8.61ns)   --->   "%empty = readreq i1 @_ssdm_op_ReadReq.m_axi.p1i32, i32 %gmem_addr, i64 %wide_trip_count" [softmax_accel_hls.cc:135]   --->   Operation 24 'readreq' 'empty' <Predicate = true> <Delay = 8.61> <CoreInst = "m_axi">   --->   Core 111 'm_axi' <Latency = 6> <II = 1> <Delay = 1.00> <Adapter> <Opcode : 'read' 'write' 'readreq' 'writereq' 'writeresp'>

State 3 <SV = 2> <Delay = 8.61>
ST_3 : Operation 25 [7/8] (8.61ns)   --->   "%empty = readreq i1 @_ssdm_op_ReadReq.m_axi.p1i32, i32 %gmem_addr, i64 %wide_trip_count" [softmax_accel_hls.cc:135]   --->   Operation 25 'readreq' 'empty' <Predicate = true> <Delay = 8.61> <CoreInst = "m_axi">   --->   Core 111 'm_axi' <Latency = 6> <II = 1> <Delay = 1.00> <Adapter> <Opcode : 'read' 'write' 'readreq' 'writereq' 'writeresp'>

State 4 <SV = 3> <Delay = 8.61>
ST_4 : Operation 26 [6/8] (8.61ns)   --->   "%empty = readreq i1 @_ssdm_op_ReadReq.m_axi.p1i32, i32 %gmem_addr, i64 %wide_trip_count" [softmax_accel_hls.cc:135]   --->   Operation 26 'readreq' 'empty' <Predicate = true> <Delay = 8.61> <CoreInst = "m_axi">   --->   Core 111 'm_axi' <Latency = 6> <II = 1> <Delay = 1.00> <Adapter> <Opcode : 'read' 'write' 'readreq' 'writereq' 'writeresp'>

State 5 <SV = 4> <Delay = 8.61>
ST_5 : Operation 27 [5/8] (8.61ns)   --->   "%empty = readreq i1 @_ssdm_op_ReadReq.m_axi.p1i32, i32 %gmem_addr, i64 %wide_trip_count" [softmax_accel_hls.cc:135]   --->   Operation 27 'readreq' 'empty' <Predicate = true> <Delay = 8.61> <CoreInst = "m_axi">   --->   Core 111 'm_axi' <Latency = 6> <II = 1> <Delay = 1.00> <Adapter> <Opcode : 'read' 'write' 'readreq' 'writereq' 'writeresp'>

State 6 <SV = 5> <Delay = 8.61>
ST_6 : Operation 28 [4/8] (8.61ns)   --->   "%empty = readreq i1 @_ssdm_op_ReadReq.m_axi.p1i32, i32 %gmem_addr, i64 %wide_trip_count" [softmax_accel_hls.cc:135]   --->   Operation 28 'readreq' 'empty' <Predicate = true> <Delay = 8.61> <CoreInst = "m_axi">   --->   Core 111 'm_axi' <Latency = 6> <II = 1> <Delay = 1.00> <Adapter> <Opcode : 'read' 'write' 'readreq' 'writereq' 'writeresp'>

State 7 <SV = 6> <Delay = 8.61>
ST_7 : Operation 29 [3/8] (8.61ns)   --->   "%empty = readreq i1 @_ssdm_op_ReadReq.m_axi.p1i32, i32 %gmem_addr, i64 %wide_trip_count" [softmax_accel_hls.cc:135]   --->   Operation 29 'readreq' 'empty' <Predicate = true> <Delay = 8.61> <CoreInst = "m_axi">   --->   Core 111 'm_axi' <Latency = 6> <II = 1> <Delay = 1.00> <Adapter> <Opcode : 'read' 'write' 'readreq' 'writereq' 'writeresp'>

State 8 <SV = 7> <Delay = 8.61>
ST_8 : Operation 30 [2/8] (8.61ns)   --->   "%empty = readreq i1 @_ssdm_op_ReadReq.m_axi.p1i32, i32 %gmem_addr, i64 %wide_trip_count" [softmax_accel_hls.cc:135]   --->   Operation 30 'readreq' 'empty' <Predicate = true> <Delay = 8.61> <CoreInst = "m_axi">   --->   Core 111 'm_axi' <Latency = 6> <II = 1> <Delay = 1.00> <Adapter> <Opcode : 'read' 'write' 'readreq' 'writereq' 'writeresp'>

State 9 <SV = 8> <Delay = 8.61>
ST_9 : Operation 31 [1/8] (8.61ns)   --->   "%empty = readreq i1 @_ssdm_op_ReadReq.m_axi.p1i32, i32 %gmem_addr, i64 %wide_trip_count" [softmax_accel_hls.cc:135]   --->   Operation 31 'readreq' 'empty' <Predicate = true> <Delay = 8.61> <CoreInst = "m_axi">   --->   Core 111 'm_axi' <Latency = 6> <II = 1> <Delay = 1.00> <Adapter> <Opcode : 'read' 'write' 'readreq' 'writereq' 'writeresp'>

State 10 <SV = 9> <Delay = 3.41>
ST_10 : Operation 32 [2/2] (3.41ns)   --->   "%call_ln135 = call void @load_logits_and_find_max_Pipeline_load_loop, i9 %n_read, i32 %gmem, i62 %trunc_ln, i32 %logits_buf, i32 %max_x_loc" [softmax_accel_hls.cc:135]   --->   Operation 32 'call' 'call_ln135' <Predicate = true> <Delay = 3.41> <CoreType = "Generic">   --->   Generic Core

State 11 <SV = 10> <Delay = 0.00>
ST_11 : Operation 33 [1/2] (0.00ns)   --->   "%call_ln135 = call void @load_logits_and_find_max_Pipeline_load_loop, i9 %n_read, i32 %gmem, i62 %trunc_ln, i32 %logits_buf, i32 %max_x_loc" [softmax_accel_hls.cc:135]   --->   Operation 33 'call' 'call_ln135' <Predicate = true> <Delay = 0.00> <CoreType = "Generic">   --->   Generic Core

State 12 <SV = 11> <Delay = 0.00>
ST_12 : Operation 34 [1/1] (0.00ns)   --->   "%specmemcore_ln0 = specmemcore void @_ssdm_op_SpecMemCore, i32 %logits_buf, i64 666, i64 18, i64 18446744073709551615"   --->   Operation 34 'specmemcore' 'specmemcore_ln0' <Predicate = true> <Delay = 0.00>
ST_12 : Operation 35 [1/1] (0.00ns)   --->   "%specinterface_ln0 = specinterface void @_ssdm_op_SpecInterface, i32 %gmem, void @empty_1, i32 0, i32 0, void @empty_2, i32 0, i32 16384, void @empty_3, void @empty_4, void @empty_2, i32 16, i32 16, i32 16, i32 16, void @empty_2, void @empty_2, i32 4294967295, i32 0, i32 0"   --->   Operation 35 'specinterface' 'specinterface_ln0' <Predicate = true> <Delay = 0.00>
ST_12 : Operation 36 [1/1] (0.00ns)   --->   "%max_x_loc_load = load i32 %max_x_loc"   --->   Operation 36 'load' 'max_x_loc_load' <Predicate = true> <Delay = 0.00>
ST_12 : Operation 37 [1/1] (0.00ns)   --->   "%ret_ln145 = ret i32 %max_x_loc_load" [softmax_accel_hls.cc:145]   --->   Operation 37 'ret' 'ret_ln145' <Predicate = true> <Delay = 0.00>


============================================================
+ Verbose Summary: Binding
============================================================
STG Binding: 
---------------- STG Properties BEGIN ----------------
- Is combinational: 0
- Is one-state seq: 0
- Is datapath-only: 0
- Is pipelined: 0
- Is top level: 0
Port [ Return ] is wired: 1; IO mode=ap_ctrl_hs:ce=0
Port [ gmem]:  wired=1; compound=1; hidden=0; nouse=0; global=0; static=0; extern=0; dir=0; type=4; pingpong=0; private_global=0; IO mode=m_axi:ce=0
Port [ mem]:  wired=1; compound=0; hidden=0; nouse=0; global=0; static=0; extern=0; dir=0; type=0; pingpong=0; private_global=0; IO mode=ap_none:ce=0
Port [ in_w]:  wired=1; compound=0; hidden=0; nouse=0; global=0; static=0; extern=0; dir=0; type=0; pingpong=0; private_global=0; IO mode=ap_none:ce=0
Port [ n]:  wired=1; compound=0; hidden=0; nouse=0; global=0; static=0; extern=0; dir=0; type=0; pingpong=0; private_global=0; IO mode=ap_none:ce=0
Port [ logits_buf]:  wired=1; compound=1; hidden=0; nouse=0; global=0; static=0; extern=0; dir=1; type=1; pingpong=0; private_global=0; MemPort=[0]; IO mode=ap_memory:ce=0
---------------- STG Properties END ------------------

---------------- Datapath Model BEGIN ----------------

<LifeTime>
<method=bitvector/>
in_w_read         (read          ) [ 0000000000000]
mem_read          (read          ) [ 0000000000000]
max_x_loc         (alloca        ) [ 0011111111111]
shl_ln            (bitconcatenate) [ 0000000000000]
zext_ln135        (zext          ) [ 0000000000000]
add_ln135         (add           ) [ 0000000000000]
trunc_ln          (partselect    ) [ 0011111111110]
n_read            (read          ) [ 0001111111110]
wide_trip_count   (zext          ) [ 0001111111000]
sext_ln135        (sext          ) [ 0000000000000]
gmem_addr         (getelementptr ) [ 0001111111000]
empty             (readreq       ) [ 0000000000000]
call_ln135        (call          ) [ 0000000000000]
specmemcore_ln0   (specmemcore   ) [ 0000000000000]
specinterface_ln0 (specinterface ) [ 0000000000000]
max_x_loc_load    (load          ) [ 0000000000000]
ret_ln145         (ret           ) [ 0000000000000]
</LifeTime>

<model>

<comp_list>
<comp id="0" class="1000" name="gmem">
<pin_list>
<pin id="1" dir="1" index="0" bw="1" slack="0"/>
</pin_list>
<bind>
<StgValue><ssdm name="gmem"/><MemPortTyVec>0 </MemPortTyVec>
</StgValue>
</bind>
</comp>

<comp id="2" class="1000" name="mem">
<pin_list>
<pin id="3" dir="1" index="0" bw="1" slack="0"/>
</pin_list>
<bind>
<StgValue><ssdm name="mem"/></StgValue>
</bind>
</comp>

<comp id="4" class="1000" name="in_w">
<pin_list>
<pin id="5" dir="1" index="0" bw="1" slack="0"/>
</pin_list>
<bind>
<StgValue><ssdm name="in_w"/></StgValue>
</bind>
</comp>

<comp id="6" class="1000" name="n">
<pin_list>
<pin id="7" dir="1" index="0" bw="1" slack="0"/>
</pin_list>
<bind>
<StgValue><ssdm name="n"/></StgValue>
</bind>
</comp>

<comp id="8" class="1000" name="logits_buf">
<pin_list>
<pin id="9" dir="1" index="0" bw="1" slack="0"/>
</pin_list>
<bind>
<StgValue><ssdm name="logits_buf"/><MemPortTyVec>0 </MemPortTyVec>
</StgValue>
</bind>
</comp>

<comp id="10" class="1001" name="const_10">
<pin_list>
<pin id="11" dir="1" index="0" bw="1" slack="0"/>
</pin_list>
<bind>
<StgValue><ssdm name="_ssdm_op_Read.ap_auto.i30"/></StgValue>
</bind>
</comp>

<comp id="12" class="1001" name="const_12">
<pin_list>
<pin id="13" dir="1" index="0" bw="1" slack="0"/>
</pin_list>
<bind>
<StgValue><ssdm name="_ssdm_op_Read.ap_auto.i64"/></StgValue>
</bind>
</comp>

<comp id="14" class="1001" name="const_14">
<pin_list>
<pin id="15" dir="1" index="0" bw="1" slack="0"/>
</pin_list>
<bind>
<StgValue><ssdm name=""/></StgValue>
</bind>
</comp>

<comp id="16" class="1001" name="const_16">
<pin_list>
<pin id="17" dir="1" index="0" bw="1" slack="0"/>
</pin_list>
<bind>
<StgValue><ssdm name="_ssdm_op_BitConcatenate.i32.i30.i2"/></StgValue>
</bind>
</comp>

<comp id="18" class="1001" name="const_18">
<pin_list>
<pin id="19" dir="1" index="0" bw="1" slack="0"/>
</pin_list>
<bind>
<StgValue><ssdm name=""/></StgValue>
</bind>
</comp>

<comp id="20" class="1001" name="const_20">
<pin_list>
<pin id="21" dir="1" index="0" bw="1" slack="0"/>
</pin_list>
<bind>
<StgValue><ssdm name="_ssdm_op_PartSelect.i62.i64.i32.i32"/></StgValue>
</bind>
</comp>

<comp id="22" class="1001" name="const_22">
<pin_list>
<pin id="23" dir="1" index="0" bw="1" slack="0"/>
</pin_list>
<bind>
<StgValue><ssdm name=""/></StgValue>
</bind>
</comp>

<comp id="24" class="1001" name="const_24">
<pin_list>
<pin id="25" dir="1" index="0" bw="1" slack="0"/>
</pin_list>
<bind>
<StgValue><ssdm name=""/></StgValue>
</bind>
</comp>

<comp id="26" class="1001" name="const_26">
<pin_list>
<pin id="27" dir="1" index="0" bw="1" slack="0"/>
</pin_list>
<bind>
<StgValue><ssdm name="_ssdm_op_Read.ap_auto.i9"/></StgValue>
</bind>
</comp>

<comp id="28" class="1001" name="const_28">
<pin_list>
<pin id="29" dir="1" index="0" bw="1" slack="0"/>
</pin_list>
<bind>
<StgValue><ssdm name="_ssdm_op_ReadReq.m_axi.p1i32"/></StgValue>
</bind>
</comp>

<comp id="30" class="1001" name="const_30">
<pin_list>
<pin id="31" dir="1" index="0" bw="1" slack="0"/>
</pin_list>
<bind>
<StgValue><ssdm name="load_logits_and_find_max_Pipeline_load_loop"/></StgValue>
</bind>
</comp>

<comp id="32" class="1001" name="const_32">
<pin_list>
<pin id="33" dir="1" index="0" bw="1" slack="2147483647"/>
</pin_list>
<bind>
<StgValue><ssdm name="_ssdm_op_SpecMemCore"/></StgValue>
</bind>
</comp>

<comp id="34" class="1001" name="const_34">
<pin_list>
<pin id="35" dir="1" index="0" bw="1" slack="2147483647"/>
</pin_list>
<bind>
<StgValue><ssdm name=""/></StgValue>
</bind>
</comp>

<comp id="36" class="1001" name="const_36">
<pin_list>
<pin id="37" dir="1" index="0" bw="1" slack="2147483647"/>
</pin_list>
<bind>
<StgValue><ssdm name=""/></StgValue>
</bind>
</comp>

<comp id="38" class="1001" name="const_38">
<pin_list>
<pin id="39" dir="1" index="0" bw="1" slack="2147483647"/>
</pin_list>
<bind>
<StgValue><ssdm name=""/></StgValue>
</bind>
</comp>

<comp id="40" class="1001" name="const_40">
<pin_list>
<pin id="41" dir="1" index="0" bw="1" slack="2147483647"/>
</pin_list>
<bind>
<StgValue><ssdm name="_ssdm_op_SpecInterface"/></StgValue>
</bind>
</comp>

<comp id="42" class="1001" name="const_42">
<pin_list>
<pin id="43" dir="1" index="0" bw="1" slack="2147483647"/>
</pin_list>
<bind>
<StgValue><ssdm name="empty_1"/></StgValue>
</bind>
</comp>

<comp id="44" class="1001" name="const_44">
<pin_list>
<pin id="45" dir="1" index="0" bw="1" slack="2147483647"/>
</pin_list>
<bind>
<StgValue><ssdm name=""/></StgValue>
</bind>
</comp>

<comp id="46" class="1001" name="const_46">
<pin_list>
<pin id="47" dir="1" index="0" bw="1" slack="2147483647"/>
</pin_list>
<bind>
<StgValue><ssdm name="empty_2"/></StgValue>
</bind>
</comp>

<comp id="48" class="1001" name="const_48">
<pin_list>
<pin id="49" dir="1" index="0" bw="1" slack="2147483647"/>
</pin_list>
<bind>
<StgValue><ssdm name=""/></StgValue>
</bind>
</comp>

<comp id="50" class="1001" name="const_50">
<pin_list>
<pin id="51" dir="1" index="0" bw="1" slack="2147483647"/>
</pin_list>
<bind>
<StgValue><ssdm name="empty_3"/></StgValue>
</bind>
</comp>

<comp id="52" class="1001" name="const_52">
<pin_list>
<pin id="53" dir="1" index="0" bw="1" slack="2147483647"/>
</pin_list>
<bind>
<StgValue><ssdm name="empty_4"/></StgValue>
</bind>
</comp>

<comp id="54" class="1001" name="const_54">
<pin_list>
<pin id="55" dir="1" index="0" bw="1" slack="2147483647"/>
</pin_list>
<bind>
<StgValue><ssdm name=""/></StgValue>
</bind>
</comp>

<comp id="56" class="1001" name="const_56">
<pin_list>
<pin id="57" dir="1" index="0" bw="1" slack="2147483647"/>
</pin_list>
<bind>
<StgValue><ssdm name=""/></StgValue>
</bind>
</comp>

<comp id="58" class="1004" name="max_x_loc_fu_58">
<pin_list>
<pin id="59" dir="0" index="0" bw="1" slack="0"/>
<pin id="60" dir="1" index="1" bw="32" slack="9"/>
</pin_list>
<bind>
<opcode="alloca(26) " fcode="alloca"/>
<opset="max_x_loc/1 "/>
</bind>
</comp>

<comp id="62" class="1004" name="in_w_read_read_fu_62">
<pin_list>
<pin id="63" dir="0" index="0" bw="30" slack="0"/>
<pin id="64" dir="0" index="1" bw="30" slack="0"/>
<pin id="65" dir="1" index="2" bw="30" slack="0"/>
</pin_list>
<bind>
<opcode="read(1150) " fcode="read"/>
<opset="in_w_read/1 "/>
</bind>
</comp>

<comp id="68" class="1004" name="mem_read_read_fu_68">
<pin_list>
<pin id="69" dir="0" index="0" bw="64" slack="0"/>
<pin id="70" dir="0" index="1" bw="64" slack="0"/>
<pin id="71" dir="1" index="2" bw="64" slack="0"/>
</pin_list>
<bind>
<opcode="read(1150) " fcode="read"/>
<opset="mem_read/1 "/>
</bind>
</comp>

<comp id="74" class="1004" name="n_read_read_fu_74">
<pin_list>
<pin id="75" dir="0" index="0" bw="9" slack="0"/>
<pin id="76" dir="0" index="1" bw="9" slack="0"/>
<pin id="77" dir="1" index="2" bw="9" slack="0"/>
</pin_list>
<bind>
<opcode="read(1150) " fcode="read"/>
<opset="n_read/2 "/>
</bind>
</comp>

<comp id="80" class="1004" name="grp_readreq_fu_80">
<pin_list>
<pin id="81" dir="0" index="0" bw="1" slack="0"/>
<pin id="82" dir="0" index="1" bw="32" slack="0"/>
<pin id="83" dir="0" index="2" bw="9" slack="0"/>
<pin id="84" dir="1" index="3" bw="1" slack="2147483647"/>
</pin_list>
<bind>
<opcode="readreq(1154) " fcode="readreq"/>
<opset="empty/2 "/>
</bind>
</comp>

<comp id="86" class="1004" name="grp_load_logits_and_find_max_Pipeline_load_loop_fu_86">
<pin_list>
<pin id="87" dir="0" index="0" bw="0" slack="0"/>
<pin id="88" dir="0" index="1" bw="9" slack="8"/>
<pin id="89" dir="0" index="2" bw="32" slack="0"/>
<pin id="90" dir="0" index="3" bw="62" slack="9"/>
<pin id="91" dir="0" index="4" bw="32" slack="0"/>
<pin id="92" dir="0" index="5" bw="32" slack="9"/>
<pin id="93" dir="1" index="6" bw="0" slack="2147483647"/>
</pin_list>
<bind>
<opcode="call(48) " fcode="call"/>
<opset="call_ln135/10 "/>
</bind>
</comp>

<comp id="97" class="1004" name="shl_ln_fu_97">
<pin_list>
<pin id="98" dir="0" index="0" bw="32" slack="0"/>
<pin id="99" dir="0" index="1" bw="30" slack="0"/>
<pin id="100" dir="0" index="2" bw="1" slack="0"/>
<pin id="101" dir="1" index="3" bw="32" slack="0"/>
</pin_list>
<bind>
<opcode="bitconcatenate(1004) " fcode="bitconcatenate"/>
<opset="shl_ln/1 "/>
</bind>
</comp>

<comp id="105" class="1004" name="zext_ln135_fu_105">
<pin_list>
<pin id="106" dir="0" index="0" bw="32" slack="0"/>
<pin id="107" dir="1" index="1" bw="64" slack="0"/>
</pin_list>
<bind>
<opcode="zext(34) " fcode="zext"/>
<opset="zext_ln135/1 "/>
</bind>
</comp>

<comp id="109" class="1004" name="add_ln135_fu_109">
<pin_list>
<pin id="110" dir="0" index="0" bw="32" slack="0"/>
<pin id="111" dir="0" index="1" bw="64" slack="0"/>
<pin id="112" dir="1" index="2" bw="64" slack="0"/>
</pin_list>
<bind>
<opcode="add(8) " fcode="add"/>
<opset="add_ln135/1 "/>
</bind>
</comp>

<comp id="115" class="1004" name="trunc_ln_fu_115">
<pin_list>
<pin id="116" dir="0" index="0" bw="62" slack="0"/>
<pin id="117" dir="0" index="1" bw="64" slack="0"/>
<pin id="118" dir="0" index="2" bw="3" slack="0"/>
<pin id="119" dir="0" index="3" bw="7" slack="0"/>
<pin id="120" dir="1" index="4" bw="62" slack="1"/>
</pin_list>
<bind>
<opcode="partselect(1002) " fcode="partselect"/>
<opset="trunc_ln/1 "/>
</bind>
</comp>

<comp id="125" class="1004" name="wide_trip_count_fu_125">
<pin_list>
<pin id="126" dir="0" index="0" bw="9" slack="0"/>
<pin id="127" dir="1" index="1" bw="64" slack="0"/>
</pin_list>
<bind>
<opcode="zext(34) " fcode="zext"/>
<opset="wide_trip_count/2 "/>
</bind>
</comp>

<comp id="130" class="1004" name="sext_ln135_fu_130">
<pin_list>
<pin id="131" dir="0" index="0" bw="62" slack="1"/>
<pin id="132" dir="1" index="1" bw="64" slack="0"/>
</pin_list>
<bind>
<opcode="sext(35) " fcode="sext"/>
<opset="sext_ln135/2 "/>
</bind>
</comp>

<comp id="133" class="1004" name="gmem_addr_fu_133">
<pin_list>
<pin id="134" dir="0" index="0" bw="32" slack="0"/>
<pin id="135" dir="0" index="1" bw="62" slack="0"/>
<pin id="136" dir="1" index="2" bw="32" slack="0"/>
</pin_list>
<bind>
<opcode="getelementptr(29) " fcode="getelementptr"/>
<opset="gmem_addr/2 "/>
</bind>
</comp>

<comp id="140" class="1004" name="max_x_loc_load_load_fu_140">
<pin_list>
<pin id="141" dir="0" index="0" bw="32" slack="11"/>
<pin id="142" dir="1" index="1" bw="32" slack="2147483647"/>
</pin_list>
<bind>
<opcode="load(27) " fcode="load"/>
<opset="max_x_loc_load/12 "/>
</bind>
</comp>

<comp id="143" class="1005" name="max_x_loc_reg_143">
<pin_list>
<pin id="144" dir="0" index="0" bw="32" slack="9"/>
<pin id="145" dir="1" index="1" bw="32" slack="9"/>
</pin_list>
<bind>
<opset="max_x_loc "/>
</bind>
</comp>

<comp id="149" class="1005" name="trunc_ln_reg_149">
<pin_list>
<pin id="150" dir="0" index="0" bw="62" slack="1"/>
<pin id="151" dir="1" index="1" bw="62" slack="1"/>
</pin_list>
<bind>
<opset="trunc_ln "/>
</bind>
</comp>

<comp id="155" class="1005" name="n_read_reg_155">
<pin_list>
<pin id="156" dir="0" index="0" bw="9" slack="8"/>
<pin id="157" dir="1" index="1" bw="9" slack="8"/>
</pin_list>
<bind>
<opset="n_read "/>
</bind>
</comp>

<comp id="160" class="1005" name="wide_trip_count_reg_160">
<pin_list>
<pin id="161" dir="0" index="0" bw="64" slack="1"/>
<pin id="162" dir="1" index="1" bw="64" slack="1"/>
</pin_list>
<bind>
<opset="wide_trip_count "/>
</bind>
</comp>

<comp id="165" class="1005" name="gmem_addr_reg_165">
<pin_list>
<pin id="166" dir="0" index="0" bw="32" slack="1"/>
<pin id="167" dir="1" index="1" bw="32" slack="1"/>
</pin_list>
<bind>
<opset="gmem_addr "/>
</bind>
</comp>

</comp_list>

<net_list>
<net id="61"><net_src comp="14" pin="0"/><net_sink comp="58" pin=0"/></net>

<net id="66"><net_src comp="10" pin="0"/><net_sink comp="62" pin=0"/></net>

<net id="67"><net_src comp="4" pin="0"/><net_sink comp="62" pin=1"/></net>

<net id="72"><net_src comp="12" pin="0"/><net_sink comp="68" pin=0"/></net>

<net id="73"><net_src comp="2" pin="0"/><net_sink comp="68" pin=1"/></net>

<net id="78"><net_src comp="26" pin="0"/><net_sink comp="74" pin=0"/></net>

<net id="79"><net_src comp="6" pin="0"/><net_sink comp="74" pin=1"/></net>

<net id="85"><net_src comp="28" pin="0"/><net_sink comp="80" pin=0"/></net>

<net id="94"><net_src comp="30" pin="0"/><net_sink comp="86" pin=0"/></net>

<net id="95"><net_src comp="0" pin="0"/><net_sink comp="86" pin=2"/></net>

<net id="96"><net_src comp="8" pin="0"/><net_sink comp="86" pin=4"/></net>

<net id="102"><net_src comp="16" pin="0"/><net_sink comp="97" pin=0"/></net>

<net id="103"><net_src comp="62" pin="2"/><net_sink comp="97" pin=1"/></net>

<net id="104"><net_src comp="18" pin="0"/><net_sink comp="97" pin=2"/></net>

<net id="108"><net_src comp="97" pin="3"/><net_sink comp="105" pin=0"/></net>

<net id="113"><net_src comp="105" pin="1"/><net_sink comp="109" pin=0"/></net>

<net id="114"><net_src comp="68" pin="2"/><net_sink comp="109" pin=1"/></net>

<net id="121"><net_src comp="20" pin="0"/><net_sink comp="115" pin=0"/></net>

<net id="122"><net_src comp="109" pin="2"/><net_sink comp="115" pin=1"/></net>

<net id="123"><net_src comp="22" pin="0"/><net_sink comp="115" pin=2"/></net>

<net id="124"><net_src comp="24" pin="0"/><net_sink comp="115" pin=3"/></net>

<net id="128"><net_src comp="74" pin="2"/><net_sink comp="125" pin=0"/></net>

<net id="129"><net_src comp="125" pin="1"/><net_sink comp="80" pin=2"/></net>

<net id="137"><net_src comp="0" pin="0"/><net_sink comp="133" pin=0"/></net>

<net id="138"><net_src comp="130" pin="1"/><net_sink comp="133" pin=1"/></net>

<net id="139"><net_src comp="133" pin="2"/><net_sink comp="80" pin=1"/></net>

<net id="146"><net_src comp="58" pin="1"/><net_sink comp="143" pin=0"/></net>

<net id="147"><net_src comp="143" pin="1"/><net_sink comp="86" pin=5"/></net>

<net id="148"><net_src comp="143" pin="1"/><net_sink comp="140" pin=0"/></net>

<net id="152"><net_src comp="115" pin="4"/><net_sink comp="149" pin=0"/></net>

<net id="153"><net_src comp="149" pin="1"/><net_sink comp="130" pin=0"/></net>

<net id="154"><net_src comp="149" pin="1"/><net_sink comp="86" pin=3"/></net>

<net id="158"><net_src comp="74" pin="2"/><net_sink comp="155" pin=0"/></net>

<net id="159"><net_src comp="155" pin="1"/><net_sink comp="86" pin=1"/></net>

<net id="163"><net_src comp="125" pin="1"/><net_sink comp="160" pin=0"/></net>

<net id="164"><net_src comp="160" pin="1"/><net_sink comp="80" pin=2"/></net>

<net id="168"><net_src comp="133" pin="2"/><net_sink comp="165" pin=0"/></net>

<net id="169"><net_src comp="165" pin="1"/><net_sink comp="80" pin=1"/></net>

</net_list>

</model> 
---------------- Datapath Model END ------------------

* FSMD analyzer results:
  - Output states:
	Port: logits_buf | {10 11 }
 - Input state : 
	Port: load_logits_and_find_max : gmem | {2 3 4 5 6 7 8 9 10 11 }
	Port: load_logits_and_find_max : mem | {1 }
	Port: load_logits_and_find_max : in_w | {1 }
	Port: load_logits_and_find_max : n | {2 }
  - Chain level:
	State 1
		zext_ln135 : 1
		add_ln135 : 2
		trunc_ln : 3
	State 2
		gmem_addr : 1
		empty : 2
	State 3
	State 4
	State 5
	State 6
	State 7
	State 8
	State 9
	State 10
	State 11
	State 12
		ret_ln145 : 1


============================================================
+ Verbose Summary: Datapath Resource usage 
============================================================

* Functional unit list:
|----------|-------------------------------------------------------|---------|---------|
| Operation|                    Functional Unit                    |    FF   |   LUT   |
|----------|-------------------------------------------------------|---------|---------|
|   call   | grp_load_logits_and_find_max_Pipeline_load_loop_fu_86 |   147   |   115   |
|----------|-------------------------------------------------------|---------|---------|
|    add   |                    add_ln135_fu_109                   |    0    |    71   |
|----------|-------------------------------------------------------|---------|---------|
|          |                  in_w_read_read_fu_62                 |    0    |    0    |
|   read   |                  mem_read_read_fu_68                  |    0    |    0    |
|          |                   n_read_read_fu_74                   |    0    |    0    |
|----------|-------------------------------------------------------|---------|---------|
|  readreq |                   grp_readreq_fu_80                   |    0    |    0    |
|----------|-------------------------------------------------------|---------|---------|
|bitconcatenate|                      shl_ln_fu_97                     |    0    |    0    |
|----------|-------------------------------------------------------|---------|---------|
|   zext   |                   zext_ln135_fu_105                   |    0    |    0    |
|          |                 wide_trip_count_fu_125                |    0    |    0    |
|----------|-------------------------------------------------------|---------|---------|
|partselect|                    trunc_ln_fu_115                    |    0    |    0    |
|----------|-------------------------------------------------------|---------|---------|
|   sext   |                   sext_ln135_fu_130                   |    0    |    0    |
|----------|-------------------------------------------------------|---------|---------|
|   Total  |                                                       |   147   |   186   |
|----------|-------------------------------------------------------|---------|---------|

Memories:
N/A

* Register list:
+-----------------------+--------+
|                       |   FF   |
+-----------------------+--------+
|   gmem_addr_reg_165   |   32   |
|   max_x_loc_reg_143   |   32   |
|     n_read_reg_155    |    9   |
|    trunc_ln_reg_149   |   62   |
|wide_trip_count_reg_160|   64   |
+-----------------------+--------+
|         Total         |   199  |
+-----------------------+--------+

* Multiplexer (MUX) list: 
|-------------------|------|------|------|--------||---------||---------||---------|
|        Comp       |  Pin | Size |  BW  | S x BW ||  Delay  ||    FF   ||   LUT   |
|-------------------|------|------|------|--------||---------||---------||---------|
| grp_readreq_fu_80 |  p1  |   2  |  32  |   64   ||    0    ||    9    |
| grp_readreq_fu_80 |  p2  |   2  |   9  |   18   ||    0    ||    9    |
|-------------------|------|------|------|--------||---------||---------||---------|
|       Total       |      |      |      |   82   ||  3.176  ||    0    ||    18   |
|-------------------|------|------|------|--------||---------||---------||---------|



* Summary:
+-----------+--------+--------+--------+
|           |  Delay |   FF   |   LUT  |
+-----------+--------+--------+--------+
|  Function |    -   |   147  |   186  |
|   Memory  |    -   |    -   |    -   |
|Multiplexer|    3   |    0   |   18   |
|  Register |    -   |   199  |    -   |
+-----------+--------+--------+--------+
|   Total   |    3   |   346  |   204  |
+-----------+--------+--------+--------+
