

================================================================
== Vitis HLS Report for 'normalize_and_store'
================================================================
* Date:           Sat Mar 14 13:29:02 2026

* Version:        2025.1 (Build 6135595 on May 21 2025)
* Project:        Prometheus_streaming
* Solution:       hls (Vivado IP Flow Target)
* Product family: zynq
* Target device:  xc7z020-clg400-1


================================================================
== Performance Estimates
================================================================
+ Timing: 
    * Summary: 
    +--------+----------+----------+------------+
    |  Clock |  Target  | Estimated| Uncertainty|
    +--------+----------+----------+------------+
    |ap_clk  |  11.80 ns|  8.614 ns|     3.19 ns|
    +--------+----------+----------+------------+

+ Latency: 
    * Summary: 
    +---------+---------+----------+----------+-----+-----+----------+
    |  Latency (cycles) |  Latency (absolute) |  Interval | Pipeline |
    |   min   |   max   |    min   |    max   | min | max |   Type   |
    +---------+---------+----------+----------+-----+-----+----------+
    |       12|      267|  0.142 us|  3.151 us|    2|  257|  dataflow|
    +---------+---------+----------+----------+-----+-----+----------+

    + Detail: 
        * Instance: 
        +------------------------------+-------------------+---------+---------+-----------+----------+-----+-----+------------------------------------------------+
        |                              |                   |  Latency (cycles) |  Latency (absolute)  |  Interval |                    Pipeline                    |
        |           Instance           |       Module      |   min   |   max   |    min    |    max   | min | max |                      Type                      |
        +------------------------------+-------------------+---------+---------+-----------+----------+-----+-----+------------------------------------------------+
        |grp_emit_prob_stream_fu_98    |emit_prob_stream   |        5|      260|  59.000 ns|  3.068 us|    2|  257|  loop auto-rewind stp (delay=0 clock cycles(s))|
        |grp_write_prob_stream_fu_109  |write_prob_stream  |        9|      264|   0.106 us|  3.115 us|    2|  257|  loop auto-rewind stp (delay=0 clock cycles(s))|
        +------------------------------+-------------------+---------+---------+-----------+----------+-----+-----+------------------------------------------------+

        * Loop: 
        N/A

============================================================
+ Verbose Summary: Synthesis Manager
============================================================
InlineROM: 1
ExposeGlobal: 0
============================================================
+ Verbose Summary: CDFG Model
============================================================
IsTopModel: 0
ResetActiveHigh: 1
IsCombinational: 2
IsDatapathOnly: 0
HasWiredReturn: 1
HasMFsm: 0
HasVarLatency: 1
IsPipeline: 0
IsRtlPipelined: 0
IsInstanceOverlapped: 0
IsDontTouch: 0
HasImplIP: 0
IsGatedGlobalClock: 0


============================================================
+ Verbose Summary: Schedule
============================================================
* Number of FSM states : 4
* Pipeline : 0
* Dataflow Pipeline: 1
  DF-Pipeline-0: Size = 4, States = { 1 2 3 4 }

* FSM state transitions: 
1 --> 2 
2 --> 3 
3 --> 4 
4 --> 

* FSM state operations: 

State 1 <SV = 0> <Delay = 3.41>
ST_1 : Operation 5 [1/1] (0.00ns)   --->   "%inv_sum_q30_read = read i31 @_ssdm_op_Read.ap_auto.i31, i31 %inv_sum_q30"   --->   Operation 5 'read' 'inv_sum_q30_read' <Predicate = true> <Delay = 0.00>
ST_1 : Operation 6 [1/1] (0.00ns)   --->   "%n_read = read i9 @_ssdm_op_Read.ap_auto.i9, i9 %n"   --->   Operation 6 'read' 'n_read' <Predicate = true> <Delay = 0.00>
ST_1 : Operation 7 [1/1] (0.00ns)   --->   "%prob_stream = alloca i64 1" [softmax_accel_hls.cc:237]   --->   Operation 7 'alloca' 'prob_stream' <Predicate = true> <Delay = 0.00> <CoreInst = "FIFO_SRL">   --->   Core 80 'FIFO_SRL' <Latency = 0> <II = 1> <Delay = 3.72> <Storage> <Opcode : 'read' 'write' 'nbread' 'nbwrite'> <Ports = 0> <Width = 32> <Depth = 32> <FIFO>
ST_1 : Operation 8 [2/2] (3.41ns)   --->   "%call_ln240 = call void @emit_prob_stream, i32 %exp_buf, i9 %n_read, i31 %inv_sum_q30_read, i32 %prob_stream" [softmax_accel_hls.cc:240]   --->   Operation 8 'call' 'call_ln240' <Predicate = true> <Delay = 3.41> <CoreType = "Generic">   --->   Generic Core

State 2 <SV = 1> <Delay = 0.00>
ST_2 : Operation 9 [1/2] (0.00ns)   --->   "%call_ln240 = call void @emit_prob_stream, i32 %exp_buf, i9 %n_read, i31 %inv_sum_q30_read, i32 %prob_stream" [softmax_accel_hls.cc:240]   --->   Operation 9 'call' 'call_ln240' <Predicate = true> <Delay = 0.00> <CoreType = "Generic">   --->   Generic Core

State 3 <SV = 2> <Delay = 6.01>
ST_3 : Operation 10 [1/1] (0.00ns)   --->   "%pr_w_read = read i30 @_ssdm_op_Read.ap_auto.i30, i30 %pr_w"   --->   Operation 10 'read' 'pr_w_read' <Predicate = true> <Delay = 0.00>
ST_3 : Operation 11 [1/1] (0.00ns)   --->   "%mem_read = read i64 @_ssdm_op_Read.ap_auto.i64, i64 %mem"   --->   Operation 11 'read' 'mem_read' <Predicate = true> <Delay = 0.00>
ST_3 : Operation 12 [2/2] (6.01ns)   --->   "%call_ln241 = call void @write_prob_stream, i32 %gmem, i64 %mem_read, i30 %pr_w_read, i9 %n_read, i32 %prob_stream" [softmax_accel_hls.cc:241]   --->   Operation 12 'call' 'call_ln241' <Predicate = true> <Delay = 6.01> <CoreType = "Generic">   --->   Generic Core

State 4 <SV = 3> <Delay = 0.00>
ST_4 : Operation 13 [1/1] (0.00ns)   --->   "%specstablecontent_ln235 = specstablecontent void @_ssdm_op_SpecStableContent, i31 %inv_sum_q30, i1 1, void @p_str" [softmax_accel_hls.cc:235]   --->   Operation 13 'specstablecontent' 'specstablecontent_ln235' <Predicate = true> <Delay = 0.00>
ST_4 : Operation 14 [1/1] (0.00ns)   --->   "%specstablecontent_ln235 = specstablecontent void @_ssdm_op_SpecStableContent, i32 %exp_buf, i1 1, void @p_str" [softmax_accel_hls.cc:235]   --->   Operation 14 'specstablecontent' 'specstablecontent_ln235' <Predicate = true> <Delay = 0.00>
ST_4 : Operation 15 [1/1] (0.00ns)   --->   "%specstablecontent_ln235 = specstablecontent void @_ssdm_op_SpecStableContent, i9 %n, i1 1, void @p_str" [softmax_accel_hls.cc:235]   --->   Operation 15 'specstablecontent' 'specstablecontent_ln235' <Predicate = true> <Delay = 0.00>
ST_4 : Operation 16 [1/1] (0.00ns)   --->   "%specstablecontent_ln235 = specstablecontent void @_ssdm_op_SpecStableContent, i30 %pr_w, i1 1, void @p_str" [softmax_accel_hls.cc:235]   --->   Operation 16 'specstablecontent' 'specstablecontent_ln235' <Predicate = true> <Delay = 0.00>
ST_4 : Operation 17 [1/1] (0.00ns)   --->   "%specstablecontent_ln235 = specstablecontent void @_ssdm_op_SpecStableContent, i64 %mem, i1 1, void @p_str" [softmax_accel_hls.cc:235]   --->   Operation 17 'specstablecontent' 'specstablecontent_ln235' <Predicate = true> <Delay = 0.00>
ST_4 : Operation 18 [1/1] (0.00ns)   --->   "%specdataflowpipeline_ln235 = specdataflowpipeline void @_ssdm_op_SpecDataflowPipeline, i32 4294967295, i32 0, void @empty_2" [softmax_accel_hls.cc:235]   --->   Operation 18 'specdataflowpipeline' 'specdataflowpipeline_ln235' <Predicate = true> <Delay = 0.00>
ST_4 : Operation 19 [1/1] (0.00ns)   --->   "%specmemcore_ln0 = specmemcore void @_ssdm_op_SpecMemCore, i32 %exp_buf, i64 666, i64 18, i64 18446744073709551615"   --->   Operation 19 'specmemcore' 'specmemcore_ln0' <Predicate = true> <Delay = 0.00>
ST_4 : Operation 20 [1/1] (0.00ns)   --->   "%specinterface_ln0 = specinterface void @_ssdm_op_SpecInterface, i32 %gmem, void @empty_1, i32 0, i32 0, void @empty_2, i32 0, i32 16384, void @empty_3, void @empty_4, void @empty_2, i32 16, i32 16, i32 16, i32 16, void @empty_2, void @empty_2, i32 4294967295, i32 0, i32 0"   --->   Operation 20 'specinterface' 'specinterface_ln0' <Predicate = true> <Delay = 0.00>
ST_4 : Operation 21 [1/1] (0.00ns)   --->   "%empty = specchannel i32 @_ssdm_op_SpecChannel, void @prob_stream_str, i32 1, void @p_str, void @p_str, i32 32, i32 32, i32 %prob_stream, i32 %prob_stream"   --->   Operation 21 'specchannel' 'empty' <Predicate = true> <Delay = 0.00>
ST_4 : Operation 22 [1/1] (0.00ns)   --->   "%specinterface_ln0 = specinterface void @_ssdm_op_SpecInterface, i32 %prob_stream, void @empty, i32 0, i32 0, void @empty_2, i32 0, i32 0, void @empty_2, void @empty_2, void @empty_2, i32 0, i32 0, i32 0, i32 0, void @empty_2, void @empty_2, i32 4294967295, i32 0, i32 0"   --->   Operation 22 'specinterface' 'specinterface_ln0' <Predicate = true> <Delay = 0.00>
ST_4 : Operation 23 [1/2] (0.00ns)   --->   "%call_ln241 = call void @write_prob_stream, i32 %gmem, i64 %mem_read, i30 %pr_w_read, i9 %n_read, i32 %prob_stream" [softmax_accel_hls.cc:241]   --->   Operation 23 'call' 'call_ln241' <Predicate = true> <Delay = 0.00> <CoreType = "Generic">   --->   Generic Core
ST_4 : Operation 24 [1/1] (0.00ns)   --->   "%ret_ln242 = ret" [softmax_accel_hls.cc:242]   --->   Operation 24 'ret' 'ret_ln242' <Predicate = true> <Delay = 0.00>


============================================================
+ Verbose Summary: Binding
============================================================
STG Binding: 
---------------- STG Properties BEGIN ----------------
- Is combinational: 0
- Is one-state seq: 0
- Is datapath-only: 0
- Is pipelined: 0
- Is top level: 0
Port [ Return ] is wired: 1; IO mode=ap_ctrl_hs:ce=0
Port [ gmem]:  wired=1; compound=1; hidden=0; nouse=0; global=0; static=0; extern=0; dir=1; type=4; pingpong=0; private_global=0; IO mode=m_axi:ce=0
Port [ mem]:  wired=1; compound=0; hidden=0; nouse=0; global=0; static=0; extern=0; dir=0; type=0; pingpong=0; private_global=0; IO mode=ap_none:ce=0
Port [ pr_w]:  wired=1; compound=0; hidden=0; nouse=0; global=0; static=0; extern=0; dir=0; type=0; pingpong=0; private_global=0; IO mode=ap_none:ce=0
Port [ n]:  wired=1; compound=0; hidden=0; nouse=0; global=0; static=0; extern=0; dir=0; type=0; pingpong=0; private_global=0; IO mode=ap_none:ce=0
Port [ exp_buf]:  wired=1; compound=1; hidden=0; nouse=0; global=0; static=0; extern=0; dir=0; type=1; pingpong=0; private_global=0; MemPort=[1]; IO mode=ap_memory:ce=0
Port [ inv_sum_q30]:  wired=1; compound=0; hidden=0; nouse=0; global=0; static=0; extern=0; dir=0; type=0; pingpong=0; private_global=0; IO mode=ap_none:ce=0
---------------- STG Properties END ------------------

---------------- Datapath Model BEGIN ----------------

<LifeTime>
<method=bitvector/>
inv_sum_q30_read           (read                ) [ 00100]
n_read                     (read                ) [ 00111]
prob_stream                (alloca              ) [ 01111]
call_ln240                 (call                ) [ 00000]
pr_w_read                  (read                ) [ 00001]
mem_read                   (read                ) [ 00001]
specstablecontent_ln235    (specstablecontent   ) [ 00000]
specstablecontent_ln235    (specstablecontent   ) [ 00000]
specstablecontent_ln235    (specstablecontent   ) [ 00000]
specstablecontent_ln235    (specstablecontent   ) [ 00000]
specstablecontent_ln235    (specstablecontent   ) [ 00000]
specdataflowpipeline_ln235 (specdataflowpipeline) [ 00000]
specmemcore_ln0            (specmemcore         ) [ 00000]
specinterface_ln0          (specinterface       ) [ 00000]
empty                      (specchannel         ) [ 00000]
specinterface_ln0          (specinterface       ) [ 00000]
call_ln241                 (call                ) [ 00000]
ret_ln242                  (ret                 ) [ 00000]
</LifeTime>

<model>

<comp_list>
<comp id="0" class="1000" name="gmem">
<pin_list>
<pin id="1" dir="1" index="0" bw="1" slack="0"/>
</pin_list>
<bind>
<StgValue><ssdm name="gmem"/><MemPortTyVec>1 </MemPortTyVec>
</StgValue>
</bind>
</comp>

<comp id="2" class="1000" name="mem">
<pin_list>
<pin id="3" dir="1" index="0" bw="1" slack="0"/>
</pin_list>
<bind>
<StgValue><ssdm name="mem"/></StgValue>
</bind>
</comp>

<comp id="4" class="1000" name="pr_w">
<pin_list>
<pin id="5" dir="1" index="0" bw="1" slack="0"/>
</pin_list>
<bind>
<StgValue><ssdm name="pr_w"/></StgValue>
</bind>
</comp>

<comp id="6" class="1000" name="n">
<pin_list>
<pin id="7" dir="1" index="0" bw="1" slack="0"/>
</pin_list>
<bind>
<StgValue><ssdm name="n"/></StgValue>
</bind>
</comp>

<comp id="8" class="1000" name="exp_buf">
<pin_list>
<pin id="9" dir="1" index="0" bw="1" slack="0"/>
</pin_list>
<bind>
<StgValue><ssdm name="exp_buf"/><MemPortTyVec>1 </MemPortTyVec>
</StgValue>
</bind>
</comp>

<comp id="10" class="1000" name="inv_sum_q30">
<pin_list>
<pin id="11" dir="1" index="0" bw="1" slack="0"/>
</pin_list>
<bind>
<StgValue><ssdm name="inv_sum_q30"/></StgValue>
</bind>
</comp>

<comp id="12" class="1001" name="const_12">
<pin_list>
<pin id="13" dir="1" index="0" bw="1" slack="0"/>
</pin_list>
<bind>
<StgValue><ssdm name="_ssdm_op_Read.ap_auto.i31"/></StgValue>
</bind>
</comp>

<comp id="14" class="1001" name="const_14">
<pin_list>
<pin id="15" dir="1" index="0" bw="1" slack="0"/>
</pin_list>
<bind>
<StgValue><ssdm name="_ssdm_op_Read.ap_auto.i9"/></StgValue>
</bind>
</comp>

<comp id="16" class="1001" name="const_16">
<pin_list>
<pin id="17" dir="1" index="0" bw="1" slack="0"/>
</pin_list>
<bind>
<StgValue><ssdm name=""/></StgValue>
</bind>
</comp>

<comp id="18" class="1001" name="const_18">
<pin_list>
<pin id="19" dir="1" index="0" bw="1" slack="0"/>
</pin_list>
<bind>
<StgValue><ssdm name="emit_prob_stream"/></StgValue>
</bind>
</comp>

<comp id="20" class="1001" name="const_20">
<pin_list>
<pin id="21" dir="1" index="0" bw="1" slack="0"/>
</pin_list>
<bind>
<StgValue><ssdm name="_ssdm_op_Read.ap_auto.i30"/></StgValue>
</bind>
</comp>

<comp id="22" class="1001" name="const_22">
<pin_list>
<pin id="23" dir="1" index="0" bw="1" slack="0"/>
</pin_list>
<bind>
<StgValue><ssdm name="_ssdm_op_Read.ap_auto.i64"/></StgValue>
</bind>
</comp>

<comp id="24" class="1001" name="const_24">
<pin_list>
<pin id="25" dir="1" index="0" bw="1" slack="0"/>
</pin_list>
<bind>
<StgValue><ssdm name="write_prob_stream"/></StgValue>
</bind>
</comp>

<comp id="26" class="1001" name="const_26">
<pin_list>
<pin id="27" dir="1" index="0" bw="1" slack="2147483647"/>
</pin_list>
<bind>
<StgValue><ssdm name="_ssdm_op_SpecStableContent"/></StgValue>
</bind>
</comp>

<comp id="28" class="1001" name="const_28">
<pin_list>
<pin id="29" dir="1" index="0" bw="1" slack="2147483647"/>
</pin_list>
<bind>
<StgValue><ssdm name=""/></StgValue>
</bind>
</comp>

<comp id="30" class="1001" name="const_30">
<pin_list>
<pin id="31" dir="1" index="0" bw="1" slack="2147483647"/>
</pin_list>
<bind>
<StgValue><ssdm name="p_str"/></StgValue>
</bind>
</comp>

<comp id="32" class="1001" name="const_32">
<pin_list>
<pin id="33" dir="1" index="0" bw="1" slack="2147483647"/>
</pin_list>
<bind>
<StgValue><ssdm name="_ssdm_op_SpecDataflowPipeline"/></StgValue>
</bind>
</comp>

<comp id="34" class="1001" name="const_34">
<pin_list>
<pin id="35" dir="1" index="0" bw="1" slack="2147483647"/>
</pin_list>
<bind>
<StgValue><ssdm name=""/></StgValue>
</bind>
</comp>

<comp id="36" class="1001" name="const_36">
<pin_list>
<pin id="37" dir="1" index="0" bw="1" slack="2147483647"/>
</pin_list>
<bind>
<StgValue><ssdm name=""/></StgValue>
</bind>
</comp>

<comp id="38" class="1001" name="const_38">
<pin_list>
<pin id="39" dir="1" index="0" bw="1" slack="2147483647"/>
</pin_list>
<bind>
<StgValue><ssdm name="empty_2"/></StgValue>
</bind>
</comp>

<comp id="40" class="1001" name="const_40">
<pin_list>
<pin id="41" dir="1" index="0" bw="1" slack="2147483647"/>
</pin_list>
<bind>
<StgValue><ssdm name="_ssdm_op_SpecMemCore"/></StgValue>
</bind>
</comp>

<comp id="42" class="1001" name="const_42">
<pin_list>
<pin id="43" dir="1" index="0" bw="1" slack="2147483647"/>
</pin_list>
<bind>
<StgValue><ssdm name=""/></StgValue>
</bind>
</comp>

<comp id="44" class="1001" name="const_44">
<pin_list>
<pin id="45" dir="1" index="0" bw="1" slack="2147483647"/>
</pin_list>
<bind>
<StgValue><ssdm name=""/></StgValue>
</bind>
</comp>

<comp id="46" class="1001" name="const_46">
<pin_list>
<pin id="47" dir="1" index="0" bw="1" slack="2147483647"/>
</pin_list>
<bind>
<StgValue><ssdm name=""/></StgValue>
</bind>
</comp>

<comp id="48" class="1001" name="const_48">
<pin_list>
<pin id="49" dir="1" index="0" bw="1" slack="2147483647"/>
</pin_list>
<bind>
<StgValue><ssdm name="_ssdm_op_SpecInterface"/></StgValue>
</bind>
</comp>

<comp id="50" class="1001" name="const_50">
<pin_list>
<pin id="51" dir="1" index="0" bw="1" slack="2147483647"/>
</pin_list>
<bind>
<StgValue><ssdm name="empty_1"/></StgValue>
</bind>
</comp>

<comp id="52" class="1001" name="const_52">
<pin_list>
<pin id="53" dir="1" index="0" bw="1" slack="2147483647"/>
</pin_list>
<bind>
<StgValue><ssdm name=""/></StgValue>
</bind>
</comp>

<comp id="54" class="1001" name="const_54">
<pin_list>
<pin id="55" dir="1" index="0" bw="1" slack="2147483647"/>
</pin_list>
<bind>
<StgValue><ssdm name="empty_3"/></StgValue>
</bind>
</comp>

<comp id="56" class="1001" name="const_56">
<pin_list>
<pin id="57" dir="1" index="0" bw="1" slack="2147483647"/>
</pin_list>
<bind>
<StgValue><ssdm name="empty_4"/></StgValue>
</bind>
</comp>

<comp id="58" class="1001" name="const_58">
<pin_list>
<pin id="59" dir="1" index="0" bw="1" slack="2147483647"/>
</pin_list>
<bind>
<StgValue><ssdm name=""/></StgValue>
</bind>
</comp>

<comp id="60" class="1001" name="const_60">
<pin_list>
<pin id="61" dir="1" index="0" bw="1" slack="2147483647"/>
</pin_list>
<bind>
<StgValue><ssdm name="_ssdm_op_SpecChannel"/></StgValue>
</bind>
</comp>

<comp id="62" class="1001" name="const_62">
<pin_list>
<pin id="63" dir="1" index="0" bw="1" slack="2147483647"/>
</pin_list>
<bind>
<StgValue><ssdm name="prob_stream_str"/></StgValue>
</bind>
</comp>

<comp id="64" class="1001" name="const_64">
<pin_list>
<pin id="65" dir="1" index="0" bw="1" slack="2147483647"/>
</pin_list>
<bind>
<StgValue><ssdm name=""/></StgValue>
</bind>
</comp>

<comp id="66" class="1001" name="const_66">
<pin_list>
<pin id="67" dir="1" index="0" bw="1" slack="2147483647"/>
</pin_list>
<bind>
<StgValue><ssdm name=""/></StgValue>
</bind>
</comp>

<comp id="68" class="1001" name="const_68">
<pin_list>
<pin id="69" dir="1" index="0" bw="1" slack="2147483647"/>
</pin_list>
<bind>
<StgValue><ssdm name="empty"/></StgValue>
</bind>
</comp>

<comp id="70" class="1004" name="prob_stream_fu_70">
<pin_list>
<pin id="71" dir="0" index="0" bw="1" slack="0"/>
<pin id="72" dir="1" index="1" bw="32" slack="0"/>
</pin_list>
<bind>
<opcode="alloca(26) " fcode="alloca"/>
<opset="prob_stream/1 "/>
</bind>
</comp>

<comp id="74" class="1004" name="inv_sum_q30_read_read_fu_74">
<pin_list>
<pin id="75" dir="0" index="0" bw="31" slack="0"/>
<pin id="76" dir="0" index="1" bw="31" slack="0"/>
<pin id="77" dir="1" index="2" bw="31" slack="0"/>
</pin_list>
<bind>
<opcode="read(1150) " fcode="read"/>
<opset="inv_sum_q30_read/1 "/>
</bind>
</comp>

<comp id="80" class="1004" name="n_read_read_fu_80">
<pin_list>
<pin id="81" dir="0" index="0" bw="9" slack="0"/>
<pin id="82" dir="0" index="1" bw="9" slack="0"/>
<pin id="83" dir="1" index="2" bw="9" slack="0"/>
</pin_list>
<bind>
<opcode="read(1150) " fcode="read"/>
<opset="n_read/1 "/>
</bind>
</comp>

<comp id="86" class="1004" name="pr_w_read_read_fu_86">
<pin_list>
<pin id="87" dir="0" index="0" bw="30" slack="0"/>
<pin id="88" dir="0" index="1" bw="30" slack="0"/>
<pin id="89" dir="1" index="2" bw="30" slack="0"/>
</pin_list>
<bind>
<opcode="read(1150) " fcode="read"/>
<opset="pr_w_read/3 "/>
</bind>
</comp>

<comp id="92" class="1004" name="mem_read_read_fu_92">
<pin_list>
<pin id="93" dir="0" index="0" bw="64" slack="0"/>
<pin id="94" dir="0" index="1" bw="64" slack="0"/>
<pin id="95" dir="1" index="2" bw="64" slack="0"/>
</pin_list>
<bind>
<opcode="read(1150) " fcode="read"/>
<opset="mem_read/3 "/>
</bind>
</comp>

<comp id="98" class="1004" name="grp_emit_prob_stream_fu_98">
<pin_list>
<pin id="99" dir="0" index="0" bw="0" slack="0"/>
<pin id="100" dir="0" index="1" bw="32" slack="0"/>
<pin id="101" dir="0" index="2" bw="9" slack="0"/>
<pin id="102" dir="0" index="3" bw="31" slack="0"/>
<pin id="103" dir="0" index="4" bw="32" slack="0"/>
<pin id="104" dir="1" index="5" bw="0" slack="2147483647"/>
</pin_list>
<bind>
<opcode="call(48) " fcode="call"/>
<opset="call_ln240/1 "/>
</bind>
</comp>

<comp id="109" class="1004" name="grp_write_prob_stream_fu_109">
<pin_list>
<pin id="110" dir="0" index="0" bw="0" slack="0"/>
<pin id="111" dir="0" index="1" bw="32" slack="0"/>
<pin id="112" dir="0" index="2" bw="64" slack="0"/>
<pin id="113" dir="0" index="3" bw="30" slack="0"/>
<pin id="114" dir="0" index="4" bw="9" slack="2"/>
<pin id="115" dir="0" index="5" bw="32" slack="2"/>
<pin id="116" dir="1" index="6" bw="0" slack="2147483647"/>
</pin_list>
<bind>
<opcode="call(48) " fcode="call"/>
<opset="call_ln241/3 "/>
</bind>
</comp>

<comp id="121" class="1005" name="inv_sum_q30_read_reg_121">
<pin_list>
<pin id="122" dir="0" index="0" bw="31" slack="1"/>
<pin id="123" dir="1" index="1" bw="31" slack="1"/>
</pin_list>
<bind>
<opset="inv_sum_q30_read "/>
</bind>
</comp>

<comp id="126" class="1005" name="n_read_reg_126">
<pin_list>
<pin id="127" dir="0" index="0" bw="9" slack="1"/>
<pin id="128" dir="1" index="1" bw="9" slack="1"/>
</pin_list>
<bind>
<opset="n_read "/>
</bind>
</comp>

<comp id="132" class="1005" name="prob_stream_reg_132">
<pin_list>
<pin id="133" dir="0" index="0" bw="32" slack="0"/>
<pin id="134" dir="1" index="1" bw="32" slack="0"/>
</pin_list>
<bind>
<opset="prob_stream "/>
</bind>
</comp>

<comp id="138" class="1005" name="pr_w_read_reg_138">
<pin_list>
<pin id="139" dir="0" index="0" bw="30" slack="1"/>
<pin id="140" dir="1" index="1" bw="30" slack="1"/>
</pin_list>
<bind>
<opset="pr_w_read "/>
</bind>
</comp>

<comp id="143" class="1005" name="mem_read_reg_143">
<pin_list>
<pin id="144" dir="0" index="0" bw="64" slack="1"/>
<pin id="145" dir="1" index="1" bw="64" slack="1"/>
</pin_list>
<bind>
<opset="mem_read "/>
</bind>
</comp>

</comp_list>

<net_list>
<net id="73"><net_src comp="16" pin="0"/><net_sink comp="70" pin=0"/></net>

<net id="78"><net_src comp="12" pin="0"/><net_sink comp="74" pin=0"/></net>

<net id="79"><net_src comp="10" pin="0"/><net_sink comp="74" pin=1"/></net>

<net id="84"><net_src comp="14" pin="0"/><net_sink comp="80" pin=0"/></net>

<net id="85"><net_src comp="6" pin="0"/><net_sink comp="80" pin=1"/></net>

<net id="90"><net_src comp="20" pin="0"/><net_sink comp="86" pin=0"/></net>

<net id="91"><net_src comp="4" pin="0"/><net_sink comp="86" pin=1"/></net>

<net id="96"><net_src comp="22" pin="0"/><net_sink comp="92" pin=0"/></net>

<net id="97"><net_src comp="2" pin="0"/><net_sink comp="92" pin=1"/></net>

<net id="105"><net_src comp="18" pin="0"/><net_sink comp="98" pin=0"/></net>

<net id="106"><net_src comp="8" pin="0"/><net_sink comp="98" pin=1"/></net>

<net id="107"><net_src comp="80" pin="2"/><net_sink comp="98" pin=2"/></net>

<net id="108"><net_src comp="74" pin="2"/><net_sink comp="98" pin=3"/></net>

<net id="117"><net_src comp="24" pin="0"/><net_sink comp="109" pin=0"/></net>

<net id="118"><net_src comp="0" pin="0"/><net_sink comp="109" pin=1"/></net>

<net id="119"><net_src comp="92" pin="2"/><net_sink comp="109" pin=2"/></net>

<net id="120"><net_src comp="86" pin="2"/><net_sink comp="109" pin=3"/></net>

<net id="124"><net_src comp="74" pin="2"/><net_sink comp="121" pin=0"/></net>

<net id="125"><net_src comp="121" pin="1"/><net_sink comp="98" pin=3"/></net>

<net id="129"><net_src comp="80" pin="2"/><net_sink comp="126" pin=0"/></net>

<net id="130"><net_src comp="126" pin="1"/><net_sink comp="98" pin=2"/></net>

<net id="131"><net_src comp="126" pin="1"/><net_sink comp="109" pin=4"/></net>

<net id="135"><net_src comp="70" pin="1"/><net_sink comp="132" pin=0"/></net>

<net id="136"><net_src comp="132" pin="1"/><net_sink comp="98" pin=4"/></net>

<net id="137"><net_src comp="132" pin="1"/><net_sink comp="109" pin=5"/></net>

<net id="141"><net_src comp="86" pin="2"/><net_sink comp="138" pin=0"/></net>

<net id="142"><net_src comp="138" pin="1"/><net_sink comp="109" pin=3"/></net>

<net id="146"><net_src comp="92" pin="2"/><net_sink comp="143" pin=0"/></net>

<net id="147"><net_src comp="143" pin="1"/><net_sink comp="109" pin=2"/></net>

</net_list>

</model> 
---------------- Datapath Model END ------------------

* FSMD analyzer results:
  - Output states:
	Port: gmem | {3 4 }
 - Input state : 
	Port: normalize_and_store : mem | {3 }
	Port: normalize_and_store : pr_w | {3 }
	Port: normalize_and_store : n | {1 }
	Port: normalize_and_store : exp_buf | {1 2 }
	Port: normalize_and_store : inv_sum_q30 | {1 }
  - Chain level:
	State 1
		call_ln240 : 1
	State 2
	State 3
	State 4


============================================================
+ Verbose Summary: Datapath Resource usage 
============================================================

* Functional unit list:
|----------|------------------------------|---------|---------|---------|---------|
| Operation|        Functional Unit       |   DSP   |  Delay  |    FF   |   LUT   |
|----------|------------------------------|---------|---------|---------|---------|
|   call   |  grp_emit_prob_stream_fu_98  |    4    |  1.588  |   144   |    57   |
|          | grp_write_prob_stream_fu_109 |    0    |    0    |    74   |   136   |
|----------|------------------------------|---------|---------|---------|---------|
|          |  inv_sum_q30_read_read_fu_74 |    0    |    0    |    0    |    0    |
|   read   |       n_read_read_fu_80      |    0    |    0    |    0    |    0    |
|          |     pr_w_read_read_fu_86     |    0    |    0    |    0    |    0    |
|          |      mem_read_read_fu_92     |    0    |    0    |    0    |    0    |
|----------|------------------------------|---------|---------|---------|---------|
|   Total  |                              |    4    |  1.588  |   218   |   193   |
|----------|------------------------------|---------|---------|---------|---------|

Memories:
N/A

* Register list:
+------------------------+--------+
|                        |   FF   |
+------------------------+--------+
|inv_sum_q30_read_reg_121|   31   |
|    mem_read_reg_143    |   64   |
|     n_read_reg_126     |    9   |
|    pr_w_read_reg_138   |   30   |
|   prob_stream_reg_132  |   32   |
+------------------------+--------+
|          Total         |   166  |
+------------------------+--------+

* Multiplexer (MUX) list: 
|------------------------------|------|------|------|--------||---------||---------||---------|
|             Comp             |  Pin | Size |  BW  | S x BW ||  Delay  ||    FF   ||   LUT   |
|------------------------------|------|------|------|--------||---------||---------||---------|
|  grp_emit_prob_stream_fu_98  |  p2  |   2  |   9  |   18   ||    0    ||    9    |
|  grp_emit_prob_stream_fu_98  |  p3  |   2  |  31  |   62   ||    0    ||    9    |
| grp_write_prob_stream_fu_109 |  p2  |   2  |  64  |   128  ||    0    ||    9    |
| grp_write_prob_stream_fu_109 |  p3  |   2  |  30  |   60   ||    0    ||    9    |
|------------------------------|------|------|------|--------||---------||---------||---------|
|             Total            |      |      |      |   268  ||  6.352  ||    0    ||    36   |
|------------------------------|------|------|------|--------||---------||---------||---------|



* Summary:
+-----------+--------+--------+--------+--------+
|           |   DSP  |  Delay |   FF   |   LUT  |
+-----------+--------+--------+--------+--------+
|  Function |    4   |    1   |   218  |   193  |
|   Memory  |    -   |    -   |    -   |    -   |
|Multiplexer|    -   |    6   |    0   |   36   |
|  Register |    -   |    -   |   166  |    -   |
+-----------+--------+--------+--------+--------+
|   Total   |    4   |    7   |   384  |   229  |
+-----------+--------+--------+--------+--------+
