

================================================================
== Vitis HLS Report for 'write_prob_stream'
================================================================
* Date:           Sat Mar 14 13:29:02 2026

* Version:        2025.1 (Build 6135595 on May 21 2025)
* Project:        Prometheus_streaming
* Solution:       hls (Vivado IP Flow Target)
* Product family: zynq
* Target device:  xc7z020-clg400-1


================================================================
== Performance Estimates
================================================================
+ Timing: 
    * Summary: 
    +--------+----------+----------+------------+
    |  Clock |  Target  | Estimated| Uncertainty|
    +--------+----------+----------+------------+
    |ap_clk  |  11.80 ns|  8.614 ns|     3.19 ns|
    +--------+----------+----------+------------+

+ Latency: 
    * Summary: 
    +---------+---------+----------+----------+-----+-----+------------------------------------------------+
    |  Latency (cycles) |  Latency (absolute) |  Interval |                    Pipeline                    |
    |   min   |   max   |    min   |    max   | min | max |                      Type                      |
    +---------+---------+----------+----------+-----+-----+------------------------------------------------+
    |        9|      264|  0.106 us|  3.115 us|    2|  257|  loop auto-rewind stp (delay=0 clock cycles(s))|
    +---------+---------+----------+----------+-----+-----+------------------------------------------------+

    + Detail: 
        * Instance: 
        N/A

        * Loop: 
        +-------------------+---------+---------+----------+-----------+-----------+---------+----------+
        |                   |  Latency (cycles) | Iteration|  Initiation Interval  |   Trip  |          |
        |     Loop Name     |   min   |   max   |  Latency |  achieved |   target  |  Count  | Pipelined|
        +-------------------+---------+---------+----------+-----------+-----------+---------+----------+
        |- prob_write_loop  |        7|      262|         8|          1|          1|  1 ~ 256|       yes|
        +-------------------+---------+---------+----------+-----------+-----------+---------+----------+

============================================================
+ Verbose Summary: Synthesis Manager
============================================================
InlineROM: 1
ExposeGlobal: 0
============================================================
+ Verbose Summary: CDFG Model
============================================================
IsTopModel: 0
ResetActiveHigh: 1
IsCombinational: 2
IsDatapathOnly: 0
HasWiredReturn: 1
HasMFsm: 2
HasVarLatency: 1
IsPipeline: 0
IsRtlPipelined: 0
IsInstanceOverlapped: 0
IsDontTouch: 0
HasImplIP: 0
IsGatedGlobalClock: 0

+ Individual pipeline summary: 
  * Pipeline-0: initiation interval (II) = 1, depth = 8


============================================================
+ Verbose Summary: Schedule
============================================================
* Number of FSM states : 8
* Pipeline : 1
  Pipeline-0 : II = 1, D = 8, States = { 1 2 3 4 5 6 7 8 }
* Dataflow Pipeline: 0

* FSM state transitions: 
1 --> 2 
2 --> 3 
3 --> 4 
4 --> 5 
5 --> 6 
6 --> 7 
7 --> 8 
8 --> 

* FSM state operations: 

State 1 <SV = 0> <Delay = 7.60>
ST_1 : Operation 11 [1/1] (0.00ns)   --->   "%i = alloca i32 1" [softmax_accel_hls.cc:222]   --->   Operation 11 'alloca' 'i' <Predicate = true> <Delay = 0.00>
ST_1 : Operation 12 [1/1] (0.00ns)   --->   "%specstablecontent_ln0 = specstablecontent void @_ssdm_op_SpecStableContent, i9 %n, i1 1, void @p_str"   --->   Operation 12 'specstablecontent' 'specstablecontent_ln0' <Predicate = true> <Delay = 0.00>
ST_1 : Operation 13 [1/1] (0.00ns)   --->   "%specstablecontent_ln0 = specstablecontent void @_ssdm_op_SpecStableContent, i30 %pr_w, i1 1, void @p_str"   --->   Operation 13 'specstablecontent' 'specstablecontent_ln0' <Predicate = true> <Delay = 0.00>
ST_1 : Operation 14 [1/1] (0.00ns)   --->   "%specstablecontent_ln0 = specstablecontent void @_ssdm_op_SpecStableContent, i64 %mem, i1 1, void @p_str"   --->   Operation 14 'specstablecontent' 'specstablecontent_ln0' <Predicate = true> <Delay = 0.00>
ST_1 : Operation 15 [1/1] (0.00ns)   --->   "%n_read = read i9 @_ssdm_op_Read.ap_auto.i9, i9 %n"   --->   Operation 15 'read' 'n_read' <Predicate = true> <Delay = 0.00>
ST_1 : Operation 16 [1/1] (0.00ns)   --->   "%pr_w_read = read i30 @_ssdm_op_Read.ap_auto.i30, i30 %pr_w"   --->   Operation 16 'read' 'pr_w_read' <Predicate = true> <Delay = 0.00>
ST_1 : Operation 17 [1/1] (0.00ns)   --->   "%mem_read = read i64 @_ssdm_op_Read.ap_auto.i64, i64 %mem"   --->   Operation 17 'read' 'mem_read' <Predicate = true> <Delay = 0.00>
ST_1 : Operation 18 [1/1] (0.00ns)   --->   "%pr_w_cast = zext i30 %pr_w_read"   --->   Operation 18 'zext' 'pr_w_cast' <Predicate = true> <Delay = 0.00>
ST_1 : Operation 19 [1/1] (0.00ns)   --->   "%specinterface_ln0 = specinterface void @_ssdm_op_SpecInterface, i32 %prob_stream, void @empty, i32 0, i32 0, void @empty_2, i32 0, i32 0, void @empty_2, void @empty_2, void @empty_2, i32 0, i32 0, i32 0, i32 0, void @empty_2, void @empty_2, i32 4294967295, i32 0, i32 0"   --->   Operation 19 'specinterface' 'specinterface_ln0' <Predicate = true> <Delay = 0.00>
ST_1 : Operation 20 [1/1] (0.00ns)   --->   "%specinterface_ln0 = specinterface void @_ssdm_op_SpecInterface, i32 %gmem, void @empty_1, i32 0, i32 0, void @empty_2, i32 0, i32 16384, void @empty_3, void @empty_4, void @empty_2, i32 16, i32 16, i32 16, i32 16, void @empty_2, void @empty_2, i32 4294967295, i32 0, i32 0"   --->   Operation 20 'specinterface' 'specinterface_ln0' <Predicate = true> <Delay = 0.00>
ST_1 : Operation 21 [1/1] (1.58ns)   --->   "%store_ln222 = store i9 0, i9 %i" [softmax_accel_hls.cc:222]   --->   Operation 21 'store' 'store_ln222' <Predicate = true> <Delay = 1.58>
ST_1 : Operation 22 [1/1] (0.00ns)   --->   "%br_ln222 = br void %for.inc" [softmax_accel_hls.cc:222]   --->   Operation 22 'br' 'br_ln222' <Predicate = true> <Delay = 0.00>
ST_1 : Operation 23 [1/1] (0.00ns)   --->   "%i_1 = load i9 %i" [softmax_accel_hls.cc:222]   --->   Operation 23 'load' 'i_1' <Predicate = true> <Delay = 0.00>
ST_1 : Operation 24 [1/1] (1.82ns)   --->   "%icmp_ln222 = icmp_eq  i9 %i_1, i9 %n_read" [softmax_accel_hls.cc:222]   --->   Operation 24 'icmp' 'icmp_ln222' <Predicate = true> <Delay = 1.82> <CoreInst = "Cmp">   --->   Core 9 'Cmp' <Latency = 0> <II = 1> <Delay = 1.82> <FuncUnit> <Opcode : 'seteq' 'setne' 'setle' 'setge' 'setlt' 'setgt'> <InPorts = 2> <OutPorts = 1>
ST_1 : Operation 25 [1/1] (0.00ns)   --->   "%empty = speclooptripcount i32 @_ssdm_op_SpecLoopTripCount, i64 1, i64 256, i64 0"   --->   Operation 25 'speclooptripcount' 'empty' <Predicate = true> <Delay = 0.00>
ST_1 : Operation 26 [1/1] (1.82ns)   --->   "%add_ln222 = add i9 %i_1, i9 1" [softmax_accel_hls.cc:222]   --->   Operation 26 'add' 'add_ln222' <Predicate = true> <Delay = 1.82> <CoreInst = "Adder">   --->   Core 1 'Adder' <Latency = 0> <II = 1> <Delay = 1.82> <FuncUnit> <Opcode : 'add' 'sub'> <InPorts = 2> <OutPorts = 1>
ST_1 : Operation 27 [1/1] (0.00ns)   --->   "%br_ln222 = br i1 %icmp_ln222, void %for.inc.split, void %for.end" [softmax_accel_hls.cc:222]   --->   Operation 27 'br' 'br_ln222' <Predicate = true> <Delay = 0.00>
ST_1 : Operation 28 [1/1] (0.00ns)   --->   "%trunc_ln224 = trunc i9 %i_1" [softmax_accel_hls.cc:224]   --->   Operation 28 'trunc' 'trunc_ln224' <Predicate = (!icmp_ln222)> <Delay = 0.00>
ST_1 : Operation 29 [1/1] (0.00ns)   --->   "%zext_ln224 = zext i8 %trunc_ln224" [softmax_accel_hls.cc:224]   --->   Operation 29 'zext' 'zext_ln224' <Predicate = (!icmp_ln222)> <Delay = 0.00>
ST_1 : Operation 30 [1/1] (2.49ns)   --->   "%add_ln224 = add i31 %pr_w_cast, i31 %zext_ln224" [softmax_accel_hls.cc:224]   --->   Operation 30 'add' 'add_ln224' <Predicate = (!icmp_ln222)> <Delay = 2.49> <CoreInst = "Adder">   --->   Core 1 'Adder' <Latency = 0> <II = 1> <Delay = 2.49> <FuncUnit> <Opcode : 'add' 'sub'> <InPorts = 2> <OutPorts = 1>
ST_1 : Operation 31 [1/1] (0.00ns)   --->   "%shl_ln = bitconcatenate i33 @_ssdm_op_BitConcatenate.i33.i31.i2, i31 %add_ln224, i2 0" [softmax_accel_hls.cc:224]   --->   Operation 31 'bitconcatenate' 'shl_ln' <Predicate = (!icmp_ln222)> <Delay = 0.00>
ST_1 : Operation 32 [1/1] (0.00ns)   --->   "%zext_ln224_1 = zext i33 %shl_ln" [softmax_accel_hls.cc:224]   --->   Operation 32 'zext' 'zext_ln224_1' <Predicate = (!icmp_ln222)> <Delay = 0.00>
ST_1 : Operation 33 [1/1] (3.52ns)   --->   "%add_ln224_1 = add i64 %zext_ln224_1, i64 %mem_read" [softmax_accel_hls.cc:224]   --->   Operation 33 'add' 'add_ln224_1' <Predicate = (!icmp_ln222)> <Delay = 3.52> <CoreInst = "Adder">   --->   Core 1 'Adder' <Latency = 0> <II = 1> <Delay = 3.52> <FuncUnit> <Opcode : 'add' 'sub'> <InPorts = 2> <OutPorts = 1>
ST_1 : Operation 34 [1/1] (0.00ns)   --->   "%trunc_ln224_1 = partselect i62 @_ssdm_op_PartSelect.i62.i64.i32.i32, i64 %add_ln224_1, i32 2, i32 63" [softmax_accel_hls.cc:224]   --->   Operation 34 'partselect' 'trunc_ln224_1' <Predicate = (!icmp_ln222)> <Delay = 0.00>
ST_1 : Operation 35 [1/1] (0.00ns)   --->   "%sext_ln224 = sext i62 %trunc_ln224_1" [softmax_accel_hls.cc:224]   --->   Operation 35 'sext' 'sext_ln224' <Predicate = (!icmp_ln222)> <Delay = 0.00>
ST_1 : Operation 36 [1/1] (0.00ns)   --->   "%gmem_addr = getelementptr i32 %gmem, i64 %sext_ln224" [softmax_accel_hls.cc:224]   --->   Operation 36 'getelementptr' 'gmem_addr' <Predicate = (!icmp_ln222)> <Delay = 0.00>
ST_1 : Operation 37 [1/1] (1.58ns)   --->   "%store_ln222 = store i9 %add_ln222, i9 %i" [softmax_accel_hls.cc:222]   --->   Operation 37 'store' 'store_ln222' <Predicate = (!icmp_ln222)> <Delay = 1.58>

State 2 <SV = 1> <Delay = 8.61>
ST_2 : Operation 38 [1/1] ( I:3.72ns O:3.72ns )   --->   "%prob_stream_read = read i32 @_ssdm_op_Read.ap_fifo.volatile.i32P0A, i32 %prob_stream" [softmax_accel_hls.cc:224]   --->   Operation 38 'read' 'prob_stream_read' <Predicate = true> <Delay = 3.72> <CoreInst = "FIFO_SRL">   --->   Core 80 'FIFO_SRL' <Latency = 0> <II = 1> <Delay = 3.72> <Storage> <Opcode : 'read' 'write' 'nbread' 'nbwrite'> <Ports = 0> <Width = 32> <Depth = 32> <FIFO>
ST_2 : Operation 39 [1/1] (8.61ns)   --->   "%gmem_addr_req = writereq i1 @_ssdm_op_WriteReq.m_axi.i32P1A, i32 %gmem_addr, i64 1" [softmax_accel_hls.cc:224]   --->   Operation 39 'writereq' 'gmem_addr_req' <Predicate = true> <Delay = 8.61> <CoreInst = "m_axi">   --->   Core 111 'm_axi' <Latency = 9> <II = 1> <Delay = 1.00> <Adapter> <Opcode : 'read' 'write' 'readreq' 'writereq' 'writeresp'>

State 3 <SV = 2> <Delay = 8.61>
ST_3 : Operation 40 [1/1] (8.61ns)   --->   "%write_ln224 = write void @_ssdm_op_Write.m_axi.volatile.i32P1A, i32 %gmem_addr, i32 %prob_stream_read, i4 15" [softmax_accel_hls.cc:224]   --->   Operation 40 'write' 'write_ln224' <Predicate = true> <Delay = 8.61> <CoreInst = "m_axi">   --->   Core 111 'm_axi' <Latency = 5> <II = 1> <Delay = 1.00> <Adapter> <Opcode : 'read' 'write' 'readreq' 'writereq' 'writeresp'>

State 4 <SV = 3> <Delay = 8.61>
ST_4 : Operation 41 [5/5] (8.61ns)   --->   "%gmem_addr_resp = writeresp i1 @_ssdm_op_WriteResp.m_axi.i32P1A, i32 %gmem_addr" [softmax_accel_hls.cc:224]   --->   Operation 41 'writeresp' 'gmem_addr_resp' <Predicate = true> <Delay = 8.61> <CoreInst = "m_axi">   --->   Core 111 'm_axi' <Latency = 3> <II = 1> <Delay = 1.00> <Adapter> <Opcode : 'read' 'write' 'readreq' 'writereq' 'writeresp'>

State 5 <SV = 4> <Delay = 8.61>
ST_5 : Operation 42 [4/5] (8.61ns)   --->   "%gmem_addr_resp = writeresp i1 @_ssdm_op_WriteResp.m_axi.i32P1A, i32 %gmem_addr" [softmax_accel_hls.cc:224]   --->   Operation 42 'writeresp' 'gmem_addr_resp' <Predicate = true> <Delay = 8.61> <CoreInst = "m_axi">   --->   Core 111 'm_axi' <Latency = 3> <II = 1> <Delay = 1.00> <Adapter> <Opcode : 'read' 'write' 'readreq' 'writereq' 'writeresp'>

State 6 <SV = 5> <Delay = 8.61>
ST_6 : Operation 43 [3/5] (8.61ns)   --->   "%gmem_addr_resp = writeresp i1 @_ssdm_op_WriteResp.m_axi.i32P1A, i32 %gmem_addr" [softmax_accel_hls.cc:224]   --->   Operation 43 'writeresp' 'gmem_addr_resp' <Predicate = true> <Delay = 8.61> <CoreInst = "m_axi">   --->   Core 111 'm_axi' <Latency = 3> <II = 1> <Delay = 1.00> <Adapter> <Opcode : 'read' 'write' 'readreq' 'writereq' 'writeresp'>

State 7 <SV = 6> <Delay = 8.61>
ST_7 : Operation 44 [2/5] (8.61ns)   --->   "%gmem_addr_resp = writeresp i1 @_ssdm_op_WriteResp.m_axi.i32P1A, i32 %gmem_addr" [softmax_accel_hls.cc:224]   --->   Operation 44 'writeresp' 'gmem_addr_resp' <Predicate = true> <Delay = 8.61> <CoreInst = "m_axi">   --->   Core 111 'm_axi' <Latency = 3> <II = 1> <Delay = 1.00> <Adapter> <Opcode : 'read' 'write' 'readreq' 'writereq' 'writeresp'>
ST_7 : Operation 49 [1/1] (1.58ns)   --->   "%ret_ln226 = ret" [softmax_accel_hls.cc:226]   --->   Operation 49 'ret' 'ret_ln226' <Predicate = (icmp_ln222)> <Delay = 1.58>

State 8 <SV = 7> <Delay = 8.61>
ST_8 : Operation 45 [1/1] (0.00ns)   --->   "%specpipeline_ln223 = specpipeline void @_ssdm_op_SpecPipeline, i32 1, i32 0, i32 0, i32 0, void @empty_2" [softmax_accel_hls.cc:223]   --->   Operation 45 'specpipeline' 'specpipeline_ln223' <Predicate = true> <Delay = 0.00>
ST_8 : Operation 46 [1/1] (0.00ns)   --->   "%specloopname_ln222 = specloopname void @_ssdm_op_SpecLoopName, void @empty_7" [softmax_accel_hls.cc:222]   --->   Operation 46 'specloopname' 'specloopname_ln222' <Predicate = true> <Delay = 0.00>
ST_8 : Operation 47 [1/5] (8.61ns)   --->   "%gmem_addr_resp = writeresp i1 @_ssdm_op_WriteResp.m_axi.i32P1A, i32 %gmem_addr" [softmax_accel_hls.cc:224]   --->   Operation 47 'writeresp' 'gmem_addr_resp' <Predicate = true> <Delay = 8.61> <CoreInst = "m_axi">   --->   Core 111 'm_axi' <Latency = 3> <II = 1> <Delay = 1.00> <Adapter> <Opcode : 'read' 'write' 'readreq' 'writereq' 'writeresp'>
ST_8 : Operation 48 [1/1] (0.00ns)   --->   "%br_ln222 = br void %for.inc" [softmax_accel_hls.cc:222]   --->   Operation 48 'br' 'br_ln222' <Predicate = true> <Delay = 0.00>


============================================================
+ Verbose Summary: Timing violations
============================================================
Target clock period: 11.800ns, clock uncertainty: 3.186ns.

 <State 1>: 7.601ns
The critical path consists of the following:
	'store' operation 0 bit ('store_ln222', softmax_accel_hls.cc:222) of constant 0 on local variable 'i', softmax_accel_hls.cc:222 [16]  (1.588 ns)
	'load' operation 9 bit ('i', softmax_accel_hls.cc:222) on local variable 'i', softmax_accel_hls.cc:222 [19]  (0.000 ns)
	'add' operation 31 bit ('add_ln224', softmax_accel_hls.cc:224) [30]  (2.493 ns)
	'add' operation 64 bit ('add_ln224_1', softmax_accel_hls.cc:224) [33]  (3.520 ns)

 <State 2>: 8.614ns
The critical path consists of the following:
	bus request operation ('gmem_addr_req', softmax_accel_hls.cc:224) on port 'gmem' (softmax_accel_hls.cc:224) [37]  (8.614 ns)

 <State 3>: 8.614ns
The critical path consists of the following:
	bus write operation ('write_ln224', softmax_accel_hls.cc:224) on port 'gmem' (softmax_accel_hls.cc:224) [38]  (8.614 ns)

 <State 4>: 8.614ns
The critical path consists of the following:
	bus response operation ('gmem_addr_resp', softmax_accel_hls.cc:224) on port 'gmem' (softmax_accel_hls.cc:224) [39]  (8.614 ns)

 <State 5>: 8.614ns
The critical path consists of the following:
	bus response operation ('gmem_addr_resp', softmax_accel_hls.cc:224) on port 'gmem' (softmax_accel_hls.cc:224) [39]  (8.614 ns)

 <State 6>: 8.614ns
The critical path consists of the following:
	bus response operation ('gmem_addr_resp', softmax_accel_hls.cc:224) on port 'gmem' (softmax_accel_hls.cc:224) [39]  (8.614 ns)

 <State 7>: 8.614ns
The critical path consists of the following:
	bus response operation ('gmem_addr_resp', softmax_accel_hls.cc:224) on port 'gmem' (softmax_accel_hls.cc:224) [39]  (8.614 ns)

 <State 8>: 8.614ns
The critical path consists of the following:
	bus response operation ('gmem_addr_resp', softmax_accel_hls.cc:224) on port 'gmem' (softmax_accel_hls.cc:224) [39]  (8.614 ns)


============================================================
+ Verbose Summary: Binding
============================================================
N/A
* FSMD analyzer results:
  - Output states:
 - Input state : 
  - Chain level:
	State 1
	State 2
	State 3
	State 4
	State 5
	State 6
	State 7
	State 8


============================================================
+ Verbose Summary: Datapath Resource usage 
============================================================
N/A
