================================================================
== Vivado Place & Route Results
================================================================
+ General Information:
    * Date:            Wed Feb 25 17:34:33 EST 2026
    * Version:         2025.1 (Build 6135595 on May 21 2025)
    * Project:         loop_component
    * Solution:        hls (Vivado IP Flow Target)
    * Product family:  zynq
    * Target device:   xc7z020-clg400-1


================================================================
== Run Constraints & Options
================================================================
+ Design Constraints & Options:
    * Place & Route target clock:  10 ns
    * C-Synthesis uncertainty:     27%

+ RTL Synthesis Options:
    * config_export -vivado_synth_strategy:     default
    * config_export -vivado_synth_design_args:  -directive sdx_optimization_effort_high

+ Place & Route Options:
    * config_export -vivado_impl_strategy:  default
    * config_export -vivado_phys_opt:       auto

+ Reporting Options:
    * config_export -vivado_report_level:      2
    * config_export -vivado_max_timing_paths:  10


================================================================
== Place & Route Resource Summary
================================================================
LUT:              1948
FF:               1509
DSP:              10
BRAM:             0
URAM:             0
SRL:              0


================================================================
== Place & Route Timing Summary
================================================================
* Timing was NOT met
+----------------+-------------+
| Timing         | Period (ns) |
+----------------+-------------+
| Target         | 10.000      |
| Post-Synthesis | 11.218      |
| Post-Route     | 10.866      |
+----------------+-------------+


================================================================
== Place & Route Resources
================================================================
+----------------------------------------------+------+------+-----+------+------+-----+--------+------+---------+----------+--------+
| Name                                         | LUT  | FF   | DSP | BRAM | URAM | SRL | Pragma | Impl | Latency | Variable | Source |
+----------------------------------------------+------+------+-----+------+------+-----+--------+------+---------+----------+--------+
| inst                                         | 1948 | 1509 | 10  |      |      |     |        |      |         |          |        |
|   grp_cpu_Pipeline_PROGRAM_LOOP_fu_187       | 1935 | 1495 | 10  |      |      |     |        |      |         |          |        |
|     (grp_cpu_Pipeline_PROGRAM_LOOP_fu_187)   | 1053 | 1443 |     |      |      |     |        |      |         |          |        |
|     mul_32ns_32ns_64_2_1_U32                 | 646  | 18   | 4   |      |      |     |        |      |         |          |        |
|     mul_32ns_32s_64_2_1_U33                  | 86   |      | 2   |      |      |     |        |      |         |          |        |
|     mul_32s_32s_64_2_1_U34                   | 153  | 34   | 4   |      |      |     |        |      |         |          |        |
|   grp_cpu_Pipeline_VITIS_LOOP_24_1_fu_152    |      |      |     |      |      |     |        |      |         |          |        |
|     flow_control_loop_pipe_sequential_init_U |      |      |     |      |      |     |        |      |         |          |        |
+----------------------------------------------+------+------+-----+------+------+-----+--------+------+---------+----------+--------+


================================================================
== Place & Route Fail Fast
================================================================
+-----------------------------------------------------------+-----------+--------+--------+
| Criteria                                                  | Guideline | Actual | Status |
+-----------------------------------------------------------+-----------+--------+--------+
| LUT                                                       | 70%       | 3.66%  | OK     |
| FD                                                        | 50%       | 1.42%  | OK     |
| LUTRAM+SRL                                                | 25%       | 0.00%  | OK     |
| MUXF7                                                     | 15%       | 0.93%  | OK     |
| DSP                                                       | 80%       | 4.55%  | OK     |
| RAMB/FIFO                                                 | 80%       | 0.00%  | OK     |
| DSP+RAMB+URAM (Avg)                                       | 70%       | 4.55%  | OK     |
| BUFGCE* + BUFGCTRL                                        | 24        | 0      | OK     |
| DONT_TOUCH (cells/nets)                                   | 0         | 0      | OK     |
| MARK_DEBUG (nets)                                         | 0         | 0      | OK     |
| Control Sets                                              | 998       | 42     | OK     |
| Average Fanout for modules > 100k cells                   | 4         | 3.08   | OK     |
| Max Average Fanout for modules > 100k cells               | 4         | 0      | OK     |
| Non-FD high fanout nets > 10k loads                       | 0         | 0      | OK     |
+-----------------------------------------------------------+-----------+--------+--------+
| TIMING-6 (No common primary clock between related clocks) | 0         | 0      | OK     |
| TIMING-7 (No common node between related clocks)          | 0         | 0      | OK     |
| TIMING-8 (No common period between related clocks)        | 0         | 0      | OK     |
| TIMING-14 (LUT on the clock tree)                         | 0         | 0      | OK     |
| TIMING-35 (No common node in paths with the same clock)   | 0         | 0      | OK     |
+-----------------------------------------------------------+-----------+--------+--------+
| Number of paths above max LUT budgeting (0.575ns)         | 0         | 0      | OK     |
| Number of paths above max Net budgeting (0.403ns)         | 0         | 0      | OK     |
+-----------------------------------------------------------+-----------+--------+--------+


================================================================
== Place & Route Timing Paths
================================================================
* Timing was NOT met
+--------+--------+--------------------------------------------------------------------+---------------------------------------------------------------------------------+--------------+------------+----------------+----------------+--------------+
| Path   |  SLACK | STARTPOINT PIN                                                     | ENDPOINT PIN                                                                    | LOGIC LEVELS | MAX FANOUT | DATAPATH DELAY | DATAPATH LOGIC | DATAPATH NET |
|        |        |                                                                    |                                                                                 |              |            |                |          DELAY |        DELAY |
+--------+--------+--------------------------------------------------------------------+---------------------------------------------------------------------------------+--------------+------------+----------------+----------------+--------------+
| Path1  | -0.866 | grp_cpu_Pipeline_PROGRAM_LOOP_fu_187/reg_file_46_reg_633_reg[14]/C | grp_cpu_Pipeline_PROGRAM_LOOP_fu_187/mul_32ns_32s_64_2_1_U33/buff0_reg__0/C[36] |            4 |         36 |          9.081 |          4.994 |        4.087 |
| Path2  | -0.866 | grp_cpu_Pipeline_PROGRAM_LOOP_fu_187/reg_file_46_reg_633_reg[14]/C | grp_cpu_Pipeline_PROGRAM_LOOP_fu_187/mul_32ns_32s_64_2_1_U33/buff0_reg__0/C[38] |            4 |         36 |          9.081 |          4.994 |        4.087 |
| Path3  | -0.866 | grp_cpu_Pipeline_PROGRAM_LOOP_fu_187/reg_file_46_reg_633_reg[14]/C | grp_cpu_Pipeline_PROGRAM_LOOP_fu_187/mul_32ns_32s_64_2_1_U33/buff0_reg__0/C[45] |            4 |         36 |          9.081 |          4.994 |        4.087 |
| Path4  | -0.866 | grp_cpu_Pipeline_PROGRAM_LOOP_fu_187/reg_file_46_reg_633_reg[14]/C | grp_cpu_Pipeline_PROGRAM_LOOP_fu_187/mul_32ns_32s_64_2_1_U33/buff0_reg__0/C[46] |            4 |         36 |          9.081 |          4.994 |        4.087 |
| Path5  | -0.839 | grp_cpu_Pipeline_PROGRAM_LOOP_fu_187/reg_file_46_reg_633_reg[14]/C | grp_cpu_Pipeline_PROGRAM_LOOP_fu_187/mul_32ns_32s_64_2_1_U33/buff0_reg__0/C[26] |            4 |         10 |          9.054 |          4.994 |        4.060 |
| Path6  | -0.817 | grp_cpu_Pipeline_PROGRAM_LOOP_fu_187/reg_file_46_reg_633_reg[14]/C | grp_cpu_Pipeline_PROGRAM_LOOP_fu_187/mul_32ns_32s_64_2_1_U33/buff0_reg__0/C[33] |            4 |         36 |          9.032 |          4.994 |        4.038 |
| Path7  | -0.817 | grp_cpu_Pipeline_PROGRAM_LOOP_fu_187/reg_file_46_reg_633_reg[14]/C | grp_cpu_Pipeline_PROGRAM_LOOP_fu_187/mul_32ns_32s_64_2_1_U33/buff0_reg__0/C[34] |            4 |         36 |          9.032 |          4.994 |        4.038 |
| Path8  | -0.804 | grp_cpu_Pipeline_PROGRAM_LOOP_fu_187/reg_file_54_reg_553_reg[6]/C  | grp_cpu_Pipeline_PROGRAM_LOOP_fu_187/mul_32ns_32ns_64_2_1_U32/buff0_reg/C[26]   |            4 |         24 |          9.019 |          5.068 |        3.951 |
| Path9  | -0.792 | grp_cpu_Pipeline_PROGRAM_LOOP_fu_187/reg_file_54_reg_553_reg[6]/C  | grp_cpu_Pipeline_PROGRAM_LOOP_fu_187/mul_32ns_32ns_64_2_1_U32/buff0_reg/C[36]   |            4 |         36 |          9.007 |          5.068 |        3.939 |
| Path10 | -0.792 | grp_cpu_Pipeline_PROGRAM_LOOP_fu_187/reg_file_54_reg_553_reg[6]/C  | grp_cpu_Pipeline_PROGRAM_LOOP_fu_187/mul_32ns_32ns_64_2_1_U32/buff0_reg/C[38]   |            4 |         36 |          9.007 |          5.068 |        3.939 |
+--------+--------+--------------------------------------------------------------------+---------------------------------------------------------------------------------+--------------+------------+----------------+----------------+--------------+

    +-------------------------------------------------------------------------------------+----------------------+
    | Path1 Cells                                                                         | Primitive Type       |
    +-------------------------------------------------------------------------------------+----------------------+
    | grp_cpu_Pipeline_PROGRAM_LOOP_fu_187/reg_file_46_reg_633_reg[14]                    | FLOP_LATCH.flop.FDRE |
    | grp_cpu_Pipeline_PROGRAM_LOOP_fu_187/mul_32ns_32ns_64_2_1_U32/mem_d0[14]_INST_0_i_7 | LUT.others.LUT6      |
    | grp_cpu_Pipeline_PROGRAM_LOOP_fu_187/mul_32ns_32ns_64_2_1_U32/mem_d0[14]_INST_0_i_2 | MUXFX.others.MUXF7   |
    | grp_cpu_Pipeline_PROGRAM_LOOP_fu_187/mul_32ns_32ns_64_2_1_U32/mem_d0[14]_INST_0     | LUT.others.LUT6      |
    | grp_cpu_Pipeline_PROGRAM_LOOP_fu_187/mul_32ns_32ns_64_2_1_U32/tmp_product__0        | MULT.dsp.DSP48E1     |
    | grp_cpu_Pipeline_PROGRAM_LOOP_fu_187/mul_32ns_32s_64_2_1_U33/buff0_reg__0           | MULT.dsp.DSP48E1     |
    | grp_cpu_Pipeline_PROGRAM_LOOP_fu_187/reg_file_46_reg_633_reg[14]                    | FLOP_LATCH.flop.FDRE |
    | grp_cpu_Pipeline_PROGRAM_LOOP_fu_187/mul_32ns_32ns_64_2_1_U32/mem_d0[14]_INST_0_i_7 | LUT.others.LUT6      |
    | grp_cpu_Pipeline_PROGRAM_LOOP_fu_187/mul_32ns_32ns_64_2_1_U32/mem_d0[14]_INST_0_i_2 | MUXFX.others.MUXF7   |
    | grp_cpu_Pipeline_PROGRAM_LOOP_fu_187/mul_32ns_32ns_64_2_1_U32/mem_d0[14]_INST_0     | LUT.others.LUT6      |
    | grp_cpu_Pipeline_PROGRAM_LOOP_fu_187/mul_32ns_32ns_64_2_1_U32/tmp_product__0        | MULT.dsp.DSP48E1     |
    | grp_cpu_Pipeline_PROGRAM_LOOP_fu_187/mul_32ns_32s_64_2_1_U33/buff0_reg__0           | MULT.dsp.DSP48E1     |
    | grp_cpu_Pipeline_PROGRAM_LOOP_fu_187/reg_file_46_reg_633_reg[14]                    | FLOP_LATCH.flop.FDRE |
    | grp_cpu_Pipeline_PROGRAM_LOOP_fu_187/mul_32ns_32ns_64_2_1_U32/mem_d0[14]_INST_0_i_7 | LUT.others.LUT6      |
    | grp_cpu_Pipeline_PROGRAM_LOOP_fu_187/mul_32ns_32ns_64_2_1_U32/mem_d0[14]_INST_0_i_2 | MUXFX.others.MUXF7   |
    | grp_cpu_Pipeline_PROGRAM_LOOP_fu_187/mul_32ns_32ns_64_2_1_U32/mem_d0[14]_INST_0     | LUT.others.LUT6      |
    | grp_cpu_Pipeline_PROGRAM_LOOP_fu_187/mul_32ns_32ns_64_2_1_U32/tmp_product__0        | MULT.dsp.DSP48E1     |
    | grp_cpu_Pipeline_PROGRAM_LOOP_fu_187/mul_32ns_32s_64_2_1_U33/buff0_reg__0           | MULT.dsp.DSP48E1     |
    | grp_cpu_Pipeline_PROGRAM_LOOP_fu_187/reg_file_46_reg_633_reg[14]                    | FLOP_LATCH.flop.FDRE |
    | grp_cpu_Pipeline_PROGRAM_LOOP_fu_187/mul_32ns_32ns_64_2_1_U32/mem_d0[14]_INST_0_i_7 | LUT.others.LUT6      |
    | grp_cpu_Pipeline_PROGRAM_LOOP_fu_187/mul_32ns_32ns_64_2_1_U32/mem_d0[14]_INST_0_i_2 | MUXFX.others.MUXF7   |
    | grp_cpu_Pipeline_PROGRAM_LOOP_fu_187/mul_32ns_32ns_64_2_1_U32/mem_d0[14]_INST_0     | LUT.others.LUT6      |
    | grp_cpu_Pipeline_PROGRAM_LOOP_fu_187/mul_32ns_32ns_64_2_1_U32/tmp_product__0        | MULT.dsp.DSP48E1     |
    | grp_cpu_Pipeline_PROGRAM_LOOP_fu_187/mul_32ns_32s_64_2_1_U33/buff0_reg__0           | MULT.dsp.DSP48E1     |
    | grp_cpu_Pipeline_PROGRAM_LOOP_fu_187/reg_file_46_reg_633_reg[14]                    | FLOP_LATCH.flop.FDRE |
    | grp_cpu_Pipeline_PROGRAM_LOOP_fu_187/mul_32ns_32ns_64_2_1_U32/mem_d0[14]_INST_0_i_7 | LUT.others.LUT6      |
    | grp_cpu_Pipeline_PROGRAM_LOOP_fu_187/mul_32ns_32ns_64_2_1_U32/mem_d0[14]_INST_0_i_2 | MUXFX.others.MUXF7   |
    | grp_cpu_Pipeline_PROGRAM_LOOP_fu_187/mul_32ns_32ns_64_2_1_U32/mem_d0[14]_INST_0     | LUT.others.LUT6      |
    | grp_cpu_Pipeline_PROGRAM_LOOP_fu_187/mul_32ns_32ns_64_2_1_U32/tmp_product__0        | MULT.dsp.DSP48E1     |
    | grp_cpu_Pipeline_PROGRAM_LOOP_fu_187/mul_32ns_32s_64_2_1_U33/buff0_reg__0           | MULT.dsp.DSP48E1     |
    | grp_cpu_Pipeline_PROGRAM_LOOP_fu_187/reg_file_46_reg_633_reg[14]                    | FLOP_LATCH.flop.FDRE |
    | grp_cpu_Pipeline_PROGRAM_LOOP_fu_187/mul_32ns_32ns_64_2_1_U32/mem_d0[14]_INST_0_i_7 | LUT.others.LUT6      |
    | grp_cpu_Pipeline_PROGRAM_LOOP_fu_187/mul_32ns_32ns_64_2_1_U32/mem_d0[14]_INST_0_i_2 | MUXFX.others.MUXF7   |
    | grp_cpu_Pipeline_PROGRAM_LOOP_fu_187/mul_32ns_32ns_64_2_1_U32/mem_d0[14]_INST_0     | LUT.others.LUT6      |
    | grp_cpu_Pipeline_PROGRAM_LOOP_fu_187/mul_32ns_32ns_64_2_1_U32/tmp_product__0        | MULT.dsp.DSP48E1     |
    | grp_cpu_Pipeline_PROGRAM_LOOP_fu_187/mul_32ns_32s_64_2_1_U33/buff0_reg__0           | MULT.dsp.DSP48E1     |
    | grp_cpu_Pipeline_PROGRAM_LOOP_fu_187/reg_file_46_reg_633_reg[14]                    | FLOP_LATCH.flop.FDRE |
    | grp_cpu_Pipeline_PROGRAM_LOOP_fu_187/mul_32ns_32ns_64_2_1_U32/mem_d0[14]_INST_0_i_7 | LUT.others.LUT6      |
    | grp_cpu_Pipeline_PROGRAM_LOOP_fu_187/mul_32ns_32ns_64_2_1_U32/mem_d0[14]_INST_0_i_2 | MUXFX.others.MUXF7   |
    | grp_cpu_Pipeline_PROGRAM_LOOP_fu_187/mul_32ns_32ns_64_2_1_U32/mem_d0[14]_INST_0     | LUT.others.LUT6      |
    | grp_cpu_Pipeline_PROGRAM_LOOP_fu_187/mul_32ns_32ns_64_2_1_U32/tmp_product__0        | MULT.dsp.DSP48E1     |
    | grp_cpu_Pipeline_PROGRAM_LOOP_fu_187/mul_32ns_32s_64_2_1_U33/buff0_reg__0           | MULT.dsp.DSP48E1     |
    | grp_cpu_Pipeline_PROGRAM_LOOP_fu_187/reg_file_54_reg_553_reg[6]                     | FLOP_LATCH.flop.FDRE |
    | grp_cpu_Pipeline_PROGRAM_LOOP_fu_187/mul_32ns_32ns_64_2_1_U32/tmp_product_i_166     | LUT.others.LUT6      |
    | grp_cpu_Pipeline_PROGRAM_LOOP_fu_187/mul_32ns_32ns_64_2_1_U32/tmp_product_i_58      | MUXFX.others.MUXF7   |
    | grp_cpu_Pipeline_PROGRAM_LOOP_fu_187/mul_32ns_32ns_64_2_1_U32/tmp_product_i_11      | LUT.others.LUT6      |
    | grp_cpu_Pipeline_PROGRAM_LOOP_fu_187/mul_32ns_32ns_64_2_1_U32/tmp_product           | MULT.dsp.DSP48E1     |
    | grp_cpu_Pipeline_PROGRAM_LOOP_fu_187/mul_32ns_32ns_64_2_1_U32/buff0_reg             | MULT.dsp.DSP48E1     |
    | grp_cpu_Pipeline_PROGRAM_LOOP_fu_187/reg_file_54_reg_553_reg[6]                     | FLOP_LATCH.flop.FDRE |
    | grp_cpu_Pipeline_PROGRAM_LOOP_fu_187/mul_32ns_32ns_64_2_1_U32/tmp_product_i_166     | LUT.others.LUT6      |
    | grp_cpu_Pipeline_PROGRAM_LOOP_fu_187/mul_32ns_32ns_64_2_1_U32/tmp_product_i_58      | MUXFX.others.MUXF7   |
    | grp_cpu_Pipeline_PROGRAM_LOOP_fu_187/mul_32ns_32ns_64_2_1_U32/tmp_product_i_11      | LUT.others.LUT6      |
    | grp_cpu_Pipeline_PROGRAM_LOOP_fu_187/mul_32ns_32ns_64_2_1_U32/tmp_product           | MULT.dsp.DSP48E1     |
    | grp_cpu_Pipeline_PROGRAM_LOOP_fu_187/mul_32ns_32ns_64_2_1_U32/buff0_reg             | MULT.dsp.DSP48E1     |
    | grp_cpu_Pipeline_PROGRAM_LOOP_fu_187/reg_file_54_reg_553_reg[6]                     | FLOP_LATCH.flop.FDRE |
    | grp_cpu_Pipeline_PROGRAM_LOOP_fu_187/mul_32ns_32ns_64_2_1_U32/tmp_product_i_166     | LUT.others.LUT6      |
    | grp_cpu_Pipeline_PROGRAM_LOOP_fu_187/mul_32ns_32ns_64_2_1_U32/tmp_product_i_58      | MUXFX.others.MUXF7   |
    | grp_cpu_Pipeline_PROGRAM_LOOP_fu_187/mul_32ns_32ns_64_2_1_U32/tmp_product_i_11      | LUT.others.LUT6      |
    | grp_cpu_Pipeline_PROGRAM_LOOP_fu_187/mul_32ns_32ns_64_2_1_U32/tmp_product           | MULT.dsp.DSP48E1     |
    | grp_cpu_Pipeline_PROGRAM_LOOP_fu_187/mul_32ns_32ns_64_2_1_U32/buff0_reg             | MULT.dsp.DSP48E1     |
    +-------------------------------------------------------------------------------------+----------------------+

    +-------------------------------------------------------------------------------------+----------------------+
    | Path2 Cells                                                                         | Primitive Type       |
    +-------------------------------------------------------------------------------------+----------------------+
    | grp_cpu_Pipeline_PROGRAM_LOOP_fu_187/reg_file_46_reg_633_reg[14]                    | FLOP_LATCH.flop.FDRE |
    | grp_cpu_Pipeline_PROGRAM_LOOP_fu_187/mul_32ns_32ns_64_2_1_U32/mem_d0[14]_INST_0_i_7 | LUT.others.LUT6      |
    | grp_cpu_Pipeline_PROGRAM_LOOP_fu_187/mul_32ns_32ns_64_2_1_U32/mem_d0[14]_INST_0_i_2 | MUXFX.others.MUXF7   |
    | grp_cpu_Pipeline_PROGRAM_LOOP_fu_187/mul_32ns_32ns_64_2_1_U32/mem_d0[14]_INST_0     | LUT.others.LUT6      |
    | grp_cpu_Pipeline_PROGRAM_LOOP_fu_187/mul_32ns_32ns_64_2_1_U32/tmp_product__0        | MULT.dsp.DSP48E1     |
    | grp_cpu_Pipeline_PROGRAM_LOOP_fu_187/mul_32ns_32s_64_2_1_U33/buff0_reg__0           | MULT.dsp.DSP48E1     |
    | grp_cpu_Pipeline_PROGRAM_LOOP_fu_187/reg_file_46_reg_633_reg[14]                    | FLOP_LATCH.flop.FDRE |
    | grp_cpu_Pipeline_PROGRAM_LOOP_fu_187/mul_32ns_32ns_64_2_1_U32/mem_d0[14]_INST_0_i_7 | LUT.others.LUT6      |
    | grp_cpu_Pipeline_PROGRAM_LOOP_fu_187/mul_32ns_32ns_64_2_1_U32/mem_d0[14]_INST_0_i_2 | MUXFX.others.MUXF7   |
    | grp_cpu_Pipeline_PROGRAM_LOOP_fu_187/mul_32ns_32ns_64_2_1_U32/mem_d0[14]_INST_0     | LUT.others.LUT6      |
    | grp_cpu_Pipeline_PROGRAM_LOOP_fu_187/mul_32ns_32ns_64_2_1_U32/tmp_product__0        | MULT.dsp.DSP48E1     |
    | grp_cpu_Pipeline_PROGRAM_LOOP_fu_187/mul_32ns_32s_64_2_1_U33/buff0_reg__0           | MULT.dsp.DSP48E1     |
    | grp_cpu_Pipeline_PROGRAM_LOOP_fu_187/reg_file_46_reg_633_reg[14]                    | FLOP_LATCH.flop.FDRE |
    | grp_cpu_Pipeline_PROGRAM_LOOP_fu_187/mul_32ns_32ns_64_2_1_U32/mem_d0[14]_INST_0_i_7 | LUT.others.LUT6      |
    | grp_cpu_Pipeline_PROGRAM_LOOP_fu_187/mul_32ns_32ns_64_2_1_U32/mem_d0[14]_INST_0_i_2 | MUXFX.others.MUXF7   |
    | grp_cpu_Pipeline_PROGRAM_LOOP_fu_187/mul_32ns_32ns_64_2_1_U32/mem_d0[14]_INST_0     | LUT.others.LUT6      |
    | grp_cpu_Pipeline_PROGRAM_LOOP_fu_187/mul_32ns_32ns_64_2_1_U32/tmp_product__0        | MULT.dsp.DSP48E1     |
    | grp_cpu_Pipeline_PROGRAM_LOOP_fu_187/mul_32ns_32s_64_2_1_U33/buff0_reg__0           | MULT.dsp.DSP48E1     |
    | grp_cpu_Pipeline_PROGRAM_LOOP_fu_187/reg_file_46_reg_633_reg[14]                    | FLOP_LATCH.flop.FDRE |
    | grp_cpu_Pipeline_PROGRAM_LOOP_fu_187/mul_32ns_32ns_64_2_1_U32/mem_d0[14]_INST_0_i_7 | LUT.others.LUT6      |
    | grp_cpu_Pipeline_PROGRAM_LOOP_fu_187/mul_32ns_32ns_64_2_1_U32/mem_d0[14]_INST_0_i_2 | MUXFX.others.MUXF7   |
    | grp_cpu_Pipeline_PROGRAM_LOOP_fu_187/mul_32ns_32ns_64_2_1_U32/mem_d0[14]_INST_0     | LUT.others.LUT6      |
    | grp_cpu_Pipeline_PROGRAM_LOOP_fu_187/mul_32ns_32ns_64_2_1_U32/tmp_product__0        | MULT.dsp.DSP48E1     |
    | grp_cpu_Pipeline_PROGRAM_LOOP_fu_187/mul_32ns_32s_64_2_1_U33/buff0_reg__0           | MULT.dsp.DSP48E1     |
    | grp_cpu_Pipeline_PROGRAM_LOOP_fu_187/reg_file_46_reg_633_reg[14]                    | FLOP_LATCH.flop.FDRE |
    | grp_cpu_Pipeline_PROGRAM_LOOP_fu_187/mul_32ns_32ns_64_2_1_U32/mem_d0[14]_INST_0_i_7 | LUT.others.LUT6      |
    | grp_cpu_Pipeline_PROGRAM_LOOP_fu_187/mul_32ns_32ns_64_2_1_U32/mem_d0[14]_INST_0_i_2 | MUXFX.others.MUXF7   |
    | grp_cpu_Pipeline_PROGRAM_LOOP_fu_187/mul_32ns_32ns_64_2_1_U32/mem_d0[14]_INST_0     | LUT.others.LUT6      |
    | grp_cpu_Pipeline_PROGRAM_LOOP_fu_187/mul_32ns_32ns_64_2_1_U32/tmp_product__0        | MULT.dsp.DSP48E1     |
    | grp_cpu_Pipeline_PROGRAM_LOOP_fu_187/mul_32ns_32s_64_2_1_U33/buff0_reg__0           | MULT.dsp.DSP48E1     |
    | grp_cpu_Pipeline_PROGRAM_LOOP_fu_187/reg_file_46_reg_633_reg[14]                    | FLOP_LATCH.flop.FDRE |
    | grp_cpu_Pipeline_PROGRAM_LOOP_fu_187/mul_32ns_32ns_64_2_1_U32/mem_d0[14]_INST_0_i_7 | LUT.others.LUT6      |
    | grp_cpu_Pipeline_PROGRAM_LOOP_fu_187/mul_32ns_32ns_64_2_1_U32/mem_d0[14]_INST_0_i_2 | MUXFX.others.MUXF7   |
    | grp_cpu_Pipeline_PROGRAM_LOOP_fu_187/mul_32ns_32ns_64_2_1_U32/mem_d0[14]_INST_0     | LUT.others.LUT6      |
    | grp_cpu_Pipeline_PROGRAM_LOOP_fu_187/mul_32ns_32ns_64_2_1_U32/tmp_product__0        | MULT.dsp.DSP48E1     |
    | grp_cpu_Pipeline_PROGRAM_LOOP_fu_187/mul_32ns_32s_64_2_1_U33/buff0_reg__0           | MULT.dsp.DSP48E1     |
    | grp_cpu_Pipeline_PROGRAM_LOOP_fu_187/reg_file_46_reg_633_reg[14]                    | FLOP_LATCH.flop.FDRE |
    | grp_cpu_Pipeline_PROGRAM_LOOP_fu_187/mul_32ns_32ns_64_2_1_U32/mem_d0[14]_INST_0_i_7 | LUT.others.LUT6      |
    | grp_cpu_Pipeline_PROGRAM_LOOP_fu_187/mul_32ns_32ns_64_2_1_U32/mem_d0[14]_INST_0_i_2 | MUXFX.others.MUXF7   |
    | grp_cpu_Pipeline_PROGRAM_LOOP_fu_187/mul_32ns_32ns_64_2_1_U32/mem_d0[14]_INST_0     | LUT.others.LUT6      |
    | grp_cpu_Pipeline_PROGRAM_LOOP_fu_187/mul_32ns_32ns_64_2_1_U32/tmp_product__0        | MULT.dsp.DSP48E1     |
    | grp_cpu_Pipeline_PROGRAM_LOOP_fu_187/mul_32ns_32s_64_2_1_U33/buff0_reg__0           | MULT.dsp.DSP48E1     |
    | grp_cpu_Pipeline_PROGRAM_LOOP_fu_187/reg_file_54_reg_553_reg[6]                     | FLOP_LATCH.flop.FDRE |
    | grp_cpu_Pipeline_PROGRAM_LOOP_fu_187/mul_32ns_32ns_64_2_1_U32/tmp_product_i_166     | LUT.others.LUT6      |
    | grp_cpu_Pipeline_PROGRAM_LOOP_fu_187/mul_32ns_32ns_64_2_1_U32/tmp_product_i_58      | MUXFX.others.MUXF7   |
    | grp_cpu_Pipeline_PROGRAM_LOOP_fu_187/mul_32ns_32ns_64_2_1_U32/tmp_product_i_11      | LUT.others.LUT6      |
    | grp_cpu_Pipeline_PROGRAM_LOOP_fu_187/mul_32ns_32ns_64_2_1_U32/tmp_product           | MULT.dsp.DSP48E1     |
    | grp_cpu_Pipeline_PROGRAM_LOOP_fu_187/mul_32ns_32ns_64_2_1_U32/buff0_reg             | MULT.dsp.DSP48E1     |
    | grp_cpu_Pipeline_PROGRAM_LOOP_fu_187/reg_file_54_reg_553_reg[6]                     | FLOP_LATCH.flop.FDRE |
    | grp_cpu_Pipeline_PROGRAM_LOOP_fu_187/mul_32ns_32ns_64_2_1_U32/tmp_product_i_166     | LUT.others.LUT6      |
    | grp_cpu_Pipeline_PROGRAM_LOOP_fu_187/mul_32ns_32ns_64_2_1_U32/tmp_product_i_58      | MUXFX.others.MUXF7   |
    | grp_cpu_Pipeline_PROGRAM_LOOP_fu_187/mul_32ns_32ns_64_2_1_U32/tmp_product_i_11      | LUT.others.LUT6      |
    | grp_cpu_Pipeline_PROGRAM_LOOP_fu_187/mul_32ns_32ns_64_2_1_U32/tmp_product           | MULT.dsp.DSP48E1     |
    | grp_cpu_Pipeline_PROGRAM_LOOP_fu_187/mul_32ns_32ns_64_2_1_U32/buff0_reg             | MULT.dsp.DSP48E1     |
    | grp_cpu_Pipeline_PROGRAM_LOOP_fu_187/reg_file_54_reg_553_reg[6]                     | FLOP_LATCH.flop.FDRE |
    | grp_cpu_Pipeline_PROGRAM_LOOP_fu_187/mul_32ns_32ns_64_2_1_U32/tmp_product_i_166     | LUT.others.LUT6      |
    | grp_cpu_Pipeline_PROGRAM_LOOP_fu_187/mul_32ns_32ns_64_2_1_U32/tmp_product_i_58      | MUXFX.others.MUXF7   |
    | grp_cpu_Pipeline_PROGRAM_LOOP_fu_187/mul_32ns_32ns_64_2_1_U32/tmp_product_i_11      | LUT.others.LUT6      |
    | grp_cpu_Pipeline_PROGRAM_LOOP_fu_187/mul_32ns_32ns_64_2_1_U32/tmp_product           | MULT.dsp.DSP48E1     |
    | grp_cpu_Pipeline_PROGRAM_LOOP_fu_187/mul_32ns_32ns_64_2_1_U32/buff0_reg             | MULT.dsp.DSP48E1     |
    +-------------------------------------------------------------------------------------+----------------------+

    +-------------------------------------------------------------------------------------+----------------------+
    | Path3 Cells                                                                         | Primitive Type       |
    +-------------------------------------------------------------------------------------+----------------------+
    | grp_cpu_Pipeline_PROGRAM_LOOP_fu_187/reg_file_46_reg_633_reg[14]                    | FLOP_LATCH.flop.FDRE |
    | grp_cpu_Pipeline_PROGRAM_LOOP_fu_187/mul_32ns_32ns_64_2_1_U32/mem_d0[14]_INST_0_i_7 | LUT.others.LUT6      |
    | grp_cpu_Pipeline_PROGRAM_LOOP_fu_187/mul_32ns_32ns_64_2_1_U32/mem_d0[14]_INST_0_i_2 | MUXFX.others.MUXF7   |
    | grp_cpu_Pipeline_PROGRAM_LOOP_fu_187/mul_32ns_32ns_64_2_1_U32/mem_d0[14]_INST_0     | LUT.others.LUT6      |
    | grp_cpu_Pipeline_PROGRAM_LOOP_fu_187/mul_32ns_32ns_64_2_1_U32/tmp_product__0        | MULT.dsp.DSP48E1     |
    | grp_cpu_Pipeline_PROGRAM_LOOP_fu_187/mul_32ns_32s_64_2_1_U33/buff0_reg__0           | MULT.dsp.DSP48E1     |
    | grp_cpu_Pipeline_PROGRAM_LOOP_fu_187/reg_file_46_reg_633_reg[14]                    | FLOP_LATCH.flop.FDRE |
    | grp_cpu_Pipeline_PROGRAM_LOOP_fu_187/mul_32ns_32ns_64_2_1_U32/mem_d0[14]_INST_0_i_7 | LUT.others.LUT6      |
    | grp_cpu_Pipeline_PROGRAM_LOOP_fu_187/mul_32ns_32ns_64_2_1_U32/mem_d0[14]_INST_0_i_2 | MUXFX.others.MUXF7   |
    | grp_cpu_Pipeline_PROGRAM_LOOP_fu_187/mul_32ns_32ns_64_2_1_U32/mem_d0[14]_INST_0     | LUT.others.LUT6      |
    | grp_cpu_Pipeline_PROGRAM_LOOP_fu_187/mul_32ns_32ns_64_2_1_U32/tmp_product__0        | MULT.dsp.DSP48E1     |
    | grp_cpu_Pipeline_PROGRAM_LOOP_fu_187/mul_32ns_32s_64_2_1_U33/buff0_reg__0           | MULT.dsp.DSP48E1     |
    | grp_cpu_Pipeline_PROGRAM_LOOP_fu_187/reg_file_46_reg_633_reg[14]                    | FLOP_LATCH.flop.FDRE |
    | grp_cpu_Pipeline_PROGRAM_LOOP_fu_187/mul_32ns_32ns_64_2_1_U32/mem_d0[14]_INST_0_i_7 | LUT.others.LUT6      |
    | grp_cpu_Pipeline_PROGRAM_LOOP_fu_187/mul_32ns_32ns_64_2_1_U32/mem_d0[14]_INST_0_i_2 | MUXFX.others.MUXF7   |
    | grp_cpu_Pipeline_PROGRAM_LOOP_fu_187/mul_32ns_32ns_64_2_1_U32/mem_d0[14]_INST_0     | LUT.others.LUT6      |
    | grp_cpu_Pipeline_PROGRAM_LOOP_fu_187/mul_32ns_32ns_64_2_1_U32/tmp_product__0        | MULT.dsp.DSP48E1     |
    | grp_cpu_Pipeline_PROGRAM_LOOP_fu_187/mul_32ns_32s_64_2_1_U33/buff0_reg__0           | MULT.dsp.DSP48E1     |
    | grp_cpu_Pipeline_PROGRAM_LOOP_fu_187/reg_file_46_reg_633_reg[14]                    | FLOP_LATCH.flop.FDRE |
    | grp_cpu_Pipeline_PROGRAM_LOOP_fu_187/mul_32ns_32ns_64_2_1_U32/mem_d0[14]_INST_0_i_7 | LUT.others.LUT6      |
    | grp_cpu_Pipeline_PROGRAM_LOOP_fu_187/mul_32ns_32ns_64_2_1_U32/mem_d0[14]_INST_0_i_2 | MUXFX.others.MUXF7   |
    | grp_cpu_Pipeline_PROGRAM_LOOP_fu_187/mul_32ns_32ns_64_2_1_U32/mem_d0[14]_INST_0     | LUT.others.LUT6      |
    | grp_cpu_Pipeline_PROGRAM_LOOP_fu_187/mul_32ns_32ns_64_2_1_U32/tmp_product__0        | MULT.dsp.DSP48E1     |
    | grp_cpu_Pipeline_PROGRAM_LOOP_fu_187/mul_32ns_32s_64_2_1_U33/buff0_reg__0           | MULT.dsp.DSP48E1     |
    | grp_cpu_Pipeline_PROGRAM_LOOP_fu_187/reg_file_46_reg_633_reg[14]                    | FLOP_LATCH.flop.FDRE |
    | grp_cpu_Pipeline_PROGRAM_LOOP_fu_187/mul_32ns_32ns_64_2_1_U32/mem_d0[14]_INST_0_i_7 | LUT.others.LUT6      |
    | grp_cpu_Pipeline_PROGRAM_LOOP_fu_187/mul_32ns_32ns_64_2_1_U32/mem_d0[14]_INST_0_i_2 | MUXFX.others.MUXF7   |
    | grp_cpu_Pipeline_PROGRAM_LOOP_fu_187/mul_32ns_32ns_64_2_1_U32/mem_d0[14]_INST_0     | LUT.others.LUT6      |
    | grp_cpu_Pipeline_PROGRAM_LOOP_fu_187/mul_32ns_32ns_64_2_1_U32/tmp_product__0        | MULT.dsp.DSP48E1     |
    | grp_cpu_Pipeline_PROGRAM_LOOP_fu_187/mul_32ns_32s_64_2_1_U33/buff0_reg__0           | MULT.dsp.DSP48E1     |
    | grp_cpu_Pipeline_PROGRAM_LOOP_fu_187/reg_file_46_reg_633_reg[14]                    | FLOP_LATCH.flop.FDRE |
    | grp_cpu_Pipeline_PROGRAM_LOOP_fu_187/mul_32ns_32ns_64_2_1_U32/mem_d0[14]_INST_0_i_7 | LUT.others.LUT6      |
    | grp_cpu_Pipeline_PROGRAM_LOOP_fu_187/mul_32ns_32ns_64_2_1_U32/mem_d0[14]_INST_0_i_2 | MUXFX.others.MUXF7   |
    | grp_cpu_Pipeline_PROGRAM_LOOP_fu_187/mul_32ns_32ns_64_2_1_U32/mem_d0[14]_INST_0     | LUT.others.LUT6      |
    | grp_cpu_Pipeline_PROGRAM_LOOP_fu_187/mul_32ns_32ns_64_2_1_U32/tmp_product__0        | MULT.dsp.DSP48E1     |
    | grp_cpu_Pipeline_PROGRAM_LOOP_fu_187/mul_32ns_32s_64_2_1_U33/buff0_reg__0           | MULT.dsp.DSP48E1     |
    | grp_cpu_Pipeline_PROGRAM_LOOP_fu_187/reg_file_46_reg_633_reg[14]                    | FLOP_LATCH.flop.FDRE |
    | grp_cpu_Pipeline_PROGRAM_LOOP_fu_187/mul_32ns_32ns_64_2_1_U32/mem_d0[14]_INST_0_i_7 | LUT.others.LUT6      |
    | grp_cpu_Pipeline_PROGRAM_LOOP_fu_187/mul_32ns_32ns_64_2_1_U32/mem_d0[14]_INST_0_i_2 | MUXFX.others.MUXF7   |
    | grp_cpu_Pipeline_PROGRAM_LOOP_fu_187/mul_32ns_32ns_64_2_1_U32/mem_d0[14]_INST_0     | LUT.others.LUT6      |
    | grp_cpu_Pipeline_PROGRAM_LOOP_fu_187/mul_32ns_32ns_64_2_1_U32/tmp_product__0        | MULT.dsp.DSP48E1     |
    | grp_cpu_Pipeline_PROGRAM_LOOP_fu_187/mul_32ns_32s_64_2_1_U33/buff0_reg__0           | MULT.dsp.DSP48E1     |
    | grp_cpu_Pipeline_PROGRAM_LOOP_fu_187/reg_file_54_reg_553_reg[6]                     | FLOP_LATCH.flop.FDRE |
    | grp_cpu_Pipeline_PROGRAM_LOOP_fu_187/mul_32ns_32ns_64_2_1_U32/tmp_product_i_166     | LUT.others.LUT6      |
    | grp_cpu_Pipeline_PROGRAM_LOOP_fu_187/mul_32ns_32ns_64_2_1_U32/tmp_product_i_58      | MUXFX.others.MUXF7   |
    | grp_cpu_Pipeline_PROGRAM_LOOP_fu_187/mul_32ns_32ns_64_2_1_U32/tmp_product_i_11      | LUT.others.LUT6      |
    | grp_cpu_Pipeline_PROGRAM_LOOP_fu_187/mul_32ns_32ns_64_2_1_U32/tmp_product           | MULT.dsp.DSP48E1     |
    | grp_cpu_Pipeline_PROGRAM_LOOP_fu_187/mul_32ns_32ns_64_2_1_U32/buff0_reg             | MULT.dsp.DSP48E1     |
    | grp_cpu_Pipeline_PROGRAM_LOOP_fu_187/reg_file_54_reg_553_reg[6]                     | FLOP_LATCH.flop.FDRE |
    | grp_cpu_Pipeline_PROGRAM_LOOP_fu_187/mul_32ns_32ns_64_2_1_U32/tmp_product_i_166     | LUT.others.LUT6      |
    | grp_cpu_Pipeline_PROGRAM_LOOP_fu_187/mul_32ns_32ns_64_2_1_U32/tmp_product_i_58      | MUXFX.others.MUXF7   |
    | grp_cpu_Pipeline_PROGRAM_LOOP_fu_187/mul_32ns_32ns_64_2_1_U32/tmp_product_i_11      | LUT.others.LUT6      |
    | grp_cpu_Pipeline_PROGRAM_LOOP_fu_187/mul_32ns_32ns_64_2_1_U32/tmp_product           | MULT.dsp.DSP48E1     |
    | grp_cpu_Pipeline_PROGRAM_LOOP_fu_187/mul_32ns_32ns_64_2_1_U32/buff0_reg             | MULT.dsp.DSP48E1     |
    | grp_cpu_Pipeline_PROGRAM_LOOP_fu_187/reg_file_54_reg_553_reg[6]                     | FLOP_LATCH.flop.FDRE |
    | grp_cpu_Pipeline_PROGRAM_LOOP_fu_187/mul_32ns_32ns_64_2_1_U32/tmp_product_i_166     | LUT.others.LUT6      |
    | grp_cpu_Pipeline_PROGRAM_LOOP_fu_187/mul_32ns_32ns_64_2_1_U32/tmp_product_i_58      | MUXFX.others.MUXF7   |
    | grp_cpu_Pipeline_PROGRAM_LOOP_fu_187/mul_32ns_32ns_64_2_1_U32/tmp_product_i_11      | LUT.others.LUT6      |
    | grp_cpu_Pipeline_PROGRAM_LOOP_fu_187/mul_32ns_32ns_64_2_1_U32/tmp_product           | MULT.dsp.DSP48E1     |
    | grp_cpu_Pipeline_PROGRAM_LOOP_fu_187/mul_32ns_32ns_64_2_1_U32/buff0_reg             | MULT.dsp.DSP48E1     |
    +-------------------------------------------------------------------------------------+----------------------+

    +-------------------------------------------------------------------------------------+----------------------+
    | Path4 Cells                                                                         | Primitive Type       |
    +-------------------------------------------------------------------------------------+----------------------+
    | grp_cpu_Pipeline_PROGRAM_LOOP_fu_187/reg_file_46_reg_633_reg[14]                    | FLOP_LATCH.flop.FDRE |
    | grp_cpu_Pipeline_PROGRAM_LOOP_fu_187/mul_32ns_32ns_64_2_1_U32/mem_d0[14]_INST_0_i_7 | LUT.others.LUT6      |
    | grp_cpu_Pipeline_PROGRAM_LOOP_fu_187/mul_32ns_32ns_64_2_1_U32/mem_d0[14]_INST_0_i_2 | MUXFX.others.MUXF7   |
    | grp_cpu_Pipeline_PROGRAM_LOOP_fu_187/mul_32ns_32ns_64_2_1_U32/mem_d0[14]_INST_0     | LUT.others.LUT6      |
    | grp_cpu_Pipeline_PROGRAM_LOOP_fu_187/mul_32ns_32ns_64_2_1_U32/tmp_product__0        | MULT.dsp.DSP48E1     |
    | grp_cpu_Pipeline_PROGRAM_LOOP_fu_187/mul_32ns_32s_64_2_1_U33/buff0_reg__0           | MULT.dsp.DSP48E1     |
    | grp_cpu_Pipeline_PROGRAM_LOOP_fu_187/reg_file_46_reg_633_reg[14]                    | FLOP_LATCH.flop.FDRE |
    | grp_cpu_Pipeline_PROGRAM_LOOP_fu_187/mul_32ns_32ns_64_2_1_U32/mem_d0[14]_INST_0_i_7 | LUT.others.LUT6      |
    | grp_cpu_Pipeline_PROGRAM_LOOP_fu_187/mul_32ns_32ns_64_2_1_U32/mem_d0[14]_INST_0_i_2 | MUXFX.others.MUXF7   |
    | grp_cpu_Pipeline_PROGRAM_LOOP_fu_187/mul_32ns_32ns_64_2_1_U32/mem_d0[14]_INST_0     | LUT.others.LUT6      |
    | grp_cpu_Pipeline_PROGRAM_LOOP_fu_187/mul_32ns_32ns_64_2_1_U32/tmp_product__0        | MULT.dsp.DSP48E1     |
    | grp_cpu_Pipeline_PROGRAM_LOOP_fu_187/mul_32ns_32s_64_2_1_U33/buff0_reg__0           | MULT.dsp.DSP48E1     |
    | grp_cpu_Pipeline_PROGRAM_LOOP_fu_187/reg_file_46_reg_633_reg[14]                    | FLOP_LATCH.flop.FDRE |
    | grp_cpu_Pipeline_PROGRAM_LOOP_fu_187/mul_32ns_32ns_64_2_1_U32/mem_d0[14]_INST_0_i_7 | LUT.others.LUT6      |
    | grp_cpu_Pipeline_PROGRAM_LOOP_fu_187/mul_32ns_32ns_64_2_1_U32/mem_d0[14]_INST_0_i_2 | MUXFX.others.MUXF7   |
    | grp_cpu_Pipeline_PROGRAM_LOOP_fu_187/mul_32ns_32ns_64_2_1_U32/mem_d0[14]_INST_0     | LUT.others.LUT6      |
    | grp_cpu_Pipeline_PROGRAM_LOOP_fu_187/mul_32ns_32ns_64_2_1_U32/tmp_product__0        | MULT.dsp.DSP48E1     |
    | grp_cpu_Pipeline_PROGRAM_LOOP_fu_187/mul_32ns_32s_64_2_1_U33/buff0_reg__0           | MULT.dsp.DSP48E1     |
    | grp_cpu_Pipeline_PROGRAM_LOOP_fu_187/reg_file_46_reg_633_reg[14]                    | FLOP_LATCH.flop.FDRE |
    | grp_cpu_Pipeline_PROGRAM_LOOP_fu_187/mul_32ns_32ns_64_2_1_U32/mem_d0[14]_INST_0_i_7 | LUT.others.LUT6      |
    | grp_cpu_Pipeline_PROGRAM_LOOP_fu_187/mul_32ns_32ns_64_2_1_U32/mem_d0[14]_INST_0_i_2 | MUXFX.others.MUXF7   |
    | grp_cpu_Pipeline_PROGRAM_LOOP_fu_187/mul_32ns_32ns_64_2_1_U32/mem_d0[14]_INST_0     | LUT.others.LUT6      |
    | grp_cpu_Pipeline_PROGRAM_LOOP_fu_187/mul_32ns_32ns_64_2_1_U32/tmp_product__0        | MULT.dsp.DSP48E1     |
    | grp_cpu_Pipeline_PROGRAM_LOOP_fu_187/mul_32ns_32s_64_2_1_U33/buff0_reg__0           | MULT.dsp.DSP48E1     |
    | grp_cpu_Pipeline_PROGRAM_LOOP_fu_187/reg_file_46_reg_633_reg[14]                    | FLOP_LATCH.flop.FDRE |
    | grp_cpu_Pipeline_PROGRAM_LOOP_fu_187/mul_32ns_32ns_64_2_1_U32/mem_d0[14]_INST_0_i_7 | LUT.others.LUT6      |
    | grp_cpu_Pipeline_PROGRAM_LOOP_fu_187/mul_32ns_32ns_64_2_1_U32/mem_d0[14]_INST_0_i_2 | MUXFX.others.MUXF7   |
    | grp_cpu_Pipeline_PROGRAM_LOOP_fu_187/mul_32ns_32ns_64_2_1_U32/mem_d0[14]_INST_0     | LUT.others.LUT6      |
    | grp_cpu_Pipeline_PROGRAM_LOOP_fu_187/mul_32ns_32ns_64_2_1_U32/tmp_product__0        | MULT.dsp.DSP48E1     |
    | grp_cpu_Pipeline_PROGRAM_LOOP_fu_187/mul_32ns_32s_64_2_1_U33/buff0_reg__0           | MULT.dsp.DSP48E1     |
    | grp_cpu_Pipeline_PROGRAM_LOOP_fu_187/reg_file_46_reg_633_reg[14]                    | FLOP_LATCH.flop.FDRE |
    | grp_cpu_Pipeline_PROGRAM_LOOP_fu_187/mul_32ns_32ns_64_2_1_U32/mem_d0[14]_INST_0_i_7 | LUT.others.LUT6      |
    | grp_cpu_Pipeline_PROGRAM_LOOP_fu_187/mul_32ns_32ns_64_2_1_U32/mem_d0[14]_INST_0_i_2 | MUXFX.others.MUXF7   |
    | grp_cpu_Pipeline_PROGRAM_LOOP_fu_187/mul_32ns_32ns_64_2_1_U32/mem_d0[14]_INST_0     | LUT.others.LUT6      |
    | grp_cpu_Pipeline_PROGRAM_LOOP_fu_187/mul_32ns_32ns_64_2_1_U32/tmp_product__0        | MULT.dsp.DSP48E1     |
    | grp_cpu_Pipeline_PROGRAM_LOOP_fu_187/mul_32ns_32s_64_2_1_U33/buff0_reg__0           | MULT.dsp.DSP48E1     |
    | grp_cpu_Pipeline_PROGRAM_LOOP_fu_187/reg_file_46_reg_633_reg[14]                    | FLOP_LATCH.flop.FDRE |
    | grp_cpu_Pipeline_PROGRAM_LOOP_fu_187/mul_32ns_32ns_64_2_1_U32/mem_d0[14]_INST_0_i_7 | LUT.others.LUT6      |
    | grp_cpu_Pipeline_PROGRAM_LOOP_fu_187/mul_32ns_32ns_64_2_1_U32/mem_d0[14]_INST_0_i_2 | MUXFX.others.MUXF7   |
    | grp_cpu_Pipeline_PROGRAM_LOOP_fu_187/mul_32ns_32ns_64_2_1_U32/mem_d0[14]_INST_0     | LUT.others.LUT6      |
    | grp_cpu_Pipeline_PROGRAM_LOOP_fu_187/mul_32ns_32ns_64_2_1_U32/tmp_product__0        | MULT.dsp.DSP48E1     |
    | grp_cpu_Pipeline_PROGRAM_LOOP_fu_187/mul_32ns_32s_64_2_1_U33/buff0_reg__0           | MULT.dsp.DSP48E1     |
    | grp_cpu_Pipeline_PROGRAM_LOOP_fu_187/reg_file_54_reg_553_reg[6]                     | FLOP_LATCH.flop.FDRE |
    | grp_cpu_Pipeline_PROGRAM_LOOP_fu_187/mul_32ns_32ns_64_2_1_U32/tmp_product_i_166     | LUT.others.LUT6      |
    | grp_cpu_Pipeline_PROGRAM_LOOP_fu_187/mul_32ns_32ns_64_2_1_U32/tmp_product_i_58      | MUXFX.others.MUXF7   |
    | grp_cpu_Pipeline_PROGRAM_LOOP_fu_187/mul_32ns_32ns_64_2_1_U32/tmp_product_i_11      | LUT.others.LUT6      |
    | grp_cpu_Pipeline_PROGRAM_LOOP_fu_187/mul_32ns_32ns_64_2_1_U32/tmp_product           | MULT.dsp.DSP48E1     |
    | grp_cpu_Pipeline_PROGRAM_LOOP_fu_187/mul_32ns_32ns_64_2_1_U32/buff0_reg             | MULT.dsp.DSP48E1     |
    | grp_cpu_Pipeline_PROGRAM_LOOP_fu_187/reg_file_54_reg_553_reg[6]                     | FLOP_LATCH.flop.FDRE |
    | grp_cpu_Pipeline_PROGRAM_LOOP_fu_187/mul_32ns_32ns_64_2_1_U32/tmp_product_i_166     | LUT.others.LUT6      |
    | grp_cpu_Pipeline_PROGRAM_LOOP_fu_187/mul_32ns_32ns_64_2_1_U32/tmp_product_i_58      | MUXFX.others.MUXF7   |
    | grp_cpu_Pipeline_PROGRAM_LOOP_fu_187/mul_32ns_32ns_64_2_1_U32/tmp_product_i_11      | LUT.others.LUT6      |
    | grp_cpu_Pipeline_PROGRAM_LOOP_fu_187/mul_32ns_32ns_64_2_1_U32/tmp_product           | MULT.dsp.DSP48E1     |
    | grp_cpu_Pipeline_PROGRAM_LOOP_fu_187/mul_32ns_32ns_64_2_1_U32/buff0_reg             | MULT.dsp.DSP48E1     |
    | grp_cpu_Pipeline_PROGRAM_LOOP_fu_187/reg_file_54_reg_553_reg[6]                     | FLOP_LATCH.flop.FDRE |
    | grp_cpu_Pipeline_PROGRAM_LOOP_fu_187/mul_32ns_32ns_64_2_1_U32/tmp_product_i_166     | LUT.others.LUT6      |
    | grp_cpu_Pipeline_PROGRAM_LOOP_fu_187/mul_32ns_32ns_64_2_1_U32/tmp_product_i_58      | MUXFX.others.MUXF7   |
    | grp_cpu_Pipeline_PROGRAM_LOOP_fu_187/mul_32ns_32ns_64_2_1_U32/tmp_product_i_11      | LUT.others.LUT6      |
    | grp_cpu_Pipeline_PROGRAM_LOOP_fu_187/mul_32ns_32ns_64_2_1_U32/tmp_product           | MULT.dsp.DSP48E1     |
    | grp_cpu_Pipeline_PROGRAM_LOOP_fu_187/mul_32ns_32ns_64_2_1_U32/buff0_reg             | MULT.dsp.DSP48E1     |
    +-------------------------------------------------------------------------------------+----------------------+

    +-------------------------------------------------------------------------------------+----------------------+
    | Path5 Cells                                                                         | Primitive Type       |
    +-------------------------------------------------------------------------------------+----------------------+
    | grp_cpu_Pipeline_PROGRAM_LOOP_fu_187/reg_file_46_reg_633_reg[14]                    | FLOP_LATCH.flop.FDRE |
    | grp_cpu_Pipeline_PROGRAM_LOOP_fu_187/mul_32ns_32ns_64_2_1_U32/mem_d0[14]_INST_0_i_7 | LUT.others.LUT6      |
    | grp_cpu_Pipeline_PROGRAM_LOOP_fu_187/mul_32ns_32ns_64_2_1_U32/mem_d0[14]_INST_0_i_2 | MUXFX.others.MUXF7   |
    | grp_cpu_Pipeline_PROGRAM_LOOP_fu_187/mul_32ns_32ns_64_2_1_U32/mem_d0[14]_INST_0     | LUT.others.LUT6      |
    | grp_cpu_Pipeline_PROGRAM_LOOP_fu_187/mul_32ns_32ns_64_2_1_U32/tmp_product__0        | MULT.dsp.DSP48E1     |
    | grp_cpu_Pipeline_PROGRAM_LOOP_fu_187/mul_32ns_32s_64_2_1_U33/buff0_reg__0           | MULT.dsp.DSP48E1     |
    | grp_cpu_Pipeline_PROGRAM_LOOP_fu_187/reg_file_46_reg_633_reg[14]                    | FLOP_LATCH.flop.FDRE |
    | grp_cpu_Pipeline_PROGRAM_LOOP_fu_187/mul_32ns_32ns_64_2_1_U32/mem_d0[14]_INST_0_i_7 | LUT.others.LUT6      |
    | grp_cpu_Pipeline_PROGRAM_LOOP_fu_187/mul_32ns_32ns_64_2_1_U32/mem_d0[14]_INST_0_i_2 | MUXFX.others.MUXF7   |
    | grp_cpu_Pipeline_PROGRAM_LOOP_fu_187/mul_32ns_32ns_64_2_1_U32/mem_d0[14]_INST_0     | LUT.others.LUT6      |
    | grp_cpu_Pipeline_PROGRAM_LOOP_fu_187/mul_32ns_32ns_64_2_1_U32/tmp_product__0        | MULT.dsp.DSP48E1     |
    | grp_cpu_Pipeline_PROGRAM_LOOP_fu_187/mul_32ns_32s_64_2_1_U33/buff0_reg__0           | MULT.dsp.DSP48E1     |
    | grp_cpu_Pipeline_PROGRAM_LOOP_fu_187/reg_file_46_reg_633_reg[14]                    | FLOP_LATCH.flop.FDRE |
    | grp_cpu_Pipeline_PROGRAM_LOOP_fu_187/mul_32ns_32ns_64_2_1_U32/mem_d0[14]_INST_0_i_7 | LUT.others.LUT6      |
    | grp_cpu_Pipeline_PROGRAM_LOOP_fu_187/mul_32ns_32ns_64_2_1_U32/mem_d0[14]_INST_0_i_2 | MUXFX.others.MUXF7   |
    | grp_cpu_Pipeline_PROGRAM_LOOP_fu_187/mul_32ns_32ns_64_2_1_U32/mem_d0[14]_INST_0     | LUT.others.LUT6      |
    | grp_cpu_Pipeline_PROGRAM_LOOP_fu_187/mul_32ns_32ns_64_2_1_U32/tmp_product__0        | MULT.dsp.DSP48E1     |
    | grp_cpu_Pipeline_PROGRAM_LOOP_fu_187/mul_32ns_32s_64_2_1_U33/buff0_reg__0           | MULT.dsp.DSP48E1     |
    | grp_cpu_Pipeline_PROGRAM_LOOP_fu_187/reg_file_46_reg_633_reg[14]                    | FLOP_LATCH.flop.FDRE |
    | grp_cpu_Pipeline_PROGRAM_LOOP_fu_187/mul_32ns_32ns_64_2_1_U32/mem_d0[14]_INST_0_i_7 | LUT.others.LUT6      |
    | grp_cpu_Pipeline_PROGRAM_LOOP_fu_187/mul_32ns_32ns_64_2_1_U32/mem_d0[14]_INST_0_i_2 | MUXFX.others.MUXF7   |
    | grp_cpu_Pipeline_PROGRAM_LOOP_fu_187/mul_32ns_32ns_64_2_1_U32/mem_d0[14]_INST_0     | LUT.others.LUT6      |
    | grp_cpu_Pipeline_PROGRAM_LOOP_fu_187/mul_32ns_32ns_64_2_1_U32/tmp_product__0        | MULT.dsp.DSP48E1     |
    | grp_cpu_Pipeline_PROGRAM_LOOP_fu_187/mul_32ns_32s_64_2_1_U33/buff0_reg__0           | MULT.dsp.DSP48E1     |
    | grp_cpu_Pipeline_PROGRAM_LOOP_fu_187/reg_file_46_reg_633_reg[14]                    | FLOP_LATCH.flop.FDRE |
    | grp_cpu_Pipeline_PROGRAM_LOOP_fu_187/mul_32ns_32ns_64_2_1_U32/mem_d0[14]_INST_0_i_7 | LUT.others.LUT6      |
    | grp_cpu_Pipeline_PROGRAM_LOOP_fu_187/mul_32ns_32ns_64_2_1_U32/mem_d0[14]_INST_0_i_2 | MUXFX.others.MUXF7   |
    | grp_cpu_Pipeline_PROGRAM_LOOP_fu_187/mul_32ns_32ns_64_2_1_U32/mem_d0[14]_INST_0     | LUT.others.LUT6      |
    | grp_cpu_Pipeline_PROGRAM_LOOP_fu_187/mul_32ns_32ns_64_2_1_U32/tmp_product__0        | MULT.dsp.DSP48E1     |
    | grp_cpu_Pipeline_PROGRAM_LOOP_fu_187/mul_32ns_32s_64_2_1_U33/buff0_reg__0           | MULT.dsp.DSP48E1     |
    | grp_cpu_Pipeline_PROGRAM_LOOP_fu_187/reg_file_46_reg_633_reg[14]                    | FLOP_LATCH.flop.FDRE |
    | grp_cpu_Pipeline_PROGRAM_LOOP_fu_187/mul_32ns_32ns_64_2_1_U32/mem_d0[14]_INST_0_i_7 | LUT.others.LUT6      |
    | grp_cpu_Pipeline_PROGRAM_LOOP_fu_187/mul_32ns_32ns_64_2_1_U32/mem_d0[14]_INST_0_i_2 | MUXFX.others.MUXF7   |
    | grp_cpu_Pipeline_PROGRAM_LOOP_fu_187/mul_32ns_32ns_64_2_1_U32/mem_d0[14]_INST_0     | LUT.others.LUT6      |
    | grp_cpu_Pipeline_PROGRAM_LOOP_fu_187/mul_32ns_32ns_64_2_1_U32/tmp_product__0        | MULT.dsp.DSP48E1     |
    | grp_cpu_Pipeline_PROGRAM_LOOP_fu_187/mul_32ns_32s_64_2_1_U33/buff0_reg__0           | MULT.dsp.DSP48E1     |
    | grp_cpu_Pipeline_PROGRAM_LOOP_fu_187/reg_file_46_reg_633_reg[14]                    | FLOP_LATCH.flop.FDRE |
    | grp_cpu_Pipeline_PROGRAM_LOOP_fu_187/mul_32ns_32ns_64_2_1_U32/mem_d0[14]_INST_0_i_7 | LUT.others.LUT6      |
    | grp_cpu_Pipeline_PROGRAM_LOOP_fu_187/mul_32ns_32ns_64_2_1_U32/mem_d0[14]_INST_0_i_2 | MUXFX.others.MUXF7   |
    | grp_cpu_Pipeline_PROGRAM_LOOP_fu_187/mul_32ns_32ns_64_2_1_U32/mem_d0[14]_INST_0     | LUT.others.LUT6      |
    | grp_cpu_Pipeline_PROGRAM_LOOP_fu_187/mul_32ns_32ns_64_2_1_U32/tmp_product__0        | MULT.dsp.DSP48E1     |
    | grp_cpu_Pipeline_PROGRAM_LOOP_fu_187/mul_32ns_32s_64_2_1_U33/buff0_reg__0           | MULT.dsp.DSP48E1     |
    | grp_cpu_Pipeline_PROGRAM_LOOP_fu_187/reg_file_54_reg_553_reg[6]                     | FLOP_LATCH.flop.FDRE |
    | grp_cpu_Pipeline_PROGRAM_LOOP_fu_187/mul_32ns_32ns_64_2_1_U32/tmp_product_i_166     | LUT.others.LUT6      |
    | grp_cpu_Pipeline_PROGRAM_LOOP_fu_187/mul_32ns_32ns_64_2_1_U32/tmp_product_i_58      | MUXFX.others.MUXF7   |
    | grp_cpu_Pipeline_PROGRAM_LOOP_fu_187/mul_32ns_32ns_64_2_1_U32/tmp_product_i_11      | LUT.others.LUT6      |
    | grp_cpu_Pipeline_PROGRAM_LOOP_fu_187/mul_32ns_32ns_64_2_1_U32/tmp_product           | MULT.dsp.DSP48E1     |
    | grp_cpu_Pipeline_PROGRAM_LOOP_fu_187/mul_32ns_32ns_64_2_1_U32/buff0_reg             | MULT.dsp.DSP48E1     |
    | grp_cpu_Pipeline_PROGRAM_LOOP_fu_187/reg_file_54_reg_553_reg[6]                     | FLOP_LATCH.flop.FDRE |
    | grp_cpu_Pipeline_PROGRAM_LOOP_fu_187/mul_32ns_32ns_64_2_1_U32/tmp_product_i_166     | LUT.others.LUT6      |
    | grp_cpu_Pipeline_PROGRAM_LOOP_fu_187/mul_32ns_32ns_64_2_1_U32/tmp_product_i_58      | MUXFX.others.MUXF7   |
    | grp_cpu_Pipeline_PROGRAM_LOOP_fu_187/mul_32ns_32ns_64_2_1_U32/tmp_product_i_11      | LUT.others.LUT6      |
    | grp_cpu_Pipeline_PROGRAM_LOOP_fu_187/mul_32ns_32ns_64_2_1_U32/tmp_product           | MULT.dsp.DSP48E1     |
    | grp_cpu_Pipeline_PROGRAM_LOOP_fu_187/mul_32ns_32ns_64_2_1_U32/buff0_reg             | MULT.dsp.DSP48E1     |
    | grp_cpu_Pipeline_PROGRAM_LOOP_fu_187/reg_file_54_reg_553_reg[6]                     | FLOP_LATCH.flop.FDRE |
    | grp_cpu_Pipeline_PROGRAM_LOOP_fu_187/mul_32ns_32ns_64_2_1_U32/tmp_product_i_166     | LUT.others.LUT6      |
    | grp_cpu_Pipeline_PROGRAM_LOOP_fu_187/mul_32ns_32ns_64_2_1_U32/tmp_product_i_58      | MUXFX.others.MUXF7   |
    | grp_cpu_Pipeline_PROGRAM_LOOP_fu_187/mul_32ns_32ns_64_2_1_U32/tmp_product_i_11      | LUT.others.LUT6      |
    | grp_cpu_Pipeline_PROGRAM_LOOP_fu_187/mul_32ns_32ns_64_2_1_U32/tmp_product           | MULT.dsp.DSP48E1     |
    | grp_cpu_Pipeline_PROGRAM_LOOP_fu_187/mul_32ns_32ns_64_2_1_U32/buff0_reg             | MULT.dsp.DSP48E1     |
    +-------------------------------------------------------------------------------------+----------------------+

    +-------------------------------------------------------------------------------------+----------------------+
    | Path6 Cells                                                                         | Primitive Type       |
    +-------------------------------------------------------------------------------------+----------------------+
    | grp_cpu_Pipeline_PROGRAM_LOOP_fu_187/reg_file_46_reg_633_reg[14]                    | FLOP_LATCH.flop.FDRE |
    | grp_cpu_Pipeline_PROGRAM_LOOP_fu_187/mul_32ns_32ns_64_2_1_U32/mem_d0[14]_INST_0_i_7 | LUT.others.LUT6      |
    | grp_cpu_Pipeline_PROGRAM_LOOP_fu_187/mul_32ns_32ns_64_2_1_U32/mem_d0[14]_INST_0_i_2 | MUXFX.others.MUXF7   |
    | grp_cpu_Pipeline_PROGRAM_LOOP_fu_187/mul_32ns_32ns_64_2_1_U32/mem_d0[14]_INST_0     | LUT.others.LUT6      |
    | grp_cpu_Pipeline_PROGRAM_LOOP_fu_187/mul_32ns_32ns_64_2_1_U32/tmp_product__0        | MULT.dsp.DSP48E1     |
    | grp_cpu_Pipeline_PROGRAM_LOOP_fu_187/mul_32ns_32s_64_2_1_U33/buff0_reg__0           | MULT.dsp.DSP48E1     |
    | grp_cpu_Pipeline_PROGRAM_LOOP_fu_187/reg_file_46_reg_633_reg[14]                    | FLOP_LATCH.flop.FDRE |
    | grp_cpu_Pipeline_PROGRAM_LOOP_fu_187/mul_32ns_32ns_64_2_1_U32/mem_d0[14]_INST_0_i_7 | LUT.others.LUT6      |
    | grp_cpu_Pipeline_PROGRAM_LOOP_fu_187/mul_32ns_32ns_64_2_1_U32/mem_d0[14]_INST_0_i_2 | MUXFX.others.MUXF7   |
    | grp_cpu_Pipeline_PROGRAM_LOOP_fu_187/mul_32ns_32ns_64_2_1_U32/mem_d0[14]_INST_0     | LUT.others.LUT6      |
    | grp_cpu_Pipeline_PROGRAM_LOOP_fu_187/mul_32ns_32ns_64_2_1_U32/tmp_product__0        | MULT.dsp.DSP48E1     |
    | grp_cpu_Pipeline_PROGRAM_LOOP_fu_187/mul_32ns_32s_64_2_1_U33/buff0_reg__0           | MULT.dsp.DSP48E1     |
    | grp_cpu_Pipeline_PROGRAM_LOOP_fu_187/reg_file_46_reg_633_reg[14]                    | FLOP_LATCH.flop.FDRE |
    | grp_cpu_Pipeline_PROGRAM_LOOP_fu_187/mul_32ns_32ns_64_2_1_U32/mem_d0[14]_INST_0_i_7 | LUT.others.LUT6      |
    | grp_cpu_Pipeline_PROGRAM_LOOP_fu_187/mul_32ns_32ns_64_2_1_U32/mem_d0[14]_INST_0_i_2 | MUXFX.others.MUXF7   |
    | grp_cpu_Pipeline_PROGRAM_LOOP_fu_187/mul_32ns_32ns_64_2_1_U32/mem_d0[14]_INST_0     | LUT.others.LUT6      |
    | grp_cpu_Pipeline_PROGRAM_LOOP_fu_187/mul_32ns_32ns_64_2_1_U32/tmp_product__0        | MULT.dsp.DSP48E1     |
    | grp_cpu_Pipeline_PROGRAM_LOOP_fu_187/mul_32ns_32s_64_2_1_U33/buff0_reg__0           | MULT.dsp.DSP48E1     |
    | grp_cpu_Pipeline_PROGRAM_LOOP_fu_187/reg_file_46_reg_633_reg[14]                    | FLOP_LATCH.flop.FDRE |
    | grp_cpu_Pipeline_PROGRAM_LOOP_fu_187/mul_32ns_32ns_64_2_1_U32/mem_d0[14]_INST_0_i_7 | LUT.others.LUT6      |
    | grp_cpu_Pipeline_PROGRAM_LOOP_fu_187/mul_32ns_32ns_64_2_1_U32/mem_d0[14]_INST_0_i_2 | MUXFX.others.MUXF7   |
    | grp_cpu_Pipeline_PROGRAM_LOOP_fu_187/mul_32ns_32ns_64_2_1_U32/mem_d0[14]_INST_0     | LUT.others.LUT6      |
    | grp_cpu_Pipeline_PROGRAM_LOOP_fu_187/mul_32ns_32ns_64_2_1_U32/tmp_product__0        | MULT.dsp.DSP48E1     |
    | grp_cpu_Pipeline_PROGRAM_LOOP_fu_187/mul_32ns_32s_64_2_1_U33/buff0_reg__0           | MULT.dsp.DSP48E1     |
    | grp_cpu_Pipeline_PROGRAM_LOOP_fu_187/reg_file_46_reg_633_reg[14]                    | FLOP_LATCH.flop.FDRE |
    | grp_cpu_Pipeline_PROGRAM_LOOP_fu_187/mul_32ns_32ns_64_2_1_U32/mem_d0[14]_INST_0_i_7 | LUT.others.LUT6      |
    | grp_cpu_Pipeline_PROGRAM_LOOP_fu_187/mul_32ns_32ns_64_2_1_U32/mem_d0[14]_INST_0_i_2 | MUXFX.others.MUXF7   |
    | grp_cpu_Pipeline_PROGRAM_LOOP_fu_187/mul_32ns_32ns_64_2_1_U32/mem_d0[14]_INST_0     | LUT.others.LUT6      |
    | grp_cpu_Pipeline_PROGRAM_LOOP_fu_187/mul_32ns_32ns_64_2_1_U32/tmp_product__0        | MULT.dsp.DSP48E1     |
    | grp_cpu_Pipeline_PROGRAM_LOOP_fu_187/mul_32ns_32s_64_2_1_U33/buff0_reg__0           | MULT.dsp.DSP48E1     |
    | grp_cpu_Pipeline_PROGRAM_LOOP_fu_187/reg_file_46_reg_633_reg[14]                    | FLOP_LATCH.flop.FDRE |
    | grp_cpu_Pipeline_PROGRAM_LOOP_fu_187/mul_32ns_32ns_64_2_1_U32/mem_d0[14]_INST_0_i_7 | LUT.others.LUT6      |
    | grp_cpu_Pipeline_PROGRAM_LOOP_fu_187/mul_32ns_32ns_64_2_1_U32/mem_d0[14]_INST_0_i_2 | MUXFX.others.MUXF7   |
    | grp_cpu_Pipeline_PROGRAM_LOOP_fu_187/mul_32ns_32ns_64_2_1_U32/mem_d0[14]_INST_0     | LUT.others.LUT6      |
    | grp_cpu_Pipeline_PROGRAM_LOOP_fu_187/mul_32ns_32ns_64_2_1_U32/tmp_product__0        | MULT.dsp.DSP48E1     |
    | grp_cpu_Pipeline_PROGRAM_LOOP_fu_187/mul_32ns_32s_64_2_1_U33/buff0_reg__0           | MULT.dsp.DSP48E1     |
    | grp_cpu_Pipeline_PROGRAM_LOOP_fu_187/reg_file_46_reg_633_reg[14]                    | FLOP_LATCH.flop.FDRE |
    | grp_cpu_Pipeline_PROGRAM_LOOP_fu_187/mul_32ns_32ns_64_2_1_U32/mem_d0[14]_INST_0_i_7 | LUT.others.LUT6      |
    | grp_cpu_Pipeline_PROGRAM_LOOP_fu_187/mul_32ns_32ns_64_2_1_U32/mem_d0[14]_INST_0_i_2 | MUXFX.others.MUXF7   |
    | grp_cpu_Pipeline_PROGRAM_LOOP_fu_187/mul_32ns_32ns_64_2_1_U32/mem_d0[14]_INST_0     | LUT.others.LUT6      |
    | grp_cpu_Pipeline_PROGRAM_LOOP_fu_187/mul_32ns_32ns_64_2_1_U32/tmp_product__0        | MULT.dsp.DSP48E1     |
    | grp_cpu_Pipeline_PROGRAM_LOOP_fu_187/mul_32ns_32s_64_2_1_U33/buff0_reg__0           | MULT.dsp.DSP48E1     |
    | grp_cpu_Pipeline_PROGRAM_LOOP_fu_187/reg_file_54_reg_553_reg[6]                     | FLOP_LATCH.flop.FDRE |
    | grp_cpu_Pipeline_PROGRAM_LOOP_fu_187/mul_32ns_32ns_64_2_1_U32/tmp_product_i_166     | LUT.others.LUT6      |
    | grp_cpu_Pipeline_PROGRAM_LOOP_fu_187/mul_32ns_32ns_64_2_1_U32/tmp_product_i_58      | MUXFX.others.MUXF7   |
    | grp_cpu_Pipeline_PROGRAM_LOOP_fu_187/mul_32ns_32ns_64_2_1_U32/tmp_product_i_11      | LUT.others.LUT6      |
    | grp_cpu_Pipeline_PROGRAM_LOOP_fu_187/mul_32ns_32ns_64_2_1_U32/tmp_product           | MULT.dsp.DSP48E1     |
    | grp_cpu_Pipeline_PROGRAM_LOOP_fu_187/mul_32ns_32ns_64_2_1_U32/buff0_reg             | MULT.dsp.DSP48E1     |
    | grp_cpu_Pipeline_PROGRAM_LOOP_fu_187/reg_file_54_reg_553_reg[6]                     | FLOP_LATCH.flop.FDRE |
    | grp_cpu_Pipeline_PROGRAM_LOOP_fu_187/mul_32ns_32ns_64_2_1_U32/tmp_product_i_166     | LUT.others.LUT6      |
    | grp_cpu_Pipeline_PROGRAM_LOOP_fu_187/mul_32ns_32ns_64_2_1_U32/tmp_product_i_58      | MUXFX.others.MUXF7   |
    | grp_cpu_Pipeline_PROGRAM_LOOP_fu_187/mul_32ns_32ns_64_2_1_U32/tmp_product_i_11      | LUT.others.LUT6      |
    | grp_cpu_Pipeline_PROGRAM_LOOP_fu_187/mul_32ns_32ns_64_2_1_U32/tmp_product           | MULT.dsp.DSP48E1     |
    | grp_cpu_Pipeline_PROGRAM_LOOP_fu_187/mul_32ns_32ns_64_2_1_U32/buff0_reg             | MULT.dsp.DSP48E1     |
    | grp_cpu_Pipeline_PROGRAM_LOOP_fu_187/reg_file_54_reg_553_reg[6]                     | FLOP_LATCH.flop.FDRE |
    | grp_cpu_Pipeline_PROGRAM_LOOP_fu_187/mul_32ns_32ns_64_2_1_U32/tmp_product_i_166     | LUT.others.LUT6      |
    | grp_cpu_Pipeline_PROGRAM_LOOP_fu_187/mul_32ns_32ns_64_2_1_U32/tmp_product_i_58      | MUXFX.others.MUXF7   |
    | grp_cpu_Pipeline_PROGRAM_LOOP_fu_187/mul_32ns_32ns_64_2_1_U32/tmp_product_i_11      | LUT.others.LUT6      |
    | grp_cpu_Pipeline_PROGRAM_LOOP_fu_187/mul_32ns_32ns_64_2_1_U32/tmp_product           | MULT.dsp.DSP48E1     |
    | grp_cpu_Pipeline_PROGRAM_LOOP_fu_187/mul_32ns_32ns_64_2_1_U32/buff0_reg             | MULT.dsp.DSP48E1     |
    +-------------------------------------------------------------------------------------+----------------------+

    +-------------------------------------------------------------------------------------+----------------------+
    | Path7 Cells                                                                         | Primitive Type       |
    +-------------------------------------------------------------------------------------+----------------------+
    | grp_cpu_Pipeline_PROGRAM_LOOP_fu_187/reg_file_46_reg_633_reg[14]                    | FLOP_LATCH.flop.FDRE |
    | grp_cpu_Pipeline_PROGRAM_LOOP_fu_187/mul_32ns_32ns_64_2_1_U32/mem_d0[14]_INST_0_i_7 | LUT.others.LUT6      |
    | grp_cpu_Pipeline_PROGRAM_LOOP_fu_187/mul_32ns_32ns_64_2_1_U32/mem_d0[14]_INST_0_i_2 | MUXFX.others.MUXF7   |
    | grp_cpu_Pipeline_PROGRAM_LOOP_fu_187/mul_32ns_32ns_64_2_1_U32/mem_d0[14]_INST_0     | LUT.others.LUT6      |
    | grp_cpu_Pipeline_PROGRAM_LOOP_fu_187/mul_32ns_32ns_64_2_1_U32/tmp_product__0        | MULT.dsp.DSP48E1     |
    | grp_cpu_Pipeline_PROGRAM_LOOP_fu_187/mul_32ns_32s_64_2_1_U33/buff0_reg__0           | MULT.dsp.DSP48E1     |
    | grp_cpu_Pipeline_PROGRAM_LOOP_fu_187/reg_file_46_reg_633_reg[14]                    | FLOP_LATCH.flop.FDRE |
    | grp_cpu_Pipeline_PROGRAM_LOOP_fu_187/mul_32ns_32ns_64_2_1_U32/mem_d0[14]_INST_0_i_7 | LUT.others.LUT6      |
    | grp_cpu_Pipeline_PROGRAM_LOOP_fu_187/mul_32ns_32ns_64_2_1_U32/mem_d0[14]_INST_0_i_2 | MUXFX.others.MUXF7   |
    | grp_cpu_Pipeline_PROGRAM_LOOP_fu_187/mul_32ns_32ns_64_2_1_U32/mem_d0[14]_INST_0     | LUT.others.LUT6      |
    | grp_cpu_Pipeline_PROGRAM_LOOP_fu_187/mul_32ns_32ns_64_2_1_U32/tmp_product__0        | MULT.dsp.DSP48E1     |
    | grp_cpu_Pipeline_PROGRAM_LOOP_fu_187/mul_32ns_32s_64_2_1_U33/buff0_reg__0           | MULT.dsp.DSP48E1     |
    | grp_cpu_Pipeline_PROGRAM_LOOP_fu_187/reg_file_46_reg_633_reg[14]                    | FLOP_LATCH.flop.FDRE |
    | grp_cpu_Pipeline_PROGRAM_LOOP_fu_187/mul_32ns_32ns_64_2_1_U32/mem_d0[14]_INST_0_i_7 | LUT.others.LUT6      |
    | grp_cpu_Pipeline_PROGRAM_LOOP_fu_187/mul_32ns_32ns_64_2_1_U32/mem_d0[14]_INST_0_i_2 | MUXFX.others.MUXF7   |
    | grp_cpu_Pipeline_PROGRAM_LOOP_fu_187/mul_32ns_32ns_64_2_1_U32/mem_d0[14]_INST_0     | LUT.others.LUT6      |
    | grp_cpu_Pipeline_PROGRAM_LOOP_fu_187/mul_32ns_32ns_64_2_1_U32/tmp_product__0        | MULT.dsp.DSP48E1     |
    | grp_cpu_Pipeline_PROGRAM_LOOP_fu_187/mul_32ns_32s_64_2_1_U33/buff0_reg__0           | MULT.dsp.DSP48E1     |
    | grp_cpu_Pipeline_PROGRAM_LOOP_fu_187/reg_file_46_reg_633_reg[14]                    | FLOP_LATCH.flop.FDRE |
    | grp_cpu_Pipeline_PROGRAM_LOOP_fu_187/mul_32ns_32ns_64_2_1_U32/mem_d0[14]_INST_0_i_7 | LUT.others.LUT6      |
    | grp_cpu_Pipeline_PROGRAM_LOOP_fu_187/mul_32ns_32ns_64_2_1_U32/mem_d0[14]_INST_0_i_2 | MUXFX.others.MUXF7   |
    | grp_cpu_Pipeline_PROGRAM_LOOP_fu_187/mul_32ns_32ns_64_2_1_U32/mem_d0[14]_INST_0     | LUT.others.LUT6      |
    | grp_cpu_Pipeline_PROGRAM_LOOP_fu_187/mul_32ns_32ns_64_2_1_U32/tmp_product__0        | MULT.dsp.DSP48E1     |
    | grp_cpu_Pipeline_PROGRAM_LOOP_fu_187/mul_32ns_32s_64_2_1_U33/buff0_reg__0           | MULT.dsp.DSP48E1     |
    | grp_cpu_Pipeline_PROGRAM_LOOP_fu_187/reg_file_46_reg_633_reg[14]                    | FLOP_LATCH.flop.FDRE |
    | grp_cpu_Pipeline_PROGRAM_LOOP_fu_187/mul_32ns_32ns_64_2_1_U32/mem_d0[14]_INST_0_i_7 | LUT.others.LUT6      |
    | grp_cpu_Pipeline_PROGRAM_LOOP_fu_187/mul_32ns_32ns_64_2_1_U32/mem_d0[14]_INST_0_i_2 | MUXFX.others.MUXF7   |
    | grp_cpu_Pipeline_PROGRAM_LOOP_fu_187/mul_32ns_32ns_64_2_1_U32/mem_d0[14]_INST_0     | LUT.others.LUT6      |
    | grp_cpu_Pipeline_PROGRAM_LOOP_fu_187/mul_32ns_32ns_64_2_1_U32/tmp_product__0        | MULT.dsp.DSP48E1     |
    | grp_cpu_Pipeline_PROGRAM_LOOP_fu_187/mul_32ns_32s_64_2_1_U33/buff0_reg__0           | MULT.dsp.DSP48E1     |
    | grp_cpu_Pipeline_PROGRAM_LOOP_fu_187/reg_file_46_reg_633_reg[14]                    | FLOP_LATCH.flop.FDRE |
    | grp_cpu_Pipeline_PROGRAM_LOOP_fu_187/mul_32ns_32ns_64_2_1_U32/mem_d0[14]_INST_0_i_7 | LUT.others.LUT6      |
    | grp_cpu_Pipeline_PROGRAM_LOOP_fu_187/mul_32ns_32ns_64_2_1_U32/mem_d0[14]_INST_0_i_2 | MUXFX.others.MUXF7   |
    | grp_cpu_Pipeline_PROGRAM_LOOP_fu_187/mul_32ns_32ns_64_2_1_U32/mem_d0[14]_INST_0     | LUT.others.LUT6      |
    | grp_cpu_Pipeline_PROGRAM_LOOP_fu_187/mul_32ns_32ns_64_2_1_U32/tmp_product__0        | MULT.dsp.DSP48E1     |
    | grp_cpu_Pipeline_PROGRAM_LOOP_fu_187/mul_32ns_32s_64_2_1_U33/buff0_reg__0           | MULT.dsp.DSP48E1     |
    | grp_cpu_Pipeline_PROGRAM_LOOP_fu_187/reg_file_46_reg_633_reg[14]                    | FLOP_LATCH.flop.FDRE |
    | grp_cpu_Pipeline_PROGRAM_LOOP_fu_187/mul_32ns_32ns_64_2_1_U32/mem_d0[14]_INST_0_i_7 | LUT.others.LUT6      |
    | grp_cpu_Pipeline_PROGRAM_LOOP_fu_187/mul_32ns_32ns_64_2_1_U32/mem_d0[14]_INST_0_i_2 | MUXFX.others.MUXF7   |
    | grp_cpu_Pipeline_PROGRAM_LOOP_fu_187/mul_32ns_32ns_64_2_1_U32/mem_d0[14]_INST_0     | LUT.others.LUT6      |
    | grp_cpu_Pipeline_PROGRAM_LOOP_fu_187/mul_32ns_32ns_64_2_1_U32/tmp_product__0        | MULT.dsp.DSP48E1     |
    | grp_cpu_Pipeline_PROGRAM_LOOP_fu_187/mul_32ns_32s_64_2_1_U33/buff0_reg__0           | MULT.dsp.DSP48E1     |
    | grp_cpu_Pipeline_PROGRAM_LOOP_fu_187/reg_file_54_reg_553_reg[6]                     | FLOP_LATCH.flop.FDRE |
    | grp_cpu_Pipeline_PROGRAM_LOOP_fu_187/mul_32ns_32ns_64_2_1_U32/tmp_product_i_166     | LUT.others.LUT6      |
    | grp_cpu_Pipeline_PROGRAM_LOOP_fu_187/mul_32ns_32ns_64_2_1_U32/tmp_product_i_58      | MUXFX.others.MUXF7   |
    | grp_cpu_Pipeline_PROGRAM_LOOP_fu_187/mul_32ns_32ns_64_2_1_U32/tmp_product_i_11      | LUT.others.LUT6      |
    | grp_cpu_Pipeline_PROGRAM_LOOP_fu_187/mul_32ns_32ns_64_2_1_U32/tmp_product           | MULT.dsp.DSP48E1     |
    | grp_cpu_Pipeline_PROGRAM_LOOP_fu_187/mul_32ns_32ns_64_2_1_U32/buff0_reg             | MULT.dsp.DSP48E1     |
    | grp_cpu_Pipeline_PROGRAM_LOOP_fu_187/reg_file_54_reg_553_reg[6]                     | FLOP_LATCH.flop.FDRE |
    | grp_cpu_Pipeline_PROGRAM_LOOP_fu_187/mul_32ns_32ns_64_2_1_U32/tmp_product_i_166     | LUT.others.LUT6      |
    | grp_cpu_Pipeline_PROGRAM_LOOP_fu_187/mul_32ns_32ns_64_2_1_U32/tmp_product_i_58      | MUXFX.others.MUXF7   |
    | grp_cpu_Pipeline_PROGRAM_LOOP_fu_187/mul_32ns_32ns_64_2_1_U32/tmp_product_i_11      | LUT.others.LUT6      |
    | grp_cpu_Pipeline_PROGRAM_LOOP_fu_187/mul_32ns_32ns_64_2_1_U32/tmp_product           | MULT.dsp.DSP48E1     |
    | grp_cpu_Pipeline_PROGRAM_LOOP_fu_187/mul_32ns_32ns_64_2_1_U32/buff0_reg             | MULT.dsp.DSP48E1     |
    | grp_cpu_Pipeline_PROGRAM_LOOP_fu_187/reg_file_54_reg_553_reg[6]                     | FLOP_LATCH.flop.FDRE |
    | grp_cpu_Pipeline_PROGRAM_LOOP_fu_187/mul_32ns_32ns_64_2_1_U32/tmp_product_i_166     | LUT.others.LUT6      |
    | grp_cpu_Pipeline_PROGRAM_LOOP_fu_187/mul_32ns_32ns_64_2_1_U32/tmp_product_i_58      | MUXFX.others.MUXF7   |
    | grp_cpu_Pipeline_PROGRAM_LOOP_fu_187/mul_32ns_32ns_64_2_1_U32/tmp_product_i_11      | LUT.others.LUT6      |
    | grp_cpu_Pipeline_PROGRAM_LOOP_fu_187/mul_32ns_32ns_64_2_1_U32/tmp_product           | MULT.dsp.DSP48E1     |
    | grp_cpu_Pipeline_PROGRAM_LOOP_fu_187/mul_32ns_32ns_64_2_1_U32/buff0_reg             | MULT.dsp.DSP48E1     |
    +-------------------------------------------------------------------------------------+----------------------+

    +-------------------------------------------------------------------------------------+----------------------+
    | Path8 Cells                                                                         | Primitive Type       |
    +-------------------------------------------------------------------------------------+----------------------+
    | grp_cpu_Pipeline_PROGRAM_LOOP_fu_187/reg_file_46_reg_633_reg[14]                    | FLOP_LATCH.flop.FDRE |
    | grp_cpu_Pipeline_PROGRAM_LOOP_fu_187/mul_32ns_32ns_64_2_1_U32/mem_d0[14]_INST_0_i_7 | LUT.others.LUT6      |
    | grp_cpu_Pipeline_PROGRAM_LOOP_fu_187/mul_32ns_32ns_64_2_1_U32/mem_d0[14]_INST_0_i_2 | MUXFX.others.MUXF7   |
    | grp_cpu_Pipeline_PROGRAM_LOOP_fu_187/mul_32ns_32ns_64_2_1_U32/mem_d0[14]_INST_0     | LUT.others.LUT6      |
    | grp_cpu_Pipeline_PROGRAM_LOOP_fu_187/mul_32ns_32ns_64_2_1_U32/tmp_product__0        | MULT.dsp.DSP48E1     |
    | grp_cpu_Pipeline_PROGRAM_LOOP_fu_187/mul_32ns_32s_64_2_1_U33/buff0_reg__0           | MULT.dsp.DSP48E1     |
    | grp_cpu_Pipeline_PROGRAM_LOOP_fu_187/reg_file_46_reg_633_reg[14]                    | FLOP_LATCH.flop.FDRE |
    | grp_cpu_Pipeline_PROGRAM_LOOP_fu_187/mul_32ns_32ns_64_2_1_U32/mem_d0[14]_INST_0_i_7 | LUT.others.LUT6      |
    | grp_cpu_Pipeline_PROGRAM_LOOP_fu_187/mul_32ns_32ns_64_2_1_U32/mem_d0[14]_INST_0_i_2 | MUXFX.others.MUXF7   |
    | grp_cpu_Pipeline_PROGRAM_LOOP_fu_187/mul_32ns_32ns_64_2_1_U32/mem_d0[14]_INST_0     | LUT.others.LUT6      |
    | grp_cpu_Pipeline_PROGRAM_LOOP_fu_187/mul_32ns_32ns_64_2_1_U32/tmp_product__0        | MULT.dsp.DSP48E1     |
    | grp_cpu_Pipeline_PROGRAM_LOOP_fu_187/mul_32ns_32s_64_2_1_U33/buff0_reg__0           | MULT.dsp.DSP48E1     |
    | grp_cpu_Pipeline_PROGRAM_LOOP_fu_187/reg_file_46_reg_633_reg[14]                    | FLOP_LATCH.flop.FDRE |
    | grp_cpu_Pipeline_PROGRAM_LOOP_fu_187/mul_32ns_32ns_64_2_1_U32/mem_d0[14]_INST_0_i_7 | LUT.others.LUT6      |
    | grp_cpu_Pipeline_PROGRAM_LOOP_fu_187/mul_32ns_32ns_64_2_1_U32/mem_d0[14]_INST_0_i_2 | MUXFX.others.MUXF7   |
    | grp_cpu_Pipeline_PROGRAM_LOOP_fu_187/mul_32ns_32ns_64_2_1_U32/mem_d0[14]_INST_0     | LUT.others.LUT6      |
    | grp_cpu_Pipeline_PROGRAM_LOOP_fu_187/mul_32ns_32ns_64_2_1_U32/tmp_product__0        | MULT.dsp.DSP48E1     |
    | grp_cpu_Pipeline_PROGRAM_LOOP_fu_187/mul_32ns_32s_64_2_1_U33/buff0_reg__0           | MULT.dsp.DSP48E1     |
    | grp_cpu_Pipeline_PROGRAM_LOOP_fu_187/reg_file_46_reg_633_reg[14]                    | FLOP_LATCH.flop.FDRE |
    | grp_cpu_Pipeline_PROGRAM_LOOP_fu_187/mul_32ns_32ns_64_2_1_U32/mem_d0[14]_INST_0_i_7 | LUT.others.LUT6      |
    | grp_cpu_Pipeline_PROGRAM_LOOP_fu_187/mul_32ns_32ns_64_2_1_U32/mem_d0[14]_INST_0_i_2 | MUXFX.others.MUXF7   |
    | grp_cpu_Pipeline_PROGRAM_LOOP_fu_187/mul_32ns_32ns_64_2_1_U32/mem_d0[14]_INST_0     | LUT.others.LUT6      |
    | grp_cpu_Pipeline_PROGRAM_LOOP_fu_187/mul_32ns_32ns_64_2_1_U32/tmp_product__0        | MULT.dsp.DSP48E1     |
    | grp_cpu_Pipeline_PROGRAM_LOOP_fu_187/mul_32ns_32s_64_2_1_U33/buff0_reg__0           | MULT.dsp.DSP48E1     |
    | grp_cpu_Pipeline_PROGRAM_LOOP_fu_187/reg_file_46_reg_633_reg[14]                    | FLOP_LATCH.flop.FDRE |
    | grp_cpu_Pipeline_PROGRAM_LOOP_fu_187/mul_32ns_32ns_64_2_1_U32/mem_d0[14]_INST_0_i_7 | LUT.others.LUT6      |
    | grp_cpu_Pipeline_PROGRAM_LOOP_fu_187/mul_32ns_32ns_64_2_1_U32/mem_d0[14]_INST_0_i_2 | MUXFX.others.MUXF7   |
    | grp_cpu_Pipeline_PROGRAM_LOOP_fu_187/mul_32ns_32ns_64_2_1_U32/mem_d0[14]_INST_0     | LUT.others.LUT6      |
    | grp_cpu_Pipeline_PROGRAM_LOOP_fu_187/mul_32ns_32ns_64_2_1_U32/tmp_product__0        | MULT.dsp.DSP48E1     |
    | grp_cpu_Pipeline_PROGRAM_LOOP_fu_187/mul_32ns_32s_64_2_1_U33/buff0_reg__0           | MULT.dsp.DSP48E1     |
    | grp_cpu_Pipeline_PROGRAM_LOOP_fu_187/reg_file_46_reg_633_reg[14]                    | FLOP_LATCH.flop.FDRE |
    | grp_cpu_Pipeline_PROGRAM_LOOP_fu_187/mul_32ns_32ns_64_2_1_U32/mem_d0[14]_INST_0_i_7 | LUT.others.LUT6      |
    | grp_cpu_Pipeline_PROGRAM_LOOP_fu_187/mul_32ns_32ns_64_2_1_U32/mem_d0[14]_INST_0_i_2 | MUXFX.others.MUXF7   |
    | grp_cpu_Pipeline_PROGRAM_LOOP_fu_187/mul_32ns_32ns_64_2_1_U32/mem_d0[14]_INST_0     | LUT.others.LUT6      |
    | grp_cpu_Pipeline_PROGRAM_LOOP_fu_187/mul_32ns_32ns_64_2_1_U32/tmp_product__0        | MULT.dsp.DSP48E1     |
    | grp_cpu_Pipeline_PROGRAM_LOOP_fu_187/mul_32ns_32s_64_2_1_U33/buff0_reg__0           | MULT.dsp.DSP48E1     |
    | grp_cpu_Pipeline_PROGRAM_LOOP_fu_187/reg_file_46_reg_633_reg[14]                    | FLOP_LATCH.flop.FDRE |
    | grp_cpu_Pipeline_PROGRAM_LOOP_fu_187/mul_32ns_32ns_64_2_1_U32/mem_d0[14]_INST_0_i_7 | LUT.others.LUT6      |
    | grp_cpu_Pipeline_PROGRAM_LOOP_fu_187/mul_32ns_32ns_64_2_1_U32/mem_d0[14]_INST_0_i_2 | MUXFX.others.MUXF7   |
    | grp_cpu_Pipeline_PROGRAM_LOOP_fu_187/mul_32ns_32ns_64_2_1_U32/mem_d0[14]_INST_0     | LUT.others.LUT6      |
    | grp_cpu_Pipeline_PROGRAM_LOOP_fu_187/mul_32ns_32ns_64_2_1_U32/tmp_product__0        | MULT.dsp.DSP48E1     |
    | grp_cpu_Pipeline_PROGRAM_LOOP_fu_187/mul_32ns_32s_64_2_1_U33/buff0_reg__0           | MULT.dsp.DSP48E1     |
    | grp_cpu_Pipeline_PROGRAM_LOOP_fu_187/reg_file_54_reg_553_reg[6]                     | FLOP_LATCH.flop.FDRE |
    | grp_cpu_Pipeline_PROGRAM_LOOP_fu_187/mul_32ns_32ns_64_2_1_U32/tmp_product_i_166     | LUT.others.LUT6      |
    | grp_cpu_Pipeline_PROGRAM_LOOP_fu_187/mul_32ns_32ns_64_2_1_U32/tmp_product_i_58      | MUXFX.others.MUXF7   |
    | grp_cpu_Pipeline_PROGRAM_LOOP_fu_187/mul_32ns_32ns_64_2_1_U32/tmp_product_i_11      | LUT.others.LUT6      |
    | grp_cpu_Pipeline_PROGRAM_LOOP_fu_187/mul_32ns_32ns_64_2_1_U32/tmp_product           | MULT.dsp.DSP48E1     |
    | grp_cpu_Pipeline_PROGRAM_LOOP_fu_187/mul_32ns_32ns_64_2_1_U32/buff0_reg             | MULT.dsp.DSP48E1     |
    | grp_cpu_Pipeline_PROGRAM_LOOP_fu_187/reg_file_54_reg_553_reg[6]                     | FLOP_LATCH.flop.FDRE |
    | grp_cpu_Pipeline_PROGRAM_LOOP_fu_187/mul_32ns_32ns_64_2_1_U32/tmp_product_i_166     | LUT.others.LUT6      |
    | grp_cpu_Pipeline_PROGRAM_LOOP_fu_187/mul_32ns_32ns_64_2_1_U32/tmp_product_i_58      | MUXFX.others.MUXF7   |
    | grp_cpu_Pipeline_PROGRAM_LOOP_fu_187/mul_32ns_32ns_64_2_1_U32/tmp_product_i_11      | LUT.others.LUT6      |
    | grp_cpu_Pipeline_PROGRAM_LOOP_fu_187/mul_32ns_32ns_64_2_1_U32/tmp_product           | MULT.dsp.DSP48E1     |
    | grp_cpu_Pipeline_PROGRAM_LOOP_fu_187/mul_32ns_32ns_64_2_1_U32/buff0_reg             | MULT.dsp.DSP48E1     |
    | grp_cpu_Pipeline_PROGRAM_LOOP_fu_187/reg_file_54_reg_553_reg[6]                     | FLOP_LATCH.flop.FDRE |
    | grp_cpu_Pipeline_PROGRAM_LOOP_fu_187/mul_32ns_32ns_64_2_1_U32/tmp_product_i_166     | LUT.others.LUT6      |
    | grp_cpu_Pipeline_PROGRAM_LOOP_fu_187/mul_32ns_32ns_64_2_1_U32/tmp_product_i_58      | MUXFX.others.MUXF7   |
    | grp_cpu_Pipeline_PROGRAM_LOOP_fu_187/mul_32ns_32ns_64_2_1_U32/tmp_product_i_11      | LUT.others.LUT6      |
    | grp_cpu_Pipeline_PROGRAM_LOOP_fu_187/mul_32ns_32ns_64_2_1_U32/tmp_product           | MULT.dsp.DSP48E1     |
    | grp_cpu_Pipeline_PROGRAM_LOOP_fu_187/mul_32ns_32ns_64_2_1_U32/buff0_reg             | MULT.dsp.DSP48E1     |
    +-------------------------------------------------------------------------------------+----------------------+

    +-------------------------------------------------------------------------------------+----------------------+
    | Path9 Cells                                                                         | Primitive Type       |
    +-------------------------------------------------------------------------------------+----------------------+
    | grp_cpu_Pipeline_PROGRAM_LOOP_fu_187/reg_file_46_reg_633_reg[14]                    | FLOP_LATCH.flop.FDRE |
    | grp_cpu_Pipeline_PROGRAM_LOOP_fu_187/mul_32ns_32ns_64_2_1_U32/mem_d0[14]_INST_0_i_7 | LUT.others.LUT6      |
    | grp_cpu_Pipeline_PROGRAM_LOOP_fu_187/mul_32ns_32ns_64_2_1_U32/mem_d0[14]_INST_0_i_2 | MUXFX.others.MUXF7   |
    | grp_cpu_Pipeline_PROGRAM_LOOP_fu_187/mul_32ns_32ns_64_2_1_U32/mem_d0[14]_INST_0     | LUT.others.LUT6      |
    | grp_cpu_Pipeline_PROGRAM_LOOP_fu_187/mul_32ns_32ns_64_2_1_U32/tmp_product__0        | MULT.dsp.DSP48E1     |
    | grp_cpu_Pipeline_PROGRAM_LOOP_fu_187/mul_32ns_32s_64_2_1_U33/buff0_reg__0           | MULT.dsp.DSP48E1     |
    | grp_cpu_Pipeline_PROGRAM_LOOP_fu_187/reg_file_46_reg_633_reg[14]                    | FLOP_LATCH.flop.FDRE |
    | grp_cpu_Pipeline_PROGRAM_LOOP_fu_187/mul_32ns_32ns_64_2_1_U32/mem_d0[14]_INST_0_i_7 | LUT.others.LUT6      |
    | grp_cpu_Pipeline_PROGRAM_LOOP_fu_187/mul_32ns_32ns_64_2_1_U32/mem_d0[14]_INST_0_i_2 | MUXFX.others.MUXF7   |
    | grp_cpu_Pipeline_PROGRAM_LOOP_fu_187/mul_32ns_32ns_64_2_1_U32/mem_d0[14]_INST_0     | LUT.others.LUT6      |
    | grp_cpu_Pipeline_PROGRAM_LOOP_fu_187/mul_32ns_32ns_64_2_1_U32/tmp_product__0        | MULT.dsp.DSP48E1     |
    | grp_cpu_Pipeline_PROGRAM_LOOP_fu_187/mul_32ns_32s_64_2_1_U33/buff0_reg__0           | MULT.dsp.DSP48E1     |
    | grp_cpu_Pipeline_PROGRAM_LOOP_fu_187/reg_file_46_reg_633_reg[14]                    | FLOP_LATCH.flop.FDRE |
    | grp_cpu_Pipeline_PROGRAM_LOOP_fu_187/mul_32ns_32ns_64_2_1_U32/mem_d0[14]_INST_0_i_7 | LUT.others.LUT6      |
    | grp_cpu_Pipeline_PROGRAM_LOOP_fu_187/mul_32ns_32ns_64_2_1_U32/mem_d0[14]_INST_0_i_2 | MUXFX.others.MUXF7   |
    | grp_cpu_Pipeline_PROGRAM_LOOP_fu_187/mul_32ns_32ns_64_2_1_U32/mem_d0[14]_INST_0     | LUT.others.LUT6      |
    | grp_cpu_Pipeline_PROGRAM_LOOP_fu_187/mul_32ns_32ns_64_2_1_U32/tmp_product__0        | MULT.dsp.DSP48E1     |
    | grp_cpu_Pipeline_PROGRAM_LOOP_fu_187/mul_32ns_32s_64_2_1_U33/buff0_reg__0           | MULT.dsp.DSP48E1     |
    | grp_cpu_Pipeline_PROGRAM_LOOP_fu_187/reg_file_46_reg_633_reg[14]                    | FLOP_LATCH.flop.FDRE |
    | grp_cpu_Pipeline_PROGRAM_LOOP_fu_187/mul_32ns_32ns_64_2_1_U32/mem_d0[14]_INST_0_i_7 | LUT.others.LUT6      |
    | grp_cpu_Pipeline_PROGRAM_LOOP_fu_187/mul_32ns_32ns_64_2_1_U32/mem_d0[14]_INST_0_i_2 | MUXFX.others.MUXF7   |
    | grp_cpu_Pipeline_PROGRAM_LOOP_fu_187/mul_32ns_32ns_64_2_1_U32/mem_d0[14]_INST_0     | LUT.others.LUT6      |
    | grp_cpu_Pipeline_PROGRAM_LOOP_fu_187/mul_32ns_32ns_64_2_1_U32/tmp_product__0        | MULT.dsp.DSP48E1     |
    | grp_cpu_Pipeline_PROGRAM_LOOP_fu_187/mul_32ns_32s_64_2_1_U33/buff0_reg__0           | MULT.dsp.DSP48E1     |
    | grp_cpu_Pipeline_PROGRAM_LOOP_fu_187/reg_file_46_reg_633_reg[14]                    | FLOP_LATCH.flop.FDRE |
    | grp_cpu_Pipeline_PROGRAM_LOOP_fu_187/mul_32ns_32ns_64_2_1_U32/mem_d0[14]_INST_0_i_7 | LUT.others.LUT6      |
    | grp_cpu_Pipeline_PROGRAM_LOOP_fu_187/mul_32ns_32ns_64_2_1_U32/mem_d0[14]_INST_0_i_2 | MUXFX.others.MUXF7   |
    | grp_cpu_Pipeline_PROGRAM_LOOP_fu_187/mul_32ns_32ns_64_2_1_U32/mem_d0[14]_INST_0     | LUT.others.LUT6      |
    | grp_cpu_Pipeline_PROGRAM_LOOP_fu_187/mul_32ns_32ns_64_2_1_U32/tmp_product__0        | MULT.dsp.DSP48E1     |
    | grp_cpu_Pipeline_PROGRAM_LOOP_fu_187/mul_32ns_32s_64_2_1_U33/buff0_reg__0           | MULT.dsp.DSP48E1     |
    | grp_cpu_Pipeline_PROGRAM_LOOP_fu_187/reg_file_46_reg_633_reg[14]                    | FLOP_LATCH.flop.FDRE |
    | grp_cpu_Pipeline_PROGRAM_LOOP_fu_187/mul_32ns_32ns_64_2_1_U32/mem_d0[14]_INST_0_i_7 | LUT.others.LUT6      |
    | grp_cpu_Pipeline_PROGRAM_LOOP_fu_187/mul_32ns_32ns_64_2_1_U32/mem_d0[14]_INST_0_i_2 | MUXFX.others.MUXF7   |
    | grp_cpu_Pipeline_PROGRAM_LOOP_fu_187/mul_32ns_32ns_64_2_1_U32/mem_d0[14]_INST_0     | LUT.others.LUT6      |
    | grp_cpu_Pipeline_PROGRAM_LOOP_fu_187/mul_32ns_32ns_64_2_1_U32/tmp_product__0        | MULT.dsp.DSP48E1     |
    | grp_cpu_Pipeline_PROGRAM_LOOP_fu_187/mul_32ns_32s_64_2_1_U33/buff0_reg__0           | MULT.dsp.DSP48E1     |
    | grp_cpu_Pipeline_PROGRAM_LOOP_fu_187/reg_file_46_reg_633_reg[14]                    | FLOP_LATCH.flop.FDRE |
    | grp_cpu_Pipeline_PROGRAM_LOOP_fu_187/mul_32ns_32ns_64_2_1_U32/mem_d0[14]_INST_0_i_7 | LUT.others.LUT6      |
    | grp_cpu_Pipeline_PROGRAM_LOOP_fu_187/mul_32ns_32ns_64_2_1_U32/mem_d0[14]_INST_0_i_2 | MUXFX.others.MUXF7   |
    | grp_cpu_Pipeline_PROGRAM_LOOP_fu_187/mul_32ns_32ns_64_2_1_U32/mem_d0[14]_INST_0     | LUT.others.LUT6      |
    | grp_cpu_Pipeline_PROGRAM_LOOP_fu_187/mul_32ns_32ns_64_2_1_U32/tmp_product__0        | MULT.dsp.DSP48E1     |
    | grp_cpu_Pipeline_PROGRAM_LOOP_fu_187/mul_32ns_32s_64_2_1_U33/buff0_reg__0           | MULT.dsp.DSP48E1     |
    | grp_cpu_Pipeline_PROGRAM_LOOP_fu_187/reg_file_54_reg_553_reg[6]                     | FLOP_LATCH.flop.FDRE |
    | grp_cpu_Pipeline_PROGRAM_LOOP_fu_187/mul_32ns_32ns_64_2_1_U32/tmp_product_i_166     | LUT.others.LUT6      |
    | grp_cpu_Pipeline_PROGRAM_LOOP_fu_187/mul_32ns_32ns_64_2_1_U32/tmp_product_i_58      | MUXFX.others.MUXF7   |
    | grp_cpu_Pipeline_PROGRAM_LOOP_fu_187/mul_32ns_32ns_64_2_1_U32/tmp_product_i_11      | LUT.others.LUT6      |
    | grp_cpu_Pipeline_PROGRAM_LOOP_fu_187/mul_32ns_32ns_64_2_1_U32/tmp_product           | MULT.dsp.DSP48E1     |
    | grp_cpu_Pipeline_PROGRAM_LOOP_fu_187/mul_32ns_32ns_64_2_1_U32/buff0_reg             | MULT.dsp.DSP48E1     |
    | grp_cpu_Pipeline_PROGRAM_LOOP_fu_187/reg_file_54_reg_553_reg[6]                     | FLOP_LATCH.flop.FDRE |
    | grp_cpu_Pipeline_PROGRAM_LOOP_fu_187/mul_32ns_32ns_64_2_1_U32/tmp_product_i_166     | LUT.others.LUT6      |
    | grp_cpu_Pipeline_PROGRAM_LOOP_fu_187/mul_32ns_32ns_64_2_1_U32/tmp_product_i_58      | MUXFX.others.MUXF7   |
    | grp_cpu_Pipeline_PROGRAM_LOOP_fu_187/mul_32ns_32ns_64_2_1_U32/tmp_product_i_11      | LUT.others.LUT6      |
    | grp_cpu_Pipeline_PROGRAM_LOOP_fu_187/mul_32ns_32ns_64_2_1_U32/tmp_product           | MULT.dsp.DSP48E1     |
    | grp_cpu_Pipeline_PROGRAM_LOOP_fu_187/mul_32ns_32ns_64_2_1_U32/buff0_reg             | MULT.dsp.DSP48E1     |
    | grp_cpu_Pipeline_PROGRAM_LOOP_fu_187/reg_file_54_reg_553_reg[6]                     | FLOP_LATCH.flop.FDRE |
    | grp_cpu_Pipeline_PROGRAM_LOOP_fu_187/mul_32ns_32ns_64_2_1_U32/tmp_product_i_166     | LUT.others.LUT6      |
    | grp_cpu_Pipeline_PROGRAM_LOOP_fu_187/mul_32ns_32ns_64_2_1_U32/tmp_product_i_58      | MUXFX.others.MUXF7   |
    | grp_cpu_Pipeline_PROGRAM_LOOP_fu_187/mul_32ns_32ns_64_2_1_U32/tmp_product_i_11      | LUT.others.LUT6      |
    | grp_cpu_Pipeline_PROGRAM_LOOP_fu_187/mul_32ns_32ns_64_2_1_U32/tmp_product           | MULT.dsp.DSP48E1     |
    | grp_cpu_Pipeline_PROGRAM_LOOP_fu_187/mul_32ns_32ns_64_2_1_U32/buff0_reg             | MULT.dsp.DSP48E1     |
    +-------------------------------------------------------------------------------------+----------------------+

    +-------------------------------------------------------------------------------------+----------------------+
    | Path10 Cells                                                                        | Primitive Type       |
    +-------------------------------------------------------------------------------------+----------------------+
    | grp_cpu_Pipeline_PROGRAM_LOOP_fu_187/reg_file_46_reg_633_reg[14]                    | FLOP_LATCH.flop.FDRE |
    | grp_cpu_Pipeline_PROGRAM_LOOP_fu_187/mul_32ns_32ns_64_2_1_U32/mem_d0[14]_INST_0_i_7 | LUT.others.LUT6      |
    | grp_cpu_Pipeline_PROGRAM_LOOP_fu_187/mul_32ns_32ns_64_2_1_U32/mem_d0[14]_INST_0_i_2 | MUXFX.others.MUXF7   |
    | grp_cpu_Pipeline_PROGRAM_LOOP_fu_187/mul_32ns_32ns_64_2_1_U32/mem_d0[14]_INST_0     | LUT.others.LUT6      |
    | grp_cpu_Pipeline_PROGRAM_LOOP_fu_187/mul_32ns_32ns_64_2_1_U32/tmp_product__0        | MULT.dsp.DSP48E1     |
    | grp_cpu_Pipeline_PROGRAM_LOOP_fu_187/mul_32ns_32s_64_2_1_U33/buff0_reg__0           | MULT.dsp.DSP48E1     |
    | grp_cpu_Pipeline_PROGRAM_LOOP_fu_187/reg_file_46_reg_633_reg[14]                    | FLOP_LATCH.flop.FDRE |
    | grp_cpu_Pipeline_PROGRAM_LOOP_fu_187/mul_32ns_32ns_64_2_1_U32/mem_d0[14]_INST_0_i_7 | LUT.others.LUT6      |
    | grp_cpu_Pipeline_PROGRAM_LOOP_fu_187/mul_32ns_32ns_64_2_1_U32/mem_d0[14]_INST_0_i_2 | MUXFX.others.MUXF7   |
    | grp_cpu_Pipeline_PROGRAM_LOOP_fu_187/mul_32ns_32ns_64_2_1_U32/mem_d0[14]_INST_0     | LUT.others.LUT6      |
    | grp_cpu_Pipeline_PROGRAM_LOOP_fu_187/mul_32ns_32ns_64_2_1_U32/tmp_product__0        | MULT.dsp.DSP48E1     |
    | grp_cpu_Pipeline_PROGRAM_LOOP_fu_187/mul_32ns_32s_64_2_1_U33/buff0_reg__0           | MULT.dsp.DSP48E1     |
    | grp_cpu_Pipeline_PROGRAM_LOOP_fu_187/reg_file_46_reg_633_reg[14]                    | FLOP_LATCH.flop.FDRE |
    | grp_cpu_Pipeline_PROGRAM_LOOP_fu_187/mul_32ns_32ns_64_2_1_U32/mem_d0[14]_INST_0_i_7 | LUT.others.LUT6      |
    | grp_cpu_Pipeline_PROGRAM_LOOP_fu_187/mul_32ns_32ns_64_2_1_U32/mem_d0[14]_INST_0_i_2 | MUXFX.others.MUXF7   |
    | grp_cpu_Pipeline_PROGRAM_LOOP_fu_187/mul_32ns_32ns_64_2_1_U32/mem_d0[14]_INST_0     | LUT.others.LUT6      |
    | grp_cpu_Pipeline_PROGRAM_LOOP_fu_187/mul_32ns_32ns_64_2_1_U32/tmp_product__0        | MULT.dsp.DSP48E1     |
    | grp_cpu_Pipeline_PROGRAM_LOOP_fu_187/mul_32ns_32s_64_2_1_U33/buff0_reg__0           | MULT.dsp.DSP48E1     |
    | grp_cpu_Pipeline_PROGRAM_LOOP_fu_187/reg_file_46_reg_633_reg[14]                    | FLOP_LATCH.flop.FDRE |
    | grp_cpu_Pipeline_PROGRAM_LOOP_fu_187/mul_32ns_32ns_64_2_1_U32/mem_d0[14]_INST_0_i_7 | LUT.others.LUT6      |
    | grp_cpu_Pipeline_PROGRAM_LOOP_fu_187/mul_32ns_32ns_64_2_1_U32/mem_d0[14]_INST_0_i_2 | MUXFX.others.MUXF7   |
    | grp_cpu_Pipeline_PROGRAM_LOOP_fu_187/mul_32ns_32ns_64_2_1_U32/mem_d0[14]_INST_0     | LUT.others.LUT6      |
    | grp_cpu_Pipeline_PROGRAM_LOOP_fu_187/mul_32ns_32ns_64_2_1_U32/tmp_product__0        | MULT.dsp.DSP48E1     |
    | grp_cpu_Pipeline_PROGRAM_LOOP_fu_187/mul_32ns_32s_64_2_1_U33/buff0_reg__0           | MULT.dsp.DSP48E1     |
    | grp_cpu_Pipeline_PROGRAM_LOOP_fu_187/reg_file_46_reg_633_reg[14]                    | FLOP_LATCH.flop.FDRE |
    | grp_cpu_Pipeline_PROGRAM_LOOP_fu_187/mul_32ns_32ns_64_2_1_U32/mem_d0[14]_INST_0_i_7 | LUT.others.LUT6      |
    | grp_cpu_Pipeline_PROGRAM_LOOP_fu_187/mul_32ns_32ns_64_2_1_U32/mem_d0[14]_INST_0_i_2 | MUXFX.others.MUXF7   |
    | grp_cpu_Pipeline_PROGRAM_LOOP_fu_187/mul_32ns_32ns_64_2_1_U32/mem_d0[14]_INST_0     | LUT.others.LUT6      |
    | grp_cpu_Pipeline_PROGRAM_LOOP_fu_187/mul_32ns_32ns_64_2_1_U32/tmp_product__0        | MULT.dsp.DSP48E1     |
    | grp_cpu_Pipeline_PROGRAM_LOOP_fu_187/mul_32ns_32s_64_2_1_U33/buff0_reg__0           | MULT.dsp.DSP48E1     |
    | grp_cpu_Pipeline_PROGRAM_LOOP_fu_187/reg_file_46_reg_633_reg[14]                    | FLOP_LATCH.flop.FDRE |
    | grp_cpu_Pipeline_PROGRAM_LOOP_fu_187/mul_32ns_32ns_64_2_1_U32/mem_d0[14]_INST_0_i_7 | LUT.others.LUT6      |
    | grp_cpu_Pipeline_PROGRAM_LOOP_fu_187/mul_32ns_32ns_64_2_1_U32/mem_d0[14]_INST_0_i_2 | MUXFX.others.MUXF7   |
    | grp_cpu_Pipeline_PROGRAM_LOOP_fu_187/mul_32ns_32ns_64_2_1_U32/mem_d0[14]_INST_0     | LUT.others.LUT6      |
    | grp_cpu_Pipeline_PROGRAM_LOOP_fu_187/mul_32ns_32ns_64_2_1_U32/tmp_product__0        | MULT.dsp.DSP48E1     |
    | grp_cpu_Pipeline_PROGRAM_LOOP_fu_187/mul_32ns_32s_64_2_1_U33/buff0_reg__0           | MULT.dsp.DSP48E1     |
    | grp_cpu_Pipeline_PROGRAM_LOOP_fu_187/reg_file_46_reg_633_reg[14]                    | FLOP_LATCH.flop.FDRE |
    | grp_cpu_Pipeline_PROGRAM_LOOP_fu_187/mul_32ns_32ns_64_2_1_U32/mem_d0[14]_INST_0_i_7 | LUT.others.LUT6      |
    | grp_cpu_Pipeline_PROGRAM_LOOP_fu_187/mul_32ns_32ns_64_2_1_U32/mem_d0[14]_INST_0_i_2 | MUXFX.others.MUXF7   |
    | grp_cpu_Pipeline_PROGRAM_LOOP_fu_187/mul_32ns_32ns_64_2_1_U32/mem_d0[14]_INST_0     | LUT.others.LUT6      |
    | grp_cpu_Pipeline_PROGRAM_LOOP_fu_187/mul_32ns_32ns_64_2_1_U32/tmp_product__0        | MULT.dsp.DSP48E1     |
    | grp_cpu_Pipeline_PROGRAM_LOOP_fu_187/mul_32ns_32s_64_2_1_U33/buff0_reg__0           | MULT.dsp.DSP48E1     |
    | grp_cpu_Pipeline_PROGRAM_LOOP_fu_187/reg_file_54_reg_553_reg[6]                     | FLOP_LATCH.flop.FDRE |
    | grp_cpu_Pipeline_PROGRAM_LOOP_fu_187/mul_32ns_32ns_64_2_1_U32/tmp_product_i_166     | LUT.others.LUT6      |
    | grp_cpu_Pipeline_PROGRAM_LOOP_fu_187/mul_32ns_32ns_64_2_1_U32/tmp_product_i_58      | MUXFX.others.MUXF7   |
    | grp_cpu_Pipeline_PROGRAM_LOOP_fu_187/mul_32ns_32ns_64_2_1_U32/tmp_product_i_11      | LUT.others.LUT6      |
    | grp_cpu_Pipeline_PROGRAM_LOOP_fu_187/mul_32ns_32ns_64_2_1_U32/tmp_product           | MULT.dsp.DSP48E1     |
    | grp_cpu_Pipeline_PROGRAM_LOOP_fu_187/mul_32ns_32ns_64_2_1_U32/buff0_reg             | MULT.dsp.DSP48E1     |
    | grp_cpu_Pipeline_PROGRAM_LOOP_fu_187/reg_file_54_reg_553_reg[6]                     | FLOP_LATCH.flop.FDRE |
    | grp_cpu_Pipeline_PROGRAM_LOOP_fu_187/mul_32ns_32ns_64_2_1_U32/tmp_product_i_166     | LUT.others.LUT6      |
    | grp_cpu_Pipeline_PROGRAM_LOOP_fu_187/mul_32ns_32ns_64_2_1_U32/tmp_product_i_58      | MUXFX.others.MUXF7   |
    | grp_cpu_Pipeline_PROGRAM_LOOP_fu_187/mul_32ns_32ns_64_2_1_U32/tmp_product_i_11      | LUT.others.LUT6      |
    | grp_cpu_Pipeline_PROGRAM_LOOP_fu_187/mul_32ns_32ns_64_2_1_U32/tmp_product           | MULT.dsp.DSP48E1     |
    | grp_cpu_Pipeline_PROGRAM_LOOP_fu_187/mul_32ns_32ns_64_2_1_U32/buff0_reg             | MULT.dsp.DSP48E1     |
    | grp_cpu_Pipeline_PROGRAM_LOOP_fu_187/reg_file_54_reg_553_reg[6]                     | FLOP_LATCH.flop.FDRE |
    | grp_cpu_Pipeline_PROGRAM_LOOP_fu_187/mul_32ns_32ns_64_2_1_U32/tmp_product_i_166     | LUT.others.LUT6      |
    | grp_cpu_Pipeline_PROGRAM_LOOP_fu_187/mul_32ns_32ns_64_2_1_U32/tmp_product_i_58      | MUXFX.others.MUXF7   |
    | grp_cpu_Pipeline_PROGRAM_LOOP_fu_187/mul_32ns_32ns_64_2_1_U32/tmp_product_i_11      | LUT.others.LUT6      |
    | grp_cpu_Pipeline_PROGRAM_LOOP_fu_187/mul_32ns_32ns_64_2_1_U32/tmp_product           | MULT.dsp.DSP48E1     |
    | grp_cpu_Pipeline_PROGRAM_LOOP_fu_187/mul_32ns_32ns_64_2_1_U32/buff0_reg             | MULT.dsp.DSP48E1     |
    +-------------------------------------------------------------------------------------+----------------------+


================================================================
== Place & Route Vivado Reports
================================================================
+--------------------------+-------------------------------------------------------------+
| Report Type              | Report Location                                             |
+--------------------------+-------------------------------------------------------------+
| design_analysis          | impl/verilog/report/cpu_design_analysis_routed.rpt          |
| failfast                 | impl/verilog/report/cpu_failfast_routed.rpt                 |
| power                    | impl/verilog/report/cpu_power_routed.rpt                    |
| status                   | impl/verilog/report/cpu_status_routed.rpt                   |
| timing                   | impl/verilog/report/cpu_timing_routed.rpt                   |
| timing_paths             | impl/verilog/report/cpu_timing_paths_routed.rpt             |
| utilization              | impl/verilog/report/cpu_utilization_routed.rpt              |
| utilization_hierarchical | impl/verilog/report/cpu_utilization_hierarchical_routed.rpt |
+--------------------------+-------------------------------------------------------------+


