================================================================
== Vivado Place & Route Results
================================================================
+ General Information:
    * Date:            Thu Feb 26 11:39:03 EST 2026
    * Version:         2025.1 (Build 6135595 on May 21 2025)
    * Project:         extendo
    * Solution:        hls (Vivado IP Flow Target)
    * Product family:  zynq
    * Target device:   xc7z020-clg400-1


================================================================
== Run Constraints & Options
================================================================
+ Design Constraints & Options:
    * Place & Route target clock:  10 ns
    * C-Synthesis uncertainty:     27%

+ RTL Synthesis Options:
    * config_export -vivado_synth_strategy:     default
    * config_export -vivado_synth_design_args:  -directive sdx_optimization_effort_high

+ Place & Route Options:
    * config_export -vivado_impl_strategy:  default
    * config_export -vivado_phys_opt:       auto

+ Reporting Options:
    * config_export -vivado_report_level:      2
    * config_export -vivado_max_timing_paths:  10


================================================================
== Place & Route Resource Summary
================================================================
LUT:              1340
FF:               552
DSP:              12
BRAM:             2
URAM:             0
SRL:              0


================================================================
== Place & Route Timing Summary
================================================================
* Timing was met
+----------------+-------------+
| Timing         | Period (ns) |
+----------------+-------------+
| Target         | 10.000      |
| Post-Synthesis | 9.056       |
| Post-Route     | 9.761       |
+----------------+-------------+


================================================================
== Place & Route Resources
================================================================
+----------------------------------------------+------+-----+-----+------+------+-----+--------+------+---------+----------+--------+
| Name                                         | LUT  | FF  | DSP | BRAM | URAM | SRL | Pragma | Impl | Latency | Variable | Source |
+----------------------------------------------+------+-----+-----+------+------+-----+--------+------+---------+----------+--------+
| inst                                         | 1340 | 552 | 12  | 2    |      |     |        |      |         |          |        |
|   grp_cpu_Pipeline_PROGRAM_LOOP_fu_58        | 900  | 537 | 12  |      |      |     |        |      |         |          |        |
|     (grp_cpu_Pipeline_PROGRAM_LOOP_fu_58)    | 638  | 467 |     |      |      |     |        |      |         |          |        |
|     mul_32ns_32ns_64_2_1_U2                  |      |     |     |      |      |     |        |      |         |          |        |
|     mul_32ns_32s_64_2_1_U3                   | 106  | 18  | 4   |      |      |     |        |      |         |          |        |
|     mul_32s_32s_64_2_1_U4                    | 109  | 34  | 4   |      |      |     |        |      |         |          |        |
|   grp_cpu_Pipeline_VITIS_LOOP_24_1_fu_52     |      |     |     |      |      |     |        |      |         |          |        |
|     flow_control_loop_pipe_sequential_init_U |      |     |     |      |      |     |        |      |         |          |        |
|   reg_file_U                                 | 429  |     |     | 2    |      |     |        |      |         |          |        |
+----------------------------------------------+------+-----+-----+------+------+-----+--------+------+---------+----------+--------+


================================================================
== Place & Route Fail Fast
================================================================
+-----------------------------------------------------------+-----------+--------+--------+
| Criteria                                                  | Guideline | Actual | Status |
+-----------------------------------------------------------+-----------+--------+--------+
| LUT                                                       | 70%       | 2.52%  | OK     |
| FD                                                        | 50%       | 0.52%  | OK     |
| LUTRAM+SRL                                                | 25%       | 0.00%  | OK     |
| MUXF7                                                     | 15%       | 0.00%  | OK     |
| DSP                                                       | 80%       | 5.45%  | OK     |
| RAMB/FIFO                                                 | 80%       | 0.71%  | OK     |
| DSP+RAMB+URAM (Avg)                                       | 70%       | 3.08%  | OK     |
| BUFGCE* + BUFGCTRL                                        | 24        | 0      | OK     |
| DONT_TOUCH (cells/nets)                                   | 0         | 0      | OK     |
| MARK_DEBUG (nets)                                         | 0         | 0      | OK     |
| Control Sets                                              | 998       | 10     | OK     |
| Average Fanout for modules > 100k cells                   | 4         | 3.09   | OK     |
| Max Average Fanout for modules > 100k cells               | 4         | 0      | OK     |
| Non-FD high fanout nets > 10k loads                       | 0         | 0      | OK     |
+-----------------------------------------------------------+-----------+--------+--------+
| TIMING-6 (No common primary clock between related clocks) | 0         | 0      | OK     |
| TIMING-7 (No common node between related clocks)          | 0         | 0      | OK     |
| TIMING-8 (No common period between related clocks)        | 0         | 0      | OK     |
| TIMING-14 (LUT on the clock tree)                         | 0         | 0      | OK     |
| TIMING-35 (No common node in paths with the same clock)   | 0         | 0      | OK     |
+-----------------------------------------------------------+-----------+--------+--------+
| Number of paths above max LUT budgeting (0.575ns)         | 0         | 0      | OK     |
| Number of paths above max Net budgeting (0.403ns)         | 0         | 0      | OK     |
+-----------------------------------------------------------+-----------+--------+--------+


================================================================
== Place & Route Timing Paths
================================================================
* Timing was met
+-------+-------+-------------------------------+----------------------------------------------------------------------------------+--------------+------------+----------------+----------------+--------------+
| Path  | SLACK | STARTPOINT PIN                | ENDPOINT PIN                                                                     | LOGIC LEVELS | MAX FANOUT | DATAPATH DELAY | DATAPATH LOGIC | DATAPATH NET |
|       |       |                               |                                                                                  |              |            |                |          DELAY |        DELAY |
+-------+-------+-------------------------------+----------------------------------------------------------------------------------+--------------+------------+----------------+----------------+--------------+
| Path1 | 0.239 | reg_file_U/ram0_reg/CLKBWRCLK | grp_cpu_Pipeline_PROGRAM_LOOP_fu_58/mul_32ns_32s_64_2_1_U3/buff0_reg__0/B[6]     |            0 |         39 |          6.141 |          2.454 |        3.687 |
| Path2 | 0.330 | reg_file_U/ram0_reg/CLKARDCLK | grp_cpu_Pipeline_PROGRAM_LOOP_fu_58/mul_32ns_32s_64_2_1_U3/buff0_reg__0/PCIN[0]  |            1 |         16 |          8.185 |          6.490 |        1.695 |
| Path3 | 0.330 | reg_file_U/ram0_reg/CLKARDCLK | grp_cpu_Pipeline_PROGRAM_LOOP_fu_58/mul_32ns_32s_64_2_1_U3/buff0_reg__0/PCIN[10] |            1 |         16 |          8.185 |          6.490 |        1.695 |
| Path4 | 0.330 | reg_file_U/ram0_reg/CLKARDCLK | grp_cpu_Pipeline_PROGRAM_LOOP_fu_58/mul_32ns_32s_64_2_1_U3/buff0_reg__0/PCIN[11] |            1 |         16 |          8.185 |          6.490 |        1.695 |
| Path5 | 0.330 | reg_file_U/ram0_reg/CLKARDCLK | grp_cpu_Pipeline_PROGRAM_LOOP_fu_58/mul_32ns_32s_64_2_1_U3/buff0_reg__0/PCIN[12] |            1 |         16 |          8.185 |          6.490 |        1.695 |
+-------+-------+-------------------------------+----------------------------------------------------------------------------------+--------------+------------+----------------+----------------+--------------+

    +---------------------------------------------------------------------------+--------------------+
    | Path1 Cells                                                               | Primitive Type     |
    +---------------------------------------------------------------------------+--------------------+
    | reg_file_U/ram0_reg                                                       | BMEM.bram.RAMB36E1 |
    | grp_cpu_Pipeline_PROGRAM_LOOP_fu_58/mul_32ns_32s_64_2_1_U3/buff0_reg__0   | MULT.dsp.DSP48E1   |
    | reg_file_U/ram0_reg                                                       | BMEM.bram.RAMB36E1 |
    | grp_cpu_Pipeline_PROGRAM_LOOP_fu_58/mul_32ns_32s_64_2_1_U3/tmp_product__0 | MULT.dsp.DSP48E1   |
    | grp_cpu_Pipeline_PROGRAM_LOOP_fu_58/mul_32ns_32s_64_2_1_U3/buff0_reg__0   | MULT.dsp.DSP48E1   |
    | reg_file_U/ram0_reg                                                       | BMEM.bram.RAMB36E1 |
    | grp_cpu_Pipeline_PROGRAM_LOOP_fu_58/mul_32ns_32s_64_2_1_U3/tmp_product__0 | MULT.dsp.DSP48E1   |
    | grp_cpu_Pipeline_PROGRAM_LOOP_fu_58/mul_32ns_32s_64_2_1_U3/buff0_reg__0   | MULT.dsp.DSP48E1   |
    | reg_file_U/ram0_reg                                                       | BMEM.bram.RAMB36E1 |
    | grp_cpu_Pipeline_PROGRAM_LOOP_fu_58/mul_32ns_32s_64_2_1_U3/tmp_product__0 | MULT.dsp.DSP48E1   |
    | grp_cpu_Pipeline_PROGRAM_LOOP_fu_58/mul_32ns_32s_64_2_1_U3/buff0_reg__0   | MULT.dsp.DSP48E1   |
    | reg_file_U/ram0_reg                                                       | BMEM.bram.RAMB36E1 |
    | grp_cpu_Pipeline_PROGRAM_LOOP_fu_58/mul_32ns_32s_64_2_1_U3/tmp_product__0 | MULT.dsp.DSP48E1   |
    | grp_cpu_Pipeline_PROGRAM_LOOP_fu_58/mul_32ns_32s_64_2_1_U3/buff0_reg__0   | MULT.dsp.DSP48E1   |
    +---------------------------------------------------------------------------+--------------------+

    +---------------------------------------------------------------------------+--------------------+
    | Path2 Cells                                                               | Primitive Type     |
    +---------------------------------------------------------------------------+--------------------+
    | reg_file_U/ram0_reg                                                       | BMEM.bram.RAMB36E1 |
    | grp_cpu_Pipeline_PROGRAM_LOOP_fu_58/mul_32ns_32s_64_2_1_U3/buff0_reg__0   | MULT.dsp.DSP48E1   |
    | reg_file_U/ram0_reg                                                       | BMEM.bram.RAMB36E1 |
    | grp_cpu_Pipeline_PROGRAM_LOOP_fu_58/mul_32ns_32s_64_2_1_U3/tmp_product__0 | MULT.dsp.DSP48E1   |
    | grp_cpu_Pipeline_PROGRAM_LOOP_fu_58/mul_32ns_32s_64_2_1_U3/buff0_reg__0   | MULT.dsp.DSP48E1   |
    | reg_file_U/ram0_reg                                                       | BMEM.bram.RAMB36E1 |
    | grp_cpu_Pipeline_PROGRAM_LOOP_fu_58/mul_32ns_32s_64_2_1_U3/tmp_product__0 | MULT.dsp.DSP48E1   |
    | grp_cpu_Pipeline_PROGRAM_LOOP_fu_58/mul_32ns_32s_64_2_1_U3/buff0_reg__0   | MULT.dsp.DSP48E1   |
    | reg_file_U/ram0_reg                                                       | BMEM.bram.RAMB36E1 |
    | grp_cpu_Pipeline_PROGRAM_LOOP_fu_58/mul_32ns_32s_64_2_1_U3/tmp_product__0 | MULT.dsp.DSP48E1   |
    | grp_cpu_Pipeline_PROGRAM_LOOP_fu_58/mul_32ns_32s_64_2_1_U3/buff0_reg__0   | MULT.dsp.DSP48E1   |
    | reg_file_U/ram0_reg                                                       | BMEM.bram.RAMB36E1 |
    | grp_cpu_Pipeline_PROGRAM_LOOP_fu_58/mul_32ns_32s_64_2_1_U3/tmp_product__0 | MULT.dsp.DSP48E1   |
    | grp_cpu_Pipeline_PROGRAM_LOOP_fu_58/mul_32ns_32s_64_2_1_U3/buff0_reg__0   | MULT.dsp.DSP48E1   |
    +---------------------------------------------------------------------------+--------------------+

    +---------------------------------------------------------------------------+--------------------+
    | Path3 Cells                                                               | Primitive Type     |
    +---------------------------------------------------------------------------+--------------------+
    | reg_file_U/ram0_reg                                                       | BMEM.bram.RAMB36E1 |
    | grp_cpu_Pipeline_PROGRAM_LOOP_fu_58/mul_32ns_32s_64_2_1_U3/buff0_reg__0   | MULT.dsp.DSP48E1   |
    | reg_file_U/ram0_reg                                                       | BMEM.bram.RAMB36E1 |
    | grp_cpu_Pipeline_PROGRAM_LOOP_fu_58/mul_32ns_32s_64_2_1_U3/tmp_product__0 | MULT.dsp.DSP48E1   |
    | grp_cpu_Pipeline_PROGRAM_LOOP_fu_58/mul_32ns_32s_64_2_1_U3/buff0_reg__0   | MULT.dsp.DSP48E1   |
    | reg_file_U/ram0_reg                                                       | BMEM.bram.RAMB36E1 |
    | grp_cpu_Pipeline_PROGRAM_LOOP_fu_58/mul_32ns_32s_64_2_1_U3/tmp_product__0 | MULT.dsp.DSP48E1   |
    | grp_cpu_Pipeline_PROGRAM_LOOP_fu_58/mul_32ns_32s_64_2_1_U3/buff0_reg__0   | MULT.dsp.DSP48E1   |
    | reg_file_U/ram0_reg                                                       | BMEM.bram.RAMB36E1 |
    | grp_cpu_Pipeline_PROGRAM_LOOP_fu_58/mul_32ns_32s_64_2_1_U3/tmp_product__0 | MULT.dsp.DSP48E1   |
    | grp_cpu_Pipeline_PROGRAM_LOOP_fu_58/mul_32ns_32s_64_2_1_U3/buff0_reg__0   | MULT.dsp.DSP48E1   |
    | reg_file_U/ram0_reg                                                       | BMEM.bram.RAMB36E1 |
    | grp_cpu_Pipeline_PROGRAM_LOOP_fu_58/mul_32ns_32s_64_2_1_U3/tmp_product__0 | MULT.dsp.DSP48E1   |
    | grp_cpu_Pipeline_PROGRAM_LOOP_fu_58/mul_32ns_32s_64_2_1_U3/buff0_reg__0   | MULT.dsp.DSP48E1   |
    +---------------------------------------------------------------------------+--------------------+

    +---------------------------------------------------------------------------+--------------------+
    | Path4 Cells                                                               | Primitive Type     |
    +---------------------------------------------------------------------------+--------------------+
    | reg_file_U/ram0_reg                                                       | BMEM.bram.RAMB36E1 |
    | grp_cpu_Pipeline_PROGRAM_LOOP_fu_58/mul_32ns_32s_64_2_1_U3/buff0_reg__0   | MULT.dsp.DSP48E1   |
    | reg_file_U/ram0_reg                                                       | BMEM.bram.RAMB36E1 |
    | grp_cpu_Pipeline_PROGRAM_LOOP_fu_58/mul_32ns_32s_64_2_1_U3/tmp_product__0 | MULT.dsp.DSP48E1   |
    | grp_cpu_Pipeline_PROGRAM_LOOP_fu_58/mul_32ns_32s_64_2_1_U3/buff0_reg__0   | MULT.dsp.DSP48E1   |
    | reg_file_U/ram0_reg                                                       | BMEM.bram.RAMB36E1 |
    | grp_cpu_Pipeline_PROGRAM_LOOP_fu_58/mul_32ns_32s_64_2_1_U3/tmp_product__0 | MULT.dsp.DSP48E1   |
    | grp_cpu_Pipeline_PROGRAM_LOOP_fu_58/mul_32ns_32s_64_2_1_U3/buff0_reg__0   | MULT.dsp.DSP48E1   |
    | reg_file_U/ram0_reg                                                       | BMEM.bram.RAMB36E1 |
    | grp_cpu_Pipeline_PROGRAM_LOOP_fu_58/mul_32ns_32s_64_2_1_U3/tmp_product__0 | MULT.dsp.DSP48E1   |
    | grp_cpu_Pipeline_PROGRAM_LOOP_fu_58/mul_32ns_32s_64_2_1_U3/buff0_reg__0   | MULT.dsp.DSP48E1   |
    | reg_file_U/ram0_reg                                                       | BMEM.bram.RAMB36E1 |
    | grp_cpu_Pipeline_PROGRAM_LOOP_fu_58/mul_32ns_32s_64_2_1_U3/tmp_product__0 | MULT.dsp.DSP48E1   |
    | grp_cpu_Pipeline_PROGRAM_LOOP_fu_58/mul_32ns_32s_64_2_1_U3/buff0_reg__0   | MULT.dsp.DSP48E1   |
    +---------------------------------------------------------------------------+--------------------+

    +---------------------------------------------------------------------------+--------------------+
    | Path5 Cells                                                               | Primitive Type     |
    +---------------------------------------------------------------------------+--------------------+
    | reg_file_U/ram0_reg                                                       | BMEM.bram.RAMB36E1 |
    | grp_cpu_Pipeline_PROGRAM_LOOP_fu_58/mul_32ns_32s_64_2_1_U3/buff0_reg__0   | MULT.dsp.DSP48E1   |
    | reg_file_U/ram0_reg                                                       | BMEM.bram.RAMB36E1 |
    | grp_cpu_Pipeline_PROGRAM_LOOP_fu_58/mul_32ns_32s_64_2_1_U3/tmp_product__0 | MULT.dsp.DSP48E1   |
    | grp_cpu_Pipeline_PROGRAM_LOOP_fu_58/mul_32ns_32s_64_2_1_U3/buff0_reg__0   | MULT.dsp.DSP48E1   |
    | reg_file_U/ram0_reg                                                       | BMEM.bram.RAMB36E1 |
    | grp_cpu_Pipeline_PROGRAM_LOOP_fu_58/mul_32ns_32s_64_2_1_U3/tmp_product__0 | MULT.dsp.DSP48E1   |
    | grp_cpu_Pipeline_PROGRAM_LOOP_fu_58/mul_32ns_32s_64_2_1_U3/buff0_reg__0   | MULT.dsp.DSP48E1   |
    | reg_file_U/ram0_reg                                                       | BMEM.bram.RAMB36E1 |
    | grp_cpu_Pipeline_PROGRAM_LOOP_fu_58/mul_32ns_32s_64_2_1_U3/tmp_product__0 | MULT.dsp.DSP48E1   |
    | grp_cpu_Pipeline_PROGRAM_LOOP_fu_58/mul_32ns_32s_64_2_1_U3/buff0_reg__0   | MULT.dsp.DSP48E1   |
    | reg_file_U/ram0_reg                                                       | BMEM.bram.RAMB36E1 |
    | grp_cpu_Pipeline_PROGRAM_LOOP_fu_58/mul_32ns_32s_64_2_1_U3/tmp_product__0 | MULT.dsp.DSP48E1   |
    | grp_cpu_Pipeline_PROGRAM_LOOP_fu_58/mul_32ns_32s_64_2_1_U3/buff0_reg__0   | MULT.dsp.DSP48E1   |
    +---------------------------------------------------------------------------+--------------------+


================================================================
== Place & Route Vivado Reports
================================================================
+--------------------------+-------------------------------------------------------------+
| Report Type              | Report Location                                             |
+--------------------------+-------------------------------------------------------------+
| design_analysis          | impl/verilog/report/cpu_design_analysis_routed.rpt          |
| failfast                 | impl/verilog/report/cpu_failfast_routed.rpt                 |
| power                    | impl/verilog/report/cpu_power_routed.rpt                    |
| status                   | impl/verilog/report/cpu_status_routed.rpt                   |
| timing                   | impl/verilog/report/cpu_timing_routed.rpt                   |
| timing_paths             | impl/verilog/report/cpu_timing_paths_routed.rpt             |
| utilization              | impl/verilog/report/cpu_utilization_routed.rpt              |
| utilization_hierarchical | impl/verilog/report/cpu_utilization_hierarchical_routed.rpt |
+--------------------------+-------------------------------------------------------------+


