================================================================
== Vivado RTL Synthesis Results
================================================================
+ General Information:
    * Date:            Thu Feb 26 11:39:03 EST 2026
    * Version:         2025.1 (Build 6135595 on May 21 2025)
    * Project:         extendo
    * Solution:        hls (Vivado IP Flow Target)
    * Product family:  zynq
    * Target device:   xc7z020-clg400-1


================================================================
== Run Constraints & Options
================================================================
+ Design Constraints & Options:
    * RTL Synthesis target clock:  10 ns
    * C-Synthesis uncertainty:     27%

+ RTL Synthesis Options:
    * config_export -vivado_synth_strategy:     default
    * config_export -vivado_synth_design_args:  -directive sdx_optimization_effort_high

+ Reporting Options:
    * config_export -vivado_report_level:      2
    * config_export -vivado_max_timing_paths:  10


================================================================
== RTL Synthesis Resource Summary
================================================================
LUT:              1347
FF:               552
DSP:              12
BRAM:             2
URAM:             0
SRL:              0


================================================================
== RTL Synthesis Timing Summary
================================================================
* Timing was met
+----------------+-------------+
| Timing         | Period (ns) |
+----------------+-------------+
| Target         | 10.000      |
| Post-Synthesis | 9.056       |
+----------------+-------------+


================================================================
== RTL Synthesis Resources
================================================================
+----------------------------------------------+------+-----+-----+------+------+-----+--------+------+---------+----------+--------+
| Name                                         | LUT  | FF  | DSP | BRAM | URAM | SRL | Pragma | Impl | Latency | Variable | Source |
+----------------------------------------------+------+-----+-----+------+------+-----+--------+------+---------+----------+--------+
| inst                                         | 1347 | 552 | 12  | 2    |      |     |        |      |         |          |        |
|   grp_cpu_Pipeline_PROGRAM_LOOP_fu_58        | 903  | 537 | 12  |      |      |     |        |      |         |          |        |
|     (grp_cpu_Pipeline_PROGRAM_LOOP_fu_58)    | 641  | 467 |     |      |      |     |        |      |         |          |        |
|     mul_32ns_32ns_64_2_1_U2                  |      |     |     |      |      |     |        |      |         |          |        |
|     mul_32ns_32s_64_2_1_U3                   | 106  | 18  | 4   |      |      |     |        |      |         |          |        |
|     mul_32s_32s_64_2_1_U4                    | 109  | 34  | 4   |      |      |     |        |      |         |          |        |
|   grp_cpu_Pipeline_VITIS_LOOP_24_1_fu_52     |      |     |     |      |      |     |        |      |         |          |        |
|     flow_control_loop_pipe_sequential_init_U |      |     |     |      |      |     |        |      |         |          |        |
|   reg_file_U                                 | 429  |     |     | 2    |      |     |        |      |         |          |        |
+----------------------------------------------+------+-----+-----+------+------+-----+--------+------+---------+----------+--------+


================================================================
== RTL Synthesis Fail Fast
================================================================
+-----------------------------------------------------------+-----------+--------+--------+
| Criteria                                                  | Guideline | Actual | Status |
+-----------------------------------------------------------+-----------+--------+--------+
| LUT                                                       | 70%       | 2.53%  | OK     |
| FD                                                        | 50%       | 0.52%  | OK     |
| LUTRAM+SRL                                                | 25%       | 0.00%  | OK     |
| MUXF7                                                     | 15%       | 0.00%  | OK     |
| DSP                                                       | 80%       | 5.45%  | OK     |
| RAMB/FIFO                                                 | 80%       | 0.71%  | OK     |
| DSP+RAMB+URAM (Avg)                                       | 70%       | 3.08%  | OK     |
| BUFGCE* + BUFGCTRL                                        | 24        | 0      | OK     |
| DONT_TOUCH (cells/nets)                                   | 0         | 0      | OK     |
| MARK_DEBUG (nets)                                         | 0         | 0      | OK     |
| Control Sets                                              | 998       | 10     | OK     |
| Average Fanout for modules > 100k cells                   | 4         | 3.09   | OK     |
| Max Average Fanout for modules > 100k cells               | 4         | 0      | OK     |
| Non-FD high fanout nets > 10k loads                       | 0         | 0      | OK     |
+-----------------------------------------------------------+-----------+--------+--------+
| TIMING-6 (No common primary clock between related clocks) | 0         | 0      | OK     |
| TIMING-7 (No common node between related clocks)          | 0         | 0      | OK     |
| TIMING-8 (No common period between related clocks)        | 0         | 0      | OK     |
| TIMING-14 (LUT on the clock tree)                         | 0         | 0      | OK     |
| TIMING-35 (No common node in paths with the same clock)   | 0         | 0      | OK     |
+-----------------------------------------------------------+-----------+--------+--------+
| Number of paths above max LUT budgeting (0.575ns)         | 0         | 0      | OK     |
| Number of paths above max Net budgeting (0.403ns)         | 0         | 0      | OK     |
+-----------------------------------------------------------+-----------+--------+--------+


================================================================
== RTL Synthesis Timing Paths
================================================================
* Timing was met
+-------+-------+--------------------------------------------------------------+----------------------------------------------------------+--------------+------------+----------------+----------------+--------------+
| Path  | SLACK | STARTPOINT PIN                                               | ENDPOINT PIN                                             | LOGIC LEVELS | MAX FANOUT | DATAPATH DELAY | DATAPATH LOGIC | DATAPATH NET |
|       |       |                                                              |                                                          |              |            |                |          DELAY |        DELAY |
+-------+-------+--------------------------------------------------------------+----------------------------------------------------------+--------------+------------+----------------+----------------+--------------+
| Path1 | 0.944 | grp_cpu_Pipeline_PROGRAM_LOOP_fu_58/opcode_reg_1218_reg[6]/C | grp_cpu_Pipeline_PROGRAM_LOOP_fu_58/pc_fu_144_reg[10]/CE |           15 |         32 |          8.803 |          3.332 |        5.471 |
| Path2 | 0.944 | grp_cpu_Pipeline_PROGRAM_LOOP_fu_58/opcode_reg_1218_reg[6]/C | grp_cpu_Pipeline_PROGRAM_LOOP_fu_58/pc_fu_144_reg[11]/CE |           15 |         32 |          8.803 |          3.332 |        5.471 |
| Path3 | 0.944 | grp_cpu_Pipeline_PROGRAM_LOOP_fu_58/opcode_reg_1218_reg[6]/C | grp_cpu_Pipeline_PROGRAM_LOOP_fu_58/pc_fu_144_reg[12]/CE |           15 |         32 |          8.803 |          3.332 |        5.471 |
| Path4 | 0.944 | grp_cpu_Pipeline_PROGRAM_LOOP_fu_58/opcode_reg_1218_reg[6]/C | grp_cpu_Pipeline_PROGRAM_LOOP_fu_58/pc_fu_144_reg[13]/CE |           15 |         32 |          8.803 |          3.332 |        5.471 |
| Path5 | 0.944 | grp_cpu_Pipeline_PROGRAM_LOOP_fu_58/opcode_reg_1218_reg[6]/C | grp_cpu_Pipeline_PROGRAM_LOOP_fu_58/pc_fu_144_reg[14]/CE |           15 |         32 |          8.803 |          3.332 |        5.471 |
+-------+-------+--------------------------------------------------------------+----------------------------------------------------------+--------------+------------+----------------+----------------+--------------+

    +------------------------------------------------------------+----------------------+
    | Path1 Cells                                                | Primitive Type       |
    +------------------------------------------------------------+----------------------+
    | grp_cpu_Pipeline_PROGRAM_LOOP_fu_58/opcode_reg_1218_reg[6] | FLOP_LATCH.flop.FDRE |
    | grp_cpu_Pipeline_PROGRAM_LOOP_fu_58/pc_fu_144[31]_i_14     | LUT.others.LUT6      |
    | grp_cpu_Pipeline_PROGRAM_LOOP_fu_58/op2_1_reg_1386[3]_i_4  | LUT.others.LUT5      |
    | grp_cpu_Pipeline_PROGRAM_LOOP_fu_58/op2_1_reg_1386[1]_i_2  | LUT.others.LUT5      |
    | reg_file_U/mem_address0[1]_INST_0_i_4                      | LUT.others.LUT2      |
    | reg_file_U/mem_address0[1]_INST_0_i_1                      | CARRY.others.CARRY4  |
    | reg_file_U/mem_address0[5]_INST_0_i_1                      | CARRY.others.CARRY4  |
    | reg_file_U/mem_address0[9]_INST_0_i_1                      | CARRY.others.CARRY4  |
    | reg_file_U/mem_address0[13]_INST_0_i_1                     | CARRY.others.CARRY4  |
    | reg_file_U/mem_address0[15]_INST_0_i_1                     | CARRY.others.CARRY4  |
    | reg_file_U/mem_we0_INST_0_i_10                             | CARRY.others.CARRY4  |
    | reg_file_U/mem_we0_INST_0_i_9                              | CARRY.others.CARRY4  |
    | reg_file_U/mem_we0_INST_0_i_8                              | CARRY.others.CARRY4  |
    | reg_file_U/mem_we0_INST_0_i_3                              | LUT.others.LUT4      |
    | reg_file_U/mem_we0_INST_0_i_1                              | LUT.others.LUT5      |
    | grp_cpu_Pipeline_PROGRAM_LOOP_fu_58/pc_fu_144[31]_i_2      | LUT.others.LUT6      |
    | grp_cpu_Pipeline_PROGRAM_LOOP_fu_58/pc_fu_144_reg[10]      | FLOP_LATCH.flop.FDRE |
    | grp_cpu_Pipeline_PROGRAM_LOOP_fu_58/opcode_reg_1218_reg[6] | FLOP_LATCH.flop.FDRE |
    | grp_cpu_Pipeline_PROGRAM_LOOP_fu_58/pc_fu_144[31]_i_14     | LUT.others.LUT6      |
    | grp_cpu_Pipeline_PROGRAM_LOOP_fu_58/op2_1_reg_1386[3]_i_4  | LUT.others.LUT5      |
    | grp_cpu_Pipeline_PROGRAM_LOOP_fu_58/op2_1_reg_1386[1]_i_2  | LUT.others.LUT5      |
    | reg_file_U/mem_address0[1]_INST_0_i_4                      | LUT.others.LUT2      |
    | reg_file_U/mem_address0[1]_INST_0_i_1                      | CARRY.others.CARRY4  |
    | reg_file_U/mem_address0[5]_INST_0_i_1                      | CARRY.others.CARRY4  |
    | reg_file_U/mem_address0[9]_INST_0_i_1                      | CARRY.others.CARRY4  |
    | reg_file_U/mem_address0[13]_INST_0_i_1                     | CARRY.others.CARRY4  |
    | reg_file_U/mem_address0[15]_INST_0_i_1                     | CARRY.others.CARRY4  |
    | reg_file_U/mem_we0_INST_0_i_10                             | CARRY.others.CARRY4  |
    | reg_file_U/mem_we0_INST_0_i_9                              | CARRY.others.CARRY4  |
    | reg_file_U/mem_we0_INST_0_i_8                              | CARRY.others.CARRY4  |
    | reg_file_U/mem_we0_INST_0_i_3                              | LUT.others.LUT4      |
    | reg_file_U/mem_we0_INST_0_i_1                              | LUT.others.LUT5      |
    | grp_cpu_Pipeline_PROGRAM_LOOP_fu_58/pc_fu_144[31]_i_2      | LUT.others.LUT6      |
    | grp_cpu_Pipeline_PROGRAM_LOOP_fu_58/pc_fu_144_reg[11]      | FLOP_LATCH.flop.FDRE |
    | grp_cpu_Pipeline_PROGRAM_LOOP_fu_58/opcode_reg_1218_reg[6] | FLOP_LATCH.flop.FDRE |
    | grp_cpu_Pipeline_PROGRAM_LOOP_fu_58/pc_fu_144[31]_i_14     | LUT.others.LUT6      |
    | grp_cpu_Pipeline_PROGRAM_LOOP_fu_58/op2_1_reg_1386[3]_i_4  | LUT.others.LUT5      |
    | grp_cpu_Pipeline_PROGRAM_LOOP_fu_58/op2_1_reg_1386[1]_i_2  | LUT.others.LUT5      |
    | reg_file_U/mem_address0[1]_INST_0_i_4                      | LUT.others.LUT2      |
    | reg_file_U/mem_address0[1]_INST_0_i_1                      | CARRY.others.CARRY4  |
    | reg_file_U/mem_address0[5]_INST_0_i_1                      | CARRY.others.CARRY4  |
    | reg_file_U/mem_address0[9]_INST_0_i_1                      | CARRY.others.CARRY4  |
    | reg_file_U/mem_address0[13]_INST_0_i_1                     | CARRY.others.CARRY4  |
    | reg_file_U/mem_address0[15]_INST_0_i_1                     | CARRY.others.CARRY4  |
    | reg_file_U/mem_we0_INST_0_i_10                             | CARRY.others.CARRY4  |
    | reg_file_U/mem_we0_INST_0_i_9                              | CARRY.others.CARRY4  |
    | reg_file_U/mem_we0_INST_0_i_8                              | CARRY.others.CARRY4  |
    | reg_file_U/mem_we0_INST_0_i_3                              | LUT.others.LUT4      |
    | reg_file_U/mem_we0_INST_0_i_1                              | LUT.others.LUT5      |
    | grp_cpu_Pipeline_PROGRAM_LOOP_fu_58/pc_fu_144[31]_i_2      | LUT.others.LUT6      |
    | grp_cpu_Pipeline_PROGRAM_LOOP_fu_58/pc_fu_144_reg[12]      | FLOP_LATCH.flop.FDRE |
    | grp_cpu_Pipeline_PROGRAM_LOOP_fu_58/opcode_reg_1218_reg[6] | FLOP_LATCH.flop.FDRE |
    | grp_cpu_Pipeline_PROGRAM_LOOP_fu_58/pc_fu_144[31]_i_14     | LUT.others.LUT6      |
    | grp_cpu_Pipeline_PROGRAM_LOOP_fu_58/op2_1_reg_1386[3]_i_4  | LUT.others.LUT5      |
    | grp_cpu_Pipeline_PROGRAM_LOOP_fu_58/op2_1_reg_1386[1]_i_2  | LUT.others.LUT5      |
    | reg_file_U/mem_address0[1]_INST_0_i_4                      | LUT.others.LUT2      |
    | reg_file_U/mem_address0[1]_INST_0_i_1                      | CARRY.others.CARRY4  |
    | reg_file_U/mem_address0[5]_INST_0_i_1                      | CARRY.others.CARRY4  |
    | reg_file_U/mem_address0[9]_INST_0_i_1                      | CARRY.others.CARRY4  |
    | reg_file_U/mem_address0[13]_INST_0_i_1                     | CARRY.others.CARRY4  |
    | reg_file_U/mem_address0[15]_INST_0_i_1                     | CARRY.others.CARRY4  |
    | reg_file_U/mem_we0_INST_0_i_10                             | CARRY.others.CARRY4  |
    | reg_file_U/mem_we0_INST_0_i_9                              | CARRY.others.CARRY4  |
    | reg_file_U/mem_we0_INST_0_i_8                              | CARRY.others.CARRY4  |
    | reg_file_U/mem_we0_INST_0_i_3                              | LUT.others.LUT4      |
    | reg_file_U/mem_we0_INST_0_i_1                              | LUT.others.LUT5      |
    | grp_cpu_Pipeline_PROGRAM_LOOP_fu_58/pc_fu_144[31]_i_2      | LUT.others.LUT6      |
    | grp_cpu_Pipeline_PROGRAM_LOOP_fu_58/pc_fu_144_reg[13]      | FLOP_LATCH.flop.FDRE |
    | grp_cpu_Pipeline_PROGRAM_LOOP_fu_58/opcode_reg_1218_reg[6] | FLOP_LATCH.flop.FDRE |
    | grp_cpu_Pipeline_PROGRAM_LOOP_fu_58/pc_fu_144[31]_i_14     | LUT.others.LUT6      |
    | grp_cpu_Pipeline_PROGRAM_LOOP_fu_58/op2_1_reg_1386[3]_i_4  | LUT.others.LUT5      |
    | grp_cpu_Pipeline_PROGRAM_LOOP_fu_58/op2_1_reg_1386[1]_i_2  | LUT.others.LUT5      |
    | reg_file_U/mem_address0[1]_INST_0_i_4                      | LUT.others.LUT2      |
    | reg_file_U/mem_address0[1]_INST_0_i_1                      | CARRY.others.CARRY4  |
    | reg_file_U/mem_address0[5]_INST_0_i_1                      | CARRY.others.CARRY4  |
    | reg_file_U/mem_address0[9]_INST_0_i_1                      | CARRY.others.CARRY4  |
    | reg_file_U/mem_address0[13]_INST_0_i_1                     | CARRY.others.CARRY4  |
    | reg_file_U/mem_address0[15]_INST_0_i_1                     | CARRY.others.CARRY4  |
    | reg_file_U/mem_we0_INST_0_i_10                             | CARRY.others.CARRY4  |
    | reg_file_U/mem_we0_INST_0_i_9                              | CARRY.others.CARRY4  |
    | reg_file_U/mem_we0_INST_0_i_8                              | CARRY.others.CARRY4  |
    | reg_file_U/mem_we0_INST_0_i_3                              | LUT.others.LUT4      |
    | reg_file_U/mem_we0_INST_0_i_1                              | LUT.others.LUT5      |
    | grp_cpu_Pipeline_PROGRAM_LOOP_fu_58/pc_fu_144[31]_i_2      | LUT.others.LUT6      |
    | grp_cpu_Pipeline_PROGRAM_LOOP_fu_58/pc_fu_144_reg[14]      | FLOP_LATCH.flop.FDRE |
    +------------------------------------------------------------+----------------------+

    +------------------------------------------------------------+----------------------+
    | Path2 Cells                                                | Primitive Type       |
    +------------------------------------------------------------+----------------------+
    | grp_cpu_Pipeline_PROGRAM_LOOP_fu_58/opcode_reg_1218_reg[6] | FLOP_LATCH.flop.FDRE |
    | grp_cpu_Pipeline_PROGRAM_LOOP_fu_58/pc_fu_144[31]_i_14     | LUT.others.LUT6      |
    | grp_cpu_Pipeline_PROGRAM_LOOP_fu_58/op2_1_reg_1386[3]_i_4  | LUT.others.LUT5      |
    | grp_cpu_Pipeline_PROGRAM_LOOP_fu_58/op2_1_reg_1386[1]_i_2  | LUT.others.LUT5      |
    | reg_file_U/mem_address0[1]_INST_0_i_4                      | LUT.others.LUT2      |
    | reg_file_U/mem_address0[1]_INST_0_i_1                      | CARRY.others.CARRY4  |
    | reg_file_U/mem_address0[5]_INST_0_i_1                      | CARRY.others.CARRY4  |
    | reg_file_U/mem_address0[9]_INST_0_i_1                      | CARRY.others.CARRY4  |
    | reg_file_U/mem_address0[13]_INST_0_i_1                     | CARRY.others.CARRY4  |
    | reg_file_U/mem_address0[15]_INST_0_i_1                     | CARRY.others.CARRY4  |
    | reg_file_U/mem_we0_INST_0_i_10                             | CARRY.others.CARRY4  |
    | reg_file_U/mem_we0_INST_0_i_9                              | CARRY.others.CARRY4  |
    | reg_file_U/mem_we0_INST_0_i_8                              | CARRY.others.CARRY4  |
    | reg_file_U/mem_we0_INST_0_i_3                              | LUT.others.LUT4      |
    | reg_file_U/mem_we0_INST_0_i_1                              | LUT.others.LUT5      |
    | grp_cpu_Pipeline_PROGRAM_LOOP_fu_58/pc_fu_144[31]_i_2      | LUT.others.LUT6      |
    | grp_cpu_Pipeline_PROGRAM_LOOP_fu_58/pc_fu_144_reg[10]      | FLOP_LATCH.flop.FDRE |
    | grp_cpu_Pipeline_PROGRAM_LOOP_fu_58/opcode_reg_1218_reg[6] | FLOP_LATCH.flop.FDRE |
    | grp_cpu_Pipeline_PROGRAM_LOOP_fu_58/pc_fu_144[31]_i_14     | LUT.others.LUT6      |
    | grp_cpu_Pipeline_PROGRAM_LOOP_fu_58/op2_1_reg_1386[3]_i_4  | LUT.others.LUT5      |
    | grp_cpu_Pipeline_PROGRAM_LOOP_fu_58/op2_1_reg_1386[1]_i_2  | LUT.others.LUT5      |
    | reg_file_U/mem_address0[1]_INST_0_i_4                      | LUT.others.LUT2      |
    | reg_file_U/mem_address0[1]_INST_0_i_1                      | CARRY.others.CARRY4  |
    | reg_file_U/mem_address0[5]_INST_0_i_1                      | CARRY.others.CARRY4  |
    | reg_file_U/mem_address0[9]_INST_0_i_1                      | CARRY.others.CARRY4  |
    | reg_file_U/mem_address0[13]_INST_0_i_1                     | CARRY.others.CARRY4  |
    | reg_file_U/mem_address0[15]_INST_0_i_1                     | CARRY.others.CARRY4  |
    | reg_file_U/mem_we0_INST_0_i_10                             | CARRY.others.CARRY4  |
    | reg_file_U/mem_we0_INST_0_i_9                              | CARRY.others.CARRY4  |
    | reg_file_U/mem_we0_INST_0_i_8                              | CARRY.others.CARRY4  |
    | reg_file_U/mem_we0_INST_0_i_3                              | LUT.others.LUT4      |
    | reg_file_U/mem_we0_INST_0_i_1                              | LUT.others.LUT5      |
    | grp_cpu_Pipeline_PROGRAM_LOOP_fu_58/pc_fu_144[31]_i_2      | LUT.others.LUT6      |
    | grp_cpu_Pipeline_PROGRAM_LOOP_fu_58/pc_fu_144_reg[11]      | FLOP_LATCH.flop.FDRE |
    | grp_cpu_Pipeline_PROGRAM_LOOP_fu_58/opcode_reg_1218_reg[6] | FLOP_LATCH.flop.FDRE |
    | grp_cpu_Pipeline_PROGRAM_LOOP_fu_58/pc_fu_144[31]_i_14     | LUT.others.LUT6      |
    | grp_cpu_Pipeline_PROGRAM_LOOP_fu_58/op2_1_reg_1386[3]_i_4  | LUT.others.LUT5      |
    | grp_cpu_Pipeline_PROGRAM_LOOP_fu_58/op2_1_reg_1386[1]_i_2  | LUT.others.LUT5      |
    | reg_file_U/mem_address0[1]_INST_0_i_4                      | LUT.others.LUT2      |
    | reg_file_U/mem_address0[1]_INST_0_i_1                      | CARRY.others.CARRY4  |
    | reg_file_U/mem_address0[5]_INST_0_i_1                      | CARRY.others.CARRY4  |
    | reg_file_U/mem_address0[9]_INST_0_i_1                      | CARRY.others.CARRY4  |
    | reg_file_U/mem_address0[13]_INST_0_i_1                     | CARRY.others.CARRY4  |
    | reg_file_U/mem_address0[15]_INST_0_i_1                     | CARRY.others.CARRY4  |
    | reg_file_U/mem_we0_INST_0_i_10                             | CARRY.others.CARRY4  |
    | reg_file_U/mem_we0_INST_0_i_9                              | CARRY.others.CARRY4  |
    | reg_file_U/mem_we0_INST_0_i_8                              | CARRY.others.CARRY4  |
    | reg_file_U/mem_we0_INST_0_i_3                              | LUT.others.LUT4      |
    | reg_file_U/mem_we0_INST_0_i_1                              | LUT.others.LUT5      |
    | grp_cpu_Pipeline_PROGRAM_LOOP_fu_58/pc_fu_144[31]_i_2      | LUT.others.LUT6      |
    | grp_cpu_Pipeline_PROGRAM_LOOP_fu_58/pc_fu_144_reg[12]      | FLOP_LATCH.flop.FDRE |
    | grp_cpu_Pipeline_PROGRAM_LOOP_fu_58/opcode_reg_1218_reg[6] | FLOP_LATCH.flop.FDRE |
    | grp_cpu_Pipeline_PROGRAM_LOOP_fu_58/pc_fu_144[31]_i_14     | LUT.others.LUT6      |
    | grp_cpu_Pipeline_PROGRAM_LOOP_fu_58/op2_1_reg_1386[3]_i_4  | LUT.others.LUT5      |
    | grp_cpu_Pipeline_PROGRAM_LOOP_fu_58/op2_1_reg_1386[1]_i_2  | LUT.others.LUT5      |
    | reg_file_U/mem_address0[1]_INST_0_i_4                      | LUT.others.LUT2      |
    | reg_file_U/mem_address0[1]_INST_0_i_1                      | CARRY.others.CARRY4  |
    | reg_file_U/mem_address0[5]_INST_0_i_1                      | CARRY.others.CARRY4  |
    | reg_file_U/mem_address0[9]_INST_0_i_1                      | CARRY.others.CARRY4  |
    | reg_file_U/mem_address0[13]_INST_0_i_1                     | CARRY.others.CARRY4  |
    | reg_file_U/mem_address0[15]_INST_0_i_1                     | CARRY.others.CARRY4  |
    | reg_file_U/mem_we0_INST_0_i_10                             | CARRY.others.CARRY4  |
    | reg_file_U/mem_we0_INST_0_i_9                              | CARRY.others.CARRY4  |
    | reg_file_U/mem_we0_INST_0_i_8                              | CARRY.others.CARRY4  |
    | reg_file_U/mem_we0_INST_0_i_3                              | LUT.others.LUT4      |
    | reg_file_U/mem_we0_INST_0_i_1                              | LUT.others.LUT5      |
    | grp_cpu_Pipeline_PROGRAM_LOOP_fu_58/pc_fu_144[31]_i_2      | LUT.others.LUT6      |
    | grp_cpu_Pipeline_PROGRAM_LOOP_fu_58/pc_fu_144_reg[13]      | FLOP_LATCH.flop.FDRE |
    | grp_cpu_Pipeline_PROGRAM_LOOP_fu_58/opcode_reg_1218_reg[6] | FLOP_LATCH.flop.FDRE |
    | grp_cpu_Pipeline_PROGRAM_LOOP_fu_58/pc_fu_144[31]_i_14     | LUT.others.LUT6      |
    | grp_cpu_Pipeline_PROGRAM_LOOP_fu_58/op2_1_reg_1386[3]_i_4  | LUT.others.LUT5      |
    | grp_cpu_Pipeline_PROGRAM_LOOP_fu_58/op2_1_reg_1386[1]_i_2  | LUT.others.LUT5      |
    | reg_file_U/mem_address0[1]_INST_0_i_4                      | LUT.others.LUT2      |
    | reg_file_U/mem_address0[1]_INST_0_i_1                      | CARRY.others.CARRY4  |
    | reg_file_U/mem_address0[5]_INST_0_i_1                      | CARRY.others.CARRY4  |
    | reg_file_U/mem_address0[9]_INST_0_i_1                      | CARRY.others.CARRY4  |
    | reg_file_U/mem_address0[13]_INST_0_i_1                     | CARRY.others.CARRY4  |
    | reg_file_U/mem_address0[15]_INST_0_i_1                     | CARRY.others.CARRY4  |
    | reg_file_U/mem_we0_INST_0_i_10                             | CARRY.others.CARRY4  |
    | reg_file_U/mem_we0_INST_0_i_9                              | CARRY.others.CARRY4  |
    | reg_file_U/mem_we0_INST_0_i_8                              | CARRY.others.CARRY4  |
    | reg_file_U/mem_we0_INST_0_i_3                              | LUT.others.LUT4      |
    | reg_file_U/mem_we0_INST_0_i_1                              | LUT.others.LUT5      |
    | grp_cpu_Pipeline_PROGRAM_LOOP_fu_58/pc_fu_144[31]_i_2      | LUT.others.LUT6      |
    | grp_cpu_Pipeline_PROGRAM_LOOP_fu_58/pc_fu_144_reg[14]      | FLOP_LATCH.flop.FDRE |
    +------------------------------------------------------------+----------------------+

    +------------------------------------------------------------+----------------------+
    | Path3 Cells                                                | Primitive Type       |
    +------------------------------------------------------------+----------------------+
    | grp_cpu_Pipeline_PROGRAM_LOOP_fu_58/opcode_reg_1218_reg[6] | FLOP_LATCH.flop.FDRE |
    | grp_cpu_Pipeline_PROGRAM_LOOP_fu_58/pc_fu_144[31]_i_14     | LUT.others.LUT6      |
    | grp_cpu_Pipeline_PROGRAM_LOOP_fu_58/op2_1_reg_1386[3]_i_4  | LUT.others.LUT5      |
    | grp_cpu_Pipeline_PROGRAM_LOOP_fu_58/op2_1_reg_1386[1]_i_2  | LUT.others.LUT5      |
    | reg_file_U/mem_address0[1]_INST_0_i_4                      | LUT.others.LUT2      |
    | reg_file_U/mem_address0[1]_INST_0_i_1                      | CARRY.others.CARRY4  |
    | reg_file_U/mem_address0[5]_INST_0_i_1                      | CARRY.others.CARRY4  |
    | reg_file_U/mem_address0[9]_INST_0_i_1                      | CARRY.others.CARRY4  |
    | reg_file_U/mem_address0[13]_INST_0_i_1                     | CARRY.others.CARRY4  |
    | reg_file_U/mem_address0[15]_INST_0_i_1                     | CARRY.others.CARRY4  |
    | reg_file_U/mem_we0_INST_0_i_10                             | CARRY.others.CARRY4  |
    | reg_file_U/mem_we0_INST_0_i_9                              | CARRY.others.CARRY4  |
    | reg_file_U/mem_we0_INST_0_i_8                              | CARRY.others.CARRY4  |
    | reg_file_U/mem_we0_INST_0_i_3                              | LUT.others.LUT4      |
    | reg_file_U/mem_we0_INST_0_i_1                              | LUT.others.LUT5      |
    | grp_cpu_Pipeline_PROGRAM_LOOP_fu_58/pc_fu_144[31]_i_2      | LUT.others.LUT6      |
    | grp_cpu_Pipeline_PROGRAM_LOOP_fu_58/pc_fu_144_reg[10]      | FLOP_LATCH.flop.FDRE |
    | grp_cpu_Pipeline_PROGRAM_LOOP_fu_58/opcode_reg_1218_reg[6] | FLOP_LATCH.flop.FDRE |
    | grp_cpu_Pipeline_PROGRAM_LOOP_fu_58/pc_fu_144[31]_i_14     | LUT.others.LUT6      |
    | grp_cpu_Pipeline_PROGRAM_LOOP_fu_58/op2_1_reg_1386[3]_i_4  | LUT.others.LUT5      |
    | grp_cpu_Pipeline_PROGRAM_LOOP_fu_58/op2_1_reg_1386[1]_i_2  | LUT.others.LUT5      |
    | reg_file_U/mem_address0[1]_INST_0_i_4                      | LUT.others.LUT2      |
    | reg_file_U/mem_address0[1]_INST_0_i_1                      | CARRY.others.CARRY4  |
    | reg_file_U/mem_address0[5]_INST_0_i_1                      | CARRY.others.CARRY4  |
    | reg_file_U/mem_address0[9]_INST_0_i_1                      | CARRY.others.CARRY4  |
    | reg_file_U/mem_address0[13]_INST_0_i_1                     | CARRY.others.CARRY4  |
    | reg_file_U/mem_address0[15]_INST_0_i_1                     | CARRY.others.CARRY4  |
    | reg_file_U/mem_we0_INST_0_i_10                             | CARRY.others.CARRY4  |
    | reg_file_U/mem_we0_INST_0_i_9                              | CARRY.others.CARRY4  |
    | reg_file_U/mem_we0_INST_0_i_8                              | CARRY.others.CARRY4  |
    | reg_file_U/mem_we0_INST_0_i_3                              | LUT.others.LUT4      |
    | reg_file_U/mem_we0_INST_0_i_1                              | LUT.others.LUT5      |
    | grp_cpu_Pipeline_PROGRAM_LOOP_fu_58/pc_fu_144[31]_i_2      | LUT.others.LUT6      |
    | grp_cpu_Pipeline_PROGRAM_LOOP_fu_58/pc_fu_144_reg[11]      | FLOP_LATCH.flop.FDRE |
    | grp_cpu_Pipeline_PROGRAM_LOOP_fu_58/opcode_reg_1218_reg[6] | FLOP_LATCH.flop.FDRE |
    | grp_cpu_Pipeline_PROGRAM_LOOP_fu_58/pc_fu_144[31]_i_14     | LUT.others.LUT6      |
    | grp_cpu_Pipeline_PROGRAM_LOOP_fu_58/op2_1_reg_1386[3]_i_4  | LUT.others.LUT5      |
    | grp_cpu_Pipeline_PROGRAM_LOOP_fu_58/op2_1_reg_1386[1]_i_2  | LUT.others.LUT5      |
    | reg_file_U/mem_address0[1]_INST_0_i_4                      | LUT.others.LUT2      |
    | reg_file_U/mem_address0[1]_INST_0_i_1                      | CARRY.others.CARRY4  |
    | reg_file_U/mem_address0[5]_INST_0_i_1                      | CARRY.others.CARRY4  |
    | reg_file_U/mem_address0[9]_INST_0_i_1                      | CARRY.others.CARRY4  |
    | reg_file_U/mem_address0[13]_INST_0_i_1                     | CARRY.others.CARRY4  |
    | reg_file_U/mem_address0[15]_INST_0_i_1                     | CARRY.others.CARRY4  |
    | reg_file_U/mem_we0_INST_0_i_10                             | CARRY.others.CARRY4  |
    | reg_file_U/mem_we0_INST_0_i_9                              | CARRY.others.CARRY4  |
    | reg_file_U/mem_we0_INST_0_i_8                              | CARRY.others.CARRY4  |
    | reg_file_U/mem_we0_INST_0_i_3                              | LUT.others.LUT4      |
    | reg_file_U/mem_we0_INST_0_i_1                              | LUT.others.LUT5      |
    | grp_cpu_Pipeline_PROGRAM_LOOP_fu_58/pc_fu_144[31]_i_2      | LUT.others.LUT6      |
    | grp_cpu_Pipeline_PROGRAM_LOOP_fu_58/pc_fu_144_reg[12]      | FLOP_LATCH.flop.FDRE |
    | grp_cpu_Pipeline_PROGRAM_LOOP_fu_58/opcode_reg_1218_reg[6] | FLOP_LATCH.flop.FDRE |
    | grp_cpu_Pipeline_PROGRAM_LOOP_fu_58/pc_fu_144[31]_i_14     | LUT.others.LUT6      |
    | grp_cpu_Pipeline_PROGRAM_LOOP_fu_58/op2_1_reg_1386[3]_i_4  | LUT.others.LUT5      |
    | grp_cpu_Pipeline_PROGRAM_LOOP_fu_58/op2_1_reg_1386[1]_i_2  | LUT.others.LUT5      |
    | reg_file_U/mem_address0[1]_INST_0_i_4                      | LUT.others.LUT2      |
    | reg_file_U/mem_address0[1]_INST_0_i_1                      | CARRY.others.CARRY4  |
    | reg_file_U/mem_address0[5]_INST_0_i_1                      | CARRY.others.CARRY4  |
    | reg_file_U/mem_address0[9]_INST_0_i_1                      | CARRY.others.CARRY4  |
    | reg_file_U/mem_address0[13]_INST_0_i_1                     | CARRY.others.CARRY4  |
    | reg_file_U/mem_address0[15]_INST_0_i_1                     | CARRY.others.CARRY4  |
    | reg_file_U/mem_we0_INST_0_i_10                             | CARRY.others.CARRY4  |
    | reg_file_U/mem_we0_INST_0_i_9                              | CARRY.others.CARRY4  |
    | reg_file_U/mem_we0_INST_0_i_8                              | CARRY.others.CARRY4  |
    | reg_file_U/mem_we0_INST_0_i_3                              | LUT.others.LUT4      |
    | reg_file_U/mem_we0_INST_0_i_1                              | LUT.others.LUT5      |
    | grp_cpu_Pipeline_PROGRAM_LOOP_fu_58/pc_fu_144[31]_i_2      | LUT.others.LUT6      |
    | grp_cpu_Pipeline_PROGRAM_LOOP_fu_58/pc_fu_144_reg[13]      | FLOP_LATCH.flop.FDRE |
    | grp_cpu_Pipeline_PROGRAM_LOOP_fu_58/opcode_reg_1218_reg[6] | FLOP_LATCH.flop.FDRE |
    | grp_cpu_Pipeline_PROGRAM_LOOP_fu_58/pc_fu_144[31]_i_14     | LUT.others.LUT6      |
    | grp_cpu_Pipeline_PROGRAM_LOOP_fu_58/op2_1_reg_1386[3]_i_4  | LUT.others.LUT5      |
    | grp_cpu_Pipeline_PROGRAM_LOOP_fu_58/op2_1_reg_1386[1]_i_2  | LUT.others.LUT5      |
    | reg_file_U/mem_address0[1]_INST_0_i_4                      | LUT.others.LUT2      |
    | reg_file_U/mem_address0[1]_INST_0_i_1                      | CARRY.others.CARRY4  |
    | reg_file_U/mem_address0[5]_INST_0_i_1                      | CARRY.others.CARRY4  |
    | reg_file_U/mem_address0[9]_INST_0_i_1                      | CARRY.others.CARRY4  |
    | reg_file_U/mem_address0[13]_INST_0_i_1                     | CARRY.others.CARRY4  |
    | reg_file_U/mem_address0[15]_INST_0_i_1                     | CARRY.others.CARRY4  |
    | reg_file_U/mem_we0_INST_0_i_10                             | CARRY.others.CARRY4  |
    | reg_file_U/mem_we0_INST_0_i_9                              | CARRY.others.CARRY4  |
    | reg_file_U/mem_we0_INST_0_i_8                              | CARRY.others.CARRY4  |
    | reg_file_U/mem_we0_INST_0_i_3                              | LUT.others.LUT4      |
    | reg_file_U/mem_we0_INST_0_i_1                              | LUT.others.LUT5      |
    | grp_cpu_Pipeline_PROGRAM_LOOP_fu_58/pc_fu_144[31]_i_2      | LUT.others.LUT6      |
    | grp_cpu_Pipeline_PROGRAM_LOOP_fu_58/pc_fu_144_reg[14]      | FLOP_LATCH.flop.FDRE |
    +------------------------------------------------------------+----------------------+

    +------------------------------------------------------------+----------------------+
    | Path4 Cells                                                | Primitive Type       |
    +------------------------------------------------------------+----------------------+
    | grp_cpu_Pipeline_PROGRAM_LOOP_fu_58/opcode_reg_1218_reg[6] | FLOP_LATCH.flop.FDRE |
    | grp_cpu_Pipeline_PROGRAM_LOOP_fu_58/pc_fu_144[31]_i_14     | LUT.others.LUT6      |
    | grp_cpu_Pipeline_PROGRAM_LOOP_fu_58/op2_1_reg_1386[3]_i_4  | LUT.others.LUT5      |
    | grp_cpu_Pipeline_PROGRAM_LOOP_fu_58/op2_1_reg_1386[1]_i_2  | LUT.others.LUT5      |
    | reg_file_U/mem_address0[1]_INST_0_i_4                      | LUT.others.LUT2      |
    | reg_file_U/mem_address0[1]_INST_0_i_1                      | CARRY.others.CARRY4  |
    | reg_file_U/mem_address0[5]_INST_0_i_1                      | CARRY.others.CARRY4  |
    | reg_file_U/mem_address0[9]_INST_0_i_1                      | CARRY.others.CARRY4  |
    | reg_file_U/mem_address0[13]_INST_0_i_1                     | CARRY.others.CARRY4  |
    | reg_file_U/mem_address0[15]_INST_0_i_1                     | CARRY.others.CARRY4  |
    | reg_file_U/mem_we0_INST_0_i_10                             | CARRY.others.CARRY4  |
    | reg_file_U/mem_we0_INST_0_i_9                              | CARRY.others.CARRY4  |
    | reg_file_U/mem_we0_INST_0_i_8                              | CARRY.others.CARRY4  |
    | reg_file_U/mem_we0_INST_0_i_3                              | LUT.others.LUT4      |
    | reg_file_U/mem_we0_INST_0_i_1                              | LUT.others.LUT5      |
    | grp_cpu_Pipeline_PROGRAM_LOOP_fu_58/pc_fu_144[31]_i_2      | LUT.others.LUT6      |
    | grp_cpu_Pipeline_PROGRAM_LOOP_fu_58/pc_fu_144_reg[10]      | FLOP_LATCH.flop.FDRE |
    | grp_cpu_Pipeline_PROGRAM_LOOP_fu_58/opcode_reg_1218_reg[6] | FLOP_LATCH.flop.FDRE |
    | grp_cpu_Pipeline_PROGRAM_LOOP_fu_58/pc_fu_144[31]_i_14     | LUT.others.LUT6      |
    | grp_cpu_Pipeline_PROGRAM_LOOP_fu_58/op2_1_reg_1386[3]_i_4  | LUT.others.LUT5      |
    | grp_cpu_Pipeline_PROGRAM_LOOP_fu_58/op2_1_reg_1386[1]_i_2  | LUT.others.LUT5      |
    | reg_file_U/mem_address0[1]_INST_0_i_4                      | LUT.others.LUT2      |
    | reg_file_U/mem_address0[1]_INST_0_i_1                      | CARRY.others.CARRY4  |
    | reg_file_U/mem_address0[5]_INST_0_i_1                      | CARRY.others.CARRY4  |
    | reg_file_U/mem_address0[9]_INST_0_i_1                      | CARRY.others.CARRY4  |
    | reg_file_U/mem_address0[13]_INST_0_i_1                     | CARRY.others.CARRY4  |
    | reg_file_U/mem_address0[15]_INST_0_i_1                     | CARRY.others.CARRY4  |
    | reg_file_U/mem_we0_INST_0_i_10                             | CARRY.others.CARRY4  |
    | reg_file_U/mem_we0_INST_0_i_9                              | CARRY.others.CARRY4  |
    | reg_file_U/mem_we0_INST_0_i_8                              | CARRY.others.CARRY4  |
    | reg_file_U/mem_we0_INST_0_i_3                              | LUT.others.LUT4      |
    | reg_file_U/mem_we0_INST_0_i_1                              | LUT.others.LUT5      |
    | grp_cpu_Pipeline_PROGRAM_LOOP_fu_58/pc_fu_144[31]_i_2      | LUT.others.LUT6      |
    | grp_cpu_Pipeline_PROGRAM_LOOP_fu_58/pc_fu_144_reg[11]      | FLOP_LATCH.flop.FDRE |
    | grp_cpu_Pipeline_PROGRAM_LOOP_fu_58/opcode_reg_1218_reg[6] | FLOP_LATCH.flop.FDRE |
    | grp_cpu_Pipeline_PROGRAM_LOOP_fu_58/pc_fu_144[31]_i_14     | LUT.others.LUT6      |
    | grp_cpu_Pipeline_PROGRAM_LOOP_fu_58/op2_1_reg_1386[3]_i_4  | LUT.others.LUT5      |
    | grp_cpu_Pipeline_PROGRAM_LOOP_fu_58/op2_1_reg_1386[1]_i_2  | LUT.others.LUT5      |
    | reg_file_U/mem_address0[1]_INST_0_i_4                      | LUT.others.LUT2      |
    | reg_file_U/mem_address0[1]_INST_0_i_1                      | CARRY.others.CARRY4  |
    | reg_file_U/mem_address0[5]_INST_0_i_1                      | CARRY.others.CARRY4  |
    | reg_file_U/mem_address0[9]_INST_0_i_1                      | CARRY.others.CARRY4  |
    | reg_file_U/mem_address0[13]_INST_0_i_1                     | CARRY.others.CARRY4  |
    | reg_file_U/mem_address0[15]_INST_0_i_1                     | CARRY.others.CARRY4  |
    | reg_file_U/mem_we0_INST_0_i_10                             | CARRY.others.CARRY4  |
    | reg_file_U/mem_we0_INST_0_i_9                              | CARRY.others.CARRY4  |
    | reg_file_U/mem_we0_INST_0_i_8                              | CARRY.others.CARRY4  |
    | reg_file_U/mem_we0_INST_0_i_3                              | LUT.others.LUT4      |
    | reg_file_U/mem_we0_INST_0_i_1                              | LUT.others.LUT5      |
    | grp_cpu_Pipeline_PROGRAM_LOOP_fu_58/pc_fu_144[31]_i_2      | LUT.others.LUT6      |
    | grp_cpu_Pipeline_PROGRAM_LOOP_fu_58/pc_fu_144_reg[12]      | FLOP_LATCH.flop.FDRE |
    | grp_cpu_Pipeline_PROGRAM_LOOP_fu_58/opcode_reg_1218_reg[6] | FLOP_LATCH.flop.FDRE |
    | grp_cpu_Pipeline_PROGRAM_LOOP_fu_58/pc_fu_144[31]_i_14     | LUT.others.LUT6      |
    | grp_cpu_Pipeline_PROGRAM_LOOP_fu_58/op2_1_reg_1386[3]_i_4  | LUT.others.LUT5      |
    | grp_cpu_Pipeline_PROGRAM_LOOP_fu_58/op2_1_reg_1386[1]_i_2  | LUT.others.LUT5      |
    | reg_file_U/mem_address0[1]_INST_0_i_4                      | LUT.others.LUT2      |
    | reg_file_U/mem_address0[1]_INST_0_i_1                      | CARRY.others.CARRY4  |
    | reg_file_U/mem_address0[5]_INST_0_i_1                      | CARRY.others.CARRY4  |
    | reg_file_U/mem_address0[9]_INST_0_i_1                      | CARRY.others.CARRY4  |
    | reg_file_U/mem_address0[13]_INST_0_i_1                     | CARRY.others.CARRY4  |
    | reg_file_U/mem_address0[15]_INST_0_i_1                     | CARRY.others.CARRY4  |
    | reg_file_U/mem_we0_INST_0_i_10                             | CARRY.others.CARRY4  |
    | reg_file_U/mem_we0_INST_0_i_9                              | CARRY.others.CARRY4  |
    | reg_file_U/mem_we0_INST_0_i_8                              | CARRY.others.CARRY4  |
    | reg_file_U/mem_we0_INST_0_i_3                              | LUT.others.LUT4      |
    | reg_file_U/mem_we0_INST_0_i_1                              | LUT.others.LUT5      |
    | grp_cpu_Pipeline_PROGRAM_LOOP_fu_58/pc_fu_144[31]_i_2      | LUT.others.LUT6      |
    | grp_cpu_Pipeline_PROGRAM_LOOP_fu_58/pc_fu_144_reg[13]      | FLOP_LATCH.flop.FDRE |
    | grp_cpu_Pipeline_PROGRAM_LOOP_fu_58/opcode_reg_1218_reg[6] | FLOP_LATCH.flop.FDRE |
    | grp_cpu_Pipeline_PROGRAM_LOOP_fu_58/pc_fu_144[31]_i_14     | LUT.others.LUT6      |
    | grp_cpu_Pipeline_PROGRAM_LOOP_fu_58/op2_1_reg_1386[3]_i_4  | LUT.others.LUT5      |
    | grp_cpu_Pipeline_PROGRAM_LOOP_fu_58/op2_1_reg_1386[1]_i_2  | LUT.others.LUT5      |
    | reg_file_U/mem_address0[1]_INST_0_i_4                      | LUT.others.LUT2      |
    | reg_file_U/mem_address0[1]_INST_0_i_1                      | CARRY.others.CARRY4  |
    | reg_file_U/mem_address0[5]_INST_0_i_1                      | CARRY.others.CARRY4  |
    | reg_file_U/mem_address0[9]_INST_0_i_1                      | CARRY.others.CARRY4  |
    | reg_file_U/mem_address0[13]_INST_0_i_1                     | CARRY.others.CARRY4  |
    | reg_file_U/mem_address0[15]_INST_0_i_1                     | CARRY.others.CARRY4  |
    | reg_file_U/mem_we0_INST_0_i_10                             | CARRY.others.CARRY4  |
    | reg_file_U/mem_we0_INST_0_i_9                              | CARRY.others.CARRY4  |
    | reg_file_U/mem_we0_INST_0_i_8                              | CARRY.others.CARRY4  |
    | reg_file_U/mem_we0_INST_0_i_3                              | LUT.others.LUT4      |
    | reg_file_U/mem_we0_INST_0_i_1                              | LUT.others.LUT5      |
    | grp_cpu_Pipeline_PROGRAM_LOOP_fu_58/pc_fu_144[31]_i_2      | LUT.others.LUT6      |
    | grp_cpu_Pipeline_PROGRAM_LOOP_fu_58/pc_fu_144_reg[14]      | FLOP_LATCH.flop.FDRE |
    +------------------------------------------------------------+----------------------+

    +------------------------------------------------------------+----------------------+
    | Path5 Cells                                                | Primitive Type       |
    +------------------------------------------------------------+----------------------+
    | grp_cpu_Pipeline_PROGRAM_LOOP_fu_58/opcode_reg_1218_reg[6] | FLOP_LATCH.flop.FDRE |
    | grp_cpu_Pipeline_PROGRAM_LOOP_fu_58/pc_fu_144[31]_i_14     | LUT.others.LUT6      |
    | grp_cpu_Pipeline_PROGRAM_LOOP_fu_58/op2_1_reg_1386[3]_i_4  | LUT.others.LUT5      |
    | grp_cpu_Pipeline_PROGRAM_LOOP_fu_58/op2_1_reg_1386[1]_i_2  | LUT.others.LUT5      |
    | reg_file_U/mem_address0[1]_INST_0_i_4                      | LUT.others.LUT2      |
    | reg_file_U/mem_address0[1]_INST_0_i_1                      | CARRY.others.CARRY4  |
    | reg_file_U/mem_address0[5]_INST_0_i_1                      | CARRY.others.CARRY4  |
    | reg_file_U/mem_address0[9]_INST_0_i_1                      | CARRY.others.CARRY4  |
    | reg_file_U/mem_address0[13]_INST_0_i_1                     | CARRY.others.CARRY4  |
    | reg_file_U/mem_address0[15]_INST_0_i_1                     | CARRY.others.CARRY4  |
    | reg_file_U/mem_we0_INST_0_i_10                             | CARRY.others.CARRY4  |
    | reg_file_U/mem_we0_INST_0_i_9                              | CARRY.others.CARRY4  |
    | reg_file_U/mem_we0_INST_0_i_8                              | CARRY.others.CARRY4  |
    | reg_file_U/mem_we0_INST_0_i_3                              | LUT.others.LUT4      |
    | reg_file_U/mem_we0_INST_0_i_1                              | LUT.others.LUT5      |
    | grp_cpu_Pipeline_PROGRAM_LOOP_fu_58/pc_fu_144[31]_i_2      | LUT.others.LUT6      |
    | grp_cpu_Pipeline_PROGRAM_LOOP_fu_58/pc_fu_144_reg[10]      | FLOP_LATCH.flop.FDRE |
    | grp_cpu_Pipeline_PROGRAM_LOOP_fu_58/opcode_reg_1218_reg[6] | FLOP_LATCH.flop.FDRE |
    | grp_cpu_Pipeline_PROGRAM_LOOP_fu_58/pc_fu_144[31]_i_14     | LUT.others.LUT6      |
    | grp_cpu_Pipeline_PROGRAM_LOOP_fu_58/op2_1_reg_1386[3]_i_4  | LUT.others.LUT5      |
    | grp_cpu_Pipeline_PROGRAM_LOOP_fu_58/op2_1_reg_1386[1]_i_2  | LUT.others.LUT5      |
    | reg_file_U/mem_address0[1]_INST_0_i_4                      | LUT.others.LUT2      |
    | reg_file_U/mem_address0[1]_INST_0_i_1                      | CARRY.others.CARRY4  |
    | reg_file_U/mem_address0[5]_INST_0_i_1                      | CARRY.others.CARRY4  |
    | reg_file_U/mem_address0[9]_INST_0_i_1                      | CARRY.others.CARRY4  |
    | reg_file_U/mem_address0[13]_INST_0_i_1                     | CARRY.others.CARRY4  |
    | reg_file_U/mem_address0[15]_INST_0_i_1                     | CARRY.others.CARRY4  |
    | reg_file_U/mem_we0_INST_0_i_10                             | CARRY.others.CARRY4  |
    | reg_file_U/mem_we0_INST_0_i_9                              | CARRY.others.CARRY4  |
    | reg_file_U/mem_we0_INST_0_i_8                              | CARRY.others.CARRY4  |
    | reg_file_U/mem_we0_INST_0_i_3                              | LUT.others.LUT4      |
    | reg_file_U/mem_we0_INST_0_i_1                              | LUT.others.LUT5      |
    | grp_cpu_Pipeline_PROGRAM_LOOP_fu_58/pc_fu_144[31]_i_2      | LUT.others.LUT6      |
    | grp_cpu_Pipeline_PROGRAM_LOOP_fu_58/pc_fu_144_reg[11]      | FLOP_LATCH.flop.FDRE |
    | grp_cpu_Pipeline_PROGRAM_LOOP_fu_58/opcode_reg_1218_reg[6] | FLOP_LATCH.flop.FDRE |
    | grp_cpu_Pipeline_PROGRAM_LOOP_fu_58/pc_fu_144[31]_i_14     | LUT.others.LUT6      |
    | grp_cpu_Pipeline_PROGRAM_LOOP_fu_58/op2_1_reg_1386[3]_i_4  | LUT.others.LUT5      |
    | grp_cpu_Pipeline_PROGRAM_LOOP_fu_58/op2_1_reg_1386[1]_i_2  | LUT.others.LUT5      |
    | reg_file_U/mem_address0[1]_INST_0_i_4                      | LUT.others.LUT2      |
    | reg_file_U/mem_address0[1]_INST_0_i_1                      | CARRY.others.CARRY4  |
    | reg_file_U/mem_address0[5]_INST_0_i_1                      | CARRY.others.CARRY4  |
    | reg_file_U/mem_address0[9]_INST_0_i_1                      | CARRY.others.CARRY4  |
    | reg_file_U/mem_address0[13]_INST_0_i_1                     | CARRY.others.CARRY4  |
    | reg_file_U/mem_address0[15]_INST_0_i_1                     | CARRY.others.CARRY4  |
    | reg_file_U/mem_we0_INST_0_i_10                             | CARRY.others.CARRY4  |
    | reg_file_U/mem_we0_INST_0_i_9                              | CARRY.others.CARRY4  |
    | reg_file_U/mem_we0_INST_0_i_8                              | CARRY.others.CARRY4  |
    | reg_file_U/mem_we0_INST_0_i_3                              | LUT.others.LUT4      |
    | reg_file_U/mem_we0_INST_0_i_1                              | LUT.others.LUT5      |
    | grp_cpu_Pipeline_PROGRAM_LOOP_fu_58/pc_fu_144[31]_i_2      | LUT.others.LUT6      |
    | grp_cpu_Pipeline_PROGRAM_LOOP_fu_58/pc_fu_144_reg[12]      | FLOP_LATCH.flop.FDRE |
    | grp_cpu_Pipeline_PROGRAM_LOOP_fu_58/opcode_reg_1218_reg[6] | FLOP_LATCH.flop.FDRE |
    | grp_cpu_Pipeline_PROGRAM_LOOP_fu_58/pc_fu_144[31]_i_14     | LUT.others.LUT6      |
    | grp_cpu_Pipeline_PROGRAM_LOOP_fu_58/op2_1_reg_1386[3]_i_4  | LUT.others.LUT5      |
    | grp_cpu_Pipeline_PROGRAM_LOOP_fu_58/op2_1_reg_1386[1]_i_2  | LUT.others.LUT5      |
    | reg_file_U/mem_address0[1]_INST_0_i_4                      | LUT.others.LUT2      |
    | reg_file_U/mem_address0[1]_INST_0_i_1                      | CARRY.others.CARRY4  |
    | reg_file_U/mem_address0[5]_INST_0_i_1                      | CARRY.others.CARRY4  |
    | reg_file_U/mem_address0[9]_INST_0_i_1                      | CARRY.others.CARRY4  |
    | reg_file_U/mem_address0[13]_INST_0_i_1                     | CARRY.others.CARRY4  |
    | reg_file_U/mem_address0[15]_INST_0_i_1                     | CARRY.others.CARRY4  |
    | reg_file_U/mem_we0_INST_0_i_10                             | CARRY.others.CARRY4  |
    | reg_file_U/mem_we0_INST_0_i_9                              | CARRY.others.CARRY4  |
    | reg_file_U/mem_we0_INST_0_i_8                              | CARRY.others.CARRY4  |
    | reg_file_U/mem_we0_INST_0_i_3                              | LUT.others.LUT4      |
    | reg_file_U/mem_we0_INST_0_i_1                              | LUT.others.LUT5      |
    | grp_cpu_Pipeline_PROGRAM_LOOP_fu_58/pc_fu_144[31]_i_2      | LUT.others.LUT6      |
    | grp_cpu_Pipeline_PROGRAM_LOOP_fu_58/pc_fu_144_reg[13]      | FLOP_LATCH.flop.FDRE |
    | grp_cpu_Pipeline_PROGRAM_LOOP_fu_58/opcode_reg_1218_reg[6] | FLOP_LATCH.flop.FDRE |
    | grp_cpu_Pipeline_PROGRAM_LOOP_fu_58/pc_fu_144[31]_i_14     | LUT.others.LUT6      |
    | grp_cpu_Pipeline_PROGRAM_LOOP_fu_58/op2_1_reg_1386[3]_i_4  | LUT.others.LUT5      |
    | grp_cpu_Pipeline_PROGRAM_LOOP_fu_58/op2_1_reg_1386[1]_i_2  | LUT.others.LUT5      |
    | reg_file_U/mem_address0[1]_INST_0_i_4                      | LUT.others.LUT2      |
    | reg_file_U/mem_address0[1]_INST_0_i_1                      | CARRY.others.CARRY4  |
    | reg_file_U/mem_address0[5]_INST_0_i_1                      | CARRY.others.CARRY4  |
    | reg_file_U/mem_address0[9]_INST_0_i_1                      | CARRY.others.CARRY4  |
    | reg_file_U/mem_address0[13]_INST_0_i_1                     | CARRY.others.CARRY4  |
    | reg_file_U/mem_address0[15]_INST_0_i_1                     | CARRY.others.CARRY4  |
    | reg_file_U/mem_we0_INST_0_i_10                             | CARRY.others.CARRY4  |
    | reg_file_U/mem_we0_INST_0_i_9                              | CARRY.others.CARRY4  |
    | reg_file_U/mem_we0_INST_0_i_8                              | CARRY.others.CARRY4  |
    | reg_file_U/mem_we0_INST_0_i_3                              | LUT.others.LUT4      |
    | reg_file_U/mem_we0_INST_0_i_1                              | LUT.others.LUT5      |
    | grp_cpu_Pipeline_PROGRAM_LOOP_fu_58/pc_fu_144[31]_i_2      | LUT.others.LUT6      |
    | grp_cpu_Pipeline_PROGRAM_LOOP_fu_58/pc_fu_144_reg[14]      | FLOP_LATCH.flop.FDRE |
    +------------------------------------------------------------+----------------------+


================================================================
== RTL Synthesis Vivado Reports
================================================================
+--------------------------+------------------------------------------------------------+
| Report Type              | Report Location                                            |
+--------------------------+------------------------------------------------------------+
| design_analysis          | impl/verilog/report/cpu_design_analysis_synth.rpt          |
| failfast                 | impl/verilog/report/cpu_failfast_synth.rpt                 |
| power                    | impl/verilog/report/cpu_power_synth.rpt                    |
| timing                   | impl/verilog/report/cpu_timing_synth.rpt                   |
| timing_paths             | impl/verilog/report/cpu_timing_paths_synth.rpt             |
| utilization              | impl/verilog/report/cpu_utilization_synth.rpt              |
| utilization_hierarchical | impl/verilog/report/cpu_utilization_hierarchical_synth.rpt |
+--------------------------+------------------------------------------------------------+


