================================================================
== Vivado Place & Route Results
================================================================
+ General Information:
    * Date:            Sat Mar 14 15:42:53 EDT 2026
    * Version:         2025.1 (Build 6135595 on May 21 2025)
    * Project:         Prometheus_SoC
    * Solution:        hls (Vivado IP Flow Target)
    * Product family:  zynq
    * Target device:   xc7z020-clg400-1


================================================================
== Run Constraints & Options
================================================================
+ Design Constraints & Options:
    * Place & Route target clock:  11.8 ns
    * C-Synthesis target clock:    11.8 ns
    * C-Synthesis uncertainty:     27%

+ RTL Synthesis Options:
    * config_export -vivado_synth_strategy:     default
    * config_export -vivado_synth_design_args:  -directive sdx_optimization_effort_high

+ Place & Route Options:
    * config_export -vivado_impl_strategy:  default
    * config_export -vivado_phys_opt:       auto

+ Reporting Options:
    * config_export -vivado_report_level:      2
    * config_export -vivado_max_timing_paths:  10


================================================================
== Place & Route Resource Summary
================================================================
LUT:              26090
FF:               52339
DSP:              32
BRAM:             9
URAM:             0
SRL:              6


================================================================
== Place & Route Timing Summary
================================================================
* Timing was met
+----------------+-------------+
| Timing         | Period (ns) |
+----------------+-------------+
| Target         | 11.800      |
| Post-Synthesis | 9.037       |
| Post-Route     | 11.514      |
+----------------+-------------+


================================================================
== Place & Route Resources
================================================================
+------------------------------------------------------------------+-------+-------+-----+------+------+-----+--------+------+---------+----------+--------+
| Name                                                             | LUT   | FF    | DSP | BRAM | URAM | SRL | Pragma | Impl | Latency | Variable | Source |
+------------------------------------------------------------------+-------+-------+-----+------+------+-----+--------+------+---------+----------+--------+
| inst                                                             | 26090 | 52339 | 32  | 9    |      |     |        |      |         |          |        |
|   grp_prometheus_soc_Pipeline_PROGRAM_LOOP_fu_62                 | 26069 | 52324 | 32  | 8    |      |     |        |      |         |          |        |
|     (grp_prometheus_soc_Pipeline_PROGRAM_LOOP_fu_62)             | 1721  | 17417 | 6   |      |      |     |        |      |         |          |        |
|     RECIP_B_Q30_U                                                | 51    | 30    |     |      |      |     |        |      |         |          |        |
|     RECIP_M_Q30_U                                                |       |       |     |      |      |     |        |      |         |          |        |
|     grp_generate_exp_buffer_fu_3181                              | 12738 | 17762 | 4   | 4    |      |     |        |      |         |          |        |
|           mul_12ns_18s_30_1_1_U531                               | 204   |       | 1   |      |      |     |        |      |         |          |        |
|           mul_12ns_18s_30_1_1_U533                               | 202   |       | 1   |      |      |     |        |      |         |          |        |
|           mul_12ns_18s_30_1_1_U535                               | 202   |       | 1   |      |      |     |        |      |         |          |        |
|           mul_12ns_18s_30_1_1_U537                               | 202   |       | 1   |      |      |     |        |      |         |          |        |
|       exp_stream_U                                               | 8410  | 21    |     | 4    |      |     |        |      |         |          |        |
|       start_for_cache_exp_stream_U0_U                            |       |       |     |      |      |     |        |      |         |          |        |
|     grp_load_logits_and_find_max_fu_2917                         | 8208  | 8494  |     |      |      |     |        |      |         |          |        |
|       (grp_load_logits_and_find_max_fu_2917)                     | 4     | 8203  |     |      |      |     |        |      |         |          |        |
|       grp_load_logits_and_find_max_Pipeline_load_loop_fu_568     | 8204  | 291   |     |      |      |     |        |      |         |          |        |
|         (grp_load_logits_and_find_max_Pipeline_load_loop_fu_568) | 8143  | 289   |     |      |      |     |        |      |         |          |        |
|         flow_control_loop_pipe_sequential_init_U                 | 61    | 2     |     |      |      |     |        |      |         |          |        |
|     grp_normalize_and_store_fu_3700                              | 2834  | 8608  | 16  | 4    |      |     |        |      |         |          |        |
|       emit_prob_stream_U0                                        | 2493  | 8303  | 16  |      |      |     |        |      |         |          |        |
|         (emit_prob_stream_U0)                                    | 4     | 8211  |     |      |      |     |        |      |         |          |        |
|         grp_emit_prob_stream_Pipeline_prob_emit_loop_fu_2106     | 2489  | 92    | 16  |      |      |     |        |      |         |          |        |
|           (grp_emit_prob_stream_Pipeline_prob_emit_loop_fu_2106) | 17    | 90    | 8   |      |      |     |        |      |         |          |        |
|           flow_control_loop_pipe_sequential_init_U               | 2235  | 2     |     |      |      |     |        |      |         |          |        |
|           mul_32ns_31ns_62_1_1_U2101                             | 59    |       | 2   |      |      |     |        |      |         |          |        |
|           mul_32ns_31ns_62_1_1_U2102                             | 59    |       | 2   |      |      |     |        |      |         |          |        |
|           mul_32ns_31ns_62_1_1_U2103                             | 59    |       | 2   |      |      |     |        |      |         |          |        |
|           mul_32ns_31ns_62_1_1_U2104                             | 60    |       | 2   |      |      |     |        |      |         |          |        |
|       prob_stream_U                                              |       |       |     |      |      |     |        |      |         |          |        |
|       write_prob_stream_U0                                       | 292   | 281   |     |      |      |     |        |      |         |          |        |
|         (write_prob_stream_U0)                                   | 241   | 251   |     |      |      |     |        |      |         |          |        |
|     mul_31s_16ns_47_1_1_U2898                                    | 268   |       | 2   |      |      |     |        |      |         |          |        |
|     mul_32ns_32ns_64_1_1_U2899                                   |       |       |     |      |      |     |        |      |         |          |        |
|     mul_32ns_32s_64_1_1_U2900                                    | 124   |       |     |      |      |     |        |      |         |          |        |
|     mul_32s_32s_64_1_1_U2901                                     | 79    |       | 2   |      |      |     |        |      |         |          |        |
|   grp_prometheus_soc_Pipeline_VITIS_LOOP_48_1_fu_56              |       |       |     |      |      |     |        |      |         |          |        |
|     flow_control_loop_pipe_sequential_init_U                     |       |       |     |      |      |     |        |      |         |          |        |
|   reg_file_U                                                     |       |       |     |      |      |     |        |      |         |          |        |
+------------------------------------------------------------------+-------+-------+-----+------+------+-----+--------+------+---------+----------+--------+


================================================================
== Place & Route Fail Fast
================================================================
+-----------------------------------------------------------+-----------+--------+--------+
| Criteria                                                  | Guideline | Actual | Status |
+-----------------------------------------------------------+-----------+--------+--------+
| LUT                                                       | 70%       | 49.04% | OK     |
| FD                                                        | 50%       | 49.19% | OK     |
| LUTRAM+SRL                                                | 25%       | 0.03%  | OK     |
| MUXF7                                                     | 15%       | 7.71%  | OK     |
| DSP                                                       | 80%       | 14.55% | OK     |
| RAMB/FIFO                                                 | 80%       | 3.21%  | OK     |
| DSP+RAMB+URAM (Avg)                                       | 70%       | 8.88%  | OK     |
| BUFGCE* + BUFGCTRL                                        | 24        | 0      | OK     |
| DONT_TOUCH (cells/nets)                                   | 0         | 0      | OK     |
| MARK_DEBUG (nets)                                         | 0         | 0      | OK     |
| Control Sets                                              | 998       | 1101   | REVIEW |
| Average Fanout for modules > 100k cells                   | 4         | 2.92   | OK     |
| Max Average Fanout for modules > 100k cells               | 4         | 0      | OK     |
| Non-FD high fanout nets > 10k loads                       | 0         | 0      | OK     |
+-----------------------------------------------------------+-----------+--------+--------+
| TIMING-6 (No common primary clock between related clocks) | 0         | 0      | OK     |
| TIMING-7 (No common node between related clocks)          | 0         | 0      | OK     |
| TIMING-8 (No common period between related clocks)        | 0         | 0      | OK     |
| TIMING-14 (LUT on the clock tree)                         | 0         | 0      | OK     |
| TIMING-35 (No common node in paths with the same clock)   | 0         | 0      | OK     |
+-----------------------------------------------------------+-----------+--------+--------+
| Number of paths above max LUT budgeting (0.575ns)         | 0         | 0      | OK     |
| Number of paths above max Net budgeting (0.403ns)         | 0         | 0      | OK     |
+-----------------------------------------------------------+-----------+--------+--------+


================================================================
== Place & Route Timing Paths
================================================================
* Timing was met
+-------+-------+------------------------------------------------------------------------------------------------------------------------------------------------------+-------------------------------------------------------------------------------------------------------------------------------+--------------+------------+----------------+----------------+--------------+
| Path  | SLACK | STARTPOINT PIN                                                                                                                                       | ENDPOINT PIN                                                                                                                  | LOGIC LEVELS | MAX FANOUT | DATAPATH DELAY | DATAPATH LOGIC | DATAPATH NET |
|       |       |                                                                                                                                                      |                                                                                                                               |              |            |                |          DELAY |        DELAY |
+-------+-------+------------------------------------------------------------------------------------------------------------------------------------------------------+-------------------------------------------------------------------------------------------------------------------------------+--------------+------------+----------------+----------------+--------------+
| Path1 | 0.286 | grp_prometheus_soc_Pipeline_PROGRAM_LOOP_fu_62/grp_generate_exp_buffer_fu_3181/exp_stream_U/U_prometheus_soc_fifo_w132_d16_A_ram/mem_reg_0/CLKARDCLK | grp_prometheus_soc_Pipeline_PROGRAM_LOOP_fu_62/exp_buf_fu_1362_reg[1]/D                                                       |            1 |        130 |         11.459 |          2.578 |        8.881 |
| Path2 | 0.298 | grp_prometheus_soc_Pipeline_PROGRAM_LOOP_fu_62/grp_generate_exp_buffer_fu_3181/exp_stream_U/U_prometheus_soc_fifo_w132_d16_A_ram/mem_reg_0/CLKARDCLK | grp_prometheus_soc_Pipeline_PROGRAM_LOOP_fu_62/grp_generate_exp_buffer_fu_3181/cache_exp_stream_U0/exp_buf_1_46_reg_reg[22]/D |            0 |        129 |         11.402 |          2.454 |        8.948 |
| Path3 | 0.312 | grp_prometheus_soc_Pipeline_PROGRAM_LOOP_fu_62/grp_generate_exp_buffer_fu_3181/exp_stream_U/U_prometheus_soc_fifo_w132_d16_A_ram/mem_reg_0/CLKARDCLK | grp_prometheus_soc_Pipeline_PROGRAM_LOOP_fu_62/grp_generate_exp_buffer_fu_3181/cache_exp_stream_U0/exp_buf_1_41_reg_reg[22]/D |            0 |        129 |         11.388 |          2.454 |        8.934 |
| Path4 | 0.317 | grp_prometheus_soc_Pipeline_PROGRAM_LOOP_fu_62/grp_generate_exp_buffer_fu_3181/exp_stream_U/U_prometheus_soc_fifo_w132_d16_A_ram/mem_reg_0/CLKARDCLK | grp_prometheus_soc_Pipeline_PROGRAM_LOOP_fu_62/grp_generate_exp_buffer_fu_3181/cache_exp_stream_U0/exp_buf_1_36_reg_reg[22]/D |            0 |        129 |         11.371 |          2.454 |        8.917 |
| Path5 | 0.324 | grp_prometheus_soc_Pipeline_PROGRAM_LOOP_fu_62/grp_generate_exp_buffer_fu_3181/exp_stream_U/U_prometheus_soc_fifo_w132_d16_A_ram/mem_reg_1/CLKARDCLK | grp_prometheus_soc_Pipeline_PROGRAM_LOOP_fu_62/exp_buf_234_fu_426_reg[7]/D                                                    |            1 |       2208 |         11.423 |          2.578 |        8.845 |
+-------+-------+------------------------------------------------------------------------------------------------------------------------------------------------------+-------------------------------------------------------------------------------------------------------------------------------+--------------+------------+----------------+----------------+--------------+

    +-------------------------------------------------------------------------------------------------------------------------------------------------------------------------------+----------------------+
    | Path1 Cells                                                                                                                                                                   | Primitive Type       |
    +-------------------------------------------------------------------------------------------------------------------------------------------------------------------------------+----------------------+
    | grp_prometheus_soc_Pipeline_PROGRAM_LOOP_fu_62/grp_generate_exp_buffer_fu_3181/exp_stream_U/U_prometheus_soc_fifo_w132_d16_A_ram/mem_reg_0                                    | BMEM.bram.RAMB36E1   |
    | grp_prometheus_soc_Pipeline_PROGRAM_LOOP_fu_62/grp_generate_exp_buffer_fu_3181/cache_exp_stream_U0/grp_cache_exp_stream_Pipeline_cache_exp_loop_fu_575/exp_buf_fu_1362[1]_i_1 | LUT.others.LUT6      |
    | grp_prometheus_soc_Pipeline_PROGRAM_LOOP_fu_62/exp_buf_fu_1362_reg[1]                                                                                                         | FLOP_LATCH.flop.FDRE |
    | grp_prometheus_soc_Pipeline_PROGRAM_LOOP_fu_62/grp_generate_exp_buffer_fu_3181/exp_stream_U/U_prometheus_soc_fifo_w132_d16_A_ram/mem_reg_0                                    | BMEM.bram.RAMB36E1   |
    | grp_prometheus_soc_Pipeline_PROGRAM_LOOP_fu_62/grp_generate_exp_buffer_fu_3181/cache_exp_stream_U0/exp_buf_1_46_reg_reg[22]                                                   | FLOP_LATCH.flop.FDRE |
    | grp_prometheus_soc_Pipeline_PROGRAM_LOOP_fu_62/grp_generate_exp_buffer_fu_3181/exp_stream_U/U_prometheus_soc_fifo_w132_d16_A_ram/mem_reg_0                                    | BMEM.bram.RAMB36E1   |
    | grp_prometheus_soc_Pipeline_PROGRAM_LOOP_fu_62/grp_generate_exp_buffer_fu_3181/cache_exp_stream_U0/exp_buf_1_41_reg_reg[22]                                                   | FLOP_LATCH.flop.FDRE |
    | grp_prometheus_soc_Pipeline_PROGRAM_LOOP_fu_62/grp_generate_exp_buffer_fu_3181/exp_stream_U/U_prometheus_soc_fifo_w132_d16_A_ram/mem_reg_0                                    | BMEM.bram.RAMB36E1   |
    | grp_prometheus_soc_Pipeline_PROGRAM_LOOP_fu_62/grp_generate_exp_buffer_fu_3181/cache_exp_stream_U0/exp_buf_1_36_reg_reg[22]                                                   | FLOP_LATCH.flop.FDRE |
    | grp_prometheus_soc_Pipeline_PROGRAM_LOOP_fu_62/grp_generate_exp_buffer_fu_3181/exp_stream_U/U_prometheus_soc_fifo_w132_d16_A_ram/mem_reg_1                                    | BMEM.bram.RAMB36E1   |
    | grp_prometheus_soc_Pipeline_PROGRAM_LOOP_fu_62/grp_generate_exp_buffer_fu_3181/exp_stream_U/U_prometheus_soc_fifo_w132_d16_A_ram/exp_buf_234_fu_426[7]_i_1                    | LUT.others.LUT6      |
    | grp_prometheus_soc_Pipeline_PROGRAM_LOOP_fu_62/exp_buf_234_fu_426_reg[7]                                                                                                      | FLOP_LATCH.flop.FDRE |
    +-------------------------------------------------------------------------------------------------------------------------------------------------------------------------------+----------------------+

    +-------------------------------------------------------------------------------------------------------------------------------------------------------------------------------+----------------------+
    | Path2 Cells                                                                                                                                                                   | Primitive Type       |
    +-------------------------------------------------------------------------------------------------------------------------------------------------------------------------------+----------------------+
    | grp_prometheus_soc_Pipeline_PROGRAM_LOOP_fu_62/grp_generate_exp_buffer_fu_3181/exp_stream_U/U_prometheus_soc_fifo_w132_d16_A_ram/mem_reg_0                                    | BMEM.bram.RAMB36E1   |
    | grp_prometheus_soc_Pipeline_PROGRAM_LOOP_fu_62/grp_generate_exp_buffer_fu_3181/cache_exp_stream_U0/grp_cache_exp_stream_Pipeline_cache_exp_loop_fu_575/exp_buf_fu_1362[1]_i_1 | LUT.others.LUT6      |
    | grp_prometheus_soc_Pipeline_PROGRAM_LOOP_fu_62/exp_buf_fu_1362_reg[1]                                                                                                         | FLOP_LATCH.flop.FDRE |
    | grp_prometheus_soc_Pipeline_PROGRAM_LOOP_fu_62/grp_generate_exp_buffer_fu_3181/exp_stream_U/U_prometheus_soc_fifo_w132_d16_A_ram/mem_reg_0                                    | BMEM.bram.RAMB36E1   |
    | grp_prometheus_soc_Pipeline_PROGRAM_LOOP_fu_62/grp_generate_exp_buffer_fu_3181/cache_exp_stream_U0/exp_buf_1_46_reg_reg[22]                                                   | FLOP_LATCH.flop.FDRE |
    | grp_prometheus_soc_Pipeline_PROGRAM_LOOP_fu_62/grp_generate_exp_buffer_fu_3181/exp_stream_U/U_prometheus_soc_fifo_w132_d16_A_ram/mem_reg_0                                    | BMEM.bram.RAMB36E1   |
    | grp_prometheus_soc_Pipeline_PROGRAM_LOOP_fu_62/grp_generate_exp_buffer_fu_3181/cache_exp_stream_U0/exp_buf_1_41_reg_reg[22]                                                   | FLOP_LATCH.flop.FDRE |
    | grp_prometheus_soc_Pipeline_PROGRAM_LOOP_fu_62/grp_generate_exp_buffer_fu_3181/exp_stream_U/U_prometheus_soc_fifo_w132_d16_A_ram/mem_reg_0                                    | BMEM.bram.RAMB36E1   |
    | grp_prometheus_soc_Pipeline_PROGRAM_LOOP_fu_62/grp_generate_exp_buffer_fu_3181/cache_exp_stream_U0/exp_buf_1_36_reg_reg[22]                                                   | FLOP_LATCH.flop.FDRE |
    | grp_prometheus_soc_Pipeline_PROGRAM_LOOP_fu_62/grp_generate_exp_buffer_fu_3181/exp_stream_U/U_prometheus_soc_fifo_w132_d16_A_ram/mem_reg_1                                    | BMEM.bram.RAMB36E1   |
    | grp_prometheus_soc_Pipeline_PROGRAM_LOOP_fu_62/grp_generate_exp_buffer_fu_3181/exp_stream_U/U_prometheus_soc_fifo_w132_d16_A_ram/exp_buf_234_fu_426[7]_i_1                    | LUT.others.LUT6      |
    | grp_prometheus_soc_Pipeline_PROGRAM_LOOP_fu_62/exp_buf_234_fu_426_reg[7]                                                                                                      | FLOP_LATCH.flop.FDRE |
    +-------------------------------------------------------------------------------------------------------------------------------------------------------------------------------+----------------------+

    +-------------------------------------------------------------------------------------------------------------------------------------------------------------------------------+----------------------+
    | Path3 Cells                                                                                                                                                                   | Primitive Type       |
    +-------------------------------------------------------------------------------------------------------------------------------------------------------------------------------+----------------------+
    | grp_prometheus_soc_Pipeline_PROGRAM_LOOP_fu_62/grp_generate_exp_buffer_fu_3181/exp_stream_U/U_prometheus_soc_fifo_w132_d16_A_ram/mem_reg_0                                    | BMEM.bram.RAMB36E1   |
    | grp_prometheus_soc_Pipeline_PROGRAM_LOOP_fu_62/grp_generate_exp_buffer_fu_3181/cache_exp_stream_U0/grp_cache_exp_stream_Pipeline_cache_exp_loop_fu_575/exp_buf_fu_1362[1]_i_1 | LUT.others.LUT6      |
    | grp_prometheus_soc_Pipeline_PROGRAM_LOOP_fu_62/exp_buf_fu_1362_reg[1]                                                                                                         | FLOP_LATCH.flop.FDRE |
    | grp_prometheus_soc_Pipeline_PROGRAM_LOOP_fu_62/grp_generate_exp_buffer_fu_3181/exp_stream_U/U_prometheus_soc_fifo_w132_d16_A_ram/mem_reg_0                                    | BMEM.bram.RAMB36E1   |
    | grp_prometheus_soc_Pipeline_PROGRAM_LOOP_fu_62/grp_generate_exp_buffer_fu_3181/cache_exp_stream_U0/exp_buf_1_46_reg_reg[22]                                                   | FLOP_LATCH.flop.FDRE |
    | grp_prometheus_soc_Pipeline_PROGRAM_LOOP_fu_62/grp_generate_exp_buffer_fu_3181/exp_stream_U/U_prometheus_soc_fifo_w132_d16_A_ram/mem_reg_0                                    | BMEM.bram.RAMB36E1   |
    | grp_prometheus_soc_Pipeline_PROGRAM_LOOP_fu_62/grp_generate_exp_buffer_fu_3181/cache_exp_stream_U0/exp_buf_1_41_reg_reg[22]                                                   | FLOP_LATCH.flop.FDRE |
    | grp_prometheus_soc_Pipeline_PROGRAM_LOOP_fu_62/grp_generate_exp_buffer_fu_3181/exp_stream_U/U_prometheus_soc_fifo_w132_d16_A_ram/mem_reg_0                                    | BMEM.bram.RAMB36E1   |
    | grp_prometheus_soc_Pipeline_PROGRAM_LOOP_fu_62/grp_generate_exp_buffer_fu_3181/cache_exp_stream_U0/exp_buf_1_36_reg_reg[22]                                                   | FLOP_LATCH.flop.FDRE |
    | grp_prometheus_soc_Pipeline_PROGRAM_LOOP_fu_62/grp_generate_exp_buffer_fu_3181/exp_stream_U/U_prometheus_soc_fifo_w132_d16_A_ram/mem_reg_1                                    | BMEM.bram.RAMB36E1   |
    | grp_prometheus_soc_Pipeline_PROGRAM_LOOP_fu_62/grp_generate_exp_buffer_fu_3181/exp_stream_U/U_prometheus_soc_fifo_w132_d16_A_ram/exp_buf_234_fu_426[7]_i_1                    | LUT.others.LUT6      |
    | grp_prometheus_soc_Pipeline_PROGRAM_LOOP_fu_62/exp_buf_234_fu_426_reg[7]                                                                                                      | FLOP_LATCH.flop.FDRE |
    +-------------------------------------------------------------------------------------------------------------------------------------------------------------------------------+----------------------+

    +-------------------------------------------------------------------------------------------------------------------------------------------------------------------------------+----------------------+
    | Path4 Cells                                                                                                                                                                   | Primitive Type       |
    +-------------------------------------------------------------------------------------------------------------------------------------------------------------------------------+----------------------+
    | grp_prometheus_soc_Pipeline_PROGRAM_LOOP_fu_62/grp_generate_exp_buffer_fu_3181/exp_stream_U/U_prometheus_soc_fifo_w132_d16_A_ram/mem_reg_0                                    | BMEM.bram.RAMB36E1   |
    | grp_prometheus_soc_Pipeline_PROGRAM_LOOP_fu_62/grp_generate_exp_buffer_fu_3181/cache_exp_stream_U0/grp_cache_exp_stream_Pipeline_cache_exp_loop_fu_575/exp_buf_fu_1362[1]_i_1 | LUT.others.LUT6      |
    | grp_prometheus_soc_Pipeline_PROGRAM_LOOP_fu_62/exp_buf_fu_1362_reg[1]                                                                                                         | FLOP_LATCH.flop.FDRE |
    | grp_prometheus_soc_Pipeline_PROGRAM_LOOP_fu_62/grp_generate_exp_buffer_fu_3181/exp_stream_U/U_prometheus_soc_fifo_w132_d16_A_ram/mem_reg_0                                    | BMEM.bram.RAMB36E1   |
    | grp_prometheus_soc_Pipeline_PROGRAM_LOOP_fu_62/grp_generate_exp_buffer_fu_3181/cache_exp_stream_U0/exp_buf_1_46_reg_reg[22]                                                   | FLOP_LATCH.flop.FDRE |
    | grp_prometheus_soc_Pipeline_PROGRAM_LOOP_fu_62/grp_generate_exp_buffer_fu_3181/exp_stream_U/U_prometheus_soc_fifo_w132_d16_A_ram/mem_reg_0                                    | BMEM.bram.RAMB36E1   |
    | grp_prometheus_soc_Pipeline_PROGRAM_LOOP_fu_62/grp_generate_exp_buffer_fu_3181/cache_exp_stream_U0/exp_buf_1_41_reg_reg[22]                                                   | FLOP_LATCH.flop.FDRE |
    | grp_prometheus_soc_Pipeline_PROGRAM_LOOP_fu_62/grp_generate_exp_buffer_fu_3181/exp_stream_U/U_prometheus_soc_fifo_w132_d16_A_ram/mem_reg_0                                    | BMEM.bram.RAMB36E1   |
    | grp_prometheus_soc_Pipeline_PROGRAM_LOOP_fu_62/grp_generate_exp_buffer_fu_3181/cache_exp_stream_U0/exp_buf_1_36_reg_reg[22]                                                   | FLOP_LATCH.flop.FDRE |
    | grp_prometheus_soc_Pipeline_PROGRAM_LOOP_fu_62/grp_generate_exp_buffer_fu_3181/exp_stream_U/U_prometheus_soc_fifo_w132_d16_A_ram/mem_reg_1                                    | BMEM.bram.RAMB36E1   |
    | grp_prometheus_soc_Pipeline_PROGRAM_LOOP_fu_62/grp_generate_exp_buffer_fu_3181/exp_stream_U/U_prometheus_soc_fifo_w132_d16_A_ram/exp_buf_234_fu_426[7]_i_1                    | LUT.others.LUT6      |
    | grp_prometheus_soc_Pipeline_PROGRAM_LOOP_fu_62/exp_buf_234_fu_426_reg[7]                                                                                                      | FLOP_LATCH.flop.FDRE |
    +-------------------------------------------------------------------------------------------------------------------------------------------------------------------------------+----------------------+

    +-------------------------------------------------------------------------------------------------------------------------------------------------------------------------------+----------------------+
    | Path5 Cells                                                                                                                                                                   | Primitive Type       |
    +-------------------------------------------------------------------------------------------------------------------------------------------------------------------------------+----------------------+
    | grp_prometheus_soc_Pipeline_PROGRAM_LOOP_fu_62/grp_generate_exp_buffer_fu_3181/exp_stream_U/U_prometheus_soc_fifo_w132_d16_A_ram/mem_reg_0                                    | BMEM.bram.RAMB36E1   |
    | grp_prometheus_soc_Pipeline_PROGRAM_LOOP_fu_62/grp_generate_exp_buffer_fu_3181/cache_exp_stream_U0/grp_cache_exp_stream_Pipeline_cache_exp_loop_fu_575/exp_buf_fu_1362[1]_i_1 | LUT.others.LUT6      |
    | grp_prometheus_soc_Pipeline_PROGRAM_LOOP_fu_62/exp_buf_fu_1362_reg[1]                                                                                                         | FLOP_LATCH.flop.FDRE |
    | grp_prometheus_soc_Pipeline_PROGRAM_LOOP_fu_62/grp_generate_exp_buffer_fu_3181/exp_stream_U/U_prometheus_soc_fifo_w132_d16_A_ram/mem_reg_0                                    | BMEM.bram.RAMB36E1   |
    | grp_prometheus_soc_Pipeline_PROGRAM_LOOP_fu_62/grp_generate_exp_buffer_fu_3181/cache_exp_stream_U0/exp_buf_1_46_reg_reg[22]                                                   | FLOP_LATCH.flop.FDRE |
    | grp_prometheus_soc_Pipeline_PROGRAM_LOOP_fu_62/grp_generate_exp_buffer_fu_3181/exp_stream_U/U_prometheus_soc_fifo_w132_d16_A_ram/mem_reg_0                                    | BMEM.bram.RAMB36E1   |
    | grp_prometheus_soc_Pipeline_PROGRAM_LOOP_fu_62/grp_generate_exp_buffer_fu_3181/cache_exp_stream_U0/exp_buf_1_41_reg_reg[22]                                                   | FLOP_LATCH.flop.FDRE |
    | grp_prometheus_soc_Pipeline_PROGRAM_LOOP_fu_62/grp_generate_exp_buffer_fu_3181/exp_stream_U/U_prometheus_soc_fifo_w132_d16_A_ram/mem_reg_0                                    | BMEM.bram.RAMB36E1   |
    | grp_prometheus_soc_Pipeline_PROGRAM_LOOP_fu_62/grp_generate_exp_buffer_fu_3181/cache_exp_stream_U0/exp_buf_1_36_reg_reg[22]                                                   | FLOP_LATCH.flop.FDRE |
    | grp_prometheus_soc_Pipeline_PROGRAM_LOOP_fu_62/grp_generate_exp_buffer_fu_3181/exp_stream_U/U_prometheus_soc_fifo_w132_d16_A_ram/mem_reg_1                                    | BMEM.bram.RAMB36E1   |
    | grp_prometheus_soc_Pipeline_PROGRAM_LOOP_fu_62/grp_generate_exp_buffer_fu_3181/exp_stream_U/U_prometheus_soc_fifo_w132_d16_A_ram/exp_buf_234_fu_426[7]_i_1                    | LUT.others.LUT6      |
    | grp_prometheus_soc_Pipeline_PROGRAM_LOOP_fu_62/exp_buf_234_fu_426_reg[7]                                                                                                      | FLOP_LATCH.flop.FDRE |
    +-------------------------------------------------------------------------------------------------------------------------------------------------------------------------------+----------------------+


================================================================
== Place & Route Vivado Reports
================================================================
+--------------------------+------------------------------------------------------------------------+
| Report Type              | Report Location                                                        |
+--------------------------+------------------------------------------------------------------------+
| design_analysis          | impl/verilog/report/prometheus_soc_design_analysis_routed.rpt          |
| failfast                 | impl/verilog/report/prometheus_soc_failfast_routed.rpt                 |
| power                    | impl/verilog/report/prometheus_soc_power_routed.rpt                    |
| status                   | impl/verilog/report/prometheus_soc_status_routed.rpt                   |
| timing                   | impl/verilog/report/prometheus_soc_timing_routed.rpt                   |
| timing_paths             | impl/verilog/report/prometheus_soc_timing_paths_routed.rpt             |
| utilization              | impl/verilog/report/prometheus_soc_utilization_routed.rpt              |
| utilization_hierarchical | impl/verilog/report/prometheus_soc_utilization_hierarchical_routed.rpt |
+--------------------------+------------------------------------------------------------------------+


