Copyright 1986-2022 Xilinx, Inc. All Rights Reserved. Copyright 2022-2025 Advanced Micro Devices, Inc. All Rights Reserved.
---------------------------------------------------------------------------------------------------------------------------------------------
| Tool Version : Vivado v.2025.1 (lin64) Build 6140274 Wed May 21 22:58:25 MDT 2025
| Date         : Wed Feb 25 17:34:12 2026
| Host         : gondor running 64-bit Ubuntu 24.04.3 LTS
| Command      : report_timing -max_paths 10 -file ./report/cpu_timing_paths_routed.rpt
| Design       : bd_0_wrapper
| Device       : 7z020-clg400
| Speed File   : -1  PRODUCTION 1.12 2019-11-22
| Design State : Routed
---------------------------------------------------------------------------------------------------------------------------------------------

Timing Report

Slack (VIOLATED) :        -0.866ns  (required time - arrival time)
  Source:                 bd_0_i/hls_inst/inst/grp_cpu_Pipeline_PROGRAM_LOOP_fu_187/reg_file_46_reg_633_reg[14]/C
                            (rising edge-triggered cell FDRE clocked by ap_clk  {rise@0.000ns fall@5.000ns period=10.000ns})
  Destination:            bd_0_i/hls_inst/inst/grp_cpu_Pipeline_PROGRAM_LOOP_fu_187/mul_32ns_32s_64_2_1_U33/buff0_reg__0/C[36]
                            (rising edge-triggered cell DSP48E1 clocked by ap_clk  {rise@0.000ns fall@5.000ns period=10.000ns})
  Path Group:             ap_clk
  Path Type:              Setup (Max at Slow Process Corner)
  Requirement:            10.000ns  (ap_clk rise@10.000ns - ap_clk rise@0.000ns)
  Data Path Delay:        9.081ns  (logic 4.994ns (54.996%)  route 4.087ns (45.004%))
  Logic Levels:           4  (DSP48E1=1 LUT6=2 MUXF7=1)
  Clock Path Skew:        -0.049ns (DCD - SCD + CPR)
    Destination Clock Delay (DCD):    0.924ns = ( 10.924 - 10.000 ) 
    Source Clock Delay      (SCD):    0.973ns
    Clock Pessimism Removal (CPR):    0.000ns
  Clock Uncertainty:      0.035ns  ((TSJ^2 + TIJ^2)^1/2 + DJ) / 2 + PE
    Total System Jitter     (TSJ):    0.071ns
    Total Input Jitter      (TIJ):    0.000ns
    Discrete Jitter          (DJ):    0.000ns
    Phase Error              (PE):    0.000ns

    Location             Delay type                Incr(ns)  Path(ns)    Netlist Resource(s)
  -------------------------------------------------------------------    -------------------
                         (clock ap_clk rise edge)     0.000     0.000 r  
                                                      0.000     0.000 r  ap_clk (IN)
                         net (fo=1514, unset)         0.973     0.973    bd_0_i/hls_inst/inst/grp_cpu_Pipeline_PROGRAM_LOOP_fu_187/ap_clk
    SLICE_X32Y34         FDRE                                         r  bd_0_i/hls_inst/inst/grp_cpu_Pipeline_PROGRAM_LOOP_fu_187/reg_file_46_reg_633_reg[14]/C
  -------------------------------------------------------------------    -------------------
    SLICE_X32Y34         FDRE (Prop_fdre_C_Q)         0.518     1.491 r  bd_0_i/hls_inst/inst/grp_cpu_Pipeline_PROGRAM_LOOP_fu_187/reg_file_46_reg_633_reg[14]/Q
                         net (fo=2, routed)           1.199     2.690    bd_0_i/hls_inst/inst/grp_cpu_Pipeline_PROGRAM_LOOP_fu_187/mul_32ns_32ns_64_2_1_U32/reg_file_46_reg_633__0[14]
    SLICE_X31Y35         LUT6 (Prop_lut6_I3_O)        0.124     2.814 r  bd_0_i/hls_inst/inst/grp_cpu_Pipeline_PROGRAM_LOOP_fu_187/mul_32ns_32ns_64_2_1_U32/mem_d0[14]_INST_0_i_7/O
                         net (fo=1, routed)           0.000     2.814    bd_0_i/hls_inst/inst/grp_cpu_Pipeline_PROGRAM_LOOP_fu_187/mul_32ns_32ns_64_2_1_U32/mem_d0[14]_INST_0_i_7_n_0
    SLICE_X31Y35         MUXF7 (Prop_muxf7_I0_O)      0.212     3.026 r  bd_0_i/hls_inst/inst/grp_cpu_Pipeline_PROGRAM_LOOP_fu_187/mul_32ns_32ns_64_2_1_U32/mem_d0[14]_INST_0_i_2/O
                         net (fo=1, routed)           1.359     4.385    bd_0_i/hls_inst/inst/grp_cpu_Pipeline_PROGRAM_LOOP_fu_187/mul_32ns_32ns_64_2_1_U32/mem_d0[14]_INST_0_i_2_n_0
    SLICE_X23Y38         LUT6 (Prop_lut6_I1_O)        0.299     4.684 r  bd_0_i/hls_inst/inst/grp_cpu_Pipeline_PROGRAM_LOOP_fu_187/mul_32ns_32ns_64_2_1_U32/mem_d0[14]_INST_0/O
                         net (fo=10, routed)          0.437     5.121    bd_0_i/hls_inst/inst/grp_cpu_Pipeline_PROGRAM_LOOP_fu_187/mul_32ns_32ns_64_2_1_U32/mem_q0[24]_0[14]
    DSP48_X1Y14          DSP48E1 (Prop_dsp48e1_A[14]_P[47])
                                                      3.841     8.962 r  bd_0_i/hls_inst/inst/grp_cpu_Pipeline_PROGRAM_LOOP_fu_187/mul_32ns_32ns_64_2_1_U32/tmp_product__0/P[47]
                         net (fo=36, routed)          1.091    10.054    bd_0_i/hls_inst/inst/grp_cpu_Pipeline_PROGRAM_LOOP_fu_187/mul_32ns_32s_64_2_1_U33/buff0_reg__0_7[30]
    DSP48_X1Y17          DSP48E1                                      r  bd_0_i/hls_inst/inst/grp_cpu_Pipeline_PROGRAM_LOOP_fu_187/mul_32ns_32s_64_2_1_U33/buff0_reg__0/C[36]
  -------------------------------------------------------------------    -------------------

                         (clock ap_clk rise edge)    10.000    10.000 r  
                                                      0.000    10.000 r  ap_clk (IN)
                         net (fo=1514, unset)         0.924    10.924    bd_0_i/hls_inst/inst/grp_cpu_Pipeline_PROGRAM_LOOP_fu_187/mul_32ns_32s_64_2_1_U33/ap_clk
    DSP48_X1Y17          DSP48E1                                      r  bd_0_i/hls_inst/inst/grp_cpu_Pipeline_PROGRAM_LOOP_fu_187/mul_32ns_32s_64_2_1_U33/buff0_reg__0/CLK
                         clock pessimism              0.000    10.924    
                         clock uncertainty           -0.035    10.889    
    DSP48_X1Y17          DSP48E1 (Setup_dsp48e1_CLK_C[36])
                                                     -1.701     9.188    bd_0_i/hls_inst/inst/grp_cpu_Pipeline_PROGRAM_LOOP_fu_187/mul_32ns_32s_64_2_1_U33/buff0_reg__0
  -------------------------------------------------------------------
                         required time                          9.188    
                         arrival time                         -10.054    
  -------------------------------------------------------------------
                         slack                                 -0.866    

Slack (VIOLATED) :        -0.866ns  (required time - arrival time)
  Source:                 bd_0_i/hls_inst/inst/grp_cpu_Pipeline_PROGRAM_LOOP_fu_187/reg_file_46_reg_633_reg[14]/C
                            (rising edge-triggered cell FDRE clocked by ap_clk  {rise@0.000ns fall@5.000ns period=10.000ns})
  Destination:            bd_0_i/hls_inst/inst/grp_cpu_Pipeline_PROGRAM_LOOP_fu_187/mul_32ns_32s_64_2_1_U33/buff0_reg__0/C[38]
                            (rising edge-triggered cell DSP48E1 clocked by ap_clk  {rise@0.000ns fall@5.000ns period=10.000ns})
  Path Group:             ap_clk
  Path Type:              Setup (Max at Slow Process Corner)
  Requirement:            10.000ns  (ap_clk rise@10.000ns - ap_clk rise@0.000ns)
  Data Path Delay:        9.081ns  (logic 4.994ns (54.996%)  route 4.087ns (45.004%))
  Logic Levels:           4  (DSP48E1=1 LUT6=2 MUXF7=1)
  Clock Path Skew:        -0.049ns (DCD - SCD + CPR)
    Destination Clock Delay (DCD):    0.924ns = ( 10.924 - 10.000 ) 
    Source Clock Delay      (SCD):    0.973ns
    Clock Pessimism Removal (CPR):    0.000ns
  Clock Uncertainty:      0.035ns  ((TSJ^2 + TIJ^2)^1/2 + DJ) / 2 + PE
    Total System Jitter     (TSJ):    0.071ns
    Total Input Jitter      (TIJ):    0.000ns
    Discrete Jitter          (DJ):    0.000ns
    Phase Error              (PE):    0.000ns

    Location             Delay type                Incr(ns)  Path(ns)    Netlist Resource(s)
  -------------------------------------------------------------------    -------------------
                         (clock ap_clk rise edge)     0.000     0.000 r  
                                                      0.000     0.000 r  ap_clk (IN)
                         net (fo=1514, unset)         0.973     0.973    bd_0_i/hls_inst/inst/grp_cpu_Pipeline_PROGRAM_LOOP_fu_187/ap_clk
    SLICE_X32Y34         FDRE                                         r  bd_0_i/hls_inst/inst/grp_cpu_Pipeline_PROGRAM_LOOP_fu_187/reg_file_46_reg_633_reg[14]/C
  -------------------------------------------------------------------    -------------------
    SLICE_X32Y34         FDRE (Prop_fdre_C_Q)         0.518     1.491 r  bd_0_i/hls_inst/inst/grp_cpu_Pipeline_PROGRAM_LOOP_fu_187/reg_file_46_reg_633_reg[14]/Q
                         net (fo=2, routed)           1.199     2.690    bd_0_i/hls_inst/inst/grp_cpu_Pipeline_PROGRAM_LOOP_fu_187/mul_32ns_32ns_64_2_1_U32/reg_file_46_reg_633__0[14]
    SLICE_X31Y35         LUT6 (Prop_lut6_I3_O)        0.124     2.814 r  bd_0_i/hls_inst/inst/grp_cpu_Pipeline_PROGRAM_LOOP_fu_187/mul_32ns_32ns_64_2_1_U32/mem_d0[14]_INST_0_i_7/O
                         net (fo=1, routed)           0.000     2.814    bd_0_i/hls_inst/inst/grp_cpu_Pipeline_PROGRAM_LOOP_fu_187/mul_32ns_32ns_64_2_1_U32/mem_d0[14]_INST_0_i_7_n_0
    SLICE_X31Y35         MUXF7 (Prop_muxf7_I0_O)      0.212     3.026 r  bd_0_i/hls_inst/inst/grp_cpu_Pipeline_PROGRAM_LOOP_fu_187/mul_32ns_32ns_64_2_1_U32/mem_d0[14]_INST_0_i_2/O
                         net (fo=1, routed)           1.359     4.385    bd_0_i/hls_inst/inst/grp_cpu_Pipeline_PROGRAM_LOOP_fu_187/mul_32ns_32ns_64_2_1_U32/mem_d0[14]_INST_0_i_2_n_0
    SLICE_X23Y38         LUT6 (Prop_lut6_I1_O)        0.299     4.684 r  bd_0_i/hls_inst/inst/grp_cpu_Pipeline_PROGRAM_LOOP_fu_187/mul_32ns_32ns_64_2_1_U32/mem_d0[14]_INST_0/O
                         net (fo=10, routed)          0.437     5.121    bd_0_i/hls_inst/inst/grp_cpu_Pipeline_PROGRAM_LOOP_fu_187/mul_32ns_32ns_64_2_1_U32/mem_q0[24]_0[14]
    DSP48_X1Y14          DSP48E1 (Prop_dsp48e1_A[14]_P[47])
                                                      3.841     8.962 r  bd_0_i/hls_inst/inst/grp_cpu_Pipeline_PROGRAM_LOOP_fu_187/mul_32ns_32ns_64_2_1_U32/tmp_product__0/P[47]
                         net (fo=36, routed)          1.091    10.054    bd_0_i/hls_inst/inst/grp_cpu_Pipeline_PROGRAM_LOOP_fu_187/mul_32ns_32s_64_2_1_U33/buff0_reg__0_7[30]
    DSP48_X1Y17          DSP48E1                                      r  bd_0_i/hls_inst/inst/grp_cpu_Pipeline_PROGRAM_LOOP_fu_187/mul_32ns_32s_64_2_1_U33/buff0_reg__0/C[38]
  -------------------------------------------------------------------    -------------------

                         (clock ap_clk rise edge)    10.000    10.000 r  
                                                      0.000    10.000 r  ap_clk (IN)
                         net (fo=1514, unset)         0.924    10.924    bd_0_i/hls_inst/inst/grp_cpu_Pipeline_PROGRAM_LOOP_fu_187/mul_32ns_32s_64_2_1_U33/ap_clk
    DSP48_X1Y17          DSP48E1                                      r  bd_0_i/hls_inst/inst/grp_cpu_Pipeline_PROGRAM_LOOP_fu_187/mul_32ns_32s_64_2_1_U33/buff0_reg__0/CLK
                         clock pessimism              0.000    10.924    
                         clock uncertainty           -0.035    10.889    
    DSP48_X1Y17          DSP48E1 (Setup_dsp48e1_CLK_C[38])
                                                     -1.701     9.188    bd_0_i/hls_inst/inst/grp_cpu_Pipeline_PROGRAM_LOOP_fu_187/mul_32ns_32s_64_2_1_U33/buff0_reg__0
  -------------------------------------------------------------------
                         required time                          9.188    
                         arrival time                         -10.054    
  -------------------------------------------------------------------
                         slack                                 -0.866    

Slack (VIOLATED) :        -0.866ns  (required time - arrival time)
  Source:                 bd_0_i/hls_inst/inst/grp_cpu_Pipeline_PROGRAM_LOOP_fu_187/reg_file_46_reg_633_reg[14]/C
                            (rising edge-triggered cell FDRE clocked by ap_clk  {rise@0.000ns fall@5.000ns period=10.000ns})
  Destination:            bd_0_i/hls_inst/inst/grp_cpu_Pipeline_PROGRAM_LOOP_fu_187/mul_32ns_32s_64_2_1_U33/buff0_reg__0/C[45]
                            (rising edge-triggered cell DSP48E1 clocked by ap_clk  {rise@0.000ns fall@5.000ns period=10.000ns})
  Path Group:             ap_clk
  Path Type:              Setup (Max at Slow Process Corner)
  Requirement:            10.000ns  (ap_clk rise@10.000ns - ap_clk rise@0.000ns)
  Data Path Delay:        9.081ns  (logic 4.994ns (54.996%)  route 4.087ns (45.004%))
  Logic Levels:           4  (DSP48E1=1 LUT6=2 MUXF7=1)
  Clock Path Skew:        -0.049ns (DCD - SCD + CPR)
    Destination Clock Delay (DCD):    0.924ns = ( 10.924 - 10.000 ) 
    Source Clock Delay      (SCD):    0.973ns
    Clock Pessimism Removal (CPR):    0.000ns
  Clock Uncertainty:      0.035ns  ((TSJ^2 + TIJ^2)^1/2 + DJ) / 2 + PE
    Total System Jitter     (TSJ):    0.071ns
    Total Input Jitter      (TIJ):    0.000ns
    Discrete Jitter          (DJ):    0.000ns
    Phase Error              (PE):    0.000ns

    Location             Delay type                Incr(ns)  Path(ns)    Netlist Resource(s)
  -------------------------------------------------------------------    -------------------
                         (clock ap_clk rise edge)     0.000     0.000 r  
                                                      0.000     0.000 r  ap_clk (IN)
                         net (fo=1514, unset)         0.973     0.973    bd_0_i/hls_inst/inst/grp_cpu_Pipeline_PROGRAM_LOOP_fu_187/ap_clk
    SLICE_X32Y34         FDRE                                         r  bd_0_i/hls_inst/inst/grp_cpu_Pipeline_PROGRAM_LOOP_fu_187/reg_file_46_reg_633_reg[14]/C
  -------------------------------------------------------------------    -------------------
    SLICE_X32Y34         FDRE (Prop_fdre_C_Q)         0.518     1.491 r  bd_0_i/hls_inst/inst/grp_cpu_Pipeline_PROGRAM_LOOP_fu_187/reg_file_46_reg_633_reg[14]/Q
                         net (fo=2, routed)           1.199     2.690    bd_0_i/hls_inst/inst/grp_cpu_Pipeline_PROGRAM_LOOP_fu_187/mul_32ns_32ns_64_2_1_U32/reg_file_46_reg_633__0[14]
    SLICE_X31Y35         LUT6 (Prop_lut6_I3_O)        0.124     2.814 r  bd_0_i/hls_inst/inst/grp_cpu_Pipeline_PROGRAM_LOOP_fu_187/mul_32ns_32ns_64_2_1_U32/mem_d0[14]_INST_0_i_7/O
                         net (fo=1, routed)           0.000     2.814    bd_0_i/hls_inst/inst/grp_cpu_Pipeline_PROGRAM_LOOP_fu_187/mul_32ns_32ns_64_2_1_U32/mem_d0[14]_INST_0_i_7_n_0
    SLICE_X31Y35         MUXF7 (Prop_muxf7_I0_O)      0.212     3.026 r  bd_0_i/hls_inst/inst/grp_cpu_Pipeline_PROGRAM_LOOP_fu_187/mul_32ns_32ns_64_2_1_U32/mem_d0[14]_INST_0_i_2/O
                         net (fo=1, routed)           1.359     4.385    bd_0_i/hls_inst/inst/grp_cpu_Pipeline_PROGRAM_LOOP_fu_187/mul_32ns_32ns_64_2_1_U32/mem_d0[14]_INST_0_i_2_n_0
    SLICE_X23Y38         LUT6 (Prop_lut6_I1_O)        0.299     4.684 r  bd_0_i/hls_inst/inst/grp_cpu_Pipeline_PROGRAM_LOOP_fu_187/mul_32ns_32ns_64_2_1_U32/mem_d0[14]_INST_0/O
                         net (fo=10, routed)          0.437     5.121    bd_0_i/hls_inst/inst/grp_cpu_Pipeline_PROGRAM_LOOP_fu_187/mul_32ns_32ns_64_2_1_U32/mem_q0[24]_0[14]
    DSP48_X1Y14          DSP48E1 (Prop_dsp48e1_A[14]_P[47])
                                                      3.841     8.962 r  bd_0_i/hls_inst/inst/grp_cpu_Pipeline_PROGRAM_LOOP_fu_187/mul_32ns_32ns_64_2_1_U32/tmp_product__0/P[47]
                         net (fo=36, routed)          1.091    10.054    bd_0_i/hls_inst/inst/grp_cpu_Pipeline_PROGRAM_LOOP_fu_187/mul_32ns_32s_64_2_1_U33/buff0_reg__0_7[30]
    DSP48_X1Y17          DSP48E1                                      r  bd_0_i/hls_inst/inst/grp_cpu_Pipeline_PROGRAM_LOOP_fu_187/mul_32ns_32s_64_2_1_U33/buff0_reg__0/C[45]
  -------------------------------------------------------------------    -------------------

                         (clock ap_clk rise edge)    10.000    10.000 r  
                                                      0.000    10.000 r  ap_clk (IN)
                         net (fo=1514, unset)         0.924    10.924    bd_0_i/hls_inst/inst/grp_cpu_Pipeline_PROGRAM_LOOP_fu_187/mul_32ns_32s_64_2_1_U33/ap_clk
    DSP48_X1Y17          DSP48E1                                      r  bd_0_i/hls_inst/inst/grp_cpu_Pipeline_PROGRAM_LOOP_fu_187/mul_32ns_32s_64_2_1_U33/buff0_reg__0/CLK
                         clock pessimism              0.000    10.924    
                         clock uncertainty           -0.035    10.889    
    DSP48_X1Y17          DSP48E1 (Setup_dsp48e1_CLK_C[45])
                                                     -1.701     9.188    bd_0_i/hls_inst/inst/grp_cpu_Pipeline_PROGRAM_LOOP_fu_187/mul_32ns_32s_64_2_1_U33/buff0_reg__0
  -------------------------------------------------------------------
                         required time                          9.188    
                         arrival time                         -10.054    
  -------------------------------------------------------------------
                         slack                                 -0.866    

Slack (VIOLATED) :        -0.866ns  (required time - arrival time)
  Source:                 bd_0_i/hls_inst/inst/grp_cpu_Pipeline_PROGRAM_LOOP_fu_187/reg_file_46_reg_633_reg[14]/C
                            (rising edge-triggered cell FDRE clocked by ap_clk  {rise@0.000ns fall@5.000ns period=10.000ns})
  Destination:            bd_0_i/hls_inst/inst/grp_cpu_Pipeline_PROGRAM_LOOP_fu_187/mul_32ns_32s_64_2_1_U33/buff0_reg__0/C[46]
                            (rising edge-triggered cell DSP48E1 clocked by ap_clk  {rise@0.000ns fall@5.000ns period=10.000ns})
  Path Group:             ap_clk
  Path Type:              Setup (Max at Slow Process Corner)
  Requirement:            10.000ns  (ap_clk rise@10.000ns - ap_clk rise@0.000ns)
  Data Path Delay:        9.081ns  (logic 4.994ns (54.996%)  route 4.087ns (45.004%))
  Logic Levels:           4  (DSP48E1=1 LUT6=2 MUXF7=1)
  Clock Path Skew:        -0.049ns (DCD - SCD + CPR)
    Destination Clock Delay (DCD):    0.924ns = ( 10.924 - 10.000 ) 
    Source Clock Delay      (SCD):    0.973ns
    Clock Pessimism Removal (CPR):    0.000ns
  Clock Uncertainty:      0.035ns  ((TSJ^2 + TIJ^2)^1/2 + DJ) / 2 + PE
    Total System Jitter     (TSJ):    0.071ns
    Total Input Jitter      (TIJ):    0.000ns
    Discrete Jitter          (DJ):    0.000ns
    Phase Error              (PE):    0.000ns

    Location             Delay type                Incr(ns)  Path(ns)    Netlist Resource(s)
  -------------------------------------------------------------------    -------------------
                         (clock ap_clk rise edge)     0.000     0.000 r  
                                                      0.000     0.000 r  ap_clk (IN)
                         net (fo=1514, unset)         0.973     0.973    bd_0_i/hls_inst/inst/grp_cpu_Pipeline_PROGRAM_LOOP_fu_187/ap_clk
    SLICE_X32Y34         FDRE                                         r  bd_0_i/hls_inst/inst/grp_cpu_Pipeline_PROGRAM_LOOP_fu_187/reg_file_46_reg_633_reg[14]/C
  -------------------------------------------------------------------    -------------------
    SLICE_X32Y34         FDRE (Prop_fdre_C_Q)         0.518     1.491 r  bd_0_i/hls_inst/inst/grp_cpu_Pipeline_PROGRAM_LOOP_fu_187/reg_file_46_reg_633_reg[14]/Q
                         net (fo=2, routed)           1.199     2.690    bd_0_i/hls_inst/inst/grp_cpu_Pipeline_PROGRAM_LOOP_fu_187/mul_32ns_32ns_64_2_1_U32/reg_file_46_reg_633__0[14]
    SLICE_X31Y35         LUT6 (Prop_lut6_I3_O)        0.124     2.814 r  bd_0_i/hls_inst/inst/grp_cpu_Pipeline_PROGRAM_LOOP_fu_187/mul_32ns_32ns_64_2_1_U32/mem_d0[14]_INST_0_i_7/O
                         net (fo=1, routed)           0.000     2.814    bd_0_i/hls_inst/inst/grp_cpu_Pipeline_PROGRAM_LOOP_fu_187/mul_32ns_32ns_64_2_1_U32/mem_d0[14]_INST_0_i_7_n_0
    SLICE_X31Y35         MUXF7 (Prop_muxf7_I0_O)      0.212     3.026 r  bd_0_i/hls_inst/inst/grp_cpu_Pipeline_PROGRAM_LOOP_fu_187/mul_32ns_32ns_64_2_1_U32/mem_d0[14]_INST_0_i_2/O
                         net (fo=1, routed)           1.359     4.385    bd_0_i/hls_inst/inst/grp_cpu_Pipeline_PROGRAM_LOOP_fu_187/mul_32ns_32ns_64_2_1_U32/mem_d0[14]_INST_0_i_2_n_0
    SLICE_X23Y38         LUT6 (Prop_lut6_I1_O)        0.299     4.684 r  bd_0_i/hls_inst/inst/grp_cpu_Pipeline_PROGRAM_LOOP_fu_187/mul_32ns_32ns_64_2_1_U32/mem_d0[14]_INST_0/O
                         net (fo=10, routed)          0.437     5.121    bd_0_i/hls_inst/inst/grp_cpu_Pipeline_PROGRAM_LOOP_fu_187/mul_32ns_32ns_64_2_1_U32/mem_q0[24]_0[14]
    DSP48_X1Y14          DSP48E1 (Prop_dsp48e1_A[14]_P[47])
                                                      3.841     8.962 r  bd_0_i/hls_inst/inst/grp_cpu_Pipeline_PROGRAM_LOOP_fu_187/mul_32ns_32ns_64_2_1_U32/tmp_product__0/P[47]
                         net (fo=36, routed)          1.091    10.054    bd_0_i/hls_inst/inst/grp_cpu_Pipeline_PROGRAM_LOOP_fu_187/mul_32ns_32s_64_2_1_U33/buff0_reg__0_7[30]
    DSP48_X1Y17          DSP48E1                                      r  bd_0_i/hls_inst/inst/grp_cpu_Pipeline_PROGRAM_LOOP_fu_187/mul_32ns_32s_64_2_1_U33/buff0_reg__0/C[46]
  -------------------------------------------------------------------    -------------------

                         (clock ap_clk rise edge)    10.000    10.000 r  
                                                      0.000    10.000 r  ap_clk (IN)
                         net (fo=1514, unset)         0.924    10.924    bd_0_i/hls_inst/inst/grp_cpu_Pipeline_PROGRAM_LOOP_fu_187/mul_32ns_32s_64_2_1_U33/ap_clk
    DSP48_X1Y17          DSP48E1                                      r  bd_0_i/hls_inst/inst/grp_cpu_Pipeline_PROGRAM_LOOP_fu_187/mul_32ns_32s_64_2_1_U33/buff0_reg__0/CLK
                         clock pessimism              0.000    10.924    
                         clock uncertainty           -0.035    10.889    
    DSP48_X1Y17          DSP48E1 (Setup_dsp48e1_CLK_C[46])
                                                     -1.701     9.188    bd_0_i/hls_inst/inst/grp_cpu_Pipeline_PROGRAM_LOOP_fu_187/mul_32ns_32s_64_2_1_U33/buff0_reg__0
  -------------------------------------------------------------------
                         required time                          9.188    
                         arrival time                         -10.054    
  -------------------------------------------------------------------
                         slack                                 -0.866    

Slack (VIOLATED) :        -0.839ns  (required time - arrival time)
  Source:                 bd_0_i/hls_inst/inst/grp_cpu_Pipeline_PROGRAM_LOOP_fu_187/reg_file_46_reg_633_reg[14]/C
                            (rising edge-triggered cell FDRE clocked by ap_clk  {rise@0.000ns fall@5.000ns period=10.000ns})
  Destination:            bd_0_i/hls_inst/inst/grp_cpu_Pipeline_PROGRAM_LOOP_fu_187/mul_32ns_32s_64_2_1_U33/buff0_reg__0/C[26]
                            (rising edge-triggered cell DSP48E1 clocked by ap_clk  {rise@0.000ns fall@5.000ns period=10.000ns})
  Path Group:             ap_clk
  Path Type:              Setup (Max at Slow Process Corner)
  Requirement:            10.000ns  (ap_clk rise@10.000ns - ap_clk rise@0.000ns)
  Data Path Delay:        9.054ns  (logic 4.994ns (55.159%)  route 4.060ns (44.841%))
  Logic Levels:           4  (DSP48E1=1 LUT6=2 MUXF7=1)
  Clock Path Skew:        -0.049ns (DCD - SCD + CPR)
    Destination Clock Delay (DCD):    0.924ns = ( 10.924 - 10.000 ) 
    Source Clock Delay      (SCD):    0.973ns
    Clock Pessimism Removal (CPR):    0.000ns
  Clock Uncertainty:      0.035ns  ((TSJ^2 + TIJ^2)^1/2 + DJ) / 2 + PE
    Total System Jitter     (TSJ):    0.071ns
    Total Input Jitter      (TIJ):    0.000ns
    Discrete Jitter          (DJ):    0.000ns
    Phase Error              (PE):    0.000ns

    Location             Delay type                Incr(ns)  Path(ns)    Netlist Resource(s)
  -------------------------------------------------------------------    -------------------
                         (clock ap_clk rise edge)     0.000     0.000 r  
                                                      0.000     0.000 r  ap_clk (IN)
                         net (fo=1514, unset)         0.973     0.973    bd_0_i/hls_inst/inst/grp_cpu_Pipeline_PROGRAM_LOOP_fu_187/ap_clk
    SLICE_X32Y34         FDRE                                         r  bd_0_i/hls_inst/inst/grp_cpu_Pipeline_PROGRAM_LOOP_fu_187/reg_file_46_reg_633_reg[14]/C
  -------------------------------------------------------------------    -------------------
    SLICE_X32Y34         FDRE (Prop_fdre_C_Q)         0.518     1.491 r  bd_0_i/hls_inst/inst/grp_cpu_Pipeline_PROGRAM_LOOP_fu_187/reg_file_46_reg_633_reg[14]/Q
                         net (fo=2, routed)           1.199     2.690    bd_0_i/hls_inst/inst/grp_cpu_Pipeline_PROGRAM_LOOP_fu_187/mul_32ns_32ns_64_2_1_U32/reg_file_46_reg_633__0[14]
    SLICE_X31Y35         LUT6 (Prop_lut6_I3_O)        0.124     2.814 r  bd_0_i/hls_inst/inst/grp_cpu_Pipeline_PROGRAM_LOOP_fu_187/mul_32ns_32ns_64_2_1_U32/mem_d0[14]_INST_0_i_7/O
                         net (fo=1, routed)           0.000     2.814    bd_0_i/hls_inst/inst/grp_cpu_Pipeline_PROGRAM_LOOP_fu_187/mul_32ns_32ns_64_2_1_U32/mem_d0[14]_INST_0_i_7_n_0
    SLICE_X31Y35         MUXF7 (Prop_muxf7_I0_O)      0.212     3.026 r  bd_0_i/hls_inst/inst/grp_cpu_Pipeline_PROGRAM_LOOP_fu_187/mul_32ns_32ns_64_2_1_U32/mem_d0[14]_INST_0_i_2/O
                         net (fo=1, routed)           1.359     4.385    bd_0_i/hls_inst/inst/grp_cpu_Pipeline_PROGRAM_LOOP_fu_187/mul_32ns_32ns_64_2_1_U32/mem_d0[14]_INST_0_i_2_n_0
    SLICE_X23Y38         LUT6 (Prop_lut6_I1_O)        0.299     4.684 r  bd_0_i/hls_inst/inst/grp_cpu_Pipeline_PROGRAM_LOOP_fu_187/mul_32ns_32ns_64_2_1_U32/mem_d0[14]_INST_0/O
                         net (fo=10, routed)          0.437     5.121    bd_0_i/hls_inst/inst/grp_cpu_Pipeline_PROGRAM_LOOP_fu_187/mul_32ns_32ns_64_2_1_U32/mem_q0[24]_0[14]
    DSP48_X1Y14          DSP48E1 (Prop_dsp48e1_A[14]_P[43])
                                                      3.841     8.962 r  bd_0_i/hls_inst/inst/grp_cpu_Pipeline_PROGRAM_LOOP_fu_187/mul_32ns_32ns_64_2_1_U32/tmp_product__0/P[43]
                         net (fo=2, routed)           1.064    10.027    bd_0_i/hls_inst/inst/grp_cpu_Pipeline_PROGRAM_LOOP_fu_187/mul_32ns_32s_64_2_1_U33/buff0_reg__0_7[26]
    DSP48_X1Y17          DSP48E1                                      r  bd_0_i/hls_inst/inst/grp_cpu_Pipeline_PROGRAM_LOOP_fu_187/mul_32ns_32s_64_2_1_U33/buff0_reg__0/C[26]
  -------------------------------------------------------------------    -------------------

                         (clock ap_clk rise edge)    10.000    10.000 r  
                                                      0.000    10.000 r  ap_clk (IN)
                         net (fo=1514, unset)         0.924    10.924    bd_0_i/hls_inst/inst/grp_cpu_Pipeline_PROGRAM_LOOP_fu_187/mul_32ns_32s_64_2_1_U33/ap_clk
    DSP48_X1Y17          DSP48E1                                      r  bd_0_i/hls_inst/inst/grp_cpu_Pipeline_PROGRAM_LOOP_fu_187/mul_32ns_32s_64_2_1_U33/buff0_reg__0/CLK
                         clock pessimism              0.000    10.924    
                         clock uncertainty           -0.035    10.889    
    DSP48_X1Y17          DSP48E1 (Setup_dsp48e1_CLK_C[26])
                                                     -1.701     9.188    bd_0_i/hls_inst/inst/grp_cpu_Pipeline_PROGRAM_LOOP_fu_187/mul_32ns_32s_64_2_1_U33/buff0_reg__0
  -------------------------------------------------------------------
                         required time                          9.188    
                         arrival time                         -10.027    
  -------------------------------------------------------------------
                         slack                                 -0.839    

Slack (VIOLATED) :        -0.817ns  (required time - arrival time)
  Source:                 bd_0_i/hls_inst/inst/grp_cpu_Pipeline_PROGRAM_LOOP_fu_187/reg_file_46_reg_633_reg[14]/C
                            (rising edge-triggered cell FDRE clocked by ap_clk  {rise@0.000ns fall@5.000ns period=10.000ns})
  Destination:            bd_0_i/hls_inst/inst/grp_cpu_Pipeline_PROGRAM_LOOP_fu_187/mul_32ns_32s_64_2_1_U33/buff0_reg__0/C[33]
                            (rising edge-triggered cell DSP48E1 clocked by ap_clk  {rise@0.000ns fall@5.000ns period=10.000ns})
  Path Group:             ap_clk
  Path Type:              Setup (Max at Slow Process Corner)
  Requirement:            10.000ns  (ap_clk rise@10.000ns - ap_clk rise@0.000ns)
  Data Path Delay:        9.032ns  (logic 4.994ns (55.293%)  route 4.038ns (44.707%))
  Logic Levels:           4  (DSP48E1=1 LUT6=2 MUXF7=1)
  Clock Path Skew:        -0.049ns (DCD - SCD + CPR)
    Destination Clock Delay (DCD):    0.924ns = ( 10.924 - 10.000 ) 
    Source Clock Delay      (SCD):    0.973ns
    Clock Pessimism Removal (CPR):    0.000ns
  Clock Uncertainty:      0.035ns  ((TSJ^2 + TIJ^2)^1/2 + DJ) / 2 + PE
    Total System Jitter     (TSJ):    0.071ns
    Total Input Jitter      (TIJ):    0.000ns
    Discrete Jitter          (DJ):    0.000ns
    Phase Error              (PE):    0.000ns

    Location             Delay type                Incr(ns)  Path(ns)    Netlist Resource(s)
  -------------------------------------------------------------------    -------------------
                         (clock ap_clk rise edge)     0.000     0.000 r  
                                                      0.000     0.000 r  ap_clk (IN)
                         net (fo=1514, unset)         0.973     0.973    bd_0_i/hls_inst/inst/grp_cpu_Pipeline_PROGRAM_LOOP_fu_187/ap_clk
    SLICE_X32Y34         FDRE                                         r  bd_0_i/hls_inst/inst/grp_cpu_Pipeline_PROGRAM_LOOP_fu_187/reg_file_46_reg_633_reg[14]/C
  -------------------------------------------------------------------    -------------------
    SLICE_X32Y34         FDRE (Prop_fdre_C_Q)         0.518     1.491 r  bd_0_i/hls_inst/inst/grp_cpu_Pipeline_PROGRAM_LOOP_fu_187/reg_file_46_reg_633_reg[14]/Q
                         net (fo=2, routed)           1.199     2.690    bd_0_i/hls_inst/inst/grp_cpu_Pipeline_PROGRAM_LOOP_fu_187/mul_32ns_32ns_64_2_1_U32/reg_file_46_reg_633__0[14]
    SLICE_X31Y35         LUT6 (Prop_lut6_I3_O)        0.124     2.814 r  bd_0_i/hls_inst/inst/grp_cpu_Pipeline_PROGRAM_LOOP_fu_187/mul_32ns_32ns_64_2_1_U32/mem_d0[14]_INST_0_i_7/O
                         net (fo=1, routed)           0.000     2.814    bd_0_i/hls_inst/inst/grp_cpu_Pipeline_PROGRAM_LOOP_fu_187/mul_32ns_32ns_64_2_1_U32/mem_d0[14]_INST_0_i_7_n_0
    SLICE_X31Y35         MUXF7 (Prop_muxf7_I0_O)      0.212     3.026 r  bd_0_i/hls_inst/inst/grp_cpu_Pipeline_PROGRAM_LOOP_fu_187/mul_32ns_32ns_64_2_1_U32/mem_d0[14]_INST_0_i_2/O
                         net (fo=1, routed)           1.359     4.385    bd_0_i/hls_inst/inst/grp_cpu_Pipeline_PROGRAM_LOOP_fu_187/mul_32ns_32ns_64_2_1_U32/mem_d0[14]_INST_0_i_2_n_0
    SLICE_X23Y38         LUT6 (Prop_lut6_I1_O)        0.299     4.684 r  bd_0_i/hls_inst/inst/grp_cpu_Pipeline_PROGRAM_LOOP_fu_187/mul_32ns_32ns_64_2_1_U32/mem_d0[14]_INST_0/O
                         net (fo=10, routed)          0.437     5.121    bd_0_i/hls_inst/inst/grp_cpu_Pipeline_PROGRAM_LOOP_fu_187/mul_32ns_32ns_64_2_1_U32/mem_q0[24]_0[14]
    DSP48_X1Y14          DSP48E1 (Prop_dsp48e1_A[14]_P[47])
                                                      3.841     8.962 r  bd_0_i/hls_inst/inst/grp_cpu_Pipeline_PROGRAM_LOOP_fu_187/mul_32ns_32ns_64_2_1_U32/tmp_product__0/P[47]
                         net (fo=36, routed)          1.043    10.005    bd_0_i/hls_inst/inst/grp_cpu_Pipeline_PROGRAM_LOOP_fu_187/mul_32ns_32s_64_2_1_U33/buff0_reg__0_7[30]
    DSP48_X1Y17          DSP48E1                                      r  bd_0_i/hls_inst/inst/grp_cpu_Pipeline_PROGRAM_LOOP_fu_187/mul_32ns_32s_64_2_1_U33/buff0_reg__0/C[33]
  -------------------------------------------------------------------    -------------------

                         (clock ap_clk rise edge)    10.000    10.000 r  
                                                      0.000    10.000 r  ap_clk (IN)
                         net (fo=1514, unset)         0.924    10.924    bd_0_i/hls_inst/inst/grp_cpu_Pipeline_PROGRAM_LOOP_fu_187/mul_32ns_32s_64_2_1_U33/ap_clk
    DSP48_X1Y17          DSP48E1                                      r  bd_0_i/hls_inst/inst/grp_cpu_Pipeline_PROGRAM_LOOP_fu_187/mul_32ns_32s_64_2_1_U33/buff0_reg__0/CLK
                         clock pessimism              0.000    10.924    
                         clock uncertainty           -0.035    10.889    
    DSP48_X1Y17          DSP48E1 (Setup_dsp48e1_CLK_C[33])
                                                     -1.701     9.188    bd_0_i/hls_inst/inst/grp_cpu_Pipeline_PROGRAM_LOOP_fu_187/mul_32ns_32s_64_2_1_U33/buff0_reg__0
  -------------------------------------------------------------------
                         required time                          9.188    
                         arrival time                         -10.005    
  -------------------------------------------------------------------
                         slack                                 -0.817    

Slack (VIOLATED) :        -0.817ns  (required time - arrival time)
  Source:                 bd_0_i/hls_inst/inst/grp_cpu_Pipeline_PROGRAM_LOOP_fu_187/reg_file_46_reg_633_reg[14]/C
                            (rising edge-triggered cell FDRE clocked by ap_clk  {rise@0.000ns fall@5.000ns period=10.000ns})
  Destination:            bd_0_i/hls_inst/inst/grp_cpu_Pipeline_PROGRAM_LOOP_fu_187/mul_32ns_32s_64_2_1_U33/buff0_reg__0/C[34]
                            (rising edge-triggered cell DSP48E1 clocked by ap_clk  {rise@0.000ns fall@5.000ns period=10.000ns})
  Path Group:             ap_clk
  Path Type:              Setup (Max at Slow Process Corner)
  Requirement:            10.000ns  (ap_clk rise@10.000ns - ap_clk rise@0.000ns)
  Data Path Delay:        9.032ns  (logic 4.994ns (55.293%)  route 4.038ns (44.707%))
  Logic Levels:           4  (DSP48E1=1 LUT6=2 MUXF7=1)
  Clock Path Skew:        -0.049ns (DCD - SCD + CPR)
    Destination Clock Delay (DCD):    0.924ns = ( 10.924 - 10.000 ) 
    Source Clock Delay      (SCD):    0.973ns
    Clock Pessimism Removal (CPR):    0.000ns
  Clock Uncertainty:      0.035ns  ((TSJ^2 + TIJ^2)^1/2 + DJ) / 2 + PE
    Total System Jitter     (TSJ):    0.071ns
    Total Input Jitter      (TIJ):    0.000ns
    Discrete Jitter          (DJ):    0.000ns
    Phase Error              (PE):    0.000ns

    Location             Delay type                Incr(ns)  Path(ns)    Netlist Resource(s)
  -------------------------------------------------------------------    -------------------
                         (clock ap_clk rise edge)     0.000     0.000 r  
                                                      0.000     0.000 r  ap_clk (IN)
                         net (fo=1514, unset)         0.973     0.973    bd_0_i/hls_inst/inst/grp_cpu_Pipeline_PROGRAM_LOOP_fu_187/ap_clk
    SLICE_X32Y34         FDRE                                         r  bd_0_i/hls_inst/inst/grp_cpu_Pipeline_PROGRAM_LOOP_fu_187/reg_file_46_reg_633_reg[14]/C
  -------------------------------------------------------------------    -------------------
    SLICE_X32Y34         FDRE (Prop_fdre_C_Q)         0.518     1.491 r  bd_0_i/hls_inst/inst/grp_cpu_Pipeline_PROGRAM_LOOP_fu_187/reg_file_46_reg_633_reg[14]/Q
                         net (fo=2, routed)           1.199     2.690    bd_0_i/hls_inst/inst/grp_cpu_Pipeline_PROGRAM_LOOP_fu_187/mul_32ns_32ns_64_2_1_U32/reg_file_46_reg_633__0[14]
    SLICE_X31Y35         LUT6 (Prop_lut6_I3_O)        0.124     2.814 r  bd_0_i/hls_inst/inst/grp_cpu_Pipeline_PROGRAM_LOOP_fu_187/mul_32ns_32ns_64_2_1_U32/mem_d0[14]_INST_0_i_7/O
                         net (fo=1, routed)           0.000     2.814    bd_0_i/hls_inst/inst/grp_cpu_Pipeline_PROGRAM_LOOP_fu_187/mul_32ns_32ns_64_2_1_U32/mem_d0[14]_INST_0_i_7_n_0
    SLICE_X31Y35         MUXF7 (Prop_muxf7_I0_O)      0.212     3.026 r  bd_0_i/hls_inst/inst/grp_cpu_Pipeline_PROGRAM_LOOP_fu_187/mul_32ns_32ns_64_2_1_U32/mem_d0[14]_INST_0_i_2/O
                         net (fo=1, routed)           1.359     4.385    bd_0_i/hls_inst/inst/grp_cpu_Pipeline_PROGRAM_LOOP_fu_187/mul_32ns_32ns_64_2_1_U32/mem_d0[14]_INST_0_i_2_n_0
    SLICE_X23Y38         LUT6 (Prop_lut6_I1_O)        0.299     4.684 r  bd_0_i/hls_inst/inst/grp_cpu_Pipeline_PROGRAM_LOOP_fu_187/mul_32ns_32ns_64_2_1_U32/mem_d0[14]_INST_0/O
                         net (fo=10, routed)          0.437     5.121    bd_0_i/hls_inst/inst/grp_cpu_Pipeline_PROGRAM_LOOP_fu_187/mul_32ns_32ns_64_2_1_U32/mem_q0[24]_0[14]
    DSP48_X1Y14          DSP48E1 (Prop_dsp48e1_A[14]_P[47])
                                                      3.841     8.962 r  bd_0_i/hls_inst/inst/grp_cpu_Pipeline_PROGRAM_LOOP_fu_187/mul_32ns_32ns_64_2_1_U32/tmp_product__0/P[47]
                         net (fo=36, routed)          1.043    10.005    bd_0_i/hls_inst/inst/grp_cpu_Pipeline_PROGRAM_LOOP_fu_187/mul_32ns_32s_64_2_1_U33/buff0_reg__0_7[30]
    DSP48_X1Y17          DSP48E1                                      r  bd_0_i/hls_inst/inst/grp_cpu_Pipeline_PROGRAM_LOOP_fu_187/mul_32ns_32s_64_2_1_U33/buff0_reg__0/C[34]
  -------------------------------------------------------------------    -------------------

                         (clock ap_clk rise edge)    10.000    10.000 r  
                                                      0.000    10.000 r  ap_clk (IN)
                         net (fo=1514, unset)         0.924    10.924    bd_0_i/hls_inst/inst/grp_cpu_Pipeline_PROGRAM_LOOP_fu_187/mul_32ns_32s_64_2_1_U33/ap_clk
    DSP48_X1Y17          DSP48E1                                      r  bd_0_i/hls_inst/inst/grp_cpu_Pipeline_PROGRAM_LOOP_fu_187/mul_32ns_32s_64_2_1_U33/buff0_reg__0/CLK
                         clock pessimism              0.000    10.924    
                         clock uncertainty           -0.035    10.889    
    DSP48_X1Y17          DSP48E1 (Setup_dsp48e1_CLK_C[34])
                                                     -1.701     9.188    bd_0_i/hls_inst/inst/grp_cpu_Pipeline_PROGRAM_LOOP_fu_187/mul_32ns_32s_64_2_1_U33/buff0_reg__0
  -------------------------------------------------------------------
                         required time                          9.188    
                         arrival time                         -10.005    
  -------------------------------------------------------------------
                         slack                                 -0.817    

Slack (VIOLATED) :        -0.804ns  (required time - arrival time)
  Source:                 bd_0_i/hls_inst/inst/grp_cpu_Pipeline_PROGRAM_LOOP_fu_187/reg_file_54_reg_553_reg[6]/C
                            (rising edge-triggered cell FDRE clocked by ap_clk  {rise@0.000ns fall@5.000ns period=10.000ns})
  Destination:            bd_0_i/hls_inst/inst/grp_cpu_Pipeline_PROGRAM_LOOP_fu_187/mul_32ns_32ns_64_2_1_U32/buff0_reg/C[26]
                            (rising edge-triggered cell DSP48E1 clocked by ap_clk  {rise@0.000ns fall@5.000ns period=10.000ns})
  Path Group:             ap_clk
  Path Type:              Setup (Max at Slow Process Corner)
  Requirement:            10.000ns  (ap_clk rise@10.000ns - ap_clk rise@0.000ns)
  Data Path Delay:        9.019ns  (logic 5.068ns (56.194%)  route 3.951ns (43.806%))
  Logic Levels:           4  (DSP48E1=1 LUT6=2 MUXF7=1)
  Clock Path Skew:        -0.049ns (DCD - SCD + CPR)
    Destination Clock Delay (DCD):    0.924ns = ( 10.924 - 10.000 ) 
    Source Clock Delay      (SCD):    0.973ns
    Clock Pessimism Removal (CPR):    0.000ns
  Clock Uncertainty:      0.035ns  ((TSJ^2 + TIJ^2)^1/2 + DJ) / 2 + PE
    Total System Jitter     (TSJ):    0.071ns
    Total Input Jitter      (TIJ):    0.000ns
    Discrete Jitter          (DJ):    0.000ns
    Phase Error              (PE):    0.000ns

    Location             Delay type                Incr(ns)  Path(ns)    Netlist Resource(s)
  -------------------------------------------------------------------    -------------------
                         (clock ap_clk rise edge)     0.000     0.000 r  
                                                      0.000     0.000 r  ap_clk (IN)
                         net (fo=1514, unset)         0.973     0.973    bd_0_i/hls_inst/inst/grp_cpu_Pipeline_PROGRAM_LOOP_fu_187/ap_clk
    SLICE_X29Y33         FDRE                                         r  bd_0_i/hls_inst/inst/grp_cpu_Pipeline_PROGRAM_LOOP_fu_187/reg_file_54_reg_553_reg[6]/C
  -------------------------------------------------------------------    -------------------
    SLICE_X29Y33         FDRE (Prop_fdre_C_Q)         0.419     1.392 r  bd_0_i/hls_inst/inst/grp_cpu_Pipeline_PROGRAM_LOOP_fu_187/reg_file_54_reg_553_reg[6]/Q
                         net (fo=2, routed)           1.004     2.396    bd_0_i/hls_inst/inst/grp_cpu_Pipeline_PROGRAM_LOOP_fu_187/mul_32ns_32ns_64_2_1_U32/reg_file_54_reg_553__0[6]
    SLICE_X29Y33         LUT6 (Prop_lut6_I3_O)        0.297     2.693 r  bd_0_i/hls_inst/inst/grp_cpu_Pipeline_PROGRAM_LOOP_fu_187/mul_32ns_32ns_64_2_1_U32/tmp_product_i_166/O
                         net (fo=1, routed)           0.000     2.693    bd_0_i/hls_inst/inst/grp_cpu_Pipeline_PROGRAM_LOOP_fu_187/mul_32ns_32ns_64_2_1_U32/tmp_product_i_166_n_0
    SLICE_X29Y33         MUXF7 (Prop_muxf7_I0_O)      0.212     2.905 r  bd_0_i/hls_inst/inst/grp_cpu_Pipeline_PROGRAM_LOOP_fu_187/mul_32ns_32ns_64_2_1_U32/tmp_product_i_58/O
                         net (fo=1, routed)           1.148     4.054    bd_0_i/hls_inst/inst/grp_cpu_Pipeline_PROGRAM_LOOP_fu_187/mul_32ns_32ns_64_2_1_U32/tmp_product_i_58_n_0
    SLICE_X29Y36         LUT6 (Prop_lut6_I0_O)        0.299     4.353 r  bd_0_i/hls_inst/inst/grp_cpu_Pipeline_PROGRAM_LOOP_fu_187/mul_32ns_32ns_64_2_1_U32/tmp_product_i_11/O
                         net (fo=24, routed)          0.685     5.038    bd_0_i/hls_inst/inst/grp_cpu_Pipeline_PROGRAM_LOOP_fu_187/mul_32ns_32ns_64_2_1_U32/D[6]
    DSP48_X2Y14          DSP48E1 (Prop_dsp48e1_A[6]_P[43])
                                                      3.841     8.879 r  bd_0_i/hls_inst/inst/grp_cpu_Pipeline_PROGRAM_LOOP_fu_187/mul_32ns_32ns_64_2_1_U32/tmp_product/P[43]
                         net (fo=2, routed)           1.113     9.992    bd_0_i/hls_inst/inst/grp_cpu_Pipeline_PROGRAM_LOOP_fu_187/mul_32ns_32ns_64_2_1_U32/P[26]
    DSP48_X2Y16          DSP48E1                                      r  bd_0_i/hls_inst/inst/grp_cpu_Pipeline_PROGRAM_LOOP_fu_187/mul_32ns_32ns_64_2_1_U32/buff0_reg/C[26]
  -------------------------------------------------------------------    -------------------

                         (clock ap_clk rise edge)    10.000    10.000 r  
                                                      0.000    10.000 r  ap_clk (IN)
                         net (fo=1514, unset)         0.924    10.924    bd_0_i/hls_inst/inst/grp_cpu_Pipeline_PROGRAM_LOOP_fu_187/mul_32ns_32ns_64_2_1_U32/ap_clk
    DSP48_X2Y16          DSP48E1                                      r  bd_0_i/hls_inst/inst/grp_cpu_Pipeline_PROGRAM_LOOP_fu_187/mul_32ns_32ns_64_2_1_U32/buff0_reg/CLK
                         clock pessimism              0.000    10.924    
                         clock uncertainty           -0.035    10.889    
    DSP48_X2Y16          DSP48E1 (Setup_dsp48e1_CLK_C[26])
                                                     -1.701     9.188    bd_0_i/hls_inst/inst/grp_cpu_Pipeline_PROGRAM_LOOP_fu_187/mul_32ns_32ns_64_2_1_U32/buff0_reg
  -------------------------------------------------------------------
                         required time                          9.188    
                         arrival time                          -9.992    
  -------------------------------------------------------------------
                         slack                                 -0.804    

Slack (VIOLATED) :        -0.792ns  (required time - arrival time)
  Source:                 bd_0_i/hls_inst/inst/grp_cpu_Pipeline_PROGRAM_LOOP_fu_187/reg_file_54_reg_553_reg[6]/C
                            (rising edge-triggered cell FDRE clocked by ap_clk  {rise@0.000ns fall@5.000ns period=10.000ns})
  Destination:            bd_0_i/hls_inst/inst/grp_cpu_Pipeline_PROGRAM_LOOP_fu_187/mul_32ns_32ns_64_2_1_U32/buff0_reg/C[36]
                            (rising edge-triggered cell DSP48E1 clocked by ap_clk  {rise@0.000ns fall@5.000ns period=10.000ns})
  Path Group:             ap_clk
  Path Type:              Setup (Max at Slow Process Corner)
  Requirement:            10.000ns  (ap_clk rise@10.000ns - ap_clk rise@0.000ns)
  Data Path Delay:        9.007ns  (logic 5.068ns (56.270%)  route 3.939ns (43.730%))
  Logic Levels:           4  (DSP48E1=1 LUT6=2 MUXF7=1)
  Clock Path Skew:        -0.049ns (DCD - SCD + CPR)
    Destination Clock Delay (DCD):    0.924ns = ( 10.924 - 10.000 ) 
    Source Clock Delay      (SCD):    0.973ns
    Clock Pessimism Removal (CPR):    0.000ns
  Clock Uncertainty:      0.035ns  ((TSJ^2 + TIJ^2)^1/2 + DJ) / 2 + PE
    Total System Jitter     (TSJ):    0.071ns
    Total Input Jitter      (TIJ):    0.000ns
    Discrete Jitter          (DJ):    0.000ns
    Phase Error              (PE):    0.000ns

    Location             Delay type                Incr(ns)  Path(ns)    Netlist Resource(s)
  -------------------------------------------------------------------    -------------------
                         (clock ap_clk rise edge)     0.000     0.000 r  
                                                      0.000     0.000 r  ap_clk (IN)
                         net (fo=1514, unset)         0.973     0.973    bd_0_i/hls_inst/inst/grp_cpu_Pipeline_PROGRAM_LOOP_fu_187/ap_clk
    SLICE_X29Y33         FDRE                                         r  bd_0_i/hls_inst/inst/grp_cpu_Pipeline_PROGRAM_LOOP_fu_187/reg_file_54_reg_553_reg[6]/C
  -------------------------------------------------------------------    -------------------
    SLICE_X29Y33         FDRE (Prop_fdre_C_Q)         0.419     1.392 r  bd_0_i/hls_inst/inst/grp_cpu_Pipeline_PROGRAM_LOOP_fu_187/reg_file_54_reg_553_reg[6]/Q
                         net (fo=2, routed)           1.004     2.396    bd_0_i/hls_inst/inst/grp_cpu_Pipeline_PROGRAM_LOOP_fu_187/mul_32ns_32ns_64_2_1_U32/reg_file_54_reg_553__0[6]
    SLICE_X29Y33         LUT6 (Prop_lut6_I3_O)        0.297     2.693 r  bd_0_i/hls_inst/inst/grp_cpu_Pipeline_PROGRAM_LOOP_fu_187/mul_32ns_32ns_64_2_1_U32/tmp_product_i_166/O
                         net (fo=1, routed)           0.000     2.693    bd_0_i/hls_inst/inst/grp_cpu_Pipeline_PROGRAM_LOOP_fu_187/mul_32ns_32ns_64_2_1_U32/tmp_product_i_166_n_0
    SLICE_X29Y33         MUXF7 (Prop_muxf7_I0_O)      0.212     2.905 r  bd_0_i/hls_inst/inst/grp_cpu_Pipeline_PROGRAM_LOOP_fu_187/mul_32ns_32ns_64_2_1_U32/tmp_product_i_58/O
                         net (fo=1, routed)           1.148     4.054    bd_0_i/hls_inst/inst/grp_cpu_Pipeline_PROGRAM_LOOP_fu_187/mul_32ns_32ns_64_2_1_U32/tmp_product_i_58_n_0
    SLICE_X29Y36         LUT6 (Prop_lut6_I0_O)        0.299     4.353 r  bd_0_i/hls_inst/inst/grp_cpu_Pipeline_PROGRAM_LOOP_fu_187/mul_32ns_32ns_64_2_1_U32/tmp_product_i_11/O
                         net (fo=24, routed)          0.685     5.038    bd_0_i/hls_inst/inst/grp_cpu_Pipeline_PROGRAM_LOOP_fu_187/mul_32ns_32ns_64_2_1_U32/D[6]
    DSP48_X2Y14          DSP48E1 (Prop_dsp48e1_A[6]_P[47])
                                                      3.841     8.879 r  bd_0_i/hls_inst/inst/grp_cpu_Pipeline_PROGRAM_LOOP_fu_187/mul_32ns_32ns_64_2_1_U32/tmp_product/P[47]
                         net (fo=36, routed)          1.101     9.980    bd_0_i/hls_inst/inst/grp_cpu_Pipeline_PROGRAM_LOOP_fu_187/mul_32ns_32ns_64_2_1_U32/P[30]
    DSP48_X2Y16          DSP48E1                                      r  bd_0_i/hls_inst/inst/grp_cpu_Pipeline_PROGRAM_LOOP_fu_187/mul_32ns_32ns_64_2_1_U32/buff0_reg/C[36]
  -------------------------------------------------------------------    -------------------

                         (clock ap_clk rise edge)    10.000    10.000 r  
                                                      0.000    10.000 r  ap_clk (IN)
                         net (fo=1514, unset)         0.924    10.924    bd_0_i/hls_inst/inst/grp_cpu_Pipeline_PROGRAM_LOOP_fu_187/mul_32ns_32ns_64_2_1_U32/ap_clk
    DSP48_X2Y16          DSP48E1                                      r  bd_0_i/hls_inst/inst/grp_cpu_Pipeline_PROGRAM_LOOP_fu_187/mul_32ns_32ns_64_2_1_U32/buff0_reg/CLK
                         clock pessimism              0.000    10.924    
                         clock uncertainty           -0.035    10.889    
    DSP48_X2Y16          DSP48E1 (Setup_dsp48e1_CLK_C[36])
                                                     -1.701     9.188    bd_0_i/hls_inst/inst/grp_cpu_Pipeline_PROGRAM_LOOP_fu_187/mul_32ns_32ns_64_2_1_U32/buff0_reg
  -------------------------------------------------------------------
                         required time                          9.188    
                         arrival time                          -9.980    
  -------------------------------------------------------------------
                         slack                                 -0.792    

Slack (VIOLATED) :        -0.792ns  (required time - arrival time)
  Source:                 bd_0_i/hls_inst/inst/grp_cpu_Pipeline_PROGRAM_LOOP_fu_187/reg_file_54_reg_553_reg[6]/C
                            (rising edge-triggered cell FDRE clocked by ap_clk  {rise@0.000ns fall@5.000ns period=10.000ns})
  Destination:            bd_0_i/hls_inst/inst/grp_cpu_Pipeline_PROGRAM_LOOP_fu_187/mul_32ns_32ns_64_2_1_U32/buff0_reg/C[38]
                            (rising edge-triggered cell DSP48E1 clocked by ap_clk  {rise@0.000ns fall@5.000ns period=10.000ns})
  Path Group:             ap_clk
  Path Type:              Setup (Max at Slow Process Corner)
  Requirement:            10.000ns  (ap_clk rise@10.000ns - ap_clk rise@0.000ns)
  Data Path Delay:        9.007ns  (logic 5.068ns (56.270%)  route 3.939ns (43.730%))
  Logic Levels:           4  (DSP48E1=1 LUT6=2 MUXF7=1)
  Clock Path Skew:        -0.049ns (DCD - SCD + CPR)
    Destination Clock Delay (DCD):    0.924ns = ( 10.924 - 10.000 ) 
    Source Clock Delay      (SCD):    0.973ns
    Clock Pessimism Removal (CPR):    0.000ns
  Clock Uncertainty:      0.035ns  ((TSJ^2 + TIJ^2)^1/2 + DJ) / 2 + PE
    Total System Jitter     (TSJ):    0.071ns
    Total Input Jitter      (TIJ):    0.000ns
    Discrete Jitter          (DJ):    0.000ns
    Phase Error              (PE):    0.000ns

    Location             Delay type                Incr(ns)  Path(ns)    Netlist Resource(s)
  -------------------------------------------------------------------    -------------------
                         (clock ap_clk rise edge)     0.000     0.000 r  
                                                      0.000     0.000 r  ap_clk (IN)
                         net (fo=1514, unset)         0.973     0.973    bd_0_i/hls_inst/inst/grp_cpu_Pipeline_PROGRAM_LOOP_fu_187/ap_clk
    SLICE_X29Y33         FDRE                                         r  bd_0_i/hls_inst/inst/grp_cpu_Pipeline_PROGRAM_LOOP_fu_187/reg_file_54_reg_553_reg[6]/C
  -------------------------------------------------------------------    -------------------
    SLICE_X29Y33         FDRE (Prop_fdre_C_Q)         0.419     1.392 r  bd_0_i/hls_inst/inst/grp_cpu_Pipeline_PROGRAM_LOOP_fu_187/reg_file_54_reg_553_reg[6]/Q
                         net (fo=2, routed)           1.004     2.396    bd_0_i/hls_inst/inst/grp_cpu_Pipeline_PROGRAM_LOOP_fu_187/mul_32ns_32ns_64_2_1_U32/reg_file_54_reg_553__0[6]
    SLICE_X29Y33         LUT6 (Prop_lut6_I3_O)        0.297     2.693 r  bd_0_i/hls_inst/inst/grp_cpu_Pipeline_PROGRAM_LOOP_fu_187/mul_32ns_32ns_64_2_1_U32/tmp_product_i_166/O
                         net (fo=1, routed)           0.000     2.693    bd_0_i/hls_inst/inst/grp_cpu_Pipeline_PROGRAM_LOOP_fu_187/mul_32ns_32ns_64_2_1_U32/tmp_product_i_166_n_0
    SLICE_X29Y33         MUXF7 (Prop_muxf7_I0_O)      0.212     2.905 r  bd_0_i/hls_inst/inst/grp_cpu_Pipeline_PROGRAM_LOOP_fu_187/mul_32ns_32ns_64_2_1_U32/tmp_product_i_58/O
                         net (fo=1, routed)           1.148     4.054    bd_0_i/hls_inst/inst/grp_cpu_Pipeline_PROGRAM_LOOP_fu_187/mul_32ns_32ns_64_2_1_U32/tmp_product_i_58_n_0
    SLICE_X29Y36         LUT6 (Prop_lut6_I0_O)        0.299     4.353 r  bd_0_i/hls_inst/inst/grp_cpu_Pipeline_PROGRAM_LOOP_fu_187/mul_32ns_32ns_64_2_1_U32/tmp_product_i_11/O
                         net (fo=24, routed)          0.685     5.038    bd_0_i/hls_inst/inst/grp_cpu_Pipeline_PROGRAM_LOOP_fu_187/mul_32ns_32ns_64_2_1_U32/D[6]
    DSP48_X2Y14          DSP48E1 (Prop_dsp48e1_A[6]_P[47])
                                                      3.841     8.879 r  bd_0_i/hls_inst/inst/grp_cpu_Pipeline_PROGRAM_LOOP_fu_187/mul_32ns_32ns_64_2_1_U32/tmp_product/P[47]
                         net (fo=36, routed)          1.101     9.980    bd_0_i/hls_inst/inst/grp_cpu_Pipeline_PROGRAM_LOOP_fu_187/mul_32ns_32ns_64_2_1_U32/P[30]
    DSP48_X2Y16          DSP48E1                                      r  bd_0_i/hls_inst/inst/grp_cpu_Pipeline_PROGRAM_LOOP_fu_187/mul_32ns_32ns_64_2_1_U32/buff0_reg/C[38]
  -------------------------------------------------------------------    -------------------

                         (clock ap_clk rise edge)    10.000    10.000 r  
                                                      0.000    10.000 r  ap_clk (IN)
                         net (fo=1514, unset)         0.924    10.924    bd_0_i/hls_inst/inst/grp_cpu_Pipeline_PROGRAM_LOOP_fu_187/mul_32ns_32ns_64_2_1_U32/ap_clk
    DSP48_X2Y16          DSP48E1                                      r  bd_0_i/hls_inst/inst/grp_cpu_Pipeline_PROGRAM_LOOP_fu_187/mul_32ns_32ns_64_2_1_U32/buff0_reg/CLK
                         clock pessimism              0.000    10.924    
                         clock uncertainty           -0.035    10.889    
    DSP48_X2Y16          DSP48E1 (Setup_dsp48e1_CLK_C[38])
                                                     -1.701     9.188    bd_0_i/hls_inst/inst/grp_cpu_Pipeline_PROGRAM_LOOP_fu_187/mul_32ns_32ns_64_2_1_U32/buff0_reg
  -------------------------------------------------------------------
                         required time                          9.188    
                         arrival time                          -9.980    
  -------------------------------------------------------------------
                         slack                                 -0.792    




