Copyright 1986-2022 Xilinx, Inc. All Rights Reserved. Copyright 2022-2025 Advanced Micro Devices, Inc. All Rights Reserved.
---------------------------------------------------------------------------------------------------------------------------------------------
| Tool Version : Vivado v.2025.1 (lin64) Build 6140274 Wed May 21 22:58:25 MDT 2025
| Date         : Wed Feb 25 17:34:12 2026
| Host         : gondor running 64-bit Ubuntu 24.04.3 LTS
| Command      : report_timing_summary -file ./report/cpu_timing_routed.rpt
| Design       : bd_0_wrapper
| Device       : 7z020-clg400
| Speed File   : -1  PRODUCTION 1.12 2019-11-22
| Design State : Routed
---------------------------------------------------------------------------------------------------------------------------------------------

Timing Summary Report

------------------------------------------------------------------------------------------------
| Timer Settings
| --------------
------------------------------------------------------------------------------------------------

  Enable Multi Corner Analysis               :  Yes
  Enable Pessimism Removal                   :  Yes
  Pessimism Removal Resolution               :  Nearest Common Node
  Enable Input Delay Default Clock           :  No
  Enable Preset / Clear Arcs                 :  No
  Disable Flight Delays                      :  No
  Ignore I/O Paths                           :  No
  Timing Early Launch at Borrowing Latches   :  No
  Borrow Time for Max Delay Exceptions       :  Yes
  Merge Timing Exceptions                    :  Yes
  Inter-SLR Compensation                     :  Conservative

  Corner  Analyze    Analyze    
  Name    Max Paths  Min Paths  
  ------  ---------  ---------  
  Slow    Yes        Yes        
  Fast    Yes        Yes        


------------------------------------------------------------------------------------------------
| Report Methodology
| ------------------
------------------------------------------------------------------------------------------------

Rule       Severity  Description                    Violations  
---------  --------  -----------------------------  ----------  
TIMING-18  Warning   Missing input or output delay  87          

Note: This report is based on the most recent report_methodology run and may not be up-to-date. Run report_methodology on the current design for the latest report.



check_timing report

Table of Contents
-----------------
1. checking no_clock (0)
2. checking constant_clock (0)
3. checking pulse_width_clock (0)
4. checking unconstrained_internal_endpoints (0)
5. checking no_input_delay (34)
6. checking no_output_delay (53)
7. checking multiple_clock (0)
8. checking generated_clocks (0)
9. checking loops (0)
10. checking partial_input_delay (0)
11. checking partial_output_delay (0)
12. checking latch_loops (0)

1. checking no_clock (0)
------------------------
 There are 0 register/latch pins with no clock.


2. checking constant_clock (0)
------------------------------
 There are 0 register/latch pins with constant_clock.


3. checking pulse_width_clock (0)
---------------------------------
 There are 0 register/latch pins which need pulse_width check


4. checking unconstrained_internal_endpoints (0)
------------------------------------------------
 There are 0 pins that are not constrained for maximum delay.

 There are 0 pins that are not constrained for maximum delay due to constant clock.


5. checking no_input_delay (34)
-------------------------------
 There are 34 input ports with no input delay specified. (HIGH)

 There are 0 input ports with no input delay but user has a false path constraint.


6. checking no_output_delay (53)
--------------------------------
 There are 53 ports with no output delay specified. (HIGH)

 There are 0 ports with no output delay but user has a false path constraint

 There are 0 ports with no output delay but with a timing clock defined on it or propagating through it


7. checking multiple_clock (0)
------------------------------
 There are 0 register/latch pins with multiple clocks.


8. checking generated_clocks (0)
--------------------------------
 There are 0 generated clocks that are not connected to a clock source.


9. checking loops (0)
---------------------
 There are 0 combinational loops in the design.


10. checking partial_input_delay (0)
------------------------------------
 There are 0 input ports with partial input delay specified.


11. checking partial_output_delay (0)
-------------------------------------
 There are 0 ports with partial output delay specified.


12. checking latch_loops (0)
----------------------------
 There are 0 combinational latch loops in the design through latch input



------------------------------------------------------------------------------------------------
| Design Timing Summary
| ---------------------
------------------------------------------------------------------------------------------------

    WNS(ns)      TNS(ns)  TNS Failing Endpoints  TNS Total Endpoints      WHS(ns)      THS(ns)  THS Failing Endpoints  THS Total Endpoints     WPWS(ns)     TPWS(ns)  TPWS Failing Endpoints  TPWS Total Endpoints  
    -------      -------  ---------------------  -------------------      -------      -------  ---------------------  -------------------     --------     --------  ----------------------  --------------------  
     -0.866     -147.825                    294                 4486        0.109        0.000                      0                 4486        4.500        0.000                       0                  1515  


Timing constraints are not met.


------------------------------------------------------------------------------------------------
| Clock Summary
| -------------
------------------------------------------------------------------------------------------------

Clock   Waveform(ns)       Period(ns)      Frequency(MHz)
-----   ------------       ----------      --------------
ap_clk  {0.000 5.000}      10.000          100.000         


------------------------------------------------------------------------------------------------
| Intra Clock Table
| -----------------
------------------------------------------------------------------------------------------------

Clock             WNS(ns)      TNS(ns)  TNS Failing Endpoints  TNS Total Endpoints      WHS(ns)      THS(ns)  THS Failing Endpoints  THS Total Endpoints     WPWS(ns)     TPWS(ns)  TPWS Failing Endpoints  TPWS Total Endpoints  
-----             -------      -------  ---------------------  -------------------      -------      -------  ---------------------  -------------------     --------     --------  ----------------------  --------------------  
ap_clk             -0.866     -147.825                    294                 4486        0.109        0.000                      0                 4486        4.500        0.000                       0                  1515  


------------------------------------------------------------------------------------------------
| Inter Clock Table
| -----------------
------------------------------------------------------------------------------------------------

From Clock    To Clock          WNS(ns)      TNS(ns)  TNS Failing Endpoints  TNS Total Endpoints      WHS(ns)      THS(ns)  THS Failing Endpoints  THS Total Endpoints  
----------    --------          -------      -------  ---------------------  -------------------      -------      -------  ---------------------  -------------------  


------------------------------------------------------------------------------------------------
| Other Path Groups Table
| -----------------------
------------------------------------------------------------------------------------------------

Path Group    From Clock    To Clock          WNS(ns)      TNS(ns)  TNS Failing Endpoints  TNS Total Endpoints      WHS(ns)      THS(ns)  THS Failing Endpoints  THS Total Endpoints  
----------    ----------    --------          -------      -------  ---------------------  -------------------      -------      -------  ---------------------  -------------------  


------------------------------------------------------------------------------------------------
| Timing Details
| --------------
------------------------------------------------------------------------------------------------


---------------------------------------------------------------------------------------------------
From Clock:  ap_clk
  To Clock:  ap_clk

Setup :          294  Failing Endpoints,  Worst Slack       -0.866ns,  Total Violation     -147.825ns
Hold  :            0  Failing Endpoints,  Worst Slack        0.109ns,  Total Violation        0.000ns
PW    :            0  Failing Endpoints,  Worst Slack        4.500ns,  Total Violation        0.000ns
---------------------------------------------------------------------------------------------------


Max Delay Paths
--------------------------------------------------------------------------------------
Slack (VIOLATED) :        -0.866ns  (required time - arrival time)
  Source:                 bd_0_i/hls_inst/inst/grp_cpu_Pipeline_PROGRAM_LOOP_fu_187/reg_file_46_reg_633_reg[14]/C
                            (rising edge-triggered cell FDRE clocked by ap_clk  {rise@0.000ns fall@5.000ns period=10.000ns})
  Destination:            bd_0_i/hls_inst/inst/grp_cpu_Pipeline_PROGRAM_LOOP_fu_187/mul_32ns_32s_64_2_1_U33/buff0_reg__0/C[36]
                            (rising edge-triggered cell DSP48E1 clocked by ap_clk  {rise@0.000ns fall@5.000ns period=10.000ns})
  Path Group:             ap_clk
  Path Type:              Setup (Max at Slow Process Corner)
  Requirement:            10.000ns  (ap_clk rise@10.000ns - ap_clk rise@0.000ns)
  Data Path Delay:        9.081ns  (logic 4.994ns (54.996%)  route 4.087ns (45.004%))
  Logic Levels:           4  (DSP48E1=1 LUT6=2 MUXF7=1)
  Clock Path Skew:        -0.049ns (DCD - SCD + CPR)
    Destination Clock Delay (DCD):    0.924ns = ( 10.924 - 10.000 ) 
    Source Clock Delay      (SCD):    0.973ns
    Clock Pessimism Removal (CPR):    0.000ns
  Clock Uncertainty:      0.035ns  ((TSJ^2 + TIJ^2)^1/2 + DJ) / 2 + PE
    Total System Jitter     (TSJ):    0.071ns
    Total Input Jitter      (TIJ):    0.000ns
    Discrete Jitter          (DJ):    0.000ns
    Phase Error              (PE):    0.000ns

    Location             Delay type                Incr(ns)  Path(ns)    Netlist Resource(s)
  -------------------------------------------------------------------    -------------------
                         (clock ap_clk rise edge)     0.000     0.000 r  
                                                      0.000     0.000 r  ap_clk (IN)
                         net (fo=1514, unset)         0.973     0.973    bd_0_i/hls_inst/inst/grp_cpu_Pipeline_PROGRAM_LOOP_fu_187/ap_clk
    SLICE_X32Y34         FDRE                                         r  bd_0_i/hls_inst/inst/grp_cpu_Pipeline_PROGRAM_LOOP_fu_187/reg_file_46_reg_633_reg[14]/C
  -------------------------------------------------------------------    -------------------
    SLICE_X32Y34         FDRE (Prop_fdre_C_Q)         0.518     1.491 r  bd_0_i/hls_inst/inst/grp_cpu_Pipeline_PROGRAM_LOOP_fu_187/reg_file_46_reg_633_reg[14]/Q
                         net (fo=2, routed)           1.199     2.690    bd_0_i/hls_inst/inst/grp_cpu_Pipeline_PROGRAM_LOOP_fu_187/mul_32ns_32ns_64_2_1_U32/reg_file_46_reg_633__0[14]
    SLICE_X31Y35         LUT6 (Prop_lut6_I3_O)        0.124     2.814 r  bd_0_i/hls_inst/inst/grp_cpu_Pipeline_PROGRAM_LOOP_fu_187/mul_32ns_32ns_64_2_1_U32/mem_d0[14]_INST_0_i_7/O
                         net (fo=1, routed)           0.000     2.814    bd_0_i/hls_inst/inst/grp_cpu_Pipeline_PROGRAM_LOOP_fu_187/mul_32ns_32ns_64_2_1_U32/mem_d0[14]_INST_0_i_7_n_0
    SLICE_X31Y35         MUXF7 (Prop_muxf7_I0_O)      0.212     3.026 r  bd_0_i/hls_inst/inst/grp_cpu_Pipeline_PROGRAM_LOOP_fu_187/mul_32ns_32ns_64_2_1_U32/mem_d0[14]_INST_0_i_2/O
                         net (fo=1, routed)           1.359     4.385    bd_0_i/hls_inst/inst/grp_cpu_Pipeline_PROGRAM_LOOP_fu_187/mul_32ns_32ns_64_2_1_U32/mem_d0[14]_INST_0_i_2_n_0
    SLICE_X23Y38         LUT6 (Prop_lut6_I1_O)        0.299     4.684 r  bd_0_i/hls_inst/inst/grp_cpu_Pipeline_PROGRAM_LOOP_fu_187/mul_32ns_32ns_64_2_1_U32/mem_d0[14]_INST_0/O
                         net (fo=10, routed)          0.437     5.121    bd_0_i/hls_inst/inst/grp_cpu_Pipeline_PROGRAM_LOOP_fu_187/mul_32ns_32ns_64_2_1_U32/mem_q0[24]_0[14]
    DSP48_X1Y14          DSP48E1 (Prop_dsp48e1_A[14]_P[47])
                                                      3.841     8.962 r  bd_0_i/hls_inst/inst/grp_cpu_Pipeline_PROGRAM_LOOP_fu_187/mul_32ns_32ns_64_2_1_U32/tmp_product__0/P[47]
                         net (fo=36, routed)          1.091    10.054    bd_0_i/hls_inst/inst/grp_cpu_Pipeline_PROGRAM_LOOP_fu_187/mul_32ns_32s_64_2_1_U33/buff0_reg__0_7[30]
    DSP48_X1Y17          DSP48E1                                      r  bd_0_i/hls_inst/inst/grp_cpu_Pipeline_PROGRAM_LOOP_fu_187/mul_32ns_32s_64_2_1_U33/buff0_reg__0/C[36]
  -------------------------------------------------------------------    -------------------

                         (clock ap_clk rise edge)    10.000    10.000 r  
                                                      0.000    10.000 r  ap_clk (IN)
                         net (fo=1514, unset)         0.924    10.924    bd_0_i/hls_inst/inst/grp_cpu_Pipeline_PROGRAM_LOOP_fu_187/mul_32ns_32s_64_2_1_U33/ap_clk
    DSP48_X1Y17          DSP48E1                                      r  bd_0_i/hls_inst/inst/grp_cpu_Pipeline_PROGRAM_LOOP_fu_187/mul_32ns_32s_64_2_1_U33/buff0_reg__0/CLK
                         clock pessimism              0.000    10.924    
                         clock uncertainty           -0.035    10.889    
    DSP48_X1Y17          DSP48E1 (Setup_dsp48e1_CLK_C[36])
                                                     -1.701     9.188    bd_0_i/hls_inst/inst/grp_cpu_Pipeline_PROGRAM_LOOP_fu_187/mul_32ns_32s_64_2_1_U33/buff0_reg__0
  -------------------------------------------------------------------
                         required time                          9.188    
                         arrival time                         -10.054    
  -------------------------------------------------------------------
                         slack                                 -0.866    





Min Delay Paths
--------------------------------------------------------------------------------------
Slack (MET) :             0.109ns  (arrival time - required time)
  Source:                 bd_0_i/hls_inst/inst/grp_cpu_Pipeline_PROGRAM_LOOP_fu_187/pc_fu_274_reg[21]/C
                            (rising edge-triggered cell FDRE clocked by ap_clk  {rise@0.000ns fall@5.000ns period=10.000ns})
  Destination:            bd_0_i/hls_inst/inst/grp_cpu_Pipeline_PROGRAM_LOOP_fu_187/pc_1_reg_5589_reg[21]/D
                            (rising edge-triggered cell FDRE clocked by ap_clk  {rise@0.000ns fall@5.000ns period=10.000ns})
  Path Group:             ap_clk
  Path Type:              Hold (Min at Fast Process Corner)
  Requirement:            0.000ns  (ap_clk rise@0.000ns - ap_clk rise@0.000ns)
  Data Path Delay:        0.206ns  (logic 0.141ns (68.378%)  route 0.065ns (31.622%))
  Logic Levels:           0  
  Clock Path Skew:        0.022ns (DCD - SCD - CPR)
    Destination Clock Delay (DCD):    0.432ns
    Source Clock Delay      (SCD):    0.410ns
    Clock Pessimism Removal (CPR):    -0.000ns

    Location             Delay type                Incr(ns)  Path(ns)    Netlist Resource(s)
  -------------------------------------------------------------------    -------------------
                         (clock ap_clk rise edge)     0.000     0.000 r  
                                                      0.000     0.000 r  ap_clk (IN)
                         net (fo=1514, unset)         0.410     0.410    bd_0_i/hls_inst/inst/grp_cpu_Pipeline_PROGRAM_LOOP_fu_187/ap_clk
    SLICE_X47Y57         FDRE                                         r  bd_0_i/hls_inst/inst/grp_cpu_Pipeline_PROGRAM_LOOP_fu_187/pc_fu_274_reg[21]/C
  -------------------------------------------------------------------    -------------------
    SLICE_X47Y57         FDRE (Prop_fdre_C_Q)         0.141     0.551 r  bd_0_i/hls_inst/inst/grp_cpu_Pipeline_PROGRAM_LOOP_fu_187/pc_fu_274_reg[21]/Q
                         net (fo=2, routed)           0.065     0.616    bd_0_i/hls_inst/inst/grp_cpu_Pipeline_PROGRAM_LOOP_fu_187/pc_fu_274[21]
    SLICE_X46Y57         FDRE                                         r  bd_0_i/hls_inst/inst/grp_cpu_Pipeline_PROGRAM_LOOP_fu_187/pc_1_reg_5589_reg[21]/D
  -------------------------------------------------------------------    -------------------

                         (clock ap_clk rise edge)     0.000     0.000 r  
                                                      0.000     0.000 r  ap_clk (IN)
                         net (fo=1514, unset)         0.432     0.432    bd_0_i/hls_inst/inst/grp_cpu_Pipeline_PROGRAM_LOOP_fu_187/ap_clk
    SLICE_X46Y57         FDRE                                         r  bd_0_i/hls_inst/inst/grp_cpu_Pipeline_PROGRAM_LOOP_fu_187/pc_1_reg_5589_reg[21]/C
                         clock pessimism              0.000     0.432    
    SLICE_X46Y57         FDRE (Hold_fdre_C_D)         0.076     0.508    bd_0_i/hls_inst/inst/grp_cpu_Pipeline_PROGRAM_LOOP_fu_187/pc_1_reg_5589_reg[21]
  -------------------------------------------------------------------
                         required time                         -0.508    
                         arrival time                           0.616    
  -------------------------------------------------------------------
                         slack                                  0.109    





Pulse Width Checks
--------------------------------------------------------------------------------------
Clock Name:         ap_clk
Waveform(ns):       { 0.000 5.000 }
Period(ns):         10.000
Sources:            { ap_clk }

Check Type        Corner  Lib Pin      Reference Pin  Required(ns)  Actual(ns)  Slack(ns)  Location      Pin
Min Period        n/a     DSP48E1/CLK  n/a            2.154         10.000      7.846      DSP48_X2Y16   bd_0_i/hls_inst/inst/grp_cpu_Pipeline_PROGRAM_LOOP_fu_187/mul_32ns_32ns_64_2_1_U32/buff0_reg/CLK
Low Pulse Width   Slow    FDSE/C       n/a            0.500         5.000       4.500      SLICE_X45Y62  bd_0_i/hls_inst/inst/ap_CS_fsm_reg[0]/C
High Pulse Width  Slow    FDSE/C       n/a            0.500         5.000       4.500      SLICE_X45Y62  bd_0_i/hls_inst/inst/ap_CS_fsm_reg[0]/C



