Copyright 1986-2022 Xilinx, Inc. All Rights Reserved. Copyright 2022-2025 Advanced Micro Devices, Inc. All Rights Reserved.
---------------------------------------------------------------------------------------------------------------------------------------------
| Tool Version : Vivado v.2025.1 (lin64) Build 6140274 Wed May 21 22:58:25 MDT 2025
| Date         : Wed Feb 25 17:33:07 2026
| Host         : gondor running 64-bit Ubuntu 24.04.3 LTS
| Command      : report_timing -max_paths 10 -file ./report/cpu_timing_paths_synth.rpt
| Design       : bd_0_wrapper
| Device       : 7z020-clg400
| Speed File   : -1  PRODUCTION 1.12 2019-11-22
| Design State : Synthesized
---------------------------------------------------------------------------------------------------------------------------------------------

Timing Report

Slack (VIOLATED) :        -1.218ns  (required time - arrival time)
  Source:                 bd_0_i/hls_inst/inst/grp_cpu_Pipeline_PROGRAM_LOOP_fu_187/reg_file_60_reg_493_reg[2]/C
                            (rising edge-triggered cell FDRE clocked by ap_clk  {rise@0.000ns fall@5.000ns period=10.000ns})
  Destination:            bd_0_i/hls_inst/inst/grp_cpu_Pipeline_PROGRAM_LOOP_fu_187/mul_32ns_32ns_64_2_1_U32/buff0_reg__0/C[0]
                            (rising edge-triggered cell DSP48E1 clocked by ap_clk  {rise@0.000ns fall@5.000ns period=10.000ns})
  Path Group:             ap_clk
  Path Type:              Setup (Max at Slow Process Corner)
  Requirement:            10.000ns  (ap_clk rise@10.000ns - ap_clk rise@0.000ns)
  Data Path Delay:        9.433ns  (logic 5.026ns (53.279%)  route 4.407ns (46.721%))
  Logic Levels:           5  (DSP48E1=1 LUT1=1 LUT5=1 LUT6=2)
  Clock Path Skew:        -0.049ns (DCD - SCD + CPR)
    Destination Clock Delay (DCD):    0.924ns = ( 10.924 - 10.000 ) 
    Source Clock Delay      (SCD):    0.973ns
    Clock Pessimism Removal (CPR):    0.000ns
  Clock Uncertainty:      0.035ns  ((TSJ^2 + TIJ^2)^1/2 + DJ) / 2 + PE
    Total System Jitter     (TSJ):    0.071ns
    Total Input Jitter      (TIJ):    0.000ns
    Discrete Jitter          (DJ):    0.000ns
    Phase Error              (PE):    0.000ns

    Location             Delay type                Incr(ns)  Path(ns)    Netlist Resource(s)
  -------------------------------------------------------------------    -------------------
                         (clock ap_clk rise edge)     0.000     0.000 r  
                                                      0.000     0.000 r  ap_clk (IN)
                         net (fo=1505, unset)         0.973     0.973    bd_0_i/hls_inst/inst/grp_cpu_Pipeline_PROGRAM_LOOP_fu_187/ap_clk
                         FDRE                                         r  bd_0_i/hls_inst/inst/grp_cpu_Pipeline_PROGRAM_LOOP_fu_187/reg_file_60_reg_493_reg[2]/C
  -------------------------------------------------------------------    -------------------
                         FDRE (Prop_fdre_C_Q)         0.518     1.491 r  bd_0_i/hls_inst/inst/grp_cpu_Pipeline_PROGRAM_LOOP_fu_187/reg_file_60_reg_493_reg[2]/Q
                         net (fo=2, unplaced)         0.976     2.467    bd_0_i/hls_inst/inst/grp_cpu_Pipeline_PROGRAM_LOOP_fu_187/mul_32ns_32ns_64_2_1_U32/reg_file_60_reg_493__0[2]
                         LUT6 (Prop_lut6_I0_O)        0.295     2.762 r  bd_0_i/hls_inst/inst/grp_cpu_Pipeline_PROGRAM_LOOP_fu_187/mul_32ns_32ns_64_2_1_U32/mem_d0[2]_INST_0_i_9/O
                         net (fo=1, unplaced)         0.449     3.211    bd_0_i/hls_inst/inst/grp_cpu_Pipeline_PROGRAM_LOOP_fu_187/mul_32ns_32ns_64_2_1_U32/mem_d0[2]_INST_0_i_9_n_0
                         LUT5 (Prop_lut5_I2_O)        0.124     3.335 f  bd_0_i/hls_inst/inst/grp_cpu_Pipeline_PROGRAM_LOOP_fu_187/mul_32ns_32ns_64_2_1_U32/mem_d0[2]_INST_0_i_5/O
                         net (fo=1, unplaced)         0.902     4.237    bd_0_i/hls_inst/inst/grp_cpu_Pipeline_PROGRAM_LOOP_fu_187/mul_32ns_32ns_64_2_1_U32/mem_d0[2]_INST_0_i_5_n_0
                         LUT6 (Prop_lut6_I3_O)        0.124     4.361 f  bd_0_i/hls_inst/inst/grp_cpu_Pipeline_PROGRAM_LOOP_fu_187/mul_32ns_32ns_64_2_1_U32/mem_d0[2]_INST_0_i_1/O
                         net (fo=6, unplaced)         0.481     4.842    bd_0_i/hls_inst/inst/grp_cpu_Pipeline_PROGRAM_LOOP_fu_187/mul_32ns_32ns_64_2_1_U32/reg_file_reg_795_reg[2]
                         LUT1 (Prop_lut1_I0_O)        0.124     4.966 r  bd_0_i/hls_inst/inst/grp_cpu_Pipeline_PROGRAM_LOOP_fu_187/mul_32ns_32ns_64_2_1_U32/mem_d0[2]_INST_0/O
                         net (fo=5, unplaced)         0.800     5.766    bd_0_i/hls_inst/inst/grp_cpu_Pipeline_PROGRAM_LOOP_fu_187/mul_32ns_32ns_64_2_1_U32/mem_q0[24]_0[2]
                         DSP48E1 (Prop_dsp48e1_A[2]_P[17])
                                                      3.841     9.607 r  bd_0_i/hls_inst/inst/grp_cpu_Pipeline_PROGRAM_LOOP_fu_187/mul_32ns_32ns_64_2_1_U32/tmp_product__0/P[17]
                         net (fo=2, unplaced)         0.800    10.406    bd_0_i/hls_inst/inst/grp_cpu_Pipeline_PROGRAM_LOOP_fu_187/mul_32ns_32ns_64_2_1_U32/tmp_product__0_0[0]
                         DSP48E1                                      r  bd_0_i/hls_inst/inst/grp_cpu_Pipeline_PROGRAM_LOOP_fu_187/mul_32ns_32ns_64_2_1_U32/buff0_reg__0/C[0]
  -------------------------------------------------------------------    -------------------

                         (clock ap_clk rise edge)    10.000    10.000 r  
                                                      0.000    10.000 r  ap_clk (IN)
                         net (fo=1505, unset)         0.924    10.924    bd_0_i/hls_inst/inst/grp_cpu_Pipeline_PROGRAM_LOOP_fu_187/mul_32ns_32ns_64_2_1_U32/ap_clk
                         DSP48E1                                      r  bd_0_i/hls_inst/inst/grp_cpu_Pipeline_PROGRAM_LOOP_fu_187/mul_32ns_32ns_64_2_1_U32/buff0_reg__0/CLK
                         clock pessimism              0.000    10.924    
                         clock uncertainty           -0.035    10.889    
                         DSP48E1 (Setup_dsp48e1_CLK_C[0])
                                                     -1.701     9.188    bd_0_i/hls_inst/inst/grp_cpu_Pipeline_PROGRAM_LOOP_fu_187/mul_32ns_32ns_64_2_1_U32/buff0_reg__0
  -------------------------------------------------------------------
                         required time                          9.188    
                         arrival time                         -10.406    
  -------------------------------------------------------------------
                         slack                                 -1.218    

Slack (VIOLATED) :        -1.218ns  (required time - arrival time)
  Source:                 bd_0_i/hls_inst/inst/grp_cpu_Pipeline_PROGRAM_LOOP_fu_187/reg_file_60_reg_493_reg[2]/C
                            (rising edge-triggered cell FDRE clocked by ap_clk  {rise@0.000ns fall@5.000ns period=10.000ns})
  Destination:            bd_0_i/hls_inst/inst/grp_cpu_Pipeline_PROGRAM_LOOP_fu_187/mul_32ns_32ns_64_2_1_U32/buff0_reg__0/C[10]
                            (rising edge-triggered cell DSP48E1 clocked by ap_clk  {rise@0.000ns fall@5.000ns period=10.000ns})
  Path Group:             ap_clk
  Path Type:              Setup (Max at Slow Process Corner)
  Requirement:            10.000ns  (ap_clk rise@10.000ns - ap_clk rise@0.000ns)
  Data Path Delay:        9.433ns  (logic 5.026ns (53.279%)  route 4.407ns (46.721%))
  Logic Levels:           5  (DSP48E1=1 LUT1=1 LUT5=1 LUT6=2)
  Clock Path Skew:        -0.049ns (DCD - SCD + CPR)
    Destination Clock Delay (DCD):    0.924ns = ( 10.924 - 10.000 ) 
    Source Clock Delay      (SCD):    0.973ns
    Clock Pessimism Removal (CPR):    0.000ns
  Clock Uncertainty:      0.035ns  ((TSJ^2 + TIJ^2)^1/2 + DJ) / 2 + PE
    Total System Jitter     (TSJ):    0.071ns
    Total Input Jitter      (TIJ):    0.000ns
    Discrete Jitter          (DJ):    0.000ns
    Phase Error              (PE):    0.000ns

    Location             Delay type                Incr(ns)  Path(ns)    Netlist Resource(s)
  -------------------------------------------------------------------    -------------------
                         (clock ap_clk rise edge)     0.000     0.000 r  
                                                      0.000     0.000 r  ap_clk (IN)
                         net (fo=1505, unset)         0.973     0.973    bd_0_i/hls_inst/inst/grp_cpu_Pipeline_PROGRAM_LOOP_fu_187/ap_clk
                         FDRE                                         r  bd_0_i/hls_inst/inst/grp_cpu_Pipeline_PROGRAM_LOOP_fu_187/reg_file_60_reg_493_reg[2]/C
  -------------------------------------------------------------------    -------------------
                         FDRE (Prop_fdre_C_Q)         0.518     1.491 r  bd_0_i/hls_inst/inst/grp_cpu_Pipeline_PROGRAM_LOOP_fu_187/reg_file_60_reg_493_reg[2]/Q
                         net (fo=2, unplaced)         0.976     2.467    bd_0_i/hls_inst/inst/grp_cpu_Pipeline_PROGRAM_LOOP_fu_187/mul_32ns_32ns_64_2_1_U32/reg_file_60_reg_493__0[2]
                         LUT6 (Prop_lut6_I0_O)        0.295     2.762 r  bd_0_i/hls_inst/inst/grp_cpu_Pipeline_PROGRAM_LOOP_fu_187/mul_32ns_32ns_64_2_1_U32/mem_d0[2]_INST_0_i_9/O
                         net (fo=1, unplaced)         0.449     3.211    bd_0_i/hls_inst/inst/grp_cpu_Pipeline_PROGRAM_LOOP_fu_187/mul_32ns_32ns_64_2_1_U32/mem_d0[2]_INST_0_i_9_n_0
                         LUT5 (Prop_lut5_I2_O)        0.124     3.335 f  bd_0_i/hls_inst/inst/grp_cpu_Pipeline_PROGRAM_LOOP_fu_187/mul_32ns_32ns_64_2_1_U32/mem_d0[2]_INST_0_i_5/O
                         net (fo=1, unplaced)         0.902     4.237    bd_0_i/hls_inst/inst/grp_cpu_Pipeline_PROGRAM_LOOP_fu_187/mul_32ns_32ns_64_2_1_U32/mem_d0[2]_INST_0_i_5_n_0
                         LUT6 (Prop_lut6_I3_O)        0.124     4.361 f  bd_0_i/hls_inst/inst/grp_cpu_Pipeline_PROGRAM_LOOP_fu_187/mul_32ns_32ns_64_2_1_U32/mem_d0[2]_INST_0_i_1/O
                         net (fo=6, unplaced)         0.481     4.842    bd_0_i/hls_inst/inst/grp_cpu_Pipeline_PROGRAM_LOOP_fu_187/mul_32ns_32ns_64_2_1_U32/reg_file_reg_795_reg[2]
                         LUT1 (Prop_lut1_I0_O)        0.124     4.966 r  bd_0_i/hls_inst/inst/grp_cpu_Pipeline_PROGRAM_LOOP_fu_187/mul_32ns_32ns_64_2_1_U32/mem_d0[2]_INST_0/O
                         net (fo=5, unplaced)         0.800     5.766    bd_0_i/hls_inst/inst/grp_cpu_Pipeline_PROGRAM_LOOP_fu_187/mul_32ns_32ns_64_2_1_U32/mem_q0[24]_0[2]
                         DSP48E1 (Prop_dsp48e1_A[2]_P[27])
                                                      3.841     9.607 r  bd_0_i/hls_inst/inst/grp_cpu_Pipeline_PROGRAM_LOOP_fu_187/mul_32ns_32ns_64_2_1_U32/tmp_product__0/P[27]
                         net (fo=2, unplaced)         0.800    10.406    bd_0_i/hls_inst/inst/grp_cpu_Pipeline_PROGRAM_LOOP_fu_187/mul_32ns_32ns_64_2_1_U32/tmp_product__0_0[10]
                         DSP48E1                                      r  bd_0_i/hls_inst/inst/grp_cpu_Pipeline_PROGRAM_LOOP_fu_187/mul_32ns_32ns_64_2_1_U32/buff0_reg__0/C[10]
  -------------------------------------------------------------------    -------------------

                         (clock ap_clk rise edge)    10.000    10.000 r  
                                                      0.000    10.000 r  ap_clk (IN)
                         net (fo=1505, unset)         0.924    10.924    bd_0_i/hls_inst/inst/grp_cpu_Pipeline_PROGRAM_LOOP_fu_187/mul_32ns_32ns_64_2_1_U32/ap_clk
                         DSP48E1                                      r  bd_0_i/hls_inst/inst/grp_cpu_Pipeline_PROGRAM_LOOP_fu_187/mul_32ns_32ns_64_2_1_U32/buff0_reg__0/CLK
                         clock pessimism              0.000    10.924    
                         clock uncertainty           -0.035    10.889    
                         DSP48E1 (Setup_dsp48e1_CLK_C[10])
                                                     -1.701     9.188    bd_0_i/hls_inst/inst/grp_cpu_Pipeline_PROGRAM_LOOP_fu_187/mul_32ns_32ns_64_2_1_U32/buff0_reg__0
  -------------------------------------------------------------------
                         required time                          9.188    
                         arrival time                         -10.406    
  -------------------------------------------------------------------
                         slack                                 -1.218    

Slack (VIOLATED) :        -1.218ns  (required time - arrival time)
  Source:                 bd_0_i/hls_inst/inst/grp_cpu_Pipeline_PROGRAM_LOOP_fu_187/reg_file_60_reg_493_reg[2]/C
                            (rising edge-triggered cell FDRE clocked by ap_clk  {rise@0.000ns fall@5.000ns period=10.000ns})
  Destination:            bd_0_i/hls_inst/inst/grp_cpu_Pipeline_PROGRAM_LOOP_fu_187/mul_32ns_32ns_64_2_1_U32/buff0_reg__0/C[11]
                            (rising edge-triggered cell DSP48E1 clocked by ap_clk  {rise@0.000ns fall@5.000ns period=10.000ns})
  Path Group:             ap_clk
  Path Type:              Setup (Max at Slow Process Corner)
  Requirement:            10.000ns  (ap_clk rise@10.000ns - ap_clk rise@0.000ns)
  Data Path Delay:        9.433ns  (logic 5.026ns (53.279%)  route 4.407ns (46.721%))
  Logic Levels:           5  (DSP48E1=1 LUT1=1 LUT5=1 LUT6=2)
  Clock Path Skew:        -0.049ns (DCD - SCD + CPR)
    Destination Clock Delay (DCD):    0.924ns = ( 10.924 - 10.000 ) 
    Source Clock Delay      (SCD):    0.973ns
    Clock Pessimism Removal (CPR):    0.000ns
  Clock Uncertainty:      0.035ns  ((TSJ^2 + TIJ^2)^1/2 + DJ) / 2 + PE
    Total System Jitter     (TSJ):    0.071ns
    Total Input Jitter      (TIJ):    0.000ns
    Discrete Jitter          (DJ):    0.000ns
    Phase Error              (PE):    0.000ns

    Location             Delay type                Incr(ns)  Path(ns)    Netlist Resource(s)
  -------------------------------------------------------------------    -------------------
                         (clock ap_clk rise edge)     0.000     0.000 r  
                                                      0.000     0.000 r  ap_clk (IN)
                         net (fo=1505, unset)         0.973     0.973    bd_0_i/hls_inst/inst/grp_cpu_Pipeline_PROGRAM_LOOP_fu_187/ap_clk
                         FDRE                                         r  bd_0_i/hls_inst/inst/grp_cpu_Pipeline_PROGRAM_LOOP_fu_187/reg_file_60_reg_493_reg[2]/C
  -------------------------------------------------------------------    -------------------
                         FDRE (Prop_fdre_C_Q)         0.518     1.491 r  bd_0_i/hls_inst/inst/grp_cpu_Pipeline_PROGRAM_LOOP_fu_187/reg_file_60_reg_493_reg[2]/Q
                         net (fo=2, unplaced)         0.976     2.467    bd_0_i/hls_inst/inst/grp_cpu_Pipeline_PROGRAM_LOOP_fu_187/mul_32ns_32ns_64_2_1_U32/reg_file_60_reg_493__0[2]
                         LUT6 (Prop_lut6_I0_O)        0.295     2.762 r  bd_0_i/hls_inst/inst/grp_cpu_Pipeline_PROGRAM_LOOP_fu_187/mul_32ns_32ns_64_2_1_U32/mem_d0[2]_INST_0_i_9/O
                         net (fo=1, unplaced)         0.449     3.211    bd_0_i/hls_inst/inst/grp_cpu_Pipeline_PROGRAM_LOOP_fu_187/mul_32ns_32ns_64_2_1_U32/mem_d0[2]_INST_0_i_9_n_0
                         LUT5 (Prop_lut5_I2_O)        0.124     3.335 f  bd_0_i/hls_inst/inst/grp_cpu_Pipeline_PROGRAM_LOOP_fu_187/mul_32ns_32ns_64_2_1_U32/mem_d0[2]_INST_0_i_5/O
                         net (fo=1, unplaced)         0.902     4.237    bd_0_i/hls_inst/inst/grp_cpu_Pipeline_PROGRAM_LOOP_fu_187/mul_32ns_32ns_64_2_1_U32/mem_d0[2]_INST_0_i_5_n_0
                         LUT6 (Prop_lut6_I3_O)        0.124     4.361 f  bd_0_i/hls_inst/inst/grp_cpu_Pipeline_PROGRAM_LOOP_fu_187/mul_32ns_32ns_64_2_1_U32/mem_d0[2]_INST_0_i_1/O
                         net (fo=6, unplaced)         0.481     4.842    bd_0_i/hls_inst/inst/grp_cpu_Pipeline_PROGRAM_LOOP_fu_187/mul_32ns_32ns_64_2_1_U32/reg_file_reg_795_reg[2]
                         LUT1 (Prop_lut1_I0_O)        0.124     4.966 r  bd_0_i/hls_inst/inst/grp_cpu_Pipeline_PROGRAM_LOOP_fu_187/mul_32ns_32ns_64_2_1_U32/mem_d0[2]_INST_0/O
                         net (fo=5, unplaced)         0.800     5.766    bd_0_i/hls_inst/inst/grp_cpu_Pipeline_PROGRAM_LOOP_fu_187/mul_32ns_32ns_64_2_1_U32/mem_q0[24]_0[2]
                         DSP48E1 (Prop_dsp48e1_A[2]_P[28])
                                                      3.841     9.607 r  bd_0_i/hls_inst/inst/grp_cpu_Pipeline_PROGRAM_LOOP_fu_187/mul_32ns_32ns_64_2_1_U32/tmp_product__0/P[28]
                         net (fo=2, unplaced)         0.800    10.406    bd_0_i/hls_inst/inst/grp_cpu_Pipeline_PROGRAM_LOOP_fu_187/mul_32ns_32ns_64_2_1_U32/tmp_product__0_0[11]
                         DSP48E1                                      r  bd_0_i/hls_inst/inst/grp_cpu_Pipeline_PROGRAM_LOOP_fu_187/mul_32ns_32ns_64_2_1_U32/buff0_reg__0/C[11]
  -------------------------------------------------------------------    -------------------

                         (clock ap_clk rise edge)    10.000    10.000 r  
                                                      0.000    10.000 r  ap_clk (IN)
                         net (fo=1505, unset)         0.924    10.924    bd_0_i/hls_inst/inst/grp_cpu_Pipeline_PROGRAM_LOOP_fu_187/mul_32ns_32ns_64_2_1_U32/ap_clk
                         DSP48E1                                      r  bd_0_i/hls_inst/inst/grp_cpu_Pipeline_PROGRAM_LOOP_fu_187/mul_32ns_32ns_64_2_1_U32/buff0_reg__0/CLK
                         clock pessimism              0.000    10.924    
                         clock uncertainty           -0.035    10.889    
                         DSP48E1 (Setup_dsp48e1_CLK_C[11])
                                                     -1.701     9.188    bd_0_i/hls_inst/inst/grp_cpu_Pipeline_PROGRAM_LOOP_fu_187/mul_32ns_32ns_64_2_1_U32/buff0_reg__0
  -------------------------------------------------------------------
                         required time                          9.188    
                         arrival time                         -10.406    
  -------------------------------------------------------------------
                         slack                                 -1.218    

Slack (VIOLATED) :        -1.218ns  (required time - arrival time)
  Source:                 bd_0_i/hls_inst/inst/grp_cpu_Pipeline_PROGRAM_LOOP_fu_187/reg_file_60_reg_493_reg[2]/C
                            (rising edge-triggered cell FDRE clocked by ap_clk  {rise@0.000ns fall@5.000ns period=10.000ns})
  Destination:            bd_0_i/hls_inst/inst/grp_cpu_Pipeline_PROGRAM_LOOP_fu_187/mul_32ns_32ns_64_2_1_U32/buff0_reg__0/C[12]
                            (rising edge-triggered cell DSP48E1 clocked by ap_clk  {rise@0.000ns fall@5.000ns period=10.000ns})
  Path Group:             ap_clk
  Path Type:              Setup (Max at Slow Process Corner)
  Requirement:            10.000ns  (ap_clk rise@10.000ns - ap_clk rise@0.000ns)
  Data Path Delay:        9.433ns  (logic 5.026ns (53.279%)  route 4.407ns (46.721%))
  Logic Levels:           5  (DSP48E1=1 LUT1=1 LUT5=1 LUT6=2)
  Clock Path Skew:        -0.049ns (DCD - SCD + CPR)
    Destination Clock Delay (DCD):    0.924ns = ( 10.924 - 10.000 ) 
    Source Clock Delay      (SCD):    0.973ns
    Clock Pessimism Removal (CPR):    0.000ns
  Clock Uncertainty:      0.035ns  ((TSJ^2 + TIJ^2)^1/2 + DJ) / 2 + PE
    Total System Jitter     (TSJ):    0.071ns
    Total Input Jitter      (TIJ):    0.000ns
    Discrete Jitter          (DJ):    0.000ns
    Phase Error              (PE):    0.000ns

    Location             Delay type                Incr(ns)  Path(ns)    Netlist Resource(s)
  -------------------------------------------------------------------    -------------------
                         (clock ap_clk rise edge)     0.000     0.000 r  
                                                      0.000     0.000 r  ap_clk (IN)
                         net (fo=1505, unset)         0.973     0.973    bd_0_i/hls_inst/inst/grp_cpu_Pipeline_PROGRAM_LOOP_fu_187/ap_clk
                         FDRE                                         r  bd_0_i/hls_inst/inst/grp_cpu_Pipeline_PROGRAM_LOOP_fu_187/reg_file_60_reg_493_reg[2]/C
  -------------------------------------------------------------------    -------------------
                         FDRE (Prop_fdre_C_Q)         0.518     1.491 r  bd_0_i/hls_inst/inst/grp_cpu_Pipeline_PROGRAM_LOOP_fu_187/reg_file_60_reg_493_reg[2]/Q
                         net (fo=2, unplaced)         0.976     2.467    bd_0_i/hls_inst/inst/grp_cpu_Pipeline_PROGRAM_LOOP_fu_187/mul_32ns_32ns_64_2_1_U32/reg_file_60_reg_493__0[2]
                         LUT6 (Prop_lut6_I0_O)        0.295     2.762 r  bd_0_i/hls_inst/inst/grp_cpu_Pipeline_PROGRAM_LOOP_fu_187/mul_32ns_32ns_64_2_1_U32/mem_d0[2]_INST_0_i_9/O
                         net (fo=1, unplaced)         0.449     3.211    bd_0_i/hls_inst/inst/grp_cpu_Pipeline_PROGRAM_LOOP_fu_187/mul_32ns_32ns_64_2_1_U32/mem_d0[2]_INST_0_i_9_n_0
                         LUT5 (Prop_lut5_I2_O)        0.124     3.335 f  bd_0_i/hls_inst/inst/grp_cpu_Pipeline_PROGRAM_LOOP_fu_187/mul_32ns_32ns_64_2_1_U32/mem_d0[2]_INST_0_i_5/O
                         net (fo=1, unplaced)         0.902     4.237    bd_0_i/hls_inst/inst/grp_cpu_Pipeline_PROGRAM_LOOP_fu_187/mul_32ns_32ns_64_2_1_U32/mem_d0[2]_INST_0_i_5_n_0
                         LUT6 (Prop_lut6_I3_O)        0.124     4.361 f  bd_0_i/hls_inst/inst/grp_cpu_Pipeline_PROGRAM_LOOP_fu_187/mul_32ns_32ns_64_2_1_U32/mem_d0[2]_INST_0_i_1/O
                         net (fo=6, unplaced)         0.481     4.842    bd_0_i/hls_inst/inst/grp_cpu_Pipeline_PROGRAM_LOOP_fu_187/mul_32ns_32ns_64_2_1_U32/reg_file_reg_795_reg[2]
                         LUT1 (Prop_lut1_I0_O)        0.124     4.966 r  bd_0_i/hls_inst/inst/grp_cpu_Pipeline_PROGRAM_LOOP_fu_187/mul_32ns_32ns_64_2_1_U32/mem_d0[2]_INST_0/O
                         net (fo=5, unplaced)         0.800     5.766    bd_0_i/hls_inst/inst/grp_cpu_Pipeline_PROGRAM_LOOP_fu_187/mul_32ns_32ns_64_2_1_U32/mem_q0[24]_0[2]
                         DSP48E1 (Prop_dsp48e1_A[2]_P[29])
                                                      3.841     9.607 r  bd_0_i/hls_inst/inst/grp_cpu_Pipeline_PROGRAM_LOOP_fu_187/mul_32ns_32ns_64_2_1_U32/tmp_product__0/P[29]
                         net (fo=2, unplaced)         0.800    10.406    bd_0_i/hls_inst/inst/grp_cpu_Pipeline_PROGRAM_LOOP_fu_187/mul_32ns_32ns_64_2_1_U32/tmp_product__0_0[12]
                         DSP48E1                                      r  bd_0_i/hls_inst/inst/grp_cpu_Pipeline_PROGRAM_LOOP_fu_187/mul_32ns_32ns_64_2_1_U32/buff0_reg__0/C[12]
  -------------------------------------------------------------------    -------------------

                         (clock ap_clk rise edge)    10.000    10.000 r  
                                                      0.000    10.000 r  ap_clk (IN)
                         net (fo=1505, unset)         0.924    10.924    bd_0_i/hls_inst/inst/grp_cpu_Pipeline_PROGRAM_LOOP_fu_187/mul_32ns_32ns_64_2_1_U32/ap_clk
                         DSP48E1                                      r  bd_0_i/hls_inst/inst/grp_cpu_Pipeline_PROGRAM_LOOP_fu_187/mul_32ns_32ns_64_2_1_U32/buff0_reg__0/CLK
                         clock pessimism              0.000    10.924    
                         clock uncertainty           -0.035    10.889    
                         DSP48E1 (Setup_dsp48e1_CLK_C[12])
                                                     -1.701     9.188    bd_0_i/hls_inst/inst/grp_cpu_Pipeline_PROGRAM_LOOP_fu_187/mul_32ns_32ns_64_2_1_U32/buff0_reg__0
  -------------------------------------------------------------------
                         required time                          9.188    
                         arrival time                         -10.406    
  -------------------------------------------------------------------
                         slack                                 -1.218    

Slack (VIOLATED) :        -1.218ns  (required time - arrival time)
  Source:                 bd_0_i/hls_inst/inst/grp_cpu_Pipeline_PROGRAM_LOOP_fu_187/reg_file_60_reg_493_reg[2]/C
                            (rising edge-triggered cell FDRE clocked by ap_clk  {rise@0.000ns fall@5.000ns period=10.000ns})
  Destination:            bd_0_i/hls_inst/inst/grp_cpu_Pipeline_PROGRAM_LOOP_fu_187/mul_32ns_32ns_64_2_1_U32/buff0_reg__0/C[13]
                            (rising edge-triggered cell DSP48E1 clocked by ap_clk  {rise@0.000ns fall@5.000ns period=10.000ns})
  Path Group:             ap_clk
  Path Type:              Setup (Max at Slow Process Corner)
  Requirement:            10.000ns  (ap_clk rise@10.000ns - ap_clk rise@0.000ns)
  Data Path Delay:        9.433ns  (logic 5.026ns (53.279%)  route 4.407ns (46.721%))
  Logic Levels:           5  (DSP48E1=1 LUT1=1 LUT5=1 LUT6=2)
  Clock Path Skew:        -0.049ns (DCD - SCD + CPR)
    Destination Clock Delay (DCD):    0.924ns = ( 10.924 - 10.000 ) 
    Source Clock Delay      (SCD):    0.973ns
    Clock Pessimism Removal (CPR):    0.000ns
  Clock Uncertainty:      0.035ns  ((TSJ^2 + TIJ^2)^1/2 + DJ) / 2 + PE
    Total System Jitter     (TSJ):    0.071ns
    Total Input Jitter      (TIJ):    0.000ns
    Discrete Jitter          (DJ):    0.000ns
    Phase Error              (PE):    0.000ns

    Location             Delay type                Incr(ns)  Path(ns)    Netlist Resource(s)
  -------------------------------------------------------------------    -------------------
                         (clock ap_clk rise edge)     0.000     0.000 r  
                                                      0.000     0.000 r  ap_clk (IN)
                         net (fo=1505, unset)         0.973     0.973    bd_0_i/hls_inst/inst/grp_cpu_Pipeline_PROGRAM_LOOP_fu_187/ap_clk
                         FDRE                                         r  bd_0_i/hls_inst/inst/grp_cpu_Pipeline_PROGRAM_LOOP_fu_187/reg_file_60_reg_493_reg[2]/C
  -------------------------------------------------------------------    -------------------
                         FDRE (Prop_fdre_C_Q)         0.518     1.491 r  bd_0_i/hls_inst/inst/grp_cpu_Pipeline_PROGRAM_LOOP_fu_187/reg_file_60_reg_493_reg[2]/Q
                         net (fo=2, unplaced)         0.976     2.467    bd_0_i/hls_inst/inst/grp_cpu_Pipeline_PROGRAM_LOOP_fu_187/mul_32ns_32ns_64_2_1_U32/reg_file_60_reg_493__0[2]
                         LUT6 (Prop_lut6_I0_O)        0.295     2.762 r  bd_0_i/hls_inst/inst/grp_cpu_Pipeline_PROGRAM_LOOP_fu_187/mul_32ns_32ns_64_2_1_U32/mem_d0[2]_INST_0_i_9/O
                         net (fo=1, unplaced)         0.449     3.211    bd_0_i/hls_inst/inst/grp_cpu_Pipeline_PROGRAM_LOOP_fu_187/mul_32ns_32ns_64_2_1_U32/mem_d0[2]_INST_0_i_9_n_0
                         LUT5 (Prop_lut5_I2_O)        0.124     3.335 f  bd_0_i/hls_inst/inst/grp_cpu_Pipeline_PROGRAM_LOOP_fu_187/mul_32ns_32ns_64_2_1_U32/mem_d0[2]_INST_0_i_5/O
                         net (fo=1, unplaced)         0.902     4.237    bd_0_i/hls_inst/inst/grp_cpu_Pipeline_PROGRAM_LOOP_fu_187/mul_32ns_32ns_64_2_1_U32/mem_d0[2]_INST_0_i_5_n_0
                         LUT6 (Prop_lut6_I3_O)        0.124     4.361 f  bd_0_i/hls_inst/inst/grp_cpu_Pipeline_PROGRAM_LOOP_fu_187/mul_32ns_32ns_64_2_1_U32/mem_d0[2]_INST_0_i_1/O
                         net (fo=6, unplaced)         0.481     4.842    bd_0_i/hls_inst/inst/grp_cpu_Pipeline_PROGRAM_LOOP_fu_187/mul_32ns_32ns_64_2_1_U32/reg_file_reg_795_reg[2]
                         LUT1 (Prop_lut1_I0_O)        0.124     4.966 r  bd_0_i/hls_inst/inst/grp_cpu_Pipeline_PROGRAM_LOOP_fu_187/mul_32ns_32ns_64_2_1_U32/mem_d0[2]_INST_0/O
                         net (fo=5, unplaced)         0.800     5.766    bd_0_i/hls_inst/inst/grp_cpu_Pipeline_PROGRAM_LOOP_fu_187/mul_32ns_32ns_64_2_1_U32/mem_q0[24]_0[2]
                         DSP48E1 (Prop_dsp48e1_A[2]_P[30])
                                                      3.841     9.607 r  bd_0_i/hls_inst/inst/grp_cpu_Pipeline_PROGRAM_LOOP_fu_187/mul_32ns_32ns_64_2_1_U32/tmp_product__0/P[30]
                         net (fo=2, unplaced)         0.800    10.406    bd_0_i/hls_inst/inst/grp_cpu_Pipeline_PROGRAM_LOOP_fu_187/mul_32ns_32ns_64_2_1_U32/tmp_product__0_0[13]
                         DSP48E1                                      r  bd_0_i/hls_inst/inst/grp_cpu_Pipeline_PROGRAM_LOOP_fu_187/mul_32ns_32ns_64_2_1_U32/buff0_reg__0/C[13]
  -------------------------------------------------------------------    -------------------

                         (clock ap_clk rise edge)    10.000    10.000 r  
                                                      0.000    10.000 r  ap_clk (IN)
                         net (fo=1505, unset)         0.924    10.924    bd_0_i/hls_inst/inst/grp_cpu_Pipeline_PROGRAM_LOOP_fu_187/mul_32ns_32ns_64_2_1_U32/ap_clk
                         DSP48E1                                      r  bd_0_i/hls_inst/inst/grp_cpu_Pipeline_PROGRAM_LOOP_fu_187/mul_32ns_32ns_64_2_1_U32/buff0_reg__0/CLK
                         clock pessimism              0.000    10.924    
                         clock uncertainty           -0.035    10.889    
                         DSP48E1 (Setup_dsp48e1_CLK_C[13])
                                                     -1.701     9.188    bd_0_i/hls_inst/inst/grp_cpu_Pipeline_PROGRAM_LOOP_fu_187/mul_32ns_32ns_64_2_1_U32/buff0_reg__0
  -------------------------------------------------------------------
                         required time                          9.188    
                         arrival time                         -10.406    
  -------------------------------------------------------------------
                         slack                                 -1.218    

Slack (VIOLATED) :        -1.218ns  (required time - arrival time)
  Source:                 bd_0_i/hls_inst/inst/grp_cpu_Pipeline_PROGRAM_LOOP_fu_187/reg_file_60_reg_493_reg[2]/C
                            (rising edge-triggered cell FDRE clocked by ap_clk  {rise@0.000ns fall@5.000ns period=10.000ns})
  Destination:            bd_0_i/hls_inst/inst/grp_cpu_Pipeline_PROGRAM_LOOP_fu_187/mul_32ns_32ns_64_2_1_U32/buff0_reg__0/C[14]
                            (rising edge-triggered cell DSP48E1 clocked by ap_clk  {rise@0.000ns fall@5.000ns period=10.000ns})
  Path Group:             ap_clk
  Path Type:              Setup (Max at Slow Process Corner)
  Requirement:            10.000ns  (ap_clk rise@10.000ns - ap_clk rise@0.000ns)
  Data Path Delay:        9.433ns  (logic 5.026ns (53.279%)  route 4.407ns (46.721%))
  Logic Levels:           5  (DSP48E1=1 LUT1=1 LUT5=1 LUT6=2)
  Clock Path Skew:        -0.049ns (DCD - SCD + CPR)
    Destination Clock Delay (DCD):    0.924ns = ( 10.924 - 10.000 ) 
    Source Clock Delay      (SCD):    0.973ns
    Clock Pessimism Removal (CPR):    0.000ns
  Clock Uncertainty:      0.035ns  ((TSJ^2 + TIJ^2)^1/2 + DJ) / 2 + PE
    Total System Jitter     (TSJ):    0.071ns
    Total Input Jitter      (TIJ):    0.000ns
    Discrete Jitter          (DJ):    0.000ns
    Phase Error              (PE):    0.000ns

    Location             Delay type                Incr(ns)  Path(ns)    Netlist Resource(s)
  -------------------------------------------------------------------    -------------------
                         (clock ap_clk rise edge)     0.000     0.000 r  
                                                      0.000     0.000 r  ap_clk (IN)
                         net (fo=1505, unset)         0.973     0.973    bd_0_i/hls_inst/inst/grp_cpu_Pipeline_PROGRAM_LOOP_fu_187/ap_clk
                         FDRE                                         r  bd_0_i/hls_inst/inst/grp_cpu_Pipeline_PROGRAM_LOOP_fu_187/reg_file_60_reg_493_reg[2]/C
  -------------------------------------------------------------------    -------------------
                         FDRE (Prop_fdre_C_Q)         0.518     1.491 r  bd_0_i/hls_inst/inst/grp_cpu_Pipeline_PROGRAM_LOOP_fu_187/reg_file_60_reg_493_reg[2]/Q
                         net (fo=2, unplaced)         0.976     2.467    bd_0_i/hls_inst/inst/grp_cpu_Pipeline_PROGRAM_LOOP_fu_187/mul_32ns_32ns_64_2_1_U32/reg_file_60_reg_493__0[2]
                         LUT6 (Prop_lut6_I0_O)        0.295     2.762 r  bd_0_i/hls_inst/inst/grp_cpu_Pipeline_PROGRAM_LOOP_fu_187/mul_32ns_32ns_64_2_1_U32/mem_d0[2]_INST_0_i_9/O
                         net (fo=1, unplaced)         0.449     3.211    bd_0_i/hls_inst/inst/grp_cpu_Pipeline_PROGRAM_LOOP_fu_187/mul_32ns_32ns_64_2_1_U32/mem_d0[2]_INST_0_i_9_n_0
                         LUT5 (Prop_lut5_I2_O)        0.124     3.335 f  bd_0_i/hls_inst/inst/grp_cpu_Pipeline_PROGRAM_LOOP_fu_187/mul_32ns_32ns_64_2_1_U32/mem_d0[2]_INST_0_i_5/O
                         net (fo=1, unplaced)         0.902     4.237    bd_0_i/hls_inst/inst/grp_cpu_Pipeline_PROGRAM_LOOP_fu_187/mul_32ns_32ns_64_2_1_U32/mem_d0[2]_INST_0_i_5_n_0
                         LUT6 (Prop_lut6_I3_O)        0.124     4.361 f  bd_0_i/hls_inst/inst/grp_cpu_Pipeline_PROGRAM_LOOP_fu_187/mul_32ns_32ns_64_2_1_U32/mem_d0[2]_INST_0_i_1/O
                         net (fo=6, unplaced)         0.481     4.842    bd_0_i/hls_inst/inst/grp_cpu_Pipeline_PROGRAM_LOOP_fu_187/mul_32ns_32ns_64_2_1_U32/reg_file_reg_795_reg[2]
                         LUT1 (Prop_lut1_I0_O)        0.124     4.966 r  bd_0_i/hls_inst/inst/grp_cpu_Pipeline_PROGRAM_LOOP_fu_187/mul_32ns_32ns_64_2_1_U32/mem_d0[2]_INST_0/O
                         net (fo=5, unplaced)         0.800     5.766    bd_0_i/hls_inst/inst/grp_cpu_Pipeline_PROGRAM_LOOP_fu_187/mul_32ns_32ns_64_2_1_U32/mem_q0[24]_0[2]
                         DSP48E1 (Prop_dsp48e1_A[2]_P[31])
                                                      3.841     9.607 r  bd_0_i/hls_inst/inst/grp_cpu_Pipeline_PROGRAM_LOOP_fu_187/mul_32ns_32ns_64_2_1_U32/tmp_product__0/P[31]
                         net (fo=2, unplaced)         0.800    10.406    bd_0_i/hls_inst/inst/grp_cpu_Pipeline_PROGRAM_LOOP_fu_187/mul_32ns_32ns_64_2_1_U32/tmp_product__0_0[14]
                         DSP48E1                                      r  bd_0_i/hls_inst/inst/grp_cpu_Pipeline_PROGRAM_LOOP_fu_187/mul_32ns_32ns_64_2_1_U32/buff0_reg__0/C[14]
  -------------------------------------------------------------------    -------------------

                         (clock ap_clk rise edge)    10.000    10.000 r  
                                                      0.000    10.000 r  ap_clk (IN)
                         net (fo=1505, unset)         0.924    10.924    bd_0_i/hls_inst/inst/grp_cpu_Pipeline_PROGRAM_LOOP_fu_187/mul_32ns_32ns_64_2_1_U32/ap_clk
                         DSP48E1                                      r  bd_0_i/hls_inst/inst/grp_cpu_Pipeline_PROGRAM_LOOP_fu_187/mul_32ns_32ns_64_2_1_U32/buff0_reg__0/CLK
                         clock pessimism              0.000    10.924    
                         clock uncertainty           -0.035    10.889    
                         DSP48E1 (Setup_dsp48e1_CLK_C[14])
                                                     -1.701     9.188    bd_0_i/hls_inst/inst/grp_cpu_Pipeline_PROGRAM_LOOP_fu_187/mul_32ns_32ns_64_2_1_U32/buff0_reg__0
  -------------------------------------------------------------------
                         required time                          9.188    
                         arrival time                         -10.406    
  -------------------------------------------------------------------
                         slack                                 -1.218    

Slack (VIOLATED) :        -1.218ns  (required time - arrival time)
  Source:                 bd_0_i/hls_inst/inst/grp_cpu_Pipeline_PROGRAM_LOOP_fu_187/reg_file_60_reg_493_reg[2]/C
                            (rising edge-triggered cell FDRE clocked by ap_clk  {rise@0.000ns fall@5.000ns period=10.000ns})
  Destination:            bd_0_i/hls_inst/inst/grp_cpu_Pipeline_PROGRAM_LOOP_fu_187/mul_32ns_32ns_64_2_1_U32/buff0_reg__0/C[15]
                            (rising edge-triggered cell DSP48E1 clocked by ap_clk  {rise@0.000ns fall@5.000ns period=10.000ns})
  Path Group:             ap_clk
  Path Type:              Setup (Max at Slow Process Corner)
  Requirement:            10.000ns  (ap_clk rise@10.000ns - ap_clk rise@0.000ns)
  Data Path Delay:        9.433ns  (logic 5.026ns (53.279%)  route 4.407ns (46.721%))
  Logic Levels:           5  (DSP48E1=1 LUT1=1 LUT5=1 LUT6=2)
  Clock Path Skew:        -0.049ns (DCD - SCD + CPR)
    Destination Clock Delay (DCD):    0.924ns = ( 10.924 - 10.000 ) 
    Source Clock Delay      (SCD):    0.973ns
    Clock Pessimism Removal (CPR):    0.000ns
  Clock Uncertainty:      0.035ns  ((TSJ^2 + TIJ^2)^1/2 + DJ) / 2 + PE
    Total System Jitter     (TSJ):    0.071ns
    Total Input Jitter      (TIJ):    0.000ns
    Discrete Jitter          (DJ):    0.000ns
    Phase Error              (PE):    0.000ns

    Location             Delay type                Incr(ns)  Path(ns)    Netlist Resource(s)
  -------------------------------------------------------------------    -------------------
                         (clock ap_clk rise edge)     0.000     0.000 r  
                                                      0.000     0.000 r  ap_clk (IN)
                         net (fo=1505, unset)         0.973     0.973    bd_0_i/hls_inst/inst/grp_cpu_Pipeline_PROGRAM_LOOP_fu_187/ap_clk
                         FDRE                                         r  bd_0_i/hls_inst/inst/grp_cpu_Pipeline_PROGRAM_LOOP_fu_187/reg_file_60_reg_493_reg[2]/C
  -------------------------------------------------------------------    -------------------
                         FDRE (Prop_fdre_C_Q)         0.518     1.491 r  bd_0_i/hls_inst/inst/grp_cpu_Pipeline_PROGRAM_LOOP_fu_187/reg_file_60_reg_493_reg[2]/Q
                         net (fo=2, unplaced)         0.976     2.467    bd_0_i/hls_inst/inst/grp_cpu_Pipeline_PROGRAM_LOOP_fu_187/mul_32ns_32ns_64_2_1_U32/reg_file_60_reg_493__0[2]
                         LUT6 (Prop_lut6_I0_O)        0.295     2.762 r  bd_0_i/hls_inst/inst/grp_cpu_Pipeline_PROGRAM_LOOP_fu_187/mul_32ns_32ns_64_2_1_U32/mem_d0[2]_INST_0_i_9/O
                         net (fo=1, unplaced)         0.449     3.211    bd_0_i/hls_inst/inst/grp_cpu_Pipeline_PROGRAM_LOOP_fu_187/mul_32ns_32ns_64_2_1_U32/mem_d0[2]_INST_0_i_9_n_0
                         LUT5 (Prop_lut5_I2_O)        0.124     3.335 f  bd_0_i/hls_inst/inst/grp_cpu_Pipeline_PROGRAM_LOOP_fu_187/mul_32ns_32ns_64_2_1_U32/mem_d0[2]_INST_0_i_5/O
                         net (fo=1, unplaced)         0.902     4.237    bd_0_i/hls_inst/inst/grp_cpu_Pipeline_PROGRAM_LOOP_fu_187/mul_32ns_32ns_64_2_1_U32/mem_d0[2]_INST_0_i_5_n_0
                         LUT6 (Prop_lut6_I3_O)        0.124     4.361 f  bd_0_i/hls_inst/inst/grp_cpu_Pipeline_PROGRAM_LOOP_fu_187/mul_32ns_32ns_64_2_1_U32/mem_d0[2]_INST_0_i_1/O
                         net (fo=6, unplaced)         0.481     4.842    bd_0_i/hls_inst/inst/grp_cpu_Pipeline_PROGRAM_LOOP_fu_187/mul_32ns_32ns_64_2_1_U32/reg_file_reg_795_reg[2]
                         LUT1 (Prop_lut1_I0_O)        0.124     4.966 r  bd_0_i/hls_inst/inst/grp_cpu_Pipeline_PROGRAM_LOOP_fu_187/mul_32ns_32ns_64_2_1_U32/mem_d0[2]_INST_0/O
                         net (fo=5, unplaced)         0.800     5.766    bd_0_i/hls_inst/inst/grp_cpu_Pipeline_PROGRAM_LOOP_fu_187/mul_32ns_32ns_64_2_1_U32/mem_q0[24]_0[2]
                         DSP48E1 (Prop_dsp48e1_A[2]_P[32])
                                                      3.841     9.607 r  bd_0_i/hls_inst/inst/grp_cpu_Pipeline_PROGRAM_LOOP_fu_187/mul_32ns_32ns_64_2_1_U32/tmp_product__0/P[32]
                         net (fo=2, unplaced)         0.800    10.406    bd_0_i/hls_inst/inst/grp_cpu_Pipeline_PROGRAM_LOOP_fu_187/mul_32ns_32ns_64_2_1_U32/tmp_product__0_0[15]
                         DSP48E1                                      r  bd_0_i/hls_inst/inst/grp_cpu_Pipeline_PROGRAM_LOOP_fu_187/mul_32ns_32ns_64_2_1_U32/buff0_reg__0/C[15]
  -------------------------------------------------------------------    -------------------

                         (clock ap_clk rise edge)    10.000    10.000 r  
                                                      0.000    10.000 r  ap_clk (IN)
                         net (fo=1505, unset)         0.924    10.924    bd_0_i/hls_inst/inst/grp_cpu_Pipeline_PROGRAM_LOOP_fu_187/mul_32ns_32ns_64_2_1_U32/ap_clk
                         DSP48E1                                      r  bd_0_i/hls_inst/inst/grp_cpu_Pipeline_PROGRAM_LOOP_fu_187/mul_32ns_32ns_64_2_1_U32/buff0_reg__0/CLK
                         clock pessimism              0.000    10.924    
                         clock uncertainty           -0.035    10.889    
                         DSP48E1 (Setup_dsp48e1_CLK_C[15])
                                                     -1.701     9.188    bd_0_i/hls_inst/inst/grp_cpu_Pipeline_PROGRAM_LOOP_fu_187/mul_32ns_32ns_64_2_1_U32/buff0_reg__0
  -------------------------------------------------------------------
                         required time                          9.188    
                         arrival time                         -10.406    
  -------------------------------------------------------------------
                         slack                                 -1.218    

Slack (VIOLATED) :        -1.218ns  (required time - arrival time)
  Source:                 bd_0_i/hls_inst/inst/grp_cpu_Pipeline_PROGRAM_LOOP_fu_187/reg_file_60_reg_493_reg[2]/C
                            (rising edge-triggered cell FDRE clocked by ap_clk  {rise@0.000ns fall@5.000ns period=10.000ns})
  Destination:            bd_0_i/hls_inst/inst/grp_cpu_Pipeline_PROGRAM_LOOP_fu_187/mul_32ns_32ns_64_2_1_U32/buff0_reg__0/C[16]
                            (rising edge-triggered cell DSP48E1 clocked by ap_clk  {rise@0.000ns fall@5.000ns period=10.000ns})
  Path Group:             ap_clk
  Path Type:              Setup (Max at Slow Process Corner)
  Requirement:            10.000ns  (ap_clk rise@10.000ns - ap_clk rise@0.000ns)
  Data Path Delay:        9.433ns  (logic 5.026ns (53.279%)  route 4.407ns (46.721%))
  Logic Levels:           5  (DSP48E1=1 LUT1=1 LUT5=1 LUT6=2)
  Clock Path Skew:        -0.049ns (DCD - SCD + CPR)
    Destination Clock Delay (DCD):    0.924ns = ( 10.924 - 10.000 ) 
    Source Clock Delay      (SCD):    0.973ns
    Clock Pessimism Removal (CPR):    0.000ns
  Clock Uncertainty:      0.035ns  ((TSJ^2 + TIJ^2)^1/2 + DJ) / 2 + PE
    Total System Jitter     (TSJ):    0.071ns
    Total Input Jitter      (TIJ):    0.000ns
    Discrete Jitter          (DJ):    0.000ns
    Phase Error              (PE):    0.000ns

    Location             Delay type                Incr(ns)  Path(ns)    Netlist Resource(s)
  -------------------------------------------------------------------    -------------------
                         (clock ap_clk rise edge)     0.000     0.000 r  
                                                      0.000     0.000 r  ap_clk (IN)
                         net (fo=1505, unset)         0.973     0.973    bd_0_i/hls_inst/inst/grp_cpu_Pipeline_PROGRAM_LOOP_fu_187/ap_clk
                         FDRE                                         r  bd_0_i/hls_inst/inst/grp_cpu_Pipeline_PROGRAM_LOOP_fu_187/reg_file_60_reg_493_reg[2]/C
  -------------------------------------------------------------------    -------------------
                         FDRE (Prop_fdre_C_Q)         0.518     1.491 r  bd_0_i/hls_inst/inst/grp_cpu_Pipeline_PROGRAM_LOOP_fu_187/reg_file_60_reg_493_reg[2]/Q
                         net (fo=2, unplaced)         0.976     2.467    bd_0_i/hls_inst/inst/grp_cpu_Pipeline_PROGRAM_LOOP_fu_187/mul_32ns_32ns_64_2_1_U32/reg_file_60_reg_493__0[2]
                         LUT6 (Prop_lut6_I0_O)        0.295     2.762 r  bd_0_i/hls_inst/inst/grp_cpu_Pipeline_PROGRAM_LOOP_fu_187/mul_32ns_32ns_64_2_1_U32/mem_d0[2]_INST_0_i_9/O
                         net (fo=1, unplaced)         0.449     3.211    bd_0_i/hls_inst/inst/grp_cpu_Pipeline_PROGRAM_LOOP_fu_187/mul_32ns_32ns_64_2_1_U32/mem_d0[2]_INST_0_i_9_n_0
                         LUT5 (Prop_lut5_I2_O)        0.124     3.335 f  bd_0_i/hls_inst/inst/grp_cpu_Pipeline_PROGRAM_LOOP_fu_187/mul_32ns_32ns_64_2_1_U32/mem_d0[2]_INST_0_i_5/O
                         net (fo=1, unplaced)         0.902     4.237    bd_0_i/hls_inst/inst/grp_cpu_Pipeline_PROGRAM_LOOP_fu_187/mul_32ns_32ns_64_2_1_U32/mem_d0[2]_INST_0_i_5_n_0
                         LUT6 (Prop_lut6_I3_O)        0.124     4.361 f  bd_0_i/hls_inst/inst/grp_cpu_Pipeline_PROGRAM_LOOP_fu_187/mul_32ns_32ns_64_2_1_U32/mem_d0[2]_INST_0_i_1/O
                         net (fo=6, unplaced)         0.481     4.842    bd_0_i/hls_inst/inst/grp_cpu_Pipeline_PROGRAM_LOOP_fu_187/mul_32ns_32ns_64_2_1_U32/reg_file_reg_795_reg[2]
                         LUT1 (Prop_lut1_I0_O)        0.124     4.966 r  bd_0_i/hls_inst/inst/grp_cpu_Pipeline_PROGRAM_LOOP_fu_187/mul_32ns_32ns_64_2_1_U32/mem_d0[2]_INST_0/O
                         net (fo=5, unplaced)         0.800     5.766    bd_0_i/hls_inst/inst/grp_cpu_Pipeline_PROGRAM_LOOP_fu_187/mul_32ns_32ns_64_2_1_U32/mem_q0[24]_0[2]
                         DSP48E1 (Prop_dsp48e1_A[2]_P[33])
                                                      3.841     9.607 r  bd_0_i/hls_inst/inst/grp_cpu_Pipeline_PROGRAM_LOOP_fu_187/mul_32ns_32ns_64_2_1_U32/tmp_product__0/P[33]
                         net (fo=2, unplaced)         0.800    10.406    bd_0_i/hls_inst/inst/grp_cpu_Pipeline_PROGRAM_LOOP_fu_187/mul_32ns_32ns_64_2_1_U32/tmp_product__0_0[16]
                         DSP48E1                                      r  bd_0_i/hls_inst/inst/grp_cpu_Pipeline_PROGRAM_LOOP_fu_187/mul_32ns_32ns_64_2_1_U32/buff0_reg__0/C[16]
  -------------------------------------------------------------------    -------------------

                         (clock ap_clk rise edge)    10.000    10.000 r  
                                                      0.000    10.000 r  ap_clk (IN)
                         net (fo=1505, unset)         0.924    10.924    bd_0_i/hls_inst/inst/grp_cpu_Pipeline_PROGRAM_LOOP_fu_187/mul_32ns_32ns_64_2_1_U32/ap_clk
                         DSP48E1                                      r  bd_0_i/hls_inst/inst/grp_cpu_Pipeline_PROGRAM_LOOP_fu_187/mul_32ns_32ns_64_2_1_U32/buff0_reg__0/CLK
                         clock pessimism              0.000    10.924    
                         clock uncertainty           -0.035    10.889    
                         DSP48E1 (Setup_dsp48e1_CLK_C[16])
                                                     -1.701     9.188    bd_0_i/hls_inst/inst/grp_cpu_Pipeline_PROGRAM_LOOP_fu_187/mul_32ns_32ns_64_2_1_U32/buff0_reg__0
  -------------------------------------------------------------------
                         required time                          9.188    
                         arrival time                         -10.406    
  -------------------------------------------------------------------
                         slack                                 -1.218    

Slack (VIOLATED) :        -1.218ns  (required time - arrival time)
  Source:                 bd_0_i/hls_inst/inst/grp_cpu_Pipeline_PROGRAM_LOOP_fu_187/reg_file_60_reg_493_reg[2]/C
                            (rising edge-triggered cell FDRE clocked by ap_clk  {rise@0.000ns fall@5.000ns period=10.000ns})
  Destination:            bd_0_i/hls_inst/inst/grp_cpu_Pipeline_PROGRAM_LOOP_fu_187/mul_32ns_32ns_64_2_1_U32/buff0_reg__0/C[17]
                            (rising edge-triggered cell DSP48E1 clocked by ap_clk  {rise@0.000ns fall@5.000ns period=10.000ns})
  Path Group:             ap_clk
  Path Type:              Setup (Max at Slow Process Corner)
  Requirement:            10.000ns  (ap_clk rise@10.000ns - ap_clk rise@0.000ns)
  Data Path Delay:        9.433ns  (logic 5.026ns (53.279%)  route 4.407ns (46.721%))
  Logic Levels:           5  (DSP48E1=1 LUT1=1 LUT5=1 LUT6=2)
  Clock Path Skew:        -0.049ns (DCD - SCD + CPR)
    Destination Clock Delay (DCD):    0.924ns = ( 10.924 - 10.000 ) 
    Source Clock Delay      (SCD):    0.973ns
    Clock Pessimism Removal (CPR):    0.000ns
  Clock Uncertainty:      0.035ns  ((TSJ^2 + TIJ^2)^1/2 + DJ) / 2 + PE
    Total System Jitter     (TSJ):    0.071ns
    Total Input Jitter      (TIJ):    0.000ns
    Discrete Jitter          (DJ):    0.000ns
    Phase Error              (PE):    0.000ns

    Location             Delay type                Incr(ns)  Path(ns)    Netlist Resource(s)
  -------------------------------------------------------------------    -------------------
                         (clock ap_clk rise edge)     0.000     0.000 r  
                                                      0.000     0.000 r  ap_clk (IN)
                         net (fo=1505, unset)         0.973     0.973    bd_0_i/hls_inst/inst/grp_cpu_Pipeline_PROGRAM_LOOP_fu_187/ap_clk
                         FDRE                                         r  bd_0_i/hls_inst/inst/grp_cpu_Pipeline_PROGRAM_LOOP_fu_187/reg_file_60_reg_493_reg[2]/C
  -------------------------------------------------------------------    -------------------
                         FDRE (Prop_fdre_C_Q)         0.518     1.491 r  bd_0_i/hls_inst/inst/grp_cpu_Pipeline_PROGRAM_LOOP_fu_187/reg_file_60_reg_493_reg[2]/Q
                         net (fo=2, unplaced)         0.976     2.467    bd_0_i/hls_inst/inst/grp_cpu_Pipeline_PROGRAM_LOOP_fu_187/mul_32ns_32ns_64_2_1_U32/reg_file_60_reg_493__0[2]
                         LUT6 (Prop_lut6_I0_O)        0.295     2.762 r  bd_0_i/hls_inst/inst/grp_cpu_Pipeline_PROGRAM_LOOP_fu_187/mul_32ns_32ns_64_2_1_U32/mem_d0[2]_INST_0_i_9/O
                         net (fo=1, unplaced)         0.449     3.211    bd_0_i/hls_inst/inst/grp_cpu_Pipeline_PROGRAM_LOOP_fu_187/mul_32ns_32ns_64_2_1_U32/mem_d0[2]_INST_0_i_9_n_0
                         LUT5 (Prop_lut5_I2_O)        0.124     3.335 f  bd_0_i/hls_inst/inst/grp_cpu_Pipeline_PROGRAM_LOOP_fu_187/mul_32ns_32ns_64_2_1_U32/mem_d0[2]_INST_0_i_5/O
                         net (fo=1, unplaced)         0.902     4.237    bd_0_i/hls_inst/inst/grp_cpu_Pipeline_PROGRAM_LOOP_fu_187/mul_32ns_32ns_64_2_1_U32/mem_d0[2]_INST_0_i_5_n_0
                         LUT6 (Prop_lut6_I3_O)        0.124     4.361 f  bd_0_i/hls_inst/inst/grp_cpu_Pipeline_PROGRAM_LOOP_fu_187/mul_32ns_32ns_64_2_1_U32/mem_d0[2]_INST_0_i_1/O
                         net (fo=6, unplaced)         0.481     4.842    bd_0_i/hls_inst/inst/grp_cpu_Pipeline_PROGRAM_LOOP_fu_187/mul_32ns_32ns_64_2_1_U32/reg_file_reg_795_reg[2]
                         LUT1 (Prop_lut1_I0_O)        0.124     4.966 r  bd_0_i/hls_inst/inst/grp_cpu_Pipeline_PROGRAM_LOOP_fu_187/mul_32ns_32ns_64_2_1_U32/mem_d0[2]_INST_0/O
                         net (fo=5, unplaced)         0.800     5.766    bd_0_i/hls_inst/inst/grp_cpu_Pipeline_PROGRAM_LOOP_fu_187/mul_32ns_32ns_64_2_1_U32/mem_q0[24]_0[2]
                         DSP48E1 (Prop_dsp48e1_A[2]_P[34])
                                                      3.841     9.607 r  bd_0_i/hls_inst/inst/grp_cpu_Pipeline_PROGRAM_LOOP_fu_187/mul_32ns_32ns_64_2_1_U32/tmp_product__0/P[34]
                         net (fo=2, unplaced)         0.800    10.406    bd_0_i/hls_inst/inst/grp_cpu_Pipeline_PROGRAM_LOOP_fu_187/mul_32ns_32ns_64_2_1_U32/tmp_product__0_0[17]
                         DSP48E1                                      r  bd_0_i/hls_inst/inst/grp_cpu_Pipeline_PROGRAM_LOOP_fu_187/mul_32ns_32ns_64_2_1_U32/buff0_reg__0/C[17]
  -------------------------------------------------------------------    -------------------

                         (clock ap_clk rise edge)    10.000    10.000 r  
                                                      0.000    10.000 r  ap_clk (IN)
                         net (fo=1505, unset)         0.924    10.924    bd_0_i/hls_inst/inst/grp_cpu_Pipeline_PROGRAM_LOOP_fu_187/mul_32ns_32ns_64_2_1_U32/ap_clk
                         DSP48E1                                      r  bd_0_i/hls_inst/inst/grp_cpu_Pipeline_PROGRAM_LOOP_fu_187/mul_32ns_32ns_64_2_1_U32/buff0_reg__0/CLK
                         clock pessimism              0.000    10.924    
                         clock uncertainty           -0.035    10.889    
                         DSP48E1 (Setup_dsp48e1_CLK_C[17])
                                                     -1.701     9.188    bd_0_i/hls_inst/inst/grp_cpu_Pipeline_PROGRAM_LOOP_fu_187/mul_32ns_32ns_64_2_1_U32/buff0_reg__0
  -------------------------------------------------------------------
                         required time                          9.188    
                         arrival time                         -10.406    
  -------------------------------------------------------------------
                         slack                                 -1.218    

Slack (VIOLATED) :        -1.218ns  (required time - arrival time)
  Source:                 bd_0_i/hls_inst/inst/grp_cpu_Pipeline_PROGRAM_LOOP_fu_187/reg_file_60_reg_493_reg[2]/C
                            (rising edge-triggered cell FDRE clocked by ap_clk  {rise@0.000ns fall@5.000ns period=10.000ns})
  Destination:            bd_0_i/hls_inst/inst/grp_cpu_Pipeline_PROGRAM_LOOP_fu_187/mul_32ns_32ns_64_2_1_U32/buff0_reg__0/C[18]
                            (rising edge-triggered cell DSP48E1 clocked by ap_clk  {rise@0.000ns fall@5.000ns period=10.000ns})
  Path Group:             ap_clk
  Path Type:              Setup (Max at Slow Process Corner)
  Requirement:            10.000ns  (ap_clk rise@10.000ns - ap_clk rise@0.000ns)
  Data Path Delay:        9.433ns  (logic 5.026ns (53.279%)  route 4.407ns (46.721%))
  Logic Levels:           5  (DSP48E1=1 LUT1=1 LUT5=1 LUT6=2)
  Clock Path Skew:        -0.049ns (DCD - SCD + CPR)
    Destination Clock Delay (DCD):    0.924ns = ( 10.924 - 10.000 ) 
    Source Clock Delay      (SCD):    0.973ns
    Clock Pessimism Removal (CPR):    0.000ns
  Clock Uncertainty:      0.035ns  ((TSJ^2 + TIJ^2)^1/2 + DJ) / 2 + PE
    Total System Jitter     (TSJ):    0.071ns
    Total Input Jitter      (TIJ):    0.000ns
    Discrete Jitter          (DJ):    0.000ns
    Phase Error              (PE):    0.000ns

    Location             Delay type                Incr(ns)  Path(ns)    Netlist Resource(s)
  -------------------------------------------------------------------    -------------------
                         (clock ap_clk rise edge)     0.000     0.000 r  
                                                      0.000     0.000 r  ap_clk (IN)
                         net (fo=1505, unset)         0.973     0.973    bd_0_i/hls_inst/inst/grp_cpu_Pipeline_PROGRAM_LOOP_fu_187/ap_clk
                         FDRE                                         r  bd_0_i/hls_inst/inst/grp_cpu_Pipeline_PROGRAM_LOOP_fu_187/reg_file_60_reg_493_reg[2]/C
  -------------------------------------------------------------------    -------------------
                         FDRE (Prop_fdre_C_Q)         0.518     1.491 r  bd_0_i/hls_inst/inst/grp_cpu_Pipeline_PROGRAM_LOOP_fu_187/reg_file_60_reg_493_reg[2]/Q
                         net (fo=2, unplaced)         0.976     2.467    bd_0_i/hls_inst/inst/grp_cpu_Pipeline_PROGRAM_LOOP_fu_187/mul_32ns_32ns_64_2_1_U32/reg_file_60_reg_493__0[2]
                         LUT6 (Prop_lut6_I0_O)        0.295     2.762 r  bd_0_i/hls_inst/inst/grp_cpu_Pipeline_PROGRAM_LOOP_fu_187/mul_32ns_32ns_64_2_1_U32/mem_d0[2]_INST_0_i_9/O
                         net (fo=1, unplaced)         0.449     3.211    bd_0_i/hls_inst/inst/grp_cpu_Pipeline_PROGRAM_LOOP_fu_187/mul_32ns_32ns_64_2_1_U32/mem_d0[2]_INST_0_i_9_n_0
                         LUT5 (Prop_lut5_I2_O)        0.124     3.335 f  bd_0_i/hls_inst/inst/grp_cpu_Pipeline_PROGRAM_LOOP_fu_187/mul_32ns_32ns_64_2_1_U32/mem_d0[2]_INST_0_i_5/O
                         net (fo=1, unplaced)         0.902     4.237    bd_0_i/hls_inst/inst/grp_cpu_Pipeline_PROGRAM_LOOP_fu_187/mul_32ns_32ns_64_2_1_U32/mem_d0[2]_INST_0_i_5_n_0
                         LUT6 (Prop_lut6_I3_O)        0.124     4.361 f  bd_0_i/hls_inst/inst/grp_cpu_Pipeline_PROGRAM_LOOP_fu_187/mul_32ns_32ns_64_2_1_U32/mem_d0[2]_INST_0_i_1/O
                         net (fo=6, unplaced)         0.481     4.842    bd_0_i/hls_inst/inst/grp_cpu_Pipeline_PROGRAM_LOOP_fu_187/mul_32ns_32ns_64_2_1_U32/reg_file_reg_795_reg[2]
                         LUT1 (Prop_lut1_I0_O)        0.124     4.966 r  bd_0_i/hls_inst/inst/grp_cpu_Pipeline_PROGRAM_LOOP_fu_187/mul_32ns_32ns_64_2_1_U32/mem_d0[2]_INST_0/O
                         net (fo=5, unplaced)         0.800     5.766    bd_0_i/hls_inst/inst/grp_cpu_Pipeline_PROGRAM_LOOP_fu_187/mul_32ns_32ns_64_2_1_U32/mem_q0[24]_0[2]
                         DSP48E1 (Prop_dsp48e1_A[2]_P[35])
                                                      3.841     9.607 r  bd_0_i/hls_inst/inst/grp_cpu_Pipeline_PROGRAM_LOOP_fu_187/mul_32ns_32ns_64_2_1_U32/tmp_product__0/P[35]
                         net (fo=2, unplaced)         0.800    10.406    bd_0_i/hls_inst/inst/grp_cpu_Pipeline_PROGRAM_LOOP_fu_187/mul_32ns_32ns_64_2_1_U32/tmp_product__0_0[18]
                         DSP48E1                                      r  bd_0_i/hls_inst/inst/grp_cpu_Pipeline_PROGRAM_LOOP_fu_187/mul_32ns_32ns_64_2_1_U32/buff0_reg__0/C[18]
  -------------------------------------------------------------------    -------------------

                         (clock ap_clk rise edge)    10.000    10.000 r  
                                                      0.000    10.000 r  ap_clk (IN)
                         net (fo=1505, unset)         0.924    10.924    bd_0_i/hls_inst/inst/grp_cpu_Pipeline_PROGRAM_LOOP_fu_187/mul_32ns_32ns_64_2_1_U32/ap_clk
                         DSP48E1                                      r  bd_0_i/hls_inst/inst/grp_cpu_Pipeline_PROGRAM_LOOP_fu_187/mul_32ns_32ns_64_2_1_U32/buff0_reg__0/CLK
                         clock pessimism              0.000    10.924    
                         clock uncertainty           -0.035    10.889    
                         DSP48E1 (Setup_dsp48e1_CLK_C[18])
                                                     -1.701     9.188    bd_0_i/hls_inst/inst/grp_cpu_Pipeline_PROGRAM_LOOP_fu_187/mul_32ns_32ns_64_2_1_U32/buff0_reg__0
  -------------------------------------------------------------------
                         required time                          9.188    
                         arrival time                         -10.406    
  -------------------------------------------------------------------
                         slack                                 -1.218    




