Copyright 1986-2022 Xilinx, Inc. All Rights Reserved. Copyright 2022-2025 Advanced Micro Devices, Inc. All Rights Reserved.
---------------------------------------------------------------------------------------------------------------------------------------------
| Tool Version : Vivado v.2025.1 (lin64) Build 6140274 Wed May 21 22:58:25 MDT 2025
| Date         : Wed Feb 25 17:34:12 2026
| Host         : gondor running 64-bit Ubuntu 24.04.3 LTS
| Command      : report_design_analysis -file ./report/cpu_design_analysis_routed.rpt
| Design       : bd_0_wrapper
| Device       : xc7z020
| Design State : Routed
---------------------------------------------------------------------------------------------------------------------------------------------

Report Design Analysis

Table of Contents
-----------------
1. Setup Path Characteristics 1-1
2. Logic Level Distribution
3. Placer Final Level Congestion Reporting
4. Initial Estimated Router Congestion Reporting
5. SLR Net Crossing Reporting

1. Setup Path Characteristics 1-1
---------------------------------

+---------------------------+----------------------------------------------------------------+
|      Characteristics      |                             Path #1                            |
+---------------------------+----------------------------------------------------------------+
| Requirement               | 10.000                                                         |
| Path Delay                | 9.081                                                          |
| Logic Delay               | 4.994(55%)                                                     |
| Net Delay                 | 4.087(45%)                                                     |
| Clock Skew                | -0.049                                                         |
| Slack                     | -0.866                                                         |
| Clock Uncertainty         | 0.035                                                          |
| Clock Pair Classification | Timed                                                          |
| Clock Delay Group         | Same Clock                                                     |
| Logic Levels              | 4                                                              |
| Routes                    | 4                                                              |
| Logical Path              | FDRE/C-(2)-LUT6-(1)-MUXF7-LUT6-(10)-DSP48E1-(36)-DSP48E1/C[36] |
| Start Point Clock         | ap_clk                                                         |
| End Point Clock           | ap_clk                                                         |
| DSP Block                 | Seq                                                            |
| RAM Registers             | None-None                                                      |
| IO Crossings              | 0                                                              |
| Config Crossings          | 0                                                              |
| SLR Crossings             | 0                                                              |
| PBlocks                   | 0                                                              |
| High Fanout               | 36                                                             |
| ASYNC REG                 | 0                                                              |
| Dont Touch                | 0                                                              |
| Mark Debug                | 0                                                              |
| Start Point Pin Primitive | FDRE/C                                                         |
| End Point Pin Primitive   | DSP48E1/C[36]                                                  |
| Start Point Pin           | reg_file_46_reg_633_reg[14]/C                                  |
| End Point Pin             | buff0_reg__0/C[36]                                             |
+---------------------------+----------------------------------------------------------------+
* Bounding box calculated as % of dimensions for the target device (308, 299)


2. Logic Level Distribution
---------------------------

+-----------------+-------------+---+----+-----+----+-----+----+----+----+----+----+
| End Point Clock | Requirement | 1 |  3 |  4  |  5 |  6  |  9 | 10 | 11 | 12 | 14 |
+-----------------+-------------+---+----+-----+----+-----+----+----+----+----+----+
| ap_clk          | 10.000ns    | 2 | 48 | 340 | 32 | 509 | 31 |  1 | 33 |  1 |  3 |
+-----------------+-------------+---+----+-----+----+-----+----+----+----+----+----+
* Columns represent the logic levels per end point clock
** Distribution is for top worst 1000 paths


3. Placer Final Level Congestion Reporting
------------------------------------------

+-----------+------+-------+------------+--------+---------------+----------------+-----+--------+------+------+------+-----+-------+-----+------------+
| Direction | Type | Level | Congestion | Window | Combined LUTs | Avg LUT Inputs | LUT | LUTRAM | Flop | MUXF | RAMB | DSP | CARRY | SRL | Cell Names |
+-----------+------+-------+------------+--------+---------------+----------------+-----+--------+------+------+------+-----+-------+-----+------------+
* No congestion windows are found above level 5


4. Initial Estimated Router Congestion Reporting
------------------------------------------------

+-----------+------+-------+------------------+--------+---------------+----------------+-----+--------+------+------+------+-----+-------+-----+------------+
| Direction | Type | Level | Percentage Tiles | Window | Combined LUTs | Avg LUT Inputs | LUT | LUTRAM | Flop | MUXF | RAMB | DSP | CARRY | SRL | Cell Names |
+-----------+------+-------+------------------+--------+---------------+----------------+-----+--------+------+------+------+-----+-------+-----+------------+
* No initial estimated congestion windows are found above level 5


5. SLR Net Crossing Reporting
-----------------------------

+------------+-----------------------------+
| Cell Names | Number of Nets crossing SLR |
+------------+-----------------------------+
* The current part is not an SSI device


